[2019-01-25T14:11:17.245+0000][1][gc] Using Concurrent Mark Sweep
[2019-01-25T14:11:17.246+0000][1][gc,heap,coops] Heap address: 0x00000000f0000000, size: 256 MB, Compressed Oops mode: 32-bit
[2019-01-25T14:11:17.315+0000][1][safepoint    ] Total time for which application threads were stopped: 0.0000369 seconds, Stopping threads took: 0.0000027 seconds
[2019-01-25T14:11:17.330+0000][1][safepoint    ] Application time: 0.0148483 seconds
[2019-01-25T14:11:17.333+0000][1][safepoint    ] Total time for which application threads were stopped: 0.0023812 seconds, Stopping threads took: 0.0023416 seconds
[2019-01-25T14:11:17.341+0000][1][safepoint    ] Application time: 0.0082986 seconds
[2019-01-25T14:11:17.342+0000][1][safepoint    ] Total time for which application threads were stopped: 0.0004014 seconds, Stopping threads took: 0.0003581 seconds
[2019-01-25T14:11:18.342+0000][1][safepoint    ] Application time: 1.0002609 seconds
[2019-01-25T14:11:18.342+0000][1][safepoint    ] Total time for which application threads were stopped: 0.0000750 seconds, Stopping threads took: 0.0000086 seconds
[2019-01-25T14:11:18.377+0000][1][safepoint    ] Application time: 0.0353887 seconds
[2019-01-25T14:11:18.377+0000][1][safepoint    ] Total time for which application threads were stopped: 0.0000484 seconds, Stopping threads took: 0.0000043 seconds
[2019-01-25T14:11:18.629+0000][1][safepoint    ] Application time: 0.2512251 seconds
[2019-01-25T14:11:18.629+0000][1][safepoint    ] Total time for which application threads were stopped: 0.0000543 seconds, Stopping threads took: 0.0000131 seconds
[2019-01-25T14:11:18.663+0000][1][safepoint    ] Application time: 0.0342290 seconds
[2019-01-25T14:11:18.663+0000][1][safepoint    ] Total time for which application threads were stopped: 0.0001283 seconds, Stopping threads took: 0.0000207 seconds
[2019-01-25T14:11:19.663+0000][1][safepoint    ] Application time: 1.0001640 seconds
[2019-01-25T14:11:19.663+0000][1][safepoint    ] Total time for which application threads were stopped: 0.0000472 seconds, Stopping threads took: 0.0000099 seconds
[2019-01-25T14:11:20.402+0000][1][safepoint    ] Application time: 0.7383670 seconds
[2019-01-25T14:11:20.402+0000][1][safepoint    ] Total time for which application threads were stopped: 0.0000659 seconds, Stopping threads took: 0.0000044 seconds
[2019-01-25T14:11:20.849+0000][1][safepoint    ] Application time: 0.4474220 seconds
[2019-01-25T14:11:20.850+0000][1][safepoint    ] Total time for which application threads were stopped: 0.0001630 seconds, Stopping threads took: 0.0000161 seconds
[2019-01-25T14:11:21.850+0000][1][safepoint    ] Application time: 1.0001219 seconds
[2019-01-25T14:11:21.850+0000][1][safepoint    ] Total time for which application threads were stopped: 0.0000413 seconds, Stopping threads took: 0.0000057 seconds
[2019-01-25T14:11:22.850+0000][1][safepoint    ] Application time: 1.0000860 seconds
[2019-01-25T14:11:22.850+0000][1][safepoint    ] Total time for which application threads were stopped: 0.0000370 seconds, Stopping threads took: 0.0000060 seconds
[2019-01-25T14:11:23.850+0000][1][safepoint    ] Application time: 1.0000934 seconds
[2019-01-25T14:11:23.874+0000][1][safepoint    ] Total time for which application threads were stopped: 0.0241383 seconds, Stopping threads took: 0.0240742 seconds
[2019-01-25T14:11:24.181+0000][1][safepoint    ] Application time: 0.3065579 seconds
[2019-01-25T14:11:24.181+0000][1][safepoint    ] Total time for which application threads were stopped: 0.0001544 seconds, Stopping threads took: 0.0000168 seconds
[2019-01-25T14:11:24.184+0000][1][safepoint    ] Application time: 0.0030507 seconds
[2019-01-25T14:11:24.184+0000][1][safepoint    ] Total time for which application threads were stopped: 0.0000817 seconds, Stopping threads took: 0.0000120 seconds
[2019-01-25T14:11:25.184+0000][1][safepoint    ] Application time: 1.0001008 seconds
[2019-01-25T14:11:25.260+0000][1][safepoint    ] Total time for which application threads were stopped: 0.0759656 seconds, Stopping threads took: 0.0759246 seconds
[2019-01-25T14:11:25.535+0000][1][safepoint    ] Application time: 0.2745826 seconds
[2019-01-25T14:11:25.535+0000][1][safepoint    ] Total time for which application threads were stopped: 0.0000897 seconds, Stopping threads took: 0.0000041 seconds
[2019-01-25T14:11:26.535+0000][1][safepoint    ] Application time: 1.0001257 seconds
[2019-01-25T14:11:26.537+0000][1][safepoint    ] Total time for which application threads were stopped: 0.0019394 seconds, Stopping threads took: 0.0019123 seconds
[2019-01-25T14:11:27.537+0000][1][safepoint    ] Application time: 1.0001374 seconds
[2019-01-25T14:11:27.537+0000][1][safepoint    ] Total time for which application threads were stopped: 0.0000377 seconds, Stopping threads took: 0.0000068 seconds
[2019-01-25T14:11:27.979+0000][1][safepoint    ] Application time: 0.4412494 seconds
[2019-01-25T14:11:27.979+0000][1][safepoint    ] Total time for which application threads were stopped: 0.0001259 seconds, Stopping threads took: 0.0000049 seconds
[2019-01-25T14:11:28.979+0000][1][safepoint    ] Application time: 1.0002407 seconds
[2019-01-25T14:11:28.981+0000][1][safepoint    ] Total time for which application threads were stopped: 0.0015604 seconds, Stopping threads took: 0.0015238 seconds
[2019-01-25T14:11:29.894+0000][1][safepoint    ] Application time: 0.9129402 seconds
[2019-01-25T14:11:29.894+0000][1][safepoint    ] Total time for which application threads were stopped: 0.0001312 seconds, Stopping threads took: 0.0000171 seconds
[2019-01-25T14:11:30.894+0000][1][safepoint    ] Application time: 1.0001530 seconds
[2019-01-25T14:11:30.995+0000][1][safepoint    ] Total time for which application threads were stopped: 0.1002245 seconds, Stopping threads took: 0.1001533 seconds
[2019-01-25T14:11:31.995+0000][1][safepoint    ] Application time: 1.0001187 seconds
[2019-01-25T14:11:31.995+0000][1][safepoint    ] Total time for which application threads were stopped: 0.0000561 seconds, Stopping threads took: 0.0000058 seconds
[2019-01-25T14:11:32.864+0000][1][safepoint    ] Application time: 0.8690363 seconds
[2019-01-25T14:11:32.864+0000][1][safepoint    ] Total time for which application threads were stopped: 0.0001311 seconds, Stopping threads took: 0.0000164 seconds
[2019-01-25T14:11:33.536+0000][1][safepoint    ] Application time: 0.6716113 seconds
[2019-01-25T14:11:33.536+0000][1][safepoint    ] Total time for which application threads were stopped: 0.0002287 seconds, Stopping threads took: 0.0000173 seconds
[2019-01-25T14:11:33.697+0000][1][safepoint    ] Application time: 0.1608864 seconds
[2019-01-25T14:11:33.697+0000][1][safepoint    ] Total time for which application threads were stopped: 0.0002323 seconds, Stopping threads took: 0.0000069 seconds
[2019-01-25T14:11:34.058+0000][1][safepoint    ] Application time: 0.3605057 seconds
[2019-01-25T14:11:34.058+0000][1][safepoint    ] Total time for which application threads were stopped: 0.0001192 seconds, Stopping threads took: 0.0000917 seconds
[2019-01-25T14:11:34.058+0000][1][safepoint    ] Application time: 0.0000809 seconds
[2019-01-25T14:11:34.058+0000][1][safepoint    ] Total time for which application threads were stopped: 0.0001813 seconds, Stopping threads took: 0.0001623 seconds
[2019-01-25T14:11:34.058+0000][1][safepoint    ] Application time: 0.0000605 seconds
[2019-01-25T14:11:34.058+0000][1][safepoint    ] Total time for which application threads were stopped: 0.0000219 seconds, Stopping threads took: 0.0000076 seconds
[2019-01-25T14:11:34.059+0000][1][safepoint    ] Application time: 0.0001424 seconds
[2019-01-25T14:11:34.059+0000][1][safepoint    ] Total time for which application threads were stopped: 0.0000249 seconds, Stopping threads took: 0.0000084 seconds
[2019-01-25T14:11:34.062+0000][1][safepoint    ] Application time: 0.0034835 seconds
[2019-01-25T14:11:34.062+0000][1][safepoint    ] Total time for which application threads were stopped: 0.0000861 seconds, Stopping threads took: 0.0000594 seconds
[2019-01-25T14:11:35.066+0000][1][safepoint    ] Application time: 1.0042905 seconds
[2019-01-25T14:11:35.067+0000][1][safepoint    ] Total time for which application threads were stopped: 0.0003852 seconds, Stopping threads took: 0.0003462 seconds
[2019-01-25T14:11:36.072+0000][1][safepoint    ] Application time: 1.0049674 seconds
[2019-01-25T14:11:36.072+0000][1][safepoint    ] Total time for which application threads were stopped: 0.0000533 seconds, Stopping threads took: 0.0000078 seconds
[2019-01-25T14:11:37.072+0000][1][safepoint    ] Application time: 1.0002828 seconds
[2019-01-25T14:11:37.072+0000][1][safepoint    ] Total time for which application threads were stopped: 0.0000660 seconds, Stopping threads took: 0.0000080 seconds
[2019-01-25T14:11:37.209+0000][1][safepoint    ] Application time: 0.1366482 seconds
[2019-01-25T14:11:37.209+0000][1][safepoint    ] Total time for which application threads were stopped: 0.0001859 seconds, Stopping threads took: 0.0000046 seconds
[2019-01-25T14:11:37.278+0000][1][safepoint    ] Application time: 0.0683122 seconds
[2019-01-25T14:11:37.306+0000][1][gc,start     ] GC(0) Pause Initial Mark
[2019-01-25T14:11:37.324+0000][1][gc           ] GC(0) Pause Initial Mark 56M->56M(247M) 18.647ms
[2019-01-25T14:11:37.324+0000][1][gc,cpu       ] GC(0) User=0.01s Sys=0.00s Real=0.02s
[2019-01-25T14:11:37.324+0000][1][safepoint    ] Total time for which application threads were stopped: 0.0467114 seconds, Stopping threads took: 0.0279733 seconds
[2019-01-25T14:11:37.324+0000][1][gc           ] GC(0) Concurrent Mark
[2019-01-25T14:11:37.325+0000][1][gc           ] GC(0) Concurrent Mark 0.911ms
[2019-01-25T14:11:37.325+0000][1][gc,cpu       ] GC(0) User=0.01s Sys=0.00s Real=0.00s
[2019-01-25T14:11:37.325+0000][1][gc           ] GC(0) Concurrent Preclean
[2019-01-25T14:11:37.326+0000][1][gc           ] GC(0) Concurrent Preclean 0.224ms
[2019-01-25T14:11:37.326+0000][1][gc,cpu       ] GC(0) User=0.00s Sys=0.00s Real=0.00s
[2019-01-25T14:11:37.326+0000][1][gc           ] GC(0) Concurrent Abortable Preclean
[2019-01-25T14:11:37.370+0000][1][safepoint    ] Application time: 0.0453867 seconds
[2019-01-25T14:11:37.370+0000][1][safepoint    ] Total time for which application threads were stopped: 0.0001563 seconds, Stopping threads took: 0.0000127 seconds
[2019-01-25T14:11:37.499+0000][1][safepoint    ] Application time: 0.1292319 seconds
[2019-01-25T14:11:37.499+0000][1][safepoint    ] Total time for which application threads were stopped: 0.0001401 seconds, Stopping threads took: 0.0000049 seconds
[2019-01-25T14:11:38.143+0000][1][safepoint    ] Application time: 0.6437074 seconds
[2019-01-25T14:11:38.143+0000][1][safepoint    ] Total time for which application threads were stopped: 0.0002192 seconds, Stopping threads took: 0.0000090 seconds
[2019-01-25T14:11:38.153+0000][1][safepoint    ] Application time: 0.0099513 seconds
[2019-01-25T14:11:38.154+0000][1][safepoint    ] Total time for which application threads were stopped: 0.0003103 seconds, Stopping threads took: 0.0000072 seconds
[2019-01-25T14:11:38.679+0000][1][safepoint    ] Application time: 0.5254676 seconds
[2019-01-25T14:11:38.679+0000][1][safepoint    ] Total time for which application threads were stopped: 0.0002370 seconds, Stopping threads took: 0.0000115 seconds
[2019-01-25T14:11:38.694+0000][1][safepoint    ] Application time: 0.0150191 seconds
[2019-01-25T14:11:38.706+0000][1][gc,start     ] GC(1) Pause Young (Allocation Failure)
[2019-01-25T14:11:38.706+0000][1][gc,task      ] GC(1) Using 2 workers of 2 for evacuation
[2019-01-25T14:11:38.734+0000][1][gc,age       ] GC(1) Desired survivor size 4456448 bytes, new threshold 1 (max threshold 6)
[2019-01-25T14:11:38.734+0000][1][gc,age       ] GC(1) Age table with threshold 1 (max threshold 6)
[2019-01-25T14:11:38.734+0000][1][gc,age       ] GC(1) - age   1:    7356520 bytes,    7356520 total
[2019-01-25T14:11:38.734+0000][1][gc,heap      ] GC(1) ParNew: 69952K->7241K(78656K)
[2019-01-25T14:11:38.734+0000][1][gc,heap      ] GC(1) CMS: 0K->0K(174784K)
[2019-01-25T14:11:38.734+0000][1][gc,metaspace ] GC(1) Metaspace: 21659K->21659K(1069056K)
[2019-01-25T14:11:38.734+0000][1][gc           ] GC(1) Pause Young (Allocation Failure) 68M->7M(247M) 27.772ms
[2019-01-25T14:11:38.734+0000][1][gc,cpu       ] GC(1) User=0.03s Sys=0.00s Real=0.02s
[2019-01-25T14:11:38.734+0000][1][safepoint    ] Total time for which application threads were stopped: 0.0308069 seconds, Stopping threads took: 0.0000358 seconds
[2019-01-25T14:11:38.749+0000][1][safepoint    ] Application time: 0.0145643 seconds
[2019-01-25T14:11:38.750+0000][1][safepoint    ] Total time for which application threads were stopped: 0.0012877 seconds, Stopping threads took: 0.0012418 seconds
[2019-01-25T14:11:38.751+0000][1][safepoint    ] Application time: 0.0001449 seconds
[2019-01-25T14:11:38.751+0000][1][safepoint    ] Total time for which application threads were stopped: 0.0000615 seconds, Stopping threads took: 0.0000083 seconds
[2019-01-25T14:11:38.864+0000][1][safepoint    ] Application time: 0.1126539 seconds
[2019-01-25T14:11:38.865+0000][1][safepoint    ] Total time for which application threads were stopped: 0.0008382 seconds, Stopping threads took: 0.0007648 seconds
[2019-01-25T14:11:39.380+0000][1][safepoint    ] Application time: 0.5147042 seconds
[2019-01-25T14:11:39.380+0000][1][safepoint    ] Total time for which application threads were stopped: 0.0002142 seconds, Stopping threads took: 0.0000077 seconds
[2019-01-25T14:11:39.790+0000][1][safepoint    ] Application time: 0.4098071 seconds
[2019-01-25T14:11:39.790+0000][1][safepoint    ] Total time for which application threads were stopped: 0.0001007 seconds, Stopping threads took: 0.0000160 seconds
[2019-01-25T14:11:40.494+0000][1][safepoint    ] Application time: 0.7042801 seconds
[2019-01-25T14:11:40.494+0000][1][safepoint    ] Total time for which application threads were stopped: 0.0001040 seconds, Stopping threads took: 0.0000278 seconds
[2019-01-25T14:11:40.511+0000][1][safepoint    ] Application time: 0.0162554 seconds
[2019-01-25T14:11:40.511+0000][1][safepoint    ] Total time for which application threads were stopped: 0.0000767 seconds, Stopping threads took: 0.0000076 seconds
[2019-01-25T14:11:40.571+0000][1][safepoint    ] Application time: 0.0601936 seconds
[2019-01-25T14:11:40.571+0000][1][safepoint    ] Total time for which application threads were stopped: 0.0002479 seconds, Stopping threads took: 0.0001509 seconds
[2019-01-25T14:11:40.877+0000][1][gc           ] GC(0) Concurrent Abortable Preclean 3551.138ms
[2019-01-25T14:11:40.877+0000][1][gc,cpu       ] GC(0) User=1.69s Sys=0.12s Real=3.55s
[2019-01-25T14:11:40.877+0000][1][safepoint    ] Application time: 0.3057344 seconds
[2019-01-25T14:11:40.877+0000][1][gc,start     ] GC(0) Pause Remark
[2019-01-25T14:11:40.902+0000][1][gc           ] GC(0) Pause Remark 41M->41M(247M) 25.197ms
[2019-01-25T14:11:40.902+0000][1][gc,cpu       ] GC(0) User=0.04s Sys=0.00s Real=0.02s
[2019-01-25T14:11:40.902+0000][1][safepoint    ] Total time for which application threads were stopped: 0.0253016 seconds, Stopping threads took: 0.0000089 seconds
[2019-01-25T14:11:40.902+0000][1][gc           ] GC(0) Concurrent Sweep
[2019-01-25T14:11:40.902+0000][1][gc           ] GC(0) Concurrent Sweep 0.051ms
[2019-01-25T14:11:40.902+0000][1][gc,cpu       ] GC(0) User=0.00s Sys=0.00s Real=0.00s
[2019-01-25T14:11:40.902+0000][1][gc           ] GC(0) Concurrent Reset
[2019-01-25T14:11:40.903+0000][1][gc           ] GC(0) Concurrent Reset 0.242ms
[2019-01-25T14:11:40.903+0000][1][gc,cpu       ] GC(0) User=0.00s Sys=0.00s Real=0.00s
[2019-01-25T14:11:40.903+0000][1][gc,heap      ] GC(0) Old: 0K->0K(174784K)
[2019-01-25T14:11:41.541+0000][1][safepoint    ] Application time: 0.6386167 seconds
[2019-01-25T14:11:41.541+0000][1][gc,start     ] GC(2) Pause Young (Allocation Failure)
[2019-01-25T14:11:41.541+0000][1][gc,task      ] GC(2) Using 2 workers of 2 for evacuation
[2019-01-25T14:11:41.572+0000][1][gc,age       ] GC(2) Desired survivor size 4456448 bytes, new threshold 6 (max threshold 6)
[2019-01-25T14:11:41.572+0000][1][gc,age       ] GC(2) Age table with threshold 6 (max threshold 6)
[2019-01-25T14:11:41.572+0000][1][gc,age       ] GC(2) - age   1:    2124792 bytes,    2124792 total
[2019-01-25T14:11:41.572+0000][1][gc,heap      ] GC(2) ParNew: 77193K->5058K(78656K)
[2019-01-25T14:11:41.572+0000][1][gc,heap      ] GC(2) CMS: 0K->6701K(174784K)
[2019-01-25T14:11:41.572+0000][1][gc,metaspace ] GC(2) Metaspace: 22693K->22693K(1071104K)
[2019-01-25T14:11:41.572+0000][1][gc           ] GC(2) Pause Young (Allocation Failure) 75M->11M(247M) 31.353ms
[2019-01-25T14:11:41.572+0000][1][gc,cpu       ] GC(2) User=0.07s Sys=0.00s Real=0.03s
[2019-01-25T14:11:41.572+0000][1][safepoint    ] Total time for which application threads were stopped: 0.0314434 seconds, Stopping threads took: 0.0000050 seconds
[2019-01-25T14:11:42.572+0000][1][safepoint    ] Application time: 1.0001484 seconds
[2019-01-25T14:11:42.573+0000][1][safepoint    ] Total time for which application threads were stopped: 0.0000523 seconds, Stopping threads took: 0.0000101 seconds
[2019-01-25T14:11:43.573+0000][1][safepoint    ] Application time: 1.0002355 seconds
[2019-01-25T14:11:43.573+0000][1][safepoint    ] Total time for which application threads were stopped: 0.0000879 seconds, Stopping threads took: 0.0000264 seconds
[2019-01-25T14:11:44.425+0000][1][safepoint    ] Application time: 0.8518158 seconds
[2019-01-25T14:11:44.425+0000][1][safepoint    ] Total time for which application threads were stopped: 0.0003176 seconds, Stopping threads took: 0.0000195 seconds
[2019-01-25T14:11:45.425+0000][1][safepoint    ] Application time: 1.0001221 seconds
[2019-01-25T14:11:45.428+0000][1][safepoint    ] Total time for which application threads were stopped: 0.0024066 seconds, Stopping threads took: 0.0023529 seconds
[2019-01-25T14:11:46.429+0000][1][safepoint    ] Application time: 1.0014038 seconds
[2019-01-25T14:11:46.429+0000][1][safepoint    ] Total time for which application threads were stopped: 0.0000941 seconds, Stopping threads took: 0.0000543 seconds
[2019-01-25T14:11:47.430+0000][1][safepoint    ] Application time: 1.0001989 seconds
[2019-01-25T14:11:47.430+0000][1][safepoint    ] Total time for which application threads were stopped: 0.0000456 seconds, Stopping threads took: 0.0000080 seconds
[2019-01-25T14:11:48.430+0000][1][safepoint    ] Application time: 1.0001126 seconds
[2019-01-25T14:11:48.434+0000][1][safepoint    ] Total time for which application threads were stopped: 0.0043504 seconds, Stopping threads took: 0.0043157 seconds
[2019-01-25T14:11:49.088+0000][1][safepoint    ] Application time: 0.6532422 seconds
[2019-01-25T14:11:49.088+0000][1][gc,start     ] GC(3) Pause Young (Allocation Failure)
[2019-01-25T14:11:49.088+0000][1][gc,task      ] GC(3) Using 2 workers of 2 for evacuation
[2019-01-25T14:11:49.094+0000][1][gc,age       ] GC(3) Desired survivor size 4456448 bytes, new threshold 6 (max threshold 6)
[2019-01-25T14:11:49.094+0000][1][gc,age       ] GC(3) Age table with threshold 6 (max threshold 6)
[2019-01-25T14:11:49.094+0000][1][gc,age       ] GC(3) - age   1:    3738528 bytes,    3738528 total
[2019-01-25T14:11:49.094+0000][1][gc,age       ] GC(3) - age   2:     477976 bytes,    4216504 total
[2019-01-25T14:11:49.094+0000][1][gc,heap      ] GC(3) ParNew: 75010K->5112K(78656K)
[2019-01-25T14:11:49.094+0000][1][gc,heap      ] GC(3) CMS: 6701K->6701K(174784K)
[2019-01-25T14:11:49.094+0000][1][gc,metaspace ] GC(3) Metaspace: 25318K->25318K(1073152K)
[2019-01-25T14:11:49.094+0000][1][gc           ] GC(3) Pause Young (Allocation Failure) 79M->11M(247M) 6.777ms
[2019-01-25T14:11:49.094+0000][1][gc,cpu       ] GC(3) User=0.01s Sys=0.00s Real=0.01s
[2019-01-25T14:11:49.094+0000][1][safepoint    ] Total time for which application threads were stopped: 0.0069019 seconds, Stopping threads took: 0.0000068 seconds
[2019-01-25T14:11:49.095+0000][1][safepoint    ] Application time: 0.0002158 seconds
[2019-01-25T14:11:49.095+0000][1][safepoint    ] Total time for which application threads were stopped: 0.0000700 seconds, Stopping threads took: 0.0000126 seconds
[2019-01-25T14:11:49.095+0000][1][safepoint    ] Application time: 0.0000188 seconds
[2019-01-25T14:11:49.095+0000][1][safepoint    ] Total time for which application threads were stopped: 0.0000367 seconds, Stopping threads took: 0.0000024 seconds
[2019-01-25T14:11:49.095+0000][1][safepoint    ] Application time: 0.0000230 seconds
[2019-01-25T14:11:49.095+0000][1][safepoint    ] Total time for which application threads were stopped: 0.0000331 seconds, Stopping threads took: 0.0000023 seconds
[2019-01-25T14:11:49.095+0000][1][safepoint    ] Application time: 0.0000156 seconds
[2019-01-25T14:11:49.095+0000][1][safepoint    ] Total time for which application threads were stopped: 0.0000319 seconds, Stopping threads took: 0.0000021 seconds
[2019-01-25T14:11:49.095+0000][1][safepoint    ] Application time: 0.0000178 seconds
[2019-01-25T14:11:49.095+0000][1][safepoint    ] Total time for which application threads were stopped: 0.0000316 seconds, Stopping threads took: 0.0000022 seconds
[2019-01-25T14:11:49.095+0000][1][safepoint    ] Application time: 0.0000373 seconds
[2019-01-25T14:11:49.095+0000][1][safepoint    ] Total time for which application threads were stopped: 0.0000364 seconds, Stopping threads took: 0.0000027 seconds
[2019-01-25T14:11:49.095+0000][1][safepoint    ] Application time: 0.0000205 seconds
[2019-01-25T14:11:49.095+0000][1][safepoint    ] Total time for which application threads were stopped: 0.0000320 seconds, Stopping threads took: 0.0000022 seconds
[2019-01-25T14:11:49.095+0000][1][safepoint    ] Application time: 0.0000152 seconds
[2019-01-25T14:11:49.095+0000][1][safepoint    ] Total time for which application threads were stopped: 0.0000298 seconds, Stopping threads took: 0.0000022 seconds
[2019-01-25T14:11:49.095+0000][1][safepoint    ] Application time: 0.0000177 seconds
[2019-01-25T14:11:49.095+0000][1][safepoint    ] Total time for which application threads were stopped: 0.0000310 seconds, Stopping threads took: 0.0000022 seconds
[2019-01-25T14:11:49.095+0000][1][safepoint    ] Application time: 0.0000153 seconds
[2019-01-25T14:11:49.095+0000][1][safepoint    ] Total time for which application threads were stopped: 0.0000299 seconds, Stopping threads took: 0.0000022 seconds
[2019-01-25T14:11:49.095+0000][1][safepoint    ] Application time: 0.0000169 seconds
[2019-01-25T14:11:49.095+0000][1][safepoint    ] Total time for which application threads were stopped: 0.0000307 seconds, Stopping threads took: 0.0000022 seconds
[2019-01-25T14:11:49.095+0000][1][safepoint    ] Application time: 0.0000154 seconds
[2019-01-25T14:11:49.096+0000][1][safepoint    ] Total time for which application threads were stopped: 0.0000313 seconds, Stopping threads took: 0.0000022 seconds
[2019-01-25T14:11:49.096+0000][1][safepoint    ] Application time: 0.0000167 seconds
[2019-01-25T14:11:49.096+0000][1][safepoint    ] Total time for which application threads were stopped: 0.0000304 seconds, Stopping threads took: 0.0000022 seconds
[2019-01-25T14:11:49.096+0000][1][safepoint    ] Application time: 0.0000148 seconds
[2019-01-25T14:11:49.096+0000][1][safepoint    ] Total time for which application threads were stopped: 0.0000295 seconds, Stopping threads took: 0.0000021 seconds
[2019-01-25T14:11:49.096+0000][1][safepoint    ] Application time: 0.0000163 seconds
[2019-01-25T14:11:49.096+0000][1][safepoint    ] Total time for which application threads were stopped: 0.0000286 seconds, Stopping threads took: 0.0000021 seconds
[2019-01-25T14:11:50.096+0000][1][safepoint    ] Application time: 1.0000989 seconds
[2019-01-25T14:11:50.103+0000][1][safepoint    ] Total time for which application threads were stopped: 0.0069401 seconds, Stopping threads took: 0.0068322 seconds
[2019-01-25T14:11:50.425+0000][1][safepoint    ] Application time: 0.3224629 seconds
[2019-01-25T14:11:50.425+0000][1][gc,start     ] GC(4) Pause Young (Allocation Failure)
[2019-01-25T14:11:50.425+0000][1][gc,task      ] GC(4) Using 2 workers of 2 for evacuation
[2019-01-25T14:11:50.430+0000][1][gc,age       ] GC(4) Desired survivor size 4456448 bytes, new threshold 2 (max threshold 6)
[2019-01-25T14:11:50.430+0000][1][gc,age       ] GC(4) Age table with threshold 2 (max threshold 6)
[2019-01-25T14:11:50.430+0000][1][gc,age       ] GC(4) - age   1:    2511208 bytes,    2511208 total
[2019-01-25T14:11:50.430+0000][1][gc,age       ] GC(4) - age   2:    2160464 bytes,    4671672 total
[2019-01-25T14:11:50.430+0000][1][gc,age       ] GC(4) - age   3:     477952 bytes,    5149624 total
[2019-01-25T14:11:50.430+0000][1][gc,heap      ] GC(4) ParNew: 75064K->7189K(78656K)
[2019-01-25T14:11:50.430+0000][1][gc,heap      ] GC(4) CMS: 6701K->6701K(174784K)
[2019-01-25T14:11:50.430+0000][1][gc,metaspace ] GC(4) Metaspace: 25582K->25582K(1073152K)
[2019-01-25T14:11:50.430+0000][1][gc           ] GC(4) Pause Young (Allocation Failure) 79M->13M(247M) 4.731ms
[2019-01-25T14:11:50.430+0000][1][gc,cpu       ] GC(4) User=0.00s Sys=0.00s Real=0.00s
[2019-01-25T14:11:50.430+0000][1][safepoint    ] Total time for which application threads were stopped: 0.0048318 seconds, Stopping threads took: 0.0000156 seconds
[2019-01-25T14:11:50.430+0000][1][safepoint    ] Application time: 0.0001159 seconds
[2019-01-25T14:11:50.430+0000][1][safepoint    ] Total time for which application threads were stopped: 0.0000415 seconds, Stopping threads took: 0.0000102 seconds
[2019-01-25T14:11:50.430+0000][1][safepoint    ] Application time: 0.0000285 seconds
[2019-01-25T14:11:50.430+0000][1][safepoint    ] Total time for which application threads were stopped: 0.0000196 seconds, Stopping threads took: 0.0000023 seconds
[2019-01-25T14:11:51.431+0000][1][safepoint    ] Application time: 1.0001291 seconds
[2019-01-25T14:11:51.431+0000][1][safepoint    ] Total time for which application threads were stopped: 0.0000774 seconds, Stopping threads took: 0.0000105 seconds
[2019-01-25T14:11:52.431+0000][1][safepoint    ] Application time: 1.0001645 seconds
[2019-01-25T14:11:52.431+0000][1][safepoint    ] Total time for which application threads were stopped: 0.0000420 seconds, Stopping threads took: 0.0000090 seconds
[2019-01-25T14:11:52.490+0000][1][safepoint    ] Application time: 0.0586688 seconds
[2019-01-25T14:11:52.490+0000][1][safepoint    ] Total time for which application threads were stopped: 0.0008027 seconds, Stopping threads took: 0.0000058 seconds
[2019-01-25T14:11:52.627+0000][1][safepoint    ] Application time: 0.1361358 seconds
[2019-01-25T14:11:52.627+0000][1][gc,start     ] GC(5) Pause Young (Allocation Failure)
[2019-01-25T14:11:52.627+0000][1][gc,task      ] GC(5) Using 2 workers of 2 for evacuation
[2019-01-25T14:11:52.651+0000][1][gc,age       ] GC(5) Desired survivor size 4456448 bytes, new threshold 6 (max threshold 6)
[2019-01-25T14:11:52.651+0000][1][gc,age       ] GC(5) Age table with threshold 6 (max threshold 6)
[2019-01-25T14:11:52.651+0000][1][gc,age       ] GC(5) - age   1:    2634584 bytes,    2634584 total
[2019-01-25T14:11:52.651+0000][1][gc,age       ] GC(5) - age   2:     995328 bytes,    3629912 total
[2019-01-25T14:11:52.651+0000][1][gc,heap      ] GC(5) ParNew: 77141K->4670K(78656K)
[2019-01-25T14:11:52.651+0000][1][gc,heap      ] GC(5) CMS: 6701K->9309K(174784K)
[2019-01-25T14:11:52.651+0000][1][gc,metaspace ] GC(5) Metaspace: 25965K->25965K(1073152K)
[2019-01-25T14:11:52.651+0000][1][gc           ] GC(5) Pause Young (Allocation Failure) 81M->13M(247M) 23.930ms
[2019-01-25T14:11:52.651+0000][1][gc,cpu       ] GC(5) User=0.03s Sys=0.00s Real=0.02s
[2019-01-25T14:11:52.651+0000][1][safepoint    ] Total time for which application threads were stopped: 0.0240336 seconds, Stopping threads took: 0.0000060 seconds
[2019-01-25T14:11:53.651+0000][1][safepoint    ] Application time: 1.0001441 seconds
[2019-01-25T14:11:53.651+0000][1][safepoint    ] Total time for which application threads were stopped: 0.0000560 seconds, Stopping threads took: 0.0000097 seconds
[2019-01-25T14:11:54.088+0000][1][safepoint    ] Application time: 0.4365420 seconds
[2019-01-25T14:11:54.088+0000][1][gc,start     ] GC(6) Pause Young (Allocation Failure)
[2019-01-25T14:11:54.088+0000][1][gc,task      ] GC(6) Using 2 workers of 2 for evacuation
[2019-01-25T14:11:54.121+0000][1][gc,age       ] GC(6) Desired survivor size 4456448 bytes, new threshold 6 (max threshold 6)
[2019-01-25T14:11:54.121+0000][1][gc,age       ] GC(6) Age table with threshold 6 (max threshold 6)
[2019-01-25T14:11:54.121+0000][1][gc,age       ] GC(6) - age   1:     136288 bytes,     136288 total
[2019-01-25T14:11:54.121+0000][1][gc,age       ] GC(6) - age   2:    2019216 bytes,    2155504 total
[2019-01-25T14:11:54.121+0000][1][gc,age       ] GC(6) - age   3:     995328 bytes,    3150832 total
[2019-01-25T14:11:54.121+0000][1][gc,heap      ] GC(6) ParNew: 74622K->5739K(78656K)
[2019-01-25T14:11:54.121+0000][1][gc,heap      ] GC(6) CMS: 9309K->9309K(174784K)
[2019-01-25T14:11:54.121+0000][1][gc,metaspace ] GC(6) Metaspace: 26069K->26069K(1073152K)
[2019-01-25T14:11:54.121+0000][1][gc           ] GC(6) Pause Young (Allocation Failure) 81M->14M(247M) 33.450ms
[2019-01-25T14:11:54.121+0000][1][gc,cpu       ] GC(6) User=0.03s Sys=0.00s Real=0.03s
[2019-01-25T14:11:54.121+0000][1][safepoint    ] Total time for which application threads were stopped: 0.0335678 seconds, Stopping threads took: 0.0000067 seconds
[2019-01-25T14:11:55.122+0000][1][safepoint    ] Application time: 1.0005801 seconds
[2019-01-25T14:11:55.122+0000][1][safepoint    ] Total time for which application threads were stopped: 0.0000570 seconds, Stopping threads took: 0.0000104 seconds
[2019-01-25T14:11:56.122+0000][1][safepoint    ] Application time: 1.0001275 seconds
[2019-01-25T14:11:56.135+0000][1][safepoint    ] Total time for which application threads were stopped: 0.0129046 seconds, Stopping threads took: 0.0128628 seconds
[2019-01-25T14:11:56.142+0000][1][safepoint    ] Application time: 0.0069821 seconds
[2019-01-25T14:11:56.142+0000][1][gc,start     ] GC(7) Pause Young (Allocation Failure)
[2019-01-25T14:11:56.142+0000][1][gc,task      ] GC(7) Using 2 workers of 2 for evacuation
[2019-01-25T14:11:56.159+0000][1][gc,age       ] GC(7) Desired survivor size 4456448 bytes, new threshold 4 (max threshold 6)
[2019-01-25T14:11:56.159+0000][1][gc,age       ] GC(7) Age table with threshold 4 (max threshold 6)
[2019-01-25T14:11:56.159+0000][1][gc,age       ] GC(7) - age   1:    1451776 bytes,    1451776 total
[2019-01-25T14:11:56.159+0000][1][gc,age       ] GC(7) - age   2:     125296 bytes,    1577072 total
[2019-01-25T14:11:56.159+0000][1][gc,age       ] GC(7) - age   3:    2019216 bytes,    3596288 total
[2019-01-25T14:11:56.159+0000][1][gc,age       ] GC(7) - age   4:     995328 bytes,    4591616 total
[2019-01-25T14:11:56.159+0000][1][gc,heap      ] GC(7) ParNew: 75691K->6331K(78656K)
[2019-01-25T14:11:56.159+0000][1][gc,heap      ] GC(7) CMS: 9309K->9309K(174784K)
[2019-01-25T14:11:56.159+0000][1][gc,metaspace ] GC(7) Metaspace: 26565K->26565K(1073152K)
[2019-01-25T14:11:56.159+0000][1][gc           ] GC(7) Pause Young (Allocation Failure) 83M->15M(247M) 17.140ms
[2019-01-25T14:11:56.159+0000][1][gc,cpu       ] GC(7) User=0.03s Sys=0.00s Real=0.02s
[2019-01-25T14:11:56.159+0000][1][safepoint    ] Total time for which application threads were stopped: 0.0172597 seconds, Stopping threads took: 0.0000060 seconds
[2019-01-25T14:11:56.166+0000][1][safepoint    ] Application time: 0.0067007 seconds
[2019-01-25T14:11:56.166+0000][1][safepoint    ] Total time for which application threads were stopped: 0.0000773 seconds, Stopping threads took: 0.0000354 seconds
[2019-01-25T14:11:56.166+0000][1][safepoint    ] Application time: 0.0000407 seconds
[2019-01-25T14:11:56.166+0000][1][safepoint    ] Total time for which application threads were stopped: 0.0000299 seconds, Stopping threads took: 0.0000036 seconds
[2019-01-25T14:11:56.166+0000][1][safepoint    ] Application time: 0.0000419 seconds
[2019-01-25T14:11:56.166+0000][1][safepoint    ] Total time for which application threads were stopped: 0.0000280 seconds, Stopping threads took: 0.0000033 seconds
[2019-01-25T14:11:56.166+0000][1][safepoint    ] Application time: 0.0000313 seconds
[2019-01-25T14:11:56.166+0000][1][safepoint    ] Total time for which application threads were stopped: 0.0000263 seconds, Stopping threads took: 0.0000030 seconds
[2019-01-25T14:11:56.166+0000][1][safepoint    ] Application time: 0.0000339 seconds
[2019-01-25T14:11:56.166+0000][1][safepoint    ] Total time for which application threads were stopped: 0.0000272 seconds, Stopping threads took: 0.0000032 seconds
[2019-01-25T14:11:56.166+0000][1][safepoint    ] Application time: 0.0000315 seconds
[2019-01-25T14:11:56.166+0000][1][safepoint    ] Total time for which application threads were stopped: 0.0000254 seconds, Stopping threads took: 0.0000027 seconds
[2019-01-25T14:11:56.167+0000][1][safepoint    ] Application time: 0.0000341 seconds
[2019-01-25T14:11:56.167+0000][1][safepoint    ] Total time for which application threads were stopped: 0.0000248 seconds, Stopping threads took: 0.0000027 seconds
[2019-01-25T14:11:56.167+0000][1][safepoint    ] Application time: 0.0000306 seconds
[2019-01-25T14:11:56.167+0000][1][safepoint    ] Total time for which application threads were stopped: 0.0000248 seconds, Stopping threads took: 0.0000028 seconds
[2019-01-25T14:11:56.167+0000][1][safepoint    ] Application time: 0.0000338 seconds
[2019-01-25T14:11:56.167+0000][1][safepoint    ] Total time for which application threads were stopped: 0.0000329 seconds, Stopping threads took: 0.0000030 seconds
[2019-01-25T14:11:56.167+0000][1][safepoint    ] Application time: 0.0000300 seconds
[2019-01-25T14:11:56.167+0000][1][safepoint    ] Total time for which application threads were stopped: 0.0000245 seconds, Stopping threads took: 0.0000030 seconds
[2019-01-25T14:11:56.167+0000][1][safepoint    ] Application time: 0.0000339 seconds
[2019-01-25T14:11:56.167+0000][1][safepoint    ] Total time for which application threads were stopped: 0.0000247 seconds, Stopping threads took: 0.0000029 seconds
[2019-01-25T14:11:56.167+0000][1][safepoint    ] Application time: 0.0000305 seconds
[2019-01-25T14:11:56.167+0000][1][safepoint    ] Total time for which application threads were stopped: 0.0000236 seconds, Stopping threads took: 0.0000028 seconds
[2019-01-25T14:11:56.167+0000][1][safepoint    ] Application time: 0.0000324 seconds
[2019-01-25T14:11:56.167+0000][1][safepoint    ] Total time for which application threads were stopped: 0.0000249 seconds, Stopping threads took: 0.0000028 seconds
[2019-01-25T14:11:57.020+0000][1][safepoint    ] Application time: 0.8531627 seconds
[2019-01-25T14:11:57.020+0000][1][gc,start     ] GC(8) Pause Young (Allocation Failure)
[2019-01-25T14:11:57.020+0000][1][gc,task      ] GC(8) Using 2 workers of 2 for evacuation
[2019-01-25T14:11:57.025+0000][1][gc,age       ] GC(8) Desired survivor size 4456448 bytes, new threshold 4 (max threshold 6)
[2019-01-25T14:11:57.025+0000][1][gc,age       ] GC(8) Age table with threshold 4 (max threshold 6)
[2019-01-25T14:11:57.025+0000][1][gc,age       ] GC(8) - age   1:    1651504 bytes,    1651504 total
[2019-01-25T14:11:57.025+0000][1][gc,age       ] GC(8) - age   2:    1437256 bytes,    3088760 total
[2019-01-25T14:11:57.025+0000][1][gc,age       ] GC(8) - age   3:     125296 bytes,    3214056 total
[2019-01-25T14:11:57.025+0000][1][gc,age       ] GC(8) - age   4:    2016824 bytes,    5230880 total
[2019-01-25T14:11:57.025+0000][1][gc,heap      ] GC(8) ParNew: 76283K->7781K(78656K)
[2019-01-25T14:11:57.025+0000][1][gc,heap      ] GC(8) CMS: 9309K->10286K(174784K)
[2019-01-25T14:11:57.025+0000][1][gc,metaspace ] GC(8) Metaspace: 27363K->27363K(1075200K)
[2019-01-25T14:11:57.025+0000][1][gc           ] GC(8) Pause Young (Allocation Failure) 83M->17M(247M) 5.113ms
[2019-01-25T14:11:57.025+0000][1][gc,cpu       ] GC(8) User=0.01s Sys=0.00s Real=0.01s
[2019-01-25T14:11:57.025+0000][1][safepoint    ] Total time for which application threads were stopped: 0.0052327 seconds, Stopping threads took: 0.0000132 seconds
[2019-01-25T14:11:57.042+0000][1][safepoint    ] Application time: 0.0160656 seconds
[2019-01-25T14:11:57.042+0000][1][safepoint    ] Total time for which application threads were stopped: 0.0000651 seconds, Stopping threads took: 0.0000062 seconds
[2019-01-25T14:11:57.608+0000][1][safepoint    ] Application time: 0.5663602 seconds
[2019-01-25T14:11:57.608+0000][1][gc,start     ] GC(9) Pause Young (Allocation Failure)
[2019-01-25T14:11:57.608+0000][1][gc,task      ] GC(9) Using 2 workers of 2 for evacuation
[2019-01-25T14:11:57.618+0000][1][gc,age       ] GC(9) Desired survivor size 4456448 bytes, new threshold 6 (max threshold 6)
[2019-01-25T14:11:57.618+0000][1][gc,age       ] GC(9) Age table with threshold 6 (max threshold 6)
[2019-01-25T14:11:57.618+0000][1][gc,age       ] GC(9) - age   1:    1557888 bytes,    1557888 total
[2019-01-25T14:11:57.618+0000][1][gc,age       ] GC(9) - age   2:     432104 bytes,    1989992 total
[2019-01-25T14:11:57.618+0000][1][gc,age       ] GC(9) - age   3:    1437144 bytes,    3427136 total
[2019-01-25T14:11:57.618+0000][1][gc,age       ] GC(9) - age   4:     125296 bytes,    3552432 total
[2019-01-25T14:11:57.618+0000][1][gc,heap      ] GC(9) ParNew: 77733K->7205K(78656K)
[2019-01-25T14:11:57.618+0000][1][gc,heap      ] GC(9) CMS: 10286K->12272K(174784K)
[2019-01-25T14:11:57.618+0000][1][gc,metaspace ] GC(9) Metaspace: 27416K->27416K(1075200K)
[2019-01-25T14:11:57.618+0000][1][gc           ] GC(9) Pause Young (Allocation Failure) 85M->19M(247M) 9.529ms
[2019-01-25T14:11:57.618+0000][1][gc,cpu       ] GC(9) User=0.02s Sys=0.00s Real=0.01s
[2019-01-25T14:11:57.618+0000][1][safepoint    ] Total time for which application threads were stopped: 0.0096567 seconds, Stopping threads took: 0.0000052 seconds
[2019-01-25T14:11:58.160+0000][1][safepoint    ] Application time: 0.5417835 seconds
[2019-01-25T14:11:58.160+0000][1][gc,start     ] GC(10) Pause Young (Allocation Failure)
[2019-01-25T14:11:58.160+0000][1][gc,task      ] GC(10) Using 2 workers of 2 for evacuation
[2019-01-25T14:11:58.165+0000][1][gc,age       ] GC(10) Desired survivor size 4456448 bytes, new threshold 6 (max threshold 6)
[2019-01-25T14:11:58.169+0000][1][gc,age       ] GC(10) Age table with threshold 6 (max threshold 6)
[2019-01-25T14:11:58.169+0000][1][gc,age       ] GC(10) - age   1:     646920 bytes,     646920 total
[2019-01-25T14:11:58.169+0000][1][gc,age       ] GC(10) - age   2:     241736 bytes,     888656 total
[2019-01-25T14:11:58.169+0000][1][gc,age       ] GC(10) - age   3:     432104 bytes,    1320760 total
[2019-01-25T14:11:58.169+0000][1][gc,age       ] GC(10) - age   4:    1437040 bytes,    2757800 total
[2019-01-25T14:11:58.169+0000][1][gc,age       ] GC(10) - age   5:     125008 bytes,    2882808 total
[2019-01-25T14:11:58.169+0000][1][gc,heap      ] GC(10) ParNew: 77157K->3752K(78656K)
[2019-01-25T14:11:58.169+0000][1][gc,heap      ] GC(10) CMS: 12272K->12272K(174784K)
[2019-01-25T14:11:58.169+0000][1][gc,metaspace ] GC(10) Metaspace: 27659K->27659K(1075200K)
[2019-01-25T14:11:58.169+0000][1][gc           ] GC(10) Pause Young (Allocation Failure) 87M->15M(247M) 9.722ms
[2019-01-25T14:11:58.169+0000][1][gc,cpu       ] GC(10) User=0.01s Sys=0.00s Real=0.01s
[2019-01-25T14:11:58.169+0000][1][safepoint    ] Total time for which application threads were stopped: 0.0099501 seconds, Stopping threads took: 0.0000210 seconds
[2019-01-25T14:11:59.177+0000][1][safepoint    ] Application time: 1.0071510 seconds
[2019-01-25T14:11:59.177+0000][1][safepoint    ] Total time for which application threads were stopped: 0.0000622 seconds, Stopping threads took: 0.0000087 seconds
[2019-01-25T14:12:00.177+0000][1][safepoint    ] Application time: 1.0001155 seconds
[2019-01-25T14:12:00.187+0000][1][safepoint    ] Total time for which application threads were stopped: 0.0096980 seconds, Stopping threads took: 0.0096502 seconds
[2019-01-25T14:12:01.187+0000][1][safepoint    ] Application time: 1.0001410 seconds
[2019-01-25T14:12:01.187+0000][1][safepoint    ] Total time for which application threads were stopped: 0.0001645 seconds, Stopping threads took: 0.0000260 seconds
[2019-01-25T14:12:01.406+0000][1][safepoint    ] Application time: 0.2186869 seconds
[2019-01-25T14:12:01.406+0000][1][safepoint    ] Total time for which application threads were stopped: 0.0000392 seconds, Stopping threads took: 0.0000123 seconds
[2019-01-25T14:12:02.406+0000][1][safepoint    ] Application time: 1.0001816 seconds
[2019-01-25T14:12:02.406+0000][1][safepoint    ] Total time for which application threads were stopped: 0.0000526 seconds, Stopping threads took: 0.0000082 seconds
[2019-01-25T14:12:03.407+0000][1][safepoint    ] Application time: 1.0004341 seconds
[2019-01-25T14:12:03.438+0000][1][safepoint    ] Total time for which application threads were stopped: 0.0307846 seconds, Stopping threads took: 0.0307440 seconds
[2019-01-25T14:12:03.545+0000][1][safepoint    ] Application time: 0.1072696 seconds
[2019-01-25T14:12:03.545+0000][1][safepoint    ] Total time for which application threads were stopped: 0.0002709 seconds, Stopping threads took: 0.0000135 seconds
[2019-01-25T14:12:04.545+0000][1][safepoint    ] Application time: 1.0001122 seconds
[2019-01-25T14:12:04.545+0000][1][safepoint    ] Total time for which application threads were stopped: 0.0001751 seconds, Stopping threads took: 0.0000066 seconds
[2019-01-25T14:12:04.758+0000][1][safepoint    ] Application time: 0.2126000 seconds
[2019-01-25T14:12:04.758+0000][1][gc,start     ] GC(11) Pause Young (Allocation Failure)
[2019-01-25T14:12:04.758+0000][1][gc,task      ] GC(11) Using 2 workers of 2 for evacuation
[2019-01-25T14:12:04.805+0000][1][gc,age       ] GC(11) Desired survivor size 4456448 bytes, new threshold 1 (max threshold 6)
[2019-01-25T14:12:04.805+0000][1][gc,age       ] GC(11) Age table with threshold 1 (max threshold 6)
[2019-01-25T14:12:04.805+0000][1][gc,age       ] GC(11) - age   1:    6303816 bytes,    6303816 total
[2019-01-25T14:12:04.805+0000][1][gc,age       ] GC(11) - age   2:     323600 bytes,    6627416 total
[2019-01-25T14:12:04.805+0000][1][gc,age       ] GC(11) - age   3:     241504 bytes,    6868920 total
[2019-01-25T14:12:04.805+0000][1][gc,age       ] GC(11) - age   4:     428904 bytes,    7297824 total
[2019-01-25T14:12:04.805+0000][1][gc,age       ] GC(11) - age   5:    1434680 bytes,    8732504 total
[2019-01-25T14:12:04.805+0000][1][gc,age       ] GC(11) - age   6:     124944 bytes,    8857448 total
[2019-01-25T14:12:04.805+0000][1][gc,heap      ] GC(11) ParNew: 73704K->8704K(78656K)
[2019-01-25T14:12:04.805+0000][1][gc,heap      ] GC(11) CMS: 12272K->12667K(174784K)
[2019-01-25T14:12:04.805+0000][1][gc,metaspace ] GC(11) Metaspace: 33897K->33897K(1081344K)
[2019-01-25T14:12:04.805+0000][1][gc           ] GC(11) Pause Young (Allocation Failure) 83M->20M(247M) 46.714ms
[2019-01-25T14:12:04.805+0000][1][gc,cpu       ] GC(11) User=0.05s Sys=0.01s Real=0.05s
[2019-01-25T14:12:04.805+0000][1][safepoint    ] Total time for which application threads were stopped: 0.0469894 seconds, Stopping threads took: 0.0000234 seconds
[2019-01-25T14:12:05.812+0000][1][safepoint    ] Application time: 1.0065061 seconds
[2019-01-25T14:12:05.812+0000][1][safepoint    ] Total time for which application threads were stopped: 0.0000336 seconds, Stopping threads took: 0.0000105 seconds
[2019-01-25T14:12:06.105+0000][1][safepoint    ] Application time: 0.2928578 seconds
[2019-01-25T14:12:06.105+0000][1][gc,start     ] GC(12) Pause Young (Allocation Failure)
[2019-01-25T14:12:06.106+0000][1][gc,task      ] GC(12) Using 2 workers of 2 for evacuation
[2019-01-25T14:12:06.179+0000][1][gc,age       ] GC(12) Desired survivor size 4456448 bytes, new threshold 1 (max threshold 6)
[2019-01-25T14:12:06.179+0000][1][gc,age       ] GC(12) Age table with threshold 1 (max threshold 6)
[2019-01-25T14:12:06.179+0000][1][gc,age       ] GC(12) - age   1:    6803936 bytes,    6803936 total
[2019-01-25T14:12:06.179+0000][1][gc,heap      ] GC(12) ParNew: 78656K->8704K(78656K)
[2019-01-25T14:12:06.179+0000][1][gc,heap      ] GC(12) CMS: 12667K->24306K(174784K)
[2019-01-25T14:12:06.179+0000][1][gc,metaspace ] GC(12) Metaspace: 33913K->33913K(1081344K)
[2019-01-25T14:12:06.179+0000][1][gc           ] GC(12) Pause Young (Allocation Failure) 89M->32M(247M) 73.475ms
[2019-01-25T14:12:06.179+0000][1][gc,cpu       ] GC(12) User=0.07s Sys=0.00s Real=0.07s
[2019-01-25T14:12:06.179+0000][1][safepoint    ] Total time for which application threads were stopped: 0.0742771 seconds, Stopping threads took: 0.0000064 seconds
[2019-01-25T14:12:07.180+0000][1][safepoint    ] Application time: 1.0008541 seconds
[2019-01-25T14:12:07.181+0000][1][safepoint    ] Total time for which application threads were stopped: 0.0012733 seconds, Stopping threads took: 0.0012090 seconds
[2019-01-25T14:12:08.181+0000][1][safepoint    ] Application time: 1.0001795 seconds
[2019-01-25T14:12:08.181+0000][1][safepoint    ] Total time for which application threads were stopped: 0.0000512 seconds, Stopping threads took: 0.0000086 seconds
[2019-01-25T14:12:08.198+0000][1][safepoint    ] Application time: 0.0165712 seconds
[2019-01-25T14:12:08.198+0000][1][gc,start     ] GC(13) Pause Young (Allocation Failure)
[2019-01-25T14:12:08.198+0000][1][gc,task      ] GC(13) Using 2 workers of 2 for evacuation
[2019-01-25T14:12:08.248+0000][1][gc,age       ] GC(13) Desired survivor size 4456448 bytes, new threshold 1 (max threshold 6)
[2019-01-25T14:12:08.248+0000][1][gc,age       ] GC(13) Age table with threshold 1 (max threshold 6)
[2019-01-25T14:12:08.248+0000][1][gc,age       ] GC(13) - age   1:    5462688 bytes,    5462688 total
[2019-01-25T14:12:08.248+0000][1][gc,heap      ] GC(13) ParNew: 78656K->8704K(78656K)
[2019-01-25T14:12:08.248+0000][1][gc,heap      ] GC(13) CMS: 24306K->34515K(174784K)
[2019-01-25T14:12:08.248+0000][1][gc,metaspace ] GC(13) Metaspace: 34348K->34348K(1081344K)
[2019-01-25T14:12:08.248+0000][1][gc           ] GC(13) Pause Young (Allocation Failure) 100M->42M(247M) 49.478ms
[2019-01-25T14:12:08.248+0000][1][gc,cpu       ] GC(13) User=0.07s Sys=0.00s Real=0.05s
[2019-01-25T14:12:08.248+0000][1][safepoint    ] Total time for which application threads were stopped: 0.0495731 seconds, Stopping threads took: 0.0000139 seconds
[2019-01-25T14:12:08.530+0000][1][safepoint    ] Application time: 0.2827148 seconds
[2019-01-25T14:12:08.530+0000][1][safepoint    ] Total time for which application threads were stopped: 0.0000611 seconds, Stopping threads took: 0.0000054 seconds
[2019-01-25T14:12:09.384+0000][1][safepoint    ] Application time: 0.8536135 seconds
[2019-01-25T14:12:09.384+0000][1][safepoint    ] Total time for which application threads were stopped: 0.0000756 seconds, Stopping threads took: 0.0000057 seconds
[2019-01-25T14:12:09.419+0000][1][safepoint    ] Application time: 0.0343896 seconds
[2019-01-25T14:12:09.419+0000][1][safepoint    ] Total time for which application threads were stopped: 0.0002220 seconds, Stopping threads took: 0.0000191 seconds
[2019-01-25T14:12:09.772+0000][1][safepoint    ] Application time: 0.3533423 seconds
[2019-01-25T14:12:09.772+0000][1][safepoint    ] Total time for which application threads were stopped: 0.0001442 seconds, Stopping threads took: 0.0000135 seconds
[2019-01-25T14:12:09.778+0000][1][safepoint    ] Application time: 0.0052702 seconds
[2019-01-25T14:12:09.778+0000][1][safepoint    ] Total time for which application threads were stopped: 0.0003113 seconds, Stopping threads took: 0.0000149 seconds
[2019-01-25T14:12:09.822+0000][1][safepoint    ] Application time: 0.0441069 seconds
[2019-01-25T14:12:09.822+0000][1][safepoint    ] Total time for which application threads were stopped: 0.0001809 seconds, Stopping threads took: 0.0000220 seconds
[2019-01-25T14:12:09.944+0000][1][safepoint    ] Application time: 0.1218438 seconds
[2019-01-25T14:12:09.944+0000][1][safepoint    ] Total time for which application threads were stopped: 0.0002202 seconds, Stopping threads took: 0.0000149 seconds
[2019-01-25T14:12:10.272+0000][1][safepoint    ] Application time: 0.3271550 seconds
[2019-01-25T14:12:10.272+0000][1][safepoint    ] Total time for which application threads were stopped: 0.0001801 seconds, Stopping threads took: 0.0000179 seconds
[2019-01-25T14:12:10.275+0000][1][safepoint    ] Application time: 0.0035452 seconds
[2019-01-25T14:12:10.276+0000][1][gc,start     ] GC(14) Pause Initial Mark
[2019-01-25T14:12:10.288+0000][1][gc           ] GC(14) Pause Initial Mark 70M->70M(247M) 12.953ms
[2019-01-25T14:12:10.288+0000][1][gc,cpu       ] GC(14) User=0.03s Sys=0.00s Real=0.01s
[2019-01-25T14:12:10.289+0000][1][safepoint    ] Total time for which application threads were stopped: 0.0130674 seconds, Stopping threads took: 0.0000110 seconds
[2019-01-25T14:12:10.289+0000][1][gc           ] GC(14) Concurrent Mark
[2019-01-25T14:12:10.332+0000][1][gc           ] GC(14) Concurrent Mark 43.571ms
[2019-01-25T14:12:10.332+0000][1][gc,cpu       ] GC(14) User=0.04s Sys=0.00s Real=0.04s
[2019-01-25T14:12:10.332+0000][1][gc           ] GC(14) Concurrent Preclean
[2019-01-25T14:12:10.334+0000][1][gc           ] GC(14) Concurrent Preclean 1.997ms
[2019-01-25T14:12:10.334+0000][1][gc,cpu       ] GC(14) User=0.00s Sys=0.00s Real=0.00s
[2019-01-25T14:12:10.334+0000][1][gc           ] GC(14) Concurrent Abortable Preclean
[2019-01-25T14:12:10.433+0000][1][safepoint    ] Application time: 0.1443422 seconds
[2019-01-25T14:12:10.433+0000][1][safepoint    ] Total time for which application threads were stopped: 0.0001338 seconds, Stopping threads took: 0.0000060 seconds
[2019-01-25T14:12:10.490+0000][1][safepoint    ] Application time: 0.0568174 seconds
[2019-01-25T14:12:10.490+0000][1][safepoint    ] Total time for which application threads were stopped: 0.0001397 seconds, Stopping threads took: 0.0000134 seconds
[2019-01-25T14:12:10.682+0000][1][safepoint    ] Application time: 0.1917132 seconds
[2019-01-25T14:12:10.682+0000][1][safepoint    ] Total time for which application threads were stopped: 0.0000433 seconds, Stopping threads took: 0.0000050 seconds
[2019-01-25T14:12:10.711+0000][1][safepoint    ] Application time: 0.0288183 seconds
[2019-01-25T14:12:10.711+0000][1][safepoint    ] Total time for which application threads were stopped: 0.0001259 seconds, Stopping threads took: 0.0000057 seconds
[2019-01-25T14:12:10.871+0000][1][safepoint    ] Application time: 0.1605533 seconds
[2019-01-25T14:12:10.872+0000][1][safepoint    ] Total time for which application threads were stopped: 0.0001552 seconds, Stopping threads took: 0.0000051 seconds
[2019-01-25T14:12:11.238+0000][1][safepoint    ] Application time: 0.3660113 seconds
[2019-01-25T14:12:11.238+0000][1][safepoint    ] Total time for which application threads were stopped: 0.0001749 seconds, Stopping threads took: 0.0000184 seconds
[2019-01-25T14:12:11.676+0000][1][safepoint    ] Application time: 0.4378929 seconds
[2019-01-25T14:12:11.676+0000][1][safepoint    ] Total time for which application threads were stopped: 0.0001737 seconds, Stopping threads took: 0.0000072 seconds
[2019-01-25T14:12:11.888+0000][1][safepoint    ] Application time: 0.2123654 seconds
[2019-01-25T14:12:11.889+0000][1][safepoint    ] Total time for which application threads were stopped: 0.0002583 seconds, Stopping threads took: 0.0000070 seconds
[2019-01-25T14:12:11.889+0000][1][safepoint    ] Application time: 0.0002914 seconds
[2019-01-25T14:12:11.889+0000][1][safepoint    ] Total time for which application threads were stopped: 0.0000992 seconds, Stopping threads took: 0.0000056 seconds
[2019-01-25T14:12:11.889+0000][1][safepoint    ] Application time: 0.0003361 seconds
[2019-01-25T14:12:11.889+0000][1][safepoint    ] Total time for which application threads were stopped: 0.0000697 seconds, Stopping threads took: 0.0000050 seconds
[2019-01-25T14:12:11.900+0000][1][safepoint    ] Application time: 0.0105519 seconds
[2019-01-25T14:12:11.901+0000][1][safepoint    ] Total time for which application threads were stopped: 0.0002580 seconds, Stopping threads took: 0.0000084 seconds
[2019-01-25T14:12:11.901+0000][1][safepoint    ] Application time: 0.0001810 seconds
[2019-01-25T14:12:11.901+0000][1][safepoint    ] Total time for which application threads were stopped: 0.0002325 seconds, Stopping threads took: 0.0000297 seconds
[2019-01-25T14:12:11.901+0000][1][safepoint    ] Application time: 0.0001727 seconds
[2019-01-25T14:12:11.902+0000][1][safepoint    ] Total time for which application threads were stopped: 0.0001529 seconds, Stopping threads took: 0.0000042 seconds
[2019-01-25T14:12:11.902+0000][1][safepoint    ] Application time: 0.0002869 seconds
[2019-01-25T14:12:11.902+0000][1][safepoint    ] Total time for which application threads were stopped: 0.0001996 seconds, Stopping threads took: 0.0000043 seconds
[2019-01-25T14:12:11.902+0000][1][safepoint    ] Application time: 0.0001193 seconds
[2019-01-25T14:12:11.903+0000][1][safepoint    ] Total time for which application threads were stopped: 0.0002021 seconds, Stopping threads took: 0.0000044 seconds
[2019-01-25T14:12:11.912+0000][1][safepoint    ] Application time: 0.0096573 seconds
[2019-01-25T14:12:11.914+0000][1][safepoint    ] Total time for which application threads were stopped: 0.0019995 seconds, Stopping threads took: 0.0019028 seconds
[2019-01-25T14:12:11.915+0000][1][safepoint    ] Application time: 0.0000650 seconds
[2019-01-25T14:12:11.915+0000][1][safepoint    ] Total time for which application threads were stopped: 0.0000960 seconds, Stopping threads took: 0.0000055 seconds
[2019-01-25T14:12:11.915+0000][1][safepoint    ] Application time: 0.0000295 seconds
[2019-01-25T14:12:11.915+0000][1][safepoint    ] Total time for which application threads were stopped: 0.0000580 seconds, Stopping threads took: 0.0000036 seconds
[2019-01-25T14:12:11.915+0000][1][safepoint    ] Application time: 0.0000254 seconds
[2019-01-25T14:12:11.915+0000][1][safepoint    ] Total time for which application threads were stopped: 0.0000532 seconds, Stopping threads took: 0.0000037 seconds
[2019-01-25T14:12:11.915+0000][1][safepoint    ] Application time: 0.0000196 seconds
[2019-01-25T14:12:11.915+0000][1][safepoint    ] Total time for which application threads were stopped: 0.0000512 seconds, Stopping threads took: 0.0000032 seconds
[2019-01-25T14:12:11.915+0000][1][safepoint    ] Application time: 0.0000343 seconds
[2019-01-25T14:12:11.915+0000][1][safepoint    ] Total time for which application threads were stopped: 0.0000497 seconds, Stopping threads took: 0.0000034 seconds
[2019-01-25T14:12:11.915+0000][1][safepoint    ] Application time: 0.0000179 seconds
[2019-01-25T14:12:11.915+0000][1][safepoint    ] Total time for which application threads were stopped: 0.0000708 seconds, Stopping threads took: 0.0000035 seconds
[2019-01-25T14:12:11.915+0000][1][safepoint    ] Application time: 0.0000323 seconds
[2019-01-25T14:12:11.915+0000][1][safepoint    ] Total time for which application threads were stopped: 0.0000641 seconds, Stopping threads took: 0.0000058 seconds
[2019-01-25T14:12:11.915+0000][1][safepoint    ] Application time: 0.0000196 seconds
[2019-01-25T14:12:11.916+0000][1][safepoint    ] Total time for which application threads were stopped: 0.0000559 seconds, Stopping threads took: 0.0000035 seconds
[2019-01-25T14:12:11.962+0000][1][safepoint    ] Application time: 0.0461192 seconds
[2019-01-25T14:12:11.962+0000][1][safepoint    ] Total time for which application threads were stopped: 0.0002079 seconds, Stopping threads took: 0.0000559 seconds
[2019-01-25T14:12:11.962+0000][1][safepoint    ] Application time: 0.0000344 seconds
[2019-01-25T14:12:11.962+0000][1][safepoint    ] Total time for which application threads were stopped: 0.0000383 seconds, Stopping threads took: 0.0000032 seconds
[2019-01-25T14:12:11.962+0000][1][safepoint    ] Application time: 0.0000264 seconds
[2019-01-25T14:12:11.962+0000][1][safepoint    ] Total time for which application threads were stopped: 0.0000302 seconds, Stopping threads took: 0.0000024 seconds
[2019-01-25T14:12:11.962+0000][1][safepoint    ] Application time: 0.0000201 seconds
[2019-01-25T14:12:11.962+0000][1][safepoint    ] Total time for which application threads were stopped: 0.0000272 seconds, Stopping threads took: 0.0000023 seconds
[2019-01-25T14:12:11.962+0000][1][safepoint    ] Application time: 0.0000800 seconds
[2019-01-25T14:12:11.963+0000][1][safepoint    ] Total time for which application threads were stopped: 0.0000317 seconds, Stopping threads took: 0.0000025 seconds
[2019-01-25T14:12:11.970+0000][1][safepoint    ] Application time: 0.0069780 seconds
[2019-01-25T14:12:11.970+0000][1][safepoint    ] Total time for which application threads were stopped: 0.0000699 seconds, Stopping threads took: 0.0000068 seconds
[2019-01-25T14:12:11.971+0000][1][safepoint    ] Application time: 0.0009820 seconds
[2019-01-25T14:12:11.971+0000][1][safepoint    ] Total time for which application threads were stopped: 0.0001706 seconds, Stopping threads took: 0.0000050 seconds
[2019-01-25T14:12:11.973+0000][1][safepoint    ] Application time: 0.0018954 seconds
[2019-01-25T14:12:11.973+0000][1][safepoint    ] Total time for which application threads were stopped: 0.0002400 seconds, Stopping threads took: 0.0000636 seconds
[2019-01-25T14:12:11.979+0000][1][safepoint    ] Application time: 0.0061682 seconds
[2019-01-25T14:12:11.980+0000][1][safepoint    ] Total time for which application threads were stopped: 0.0000830 seconds, Stopping threads took: 0.0000197 seconds
[2019-01-25T14:12:11.981+0000][1][safepoint    ] Application time: 0.0011277 seconds
[2019-01-25T14:12:11.981+0000][1][safepoint    ] Total time for which application threads were stopped: 0.0001400 seconds, Stopping threads took: 0.0000129 seconds
[2019-01-25T14:12:12.014+0000][1][safepoint    ] Application time: 0.0333308 seconds
[2019-01-25T14:12:12.015+0000][1][safepoint    ] Total time for which application threads were stopped: 0.0005439 seconds, Stopping threads took: 0.0000059 seconds
[2019-01-25T14:12:12.015+0000][1][safepoint    ] Application time: 0.0000646 seconds
[2019-01-25T14:12:12.015+0000][1][safepoint    ] Total time for which application threads were stopped: 0.0000520 seconds, Stopping threads took: 0.0000045 seconds
[2019-01-25T14:12:12.038+0000][1][safepoint    ] Application time: 0.0231503 seconds
[2019-01-25T14:12:12.038+0000][1][safepoint    ] Total time for which application threads were stopped: 0.0000574 seconds, Stopping threads took: 0.0000079 seconds
[2019-01-25T14:12:12.054+0000][1][safepoint    ] Application time: 0.0162497 seconds
[2019-01-25T14:12:12.055+0000][1][safepoint    ] Total time for which application threads were stopped: 0.0000994 seconds, Stopping threads took: 0.0000098 seconds
[2019-01-25T14:12:12.092+0000][1][safepoint    ] Application time: 0.0371494 seconds
[2019-01-25T14:12:12.092+0000][1][safepoint    ] Total time for which application threads were stopped: 0.0000978 seconds, Stopping threads took: 0.0000099 seconds
[2019-01-25T14:12:12.106+0000][1][safepoint    ] Application time: 0.0143515 seconds
[2019-01-25T14:12:12.106+0000][1][safepoint    ] Total time for which application threads were stopped: 0.0002046 seconds, Stopping threads took: 0.0000084 seconds
[2019-01-25T14:12:12.139+0000][1][safepoint    ] Application time: 0.0327815 seconds
[2019-01-25T14:12:12.139+0000][1][safepoint    ] Total time for which application threads were stopped: 0.0001641 seconds, Stopping threads took: 0.0001001 seconds
[2019-01-25T14:12:12.441+0000][1][safepoint    ] Application time: 0.3016817 seconds
[2019-01-25T14:12:12.441+0000][1][safepoint    ] Total time for which application threads were stopped: 0.0001643 seconds, Stopping threads took: 0.0000144 seconds
[2019-01-25T14:12:12.615+0000][1][safepoint    ] Application time: 0.1740986 seconds
[2019-01-25T14:12:12.616+0000][1][safepoint    ] Total time for which application threads were stopped: 0.0001934 seconds, Stopping threads took: 0.0000300 seconds
[2019-01-25T14:12:12.850+0000][1][safepoint    ] Application time: 0.2337265 seconds
[2019-01-25T14:12:12.850+0000][1][safepoint    ] Total time for which application threads were stopped: 0.0001613 seconds, Stopping threads took: 0.0000069 seconds
[2019-01-25T14:12:13.075+0000][1][safepoint    ] Application time: 0.2249210 seconds
[2019-01-25T14:12:13.075+0000][1][safepoint    ] Total time for which application threads were stopped: 0.0001604 seconds, Stopping threads took: 0.0000063 seconds
[2019-01-25T14:12:13.170+0000][1][safepoint    ] Application time: 0.0947621 seconds
[2019-01-25T14:12:13.170+0000][1][safepoint    ] Total time for which application threads were stopped: 0.0000568 seconds, Stopping threads took: 0.0000081 seconds
[2019-01-25T14:12:13.170+0000][1][safepoint    ] Application time: 0.0005012 seconds
[2019-01-25T14:12:13.170+0000][1][safepoint    ] Total time for which application threads were stopped: 0.0000708 seconds, Stopping threads took: 0.0000133 seconds
[2019-01-25T14:12:13.427+0000][1][safepoint    ] Application time: 0.2563382 seconds
[2019-01-25T14:12:13.428+0000][1][safepoint    ] Total time for which application threads were stopped: 0.0008648 seconds, Stopping threads took: 0.0000071 seconds
[2019-01-25T14:12:13.581+0000][1][safepoint    ] Application time: 0.1537924 seconds
[2019-01-25T14:12:13.582+0000][1][gc,start     ] GC(15) Pause Young (Allocation Failure)
[2019-01-25T14:12:13.582+0000][1][gc,task      ] GC(15) Using 2 workers of 2 for evacuation
[2019-01-25T14:12:13.718+0000][1][gc,age       ] GC(15) Desired survivor size 4456448 bytes, new threshold 6 (max threshold 6)
[2019-01-25T14:12:13.718+0000][1][gc,age       ] GC(15) Age table with threshold 6 (max threshold 6)
[2019-01-25T14:12:13.718+0000][1][gc,age       ] GC(15) - age   1:    3726848 bytes,    3726848 total
[2019-01-25T14:12:13.718+0000][1][gc,heap      ] GC(15) ParNew: 78656K->8542K(78656K)
[2019-01-25T14:12:13.718+0000][1][gc,heap      ] GC(15) CMS: 34515K->39895K(174784K)
[2019-01-25T14:12:13.718+0000][1][gc,metaspace ] GC(15) Metaspace: 42237K->42237K(1087488K)
[2019-01-25T14:12:13.718+0000][1][gc           ] GC(15) Pause Young (Allocation Failure) 110M->47M(247M) 136.079ms
[2019-01-25T14:12:13.718+0000][1][gc,cpu       ] GC(15) User=0.06s Sys=0.00s Real=0.14s
[2019-01-25T14:12:13.718+0000][1][safepoint    ] Total time for which application threads were stopped: 0.1364398 seconds, Stopping threads took: 0.0000078 seconds
[2019-01-25T14:12:13.744+0000][1][safepoint    ] Application time: 0.0263253 seconds
[2019-01-25T14:12:13.744+0000][1][safepoint    ] Total time for which application threads were stopped: 0.0001833 seconds, Stopping threads took: 0.0000061 seconds
[2019-01-25T14:12:13.748+0000][1][safepoint    ] Application time: 0.0034331 seconds
[2019-01-25T14:12:13.748+0000][1][safepoint    ] Total time for which application threads were stopped: 0.0000872 seconds, Stopping threads took: 0.0000189 seconds
[2019-01-25T14:12:13.765+0000][1][safepoint    ] Application time: 0.0172426 seconds
[2019-01-25T14:12:13.765+0000][1][safepoint    ] Total time for which application threads were stopped: 0.0001455 seconds, Stopping threads took: 0.0000093 seconds
[2019-01-25T14:12:13.770+0000][1][safepoint    ] Application time: 0.0044381 seconds
[2019-01-25T14:12:13.770+0000][1][safepoint    ] Total time for which application threads were stopped: 0.0000478 seconds, Stopping threads took: 0.0000075 seconds
[2019-01-25T14:12:13.869+0000][1][safepoint    ] Application time: 0.0994390 seconds
[2019-01-25T14:12:13.870+0000][1][safepoint    ] Total time for which application threads were stopped: 0.0001946 seconds, Stopping threads took: 0.0000089 seconds
[2019-01-25T14:12:14.142+0000][1][safepoint    ] Application time: 0.2723765 seconds
[2019-01-25T14:12:14.142+0000][1][safepoint    ] Total time for which application threads were stopped: 0.0001822 seconds, Stopping threads took: 0.0000167 seconds
[2019-01-25T14:12:14.173+0000][1][safepoint    ] Application time: 0.0310272 seconds
[2019-01-25T14:12:14.178+0000][1][safepoint    ] Total time for which application threads were stopped: 0.0045951 seconds, Stopping threads took: 0.0045395 seconds
[2019-01-25T14:12:14.377+0000][1][safepoint    ] Application time: 0.1988104 seconds
[2019-01-25T14:12:14.377+0000][1][safepoint    ] Total time for which application threads were stopped: 0.0001835 seconds, Stopping threads took: 0.0000123 seconds
[2019-01-25T14:12:14.610+0000][1][safepoint    ] Application time: 0.2330707 seconds
[2019-01-25T14:12:14.610+0000][1][safepoint    ] Total time for which application threads were stopped: 0.0001877 seconds, Stopping threads took: 0.0000987 seconds
[2019-01-25T14:12:14.626+0000][1][safepoint    ] Application time: 0.0153101 seconds
[2019-01-25T14:12:14.626+0000][1][safepoint    ] Total time for which application threads were stopped: 0.0001226 seconds, Stopping threads took: 0.0000325 seconds
[2019-01-25T14:12:14.842+0000][1][safepoint    ] Application time: 0.2161004 seconds
[2019-01-25T14:12:14.842+0000][1][safepoint    ] Total time for which application threads were stopped: 0.0001766 seconds, Stopping threads took: 0.0000091 seconds
[2019-01-25T14:12:15.123+0000][1][safepoint    ] Application time: 0.2805107 seconds
[2019-01-25T14:12:15.123+0000][1][safepoint    ] Total time for which application threads were stopped: 0.0002550 seconds, Stopping threads took: 0.0000245 seconds
[2019-01-25T14:12:15.218+0000][1][safepoint    ] Application time: 0.0945696 seconds
[2019-01-25T14:12:15.218+0000][1][safepoint    ] Total time for which application threads were stopped: 0.0000413 seconds, Stopping threads took: 0.0000070 seconds
[2019-01-25T14:12:15.401+0000][1][gc           ] GC(14) Concurrent Abortable Preclean 5066.877ms
[2019-01-25T14:12:15.401+0000][1][gc,cpu       ] GC(14) User=3.67s Sys=0.40s Real=5.07s
[2019-01-25T14:12:15.409+0000][1][safepoint    ] Application time: 0.1912681 seconds
[2019-01-25T14:12:15.410+0000][1][gc,start     ] GC(14) Pause Remark
[2019-01-25T14:12:15.520+0000][1][gc           ] GC(14) Pause Remark 58M->58M(247M) 110.241ms
[2019-01-25T14:12:15.520+0000][1][gc,cpu       ] GC(14) User=0.05s Sys=0.02s Real=0.11s
[2019-01-25T14:12:15.520+0000][1][safepoint    ] Total time for which application threads were stopped: 0.1108410 seconds, Stopping threads took: 0.0000326 seconds
[2019-01-25T14:12:15.528+0000][1][gc           ] GC(14) Concurrent Sweep
[2019-01-25T14:12:15.573+0000][1][gc           ] GC(14) Concurrent Sweep 44.849ms
[2019-01-25T14:12:15.573+0000][1][gc,cpu       ] GC(14) User=0.03s Sys=0.00s Real=0.04s
[2019-01-25T14:12:15.573+0000][1][gc           ] GC(14) Concurrent Reset
[2019-01-25T14:12:15.573+0000][1][gc           ] GC(14) Concurrent Reset 0.278ms
[2019-01-25T14:12:15.573+0000][1][gc,cpu       ] GC(14) User=0.00s Sys=0.00s Real=0.00s
[2019-01-25T14:12:15.573+0000][1][gc,heap      ] GC(14) Old: 34515K->39699K(174784K)
[2019-01-25T14:12:16.535+0000][1][safepoint    ] Application time: 1.0145617 seconds
[2019-01-25T14:12:16.535+0000][1][safepoint    ] Total time for which application threads were stopped: 0.0009221 seconds, Stopping threads took: 0.0008865 seconds
[2019-01-25T14:12:17.536+0000][1][safepoint    ] Application time: 1.0000940 seconds
[2019-01-25T14:12:17.536+0000][1][safepoint    ] Total time for which application threads were stopped: 0.0003063 seconds, Stopping threads took: 0.0000074 seconds
[2019-01-25T14:12:18.536+0000][1][safepoint    ] Application time: 1.0000915 seconds
[2019-01-25T14:12:18.536+0000][1][safepoint    ] Total time for which application threads were stopped: 0.0000611 seconds, Stopping threads took: 0.0000341 seconds
[2019-01-25T14:12:19.537+0000][1][safepoint    ] Application time: 1.0006724 seconds
[2019-01-25T14:12:19.539+0000][1][safepoint    ] Total time for which application threads were stopped: 0.0018521 seconds, Stopping threads took: 0.0018004 seconds
[2019-01-25T14:12:20.551+0000][1][safepoint    ] Application time: 1.0116908 seconds
[2019-01-25T14:12:20.555+0000][1][safepoint    ] Total time for which application threads were stopped: 0.0038321 seconds, Stopping threads took: 0.0037610 seconds
[2019-01-25T14:12:21.028+0000][1][safepoint    ] Application time: 0.4732920 seconds
[2019-01-25T14:12:21.028+0000][1][gc,start     ] GC(16) Pause Young (Allocation Failure)
[2019-01-25T14:12:21.029+0000][1][gc,task      ] GC(16) Using 2 workers of 2 for evacuation
[2019-01-25T14:12:21.081+0000][1][gc,age       ] GC(16) Desired survivor size 4456448 bytes, new threshold 2 (max threshold 6)
[2019-01-25T14:12:21.081+0000][1][gc,age       ] GC(16) Age table with threshold 2 (max threshold 6)
[2019-01-25T14:12:21.081+0000][1][gc,age       ] GC(16) - age   1:    2457928 bytes,    2457928 total
[2019-01-25T14:12:21.081+0000][1][gc,age       ] GC(16) - age   2:    3644592 bytes,    6102520 total
[2019-01-25T14:12:21.081+0000][1][gc,heap      ] GC(16) ParNew: 78494K->6971K(78656K)
[2019-01-25T14:12:21.081+0000][1][gc,heap      ] GC(16) CMS: 39699K->39699K(174784K)
[2019-01-25T14:12:21.081+0000][1][gc,metaspace ] GC(16) Metaspace: 52856K->52856K(1097728K)
[2019-01-25T14:12:21.081+0000][1][gc           ] GC(16) Pause Young (Allocation Failure) 115M->45M(247M) 52.538ms
[2019-01-25T14:12:21.081+0000][1][gc,cpu       ] GC(16) User=0.03s Sys=0.01s Real=0.05s
[2019-01-25T14:12:21.081+0000][1][safepoint    ] Total time for which application threads were stopped: 0.0528748 seconds, Stopping threads took: 0.0000197 seconds
[2019-01-25T14:12:21.984+0000][1][safepoint    ] Application time: 0.9032842 seconds
[2019-01-25T14:12:21.985+0000][1][safepoint    ] Total time for which application threads were stopped: 0.0002081 seconds, Stopping threads took: 0.0000106 seconds
[2019-01-25T14:12:21.999+0000][1][safepoint    ] Application time: 0.0145945 seconds
[2019-01-25T14:12:21.999+0000][1][safepoint    ] Total time for which application threads were stopped: 0.0000746 seconds, Stopping threads took: 0.0000079 seconds
[2019-01-25T14:12:22.000+0000][1][safepoint    ] Application time: 0.0009634 seconds
[2019-01-25T14:12:22.000+0000][1][safepoint    ] Total time for which application threads were stopped: 0.0001003 seconds, Stopping threads took: 0.0000167 seconds
[2019-01-25T14:12:22.011+0000][1][safepoint    ] Application time: 0.0105434 seconds
[2019-01-25T14:12:22.011+0000][1][safepoint    ] Total time for which application threads were stopped: 0.0000802 seconds, Stopping threads took: 0.0000089 seconds
[2019-01-25T14:12:22.405+0000][1][safepoint    ] Application time: 0.3934045 seconds
[2019-01-25T14:12:22.408+0000][1][safepoint    ] Total time for which application threads were stopped: 0.0031249 seconds, Stopping threads took: 0.0030133 seconds
[2019-01-25T14:12:22.806+0000][1][safepoint    ] Application time: 0.3986666 seconds
[2019-01-25T14:12:22.807+0000][1][safepoint    ] Total time for which application threads were stopped: 0.0005190 seconds, Stopping threads took: 0.0000100 seconds
[2019-01-25T14:12:23.478+0000][1][safepoint    ] Application time: 0.6712372 seconds
[2019-01-25T14:12:23.481+0000][1][safepoint    ] Total time for which application threads were stopped: 0.0025290 seconds, Stopping threads took: 0.0000239 seconds
[2019-01-25T14:12:24.248+0000][1][safepoint    ] Application time: 0.7667580 seconds
[2019-01-25T14:12:24.248+0000][1][safepoint    ] Total time for which application threads were stopped: 0.0004116 seconds, Stopping threads took: 0.0000057 seconds
[2019-01-25T14:12:24.256+0000][1][safepoint    ] Application time: 0.0079520 seconds
[2019-01-25T14:12:24.256+0000][1][safepoint    ] Total time for which application threads were stopped: 0.0001181 seconds, Stopping threads took: 0.0000381 seconds
[2019-01-25T14:12:24.814+0000][1][safepoint    ] Application time: 0.5580488 seconds
[2019-01-25T14:12:24.815+0000][1][safepoint    ] Total time for which application threads were stopped: 0.0001171 seconds, Stopping threads took: 0.0000370 seconds
[2019-01-25T14:12:24.895+0000][1][safepoint    ] Application time: 0.0799528 seconds
[2019-01-25T14:12:24.930+0000][1][safepoint    ] Total time for which application threads were stopped: 0.0355187 seconds, Stopping threads took: 0.0351593 seconds
[2019-01-25T14:12:24.931+0000][1][safepoint    ] Application time: 0.0005172 seconds
[2019-01-25T14:12:24.931+0000][1][safepoint    ] Total time for which application threads were stopped: 0.0000854 seconds, Stopping threads took: 0.0000192 seconds
[2019-01-25T14:12:24.931+0000][1][safepoint    ] Application time: 0.0002799 seconds
[2019-01-25T14:12:24.931+0000][1][safepoint    ] Total time for which application threads were stopped: 0.0000542 seconds, Stopping threads took: 0.0000039 seconds
[2019-01-25T14:12:24.931+0000][1][safepoint    ] Application time: 0.0000950 seconds
[2019-01-25T14:12:24.931+0000][1][safepoint    ] Total time for which application threads were stopped: 0.0002062 seconds, Stopping threads took: 0.0001740 seconds
[2019-01-25T14:12:24.932+0000][1][safepoint    ] Application time: 0.0000873 seconds
[2019-01-25T14:12:24.932+0000][1][safepoint    ] Total time for which application threads were stopped: 0.0001064 seconds, Stopping threads took: 0.0000784 seconds
[2019-01-25T14:12:24.932+0000][1][safepoint    ] Application time: 0.0000826 seconds
[2019-01-25T14:12:24.932+0000][1][safepoint    ] Total time for which application threads were stopped: 0.0000654 seconds, Stopping threads took: 0.0000136 seconds
[2019-01-25T14:12:24.932+0000][1][safepoint    ] Application time: 0.0000874 seconds
[2019-01-25T14:12:24.935+0000][1][safepoint    ] Total time for which application threads were stopped: 0.0027772 seconds, Stopping threads took: 0.0026904 seconds
[2019-01-25T14:12:24.936+0000][1][safepoint    ] Application time: 0.0012251 seconds
[2019-01-25T14:12:24.936+0000][1][safepoint    ] Total time for which application threads were stopped: 0.0001895 seconds, Stopping threads took: 0.0001298 seconds
[2019-01-25T14:12:25.039+0000][1][safepoint    ] Application time: 0.1023787 seconds
[2019-01-25T14:12:25.040+0000][1][safepoint    ] Total time for which application threads were stopped: 0.0012170 seconds, Stopping threads took: 0.0000145 seconds
[2019-01-25T14:12:25.070+0000][1][safepoint    ] Application time: 0.0298068 seconds
[2019-01-25T14:12:25.070+0000][1][safepoint    ] Total time for which application threads were stopped: 0.0001020 seconds, Stopping threads took: 0.0000184 seconds
[2019-01-25T14:12:25.071+0000][1][safepoint    ] Application time: 0.0006342 seconds
[2019-01-25T14:12:25.071+0000][1][safepoint    ] Total time for which application threads were stopped: 0.0000665 seconds, Stopping threads took: 0.0000189 seconds
[2019-01-25T14:12:25.071+0000][1][safepoint    ] Application time: 0.0005928 seconds
[2019-01-25T14:12:25.071+0000][1][safepoint    ] Total time for which application threads were stopped: 0.0000560 seconds, Stopping threads took: 0.0000147 seconds
[2019-01-25T14:12:25.072+0000][1][safepoint    ] Application time: 0.0002670 seconds
[2019-01-25T14:12:25.072+0000][1][safepoint    ] Total time for which application threads were stopped: 0.0000664 seconds, Stopping threads took: 0.0000136 seconds
[2019-01-25T14:12:25.072+0000][1][safepoint    ] Application time: 0.0000545 seconds
[2019-01-25T14:12:25.072+0000][1][safepoint    ] Total time for which application threads were stopped: 0.0000509 seconds, Stopping threads took: 0.0000110 seconds
[2019-01-25T14:12:25.072+0000][1][safepoint    ] Application time: 0.0000356 seconds
[2019-01-25T14:12:25.072+0000][1][safepoint    ] Total time for which application threads were stopped: 0.0001206 seconds, Stopping threads took: 0.0000109 seconds
[2019-01-25T14:12:25.072+0000][1][safepoint    ] Application time: 0.0000379 seconds
[2019-01-25T14:12:25.072+0000][1][safepoint    ] Total time for which application threads were stopped: 0.0000452 seconds, Stopping threads took: 0.0000104 seconds
[2019-01-25T14:12:25.072+0000][1][safepoint    ] Application time: 0.0000356 seconds
[2019-01-25T14:12:25.072+0000][1][safepoint    ] Total time for which application threads were stopped: 0.0000421 seconds, Stopping threads took: 0.0000114 seconds
[2019-01-25T14:12:25.072+0000][1][safepoint    ] Application time: 0.0000321 seconds
[2019-01-25T14:12:25.072+0000][1][safepoint    ] Total time for which application threads were stopped: 0.0000406 seconds, Stopping threads took: 0.0000102 seconds
[2019-01-25T14:12:25.072+0000][1][safepoint    ] Application time: 0.0000362 seconds
[2019-01-25T14:12:25.072+0000][1][safepoint    ] Total time for which application threads were stopped: 0.0000416 seconds, Stopping threads took: 0.0000111 seconds
[2019-01-25T14:12:25.072+0000][1][safepoint    ] Application time: 0.0000354 seconds
[2019-01-25T14:12:25.073+0000][1][safepoint    ] Total time for which application threads were stopped: 0.0000418 seconds, Stopping threads took: 0.0000109 seconds
[2019-01-25T14:12:25.073+0000][1][safepoint    ] Application time: 0.0000428 seconds
[2019-01-25T14:12:25.073+0000][1][safepoint    ] Total time for which application threads were stopped: 0.0001675 seconds, Stopping threads took: 0.0000113 seconds
[2019-01-25T14:12:25.073+0000][1][safepoint    ] Application time: 0.0001141 seconds
[2019-01-25T14:12:25.073+0000][1][safepoint    ] Total time for which application threads were stopped: 0.0003365 seconds, Stopping threads took: 0.0002740 seconds
[2019-01-25T14:12:25.073+0000][1][safepoint    ] Application time: 0.0000789 seconds
[2019-01-25T14:12:25.073+0000][1][safepoint    ] Total time for which application threads were stopped: 0.0000581 seconds, Stopping threads took: 0.0000147 seconds
[2019-01-25T14:12:25.074+0000][1][safepoint    ] Application time: 0.0000414 seconds
[2019-01-25T14:12:25.074+0000][1][safepoint    ] Total time for which application threads were stopped: 0.0000445 seconds, Stopping threads took: 0.0000112 seconds
[2019-01-25T14:12:25.074+0000][1][safepoint    ] Application time: 0.0000386 seconds
[2019-01-25T14:12:25.074+0000][1][safepoint    ] Total time for which application threads were stopped: 0.0000439 seconds, Stopping threads took: 0.0000114 seconds
[2019-01-25T14:12:25.074+0000][1][safepoint    ] Application time: 0.0001028 seconds
[2019-01-25T14:12:25.074+0000][1][safepoint    ] Total time for which application threads were stopped: 0.0000454 seconds, Stopping threads took: 0.0000116 seconds
[2019-01-25T14:12:25.074+0000][1][safepoint    ] Application time: 0.0000400 seconds
[2019-01-25T14:12:25.074+0000][1][safepoint    ] Total time for which application threads were stopped: 0.0000448 seconds, Stopping threads took: 0.0000115 seconds
[2019-01-25T14:12:25.074+0000][1][safepoint    ] Application time: 0.0001754 seconds
[2019-01-25T14:12:25.074+0000][1][safepoint    ] Total time for which application threads were stopped: 0.0000466 seconds, Stopping threads took: 0.0000120 seconds
[2019-01-25T14:12:25.074+0000][1][safepoint    ] Application time: 0.0000496 seconds
[2019-01-25T14:12:25.074+0000][1][safepoint    ] Total time for which application threads were stopped: 0.0000400 seconds, Stopping threads took: 0.0000106 seconds
[2019-01-25T14:12:25.074+0000][1][safepoint    ] Application time: 0.0000311 seconds
[2019-01-25T14:12:25.074+0000][1][safepoint    ] Total time for which application threads were stopped: 0.0000391 seconds, Stopping threads took: 0.0000102 seconds
[2019-01-25T14:12:25.074+0000][1][safepoint    ] Application time: 0.0000302 seconds
[2019-01-25T14:12:25.075+0000][1][safepoint    ] Total time for which application threads were stopped: 0.0000380 seconds, Stopping threads took: 0.0000101 seconds
[2019-01-25T14:12:25.075+0000][1][safepoint    ] Application time: 0.0003419 seconds
[2019-01-25T14:12:25.075+0000][1][safepoint    ] Total time for which application threads were stopped: 0.0000594 seconds, Stopping threads took: 0.0000152 seconds
[2019-01-25T14:12:25.075+0000][1][safepoint    ] Application time: 0.0001018 seconds
[2019-01-25T14:12:25.075+0000][1][safepoint    ] Total time for which application threads were stopped: 0.0000504 seconds, Stopping threads took: 0.0000118 seconds
[2019-01-25T14:12:25.075+0000][1][safepoint    ] Application time: 0.0000439 seconds
[2019-01-25T14:12:25.075+0000][1][safepoint    ] Total time for which application threads were stopped: 0.0000414 seconds, Stopping threads took: 0.0000107 seconds
[2019-01-25T14:12:25.075+0000][1][safepoint    ] Application time: 0.0000359 seconds
[2019-01-25T14:12:25.075+0000][1][safepoint    ] Total time for which application threads were stopped: 0.0000392 seconds, Stopping threads took: 0.0000104 seconds
[2019-01-25T14:12:25.076+0000][1][safepoint    ] Application time: 0.0001563 seconds
[2019-01-25T14:12:25.076+0000][1][safepoint    ] Total time for which application threads were stopped: 0.0000478 seconds, Stopping threads took: 0.0000119 seconds
[2019-01-25T14:12:25.076+0000][1][safepoint    ] Application time: 0.0000325 seconds
[2019-01-25T14:12:25.076+0000][1][safepoint    ] Total time for which application threads were stopped: 0.0000411 seconds, Stopping threads took: 0.0000099 seconds
[2019-01-25T14:12:25.076+0000][1][safepoint    ] Application time: 0.0000349 seconds
[2019-01-25T14:12:25.076+0000][1][safepoint    ] Total time for which application threads were stopped: 0.0000405 seconds, Stopping threads took: 0.0000102 seconds
[2019-01-25T14:12:25.076+0000][1][safepoint    ] Application time: 0.0000338 seconds
[2019-01-25T14:12:25.076+0000][1][safepoint    ] Total time for which application threads were stopped: 0.0000397 seconds, Stopping threads took: 0.0000104 seconds
[2019-01-25T14:12:25.076+0000][1][safepoint    ] Application time: 0.0002909 seconds
[2019-01-25T14:12:25.076+0000][1][safepoint    ] Total time for which application threads were stopped: 0.0000469 seconds, Stopping threads took: 0.0000123 seconds
[2019-01-25T14:12:25.077+0000][1][safepoint    ] Application time: 0.0010446 seconds
[2019-01-25T14:12:25.077+0000][1][safepoint    ] Total time for which application threads were stopped: 0.0000959 seconds, Stopping threads took: 0.0000571 seconds
[2019-01-25T14:12:25.078+0000][1][safepoint    ] Application time: 0.0000847 seconds
[2019-01-25T14:12:25.078+0000][1][safepoint    ] Total time for which application threads were stopped: 0.0000360 seconds, Stopping threads took: 0.0000086 seconds
[2019-01-25T14:12:25.078+0000][1][safepoint    ] Application time: 0.0000278 seconds
[2019-01-25T14:12:25.078+0000][1][safepoint    ] Total time for which application threads were stopped: 0.0000266 seconds, Stopping threads took: 0.0000075 seconds
[2019-01-25T14:12:25.079+0000][1][safepoint    ] Application time: 0.0011074 seconds
[2019-01-25T14:12:25.079+0000][1][safepoint    ] Total time for which application threads were stopped: 0.0000536 seconds, Stopping threads took: 0.0000136 seconds
[2019-01-25T14:12:25.079+0000][1][safepoint    ] Application time: 0.0005898 seconds
[2019-01-25T14:12:25.080+0000][1][safepoint    ] Total time for which application threads were stopped: 0.0000509 seconds, Stopping threads took: 0.0000118 seconds
[2019-01-25T14:12:25.124+0000][1][safepoint    ] Application time: 0.0446260 seconds
[2019-01-25T14:12:25.124+0000][1][safepoint    ] Total time for which application threads were stopped: 0.0000811 seconds, Stopping threads took: 0.0000259 seconds
[2019-01-25T14:12:25.125+0000][1][safepoint    ] Application time: 0.0002794 seconds
[2019-01-25T14:12:25.125+0000][1][safepoint    ] Total time for which application threads were stopped: 0.0000443 seconds, Stopping threads took: 0.0000054 seconds
[2019-01-25T14:12:25.125+0000][1][safepoint    ] Application time: 0.0000306 seconds
[2019-01-25T14:12:25.125+0000][1][safepoint    ] Total time for which application threads were stopped: 0.0000780 seconds, Stopping threads took: 0.0000137 seconds
[2019-01-25T14:12:25.125+0000][1][safepoint    ] Application time: 0.0000268 seconds
[2019-01-25T14:12:25.125+0000][1][safepoint    ] Total time for which application threads were stopped: 0.0001682 seconds, Stopping threads took: 0.0000028 seconds
[2019-01-25T14:12:25.125+0000][1][safepoint    ] Application time: 0.0000322 seconds
[2019-01-25T14:12:25.125+0000][1][safepoint    ] Total time for which application threads were stopped: 0.0000246 seconds, Stopping threads took: 0.0000029 seconds
[2019-01-25T14:12:25.125+0000][1][safepoint    ] Application time: 0.0000215 seconds
[2019-01-25T14:12:25.125+0000][1][safepoint    ] Total time for which application threads were stopped: 0.0000198 seconds, Stopping threads took: 0.0000024 seconds
[2019-01-25T14:12:25.125+0000][1][safepoint    ] Application time: 0.0000535 seconds
[2019-01-25T14:12:25.125+0000][1][safepoint    ] Total time for which application threads were stopped: 0.0000277 seconds, Stopping threads took: 0.0000033 seconds
[2019-01-25T14:12:25.125+0000][1][safepoint    ] Application time: 0.0000253 seconds
[2019-01-25T14:12:25.126+0000][1][safepoint    ] Total time for which application threads were stopped: 0.0001591 seconds, Stopping threads took: 0.0001207 seconds
[2019-01-25T14:12:25.126+0000][1][safepoint    ] Application time: 0.0000402 seconds
[2019-01-25T14:12:25.126+0000][1][safepoint    ] Total time for which application threads were stopped: 0.0000547 seconds, Stopping threads took: 0.0000032 seconds
[2019-01-25T14:12:25.126+0000][1][safepoint    ] Application time: 0.0000287 seconds
[2019-01-25T14:12:25.126+0000][1][safepoint    ] Total time for which application threads were stopped: 0.0000243 seconds, Stopping threads took: 0.0000026 seconds
[2019-01-25T14:12:25.126+0000][1][safepoint    ] Application time: 0.0000222 seconds
[2019-01-25T14:12:25.126+0000][1][safepoint    ] Total time for which application threads were stopped: 0.0000199 seconds, Stopping threads took: 0.0000024 seconds
[2019-01-25T14:12:25.126+0000][1][safepoint    ] Application time: 0.0000214 seconds
[2019-01-25T14:12:25.126+0000][1][safepoint    ] Total time for which application threads were stopped: 0.0001301 seconds, Stopping threads took: 0.0000024 seconds
[2019-01-25T14:12:25.126+0000][1][safepoint    ] Application time: 0.0000260 seconds
[2019-01-25T14:12:25.126+0000][1][safepoint    ] Total time for which application threads were stopped: 0.0000221 seconds, Stopping threads took: 0.0000026 seconds
[2019-01-25T14:12:25.126+0000][1][safepoint    ] Application time: 0.0000212 seconds
[2019-01-25T14:12:25.126+0000][1][safepoint    ] Total time for which application threads were stopped: 0.0000191 seconds, Stopping threads took: 0.0000022 seconds
[2019-01-25T14:12:25.126+0000][1][safepoint    ] Application time: 0.0000206 seconds
[2019-01-25T14:12:25.126+0000][1][safepoint    ] Total time for which application threads were stopped: 0.0000183 seconds, Stopping threads took: 0.0000023 seconds
[2019-01-25T14:12:25.126+0000][1][safepoint    ] Application time: 0.0000219 seconds
[2019-01-25T14:12:25.126+0000][1][safepoint    ] Total time for which application threads were stopped: 0.0000180 seconds, Stopping threads took: 0.0000021 seconds
[2019-01-25T14:12:25.126+0000][1][safepoint    ] Application time: 0.0000203 seconds
[2019-01-25T14:12:25.126+0000][1][safepoint    ] Total time for which application threads were stopped: 0.0000179 seconds, Stopping threads took: 0.0000022 seconds
[2019-01-25T14:12:25.126+0000][1][safepoint    ] Application time: 0.0000205 seconds
[2019-01-25T14:12:25.126+0000][1][safepoint    ] Total time for which application threads were stopped: 0.0000178 seconds, Stopping threads took: 0.0000022 seconds
[2019-01-25T14:12:25.126+0000][1][safepoint    ] Application time: 0.0000206 seconds
[2019-01-25T14:12:25.126+0000][1][safepoint    ] Total time for which application threads were stopped: 0.0000593 seconds, Stopping threads took: 0.0000022 seconds
[2019-01-25T14:12:25.127+0000][1][safepoint    ] Application time: 0.0000294 seconds
[2019-01-25T14:12:25.127+0000][1][safepoint    ] Total time for which application threads were stopped: 0.0000232 seconds, Stopping threads took: 0.0000030 seconds
[2019-01-25T14:12:25.127+0000][1][safepoint    ] Application time: 0.0000221 seconds
[2019-01-25T14:12:25.127+0000][1][safepoint    ] Total time for which application threads were stopped: 0.0000942 seconds, Stopping threads took: 0.0000025 seconds
[2019-01-25T14:12:25.130+0000][1][safepoint    ] Application time: 0.0030657 seconds
[2019-01-25T14:12:25.130+0000][1][safepoint    ] Total time for which application threads were stopped: 0.0004113 seconds, Stopping threads took: 0.0000052 seconds
[2019-01-25T14:12:25.302+0000][1][safepoint    ] Application time: 0.1717493 seconds
[2019-01-25T14:12:25.302+0000][1][safepoint    ] Total time for which application threads were stopped: 0.0002670 seconds, Stopping threads took: 0.0000557 seconds
[2019-01-25T14:12:25.304+0000][1][safepoint    ] Application time: 0.0012388 seconds
[2019-01-25T14:12:25.304+0000][1][safepoint    ] Total time for which application threads were stopped: 0.0001204 seconds, Stopping threads took: 0.0000126 seconds
[2019-01-25T14:12:25.309+0000][1][safepoint    ] Application time: 0.0053960 seconds
[2019-01-25T14:12:25.309+0000][1][safepoint    ] Total time for which application threads were stopped: 0.0001187 seconds, Stopping threads took: 0.0000106 seconds
[2019-01-25T14:12:25.310+0000][1][safepoint    ] Application time: 0.0006181 seconds
[2019-01-25T14:12:25.310+0000][1][safepoint    ] Total time for which application threads were stopped: 0.0001414 seconds, Stopping threads took: 0.0000111 seconds
[2019-01-25T14:12:25.311+0000][1][safepoint    ] Application time: 0.0007330 seconds
[2019-01-25T14:12:25.311+0000][1][safepoint    ] Total time for which application threads were stopped: 0.0000916 seconds, Stopping threads took: 0.0000113 seconds
[2019-01-25T14:12:25.312+0000][1][safepoint    ] Application time: 0.0013820 seconds
[2019-01-25T14:12:25.314+0000][1][safepoint    ] Total time for which application threads were stopped: 0.0018748 seconds, Stopping threads took: 0.0000125 seconds
[2019-01-25T14:12:25.316+0000][1][safepoint    ] Application time: 0.0013889 seconds
[2019-01-25T14:12:25.316+0000][1][safepoint    ] Total time for which application threads were stopped: 0.0001487 seconds, Stopping threads took: 0.0000163 seconds
[2019-01-25T14:12:25.317+0000][1][safepoint    ] Application time: 0.0009867 seconds
[2019-01-25T14:12:25.317+0000][1][safepoint    ] Total time for which application threads were stopped: 0.0001072 seconds, Stopping threads took: 0.0000123 seconds
[2019-01-25T14:12:25.322+0000][1][safepoint    ] Application time: 0.0044473 seconds
[2019-01-25T14:12:25.322+0000][1][safepoint    ] Total time for which application threads were stopped: 0.0001415 seconds, Stopping threads took: 0.0000102 seconds
[2019-01-25T14:12:25.355+0000][1][safepoint    ] Application time: 0.0333450 seconds
[2019-01-25T14:12:25.356+0000][1][safepoint    ] Total time for which application threads were stopped: 0.0002193 seconds, Stopping threads took: 0.0000107 seconds
[2019-01-25T14:12:25.357+0000][1][safepoint    ] Application time: 0.0013960 seconds
[2019-01-25T14:12:25.357+0000][1][safepoint    ] Total time for which application threads were stopped: 0.0001116 seconds, Stopping threads took: 0.0000156 seconds
[2019-01-25T14:12:25.357+0000][1][safepoint    ] Application time: 0.0000698 seconds
[2019-01-25T14:12:25.357+0000][1][safepoint    ] Total time for which application threads were stopped: 0.0001439 seconds, Stopping threads took: 0.0000094 seconds
[2019-01-25T14:12:25.357+0000][1][safepoint    ] Application time: 0.0000268 seconds
[2019-01-25T14:12:25.358+0000][1][safepoint    ] Total time for which application threads were stopped: 0.0000646 seconds, Stopping threads took: 0.0000080 seconds
[2019-01-25T14:12:25.358+0000][1][safepoint    ] Application time: 0.0000533 seconds
[2019-01-25T14:12:25.358+0000][1][safepoint    ] Total time for which application threads were stopped: 0.0000952 seconds, Stopping threads took: 0.0000120 seconds
[2019-01-25T14:12:25.360+0000][1][safepoint    ] Application time: 0.0019793 seconds
[2019-01-25T14:12:25.360+0000][1][safepoint    ] Total time for which application threads were stopped: 0.0000980 seconds, Stopping threads took: 0.0000341 seconds
[2019-01-25T14:12:25.362+0000][1][safepoint    ] Application time: 0.0025185 seconds
[2019-01-25T14:12:25.362+0000][1][safepoint    ] Total time for which application threads were stopped: 0.0001034 seconds, Stopping threads took: 0.0000235 seconds
[2019-01-25T14:12:25.364+0000][1][safepoint    ] Application time: 0.0012287 seconds
[2019-01-25T14:12:25.369+0000][1][safepoint    ] Total time for which application threads were stopped: 0.0056035 seconds, Stopping threads took: 0.0048939 seconds
[2019-01-25T14:12:25.371+0000][1][safepoint    ] Application time: 0.0011641 seconds
[2019-01-25T14:12:25.371+0000][1][safepoint    ] Total time for which application threads were stopped: 0.0005312 seconds, Stopping threads took: 0.0000094 seconds
[2019-01-25T14:12:25.375+0000][1][safepoint    ] Application time: 0.0035718 seconds
[2019-01-25T14:12:25.375+0000][1][safepoint    ] Total time for which application threads were stopped: 0.0000635 seconds, Stopping threads took: 0.0000152 seconds
[2019-01-25T14:12:25.382+0000][1][safepoint    ] Application time: 0.0071421 seconds
[2019-01-25T14:12:25.382+0000][1][safepoint    ] Total time for which application threads were stopped: 0.0000819 seconds, Stopping threads took: 0.0000214 seconds
[2019-01-25T14:12:25.382+0000][1][safepoint    ] Application time: 0.0001489 seconds
[2019-01-25T14:12:25.382+0000][1][safepoint    ] Total time for which application threads were stopped: 0.0001129 seconds, Stopping threads took: 0.0000164 seconds
[2019-01-25T14:12:25.383+0000][1][safepoint    ] Application time: 0.0000823 seconds
[2019-01-25T14:12:25.383+0000][1][safepoint    ] Total time for which application threads were stopped: 0.0002422 seconds, Stopping threads took: 0.0000145 seconds
[2019-01-25T14:12:25.383+0000][1][safepoint    ] Application time: 0.0001404 seconds
[2019-01-25T14:12:25.383+0000][1][safepoint    ] Total time for which application threads were stopped: 0.0000714 seconds, Stopping threads took: 0.0000150 seconds
[2019-01-25T14:12:25.383+0000][1][safepoint    ] Application time: 0.0001026 seconds
[2019-01-25T14:12:25.383+0000][1][safepoint    ] Total time for which application threads were stopped: 0.0000611 seconds, Stopping threads took: 0.0000134 seconds
[2019-01-25T14:12:25.436+0000][1][safepoint    ] Application time: 0.0526935 seconds
[2019-01-25T14:12:25.436+0000][1][safepoint    ] Total time for which application threads were stopped: 0.0000432 seconds, Stopping threads took: 0.0000062 seconds
[2019-01-25T14:12:25.436+0000][1][safepoint    ] Application time: 0.0000446 seconds
[2019-01-25T14:12:25.436+0000][1][safepoint    ] Total time for which application threads were stopped: 0.0002295 seconds, Stopping threads took: 0.0000362 seconds
[2019-01-25T14:12:25.436+0000][1][safepoint    ] Application time: 0.0000471 seconds
[2019-01-25T14:12:25.436+0000][1][safepoint    ] Total time for which application threads were stopped: 0.0000212 seconds, Stopping threads took: 0.0000034 seconds
[2019-01-25T14:12:25.553+0000][1][safepoint    ] Application time: 0.1164436 seconds
[2019-01-25T14:12:25.553+0000][1][safepoint    ] Total time for which application threads were stopped: 0.0000490 seconds, Stopping threads took: 0.0000152 seconds
[2019-01-25T14:12:25.554+0000][1][safepoint    ] Application time: 0.0009692 seconds
[2019-01-25T14:12:25.554+0000][1][safepoint    ] Total time for which application threads were stopped: 0.0000356 seconds, Stopping threads took: 0.0000137 seconds
[2019-01-25T14:12:25.554+0000][1][safepoint    ] Application time: 0.0000557 seconds
[2019-01-25T14:12:25.554+0000][1][safepoint    ] Total time for which application threads were stopped: 0.0000185 seconds, Stopping threads took: 0.0000084 seconds
[2019-01-25T14:12:25.561+0000][1][safepoint    ] Application time: 0.0068203 seconds
[2019-01-25T14:12:25.561+0000][1][safepoint    ] Total time for which application threads were stopped: 0.0000441 seconds, Stopping threads took: 0.0000121 seconds
[2019-01-25T14:12:25.561+0000][1][safepoint    ] Application time: 0.0000572 seconds
[2019-01-25T14:12:25.561+0000][1][safepoint    ] Total time for which application threads were stopped: 0.0000226 seconds, Stopping threads took: 0.0000085 seconds
[2019-01-25T14:12:25.603+0000][1][safepoint    ] Application time: 0.0424073 seconds
[2019-01-25T14:12:25.604+0000][1][safepoint    ] Total time for which application threads were stopped: 0.0000410 seconds, Stopping threads took: 0.0000173 seconds
[2019-01-25T14:12:25.605+0000][1][safepoint    ] Application time: 0.0014868 seconds
[2019-01-25T14:12:25.605+0000][1][safepoint    ] Total time for which application threads were stopped: 0.0000400 seconds, Stopping threads took: 0.0000126 seconds
[2019-01-25T14:12:25.682+0000][1][safepoint    ] Application time: 0.0766240 seconds
[2019-01-25T14:12:25.682+0000][1][safepoint    ] Total time for which application threads were stopped: 0.0000955 seconds, Stopping threads took: 0.0000199 seconds
[2019-01-25T14:12:25.933+0000][1][safepoint    ] Application time: 0.2507160 seconds
[2019-01-25T14:12:25.933+0000][1][safepoint    ] Total time for which application threads were stopped: 0.0000547 seconds, Stopping threads took: 0.0000097 seconds
[2019-01-25T14:12:25.933+0000][1][safepoint    ] Application time: 0.0003980 seconds
[2019-01-25T14:12:25.933+0000][1][safepoint    ] Total time for which application threads were stopped: 0.0000631 seconds, Stopping threads took: 0.0000079 seconds
[2019-01-25T14:12:25.933+0000][1][safepoint    ] Application time: 0.0000863 seconds
[2019-01-25T14:12:25.934+0000][1][safepoint    ] Total time for which application threads were stopped: 0.0000381 seconds, Stopping threads took: 0.0000060 seconds
[2019-01-25T14:12:25.934+0000][1][safepoint    ] Application time: 0.0002407 seconds
[2019-01-25T14:12:25.934+0000][1][safepoint    ] Total time for which application threads were stopped: 0.0000452 seconds, Stopping threads took: 0.0000075 seconds
[2019-01-25T14:12:25.934+0000][1][safepoint    ] Application time: 0.0005193 seconds
[2019-01-25T14:12:25.935+0000][1][safepoint    ] Total time for which application threads were stopped: 0.0000865 seconds, Stopping threads took: 0.0000519 seconds
[2019-01-25T14:12:25.935+0000][1][safepoint    ] Application time: 0.0001291 seconds
[2019-01-25T14:12:25.935+0000][1][safepoint    ] Total time for which application threads were stopped: 0.0000720 seconds, Stopping threads took: 0.0000407 seconds
[2019-01-25T14:12:25.947+0000][1][safepoint    ] Application time: 0.0124622 seconds
[2019-01-25T14:12:25.947+0000][1][safepoint    ] Total time for which application threads were stopped: 0.0000503 seconds, Stopping threads took: 0.0000110 seconds
[2019-01-25T14:12:25.956+0000][1][safepoint    ] Application time: 0.0088777 seconds
[2019-01-25T14:12:25.957+0000][1][safepoint    ] Total time for which application threads were stopped: 0.0009075 seconds, Stopping threads took: 0.0008564 seconds
[2019-01-25T14:12:25.958+0000][1][safepoint    ] Application time: 0.0007773 seconds
[2019-01-25T14:12:25.958+0000][1][safepoint    ] Total time for which application threads were stopped: 0.0000720 seconds, Stopping threads took: 0.0000207 seconds
[2019-01-25T14:12:25.980+0000][1][safepoint    ] Application time: 0.0215588 seconds
[2019-01-25T14:12:25.980+0000][1][safepoint    ] Total time for which application threads were stopped: 0.0000448 seconds, Stopping threads took: 0.0000089 seconds
[2019-01-25T14:12:25.982+0000][1][safepoint    ] Application time: 0.0018942 seconds
[2019-01-25T14:12:25.982+0000][1][safepoint    ] Total time for which application threads were stopped: 0.0000541 seconds, Stopping threads took: 0.0000106 seconds
[2019-01-25T14:12:25.982+0000][1][safepoint    ] Application time: 0.0005635 seconds
[2019-01-25T14:12:25.982+0000][1][safepoint    ] Total time for which application threads were stopped: 0.0000505 seconds, Stopping threads took: 0.0000099 seconds
[2019-01-25T14:12:25.984+0000][1][safepoint    ] Application time: 0.0015763 seconds
[2019-01-25T14:12:25.984+0000][1][safepoint    ] Total time for which application threads were stopped: 0.0000543 seconds, Stopping threads took: 0.0000112 seconds
[2019-01-25T14:12:25.985+0000][1][safepoint    ] Application time: 0.0008986 seconds
[2019-01-25T14:12:25.985+0000][1][safepoint    ] Total time for which application threads were stopped: 0.0001939 seconds, Stopping threads took: 0.0000105 seconds
[2019-01-25T14:12:25.989+0000][1][safepoint    ] Application time: 0.0040486 seconds
[2019-01-25T14:12:25.989+0000][1][safepoint    ] Total time for which application threads were stopped: 0.0000608 seconds, Stopping threads took: 0.0000145 seconds
[2019-01-25T14:12:25.990+0000][1][safepoint    ] Application time: 0.0001021 seconds
[2019-01-25T14:12:25.990+0000][1][safepoint    ] Total time for which application threads were stopped: 0.0000480 seconds, Stopping threads took: 0.0000097 seconds
[2019-01-25T14:12:25.994+0000][1][safepoint    ] Application time: 0.0041994 seconds
[2019-01-25T14:12:25.994+0000][1][safepoint    ] Total time for which application threads were stopped: 0.0000555 seconds, Stopping threads took: 0.0000121 seconds
[2019-01-25T14:12:25.997+0000][1][safepoint    ] Application time: 0.0032378 seconds
[2019-01-25T14:12:25.997+0000][1][safepoint    ] Total time for which application threads were stopped: 0.0000489 seconds, Stopping threads took: 0.0000110 seconds
[2019-01-25T14:12:25.998+0000][1][safepoint    ] Application time: 0.0003174 seconds
[2019-01-25T14:12:25.998+0000][1][safepoint    ] Total time for which application threads were stopped: 0.0000754 seconds, Stopping threads took: 0.0000216 seconds
[2019-01-25T14:12:25.998+0000][1][safepoint    ] Application time: 0.0000588 seconds
[2019-01-25T14:12:25.998+0000][1][safepoint    ] Total time for which application threads were stopped: 0.0000365 seconds, Stopping threads took: 0.0000127 seconds
[2019-01-25T14:12:25.998+0000][1][safepoint    ] Application time: 0.0000247 seconds
[2019-01-25T14:12:25.998+0000][1][safepoint    ] Total time for which application threads were stopped: 0.0000390 seconds, Stopping threads took: 0.0000172 seconds
[2019-01-25T14:12:25.998+0000][1][safepoint    ] Application time: 0.0000271 seconds
[2019-01-25T14:12:25.998+0000][1][safepoint    ] Total time for which application threads were stopped: 0.0000313 seconds, Stopping threads took: 0.0000120 seconds
[2019-01-25T14:12:26.155+0000][1][safepoint    ] Application time: 0.1569003 seconds
[2019-01-25T14:12:26.155+0000][1][safepoint    ] Total time for which application threads were stopped: 0.0000522 seconds, Stopping threads took: 0.0000212 seconds
[2019-01-25T14:12:26.168+0000][1][safepoint    ] Application time: 0.0123683 seconds
[2019-01-25T14:12:26.171+0000][1][safepoint    ] Total time for which application threads were stopped: 0.0032185 seconds, Stopping threads took: 0.0025081 seconds
[2019-01-25T14:12:27.173+0000][1][safepoint    ] Application time: 1.0015981 seconds
[2019-01-25T14:12:27.173+0000][1][safepoint    ] Total time for which application threads were stopped: 0.0000531 seconds, Stopping threads took: 0.0000115 seconds
[2019-01-25T14:12:29.173+0000][1][safepoint    ] Application time: 2.0002116 seconds
[2019-01-25T14:12:29.173+0000][1][safepoint    ] Total time for which application threads were stopped: 0.0000455 seconds, Stopping threads took: 0.0000105 seconds
[2019-01-25T14:12:33.174+0000][1][safepoint    ] Application time: 4.0045705 seconds
[2019-01-25T14:12:33.174+0000][1][safepoint    ] Total time for which application threads were stopped: 0.0000382 seconds, Stopping threads took: 0.0000083 seconds
[2019-01-25T14:12:34.060+0000][1][safepoint    ] Application time: 0.8860356 seconds
[2019-01-25T14:12:34.060+0000][1][safepoint    ] Total time for which application threads were stopped: 0.0000303 seconds, Stopping threads took: 0.0000071 seconds
[2019-01-25T14:12:37.066+0000][1][safepoint    ] Application time: 3.0056822 seconds
[2019-01-25T14:12:37.066+0000][1][safepoint    ] Total time for which application threads were stopped: 0.0000348 seconds, Stopping threads took: 0.0000081 seconds
[2019-01-25T14:12:38.071+0000][1][safepoint    ] Application time: 1.0009936 seconds
[2019-01-25T14:12:38.071+0000][1][safepoint    ] Total time for which application threads were stopped: 0.0000468 seconds, Stopping threads took: 0.0000107 seconds
[2019-01-25T14:12:39.071+0000][1][safepoint    ] Application time: 1.0001392 seconds
[2019-01-25T14:12:39.071+0000][1][safepoint    ] Total time for which application threads were stopped: 0.0000495 seconds, Stopping threads took: 0.0000121 seconds
[2019-01-25T14:12:45.076+0000][1][safepoint    ] Application time: 6.0054205 seconds
[2019-01-25T14:12:45.077+0000][1][safepoint    ] Total time for which application threads were stopped: 0.0000476 seconds, Stopping threads took: 0.0000107 seconds
[2019-01-25T14:12:46.080+0000][1][safepoint    ] Application time: 1.0036287 seconds
[2019-01-25T14:12:46.080+0000][1][safepoint    ] Total time for which application threads were stopped: 0.0000446 seconds, Stopping threads took: 0.0000114 seconds
[2019-01-25T14:12:55.405+0000][1][safepoint    ] Application time: 9.3241269 seconds
[2019-01-25T14:12:55.405+0000][1][safepoint    ] Total time for which application threads were stopped: 0.0000603 seconds, Stopping threads took: 0.0000105 seconds
[2019-01-25T14:12:56.405+0000][1][safepoint    ] Application time: 1.0001417 seconds
[2019-01-25T14:12:56.405+0000][1][safepoint    ] Total time for which application threads were stopped: 0.0000561 seconds, Stopping threads took: 0.0000119 seconds
[2019-01-25T14:13:04.421+0000][1][safepoint    ] Application time: 8.0155584 seconds
[2019-01-25T14:13:04.421+0000][1][safepoint    ] Total time for which application threads were stopped: 0.0000473 seconds, Stopping threads took: 0.0000085 seconds
[2019-01-25T14:13:22.227+0000][1][safepoint    ] Application time: 17.8064825 seconds
[2019-01-25T14:13:22.228+0000][1][safepoint    ] Total time for which application threads were stopped: 0.0001249 seconds, Stopping threads took: 0.0000608 seconds
[2019-01-25T14:13:22.228+0000][1][safepoint    ] Application time: 0.0005932 seconds
[2019-01-25T14:13:22.228+0000][1][safepoint    ] Total time for which application threads were stopped: 0.0000519 seconds, Stopping threads took: 0.0000169 seconds
[2019-01-25T14:13:22.228+0000][1][safepoint    ] Application time: 0.0000691 seconds
[2019-01-25T14:13:22.228+0000][1][safepoint    ] Total time for which application threads were stopped: 0.0000345 seconds, Stopping threads took: 0.0000109 seconds
[2019-01-25T14:13:22.229+0000][1][safepoint    ] Application time: 0.0003477 seconds
[2019-01-25T14:13:22.229+0000][1][safepoint    ] Total time for which application threads were stopped: 0.0000411 seconds, Stopping threads took: 0.0000142 seconds
[2019-01-25T14:13:22.229+0000][1][safepoint    ] Application time: 0.0000420 seconds
[2019-01-25T14:13:22.229+0000][1][safepoint    ] Total time for which application threads were stopped: 0.0000322 seconds, Stopping threads took: 0.0000101 seconds
[2019-01-25T14:13:22.281+0000][1][safepoint    ] Application time: 0.0517799 seconds
[2019-01-25T14:13:22.281+0000][1][safepoint    ] Total time for which application threads were stopped: 0.0000640 seconds, Stopping threads took: 0.0000222 seconds
[2019-01-25T14:13:22.281+0000][1][safepoint    ] Application time: 0.0002514 seconds
[2019-01-25T14:13:22.281+0000][1][safepoint    ] Total time for which application threads were stopped: 0.0000502 seconds, Stopping threads took: 0.0000156 seconds
[2019-01-25T14:13:22.281+0000][1][safepoint    ] Application time: 0.0000500 seconds
[2019-01-25T14:13:22.281+0000][1][safepoint    ] Total time for which application threads were stopped: 0.0000338 seconds, Stopping threads took: 0.0000121 seconds
[2019-01-25T14:13:22.290+0000][1][safepoint    ] Application time: 0.0087317 seconds
[2019-01-25T14:13:22.290+0000][1][safepoint    ] Total time for which application threads were stopped: 0.0000582 seconds, Stopping threads took: 0.0000203 seconds
[2019-01-25T14:13:22.297+0000][1][safepoint    ] Application time: 0.0070873 seconds
[2019-01-25T14:13:22.297+0000][1][safepoint    ] Total time for which application threads were stopped: 0.0000782 seconds, Stopping threads took: 0.0000215 seconds
[2019-01-25T14:13:22.297+0000][1][safepoint    ] Application time: 0.0000528 seconds
[2019-01-25T14:13:22.297+0000][1][safepoint    ] Total time for which application threads were stopped: 0.0000528 seconds, Stopping threads took: 0.0000167 seconds
[2019-01-25T14:13:22.447+0000][1][safepoint    ] Application time: 0.1491419 seconds
[2019-01-25T14:13:22.448+0000][1][safepoint    ] Total time for which application threads were stopped: 0.0011332 seconds, Stopping threads took: 0.0000147 seconds
[2019-01-25T14:13:22.449+0000][1][safepoint    ] Application time: 0.0010680 seconds
[2019-01-25T14:13:22.450+0000][1][safepoint    ] Total time for which application threads were stopped: 0.0006154 seconds, Stopping threads took: 0.0003508 seconds
[2019-01-25T14:13:22.474+0000][1][safepoint    ] Application time: 0.0236658 seconds
[2019-01-25T14:13:22.474+0000][1][safepoint    ] Total time for which application threads were stopped: 0.0000883 seconds, Stopping threads took: 0.0000323 seconds
[2019-01-25T14:13:22.554+0000][1][safepoint    ] Application time: 0.0798010 seconds
[2019-01-25T14:13:22.554+0000][1][safepoint    ] Total time for which application threads were stopped: 0.0001128 seconds, Stopping threads took: 0.0000103 seconds
[2019-01-25T14:13:22.720+0000][1][safepoint    ] Application time: 0.1665397 seconds
[2019-01-25T14:13:22.721+0000][1][safepoint    ] Total time for which application threads were stopped: 0.0001936 seconds, Stopping threads took: 0.0000087 seconds
[2019-01-25T14:13:22.721+0000][1][safepoint    ] Application time: 0.0001108 seconds
[2019-01-25T14:13:22.721+0000][1][safepoint    ] Total time for which application threads were stopped: 0.0000311 seconds, Stopping threads took: 0.0000053 seconds
[2019-01-25T14:13:22.721+0000][1][safepoint    ] Application time: 0.0000965 seconds
[2019-01-25T14:13:22.721+0000][1][safepoint    ] Total time for which application threads were stopped: 0.0000269 seconds, Stopping threads took: 0.0000047 seconds
[2019-01-25T14:13:22.721+0000][1][safepoint    ] Application time: 0.0000917 seconds
[2019-01-25T14:13:22.721+0000][1][safepoint    ] Total time for which application threads were stopped: 0.0000260 seconds, Stopping threads took: 0.0000046 seconds
[2019-01-25T14:13:22.735+0000][1][safepoint    ] Application time: 0.0139292 seconds
[2019-01-25T14:13:22.735+0000][1][safepoint    ] Total time for which application threads were stopped: 0.0000575 seconds, Stopping threads took: 0.0000107 seconds
[2019-01-25T14:13:22.741+0000][1][safepoint    ] Application time: 0.0055413 seconds
[2019-01-25T14:13:22.741+0000][1][safepoint    ] Total time for which application threads were stopped: 0.0001549 seconds, Stopping threads took: 0.0000068 seconds
[2019-01-25T14:13:22.772+0000][1][safepoint    ] Application time: 0.0316327 seconds
[2019-01-25T14:13:22.773+0000][1][gc,start     ] GC(17) Pause Young (Allocation Failure)
[2019-01-25T14:13:22.773+0000][1][gc,task      ] GC(17) Using 2 workers of 2 for evacuation
[2019-01-25T14:13:22.826+0000][1][gc,age       ] GC(17) Desired survivor size 4456448 bytes, new threshold 2 (max threshold 6)
[2019-01-25T14:13:22.826+0000][1][gc,age       ] GC(17) Age table with threshold 2 (max threshold 6)
[2019-01-25T14:13:22.826+0000][1][gc,age       ] GC(17) - age   1:    4312864 bytes,    4312864 total
[2019-01-25T14:13:22.826+0000][1][gc,age       ] GC(17) - age   2:    2313520 bytes,    6626384 total
[2019-01-25T14:13:22.826+0000][1][gc,heap      ] GC(17) ParNew: 65283K->8704K(78656K)
[2019-01-25T14:13:22.826+0000][1][gc,heap      ] GC(17) CMS: 39699K->43229K(174784K)
[2019-01-25T14:13:22.826+0000][1][gc,metaspace ] GC(17) Metaspace: 61845K->61845K(1105920K)
[2019-01-25T14:13:22.826+0000][1][gc           ] GC(17) Pause Young (Allocation Failure) 102M->50M(247M) 53.238ms
[2019-01-25T14:13:22.826+0000][1][gc,cpu       ] GC(17) User=0.07s Sys=0.00s Real=0.06s
[2019-01-25T14:13:22.826+0000][1][safepoint    ] Total time for which application threads were stopped: 0.0533652 seconds, Stopping threads took: 0.0000112 seconds
[2019-01-25T14:13:22.840+0000][1][safepoint    ] Application time: 0.0139387 seconds
[2019-01-25T14:13:22.840+0000][1][safepoint    ] Total time for which application threads were stopped: 0.0000678 seconds, Stopping threads took: 0.0000101 seconds
[2019-01-25T14:13:22.872+0000][1][safepoint    ] Application time: 0.0318601 seconds
[2019-01-25T14:13:22.872+0000][1][safepoint    ] Total time for which application threads were stopped: 0.0000544 seconds, Stopping threads took: 0.0000091 seconds
[2019-01-25T14:13:22.896+0000][1][safepoint    ] Application time: 0.0246002 seconds
[2019-01-25T14:13:22.897+0000][1][safepoint    ] Total time for which application threads were stopped: 0.0000595 seconds, Stopping threads took: 0.0000130 seconds
[2019-01-25T14:13:22.926+0000][1][safepoint    ] Application time: 0.0294536 seconds
[2019-01-25T14:13:22.926+0000][1][safepoint    ] Total time for which application threads were stopped: 0.0000615 seconds, Stopping threads took: 0.0000101 seconds
[2019-01-25T14:13:22.926+0000][1][safepoint    ] Application time: 0.0001027 seconds
[2019-01-25T14:13:22.926+0000][1][safepoint    ] Total time for which application threads were stopped: 0.0000348 seconds, Stopping threads took: 0.0000056 seconds
[2019-01-25T14:13:23.037+0000][1][safepoint    ] Application time: 0.1104199 seconds
[2019-01-25T14:13:23.037+0000][1][safepoint    ] Total time for which application threads were stopped: 0.0000717 seconds, Stopping threads took: 0.0000112 seconds
[2019-01-25T14:13:23.048+0000][1][safepoint    ] Application time: 0.0106891 seconds
[2019-01-25T14:13:23.048+0000][1][safepoint    ] Total time for which application threads were stopped: 0.0000789 seconds, Stopping threads took: 0.0000143 seconds
[2019-01-25T14:13:23.049+0000][1][safepoint    ] Application time: 0.0012211 seconds
[2019-01-25T14:13:23.049+0000][1][safepoint    ] Total time for which application threads were stopped: 0.0000603 seconds, Stopping threads took: 0.0000117 seconds
[2019-01-25T14:13:23.049+0000][1][safepoint    ] Application time: 0.0001828 seconds
[2019-01-25T14:13:23.049+0000][1][safepoint    ] Total time for which application threads were stopped: 0.0000414 seconds, Stopping threads took: 0.0000077 seconds
[2019-01-25T14:13:23.052+0000][1][safepoint    ] Application time: 0.0030778 seconds
[2019-01-25T14:13:23.052+0000][1][safepoint    ] Total time for which application threads were stopped: 0.0000647 seconds, Stopping threads took: 0.0000108 seconds
[2019-01-25T14:13:23.055+0000][1][safepoint    ] Application time: 0.0029757 seconds
[2019-01-25T14:13:23.056+0000][1][safepoint    ] Total time for which application threads were stopped: 0.0000776 seconds, Stopping threads took: 0.0000124 seconds
[2019-01-25T14:13:23.061+0000][1][safepoint    ] Application time: 0.0053775 seconds
[2019-01-25T14:13:23.066+0000][1][safepoint    ] Total time for which application threads were stopped: 0.0045643 seconds, Stopping threads took: 0.0044924 seconds
[2019-01-25T14:13:23.073+0000][1][safepoint    ] Application time: 0.0073731 seconds
[2019-01-25T14:13:23.073+0000][1][safepoint    ] Total time for which application threads were stopped: 0.0000947 seconds, Stopping threads took: 0.0000125 seconds
[2019-01-25T14:13:23.083+0000][1][safepoint    ] Application time: 0.0098857 seconds
[2019-01-25T14:13:23.083+0000][1][safepoint    ] Total time for which application threads were stopped: 0.0000928 seconds, Stopping threads took: 0.0000113 seconds
[2019-01-25T14:13:23.098+0000][1][safepoint    ] Application time: 0.0151961 seconds
[2019-01-25T14:13:23.098+0000][1][safepoint    ] Total time for which application threads were stopped: 0.0000853 seconds, Stopping threads took: 0.0000447 seconds
[2019-01-25T14:13:23.131+0000][1][safepoint    ] Application time: 0.0322589 seconds
[2019-01-25T14:13:23.131+0000][1][safepoint    ] Total time for which application threads were stopped: 0.0000738 seconds, Stopping threads took: 0.0000134 seconds
[2019-01-25T14:13:23.131+0000][1][safepoint    ] Application time: 0.0001369 seconds
[2019-01-25T14:13:23.131+0000][1][safepoint    ] Total time for which application threads were stopped: 0.0000423 seconds, Stopping threads took: 0.0000050 seconds
[2019-01-25T14:13:23.188+0000][1][safepoint    ] Application time: 0.0567441 seconds
[2019-01-25T14:13:23.188+0000][1][safepoint    ] Total time for which application threads were stopped: 0.0000716 seconds, Stopping threads took: 0.0000121 seconds
[2019-01-25T14:13:23.190+0000][1][safepoint    ] Application time: 0.0025056 seconds
[2019-01-25T14:13:23.190+0000][1][safepoint    ] Total time for which application threads were stopped: 0.0000484 seconds, Stopping threads took: 0.0000095 seconds
[2019-01-25T14:13:23.191+0000][1][safepoint    ] Application time: 0.0001004 seconds
[2019-01-25T14:13:23.191+0000][1][safepoint    ] Total time for which application threads were stopped: 0.0000295 seconds, Stopping threads took: 0.0000042 seconds
[2019-01-25T14:13:23.191+0000][1][safepoint    ] Application time: 0.0001746 seconds
[2019-01-25T14:13:23.191+0000][1][safepoint    ] Total time for which application threads were stopped: 0.0000278 seconds, Stopping threads took: 0.0000042 seconds
[2019-01-25T14:13:23.192+0000][1][safepoint    ] Application time: 0.0010653 seconds
[2019-01-25T14:13:23.192+0000][1][safepoint    ] Total time for which application threads were stopped: 0.0000858 seconds, Stopping threads took: 0.0000118 seconds
[2019-01-25T14:13:23.225+0000][1][safepoint    ] Application time: 0.0332877 seconds
[2019-01-25T14:13:23.226+0000][1][safepoint    ] Total time for which application threads were stopped: 0.0000706 seconds, Stopping threads took: 0.0000122 seconds
[2019-01-25T14:13:23.226+0000][1][safepoint    ] Application time: 0.0005036 seconds
[2019-01-25T14:13:23.226+0000][1][safepoint    ] Total time for which application threads were stopped: 0.0000702 seconds, Stopping threads took: 0.0000207 seconds
[2019-01-25T14:13:23.378+0000][1][safepoint    ] Application time: 0.1523172 seconds
[2019-01-25T14:13:23.379+0000][1][safepoint    ] Total time for which application threads were stopped: 0.0001079 seconds, Stopping threads took: 0.0000294 seconds
[2019-01-25T14:13:23.502+0000][1][safepoint    ] Application time: 0.1229023 seconds
[2019-01-25T14:13:23.502+0000][1][safepoint    ] Total time for which application threads were stopped: 0.0000692 seconds, Stopping threads took: 0.0000198 seconds
[2019-01-25T14:13:23.503+0000][1][safepoint    ] Application time: 0.0016679 seconds
[2019-01-25T14:13:23.503+0000][1][safepoint    ] Total time for which application threads were stopped: 0.0000780 seconds, Stopping threads took: 0.0000196 seconds
[2019-01-25T14:13:23.516+0000][1][safepoint    ] Application time: 0.0122902 seconds
[2019-01-25T14:13:23.516+0000][1][safepoint    ] Total time for which application threads were stopped: 0.0000773 seconds, Stopping threads took: 0.0000224 seconds
[2019-01-25T14:13:24.516+0000][1][safepoint    ] Application time: 1.0001425 seconds
[2019-01-25T14:13:24.516+0000][1][safepoint    ] Total time for which application threads were stopped: 0.0000764 seconds, Stopping threads took: 0.0000139 seconds
[2019-01-25T14:13:25.516+0000][1][safepoint    ] Application time: 1.0001248 seconds
[2019-01-25T14:13:25.516+0000][1][safepoint    ] Total time for which application threads were stopped: 0.0000564 seconds, Stopping threads took: 0.0000124 seconds
[2019-01-25T14:13:25.668+0000][1][safepoint    ] Application time: 0.1519271 seconds
[2019-01-25T14:13:25.668+0000][1][safepoint    ] Total time for which application threads were stopped: 0.0000819 seconds, Stopping threads took: 0.0000104 seconds
[2019-01-25T14:13:25.685+0000][1][safepoint    ] Application time: 0.0170126 seconds
[2019-01-25T14:13:25.686+0000][1][safepoint    ] Total time for which application threads were stopped: 0.0000785 seconds, Stopping threads took: 0.0000214 seconds
[2019-01-25T14:13:26.688+0000][1][safepoint    ] Application time: 1.0020347 seconds
[2019-01-25T14:13:26.688+0000][1][safepoint    ] Total time for which application threads were stopped: 0.0000617 seconds, Stopping threads took: 0.0000128 seconds
[2019-01-25T14:13:27.688+0000][1][safepoint    ] Application time: 1.0001127 seconds
[2019-01-25T14:13:27.688+0000][1][safepoint    ] Total time for which application threads were stopped: 0.0000546 seconds, Stopping threads took: 0.0000128 seconds
[2019-01-25T14:13:28.233+0000][1][safepoint    ] Application time: 0.5450061 seconds
[2019-01-25T14:13:28.233+0000][1][safepoint    ] Total time for which application threads were stopped: 0.0000734 seconds, Stopping threads took: 0.0000104 seconds
[2019-01-25T14:13:28.243+0000][1][safepoint    ] Application time: 0.0103580 seconds
[2019-01-25T14:13:28.244+0000][1][safepoint    ] Total time for which application threads were stopped: 0.0000649 seconds, Stopping threads took: 0.0000105 seconds
[2019-01-25T14:13:29.244+0000][1][safepoint    ] Application time: 1.0002589 seconds
[2019-01-25T14:13:29.244+0000][1][safepoint    ] Total time for which application threads were stopped: 0.0000357 seconds, Stopping threads took: 0.0000085 seconds
[2019-01-25T14:13:30.244+0000][1][safepoint    ] Application time: 1.0000922 seconds
[2019-01-25T14:13:30.244+0000][1][safepoint    ] Total time for which application threads were stopped: 0.0000367 seconds, Stopping threads took: 0.0000095 seconds
[2019-01-25T14:13:30.771+0000][1][safepoint    ] Application time: 0.5270196 seconds
[2019-01-25T14:13:30.771+0000][1][safepoint    ] Total time for which application threads were stopped: 0.0000786 seconds, Stopping threads took: 0.0000127 seconds
[2019-01-25T14:13:30.808+0000][1][safepoint    ] Application time: 0.0366235 seconds
[2019-01-25T14:13:30.808+0000][1][safepoint    ] Total time for which application threads were stopped: 0.0000741 seconds, Stopping threads took: 0.0000136 seconds
[2019-01-25T14:13:31.808+0000][1][safepoint    ] Application time: 1.0001520 seconds
[2019-01-25T14:13:31.808+0000][1][safepoint    ] Total time for which application threads were stopped: 0.0000495 seconds, Stopping threads took: 0.0000131 seconds
[2019-01-25T14:13:32.809+0000][1][safepoint    ] Application time: 1.0001384 seconds
[2019-01-25T14:13:32.809+0000][1][safepoint    ] Total time for which application threads were stopped: 0.0000364 seconds, Stopping threads took: 0.0000093 seconds
[2019-01-25T14:13:33.348+0000][1][safepoint    ] Application time: 0.5391290 seconds
[2019-01-25T14:13:33.348+0000][1][safepoint    ] Total time for which application threads were stopped: 0.0000964 seconds, Stopping threads took: 0.0000113 seconds
[2019-01-25T14:13:33.370+0000][1][safepoint    ] Application time: 0.0226169 seconds
[2019-01-25T14:13:33.371+0000][1][safepoint    ] Total time for which application threads were stopped: 0.0001164 seconds, Stopping threads took: 0.0000571 seconds
[2019-01-25T14:13:34.371+0000][1][safepoint    ] Application time: 1.0001452 seconds
[2019-01-25T14:13:34.371+0000][1][safepoint    ] Total time for which application threads were stopped: 0.0000512 seconds, Stopping threads took: 0.0000126 seconds
[2019-01-25T14:13:35.371+0000][1][safepoint    ] Application time: 1.0001392 seconds
[2019-01-25T14:13:35.371+0000][1][safepoint    ] Total time for which application threads were stopped: 0.0000518 seconds, Stopping threads took: 0.0000134 seconds
[2019-01-25T14:13:35.908+0000][1][safepoint    ] Application time: 0.5372657 seconds
[2019-01-25T14:13:35.909+0000][1][safepoint    ] Total time for which application threads were stopped: 0.0000966 seconds, Stopping threads took: 0.0000118 seconds
[2019-01-25T14:13:35.957+0000][1][safepoint    ] Application time: 0.0483265 seconds
[2019-01-25T14:13:35.957+0000][1][safepoint    ] Total time for which application threads were stopped: 0.0000990 seconds, Stopping threads took: 0.0000121 seconds
[2019-01-25T14:13:36.957+0000][1][safepoint    ] Application time: 1.0001485 seconds
[2019-01-25T14:13:36.957+0000][1][safepoint    ] Total time for which application threads were stopped: 0.0000631 seconds, Stopping threads took: 0.0000121 seconds
[2019-01-25T14:13:37.956+0000][1][safepoint    ] Application time: 1.0000990 seconds
[2019-01-25T14:13:37.956+0000][1][safepoint    ] Total time for which application threads were stopped: 0.0000419 seconds, Stopping threads took: 0.0000090 seconds
[2019-01-25T14:13:38.489+0000][1][safepoint    ] Application time: 0.5321529 seconds
[2019-01-25T14:13:38.490+0000][1][safepoint    ] Total time for which application threads were stopped: 0.0019102 seconds, Stopping threads took: 0.0018517 seconds
[2019-01-25T14:13:38.524+0000][1][safepoint    ] Application time: 0.0336653 seconds
[2019-01-25T14:13:38.524+0000][1][safepoint    ] Total time for which application threads were stopped: 0.0001668 seconds, Stopping threads took: 0.0000260 seconds
[2019-01-25T14:13:39.525+0000][1][safepoint    ] Application time: 1.0001176 seconds
[2019-01-25T14:13:39.525+0000][1][safepoint    ] Total time for which application threads were stopped: 0.0000518 seconds, Stopping threads took: 0.0000126 seconds
[2019-01-25T14:13:40.528+0000][1][safepoint    ] Application time: 1.0034201 seconds
[2019-01-25T14:13:40.528+0000][1][safepoint    ] Total time for which application threads were stopped: 0.0000365 seconds, Stopping threads took: 0.0000092 seconds
[2019-01-25T14:13:41.062+0000][1][safepoint    ] Application time: 0.5337947 seconds
[2019-01-25T14:13:41.063+0000][1][safepoint    ] Total time for which application threads were stopped: 0.0012958 seconds, Stopping threads took: 0.0012488 seconds
[2019-01-25T14:13:41.070+0000][1][safepoint    ] Application time: 0.0068805 seconds
[2019-01-25T14:13:41.070+0000][1][safepoint    ] Total time for which application threads were stopped: 0.0002409 seconds, Stopping threads took: 0.0000852 seconds
[2019-01-25T14:13:42.076+0000][1][safepoint    ] Application time: 1.0055984 seconds
[2019-01-25T14:13:42.090+0000][1][safepoint    ] Total time for which application threads were stopped: 0.0141130 seconds, Stopping threads took: 0.0140534 seconds
[2019-01-25T14:13:42.113+0000][1][safepoint    ] Application time: 0.0224321 seconds
[2019-01-25T14:13:42.126+0000][1][safepoint    ] Total time for which application threads were stopped: 0.0132983 seconds, Stopping threads took: 0.0131833 seconds
[2019-01-25T14:13:42.127+0000][1][safepoint    ] Application time: 0.0007059 seconds
[2019-01-25T14:13:42.128+0000][1][safepoint    ] Total time for which application threads were stopped: 0.0009197 seconds, Stopping threads took: 0.0001592 seconds
[2019-01-25T14:13:42.128+0000][1][safepoint    ] Application time: 0.0000559 seconds
[2019-01-25T14:13:42.128+0000][1][safepoint    ] Total time for which application threads were stopped: 0.0000301 seconds, Stopping threads took: 0.0000039 seconds
[2019-01-25T14:13:42.131+0000][1][safepoint    ] Application time: 0.0030057 seconds
[2019-01-25T14:13:42.131+0000][1][safepoint    ] Total time for which application threads were stopped: 0.0000692 seconds, Stopping threads took: 0.0000081 seconds
[2019-01-25T14:13:42.132+0000][1][safepoint    ] Application time: 0.0002220 seconds
[2019-01-25T14:13:42.132+0000][1][safepoint    ] Total time for which application threads were stopped: 0.0000305 seconds, Stopping threads took: 0.0000044 seconds
[2019-01-25T14:13:42.132+0000][1][safepoint    ] Application time: 0.0004705 seconds
[2019-01-25T14:13:42.132+0000][1][safepoint    ] Total time for which application threads were stopped: 0.0000375 seconds, Stopping threads took: 0.0000064 seconds
[2019-01-25T14:13:42.133+0000][1][safepoint    ] Application time: 0.0004609 seconds
[2019-01-25T14:13:42.133+0000][1][safepoint    ] Total time for which application threads were stopped: 0.0000398 seconds, Stopping threads took: 0.0000058 seconds
[2019-01-25T14:13:42.167+0000][1][safepoint    ] Application time: 0.0342482 seconds
[2019-01-25T14:13:42.167+0000][1][safepoint    ] Total time for which application threads were stopped: 0.0001278 seconds, Stopping threads took: 0.0000247 seconds
[2019-01-25T14:13:42.167+0000][1][safepoint    ] Application time: 0.0002836 seconds
[2019-01-25T14:13:42.167+0000][1][safepoint    ] Total time for which application threads were stopped: 0.0000808 seconds, Stopping threads took: 0.0000178 seconds
[2019-01-25T14:13:42.168+0000][1][safepoint    ] Application time: 0.0001703 seconds
[2019-01-25T14:13:42.168+0000][1][safepoint    ] Total time for which application threads were stopped: 0.0000629 seconds, Stopping threads took: 0.0000143 seconds
[2019-01-25T14:13:43.169+0000][1][safepoint    ] Application time: 1.0001751 seconds
[2019-01-25T14:13:43.169+0000][1][safepoint    ] Total time for which application threads were stopped: 0.0000503 seconds, Stopping threads took: 0.0000126 seconds
[2019-01-25T14:13:43.584+0000][1][safepoint    ] Application time: 0.4150226 seconds
[2019-01-25T14:13:43.586+0000][1][safepoint    ] Total time for which application threads were stopped: 0.0012246 seconds, Stopping threads took: 0.0011436 seconds
[2019-01-25T14:13:43.611+0000][1][safepoint    ] Application time: 0.0250706 seconds
[2019-01-25T14:13:43.611+0000][1][safepoint    ] Total time for which application threads were stopped: 0.0000670 seconds, Stopping threads took: 0.0000118 seconds
[2019-01-25T14:13:44.611+0000][1][safepoint    ] Application time: 1.0001345 seconds
[2019-01-25T14:13:44.611+0000][1][safepoint    ] Total time for which application threads were stopped: 0.0000610 seconds, Stopping threads took: 0.0000127 seconds
[2019-01-25T14:13:45.611+0000][1][safepoint    ] Application time: 1.0001291 seconds
[2019-01-25T14:13:45.611+0000][1][safepoint    ] Total time for which application threads were stopped: 0.0000550 seconds, Stopping threads took: 0.0000137 seconds
[2019-01-25T14:13:46.135+0000][1][safepoint    ] Application time: 0.5235439 seconds
[2019-01-25T14:13:46.135+0000][1][safepoint    ] Total time for which application threads were stopped: 0.0000696 seconds, Stopping threads took: 0.0000089 seconds
[2019-01-25T14:13:46.143+0000][1][safepoint    ] Application time: 0.0081049 seconds
[2019-01-25T14:13:46.143+0000][1][safepoint    ] Total time for which application threads were stopped: 0.0000561 seconds, Stopping threads took: 0.0000171 seconds
[2019-01-25T14:13:47.146+0000][1][safepoint    ] Application time: 1.0030810 seconds
[2019-01-25T14:13:47.146+0000][1][safepoint    ] Total time for which application threads were stopped: 0.0000373 seconds, Stopping threads took: 0.0000091 seconds
[2019-01-25T14:13:48.145+0000][1][safepoint    ] Application time: 1.0002811 seconds
[2019-01-25T14:13:48.145+0000][1][safepoint    ] Total time for which application threads were stopped: 0.0000399 seconds, Stopping threads took: 0.0000101 seconds
[2019-01-25T14:13:48.653+0000][1][safepoint    ] Application time: 0.5079551 seconds
[2019-01-25T14:13:48.653+0000][1][safepoint    ] Total time for which application threads were stopped: 0.0000588 seconds, Stopping threads took: 0.0000156 seconds
[2019-01-25T14:13:48.656+0000][1][safepoint    ] Application time: 0.0038279 seconds
[2019-01-25T14:13:48.657+0000][1][safepoint    ] Total time for which application threads were stopped: 0.0000563 seconds, Stopping threads took: 0.0000155 seconds
[2019-01-25T14:13:49.657+0000][1][safepoint    ] Application time: 1.0003225 seconds
[2019-01-25T14:13:49.657+0000][1][safepoint    ] Total time for which application threads were stopped: 0.0000816 seconds, Stopping threads took: 0.0000358 seconds
[2019-01-25T14:13:50.657+0000][1][safepoint    ] Application time: 1.0001279 seconds
[2019-01-25T14:13:50.657+0000][1][safepoint    ] Total time for which application threads were stopped: 0.0000635 seconds, Stopping threads took: 0.0000125 seconds
[2019-01-25T14:13:51.169+0000][1][safepoint    ] Application time: 0.5121272 seconds
[2019-01-25T14:13:51.178+0000][1][safepoint    ] Total time for which application threads were stopped: 0.0084686 seconds, Stopping threads took: 0.0084093 seconds
[2019-01-25T14:13:51.182+0000][1][safepoint    ] Application time: 0.0037426 seconds
[2019-01-25T14:13:51.182+0000][1][safepoint    ] Total time for which application threads were stopped: 0.0000749 seconds, Stopping threads took: 0.0000218 seconds
[2019-01-25T14:13:52.182+0000][1][safepoint    ] Application time: 1.0001277 seconds
[2019-01-25T14:13:52.182+0000][1][safepoint    ] Total time for which application threads were stopped: 0.0000573 seconds, Stopping threads took: 0.0000119 seconds
[2019-01-25T14:13:53.184+0000][1][safepoint    ] Application time: 1.0001255 seconds
[2019-01-25T14:13:53.185+0000][1][safepoint    ] Total time for which application threads were stopped: 0.0000386 seconds, Stopping threads took: 0.0000098 seconds
[2019-01-25T14:13:53.728+0000][1][safepoint    ] Application time: 0.5438203 seconds
[2019-01-25T14:13:53.728+0000][1][safepoint    ] Total time for which application threads were stopped: 0.0000993 seconds, Stopping threads took: 0.0000209 seconds
[2019-01-25T14:13:53.748+0000][1][safepoint    ] Application time: 0.0197836 seconds
[2019-01-25T14:13:53.748+0000][1][safepoint    ] Total time for which application threads were stopped: 0.0000899 seconds, Stopping threads took: 0.0000271 seconds
[2019-01-25T14:13:54.751+0000][1][safepoint    ] Application time: 1.0023939 seconds
[2019-01-25T14:13:54.751+0000][1][safepoint    ] Total time for which application threads were stopped: 0.0001029 seconds, Stopping threads took: 0.0000097 seconds
[2019-01-25T14:13:55.751+0000][1][safepoint    ] Application time: 1.0001038 seconds
[2019-01-25T14:13:55.751+0000][1][safepoint    ] Total time for which application threads were stopped: 0.0000461 seconds, Stopping threads took: 0.0000096 seconds
[2019-01-25T14:13:56.279+0000][1][safepoint    ] Application time: 0.5275928 seconds
[2019-01-25T14:13:56.279+0000][1][safepoint    ] Total time for which application threads were stopped: 0.0000970 seconds, Stopping threads took: 0.0000273 seconds
[2019-01-25T14:13:56.303+0000][1][safepoint    ] Application time: 0.0242646 seconds
[2019-01-25T14:13:56.303+0000][1][safepoint    ] Total time for which application threads were stopped: 0.0000821 seconds, Stopping threads took: 0.0000230 seconds
[2019-01-25T14:13:57.304+0000][1][safepoint    ] Application time: 1.0001211 seconds
[2019-01-25T14:13:57.304+0000][1][safepoint    ] Total time for which application threads were stopped: 0.0000709 seconds, Stopping threads took: 0.0000147 seconds
[2019-01-25T14:13:58.304+0000][1][safepoint    ] Application time: 1.0000941 seconds
[2019-01-25T14:13:58.304+0000][1][safepoint    ] Total time for which application threads were stopped: 0.0000392 seconds, Stopping threads took: 0.0000096 seconds
[2019-01-25T14:13:58.837+0000][1][safepoint    ] Application time: 0.5331508 seconds
[2019-01-25T14:13:58.837+0000][1][safepoint    ] Total time for which application threads were stopped: 0.0000696 seconds, Stopping threads took: 0.0000186 seconds
[2019-01-25T14:13:58.866+0000][1][safepoint    ] Application time: 0.0282858 seconds
[2019-01-25T14:13:58.866+0000][1][safepoint    ] Total time for which application threads were stopped: 0.0000919 seconds, Stopping threads took: 0.0000244 seconds
[2019-01-25T14:13:59.866+0000][1][safepoint    ] Application time: 1.0001039 seconds
[2019-01-25T14:13:59.866+0000][1][safepoint    ] Total time for which application threads were stopped: 0.0000390 seconds, Stopping threads took: 0.0000092 seconds
[2019-01-25T14:14:00.866+0000][1][safepoint    ] Application time: 1.0000873 seconds
[2019-01-25T14:14:00.866+0000][1][safepoint    ] Total time for which application threads were stopped: 0.0000385 seconds, Stopping threads took: 0.0000096 seconds
[2019-01-25T14:14:01.384+0000][1][safepoint    ] Application time: 0.5177706 seconds
[2019-01-25T14:14:01.384+0000][1][safepoint    ] Total time for which application threads were stopped: 0.0001050 seconds, Stopping threads took: 0.0000237 seconds
[2019-01-25T14:14:01.393+0000][1][safepoint    ] Application time: 0.0091203 seconds
[2019-01-25T14:14:01.393+0000][1][safepoint    ] Total time for which application threads were stopped: 0.0000581 seconds, Stopping threads took: 0.0000166 seconds
[2019-01-25T14:14:02.391+0000][1][safepoint    ] Application time: 1.0003265 seconds
[2019-01-25T14:14:02.391+0000][1][safepoint    ] Total time for which application threads were stopped: 0.0000755 seconds, Stopping threads took: 0.0000163 seconds
[2019-01-25T14:14:03.391+0000][1][safepoint    ] Application time: 1.0001041 seconds
[2019-01-25T14:14:03.391+0000][1][safepoint    ] Total time for which application threads were stopped: 0.0000417 seconds, Stopping threads took: 0.0000091 seconds
[2019-01-25T14:14:03.909+0000][1][safepoint    ] Application time: 0.5180867 seconds
[2019-01-25T14:14:03.910+0000][1][safepoint    ] Total time for which application threads were stopped: 0.0001089 seconds, Stopping threads took: 0.0000252 seconds
[2019-01-25T14:14:03.916+0000][1][safepoint    ] Application time: 0.0060137 seconds
[2019-01-25T14:14:03.916+0000][1][safepoint    ] Total time for which application threads were stopped: 0.0001169 seconds, Stopping threads took: 0.0000449 seconds
[2019-01-25T14:14:04.918+0000][1][safepoint    ] Application time: 1.0021418 seconds
[2019-01-25T14:14:04.918+0000][1][safepoint    ] Total time for which application threads were stopped: 0.0000718 seconds, Stopping threads took: 0.0000134 seconds
[2019-01-25T14:14:05.918+0000][1][safepoint    ] Application time: 1.0001123 seconds
[2019-01-25T14:14:05.918+0000][1][safepoint    ] Total time for which application threads were stopped: 0.0000558 seconds, Stopping threads took: 0.0000123 seconds
[2019-01-25T14:14:06.447+0000][1][safepoint    ] Application time: 0.5280916 seconds
[2019-01-25T14:14:06.447+0000][1][safepoint    ] Total time for which application threads were stopped: 0.0003339 seconds, Stopping threads took: 0.0000647 seconds
[2019-01-25T14:14:06.461+0000][1][safepoint    ] Application time: 0.0143205 seconds
[2019-01-25T14:14:06.462+0000][1][safepoint    ] Total time for which application threads were stopped: 0.0000704 seconds, Stopping threads took: 0.0000179 seconds
[2019-01-25T14:14:07.464+0000][1][safepoint    ] Application time: 1.0001135 seconds
[2019-01-25T14:14:07.464+0000][1][safepoint    ] Total time for which application threads were stopped: 0.0000423 seconds, Stopping threads took: 0.0000093 seconds
[2019-01-25T14:14:08.465+0000][1][safepoint    ] Application time: 1.0003385 seconds
[2019-01-25T14:14:08.465+0000][1][safepoint    ] Total time for which application threads were stopped: 0.0003157 seconds, Stopping threads took: 0.0000640 seconds
[2019-01-25T14:14:09.009+0000][1][safepoint    ] Application time: 0.5435479 seconds
[2019-01-25T14:14:09.009+0000][1][safepoint    ] Total time for which application threads were stopped: 0.0001140 seconds, Stopping threads took: 0.0000293 seconds
[2019-01-25T14:14:09.049+0000][1][safepoint    ] Application time: 0.0394724 seconds
[2019-01-25T14:14:09.049+0000][1][safepoint    ] Total time for which application threads were stopped: 0.0000919 seconds, Stopping threads took: 0.0000219 seconds
[2019-01-25T14:14:10.049+0000][1][safepoint    ] Application time: 1.0006003 seconds
[2019-01-25T14:14:10.049+0000][1][safepoint    ] Total time for which application threads were stopped: 0.0000687 seconds, Stopping threads took: 0.0000123 seconds
[2019-01-25T14:14:11.050+0000][1][safepoint    ] Application time: 1.0001092 seconds
[2019-01-25T14:14:11.050+0000][1][safepoint    ] Total time for which application threads were stopped: 0.0000852 seconds, Stopping threads took: 0.0000141 seconds
[2019-01-25T14:14:11.581+0000][1][safepoint    ] Application time: 0.5311419 seconds
[2019-01-25T14:14:11.581+0000][1][safepoint    ] Total time for which application threads were stopped: 0.0000957 seconds, Stopping threads took: 0.0000226 seconds
[2019-01-25T14:14:11.589+0000][1][safepoint    ] Application time: 0.0079298 seconds
[2019-01-25T14:14:11.589+0000][1][safepoint    ] Total time for which application threads were stopped: 0.0000939 seconds, Stopping threads took: 0.0000231 seconds
[2019-01-25T14:14:12.589+0000][1][safepoint    ] Application time: 1.0001437 seconds
[2019-01-25T14:14:12.589+0000][1][safepoint    ] Total time for which application threads were stopped: 0.0000526 seconds, Stopping threads took: 0.0000131 seconds
[2019-01-25T14:14:13.590+0000][1][safepoint    ] Application time: 1.0001292 seconds
[2019-01-25T14:14:13.590+0000][1][safepoint    ] Total time for which application threads were stopped: 0.0000400 seconds, Stopping threads took: 0.0000089 seconds
[2019-01-25T14:14:14.104+0000][1][safepoint    ] Application time: 0.5147573 seconds
[2019-01-25T14:14:14.105+0000][1][safepoint    ] Total time for which application threads were stopped: 0.0000917 seconds, Stopping threads took: 0.0000185 seconds
[2019-01-25T14:14:14.108+0000][1][safepoint    ] Application time: 0.0038390 seconds
[2019-01-25T14:14:14.108+0000][1][safepoint    ] Total time for which application threads were stopped: 0.0000724 seconds, Stopping threads took: 0.0000175 seconds
[2019-01-25T14:14:15.109+0000][1][safepoint    ] Application time: 1.0001413 seconds
[2019-01-25T14:14:15.109+0000][1][safepoint    ] Total time for which application threads were stopped: 0.0000716 seconds, Stopping threads took: 0.0000128 seconds
[2019-01-25T14:14:16.109+0000][1][safepoint    ] Application time: 1.0001349 seconds
[2019-01-25T14:14:16.109+0000][1][safepoint    ] Total time for which application threads were stopped: 0.0000729 seconds, Stopping threads took: 0.0000140 seconds
[2019-01-25T14:14:16.642+0000][1][safepoint    ] Application time: 0.5328598 seconds
[2019-01-25T14:14:16.642+0000][1][safepoint    ] Total time for which application threads were stopped: 0.0000846 seconds, Stopping threads took: 0.0000119 seconds
[2019-01-25T14:14:16.661+0000][1][safepoint    ] Application time: 0.0188026 seconds
[2019-01-25T14:14:16.661+0000][1][safepoint    ] Total time for which application threads were stopped: 0.0000878 seconds, Stopping threads took: 0.0000126 seconds
[2019-01-25T14:14:17.661+0000][1][safepoint    ] Application time: 1.0003248 seconds
[2019-01-25T14:14:17.661+0000][1][safepoint    ] Total time for which application threads were stopped: 0.0000836 seconds, Stopping threads took: 0.0000143 seconds
[2019-01-25T14:14:18.662+0000][1][safepoint    ] Application time: 1.0001030 seconds
[2019-01-25T14:14:18.662+0000][1][safepoint    ] Total time for which application threads were stopped: 0.0000728 seconds, Stopping threads took: 0.0000125 seconds
[2019-01-25T14:14:19.179+0000][1][safepoint    ] Application time: 0.5167992 seconds
[2019-01-25T14:14:19.179+0000][1][safepoint    ] Total time for which application threads were stopped: 0.0000785 seconds, Stopping threads took: 0.0000236 seconds
[2019-01-25T14:14:19.186+0000][1][safepoint    ] Application time: 0.0077448 seconds
[2019-01-25T14:14:19.187+0000][1][safepoint    ] Total time for which application threads were stopped: 0.0000723 seconds, Stopping threads took: 0.0000117 seconds
[2019-01-25T14:14:20.187+0000][1][safepoint    ] Application time: 1.0001413 seconds
[2019-01-25T14:14:20.187+0000][1][safepoint    ] Total time for which application threads were stopped: 0.0000783 seconds, Stopping threads took: 0.0000323 seconds
[2019-01-25T14:14:21.187+0000][1][safepoint    ] Application time: 1.0001407 seconds
[2019-01-25T14:14:21.187+0000][1][safepoint    ] Total time for which application threads were stopped: 0.0000596 seconds, Stopping threads took: 0.0000126 seconds
[2019-01-25T14:14:21.700+0000][1][safepoint    ] Application time: 0.5129102 seconds
[2019-01-25T14:14:21.700+0000][1][safepoint    ] Total time for which application threads were stopped: 0.0000875 seconds, Stopping threads took: 0.0000108 seconds
[2019-01-25T14:14:21.705+0000][1][safepoint    ] Application time: 0.0045027 seconds
[2019-01-25T14:14:21.705+0000][1][safepoint    ] Total time for which application threads were stopped: 0.0001010 seconds, Stopping threads took: 0.0000152 seconds
[2019-01-25T14:14:22.705+0000][1][safepoint    ] Application time: 1.0001874 seconds
[2019-01-25T14:14:22.705+0000][1][safepoint    ] Total time for which application threads were stopped: 0.0000677 seconds, Stopping threads took: 0.0000168 seconds
[2019-01-25T14:14:23.705+0000][1][safepoint    ] Application time: 1.0001319 seconds
[2019-01-25T14:14:23.705+0000][1][safepoint    ] Total time for which application threads were stopped: 0.0000849 seconds, Stopping threads took: 0.0000138 seconds
[2019-01-25T14:14:24.218+0000][1][safepoint    ] Application time: 0.5131548 seconds
[2019-01-25T14:14:24.218+0000][1][safepoint    ] Total time for which application threads were stopped: 0.0001044 seconds, Stopping threads took: 0.0000229 seconds
[2019-01-25T14:14:24.247+0000][1][safepoint    ] Application time: 0.0285216 seconds
[2019-01-25T14:14:24.247+0000][1][safepoint    ] Total time for which application threads were stopped: 0.0002358 seconds, Stopping threads took: 0.0000152 seconds
[2019-01-25T14:14:25.247+0000][1][safepoint    ] Application time: 1.0001503 seconds
[2019-01-25T14:14:25.248+0000][1][safepoint    ] Total time for which application threads were stopped: 0.0000908 seconds, Stopping threads took: 0.0000149 seconds
[2019-01-25T14:14:26.248+0000][1][safepoint    ] Application time: 1.0001254 seconds
[2019-01-25T14:14:26.248+0000][1][safepoint    ] Total time for which application threads were stopped: 0.0000695 seconds, Stopping threads took: 0.0000137 seconds
[2019-01-25T14:14:26.764+0000][1][safepoint    ] Application time: 0.5159406 seconds
[2019-01-25T14:14:26.765+0000][1][safepoint    ] Total time for which application threads were stopped: 0.0011591 seconds, Stopping threads took: 0.0010153 seconds
[2019-01-25T14:14:26.767+0000][1][safepoint    ] Application time: 0.0024086 seconds
[2019-01-25T14:14:26.768+0000][1][safepoint    ] Total time for which application threads were stopped: 0.0000707 seconds, Stopping threads took: 0.0000175 seconds
[2019-01-25T14:14:27.768+0000][1][safepoint    ] Application time: 1.0001460 seconds
[2019-01-25T14:14:27.768+0000][1][safepoint    ] Total time for which application threads were stopped: 0.0000668 seconds, Stopping threads took: 0.0000147 seconds
[2019-01-25T14:14:28.768+0000][1][safepoint    ] Application time: 1.0001884 seconds
[2019-01-25T14:14:28.768+0000][1][safepoint    ] Total time for which application threads were stopped: 0.0000458 seconds, Stopping threads took: 0.0000112 seconds
[2019-01-25T14:14:29.288+0000][1][safepoint    ] Application time: 0.5197709 seconds
[2019-01-25T14:14:29.288+0000][1][safepoint    ] Total time for which application threads were stopped: 0.0001043 seconds, Stopping threads took: 0.0000226 seconds
[2019-01-25T14:14:29.300+0000][1][safepoint    ] Application time: 0.0118172 seconds
[2019-01-25T14:14:29.300+0000][1][safepoint    ] Total time for which application threads were stopped: 0.0002563 seconds, Stopping threads took: 0.0000217 seconds
[2019-01-25T14:14:30.301+0000][1][safepoint    ] Application time: 1.0001196 seconds
[2019-01-25T14:14:30.301+0000][1][safepoint    ] Total time for which application threads were stopped: 0.0000648 seconds, Stopping threads took: 0.0000129 seconds
[2019-01-25T14:14:31.301+0000][1][safepoint    ] Application time: 1.0001015 seconds
[2019-01-25T14:14:31.301+0000][1][safepoint    ] Total time for which application threads were stopped: 0.0000462 seconds, Stopping threads took: 0.0000105 seconds
[2019-01-25T14:14:31.821+0000][1][safepoint    ] Application time: 0.5199124 seconds
[2019-01-25T14:14:31.821+0000][1][safepoint    ] Total time for which application threads were stopped: 0.0001610 seconds, Stopping threads took: 0.0000269 seconds
[2019-01-25T14:14:31.837+0000][1][safepoint    ] Application time: 0.0154403 seconds
[2019-01-25T14:14:31.837+0000][1][safepoint    ] Total time for which application threads were stopped: 0.0001100 seconds, Stopping threads took: 0.0000249 seconds
[2019-01-25T14:14:32.837+0000][1][safepoint    ] Application time: 1.0001461 seconds
[2019-01-25T14:14:32.837+0000][1][safepoint    ] Total time for which application threads were stopped: 0.0000699 seconds, Stopping threads took: 0.0000150 seconds
[2019-01-25T14:14:33.843+0000][1][safepoint    ] Application time: 1.0062149 seconds
[2019-01-25T14:14:33.843+0000][1][safepoint    ] Total time for which application threads were stopped: 0.0000672 seconds, Stopping threads took: 0.0000146 seconds
[2019-01-25T14:14:34.355+0000][1][safepoint    ] Application time: 0.5120608 seconds
[2019-01-25T14:14:34.356+0000][1][safepoint    ] Total time for which application threads were stopped: 0.0000960 seconds, Stopping threads took: 0.0000218 seconds
[2019-01-25T14:14:34.365+0000][1][safepoint    ] Application time: 0.0097125 seconds
[2019-01-25T14:14:34.365+0000][1][safepoint    ] Total time for which application threads were stopped: 0.0000908 seconds, Stopping threads took: 0.0000214 seconds
[2019-01-25T14:14:35.366+0000][1][safepoint    ] Application time: 1.0002422 seconds
[2019-01-25T14:14:35.366+0000][1][safepoint    ] Total time for which application threads were stopped: 0.0001071 seconds, Stopping threads took: 0.0000237 seconds
[2019-01-25T14:14:36.366+0000][1][safepoint    ] Application time: 1.0001441 seconds
[2019-01-25T14:14:36.366+0000][1][safepoint    ] Total time for which application threads were stopped: 0.0000698 seconds, Stopping threads took: 0.0000144 seconds
[2019-01-25T14:14:36.896+0000][1][safepoint    ] Application time: 0.5295218 seconds
[2019-01-25T14:14:36.896+0000][1][safepoint    ] Total time for which application threads were stopped: 0.0001105 seconds, Stopping threads took: 0.0000221 seconds
[2019-01-25T14:14:36.907+0000][1][safepoint    ] Application time: 0.0107971 seconds
[2019-01-25T14:14:36.907+0000][1][safepoint    ] Total time for which application threads were stopped: 0.0000957 seconds, Stopping threads took: 0.0000145 seconds
[2019-01-25T14:14:37.907+0000][1][safepoint    ] Application time: 1.0001497 seconds
[2019-01-25T14:14:37.907+0000][1][safepoint    ] Total time for which application threads were stopped: 0.0000538 seconds, Stopping threads took: 0.0000131 seconds
[2019-01-25T14:14:38.907+0000][1][safepoint    ] Application time: 1.0000944 seconds
[2019-01-25T14:14:38.907+0000][1][safepoint    ] Total time for which application threads were stopped: 0.0000457 seconds, Stopping threads took: 0.0000108 seconds
[2019-01-25T14:14:39.429+0000][1][safepoint    ] Application time: 0.5217416 seconds
[2019-01-25T14:14:39.431+0000][1][safepoint    ] Total time for which application threads were stopped: 0.0015231 seconds, Stopping threads took: 0.0014559 seconds
[2019-01-25T14:14:39.434+0000][1][safepoint    ] Application time: 0.0031711 seconds
[2019-01-25T14:14:39.435+0000][1][safepoint    ] Total time for which application threads were stopped: 0.0013189 seconds, Stopping threads took: 0.0012541 seconds
[2019-01-25T14:14:40.435+0000][1][safepoint    ] Application time: 1.0001657 seconds
[2019-01-25T14:14:40.435+0000][1][safepoint    ] Total time for which application threads were stopped: 0.0000560 seconds, Stopping threads took: 0.0000106 seconds
[2019-01-25T14:14:41.436+0000][1][safepoint    ] Application time: 1.0003512 seconds
[2019-01-25T14:14:41.436+0000][1][safepoint    ] Total time for which application threads were stopped: 0.0001572 seconds, Stopping threads took: 0.0000364 seconds
[2019-01-25T14:14:41.955+0000][1][safepoint    ] Application time: 0.5189385 seconds
[2019-01-25T14:14:41.955+0000][1][safepoint    ] Total time for which application threads were stopped: 0.0001355 seconds, Stopping threads took: 0.0000276 seconds
[2019-01-25T14:14:41.967+0000][1][safepoint    ] Application time: 0.0119525 seconds
[2019-01-25T14:14:41.967+0000][1][safepoint    ] Total time for which application threads were stopped: 0.0001635 seconds, Stopping threads took: 0.0000512 seconds
[2019-01-25T14:14:42.190+0000][1][safepoint    ] Application time: 0.2224769 seconds
[2019-01-25T14:14:42.190+0000][1][safepoint    ] Total time for which application threads were stopped: 0.0000817 seconds, Stopping threads took: 0.0000159 seconds
[2019-01-25T14:14:43.038+0000][1][safepoint    ] Application time: 0.8483391 seconds
[2019-01-25T14:14:43.043+0000][1][safepoint    ] Total time for which application threads were stopped: 0.0044635 seconds, Stopping threads took: 0.0040447 seconds
[2019-01-25T14:14:44.043+0000][1][safepoint    ] Application time: 1.0002684 seconds
[2019-01-25T14:14:44.043+0000][1][safepoint    ] Total time for which application threads were stopped: 0.0000651 seconds, Stopping threads took: 0.0000140 seconds
[2019-01-25T14:14:44.489+0000][1][safepoint    ] Application time: 0.4458285 seconds
[2019-01-25T14:14:44.491+0000][1][safepoint    ] Total time for which application threads were stopped: 0.0014997 seconds, Stopping threads took: 0.0012723 seconds
[2019-01-25T14:14:44.499+0000][1][safepoint    ] Application time: 0.0083807 seconds
[2019-01-25T14:14:44.500+0000][1][safepoint    ] Total time for which application threads were stopped: 0.0000894 seconds, Stopping threads took: 0.0000217 seconds
[2019-01-25T14:14:45.500+0000][1][safepoint    ] Application time: 1.0001815 seconds
[2019-01-25T14:14:45.500+0000][1][safepoint    ] Total time for which application threads were stopped: 0.0000823 seconds, Stopping threads took: 0.0000173 seconds
[2019-01-25T14:14:46.500+0000][1][safepoint    ] Application time: 1.0001392 seconds
[2019-01-25T14:14:46.500+0000][1][safepoint    ] Total time for which application threads were stopped: 0.0000727 seconds, Stopping threads took: 0.0000139 seconds
[2019-01-25T14:14:47.176+0000][1][safepoint    ] Application time: 0.6756441 seconds
[2019-01-25T14:14:47.176+0000][1][safepoint    ] Total time for which application threads were stopped: 0.0001394 seconds, Stopping threads took: 0.0000138 seconds
[2019-01-25T14:14:47.196+0000][1][safepoint    ] Application time: 0.0199628 seconds
[2019-01-25T14:14:47.196+0000][1][safepoint    ] Total time for which application threads were stopped: 0.0001074 seconds, Stopping threads took: 0.0000262 seconds
[2019-01-25T14:14:48.196+0000][1][safepoint    ] Application time: 1.0001182 seconds
[2019-01-25T14:14:48.196+0000][1][safepoint    ] Total time for which application threads were stopped: 0.0000804 seconds, Stopping threads took: 0.0000105 seconds
[2019-01-25T14:14:49.197+0000][1][safepoint    ] Application time: 1.0001608 seconds
[2019-01-25T14:14:49.197+0000][1][safepoint    ] Total time for which application threads were stopped: 0.0000511 seconds, Stopping threads took: 0.0000105 seconds
[2019-01-25T14:14:49.724+0000][1][safepoint    ] Application time: 0.5272473 seconds
[2019-01-25T14:14:49.724+0000][1][safepoint    ] Total time for which application threads were stopped: 0.0000807 seconds, Stopping threads took: 0.0000211 seconds
[2019-01-25T14:14:49.730+0000][1][safepoint    ] Application time: 0.0059733 seconds
[2019-01-25T14:14:49.730+0000][1][safepoint    ] Total time for which application threads were stopped: 0.0000741 seconds, Stopping threads took: 0.0000117 seconds
[2019-01-25T14:14:50.730+0000][1][safepoint    ] Application time: 1.0001195 seconds
[2019-01-25T14:14:50.730+0000][1][safepoint    ] Total time for which application threads were stopped: 0.0001163 seconds, Stopping threads took: 0.0000440 seconds
[2019-01-25T14:14:51.731+0000][1][safepoint    ] Application time: 1.0001530 seconds
[2019-01-25T14:14:51.731+0000][1][safepoint    ] Total time for which application threads were stopped: 0.0000790 seconds, Stopping threads took: 0.0000193 seconds
[2019-01-25T14:14:52.245+0000][1][safepoint    ] Application time: 0.5143293 seconds
[2019-01-25T14:14:52.245+0000][1][safepoint    ] Total time for which application threads were stopped: 0.0000741 seconds, Stopping threads took: 0.0000174 seconds
[2019-01-25T14:14:52.249+0000][1][safepoint    ] Application time: 0.0039430 seconds
[2019-01-25T14:14:52.249+0000][1][safepoint    ] Total time for which application threads were stopped: 0.0000652 seconds, Stopping threads took: 0.0000086 seconds
[2019-01-25T14:14:53.248+0000][1][safepoint    ] Application time: 1.0002812 seconds
[2019-01-25T14:14:53.248+0000][1][safepoint    ] Total time for which application threads were stopped: 0.0000715 seconds, Stopping threads took: 0.0000145 seconds
[2019-01-25T14:14:54.249+0000][1][safepoint    ] Application time: 1.0003335 seconds
[2019-01-25T14:14:54.249+0000][1][safepoint    ] Total time for which application threads were stopped: 0.0000517 seconds, Stopping threads took: 0.0000119 seconds
[2019-01-25T14:14:54.767+0000][1][safepoint    ] Application time: 0.5180463 seconds
[2019-01-25T14:14:54.767+0000][1][safepoint    ] Total time for which application threads were stopped: 0.0000895 seconds, Stopping threads took: 0.0000210 seconds
[2019-01-25T14:14:54.771+0000][1][safepoint    ] Application time: 0.0041379 seconds
[2019-01-25T14:14:54.771+0000][1][safepoint    ] Total time for which application threads were stopped: 0.0001058 seconds, Stopping threads took: 0.0000220 seconds
[2019-01-25T14:14:55.772+0000][1][safepoint    ] Application time: 1.0002703 seconds
[2019-01-25T14:14:55.772+0000][1][safepoint    ] Total time for which application threads were stopped: 0.0000754 seconds, Stopping threads took: 0.0000157 seconds
[2019-01-25T14:14:56.772+0000][1][safepoint    ] Application time: 1.0001382 seconds
[2019-01-25T14:14:56.772+0000][1][safepoint    ] Total time for which application threads were stopped: 0.0000647 seconds, Stopping threads took: 0.0000144 seconds
[2019-01-25T14:14:57.292+0000][1][safepoint    ] Application time: 0.5201057 seconds
[2019-01-25T14:14:57.294+0000][1][safepoint    ] Total time for which application threads were stopped: 0.0016585 seconds, Stopping threads took: 0.0015668 seconds
[2019-01-25T14:14:57.297+0000][1][safepoint    ] Application time: 0.0028762 seconds
[2019-01-25T14:14:57.297+0000][1][safepoint    ] Total time for which application threads were stopped: 0.0000750 seconds, Stopping threads took: 0.0000266 seconds
[2019-01-25T14:14:58.298+0000][1][safepoint    ] Application time: 1.0001464 seconds
[2019-01-25T14:14:58.298+0000][1][safepoint    ] Total time for which application threads were stopped: 0.0000660 seconds, Stopping threads took: 0.0000151 seconds
[2019-01-25T14:14:59.299+0000][1][safepoint    ] Application time: 1.0002604 seconds
[2019-01-25T14:14:59.299+0000][1][safepoint    ] Total time for which application threads were stopped: 0.0002190 seconds, Stopping threads took: 0.0000384 seconds
[2019-01-25T14:14:59.844+0000][1][safepoint    ] Application time: 0.5449696 seconds
[2019-01-25T14:14:59.844+0000][1][safepoint    ] Total time for which application threads were stopped: 0.0001002 seconds, Stopping threads took: 0.0000180 seconds
[2019-01-25T14:14:59.853+0000][1][safepoint    ] Application time: 0.0082625 seconds
[2019-01-25T14:14:59.853+0000][1][safepoint    ] Total time for which application threads were stopped: 0.0001072 seconds, Stopping threads took: 0.0000251 seconds
[2019-01-25T14:15:00.853+0000][1][safepoint    ] Application time: 1.0001319 seconds
[2019-01-25T14:15:00.853+0000][1][safepoint    ] Total time for which application threads were stopped: 0.0000944 seconds, Stopping threads took: 0.0000133 seconds
[2019-01-25T14:15:01.853+0000][1][safepoint    ] Application time: 1.0001380 seconds
[2019-01-25T14:15:01.853+0000][1][safepoint    ] Total time for which application threads were stopped: 0.0000562 seconds, Stopping threads took: 0.0000126 seconds
[2019-01-25T14:15:02.365+0000][1][safepoint    ] Application time: 0.5122296 seconds
[2019-01-25T14:15:02.366+0000][1][safepoint    ] Total time for which application threads were stopped: 0.0000725 seconds, Stopping threads took: 0.0000155 seconds
[2019-01-25T14:15:02.372+0000][1][safepoint    ] Application time: 0.0059329 seconds
[2019-01-25T14:15:02.372+0000][1][safepoint    ] Total time for which application threads were stopped: 0.0000917 seconds, Stopping threads took: 0.0000238 seconds
[2019-01-25T14:15:03.372+0000][1][safepoint    ] Application time: 1.0003646 seconds
[2019-01-25T14:15:03.372+0000][1][safepoint    ] Total time for which application threads were stopped: 0.0000521 seconds, Stopping threads took: 0.0000121 seconds
[2019-01-25T14:15:04.372+0000][1][safepoint    ] Application time: 1.0001330 seconds
[2019-01-25T14:15:04.372+0000][1][safepoint    ] Total time for which application threads were stopped: 0.0000482 seconds, Stopping threads took: 0.0000116 seconds
[2019-01-25T14:15:04.884+0000][1][safepoint    ] Application time: 0.5119028 seconds
[2019-01-25T14:15:04.884+0000][1][safepoint    ] Total time for which application threads were stopped: 0.0000705 seconds, Stopping threads took: 0.0000157 seconds
[2019-01-25T14:15:04.889+0000][1][safepoint    ] Application time: 0.0049017 seconds
[2019-01-25T14:15:04.890+0000][1][safepoint    ] Total time for which application threads were stopped: 0.0000920 seconds, Stopping threads took: 0.0000220 seconds
[2019-01-25T14:15:05.890+0000][1][safepoint    ] Application time: 1.0001615 seconds
[2019-01-25T14:15:05.890+0000][1][safepoint    ] Total time for which application threads were stopped: 0.0000600 seconds, Stopping threads took: 0.0000126 seconds
[2019-01-25T14:15:06.890+0000][1][safepoint    ] Application time: 1.0001315 seconds
[2019-01-25T14:15:06.890+0000][1][safepoint    ] Total time for which application threads were stopped: 0.0000481 seconds, Stopping threads took: 0.0000119 seconds
[2019-01-25T14:15:07.407+0000][1][safepoint    ] Application time: 0.5171712 seconds
[2019-01-25T14:15:07.408+0000][1][safepoint    ] Total time for which application threads were stopped: 0.0001397 seconds, Stopping threads took: 0.0000139 seconds
[2019-01-25T14:15:07.412+0000][1][safepoint    ] Application time: 0.0037048 seconds
[2019-01-25T14:15:07.412+0000][1][safepoint    ] Total time for which application threads were stopped: 0.0000657 seconds, Stopping threads took: 0.0000124 seconds
[2019-01-25T14:15:08.412+0000][1][safepoint    ] Application time: 1.0001550 seconds
[2019-01-25T14:15:08.412+0000][1][safepoint    ] Total time for which application threads were stopped: 0.0000662 seconds, Stopping threads took: 0.0000145 seconds
[2019-01-25T14:15:09.412+0000][1][safepoint    ] Application time: 1.0001378 seconds
[2019-01-25T14:15:09.412+0000][1][safepoint    ] Total time for which application threads were stopped: 0.0000749 seconds, Stopping threads took: 0.0000149 seconds
[2019-01-25T14:15:09.934+0000][1][safepoint    ] Application time: 0.5218881 seconds
[2019-01-25T14:15:09.934+0000][1][safepoint    ] Total time for which application threads were stopped: 0.0001145 seconds, Stopping threads took: 0.0000139 seconds
[2019-01-25T14:15:09.939+0000][1][safepoint    ] Application time: 0.0049856 seconds
[2019-01-25T14:15:09.940+0000][1][safepoint    ] Total time for which application threads were stopped: 0.0000989 seconds, Stopping threads took: 0.0000143 seconds
[2019-01-25T14:15:10.940+0000][1][safepoint    ] Application time: 1.0001599 seconds
[2019-01-25T14:15:10.940+0000][1][safepoint    ] Total time for which application threads were stopped: 0.0000631 seconds, Stopping threads took: 0.0000141 seconds
[2019-01-25T14:15:11.940+0000][1][safepoint    ] Application time: 1.0001509 seconds
[2019-01-25T14:15:11.940+0000][1][safepoint    ] Total time for which application threads were stopped: 0.0000817 seconds, Stopping threads took: 0.0000149 seconds
[2019-01-25T14:15:12.217+0000][1][safepoint    ] Application time: 0.2766277 seconds
[2019-01-25T14:15:12.217+0000][1][safepoint    ] Total time for which application threads were stopped: 0.0000690 seconds, Stopping threads took: 0.0000081 seconds
[2019-01-25T14:15:12.457+0000][1][safepoint    ] Application time: 0.2398728 seconds
[2019-01-25T14:15:12.457+0000][1][safepoint    ] Total time for which application threads were stopped: 0.0001546 seconds, Stopping threads took: 0.0000241 seconds
[2019-01-25T14:15:12.461+0000][1][safepoint    ] Application time: 0.0040761 seconds
[2019-01-25T14:15:12.462+0000][1][safepoint    ] Total time for which application threads were stopped: 0.0001423 seconds, Stopping threads took: 0.0000442 seconds
[2019-01-25T14:15:13.462+0000][1][safepoint    ] Application time: 1.0002331 seconds
[2019-01-25T14:15:13.462+0000][1][safepoint    ] Total time for which application threads were stopped: 0.0000533 seconds, Stopping threads took: 0.0000116 seconds
[2019-01-25T14:15:14.463+0000][1][safepoint    ] Application time: 1.0002108 seconds
[2019-01-25T14:15:14.463+0000][1][safepoint    ] Total time for which application threads were stopped: 0.0001348 seconds, Stopping threads took: 0.0000231 seconds
[2019-01-25T14:15:14.976+0000][1][safepoint    ] Application time: 0.5128089 seconds
[2019-01-25T14:15:14.976+0000][1][safepoint    ] Total time for which application threads were stopped: 0.0001929 seconds, Stopping threads took: 0.0000344 seconds
[2019-01-25T14:15:14.981+0000][1][safepoint    ] Application time: 0.0052727 seconds
[2019-01-25T14:15:14.981+0000][1][safepoint    ] Total time for which application threads were stopped: 0.0001199 seconds, Stopping threads took: 0.0000163 seconds
[2019-01-25T14:15:15.982+0000][1][safepoint    ] Application time: 1.0001850 seconds
[2019-01-25T14:15:15.982+0000][1][safepoint    ] Total time for which application threads were stopped: 0.0000446 seconds, Stopping threads took: 0.0000101 seconds
[2019-01-25T14:15:16.982+0000][1][safepoint    ] Application time: 1.0000885 seconds
[2019-01-25T14:15:16.982+0000][1][safepoint    ] Total time for which application threads were stopped: 0.0000478 seconds, Stopping threads took: 0.0000126 seconds
[2019-01-25T14:15:17.498+0000][1][safepoint    ] Application time: 0.5166454 seconds
[2019-01-25T14:15:17.499+0000][1][safepoint    ] Total time for which application threads were stopped: 0.0004864 seconds, Stopping threads took: 0.0000217 seconds
[2019-01-25T14:15:17.502+0000][1][safepoint    ] Application time: 0.0026327 seconds
[2019-01-25T14:15:17.502+0000][1][safepoint    ] Total time for which application threads were stopped: 0.0004249 seconds, Stopping threads took: 0.0000289 seconds
[2019-01-25T14:15:18.502+0000][1][safepoint    ] Application time: 1.0001443 seconds
[2019-01-25T14:15:18.502+0000][1][safepoint    ] Total time for which application threads were stopped: 0.0000522 seconds, Stopping threads took: 0.0000108 seconds
[2019-01-25T14:15:19.503+0000][1][safepoint    ] Application time: 1.0001278 seconds
[2019-01-25T14:15:19.503+0000][1][safepoint    ] Total time for which application threads were stopped: 0.0000807 seconds, Stopping threads took: 0.0000139 seconds
[2019-01-25T14:15:20.043+0000][1][safepoint    ] Application time: 0.5406203 seconds
[2019-01-25T14:15:20.043+0000][1][safepoint    ] Total time for which application threads were stopped: 0.0000907 seconds, Stopping threads took: 0.0000116 seconds
[2019-01-25T14:15:20.050+0000][1][safepoint    ] Application time: 0.0069607 seconds
[2019-01-25T14:15:20.051+0000][1][safepoint    ] Total time for which application threads were stopped: 0.0000918 seconds, Stopping threads took: 0.0000220 seconds
[2019-01-25T14:15:21.051+0000][1][safepoint    ] Application time: 1.0001679 seconds
[2019-01-25T14:15:21.051+0000][1][safepoint    ] Total time for which application threads were stopped: 0.0000745 seconds, Stopping threads took: 0.0000303 seconds
[2019-01-25T14:15:22.051+0000][1][safepoint    ] Application time: 1.0001261 seconds
[2019-01-25T14:15:22.051+0000][1][safepoint    ] Total time for which application threads were stopped: 0.0000782 seconds, Stopping threads took: 0.0000146 seconds
[2019-01-25T14:15:22.563+0000][1][safepoint    ] Application time: 0.5114790 seconds
[2019-01-25T14:15:22.563+0000][1][safepoint    ] Total time for which application threads were stopped: 0.0001142 seconds, Stopping threads took: 0.0000243 seconds
[2019-01-25T14:15:22.566+0000][1][safepoint    ] Application time: 0.0036359 seconds
[2019-01-25T14:15:22.569+0000][1][safepoint    ] Total time for which application threads were stopped: 0.0025734 seconds, Stopping threads took: 0.0025032 seconds
[2019-01-25T14:15:23.569+0000][1][safepoint    ] Application time: 1.0002770 seconds
[2019-01-25T14:15:23.569+0000][1][safepoint    ] Total time for which application threads were stopped: 0.0000715 seconds, Stopping threads took: 0.0000113 seconds
[2019-01-25T14:15:24.570+0000][1][safepoint    ] Application time: 1.0001795 seconds
[2019-01-25T14:15:24.570+0000][1][safepoint    ] Total time for which application threads were stopped: 0.0000586 seconds, Stopping threads took: 0.0000168 seconds
[2019-01-25T14:15:25.095+0000][1][safepoint    ] Application time: 0.5256739 seconds
[2019-01-25T14:15:25.096+0000][1][safepoint    ] Total time for which application threads were stopped: 0.0000839 seconds, Stopping threads took: 0.0000243 seconds
[2019-01-25T14:15:25.101+0000][1][safepoint    ] Application time: 0.0049873 seconds
[2019-01-25T14:15:25.101+0000][1][safepoint    ] Total time for which application threads were stopped: 0.0003421 seconds, Stopping threads took: 0.0000115 seconds
[2019-01-25T14:15:26.101+0000][1][safepoint    ] Application time: 1.0001662 seconds
[2019-01-25T14:15:26.101+0000][1][safepoint    ] Total time for which application threads were stopped: 0.0000487 seconds, Stopping threads took: 0.0000118 seconds
[2019-01-25T14:15:27.102+0000][1][safepoint    ] Application time: 1.0003227 seconds
[2019-01-25T14:15:27.102+0000][1][safepoint    ] Total time for which application threads were stopped: 0.0002462 seconds, Stopping threads took: 0.0000604 seconds
[2019-01-25T14:15:27.619+0000][1][safepoint    ] Application time: 0.5165982 seconds
[2019-01-25T14:15:27.619+0000][1][safepoint    ] Total time for which application threads were stopped: 0.0000915 seconds, Stopping threads took: 0.0000112 seconds
[2019-01-25T14:15:27.621+0000][1][safepoint    ] Application time: 0.0018651 seconds
[2019-01-25T14:15:27.621+0000][1][safepoint    ] Total time for which application threads were stopped: 0.0001041 seconds, Stopping threads took: 0.0000286 seconds
[2019-01-25T14:15:28.622+0000][1][safepoint    ] Application time: 1.0008282 seconds
[2019-01-25T14:15:28.622+0000][1][safepoint    ] Total time for which application threads were stopped: 0.0000526 seconds, Stopping threads took: 0.0000119 seconds
[2019-01-25T14:15:29.622+0000][1][safepoint    ] Application time: 1.0001531 seconds
[2019-01-25T14:15:29.622+0000][1][safepoint    ] Total time for which application threads were stopped: 0.0000571 seconds, Stopping threads took: 0.0000136 seconds
[2019-01-25T14:15:30.142+0000][1][safepoint    ] Application time: 0.5200504 seconds
[2019-01-25T14:15:30.142+0000][1][safepoint    ] Total time for which application threads were stopped: 0.0000914 seconds, Stopping threads took: 0.0000128 seconds
[2019-01-25T14:15:30.148+0000][1][safepoint    ] Application time: 0.0056628 seconds
[2019-01-25T14:15:30.148+0000][1][safepoint    ] Total time for which application threads were stopped: 0.0000632 seconds, Stopping threads took: 0.0000106 seconds
[2019-01-25T14:15:31.148+0000][1][safepoint    ] Application time: 1.0001238 seconds
[2019-01-25T14:15:31.148+0000][1][safepoint    ] Total time for which application threads were stopped: 0.0000451 seconds, Stopping threads took: 0.0000102 seconds
[2019-01-25T14:15:32.148+0000][1][safepoint    ] Application time: 1.0001330 seconds
[2019-01-25T14:15:32.148+0000][1][safepoint    ] Total time for which application threads were stopped: 0.0000726 seconds, Stopping threads took: 0.0000146 seconds
[2019-01-25T14:15:32.665+0000][1][safepoint    ] Application time: 0.5167935 seconds
[2019-01-25T14:15:32.666+0000][1][safepoint    ] Total time for which application threads were stopped: 0.0001806 seconds, Stopping threads took: 0.0000225 seconds
[2019-01-25T14:15:32.671+0000][1][safepoint    ] Application time: 0.0056998 seconds
[2019-01-25T14:15:32.672+0000][1][safepoint    ] Total time for which application threads were stopped: 0.0001809 seconds, Stopping threads took: 0.0000224 seconds
[2019-01-25T14:15:33.672+0000][1][safepoint    ] Application time: 1.0001959 seconds
[2019-01-25T14:15:33.672+0000][1][safepoint    ] Total time for which application threads were stopped: 0.0000510 seconds, Stopping threads took: 0.0000104 seconds
[2019-01-25T14:15:34.672+0000][1][safepoint    ] Application time: 1.0004823 seconds
[2019-01-25T14:15:34.673+0000][1][safepoint    ] Total time for which application threads were stopped: 0.0000854 seconds, Stopping threads took: 0.0000200 seconds
[2019-01-25T14:15:35.189+0000][1][safepoint    ] Application time: 0.5164669 seconds
[2019-01-25T14:15:35.189+0000][1][safepoint    ] Total time for which application threads were stopped: 0.0000752 seconds, Stopping threads took: 0.0000112 seconds
[2019-01-25T14:15:35.192+0000][1][safepoint    ] Application time: 0.0031405 seconds
[2019-01-25T14:15:35.193+0000][1][safepoint    ] Total time for which application threads were stopped: 0.0003487 seconds, Stopping threads took: 0.0000282 seconds
[2019-01-25T14:15:36.193+0000][1][safepoint    ] Application time: 1.0002044 seconds
[2019-01-25T14:15:36.193+0000][1][safepoint    ] Total time for which application threads were stopped: 0.0000738 seconds, Stopping threads took: 0.0000139 seconds
[2019-01-25T14:15:37.193+0000][1][safepoint    ] Application time: 1.0001277 seconds
[2019-01-25T14:15:37.193+0000][1][safepoint    ] Total time for which application threads were stopped: 0.0000687 seconds, Stopping threads took: 0.0000142 seconds
[2019-01-25T14:15:37.706+0000][1][safepoint    ] Application time: 0.5125263 seconds
[2019-01-25T14:15:37.706+0000][1][safepoint    ] Total time for which application threads were stopped: 0.0000981 seconds, Stopping threads took: 0.0000250 seconds
[2019-01-25T14:15:37.713+0000][1][safepoint    ] Application time: 0.0066915 seconds
[2019-01-25T14:15:37.715+0000][1][safepoint    ] Total time for which application threads were stopped: 0.0023991 seconds, Stopping threads took: 0.0023096 seconds
[2019-01-25T14:15:38.715+0000][1][safepoint    ] Application time: 1.0001961 seconds
[2019-01-25T14:15:38.715+0000][1][safepoint    ] Total time for which application threads were stopped: 0.0000454 seconds, Stopping threads took: 0.0000104 seconds
[2019-01-25T14:15:39.716+0000][1][safepoint    ] Application time: 1.0001332 seconds
[2019-01-25T14:15:39.716+0000][1][safepoint    ] Total time for which application threads were stopped: 0.0000643 seconds, Stopping threads took: 0.0000138 seconds
[2019-01-25T14:15:40.238+0000][1][safepoint    ] Application time: 0.5218799 seconds
[2019-01-25T14:15:40.238+0000][1][safepoint    ] Total time for which application threads were stopped: 0.0001581 seconds, Stopping threads took: 0.0000395 seconds
[2019-01-25T14:15:40.249+0000][1][safepoint    ] Application time: 0.0114814 seconds
[2019-01-25T14:15:40.249+0000][1][safepoint    ] Total time for which application threads were stopped: 0.0001250 seconds, Stopping threads took: 0.0000259 seconds
[2019-01-25T14:15:41.250+0000][1][safepoint    ] Application time: 1.0001635 seconds
[2019-01-25T14:15:41.250+0000][1][safepoint    ] Total time for which application threads were stopped: 0.0000519 seconds, Stopping threads took: 0.0000116 seconds
[2019-01-25T14:15:42.250+0000][1][safepoint    ] Application time: 1.0001243 seconds
[2019-01-25T14:15:42.250+0000][1][safepoint    ] Total time for which application threads were stopped: 0.0001123 seconds, Stopping threads took: 0.0000614 seconds
[2019-01-25T14:15:42.763+0000][1][safepoint    ] Application time: 0.5125357 seconds
[2019-01-25T14:15:42.763+0000][1][safepoint    ] Total time for which application threads were stopped: 0.0001100 seconds, Stopping threads took: 0.0000242 seconds
[2019-01-25T14:15:42.766+0000][1][safepoint    ] Application time: 0.0031087 seconds
[2019-01-25T14:15:42.766+0000][1][safepoint    ] Total time for which application threads were stopped: 0.0000749 seconds, Stopping threads took: 0.0000186 seconds
[2019-01-25T14:15:43.766+0000][1][safepoint    ] Application time: 1.0002385 seconds
[2019-01-25T14:15:43.766+0000][1][safepoint    ] Total time for which application threads were stopped: 0.0000799 seconds, Stopping threads took: 0.0000163 seconds
[2019-01-25T14:15:44.017+0000][1][safepoint    ] Application time: 0.2506368 seconds
[2019-01-25T14:15:44.017+0000][1][gc,start     ] GC(18) Pause Young (Allocation Failure)
[2019-01-25T14:15:44.017+0000][1][gc,task      ] GC(18) Using 2 workers of 2 for evacuation
[2019-01-25T14:15:44.039+0000][1][gc,age       ] GC(18) Desired survivor size 4456448 bytes, new threshold 2 (max threshold 6)
[2019-01-25T14:15:44.039+0000][1][gc,age       ] GC(18) Age table with threshold 2 (max threshold 6)
[2019-01-25T14:15:44.039+0000][1][gc,age       ] GC(18) - age   1:     823472 bytes,     823472 total
[2019-01-25T14:15:44.039+0000][1][gc,age       ] GC(18) - age   2:    4268248 bytes,    5091720 total
[2019-01-25T14:15:44.039+0000][1][gc,heap      ] GC(18) ParNew: 78656K->6144K(78656K)
[2019-01-25T14:15:44.039+0000][1][gc,heap      ] GC(18) CMS: 43229K->78341K(174784K)
[2019-01-25T14:15:44.039+0000][1][gc,metaspace ] GC(18) Metaspace: 63397K->63397K(1107968K)
[2019-01-25T14:15:44.039+0000][1][gc           ] GC(18) Pause Young (Allocation Failure) 119M->82M(247M) 22.001ms
[2019-01-25T14:15:44.039+0000][1][gc,cpu       ] GC(18) User=0.02s Sys=0.00s Real=0.02s
[2019-01-25T14:15:44.039+0000][1][safepoint    ] Total time for which application threads were stopped: 0.0221564 seconds, Stopping threads took: 0.0000099 seconds
[2019-01-25T14:15:44.065+0000][1][safepoint    ] Application time: 0.0253702 seconds
[2019-01-25T14:15:44.065+0000][1][safepoint    ] Total time for which application threads were stopped: 0.0000625 seconds, Stopping threads took: 0.0000070 seconds
[2019-01-25T14:15:45.065+0000][1][safepoint    ] Application time: 1.0001429 seconds
[2019-01-25T14:15:45.065+0000][1][safepoint    ] Total time for which application threads were stopped: 0.0000665 seconds, Stopping threads took: 0.0000143 seconds
[2019-01-25T14:15:45.279+0000][1][safepoint    ] Application time: 0.2139797 seconds
[2019-01-25T14:15:45.279+0000][1][safepoint    ] Total time for which application threads were stopped: 0.0000809 seconds, Stopping threads took: 0.0000124 seconds
[2019-01-25T14:15:45.284+0000][1][safepoint    ] Application time: 0.0045657 seconds
[2019-01-25T14:15:45.284+0000][1][safepoint    ] Total time for which application threads were stopped: 0.0000936 seconds, Stopping threads took: 0.0000223 seconds
[2019-01-25T14:15:46.284+0000][1][safepoint    ] Application time: 1.0002034 seconds
[2019-01-25T14:15:46.284+0000][1][safepoint    ] Total time for which application threads were stopped: 0.0001214 seconds, Stopping threads took: 0.0000263 seconds
[2019-01-25T14:15:47.284+0000][1][safepoint    ] Application time: 1.0001473 seconds
[2019-01-25T14:15:47.285+0000][1][safepoint    ] Total time for which application threads were stopped: 0.0000764 seconds, Stopping threads took: 0.0000141 seconds
[2019-01-25T14:15:47.798+0000][1][safepoint    ] Application time: 0.5133233 seconds
[2019-01-25T14:15:47.798+0000][1][safepoint    ] Total time for which application threads were stopped: 0.0000865 seconds, Stopping threads took: 0.0000122 seconds
[2019-01-25T14:15:47.808+0000][1][safepoint    ] Application time: 0.0099273 seconds
[2019-01-25T14:15:47.808+0000][1][safepoint    ] Total time for which application threads were stopped: 0.0000605 seconds, Stopping threads took: 0.0000093 seconds
[2019-01-25T14:15:48.808+0000][1][safepoint    ] Application time: 1.0001458 seconds
[2019-01-25T14:15:48.808+0000][1][safepoint    ] Total time for which application threads were stopped: 0.0000647 seconds, Stopping threads took: 0.0000145 seconds
[2019-01-25T14:15:49.809+0000][1][safepoint    ] Application time: 1.0001947 seconds
[2019-01-25T14:15:49.809+0000][1][safepoint    ] Total time for which application threads were stopped: 0.0000682 seconds, Stopping threads took: 0.0000119 seconds
[2019-01-25T14:15:50.319+0000][1][safepoint    ] Application time: 0.5108313 seconds
[2019-01-25T14:15:50.320+0000][1][safepoint    ] Total time for which application threads were stopped: 0.0000686 seconds, Stopping threads took: 0.0000161 seconds
[2019-01-25T14:15:50.325+0000][1][safepoint    ] Application time: 0.0050081 seconds
[2019-01-25T14:15:50.326+0000][1][safepoint    ] Total time for which application threads were stopped: 0.0017697 seconds, Stopping threads took: 0.0017076 seconds
[2019-01-25T14:15:51.327+0000][1][safepoint    ] Application time: 1.0001602 seconds
[2019-01-25T14:15:51.327+0000][1][safepoint    ] Total time for which application threads were stopped: 0.0000661 seconds, Stopping threads took: 0.0000282 seconds
[2019-01-25T14:15:52.327+0000][1][safepoint    ] Application time: 1.0002308 seconds
[2019-01-25T14:15:52.327+0000][1][safepoint    ] Total time for which application threads were stopped: 0.0000478 seconds, Stopping threads took: 0.0000105 seconds
[2019-01-25T14:15:52.840+0000][1][safepoint    ] Application time: 0.5128712 seconds
[2019-01-25T14:15:52.845+0000][1][safepoint    ] Total time for which application threads were stopped: 0.0051683 seconds, Stopping threads took: 0.0050767 seconds
[2019-01-25T14:15:52.860+0000][1][safepoint    ] Application time: 0.0148925 seconds
[2019-01-25T14:15:52.876+0000][1][safepoint    ] Total time for which application threads were stopped: 0.0155741 seconds, Stopping threads took: 0.0000429 seconds
[2019-01-25T14:15:53.876+0000][1][safepoint    ] Application time: 1.0001614 seconds
[2019-01-25T14:15:53.876+0000][1][safepoint    ] Total time for which application threads were stopped: 0.0000750 seconds, Stopping threads took: 0.0000144 seconds
[2019-01-25T14:15:54.877+0000][1][safepoint    ] Application time: 1.0001896 seconds
[2019-01-25T14:15:54.877+0000][1][safepoint    ] Total time for which application threads were stopped: 0.0000489 seconds, Stopping threads took: 0.0000119 seconds
[2019-01-25T14:15:55.388+0000][1][safepoint    ] Application time: 0.5111493 seconds
[2019-01-25T14:15:55.388+0000][1][safepoint    ] Total time for which application threads were stopped: 0.0000631 seconds, Stopping threads took: 0.0000097 seconds
[2019-01-25T14:15:55.391+0000][1][safepoint    ] Application time: 0.0032703 seconds
[2019-01-25T14:15:55.401+0000][1][safepoint    ] Total time for which application threads were stopped: 0.0094055 seconds, Stopping threads took: 0.0093405 seconds
[2019-01-25T14:15:56.401+0000][1][safepoint    ] Application time: 1.0004311 seconds
[2019-01-25T14:15:56.401+0000][1][safepoint    ] Total time for which application threads were stopped: 0.0001409 seconds, Stopping threads took: 0.0000310 seconds
[2019-01-25T14:15:57.402+0000][1][safepoint    ] Application time: 1.0001192 seconds
[2019-01-25T14:15:57.402+0000][1][safepoint    ] Total time for which application threads were stopped: 0.0000501 seconds, Stopping threads took: 0.0000106 seconds
[2019-01-25T14:15:57.912+0000][1][safepoint    ] Application time: 0.5100935 seconds
[2019-01-25T14:15:57.912+0000][1][safepoint    ] Total time for which application threads were stopped: 0.0000983 seconds, Stopping threads took: 0.0000217 seconds
[2019-01-25T14:15:57.920+0000][1][safepoint    ] Application time: 0.0076448 seconds
[2019-01-25T14:15:57.920+0000][1][safepoint    ] Total time for which application threads were stopped: 0.0000855 seconds, Stopping threads took: 0.0000186 seconds
[2019-01-25T14:15:58.920+0000][1][safepoint    ] Application time: 1.0004039 seconds
[2019-01-25T14:15:58.920+0000][1][safepoint    ] Total time for which application threads were stopped: 0.0001769 seconds, Stopping threads took: 0.0000374 seconds
[2019-01-25T14:15:59.921+0000][1][safepoint    ] Application time: 1.0001870 seconds
[2019-01-25T14:15:59.921+0000][1][safepoint    ] Total time for which application threads were stopped: 0.0000749 seconds, Stopping threads took: 0.0000145 seconds
[2019-01-25T14:16:00.428+0000][1][safepoint    ] Application time: 0.5073913 seconds
[2019-01-25T14:16:00.428+0000][1][safepoint    ] Total time for which application threads were stopped: 0.0001302 seconds, Stopping threads took: 0.0000164 seconds
[2019-01-25T14:16:00.431+0000][1][safepoint    ] Application time: 0.0026629 seconds
[2019-01-25T14:16:00.431+0000][1][safepoint    ] Total time for which application threads were stopped: 0.0000640 seconds, Stopping threads took: 0.0000148 seconds
[2019-01-25T14:16:01.431+0000][1][safepoint    ] Application time: 1.0001382 seconds
[2019-01-25T14:16:01.431+0000][1][safepoint    ] Total time for which application threads were stopped: 0.0000863 seconds, Stopping threads took: 0.0000153 seconds
[2019-01-25T14:16:02.432+0000][1][safepoint    ] Application time: 1.0003036 seconds
[2019-01-25T14:16:02.432+0000][1][safepoint    ] Total time for which application threads were stopped: 0.0000534 seconds, Stopping threads took: 0.0000123 seconds
[2019-01-25T14:16:02.951+0000][1][safepoint    ] Application time: 0.5194040 seconds
[2019-01-25T14:16:02.951+0000][1][safepoint    ] Total time for which application threads were stopped: 0.0001904 seconds, Stopping threads took: 0.0000522 seconds
[2019-01-25T14:16:02.959+0000][1][safepoint    ] Application time: 0.0075617 seconds
[2019-01-25T14:16:02.959+0000][1][safepoint    ] Total time for which application threads were stopped: 0.0001703 seconds, Stopping threads took: 0.0000406 seconds
[2019-01-25T14:16:03.959+0000][1][safepoint    ] Application time: 1.0001582 seconds
[2019-01-25T14:16:03.960+0000][1][safepoint    ] Total time for which application threads were stopped: 0.0000666 seconds, Stopping threads took: 0.0000136 seconds
[2019-01-25T14:16:04.960+0000][1][safepoint    ] Application time: 1.0001327 seconds
[2019-01-25T14:16:04.960+0000][1][safepoint    ] Total time for which application threads were stopped: 0.0000641 seconds, Stopping threads took: 0.0000139 seconds
[2019-01-25T14:16:05.471+0000][1][safepoint    ] Application time: 0.5112800 seconds
[2019-01-25T14:16:05.471+0000][1][safepoint    ] Total time for which application threads were stopped: 0.0000796 seconds, Stopping threads took: 0.0000174 seconds
[2019-01-25T14:16:05.476+0000][1][safepoint    ] Application time: 0.0047023 seconds
[2019-01-25T14:16:05.478+0000][1][safepoint    ] Total time for which application threads were stopped: 0.0016894 seconds, Stopping threads took: 0.0011354 seconds
[2019-01-25T14:16:06.478+0000][1][safepoint    ] Application time: 1.0002244 seconds
[2019-01-25T14:16:06.478+0000][1][safepoint    ] Total time for which application threads were stopped: 0.0000470 seconds, Stopping threads took: 0.0000103 seconds
[2019-01-25T14:16:07.478+0000][1][safepoint    ] Application time: 1.0001272 seconds
[2019-01-25T14:16:07.478+0000][1][safepoint    ] Total time for which application threads were stopped: 0.0000544 seconds, Stopping threads took: 0.0000113 seconds
[2019-01-25T14:16:07.995+0000][1][safepoint    ] Application time: 0.5162152 seconds
[2019-01-25T14:16:07.995+0000][1][safepoint    ] Total time for which application threads were stopped: 0.0001046 seconds, Stopping threads took: 0.0000235 seconds
[2019-01-25T14:16:08.007+0000][1][safepoint    ] Application time: 0.0123651 seconds
[2019-01-25T14:16:08.007+0000][1][safepoint    ] Total time for which application threads were stopped: 0.0000742 seconds, Stopping threads took: 0.0000102 seconds
[2019-01-25T14:16:09.007+0000][1][safepoint    ] Application time: 1.0001816 seconds
[2019-01-25T14:16:09.008+0000][1][safepoint    ] Total time for which application threads were stopped: 0.0000686 seconds, Stopping threads took: 0.0000164 seconds
[2019-01-25T14:16:10.008+0000][1][safepoint    ] Application time: 1.0001310 seconds
[2019-01-25T14:16:10.008+0000][1][safepoint    ] Total time for which application threads were stopped: 0.0000849 seconds, Stopping threads took: 0.0000212 seconds
[2019-01-25T14:16:10.522+0000][1][safepoint    ] Application time: 0.5139568 seconds
[2019-01-25T14:16:10.522+0000][1][safepoint    ] Total time for which application threads were stopped: 0.0001124 seconds, Stopping threads took: 0.0000242 seconds
[2019-01-25T14:16:10.528+0000][1][safepoint    ] Application time: 0.0055233 seconds
[2019-01-25T14:16:10.528+0000][1][safepoint    ] Total time for which application threads were stopped: 0.0003202 seconds, Stopping threads took: 0.0002301 seconds
[2019-01-25T14:16:11.531+0000][1][safepoint    ] Application time: 1.0029266 seconds
[2019-01-25T14:16:11.531+0000][1][safepoint    ] Total time for which application threads were stopped: 0.0000515 seconds, Stopping threads took: 0.0000119 seconds
[2019-01-25T14:16:12.531+0000][1][safepoint    ] Application time: 1.0001253 seconds
[2019-01-25T14:16:12.531+0000][1][safepoint    ] Total time for which application threads were stopped: 0.0000762 seconds, Stopping threads took: 0.0000189 seconds
[2019-01-25T14:16:13.045+0000][1][safepoint    ] Application time: 0.5134076 seconds
[2019-01-25T14:16:13.045+0000][1][safepoint    ] Total time for which application threads were stopped: 0.0000982 seconds, Stopping threads took: 0.0000124 seconds
[2019-01-25T14:16:13.048+0000][1][safepoint    ] Application time: 0.0033405 seconds
[2019-01-25T14:16:13.048+0000][1][safepoint    ] Total time for which application threads were stopped: 0.0001057 seconds, Stopping threads took: 0.0000136 seconds
[2019-01-25T14:16:14.049+0000][1][safepoint    ] Application time: 1.0001611 seconds
[2019-01-25T14:16:14.049+0000][1][safepoint    ] Total time for which application threads were stopped: 0.0000847 seconds, Stopping threads took: 0.0000144 seconds
[2019-01-25T14:16:15.049+0000][1][safepoint    ] Application time: 1.0001274 seconds
[2019-01-25T14:16:15.049+0000][1][safepoint    ] Total time for which application threads were stopped: 0.0000474 seconds, Stopping threads took: 0.0000106 seconds
[2019-01-25T14:16:15.560+0000][1][safepoint    ] Application time: 0.5107630 seconds
[2019-01-25T14:16:15.560+0000][1][safepoint    ] Total time for which application threads were stopped: 0.0001153 seconds, Stopping threads took: 0.0000282 seconds
[2019-01-25T14:16:15.569+0000][1][safepoint    ] Application time: 0.0091058 seconds
[2019-01-25T14:16:15.569+0000][1][safepoint    ] Total time for which application threads were stopped: 0.0000930 seconds, Stopping threads took: 0.0000247 seconds
[2019-01-25T14:16:16.569+0000][1][safepoint    ] Application time: 1.0001314 seconds
[2019-01-25T14:16:16.569+0000][1][safepoint    ] Total time for which application threads were stopped: 0.0000491 seconds, Stopping threads took: 0.0000104 seconds
[2019-01-25T14:16:17.570+0000][1][safepoint    ] Application time: 1.0001315 seconds
[2019-01-25T14:16:17.570+0000][1][safepoint    ] Total time for which application threads were stopped: 0.0000497 seconds, Stopping threads took: 0.0000107 seconds
[2019-01-25T14:16:18.090+0000][1][safepoint    ] Application time: 0.5201695 seconds
[2019-01-25T14:16:18.090+0000][1][safepoint    ] Total time for which application threads were stopped: 0.0001424 seconds, Stopping threads took: 0.0000639 seconds
[2019-01-25T14:16:18.093+0000][1][safepoint    ] Application time: 0.0031339 seconds
[2019-01-25T14:16:18.093+0000][1][safepoint    ] Total time for which application threads were stopped: 0.0000689 seconds, Stopping threads took: 0.0000180 seconds
[2019-01-25T14:16:19.093+0000][1][safepoint    ] Application time: 1.0001369 seconds
[2019-01-25T14:16:19.093+0000][1][safepoint    ] Total time for which application threads were stopped: 0.0000610 seconds, Stopping threads took: 0.0000140 seconds
[2019-01-25T14:16:20.094+0000][1][safepoint    ] Application time: 1.0001392 seconds
[2019-01-25T14:16:20.094+0000][1][safepoint    ] Total time for which application threads were stopped: 0.0000489 seconds, Stopping threads took: 0.0000114 seconds
[2019-01-25T14:16:20.609+0000][1][safepoint    ] Application time: 0.5154661 seconds
[2019-01-25T14:16:20.609+0000][1][safepoint    ] Total time for which application threads were stopped: 0.0001367 seconds, Stopping threads took: 0.0000247 seconds
[2019-01-25T14:16:20.612+0000][1][safepoint    ] Application time: 0.0023073 seconds
[2019-01-25T14:16:20.612+0000][1][safepoint    ] Total time for which application threads were stopped: 0.0002400 seconds, Stopping threads took: 0.0000232 seconds
[2019-01-25T14:16:21.614+0000][1][safepoint    ] Application time: 1.0016073 seconds
[2019-01-25T14:16:21.614+0000][1][safepoint    ] Total time for which application threads were stopped: 0.0001048 seconds, Stopping threads took: 0.0000370 seconds
[2019-01-25T14:16:22.614+0000][1][safepoint    ] Application time: 1.0005384 seconds
[2019-01-25T14:16:22.614+0000][1][safepoint    ] Total time for which application threads were stopped: 0.0000547 seconds, Stopping threads took: 0.0000130 seconds
[2019-01-25T14:16:23.125+0000][1][safepoint    ] Application time: 0.5106047 seconds
[2019-01-25T14:16:23.125+0000][1][safepoint    ] Total time for which application threads were stopped: 0.0001132 seconds, Stopping threads took: 0.0000395 seconds
[2019-01-25T14:16:23.132+0000][1][safepoint    ] Application time: 0.0069051 seconds
[2019-01-25T14:16:23.132+0000][1][safepoint    ] Total time for which application threads were stopped: 0.0000908 seconds, Stopping threads took: 0.0000220 seconds
[2019-01-25T14:16:24.132+0000][1][safepoint    ] Application time: 1.0001989 seconds
[2019-01-25T14:16:24.133+0000][1][safepoint    ] Total time for which application threads were stopped: 0.0000883 seconds, Stopping threads took: 0.0000146 seconds
[2019-01-25T14:16:25.133+0000][1][safepoint    ] Application time: 1.0000941 seconds
[2019-01-25T14:16:25.133+0000][1][safepoint    ] Total time for which application threads were stopped: 0.0000658 seconds, Stopping threads took: 0.0000109 seconds
[2019-01-25T14:16:25.660+0000][1][safepoint    ] Application time: 0.5275584 seconds
[2019-01-25T14:16:25.662+0000][1][safepoint    ] Total time for which application threads were stopped: 0.0012937 seconds, Stopping threads took: 0.0000282 seconds
[2019-01-25T14:16:25.664+0000][1][safepoint    ] Application time: 0.0021112 seconds
[2019-01-25T14:16:25.664+0000][1][safepoint    ] Total time for which application threads were stopped: 0.0000839 seconds, Stopping threads took: 0.0000116 seconds
[2019-01-25T14:16:26.664+0000][1][safepoint    ] Application time: 1.0002219 seconds
[2019-01-25T14:16:26.664+0000][1][safepoint    ] Total time for which application threads were stopped: 0.0001321 seconds, Stopping threads took: 0.0000269 seconds
[2019-01-25T14:16:27.665+0000][1][safepoint    ] Application time: 1.0001032 seconds
[2019-01-25T14:16:27.665+0000][1][safepoint    ] Total time for which application threads were stopped: 0.0000633 seconds, Stopping threads took: 0.0000107 seconds
[2019-01-25T14:16:28.192+0000][1][safepoint    ] Application time: 0.5273641 seconds
[2019-01-25T14:16:28.192+0000][1][safepoint    ] Total time for which application threads were stopped: 0.0001107 seconds, Stopping threads took: 0.0000269 seconds
[2019-01-25T14:16:28.199+0000][1][safepoint    ] Application time: 0.0064652 seconds
[2019-01-25T14:16:28.206+0000][1][safepoint    ] Total time for which application threads were stopped: 0.0076361 seconds, Stopping threads took: 0.0075568 seconds
[2019-01-25T14:16:29.207+0000][1][safepoint    ] Application time: 1.0001597 seconds
[2019-01-25T14:16:29.207+0000][1][safepoint    ] Total time for which application threads were stopped: 0.0000463 seconds, Stopping threads took: 0.0000106 seconds
[2019-01-25T14:16:30.207+0000][1][safepoint    ] Application time: 1.0002941 seconds
[2019-01-25T14:16:30.207+0000][1][safepoint    ] Total time for which application threads were stopped: 0.0000629 seconds, Stopping threads took: 0.0000159 seconds
[2019-01-25T14:16:30.726+0000][1][safepoint    ] Application time: 0.5191155 seconds
[2019-01-25T14:16:30.728+0000][1][safepoint    ] Total time for which application threads were stopped: 0.0017276 seconds, Stopping threads took: 0.0004339 seconds
[2019-01-25T14:16:30.737+0000][1][safepoint    ] Application time: 0.0080969 seconds
[2019-01-25T14:16:30.737+0000][1][safepoint    ] Total time for which application threads were stopped: 0.0001101 seconds, Stopping threads took: 0.0000241 seconds
[2019-01-25T14:16:31.737+0000][1][safepoint    ] Application time: 1.0002040 seconds
[2019-01-25T14:16:31.737+0000][1][safepoint    ] Total time for which application threads were stopped: 0.0000478 seconds, Stopping threads took: 0.0000109 seconds
[2019-01-25T14:16:32.737+0000][1][safepoint    ] Application time: 1.0001137 seconds
[2019-01-25T14:16:32.737+0000][1][safepoint    ] Total time for which application threads were stopped: 0.0000789 seconds, Stopping threads took: 0.0000148 seconds
[2019-01-25T14:16:33.268+0000][1][safepoint    ] Application time: 0.5302988 seconds
[2019-01-25T14:16:33.268+0000][1][safepoint    ] Total time for which application threads were stopped: 0.0001405 seconds, Stopping threads took: 0.0000238 seconds
[2019-01-25T14:16:33.270+0000][1][safepoint    ] Application time: 0.0025089 seconds
[2019-01-25T14:16:33.270+0000][1][safepoint    ] Total time for which application threads were stopped: 0.0001040 seconds, Stopping threads took: 0.0000125 seconds
[2019-01-25T14:16:34.271+0000][1][safepoint    ] Application time: 1.0001758 seconds
[2019-01-25T14:16:34.271+0000][1][safepoint    ] Total time for which application threads were stopped: 0.0000523 seconds, Stopping threads took: 0.0000117 seconds
[2019-01-25T14:16:35.271+0000][1][safepoint    ] Application time: 1.0001310 seconds
[2019-01-25T14:16:35.271+0000][1][safepoint    ] Total time for which application threads were stopped: 0.0000591 seconds, Stopping threads took: 0.0000133 seconds
[2019-01-25T14:16:35.782+0000][1][safepoint    ] Application time: 0.5108835 seconds
[2019-01-25T14:16:35.782+0000][1][safepoint    ] Total time for which application threads were stopped: 0.0001118 seconds, Stopping threads took: 0.0000239 seconds
[2019-01-25T14:16:35.785+0000][1][safepoint    ] Application time: 0.0026445 seconds
[2019-01-25T14:16:35.785+0000][1][safepoint    ] Total time for which application threads were stopped: 0.0000981 seconds, Stopping threads took: 0.0000249 seconds
[2019-01-25T14:16:36.785+0000][1][safepoint    ] Application time: 1.0001483 seconds
[2019-01-25T14:16:36.785+0000][1][safepoint    ] Total time for which application threads were stopped: 0.0000756 seconds, Stopping threads took: 0.0000140 seconds
[2019-01-25T14:16:37.785+0000][1][safepoint    ] Application time: 1.0001453 seconds
[2019-01-25T14:16:37.785+0000][1][safepoint    ] Total time for which application threads were stopped: 0.0000881 seconds, Stopping threads took: 0.0000277 seconds
[2019-01-25T14:16:38.307+0000][1][safepoint    ] Application time: 0.5213542 seconds
[2019-01-25T14:16:38.307+0000][1][safepoint    ] Total time for which application threads were stopped: 0.0000773 seconds, Stopping threads took: 0.0000158 seconds
[2019-01-25T14:16:38.310+0000][1][safepoint    ] Application time: 0.0034177 seconds
[2019-01-25T14:16:38.310+0000][1][safepoint    ] Total time for which application threads were stopped: 0.0000724 seconds, Stopping threads took: 0.0000169 seconds
[2019-01-25T14:16:39.311+0000][1][safepoint    ] Application time: 1.0001248 seconds
[2019-01-25T14:16:39.311+0000][1][safepoint    ] Total time for which application threads were stopped: 0.0000583 seconds, Stopping threads took: 0.0000108 seconds
[2019-01-25T14:16:40.311+0000][1][safepoint    ] Application time: 1.0001410 seconds
[2019-01-25T14:16:40.311+0000][1][safepoint    ] Total time for which application threads were stopped: 0.0001269 seconds, Stopping threads took: 0.0000284 seconds
[2019-01-25T14:16:40.823+0000][1][safepoint    ] Application time: 0.5123603 seconds
[2019-01-25T14:16:40.824+0000][1][safepoint    ] Total time for which application threads were stopped: 0.0000734 seconds, Stopping threads took: 0.0000098 seconds
[2019-01-25T14:16:40.832+0000][1][safepoint    ] Application time: 0.0080106 seconds
[2019-01-25T14:16:40.832+0000][1][safepoint    ] Total time for which application threads were stopped: 0.0000860 seconds, Stopping threads took: 0.0000272 seconds
[2019-01-25T14:16:41.832+0000][1][safepoint    ] Application time: 1.0001423 seconds
[2019-01-25T14:16:41.832+0000][1][safepoint    ] Total time for which application threads were stopped: 0.0000626 seconds, Stopping threads took: 0.0000122 seconds
[2019-01-25T14:16:42.832+0000][1][safepoint    ] Application time: 1.0003564 seconds
[2019-01-25T14:16:42.832+0000][1][safepoint    ] Total time for which application threads were stopped: 0.0001168 seconds, Stopping threads took: 0.0000204 seconds
[2019-01-25T14:16:43.343+0000][1][safepoint    ] Application time: 0.5105682 seconds
[2019-01-25T14:16:43.343+0000][1][safepoint    ] Total time for which application threads were stopped: 0.0001059 seconds, Stopping threads took: 0.0000234 seconds
[2019-01-25T14:16:43.347+0000][1][safepoint    ] Application time: 0.0037807 seconds
[2019-01-25T14:16:43.347+0000][1][safepoint    ] Total time for which application threads were stopped: 0.0000965 seconds, Stopping threads took: 0.0000254 seconds
[2019-01-25T14:16:44.347+0000][1][safepoint    ] Application time: 1.0002160 seconds
[2019-01-25T14:16:44.347+0000][1][safepoint    ] Total time for which application threads were stopped: 0.0000468 seconds, Stopping threads took: 0.0000104 seconds
[2019-01-25T14:16:45.093+0000][1][safepoint    ] Application time: 0.7455084 seconds
[2019-01-25T14:16:45.093+0000][1][safepoint    ] Total time for which application threads were stopped: 0.0001487 seconds, Stopping threads took: 0.0000345 seconds
[2019-01-25T14:16:45.865+0000][1][safepoint    ] Application time: 0.7719081 seconds
[2019-01-25T14:16:45.865+0000][1][safepoint    ] Total time for which application threads were stopped: 0.0001146 seconds, Stopping threads took: 0.0000305 seconds
[2019-01-25T14:16:45.880+0000][1][safepoint    ] Application time: 0.0146847 seconds
[2019-01-25T14:16:45.880+0000][1][safepoint    ] Total time for which application threads were stopped: 0.0001022 seconds, Stopping threads took: 0.0000137 seconds
[2019-01-25T14:16:46.880+0000][1][safepoint    ] Application time: 1.0002462 seconds
[2019-01-25T14:16:46.881+0000][1][safepoint    ] Total time for which application threads were stopped: 0.0001763 seconds, Stopping threads took: 0.0000306 seconds
[2019-01-25T14:16:47.881+0000][1][safepoint    ] Application time: 1.0001356 seconds
[2019-01-25T14:16:47.881+0000][1][safepoint    ] Total time for which application threads were stopped: 0.0000469 seconds, Stopping threads took: 0.0000109 seconds
[2019-01-25T14:16:48.391+0000][1][safepoint    ] Application time: 0.5096914 seconds
[2019-01-25T14:16:48.391+0000][1][safepoint    ] Total time for which application threads were stopped: 0.0001064 seconds, Stopping threads took: 0.0000102 seconds
[2019-01-25T14:16:48.396+0000][1][safepoint    ] Application time: 0.0053864 seconds
[2019-01-25T14:16:48.396+0000][1][safepoint    ] Total time for which application threads were stopped: 0.0000686 seconds, Stopping threads took: 0.0000091 seconds
[2019-01-25T14:16:49.397+0000][1][safepoint    ] Application time: 1.0004455 seconds
[2019-01-25T14:16:49.397+0000][1][safepoint    ] Total time for which application threads were stopped: 0.0001647 seconds, Stopping threads took: 0.0000353 seconds
[2019-01-25T14:16:50.397+0000][1][safepoint    ] Application time: 1.0001329 seconds
[2019-01-25T14:16:50.397+0000][1][safepoint    ] Total time for which application threads were stopped: 0.0000465 seconds, Stopping threads took: 0.0000103 seconds
[2019-01-25T14:16:50.907+0000][1][safepoint    ] Application time: 0.5096306 seconds
[2019-01-25T14:16:50.907+0000][1][safepoint    ] Total time for which application threads were stopped: 0.0000759 seconds, Stopping threads took: 0.0000092 seconds
[2019-01-25T14:16:50.910+0000][1][safepoint    ] Application time: 0.0027427 seconds
[2019-01-25T14:16:50.912+0000][1][safepoint    ] Total time for which application threads were stopped: 0.0021654 seconds, Stopping threads took: 0.0020938 seconds
[2019-01-25T14:16:51.912+0000][1][safepoint    ] Application time: 1.0002919 seconds
[2019-01-25T14:16:51.913+0000][1][safepoint    ] Total time for which application threads were stopped: 0.0001548 seconds, Stopping threads took: 0.0000512 seconds
[2019-01-25T14:16:52.913+0000][1][safepoint    ] Application time: 1.0001114 seconds
[2019-01-25T14:16:52.913+0000][1][safepoint    ] Total time for which application threads were stopped: 0.0000512 seconds, Stopping threads took: 0.0000115 seconds
[2019-01-25T14:16:53.422+0000][1][safepoint    ] Application time: 0.5093949 seconds
[2019-01-25T14:16:53.422+0000][1][safepoint    ] Total time for which application threads were stopped: 0.0000794 seconds, Stopping threads took: 0.0000217 seconds
[2019-01-25T14:16:53.429+0000][1][safepoint    ] Application time: 0.0062221 seconds
[2019-01-25T14:16:53.429+0000][1][safepoint    ] Total time for which application threads were stopped: 0.0002800 seconds, Stopping threads took: 0.0000171 seconds
[2019-01-25T14:16:54.429+0000][1][safepoint    ] Application time: 1.0003135 seconds
[2019-01-25T14:16:54.429+0000][1][safepoint    ] Total time for which application threads were stopped: 0.0000647 seconds, Stopping threads took: 0.0000141 seconds
[2019-01-25T14:16:55.430+0000][1][safepoint    ] Application time: 1.0002093 seconds
[2019-01-25T14:16:55.430+0000][1][safepoint    ] Total time for which application threads were stopped: 0.0000930 seconds, Stopping threads took: 0.0000207 seconds
[2019-01-25T14:16:55.939+0000][1][safepoint    ] Application time: 0.5095245 seconds
[2019-01-25T14:16:55.940+0000][1][safepoint    ] Total time for which application threads were stopped: 0.0000906 seconds, Stopping threads took: 0.0000116 seconds
[2019-01-25T14:16:55.942+0000][1][safepoint    ] Application time: 0.0024698 seconds
[2019-01-25T14:16:55.942+0000][1][safepoint    ] Total time for which application threads were stopped: 0.0000832 seconds, Stopping threads took: 0.0000117 seconds
[2019-01-25T14:16:56.942+0000][1][safepoint    ] Application time: 1.0002084 seconds
[2019-01-25T14:16:56.942+0000][1][safepoint    ] Total time for which application threads were stopped: 0.0000633 seconds, Stopping threads took: 0.0000146 seconds
[2019-01-25T14:16:57.943+0000][1][safepoint    ] Application time: 1.0001281 seconds
[2019-01-25T14:16:57.943+0000][1][safepoint    ] Total time for which application threads were stopped: 0.0000477 seconds, Stopping threads took: 0.0000110 seconds
[2019-01-25T14:16:58.456+0000][1][safepoint    ] Application time: 0.5132369 seconds
[2019-01-25T14:16:58.456+0000][1][safepoint    ] Total time for which application threads were stopped: 0.0001144 seconds, Stopping threads took: 0.0000261 seconds
[2019-01-25T14:16:58.460+0000][1][safepoint    ] Application time: 0.0042482 seconds
[2019-01-25T14:16:58.461+0000][1][safepoint    ] Total time for which application threads were stopped: 0.0001130 seconds, Stopping threads took: 0.0000261 seconds
[2019-01-25T14:16:59.461+0000][1][safepoint    ] Application time: 1.0001897 seconds
[2019-01-25T14:16:59.461+0000][1][safepoint    ] Total time for which application threads were stopped: 0.0000645 seconds, Stopping threads took: 0.0000122 seconds
[2019-01-25T14:17:00.461+0000][1][safepoint    ] Application time: 1.0001279 seconds
[2019-01-25T14:17:00.461+0000][1][safepoint    ] Total time for which application threads were stopped: 0.0000472 seconds, Stopping threads took: 0.0000105 seconds
[2019-01-25T14:17:00.988+0000][1][safepoint    ] Application time: 0.5274472 seconds
[2019-01-25T14:17:00.989+0000][1][safepoint    ] Total time for which application threads were stopped: 0.0001200 seconds, Stopping threads took: 0.0000257 seconds
[2019-01-25T14:17:00.992+0000][1][safepoint    ] Application time: 0.0037990 seconds
[2019-01-25T14:17:00.993+0000][1][safepoint    ] Total time for which application threads were stopped: 0.0003482 seconds, Stopping threads took: 0.0000880 seconds
[2019-01-25T14:17:01.993+0000][1][safepoint    ] Application time: 1.0002615 seconds
[2019-01-25T14:17:01.993+0000][1][safepoint    ] Total time for which application threads were stopped: 0.0000930 seconds, Stopping threads took: 0.0000215 seconds
[2019-01-25T14:17:02.994+0000][1][safepoint    ] Application time: 1.0001342 seconds
[2019-01-25T14:17:02.994+0000][1][safepoint    ] Total time for which application threads were stopped: 0.0000728 seconds, Stopping threads took: 0.0000147 seconds
[2019-01-25T14:17:03.511+0000][1][safepoint    ] Application time: 0.5170663 seconds
[2019-01-25T14:17:03.511+0000][1][safepoint    ] Total time for which application threads were stopped: 0.0000725 seconds, Stopping threads took: 0.0000180 seconds
[2019-01-25T14:17:03.513+0000][1][safepoint    ] Application time: 0.0025795 seconds
[2019-01-25T14:17:03.514+0000][1][safepoint    ] Total time for which application threads were stopped: 0.0000842 seconds, Stopping threads took: 0.0000173 seconds
[2019-01-25T14:17:04.514+0000][1][safepoint    ] Application time: 1.0001039 seconds
[2019-01-25T14:17:04.514+0000][1][safepoint    ] Total time for which application threads were stopped: 0.0000817 seconds, Stopping threads took: 0.0000134 seconds
[2019-01-25T14:17:05.514+0000][1][safepoint    ] Application time: 1.0001010 seconds
[2019-01-25T14:17:05.514+0000][1][safepoint    ] Total time for which application threads were stopped: 0.0000626 seconds, Stopping threads took: 0.0000132 seconds
[2019-01-25T14:17:06.026+0000][1][safepoint    ] Application time: 0.5118199 seconds
[2019-01-25T14:17:06.026+0000][1][safepoint    ] Total time for which application threads were stopped: 0.0000786 seconds, Stopping threads took: 0.0000177 seconds
[2019-01-25T14:17:06.036+0000][1][safepoint    ] Application time: 0.0101083 seconds
[2019-01-25T14:17:06.036+0000][1][safepoint    ] Total time for which application threads were stopped: 0.0000981 seconds, Stopping threads took: 0.0000189 seconds
[2019-01-25T14:17:07.038+0000][1][safepoint    ] Application time: 1.0012675 seconds
[2019-01-25T14:17:07.038+0000][1][safepoint    ] Total time for which application threads were stopped: 0.0000805 seconds, Stopping threads took: 0.0000163 seconds
[2019-01-25T14:17:08.038+0000][1][safepoint    ] Application time: 1.0001439 seconds
[2019-01-25T14:17:08.038+0000][1][safepoint    ] Total time for which application threads were stopped: 0.0001106 seconds, Stopping threads took: 0.0000178 seconds
[2019-01-25T14:17:08.549+0000][1][safepoint    ] Application time: 0.5114407 seconds
[2019-01-25T14:17:08.550+0000][1][safepoint    ] Total time for which application threads were stopped: 0.0001206 seconds, Stopping threads took: 0.0000256 seconds
[2019-01-25T14:17:08.557+0000][1][safepoint    ] Application time: 0.0078168 seconds
[2019-01-25T14:17:08.558+0000][1][safepoint    ] Total time for which application threads were stopped: 0.0000966 seconds, Stopping threads took: 0.0000246 seconds
[2019-01-25T14:17:09.558+0000][1][safepoint    ] Application time: 1.0001425 seconds
[2019-01-25T14:17:09.558+0000][1][safepoint    ] Total time for which application threads were stopped: 0.0000630 seconds, Stopping threads took: 0.0000130 seconds
[2019-01-25T14:17:10.558+0000][1][safepoint    ] Application time: 1.0001337 seconds
[2019-01-25T14:17:10.558+0000][1][safepoint    ] Total time for which application threads were stopped: 0.0000869 seconds, Stopping threads took: 0.0000150 seconds
[2019-01-25T14:17:11.070+0000][1][safepoint    ] Application time: 0.5114463 seconds
[2019-01-25T14:17:11.070+0000][1][safepoint    ] Total time for which application threads were stopped: 0.0001062 seconds, Stopping threads took: 0.0000271 seconds
[2019-01-25T14:17:11.074+0000][1][safepoint    ] Application time: 0.0044786 seconds
[2019-01-25T14:17:11.074+0000][1][safepoint    ] Total time for which application threads were stopped: 0.0000941 seconds, Stopping threads took: 0.0000124 seconds
[2019-01-25T14:17:12.075+0000][1][safepoint    ] Application time: 1.0001223 seconds
[2019-01-25T14:17:12.075+0000][1][safepoint    ] Total time for which application threads were stopped: 0.0000656 seconds, Stopping threads took: 0.0000152 seconds
[2019-01-25T14:17:13.075+0000][1][safepoint    ] Application time: 1.0001522 seconds
[2019-01-25T14:17:13.075+0000][1][safepoint    ] Total time for which application threads were stopped: 0.0000586 seconds, Stopping threads took: 0.0000106 seconds
[2019-01-25T14:17:13.583+0000][1][safepoint    ] Application time: 0.5082207 seconds
[2019-01-25T14:17:13.583+0000][1][safepoint    ] Total time for which application threads were stopped: 0.0000791 seconds, Stopping threads took: 0.0000112 seconds
[2019-01-25T14:17:13.587+0000][1][safepoint    ] Application time: 0.0036881 seconds
[2019-01-25T14:17:13.587+0000][1][safepoint    ] Total time for which application threads were stopped: 0.0000601 seconds, Stopping threads took: 0.0000078 seconds
[2019-01-25T14:17:14.588+0000][1][safepoint    ] Application time: 1.0005239 seconds
[2019-01-25T14:17:14.588+0000][1][safepoint    ] Total time for which application threads were stopped: 0.0000779 seconds, Stopping threads took: 0.0000141 seconds
[2019-01-25T14:17:15.588+0000][1][safepoint    ] Application time: 1.0001220 seconds
[2019-01-25T14:17:15.588+0000][1][safepoint    ] Total time for which application threads were stopped: 0.0000687 seconds, Stopping threads took: 0.0000172 seconds
[2019-01-25T14:17:16.101+0000][1][safepoint    ] Application time: 0.5127071 seconds
[2019-01-25T14:17:16.101+0000][1][safepoint    ] Total time for which application threads were stopped: 0.0000784 seconds, Stopping threads took: 0.0000087 seconds
[2019-01-25T14:17:16.106+0000][1][safepoint    ] Application time: 0.0049431 seconds
[2019-01-25T14:17:16.106+0000][1][safepoint    ] Total time for which application threads were stopped: 0.0001036 seconds, Stopping threads took: 0.0000151 seconds
[2019-01-25T14:17:17.106+0000][1][safepoint    ] Application time: 1.0003951 seconds
[2019-01-25T14:17:17.106+0000][1][safepoint    ] Total time for which application threads were stopped: 0.0000691 seconds, Stopping threads took: 0.0000195 seconds
[2019-01-25T14:17:18.107+0000][1][safepoint    ] Application time: 1.0001514 seconds
[2019-01-25T14:17:18.107+0000][1][safepoint    ] Total time for which application threads were stopped: 0.0000472 seconds, Stopping threads took: 0.0000112 seconds
[2019-01-25T14:17:18.617+0000][1][safepoint    ] Application time: 0.5106715 seconds
[2019-01-25T14:17:18.617+0000][1][safepoint    ] Total time for which application threads were stopped: 0.0000625 seconds, Stopping threads took: 0.0000087 seconds
[2019-01-25T14:17:18.622+0000][1][safepoint    ] Application time: 0.0046501 seconds
[2019-01-25T14:17:18.622+0000][1][safepoint    ] Total time for which application threads were stopped: 0.0000659 seconds, Stopping threads took: 0.0000102 seconds
[2019-01-25T14:17:19.622+0000][1][safepoint    ] Application time: 1.0001426 seconds
[2019-01-25T14:17:19.622+0000][1][safepoint    ] Total time for which application threads were stopped: 0.0000481 seconds, Stopping threads took: 0.0000106 seconds
[2019-01-25T14:17:20.623+0000][1][safepoint    ] Application time: 1.0001370 seconds
[2019-01-25T14:17:20.623+0000][1][safepoint    ] Total time for which application threads were stopped: 0.0000713 seconds, Stopping threads took: 0.0000133 seconds
[2019-01-25T14:17:21.139+0000][1][safepoint    ] Application time: 0.5161168 seconds
[2019-01-25T14:17:21.139+0000][1][safepoint    ] Total time for which application threads were stopped: 0.0001100 seconds, Stopping threads took: 0.0000135 seconds
[2019-01-25T14:17:21.156+0000][1][safepoint    ] Application time: 0.0170126 seconds
[2019-01-25T14:17:21.156+0000][1][safepoint    ] Total time for which application threads were stopped: 0.0000913 seconds, Stopping threads took: 0.0000132 seconds
[2019-01-25T14:17:22.156+0000][1][safepoint    ] Application time: 1.0001455 seconds
[2019-01-25T14:17:22.156+0000][1][safepoint    ] Total time for which application threads were stopped: 0.0001130 seconds, Stopping threads took: 0.0000504 seconds
[2019-01-25T14:17:23.159+0000][1][safepoint    ] Application time: 1.0022391 seconds
[2019-01-25T14:17:23.159+0000][1][safepoint    ] Total time for which application threads were stopped: 0.0000775 seconds, Stopping threads took: 0.0000147 seconds
[2019-01-25T14:17:23.676+0000][1][safepoint    ] Application time: 0.5169238 seconds
[2019-01-25T14:17:23.676+0000][1][safepoint    ] Total time for which application threads were stopped: 0.0001358 seconds, Stopping threads took: 0.0000135 seconds
[2019-01-25T14:17:23.686+0000][1][safepoint    ] Application time: 0.0097381 seconds
[2019-01-25T14:17:23.686+0000][1][safepoint    ] Total time for which application threads were stopped: 0.0000994 seconds, Stopping threads took: 0.0000220 seconds
[2019-01-25T14:17:24.686+0000][1][safepoint    ] Application time: 1.0002644 seconds
[2019-01-25T14:17:24.686+0000][1][safepoint    ] Total time for which application threads were stopped: 0.0001126 seconds, Stopping threads took: 0.0000240 seconds
[2019-01-25T14:17:25.687+0000][1][safepoint    ] Application time: 1.0001488 seconds
[2019-01-25T14:17:25.687+0000][1][safepoint    ] Total time for which application threads were stopped: 0.0000696 seconds, Stopping threads took: 0.0000146 seconds
[2019-01-25T14:17:26.200+0000][1][safepoint    ] Application time: 0.5133110 seconds
[2019-01-25T14:17:26.200+0000][1][safepoint    ] Total time for which application threads were stopped: 0.0000848 seconds, Stopping threads took: 0.0000193 seconds
[2019-01-25T14:17:26.203+0000][1][safepoint    ] Application time: 0.0027838 seconds
[2019-01-25T14:17:26.203+0000][1][safepoint    ] Total time for which application threads were stopped: 0.0000824 seconds, Stopping threads took: 0.0000190 seconds
[2019-01-25T14:17:27.203+0000][1][safepoint    ] Application time: 1.0001737 seconds
[2019-01-25T14:17:27.203+0000][1][safepoint    ] Total time for which application threads were stopped: 0.0000466 seconds, Stopping threads took: 0.0000107 seconds
[2019-01-25T14:17:28.203+0000][1][safepoint    ] Application time: 1.0001289 seconds
[2019-01-25T14:17:28.204+0000][1][safepoint    ] Total time for which application threads were stopped: 0.0000733 seconds, Stopping threads took: 0.0000158 seconds
[2019-01-25T14:17:28.717+0000][1][safepoint    ] Application time: 0.5131682 seconds
[2019-01-25T14:17:28.717+0000][1][safepoint    ] Total time for which application threads were stopped: 0.0000789 seconds, Stopping threads took: 0.0000110 seconds
[2019-01-25T14:17:28.720+0000][1][safepoint    ] Application time: 0.0034784 seconds
[2019-01-25T14:17:28.720+0000][1][safepoint    ] Total time for which application threads were stopped: 0.0000882 seconds, Stopping threads took: 0.0000096 seconds
[2019-01-25T14:17:29.721+0000][1][safepoint    ] Application time: 1.0001312 seconds
[2019-01-25T14:17:29.721+0000][1][safepoint    ] Total time for which application threads were stopped: 0.0000468 seconds, Stopping threads took: 0.0000108 seconds
[2019-01-25T14:17:30.721+0000][1][safepoint    ] Application time: 1.0001526 seconds
[2019-01-25T14:17:30.721+0000][1][safepoint    ] Total time for which application threads were stopped: 0.0000638 seconds, Stopping threads took: 0.0000144 seconds
[2019-01-25T14:17:31.230+0000][1][safepoint    ] Application time: 0.5091572 seconds
[2019-01-25T14:17:31.230+0000][1][safepoint    ] Total time for which application threads were stopped: 0.0000883 seconds, Stopping threads took: 0.0000122 seconds
[2019-01-25T14:17:31.233+0000][1][safepoint    ] Application time: 0.0024110 seconds
[2019-01-25T14:17:31.233+0000][1][safepoint    ] Total time for which application threads were stopped: 0.0000853 seconds, Stopping threads took: 0.0000125 seconds
[2019-01-25T14:17:32.233+0000][1][safepoint    ] Application time: 1.0001746 seconds
[2019-01-25T14:17:32.233+0000][1][safepoint    ] Total time for which application threads were stopped: 0.0000476 seconds, Stopping threads took: 0.0000111 seconds
[2019-01-25T14:17:33.233+0000][1][safepoint    ] Application time: 1.0001611 seconds
[2019-01-25T14:17:33.233+0000][1][safepoint    ] Total time for which application threads were stopped: 0.0000470 seconds, Stopping threads took: 0.0000106 seconds
[2019-01-25T14:17:33.743+0000][1][safepoint    ] Application time: 0.5097361 seconds
[2019-01-25T14:17:33.743+0000][1][safepoint    ] Total time for which application threads were stopped: 0.0000689 seconds, Stopping threads took: 0.0000106 seconds
[2019-01-25T14:17:33.751+0000][1][safepoint    ] Application time: 0.0073186 seconds
[2019-01-25T14:17:33.751+0000][1][safepoint    ] Total time for which application threads were stopped: 0.0001127 seconds, Stopping threads took: 0.0000126 seconds
[2019-01-25T14:17:34.756+0000][1][safepoint    ] Application time: 1.0047813 seconds
[2019-01-25T14:17:34.756+0000][1][safepoint    ] Total time for which application threads were stopped: 0.0000989 seconds, Stopping threads took: 0.0000194 seconds
[2019-01-25T14:17:35.758+0000][1][safepoint    ] Application time: 1.0018999 seconds
[2019-01-25T14:17:35.758+0000][1][safepoint    ] Total time for which application threads were stopped: 0.0000702 seconds, Stopping threads took: 0.0000143 seconds
[2019-01-25T14:17:36.259+0000][1][safepoint    ] Application time: 0.5014799 seconds
[2019-01-25T14:17:36.259+0000][1][safepoint    ] Total time for which application threads were stopped: 0.0000820 seconds, Stopping threads took: 0.0000113 seconds
[2019-01-25T14:17:36.264+0000][1][safepoint    ] Application time: 0.0047548 seconds
[2019-01-25T14:17:36.264+0000][1][safepoint    ] Total time for which application threads were stopped: 0.0000947 seconds, Stopping threads took: 0.0000126 seconds
[2019-01-25T14:17:37.265+0000][1][safepoint    ] Application time: 1.0003250 seconds
[2019-01-25T14:17:37.265+0000][1][safepoint    ] Total time for which application threads were stopped: 0.0003255 seconds, Stopping threads took: 0.0000614 seconds
[2019-01-25T14:17:38.266+0000][1][safepoint    ] Application time: 1.0008695 seconds
[2019-01-25T14:17:38.266+0000][1][safepoint    ] Total time for which application threads were stopped: 0.0000727 seconds, Stopping threads took: 0.0000154 seconds
[2019-01-25T14:17:38.803+0000][1][safepoint    ] Application time: 0.5364252 seconds
[2019-01-25T14:17:38.803+0000][1][safepoint    ] Total time for which application threads were stopped: 0.0001546 seconds, Stopping threads took: 0.0000205 seconds
[2019-01-25T14:17:38.809+0000][1][safepoint    ] Application time: 0.0059627 seconds
[2019-01-25T14:17:38.809+0000][1][safepoint    ] Total time for which application threads were stopped: 0.0000848 seconds, Stopping threads took: 0.0000210 seconds
[2019-01-25T14:17:39.809+0000][1][safepoint    ] Application time: 1.0001810 seconds
[2019-01-25T14:17:39.809+0000][1][safepoint    ] Total time for which application threads were stopped: 0.0000963 seconds, Stopping threads took: 0.0000175 seconds
[2019-01-25T14:17:40.810+0000][1][safepoint    ] Application time: 1.0002129 seconds
[2019-01-25T14:17:40.810+0000][1][safepoint    ] Total time for which application threads were stopped: 0.0000462 seconds, Stopping threads took: 0.0000106 seconds
[2019-01-25T14:17:41.339+0000][1][safepoint    ] Application time: 0.5292065 seconds
[2019-01-25T14:17:41.339+0000][1][safepoint    ] Total time for which application threads were stopped: 0.0005911 seconds, Stopping threads took: 0.0002624 seconds
[2019-01-25T14:17:41.358+0000][1][safepoint    ] Application time: 0.0181128 seconds
[2019-01-25T14:17:41.358+0000][1][safepoint    ] Total time for which application threads were stopped: 0.0006485 seconds, Stopping threads took: 0.0000363 seconds
[2019-01-25T14:17:42.359+0000][1][safepoint    ] Application time: 1.0002529 seconds
[2019-01-25T14:17:42.359+0000][1][safepoint    ] Total time for which application threads were stopped: 0.0000464 seconds, Stopping threads took: 0.0000106 seconds
[2019-01-25T14:17:43.359+0000][1][safepoint    ] Application time: 1.0002764 seconds
[2019-01-25T14:17:43.359+0000][1][safepoint    ] Total time for which application threads were stopped: 0.0002361 seconds, Stopping threads took: 0.0000373 seconds
[2019-01-25T14:17:43.879+0000][1][safepoint    ] Application time: 0.5195797 seconds
[2019-01-25T14:17:43.879+0000][1][safepoint    ] Total time for which application threads were stopped: 0.0000913 seconds, Stopping threads took: 0.0000114 seconds
[2019-01-25T14:17:43.884+0000][1][safepoint    ] Application time: 0.0050812 seconds
[2019-01-25T14:17:43.884+0000][1][safepoint    ] Total time for which application threads were stopped: 0.0000946 seconds, Stopping threads took: 0.0000115 seconds
[2019-01-25T14:17:44.885+0000][1][safepoint    ] Application time: 1.0006550 seconds
[2019-01-25T14:17:44.885+0000][1][safepoint    ] Total time for which application threads were stopped: 0.0000644 seconds, Stopping threads took: 0.0000136 seconds
[2019-01-25T14:17:45.885+0000][1][safepoint    ] Application time: 1.0001350 seconds
[2019-01-25T14:17:45.885+0000][1][safepoint    ] Total time for which application threads were stopped: 0.0000688 seconds, Stopping threads took: 0.0000144 seconds
[2019-01-25T14:17:46.056+0000][1][safepoint    ] Application time: 0.1700396 seconds
[2019-01-25T14:17:46.056+0000][1][safepoint    ] Total time for which application threads were stopped: 0.0001481 seconds, Stopping threads took: 0.0000224 seconds
[2019-01-25T14:17:46.401+0000][1][safepoint    ] Application time: 0.3450518 seconds
[2019-01-25T14:17:46.401+0000][1][safepoint    ] Total time for which application threads were stopped: 0.0000766 seconds, Stopping threads took: 0.0000095 seconds
[2019-01-25T14:17:46.404+0000][1][safepoint    ] Application time: 0.0032548 seconds
[2019-01-25T14:17:46.404+0000][1][safepoint    ] Total time for which application threads were stopped: 0.0000940 seconds, Stopping threads took: 0.0000145 seconds
[2019-01-25T14:17:47.404+0000][1][safepoint    ] Application time: 1.0001634 seconds
[2019-01-25T14:17:47.405+0000][1][safepoint    ] Total time for which application threads were stopped: 0.0001375 seconds, Stopping threads took: 0.0000185 seconds
[2019-01-25T14:17:48.405+0000][1][safepoint    ] Application time: 1.0001958 seconds
[2019-01-25T14:17:48.405+0000][1][safepoint    ] Total time for which application threads were stopped: 0.0000462 seconds, Stopping threads took: 0.0000105 seconds
[2019-01-25T14:17:48.920+0000][1][safepoint    ] Application time: 0.5147004 seconds
[2019-01-25T14:17:48.920+0000][1][safepoint    ] Total time for which application threads were stopped: 0.0001128 seconds, Stopping threads took: 0.0000278 seconds
[2019-01-25T14:17:48.925+0000][1][safepoint    ] Application time: 0.0048017 seconds
[2019-01-25T14:17:48.925+0000][1][safepoint    ] Total time for which application threads were stopped: 0.0001176 seconds, Stopping threads took: 0.0000298 seconds
[2019-01-25T14:17:49.925+0000][1][safepoint    ] Application time: 1.0001891 seconds
[2019-01-25T14:17:49.925+0000][1][safepoint    ] Total time for which application threads were stopped: 0.0000686 seconds, Stopping threads took: 0.0000159 seconds
[2019-01-25T14:17:50.925+0000][1][safepoint    ] Application time: 1.0002001 seconds
[2019-01-25T14:17:50.926+0000][1][safepoint    ] Total time for which application threads were stopped: 0.0000716 seconds, Stopping threads took: 0.0000155 seconds
[2019-01-25T14:17:51.441+0000][1][safepoint    ] Application time: 0.5159448 seconds
[2019-01-25T14:17:51.442+0000][1][safepoint    ] Total time for which application threads were stopped: 0.0001392 seconds, Stopping threads took: 0.0000342 seconds
[2019-01-25T14:17:51.447+0000][1][safepoint    ] Application time: 0.0052392 seconds
[2019-01-25T14:17:51.447+0000][1][safepoint    ] Total time for which application threads were stopped: 0.0001503 seconds, Stopping threads took: 0.0000529 seconds
[2019-01-25T14:17:52.447+0000][1][safepoint    ] Application time: 1.0002353 seconds
[2019-01-25T14:17:52.448+0000][1][safepoint    ] Total time for which application threads were stopped: 0.0000944 seconds, Stopping threads took: 0.0000376 seconds
[2019-01-25T14:17:53.448+0000][1][safepoint    ] Application time: 1.0001709 seconds
[2019-01-25T14:17:53.448+0000][1][safepoint    ] Total time for which application threads were stopped: 0.0000496 seconds, Stopping threads took: 0.0000108 seconds
[2019-01-25T14:17:53.961+0000][1][safepoint    ] Application time: 0.5135912 seconds
[2019-01-25T14:17:53.962+0000][1][safepoint    ] Total time for which application threads were stopped: 0.0000781 seconds, Stopping threads took: 0.0000093 seconds
[2019-01-25T14:17:53.968+0000][1][safepoint    ] Application time: 0.0063917 seconds
[2019-01-25T14:17:53.968+0000][1][safepoint    ] Total time for which application threads were stopped: 0.0001036 seconds, Stopping threads took: 0.0000249 seconds
[2019-01-25T14:17:54.968+0000][1][safepoint    ] Application time: 1.0002517 seconds
[2019-01-25T14:17:54.969+0000][1][safepoint    ] Total time for which application threads were stopped: 0.0000960 seconds, Stopping threads took: 0.0000221 seconds
[2019-01-25T14:17:55.969+0000][1][safepoint    ] Application time: 1.0001160 seconds
[2019-01-25T14:17:55.969+0000][1][safepoint    ] Total time for which application threads were stopped: 0.0000593 seconds, Stopping threads took: 0.0000150 seconds
[2019-01-25T14:17:56.482+0000][1][safepoint    ] Application time: 0.5130030 seconds
[2019-01-25T14:17:56.482+0000][1][safepoint    ] Total time for which application threads were stopped: 0.0000937 seconds, Stopping threads took: 0.0000265 seconds
[2019-01-25T14:17:56.493+0000][1][safepoint    ] Application time: 0.0114266 seconds
[2019-01-25T14:17:56.493+0000][1][safepoint    ] Total time for which application threads were stopped: 0.0000728 seconds, Stopping threads took: 0.0000186 seconds
[2019-01-25T14:17:57.498+0000][1][safepoint    ] Application time: 1.0045416 seconds
[2019-01-25T14:17:57.498+0000][1][safepoint    ] Total time for which application threads were stopped: 0.0001023 seconds, Stopping threads took: 0.0000167 seconds
[2019-01-25T14:17:58.498+0000][1][safepoint    ] Application time: 1.0001298 seconds
[2019-01-25T14:17:58.498+0000][1][safepoint    ] Total time for which application threads were stopped: 0.0000690 seconds, Stopping threads took: 0.0000151 seconds
[2019-01-25T14:17:59.004+0000][1][safepoint    ] Application time: 0.5057414 seconds
[2019-01-25T14:17:59.004+0000][1][safepoint    ] Total time for which application threads were stopped: 0.0000742 seconds, Stopping threads took: 0.0000190 seconds
[2019-01-25T14:17:59.007+0000][1][safepoint    ] Application time: 0.0025196 seconds
[2019-01-25T14:17:59.007+0000][1][safepoint    ] Total time for which application threads were stopped: 0.0001237 seconds, Stopping threads took: 0.0000246 seconds
[2019-01-25T14:18:00.007+0000][1][safepoint    ] Application time: 1.0001537 seconds
[2019-01-25T14:18:00.007+0000][1][safepoint    ] Total time for which application threads were stopped: 0.0000651 seconds, Stopping threads took: 0.0000127 seconds
[2019-01-25T14:18:01.007+0000][1][safepoint    ] Application time: 1.0001415 seconds
[2019-01-25T14:18:01.008+0000][1][safepoint    ] Total time for which application threads were stopped: 0.0000632 seconds, Stopping threads took: 0.0000139 seconds
[2019-01-25T14:18:01.534+0000][1][safepoint    ] Application time: 0.5265381 seconds
[2019-01-25T14:18:01.534+0000][1][safepoint    ] Total time for which application threads were stopped: 0.0000698 seconds, Stopping threads took: 0.0000171 seconds
[2019-01-25T14:18:01.537+0000][1][safepoint    ] Application time: 0.0027411 seconds
[2019-01-25T14:18:01.537+0000][1][safepoint    ] Total time for which application threads were stopped: 0.0000749 seconds, Stopping threads took: 0.0000188 seconds
[2019-01-25T14:18:02.537+0000][1][safepoint    ] Application time: 1.0001146 seconds
[2019-01-25T14:18:02.537+0000][1][safepoint    ] Total time for which application threads were stopped: 0.0000761 seconds, Stopping threads took: 0.0000161 seconds
[2019-01-25T14:18:03.538+0000][1][safepoint    ] Application time: 1.0001793 seconds
[2019-01-25T14:18:03.538+0000][1][safepoint    ] Total time for which application threads were stopped: 0.0001299 seconds, Stopping threads took: 0.0000260 seconds
[2019-01-25T14:18:04.043+0000][1][safepoint    ] Application time: 0.5053847 seconds
[2019-01-25T14:18:04.043+0000][1][safepoint    ] Total time for which application threads were stopped: 0.0002007 seconds, Stopping threads took: 0.0001375 seconds
[2019-01-25T14:18:04.049+0000][1][safepoint    ] Application time: 0.0051079 seconds
[2019-01-25T14:18:04.049+0000][1][safepoint    ] Total time for which application threads were stopped: 0.0001732 seconds, Stopping threads took: 0.0000116 seconds
[2019-01-25T14:18:05.049+0000][1][safepoint    ] Application time: 1.0001236 seconds
[2019-01-25T14:18:05.049+0000][1][safepoint    ] Total time for which application threads were stopped: 0.0000714 seconds, Stopping threads took: 0.0000153 seconds
[2019-01-25T14:18:06.049+0000][1][safepoint    ] Application time: 1.0001177 seconds
[2019-01-25T14:18:06.049+0000][1][safepoint    ] Total time for which application threads were stopped: 0.0000512 seconds, Stopping threads took: 0.0000128 seconds
[2019-01-25T14:18:06.560+0000][1][safepoint    ] Application time: 0.5104557 seconds
[2019-01-25T14:18:06.560+0000][1][safepoint    ] Total time for which application threads were stopped: 0.0000745 seconds, Stopping threads took: 0.0000163 seconds
[2019-01-25T14:18:06.563+0000][1][safepoint    ] Application time: 0.0033163 seconds
[2019-01-25T14:18:06.563+0000][1][safepoint    ] Total time for which application threads were stopped: 0.0001096 seconds, Stopping threads took: 0.0000232 seconds
[2019-01-25T14:18:07.564+0000][1][safepoint    ] Application time: 1.0001486 seconds
[2019-01-25T14:18:07.564+0000][1][safepoint    ] Total time for which application threads were stopped: 0.0000485 seconds, Stopping threads took: 0.0000106 seconds
[2019-01-25T14:18:08.564+0000][1][safepoint    ] Application time: 1.0001128 seconds
[2019-01-25T14:18:08.564+0000][1][safepoint    ] Total time for which application threads were stopped: 0.0000475 seconds, Stopping threads took: 0.0000105 seconds
[2019-01-25T14:18:09.072+0000][1][safepoint    ] Application time: 0.5084568 seconds
[2019-01-25T14:18:09.073+0000][1][safepoint    ] Total time for which application threads were stopped: 0.0000878 seconds, Stopping threads took: 0.0000200 seconds
[2019-01-25T14:18:09.078+0000][1][safepoint    ] Application time: 0.0051817 seconds
[2019-01-25T14:18:09.078+0000][1][safepoint    ] Total time for which application threads were stopped: 0.0001072 seconds, Stopping threads took: 0.0000222 seconds
[2019-01-25T14:18:10.078+0000][1][safepoint    ] Application time: 1.0001519 seconds
[2019-01-25T14:18:10.078+0000][1][safepoint    ] Total time for which application threads were stopped: 0.0000859 seconds, Stopping threads took: 0.0000141 seconds
[2019-01-25T14:18:11.078+0000][1][safepoint    ] Application time: 1.0001625 seconds
[2019-01-25T14:18:11.079+0000][1][safepoint    ] Total time for which application threads were stopped: 0.0000729 seconds, Stopping threads took: 0.0000154 seconds
[2019-01-25T14:18:11.588+0000][1][safepoint    ] Application time: 0.5098156 seconds
[2019-01-25T14:18:11.589+0000][1][safepoint    ] Total time for which application threads were stopped: 0.0000997 seconds, Stopping threads took: 0.0000235 seconds
[2019-01-25T14:18:11.592+0000][1][safepoint    ] Application time: 0.0036384 seconds
[2019-01-25T14:18:11.592+0000][1][safepoint    ] Total time for which application threads were stopped: 0.0000955 seconds, Stopping threads took: 0.0000218 seconds
[2019-01-25T14:18:12.593+0000][1][safepoint    ] Application time: 1.0001436 seconds
[2019-01-25T14:18:12.593+0000][1][safepoint    ] Total time for which application threads were stopped: 0.0000542 seconds, Stopping threads took: 0.0000101 seconds
[2019-01-25T14:18:13.593+0000][1][safepoint    ] Application time: 1.0001410 seconds
[2019-01-25T14:18:13.593+0000][1][safepoint    ] Total time for which application threads were stopped: 0.0000971 seconds, Stopping threads took: 0.0000179 seconds
[2019-01-25T14:18:14.109+0000][1][safepoint    ] Application time: 0.5161232 seconds
[2019-01-25T14:18:14.109+0000][1][safepoint    ] Total time for which application threads were stopped: 0.0000757 seconds, Stopping threads took: 0.0000082 seconds
[2019-01-25T14:18:14.112+0000][1][safepoint    ] Application time: 0.0025533 seconds
[2019-01-25T14:18:14.112+0000][1][safepoint    ] Total time for which application threads were stopped: 0.0000684 seconds, Stopping threads took: 0.0000086 seconds
[2019-01-25T14:18:15.112+0000][1][safepoint    ] Application time: 1.0001443 seconds
[2019-01-25T14:18:15.112+0000][1][safepoint    ] Total time for which application threads were stopped: 0.0000727 seconds, Stopping threads took: 0.0000151 seconds
[2019-01-25T14:18:16.112+0000][1][safepoint    ] Application time: 1.0001670 seconds
[2019-01-25T14:18:16.112+0000][1][safepoint    ] Total time for which application threads were stopped: 0.0000494 seconds, Stopping threads took: 0.0000108 seconds
[2019-01-25T14:18:16.626+0000][1][safepoint    ] Application time: 0.5135847 seconds
[2019-01-25T14:18:16.626+0000][1][safepoint    ] Total time for which application threads were stopped: 0.0001164 seconds, Stopping threads took: 0.0000178 seconds
[2019-01-25T14:18:16.630+0000][1][safepoint    ] Application time: 0.0035260 seconds
[2019-01-25T14:18:16.630+0000][1][safepoint    ] Total time for which application threads were stopped: 0.0000898 seconds, Stopping threads took: 0.0000332 seconds
[2019-01-25T14:18:17.630+0000][1][safepoint    ] Application time: 1.0001206 seconds
[2019-01-25T14:18:17.630+0000][1][safepoint    ] Total time for which application threads were stopped: 0.0000693 seconds, Stopping threads took: 0.0000141 seconds
[2019-01-25T14:18:18.630+0000][1][safepoint    ] Application time: 1.0005373 seconds
[2019-01-25T14:18:18.631+0000][1][safepoint    ] Total time for which application threads were stopped: 0.0000528 seconds, Stopping threads took: 0.0000135 seconds
[2019-01-25T14:18:19.136+0000][1][safepoint    ] Application time: 0.5049846 seconds
[2019-01-25T14:18:19.136+0000][1][safepoint    ] Total time for which application threads were stopped: 0.0001120 seconds, Stopping threads took: 0.0000264 seconds
[2019-01-25T14:18:19.140+0000][1][safepoint    ] Application time: 0.0040197 seconds
[2019-01-25T14:18:19.140+0000][1][safepoint    ] Total time for which application threads were stopped: 0.0000763 seconds, Stopping threads took: 0.0000164 seconds
[2019-01-25T14:18:20.143+0000][1][safepoint    ] Application time: 1.0028595 seconds
[2019-01-25T14:18:20.143+0000][1][safepoint    ] Total time for which application threads were stopped: 0.0000832 seconds, Stopping threads took: 0.0000136 seconds
[2019-01-25T14:18:21.143+0000][1][safepoint    ] Application time: 1.0002125 seconds
[2019-01-25T14:18:21.143+0000][1][safepoint    ] Total time for which application threads were stopped: 0.0000646 seconds, Stopping threads took: 0.0000129 seconds
[2019-01-25T14:18:21.661+0000][1][safepoint    ] Application time: 0.5181106 seconds
[2019-01-25T14:18:21.661+0000][1][safepoint    ] Total time for which application threads were stopped: 0.0001039 seconds, Stopping threads took: 0.0000165 seconds
[2019-01-25T14:18:21.675+0000][1][safepoint    ] Application time: 0.0134098 seconds
[2019-01-25T14:18:21.675+0000][1][safepoint    ] Total time for which application threads were stopped: 0.0000961 seconds, Stopping threads took: 0.0000145 seconds
[2019-01-25T14:18:22.678+0000][1][safepoint    ] Application time: 1.0023629 seconds
[2019-01-25T14:18:22.678+0000][1][safepoint    ] Total time for which application threads were stopped: 0.0000926 seconds, Stopping threads took: 0.0000343 seconds
[2019-01-25T14:18:23.678+0000][1][safepoint    ] Application time: 1.0002687 seconds
[2019-01-25T14:18:23.678+0000][1][safepoint    ] Total time for which application threads were stopped: 0.0000473 seconds, Stopping threads took: 0.0000104 seconds
[2019-01-25T14:18:24.190+0000][1][safepoint    ] Application time: 0.5114478 seconds
[2019-01-25T14:18:24.190+0000][1][safepoint    ] Total time for which application threads were stopped: 0.0000695 seconds, Stopping threads took: 0.0000096 seconds
[2019-01-25T14:18:24.197+0000][1][safepoint    ] Application time: 0.0070432 seconds
[2019-01-25T14:18:24.197+0000][1][safepoint    ] Total time for which application threads were stopped: 0.0001015 seconds, Stopping threads took: 0.0000124 seconds
[2019-01-25T14:18:25.197+0000][1][safepoint    ] Application time: 1.0004399 seconds
[2019-01-25T14:18:25.198+0000][1][safepoint    ] Total time for which application threads were stopped: 0.0001929 seconds, Stopping threads took: 0.0000370 seconds
[2019-01-25T14:18:26.198+0000][1][safepoint    ] Application time: 1.0001875 seconds
[2019-01-25T14:18:26.198+0000][1][safepoint    ] Total time for which application threads were stopped: 0.0000468 seconds, Stopping threads took: 0.0000108 seconds
[2019-01-25T14:18:26.712+0000][1][safepoint    ] Application time: 0.5139647 seconds
[2019-01-25T14:18:26.712+0000][1][safepoint    ] Total time for which application threads were stopped: 0.0001407 seconds, Stopping threads took: 0.0000142 seconds
[2019-01-25T14:18:26.717+0000][1][safepoint    ] Application time: 0.0047827 seconds
[2019-01-25T14:18:26.717+0000][1][safepoint    ] Total time for which application threads were stopped: 0.0000867 seconds, Stopping threads took: 0.0000118 seconds
[2019-01-25T14:18:27.718+0000][1][safepoint    ] Application time: 1.0005633 seconds
[2019-01-25T14:18:27.718+0000][1][safepoint    ] Total time for which application threads were stopped: 0.0001697 seconds, Stopping threads took: 0.0000185 seconds
[2019-01-25T14:18:28.718+0000][1][safepoint    ] Application time: 1.0001684 seconds
[2019-01-25T14:18:28.718+0000][1][safepoint    ] Total time for which application threads were stopped: 0.0000531 seconds, Stopping threads took: 0.0000104 seconds
[2019-01-25T14:18:29.245+0000][1][safepoint    ] Application time: 0.5270791 seconds
[2019-01-25T14:18:29.245+0000][1][safepoint    ] Total time for which application threads were stopped: 0.0001152 seconds, Stopping threads took: 0.0000146 seconds
[2019-01-25T14:18:29.249+0000][1][safepoint    ] Application time: 0.0037268 seconds
[2019-01-25T14:18:29.250+0000][1][safepoint    ] Total time for which application threads were stopped: 0.0003076 seconds, Stopping threads took: 0.0000261 seconds
[2019-01-25T14:18:30.250+0000][1][safepoint    ] Application time: 1.0002035 seconds
[2019-01-25T14:18:30.250+0000][1][safepoint    ] Total time for which application threads were stopped: 0.0000488 seconds, Stopping threads took: 0.0000106 seconds
[2019-01-25T14:18:31.250+0000][1][safepoint    ] Application time: 1.0001466 seconds
[2019-01-25T14:18:31.250+0000][1][safepoint    ] Total time for which application threads were stopped: 0.0001126 seconds, Stopping threads took: 0.0000229 seconds
[2019-01-25T14:18:31.765+0000][1][safepoint    ] Application time: 0.5150244 seconds
[2019-01-25T14:18:31.765+0000][1][safepoint    ] Total time for which application threads were stopped: 0.0000912 seconds, Stopping threads took: 0.0000213 seconds
[2019-01-25T14:18:31.769+0000][1][safepoint    ] Application time: 0.0038380 seconds
[2019-01-25T14:18:31.769+0000][1][safepoint    ] Total time for which application threads were stopped: 0.0001027 seconds, Stopping threads took: 0.0000218 seconds
[2019-01-25T14:18:32.770+0000][1][safepoint    ] Application time: 1.0001224 seconds
[2019-01-25T14:18:32.770+0000][1][safepoint    ] Total time for which application threads were stopped: 0.0000481 seconds, Stopping threads took: 0.0000102 seconds
[2019-01-25T14:18:33.770+0000][1][safepoint    ] Application time: 1.0001313 seconds
[2019-01-25T14:18:33.770+0000][1][safepoint    ] Total time for which application threads were stopped: 0.0000727 seconds, Stopping threads took: 0.0000139 seconds
[2019-01-25T14:18:34.288+0000][1][safepoint    ] Application time: 0.5178006 seconds
[2019-01-25T14:18:34.288+0000][1][safepoint    ] Total time for which application threads were stopped: 0.0000777 seconds, Stopping threads took: 0.0000180 seconds
[2019-01-25T14:18:34.298+0000][1][safepoint    ] Application time: 0.0099820 seconds
[2019-01-25T14:18:34.298+0000][1][safepoint    ] Total time for which application threads were stopped: 0.0001143 seconds, Stopping threads took: 0.0000246 seconds
[2019-01-25T14:18:35.298+0000][1][safepoint    ] Application time: 1.0001466 seconds
[2019-01-25T14:18:35.298+0000][1][safepoint    ] Total time for which application threads were stopped: 0.0000728 seconds, Stopping threads took: 0.0000145 seconds
[2019-01-25T14:18:36.299+0000][1][safepoint    ] Application time: 1.0001513 seconds
[2019-01-25T14:18:36.299+0000][1][safepoint    ] Total time for which application threads were stopped: 0.0000748 seconds, Stopping threads took: 0.0000136 seconds
[2019-01-25T14:18:36.813+0000][1][safepoint    ] Application time: 0.5146323 seconds
[2019-01-25T14:18:36.814+0000][1][safepoint    ] Total time for which application threads were stopped: 0.0001320 seconds, Stopping threads took: 0.0000501 seconds
[2019-01-25T14:18:36.818+0000][1][safepoint    ] Application time: 0.0043342 seconds
[2019-01-25T14:18:36.818+0000][1][safepoint    ] Total time for which application threads were stopped: 0.0000797 seconds, Stopping threads took: 0.0000191 seconds
[2019-01-25T14:18:37.818+0000][1][safepoint    ] Application time: 1.0001210 seconds
[2019-01-25T14:18:37.818+0000][1][safepoint    ] Total time for which application threads were stopped: 0.0000539 seconds, Stopping threads took: 0.0000138 seconds
[2019-01-25T14:18:38.818+0000][1][safepoint    ] Application time: 1.0001249 seconds
[2019-01-25T14:18:38.819+0000][1][safepoint    ] Total time for which application threads were stopped: 0.0001032 seconds, Stopping threads took: 0.0000144 seconds
[2019-01-25T14:18:39.332+0000][1][safepoint    ] Application time: 0.5136144 seconds
[2019-01-25T14:18:39.332+0000][1][safepoint    ] Total time for which application threads were stopped: 0.0001107 seconds, Stopping threads took: 0.0000500 seconds
[2019-01-25T14:18:39.335+0000][1][safepoint    ] Application time: 0.0030154 seconds
[2019-01-25T14:18:39.335+0000][1][safepoint    ] Total time for which application threads were stopped: 0.0000782 seconds, Stopping threads took: 0.0000188 seconds
[2019-01-25T14:18:40.336+0000][1][safepoint    ] Application time: 1.0002478 seconds
[2019-01-25T14:18:40.336+0000][1][safepoint    ] Total time for which application threads were stopped: 0.0000671 seconds, Stopping threads took: 0.0000154 seconds
[2019-01-25T14:18:41.336+0000][1][safepoint    ] Application time: 1.0001493 seconds
[2019-01-25T14:18:41.336+0000][1][safepoint    ] Total time for which application threads were stopped: 0.0000664 seconds, Stopping threads took: 0.0000145 seconds
[2019-01-25T14:18:41.848+0000][1][safepoint    ] Application time: 0.5118845 seconds
[2019-01-25T14:18:41.848+0000][1][safepoint    ] Total time for which application threads were stopped: 0.0001122 seconds, Stopping threads took: 0.0000284 seconds
[2019-01-25T14:18:41.852+0000][1][safepoint    ] Application time: 0.0037359 seconds
[2019-01-25T14:18:41.852+0000][1][safepoint    ] Total time for which application threads were stopped: 0.0001222 seconds, Stopping threads took: 0.0000275 seconds
[2019-01-25T14:18:42.852+0000][1][safepoint    ] Application time: 1.0001862 seconds
[2019-01-25T14:18:42.853+0000][1][safepoint    ] Total time for which application threads were stopped: 0.0000693 seconds, Stopping threads took: 0.0000151 seconds
[2019-01-25T14:18:43.853+0000][1][safepoint    ] Application time: 1.0003710 seconds
[2019-01-25T14:18:43.853+0000][1][safepoint    ] Total time for which application threads were stopped: 0.0000770 seconds, Stopping threads took: 0.0000180 seconds
[2019-01-25T14:18:44.367+0000][1][safepoint    ] Application time: 0.5141626 seconds
[2019-01-25T14:18:44.367+0000][1][safepoint    ] Total time for which application threads were stopped: 0.0001023 seconds, Stopping threads took: 0.0000140 seconds
[2019-01-25T14:18:44.370+0000][1][safepoint    ] Application time: 0.0024921 seconds
[2019-01-25T14:18:44.371+0000][1][safepoint    ] Total time for which application threads were stopped: 0.0013136 seconds, Stopping threads took: 0.0012023 seconds
[2019-01-25T14:18:45.372+0000][1][safepoint    ] Application time: 1.0012651 seconds
[2019-01-25T14:18:45.373+0000][1][safepoint    ] Total time for which application threads were stopped: 0.0000639 seconds, Stopping threads took: 0.0000135 seconds
[2019-01-25T14:18:46.373+0000][1][safepoint    ] Application time: 1.0003073 seconds
[2019-01-25T14:18:46.373+0000][1][safepoint    ] Total time for which application threads were stopped: 0.0000790 seconds, Stopping threads took: 0.0000146 seconds
[2019-01-25T14:18:46.885+0000][1][safepoint    ] Application time: 0.5121146 seconds
[2019-01-25T14:18:46.885+0000][1][safepoint    ] Total time for which application threads were stopped: 0.0001019 seconds, Stopping threads took: 0.0000257 seconds
[2019-01-25T14:18:46.907+0000][1][safepoint    ] Application time: 0.0221291 seconds
[2019-01-25T14:18:46.908+0000][1][safepoint    ] Total time for which application threads were stopped: 0.0001072 seconds, Stopping threads took: 0.0000146 seconds
[2019-01-25T14:18:47.908+0000][1][safepoint    ] Application time: 1.0001243 seconds
[2019-01-25T14:18:47.908+0000][1][safepoint    ] Total time for which application threads were stopped: 0.0000745 seconds, Stopping threads took: 0.0000118 seconds
[2019-01-25T14:18:48.943+0000][1][safepoint    ] Application time: 1.0353270 seconds
[2019-01-25T14:18:48.943+0000][1][safepoint    ] Total time for which application threads were stopped: 0.0000685 seconds, Stopping threads took: 0.0000146 seconds
[2019-01-25T14:18:49.421+0000][1][safepoint    ] Application time: 0.4777074 seconds
[2019-01-25T14:18:49.421+0000][1][safepoint    ] Total time for which application threads were stopped: 0.0001132 seconds, Stopping threads took: 0.0000135 seconds
[2019-01-25T14:18:49.427+0000][1][safepoint    ] Application time: 0.0062048 seconds
[2019-01-25T14:18:49.428+0000][1][safepoint    ] Total time for which application threads were stopped: 0.0000790 seconds, Stopping threads took: 0.0000120 seconds
[2019-01-25T14:18:50.428+0000][1][safepoint    ] Application time: 1.0001434 seconds
[2019-01-25T14:18:50.428+0000][1][safepoint    ] Total time for which application threads were stopped: 0.0000709 seconds, Stopping threads took: 0.0000142 seconds
[2019-01-25T14:18:51.428+0000][1][safepoint    ] Application time: 1.0001352 seconds
[2019-01-25T14:18:51.428+0000][1][safepoint    ] Total time for which application threads were stopped: 0.0000468 seconds, Stopping threads took: 0.0000107 seconds
[2019-01-25T14:18:51.952+0000][1][safepoint    ] Application time: 0.5237023 seconds
[2019-01-25T14:18:51.952+0000][1][safepoint    ] Total time for which application threads were stopped: 0.0001226 seconds, Stopping threads took: 0.0000152 seconds
[2019-01-25T14:18:51.966+0000][1][safepoint    ] Application time: 0.0136257 seconds
[2019-01-25T14:18:51.966+0000][1][safepoint    ] Total time for which application threads were stopped: 0.0001051 seconds, Stopping threads took: 0.0000145 seconds
[2019-01-25T14:18:52.966+0000][1][safepoint    ] Application time: 1.0001593 seconds
[2019-01-25T14:18:52.966+0000][1][safepoint    ] Total time for which application threads were stopped: 0.0001020 seconds, Stopping threads took: 0.0000366 seconds
[2019-01-25T14:18:53.966+0000][1][safepoint    ] Application time: 1.0001535 seconds
[2019-01-25T14:18:53.966+0000][1][safepoint    ] Total time for which application threads were stopped: 0.0000479 seconds, Stopping threads took: 0.0000106 seconds
[2019-01-25T14:18:54.476+0000][1][safepoint    ] Application time: 0.5094413 seconds
[2019-01-25T14:18:54.476+0000][1][safepoint    ] Total time for which application threads were stopped: 0.0001237 seconds, Stopping threads took: 0.0000121 seconds
[2019-01-25T14:18:54.480+0000][1][safepoint    ] Application time: 0.0034963 seconds
[2019-01-25T14:18:54.480+0000][1][safepoint    ] Total time for which application threads were stopped: 0.0001175 seconds, Stopping threads took: 0.0000279 seconds
[2019-01-25T14:18:55.480+0000][1][safepoint    ] Application time: 1.0004746 seconds
[2019-01-25T14:18:55.480+0000][1][safepoint    ] Total time for which application threads were stopped: 0.0000699 seconds, Stopping threads took: 0.0000165 seconds
[2019-01-25T14:18:56.480+0000][1][safepoint    ] Application time: 1.0001201 seconds
[2019-01-25T14:18:56.481+0000][1][safepoint    ] Total time for which application threads were stopped: 0.0000723 seconds, Stopping threads took: 0.0000146 seconds
[2019-01-25T14:18:57.005+0000][1][safepoint    ] Application time: 0.5244282 seconds
[2019-01-25T14:18:57.006+0000][1][safepoint    ] Total time for which application threads were stopped: 0.0003290 seconds, Stopping threads took: 0.0001261 seconds
[2019-01-25T14:18:57.020+0000][1][safepoint    ] Application time: 0.0141873 seconds
[2019-01-25T14:18:57.020+0000][1][safepoint    ] Total time for which application threads were stopped: 0.0003618 seconds, Stopping threads took: 0.0000401 seconds
[2019-01-25T14:18:58.020+0000][1][safepoint    ] Application time: 1.0001881 seconds
[2019-01-25T14:18:58.021+0000][1][safepoint    ] Total time for which application threads were stopped: 0.0000603 seconds, Stopping threads took: 0.0000126 seconds
[2019-01-25T14:18:59.021+0000][1][safepoint    ] Application time: 1.0001183 seconds
[2019-01-25T14:18:59.021+0000][1][safepoint    ] Total time for which application threads were stopped: 0.0000619 seconds, Stopping threads took: 0.0000127 seconds
[2019-01-25T14:18:59.533+0000][1][safepoint    ] Application time: 0.5118280 seconds
[2019-01-25T14:18:59.533+0000][1][safepoint    ] Total time for which application threads were stopped: 0.0001432 seconds, Stopping threads took: 0.0000383 seconds
[2019-01-25T14:18:59.544+0000][1][safepoint    ] Application time: 0.0109801 seconds
[2019-01-25T14:18:59.544+0000][1][safepoint    ] Total time for which application threads were stopped: 0.0001399 seconds, Stopping threads took: 0.0000373 seconds
[2019-01-25T14:19:00.544+0000][1][safepoint    ] Application time: 1.0001616 seconds
[2019-01-25T14:19:00.545+0000][1][safepoint    ] Total time for which application threads were stopped: 0.0000932 seconds, Stopping threads took: 0.0000151 seconds
[2019-01-25T14:19:01.545+0000][1][safepoint    ] Application time: 1.0000966 seconds
[2019-01-25T14:19:01.545+0000][1][safepoint    ] Total time for which application threads were stopped: 0.0000475 seconds, Stopping threads took: 0.0000105 seconds
[2019-01-25T14:19:02.075+0000][1][safepoint    ] Application time: 0.5304534 seconds
[2019-01-25T14:19:02.075+0000][1][safepoint    ] Total time for which application threads were stopped: 0.0001154 seconds, Stopping threads took: 0.0000257 seconds
[2019-01-25T14:19:02.090+0000][1][safepoint    ] Application time: 0.0149062 seconds
[2019-01-25T14:19:02.090+0000][1][safepoint    ] Total time for which application threads were stopped: 0.0001148 seconds, Stopping threads took: 0.0000278 seconds
[2019-01-25T14:19:03.091+0000][1][safepoint    ] Application time: 1.0001782 seconds
[2019-01-25T14:19:03.091+0000][1][safepoint    ] Total time for which application threads were stopped: 0.0000467 seconds, Stopping threads took: 0.0000106 seconds
[2019-01-25T14:19:04.091+0000][1][safepoint    ] Application time: 1.0001632 seconds
[2019-01-25T14:19:04.091+0000][1][safepoint    ] Total time for which application threads were stopped: 0.0000818 seconds, Stopping threads took: 0.0000143 seconds
[2019-01-25T14:19:04.611+0000][1][safepoint    ] Application time: 0.5199102 seconds
[2019-01-25T14:19:04.611+0000][1][safepoint    ] Total time for which application threads were stopped: 0.0001111 seconds, Stopping threads took: 0.0000233 seconds
[2019-01-25T14:19:04.618+0000][1][safepoint    ] Application time: 0.0066308 seconds
[2019-01-25T14:19:04.618+0000][1][safepoint    ] Total time for which application threads were stopped: 0.0001195 seconds, Stopping threads took: 0.0000286 seconds
[2019-01-25T14:19:05.625+0000][1][safepoint    ] Application time: 1.0069982 seconds
[2019-01-25T14:19:05.625+0000][1][safepoint    ] Total time for which application threads were stopped: 0.0000772 seconds, Stopping threads took: 0.0000150 seconds
[2019-01-25T14:19:06.625+0000][1][safepoint    ] Application time: 1.0001448 seconds
[2019-01-25T14:19:06.625+0000][1][safepoint    ] Total time for which application threads were stopped: 0.0000650 seconds, Stopping threads took: 0.0000177 seconds
[2019-01-25T14:19:07.128+0000][1][safepoint    ] Application time: 0.5025605 seconds
[2019-01-25T14:19:07.128+0000][1][safepoint    ] Total time for which application threads were stopped: 0.0001023 seconds, Stopping threads took: 0.0000230 seconds
[2019-01-25T14:19:07.132+0000][1][safepoint    ] Application time: 0.0034968 seconds
[2019-01-25T14:19:07.132+0000][1][safepoint    ] Total time for which application threads were stopped: 0.0004179 seconds, Stopping threads took: 0.0000233 seconds
[2019-01-25T14:19:08.132+0000][1][safepoint    ] Application time: 1.0001303 seconds
[2019-01-25T14:19:08.133+0000][1][safepoint    ] Total time for which application threads were stopped: 0.0002143 seconds, Stopping threads took: 0.0001582 seconds
[2019-01-25T14:19:09.133+0000][1][safepoint    ] Application time: 1.0001172 seconds
[2019-01-25T14:19:09.133+0000][1][safepoint    ] Total time for which application threads were stopped: 0.0000768 seconds, Stopping threads took: 0.0000173 seconds
[2019-01-25T14:19:09.642+0000][1][safepoint    ] Application time: 0.5092566 seconds
[2019-01-25T14:19:09.642+0000][1][safepoint    ] Total time for which application threads were stopped: 0.0000733 seconds, Stopping threads took: 0.0000162 seconds
[2019-01-25T14:19:09.645+0000][1][safepoint    ] Application time: 0.0031511 seconds
[2019-01-25T14:19:09.645+0000][1][safepoint    ] Total time for which application threads were stopped: 0.0001123 seconds, Stopping threads took: 0.0000238 seconds
[2019-01-25T14:19:10.646+0000][1][safepoint    ] Application time: 1.0001643 seconds
[2019-01-25T14:19:10.646+0000][1][safepoint    ] Total time for which application threads were stopped: 0.0000945 seconds, Stopping threads took: 0.0000158 seconds
[2019-01-25T14:19:11.646+0000][1][safepoint    ] Application time: 1.0001222 seconds
[2019-01-25T14:19:11.646+0000][1][safepoint    ] Total time for which application threads were stopped: 0.0000656 seconds, Stopping threads took: 0.0000163 seconds
[2019-01-25T14:19:12.164+0000][1][safepoint    ] Application time: 0.5180927 seconds
[2019-01-25T14:19:12.164+0000][1][safepoint    ] Total time for which application threads were stopped: 0.0000933 seconds, Stopping threads took: 0.0000206 seconds
[2019-01-25T14:19:12.167+0000][1][safepoint    ] Application time: 0.0024142 seconds
[2019-01-25T14:19:12.168+0000][1][safepoint    ] Total time for which application threads were stopped: 0.0012505 seconds, Stopping threads took: 0.0000219 seconds
[2019-01-25T14:19:13.168+0000][1][safepoint    ] Application time: 1.0001615 seconds
[2019-01-25T14:19:13.168+0000][1][safepoint    ] Total time for which application threads were stopped: 0.0000692 seconds, Stopping threads took: 0.0000147 seconds
[2019-01-25T14:19:14.169+0000][1][safepoint    ] Application time: 1.0001223 seconds
[2019-01-25T14:19:14.169+0000][1][safepoint    ] Total time for which application threads were stopped: 0.0000678 seconds, Stopping threads took: 0.0000137 seconds
[2019-01-25T14:19:14.687+0000][1][safepoint    ] Application time: 0.5182399 seconds
[2019-01-25T14:19:14.688+0000][1][safepoint    ] Total time for which application threads were stopped: 0.0015644 seconds, Stopping threads took: 0.0014639 seconds
[2019-01-25T14:19:14.693+0000][1][safepoint    ] Application time: 0.0039995 seconds
[2019-01-25T14:19:14.693+0000][1][safepoint    ] Total time for which application threads were stopped: 0.0003717 seconds, Stopping threads took: 0.0000310 seconds
[2019-01-25T14:19:15.693+0000][1][safepoint    ] Application time: 1.0001418 seconds
[2019-01-25T14:19:15.693+0000][1][safepoint    ] Total time for which application threads were stopped: 0.0000700 seconds, Stopping threads took: 0.0000144 seconds
[2019-01-25T14:19:16.693+0000][1][safepoint    ] Application time: 1.0001128 seconds
[2019-01-25T14:19:16.694+0000][1][safepoint    ] Total time for which application threads were stopped: 0.0000657 seconds, Stopping threads took: 0.0000135 seconds
[2019-01-25T14:19:17.206+0000][1][safepoint    ] Application time: 0.5127940 seconds
[2019-01-25T14:19:17.206+0000][1][safepoint    ] Total time for which application threads were stopped: 0.0001257 seconds, Stopping threads took: 0.0000326 seconds
[2019-01-25T14:19:17.210+0000][1][safepoint    ] Application time: 0.0030907 seconds
[2019-01-25T14:19:17.210+0000][1][safepoint    ] Total time for which application threads were stopped: 0.0002053 seconds, Stopping threads took: 0.0000178 seconds
[2019-01-25T14:19:18.210+0000][1][safepoint    ] Application time: 1.0001528 seconds
[2019-01-25T14:19:18.210+0000][1][safepoint    ] Total time for which application threads were stopped: 0.0000483 seconds, Stopping threads took: 0.0000111 seconds
[2019-01-25T14:19:19.210+0000][1][safepoint    ] Application time: 1.0001336 seconds
[2019-01-25T14:19:19.210+0000][1][safepoint    ] Total time for which application threads were stopped: 0.0000792 seconds, Stopping threads took: 0.0000170 seconds
[2019-01-25T14:19:19.719+0000][1][safepoint    ] Application time: 0.5083392 seconds
[2019-01-25T14:19:19.719+0000][1][safepoint    ] Total time for which application threads were stopped: 0.0001809 seconds, Stopping threads took: 0.0000234 seconds
[2019-01-25T14:19:19.725+0000][1][safepoint    ] Application time: 0.0058897 seconds
[2019-01-25T14:19:19.725+0000][1][safepoint    ] Total time for which application threads were stopped: 0.0003781 seconds, Stopping threads took: 0.0000252 seconds
[2019-01-25T14:19:20.725+0000][1][safepoint    ] Application time: 1.0001876 seconds
[2019-01-25T14:19:20.726+0000][1][safepoint    ] Total time for which application threads were stopped: 0.0000686 seconds, Stopping threads took: 0.0000150 seconds
[2019-01-25T14:19:21.726+0000][1][safepoint    ] Application time: 1.0001295 seconds
[2019-01-25T14:19:21.726+0000][1][safepoint    ] Total time for which application threads were stopped: 0.0000467 seconds, Stopping threads took: 0.0000102 seconds
[2019-01-25T14:19:22.243+0000][1][safepoint    ] Application time: 0.5169721 seconds
[2019-01-25T14:19:22.243+0000][1][safepoint    ] Total time for which application threads were stopped: 0.0001660 seconds, Stopping threads took: 0.0000258 seconds
[2019-01-25T14:19:22.247+0000][1][safepoint    ] Application time: 0.0040608 seconds
[2019-01-25T14:19:22.247+0000][1][safepoint    ] Total time for which application threads were stopped: 0.0001146 seconds, Stopping threads took: 0.0000247 seconds
[2019-01-25T14:19:23.247+0000][1][safepoint    ] Application time: 1.0001448 seconds
[2019-01-25T14:19:23.248+0000][1][safepoint    ] Total time for which application threads were stopped: 0.0000808 seconds, Stopping threads took: 0.0000323 seconds
[2019-01-25T14:19:24.248+0000][1][safepoint    ] Application time: 1.0001694 seconds
[2019-01-25T14:19:24.248+0000][1][safepoint    ] Total time for which application threads were stopped: 0.0000476 seconds, Stopping threads took: 0.0000108 seconds
[2019-01-25T14:19:24.763+0000][1][safepoint    ] Application time: 0.5152513 seconds
[2019-01-25T14:19:24.763+0000][1][safepoint    ] Total time for which application threads were stopped: 0.0001729 seconds, Stopping threads took: 0.0000382 seconds
[2019-01-25T14:19:24.768+0000][1][safepoint    ] Application time: 0.0049995 seconds
[2019-01-25T14:19:24.769+0000][1][safepoint    ] Total time for which application threads were stopped: 0.0001543 seconds, Stopping threads took: 0.0000363 seconds
[2019-01-25T14:19:25.769+0000][1][safepoint    ] Application time: 1.0001757 seconds
[2019-01-25T14:19:25.769+0000][1][safepoint    ] Total time for which application threads were stopped: 0.0000479 seconds, Stopping threads took: 0.0000113 seconds
[2019-01-25T14:19:26.769+0000][1][safepoint    ] Application time: 1.0001640 seconds
[2019-01-25T14:19:26.769+0000][1][safepoint    ] Total time for which application threads were stopped: 0.0000560 seconds, Stopping threads took: 0.0000115 seconds
[2019-01-25T14:19:27.291+0000][1][safepoint    ] Application time: 0.5219425 seconds
[2019-01-25T14:19:27.291+0000][1][safepoint    ] Total time for which application threads were stopped: 0.0002711 seconds, Stopping threads took: 0.0000772 seconds
[2019-01-25T14:19:27.302+0000][1][safepoint    ] Application time: 0.0101083 seconds
[2019-01-25T14:19:27.302+0000][1][safepoint    ] Total time for which application threads were stopped: 0.0002364 seconds, Stopping threads took: 0.0000646 seconds
[2019-01-25T14:19:28.302+0000][1][safepoint    ] Application time: 1.0002051 seconds
[2019-01-25T14:19:28.303+0000][1][safepoint    ] Total time for which application threads were stopped: 0.0000792 seconds, Stopping threads took: 0.0000165 seconds
[2019-01-25T14:19:29.303+0000][1][safepoint    ] Application time: 1.0002647 seconds
[2019-01-25T14:19:29.303+0000][1][safepoint    ] Total time for which application threads were stopped: 0.0001576 seconds, Stopping threads took: 0.0000349 seconds
[2019-01-25T14:19:29.824+0000][1][safepoint    ] Application time: 0.5210567 seconds
[2019-01-25T14:19:29.824+0000][1][safepoint    ] Total time for which application threads were stopped: 0.0000818 seconds, Stopping threads took: 0.0000179 seconds
[2019-01-25T14:19:29.829+0000][1][safepoint    ] Application time: 0.0045477 seconds
[2019-01-25T14:19:29.829+0000][1][safepoint    ] Total time for which application threads were stopped: 0.0001252 seconds, Stopping threads took: 0.0000159 seconds
[2019-01-25T14:19:30.829+0000][1][safepoint    ] Application time: 1.0003310 seconds
[2019-01-25T14:19:30.829+0000][1][safepoint    ] Total time for which application threads were stopped: 0.0000737 seconds, Stopping threads took: 0.0000160 seconds
[2019-01-25T14:19:31.830+0000][1][safepoint    ] Application time: 1.0001160 seconds
[2019-01-25T14:19:31.830+0000][1][safepoint    ] Total time for which application threads were stopped: 0.0000767 seconds, Stopping threads took: 0.0000156 seconds
[2019-01-25T14:19:32.339+0000][1][safepoint    ] Application time: 0.5094012 seconds
[2019-01-25T14:19:32.339+0000][1][safepoint    ] Total time for which application threads were stopped: 0.0000734 seconds, Stopping threads took: 0.0000154 seconds
[2019-01-25T14:19:32.342+0000][1][safepoint    ] Application time: 0.0024761 seconds
[2019-01-25T14:19:32.342+0000][1][safepoint    ] Total time for which application threads were stopped: 0.0000778 seconds, Stopping threads took: 0.0000209 seconds
[2019-01-25T14:19:33.342+0000][1][safepoint    ] Application time: 1.0004612 seconds
[2019-01-25T14:19:33.342+0000][1][safepoint    ] Total time for which application threads were stopped: 0.0000501 seconds, Stopping threads took: 0.0000107 seconds
[2019-01-25T14:19:34.343+0000][1][safepoint    ] Application time: 1.0001403 seconds
[2019-01-25T14:19:34.343+0000][1][safepoint    ] Total time for which application threads were stopped: 0.0000481 seconds, Stopping threads took: 0.0000110 seconds
[2019-01-25T14:19:34.856+0000][1][safepoint    ] Application time: 0.5128536 seconds
[2019-01-25T14:19:34.856+0000][1][safepoint    ] Total time for which application threads were stopped: 0.0001933 seconds, Stopping threads took: 0.0000305 seconds
[2019-01-25T14:19:34.864+0000][1][safepoint    ] Application time: 0.0079151 seconds
[2019-01-25T14:19:34.864+0000][1][safepoint    ] Total time for which application threads were stopped: 0.0001005 seconds, Stopping threads took: 0.0000239 seconds
[2019-01-25T14:19:35.864+0000][1][safepoint    ] Application time: 1.0002666 seconds
[2019-01-25T14:19:35.864+0000][1][safepoint    ] Total time for which application threads were stopped: 0.0000724 seconds, Stopping threads took: 0.0000228 seconds
[2019-01-25T14:19:36.864+0000][1][safepoint    ] Application time: 1.0001312 seconds
[2019-01-25T14:19:36.864+0000][1][safepoint    ] Total time for which application threads were stopped: 0.0000752 seconds, Stopping threads took: 0.0000153 seconds
[2019-01-25T14:19:37.375+0000][1][safepoint    ] Application time: 0.5103170 seconds
[2019-01-25T14:19:37.375+0000][1][safepoint    ] Total time for which application threads were stopped: 0.0001734 seconds, Stopping threads took: 0.0000558 seconds
[2019-01-25T14:19:37.379+0000][1][safepoint    ] Application time: 0.0037377 seconds
[2019-01-25T14:19:37.379+0000][1][safepoint    ] Total time for which application threads were stopped: 0.0001892 seconds, Stopping threads took: 0.0000178 seconds
[2019-01-25T14:19:38.379+0000][1][safepoint    ] Application time: 1.0001418 seconds
[2019-01-25T14:19:38.379+0000][1][safepoint    ] Total time for which application threads were stopped: 0.0000690 seconds, Stopping threads took: 0.0000142 seconds
[2019-01-25T14:19:39.379+0000][1][safepoint    ] Application time: 1.0001065 seconds
[2019-01-25T14:19:39.380+0000][1][safepoint    ] Total time for which application threads were stopped: 0.0000529 seconds, Stopping threads took: 0.0000116 seconds
[2019-01-25T14:19:39.899+0000][1][safepoint    ] Application time: 0.5193577 seconds
[2019-01-25T14:19:39.900+0000][1][safepoint    ] Total time for which application threads were stopped: 0.0011988 seconds, Stopping threads took: 0.0006534 seconds
[2019-01-25T14:19:39.914+0000][1][safepoint    ] Application time: 0.0130158 seconds
[2019-01-25T14:19:39.914+0000][1][safepoint    ] Total time for which application threads were stopped: 0.0002371 seconds, Stopping threads took: 0.0000618 seconds
[2019-01-25T14:19:40.914+0000][1][safepoint    ] Application time: 1.0002926 seconds
[2019-01-25T14:19:40.914+0000][1][safepoint    ] Total time for which application threads were stopped: 0.0000486 seconds, Stopping threads took: 0.0000111 seconds
[2019-01-25T14:19:41.915+0000][1][safepoint    ] Application time: 1.0004181 seconds
[2019-01-25T14:19:41.915+0000][1][safepoint    ] Total time for which application threads were stopped: 0.0000555 seconds, Stopping threads took: 0.0000122 seconds
[2019-01-25T14:19:42.427+0000][1][safepoint    ] Application time: 0.5116934 seconds
[2019-01-25T14:19:42.427+0000][1][safepoint    ] Total time for which application threads were stopped: 0.0000743 seconds, Stopping threads took: 0.0000167 seconds
[2019-01-25T14:19:42.431+0000][1][safepoint    ] Application time: 0.0037340 seconds
[2019-01-25T14:19:42.431+0000][1][safepoint    ] Total time for which application threads were stopped: 0.0001136 seconds, Stopping threads took: 0.0000248 seconds
[2019-01-25T14:19:42.585+0000][1][safepoint    ] Application time: 0.1544473 seconds
[2019-01-25T14:19:42.585+0000][1][safepoint    ] Total time for which application threads were stopped: 0.0001243 seconds, Stopping threads took: 0.0000117 seconds
[2019-01-25T14:19:43.586+0000][1][safepoint    ] Application time: 1.0005291 seconds
[2019-01-25T14:19:43.586+0000][1][safepoint    ] Total time for which application threads were stopped: 0.0000536 seconds, Stopping threads took: 0.0000116 seconds
[2019-01-25T14:19:44.586+0000][1][safepoint    ] Application time: 1.0001349 seconds
[2019-01-25T14:19:44.586+0000][1][safepoint    ] Total time for which application threads were stopped: 0.0000473 seconds, Stopping threads took: 0.0000110 seconds
[2019-01-25T14:19:44.944+0000][1][safepoint    ] Application time: 0.3573546 seconds
[2019-01-25T14:19:44.944+0000][1][safepoint    ] Total time for which application threads were stopped: 0.0000701 seconds, Stopping threads took: 0.0000160 seconds
[2019-01-25T14:19:44.947+0000][1][safepoint    ] Application time: 0.0026551 seconds
[2019-01-25T14:19:44.947+0000][1][safepoint    ] Total time for which application threads were stopped: 0.0000902 seconds, Stopping threads took: 0.0000210 seconds
[2019-01-25T14:19:45.947+0000][1][safepoint    ] Application time: 1.0002000 seconds
[2019-01-25T14:19:45.947+0000][1][safepoint    ] Total time for which application threads were stopped: 0.0000529 seconds, Stopping threads took: 0.0000105 seconds
[2019-01-25T14:19:46.947+0000][1][safepoint    ] Application time: 1.0001264 seconds
[2019-01-25T14:19:46.947+0000][1][safepoint    ] Total time for which application threads were stopped: 0.0000701 seconds, Stopping threads took: 0.0000146 seconds
[2019-01-25T14:19:47.457+0000][1][safepoint    ] Application time: 0.5095180 seconds
[2019-01-25T14:19:47.457+0000][1][safepoint    ] Total time for which application threads were stopped: 0.0001340 seconds, Stopping threads took: 0.0000329 seconds
[2019-01-25T14:19:47.460+0000][1][safepoint    ] Application time: 0.0031312 seconds
[2019-01-25T14:19:47.460+0000][1][safepoint    ] Total time for which application threads were stopped: 0.0001014 seconds, Stopping threads took: 0.0000252 seconds
[2019-01-25T14:19:48.460+0000][1][safepoint    ] Application time: 1.0001329 seconds
[2019-01-25T14:19:48.461+0000][1][safepoint    ] Total time for which application threads were stopped: 0.0000696 seconds, Stopping threads took: 0.0000104 seconds
[2019-01-25T14:19:49.461+0000][1][safepoint    ] Application time: 1.0001037 seconds
[2019-01-25T14:19:49.461+0000][1][safepoint    ] Total time for which application threads were stopped: 0.0000499 seconds, Stopping threads took: 0.0000112 seconds
[2019-01-25T14:19:50.002+0000][1][safepoint    ] Application time: 0.5416332 seconds
[2019-01-25T14:19:50.002+0000][1][safepoint    ] Total time for which application threads were stopped: 0.0001047 seconds, Stopping threads took: 0.0000228 seconds
[2019-01-25T14:19:50.011+0000][1][safepoint    ] Application time: 0.0083098 seconds
[2019-01-25T14:19:50.022+0000][1][safepoint    ] Total time for which application threads were stopped: 0.0106737 seconds, Stopping threads took: 0.0104890 seconds
[2019-01-25T14:19:51.022+0000][1][safepoint    ] Application time: 1.0001573 seconds
[2019-01-25T14:19:51.022+0000][1][safepoint    ] Total time for which application threads were stopped: 0.0000690 seconds, Stopping threads took: 0.0000131 seconds
[2019-01-25T14:19:52.022+0000][1][safepoint    ] Application time: 1.0003735 seconds
[2019-01-25T14:19:52.022+0000][1][safepoint    ] Total time for which application threads were stopped: 0.0000626 seconds, Stopping threads took: 0.0000185 seconds
[2019-01-25T14:19:52.545+0000][1][safepoint    ] Application time: 0.5226651 seconds
[2019-01-25T14:19:52.545+0000][1][safepoint    ] Total time for which application threads were stopped: 0.0001306 seconds, Stopping threads took: 0.0000246 seconds
[2019-01-25T14:19:52.548+0000][1][safepoint    ] Application time: 0.0024728 seconds
[2019-01-25T14:19:52.548+0000][1][safepoint    ] Total time for which application threads were stopped: 0.0001023 seconds, Stopping threads took: 0.0000250 seconds
[2019-01-25T14:19:53.548+0000][1][safepoint    ] Application time: 1.0001459 seconds
[2019-01-25T14:19:53.548+0000][1][safepoint    ] Total time for which application threads were stopped: 0.0000797 seconds, Stopping threads took: 0.0000346 seconds
[2019-01-25T14:19:54.548+0000][1][safepoint    ] Application time: 1.0001109 seconds
[2019-01-25T14:19:54.548+0000][1][safepoint    ] Total time for which application threads were stopped: 0.0000617 seconds, Stopping threads took: 0.0000134 seconds
[2019-01-25T14:19:55.074+0000][1][safepoint    ] Application time: 0.5253845 seconds
[2019-01-25T14:19:55.074+0000][1][safepoint    ] Total time for which application threads were stopped: 0.0001109 seconds, Stopping threads took: 0.0000126 seconds
[2019-01-25T14:19:55.087+0000][1][safepoint    ] Application time: 0.0130340 seconds
[2019-01-25T14:19:55.087+0000][1][safepoint    ] Total time for which application threads were stopped: 0.0001086 seconds, Stopping threads took: 0.0000242 seconds
[2019-01-25T14:19:56.087+0000][1][safepoint    ] Application time: 1.0001683 seconds
[2019-01-25T14:19:56.087+0000][1][safepoint    ] Total time for which application threads were stopped: 0.0000752 seconds, Stopping threads took: 0.0000165 seconds
[2019-01-25T14:19:57.088+0000][1][safepoint    ] Application time: 1.0001352 seconds
[2019-01-25T14:19:57.088+0000][1][safepoint    ] Total time for which application threads were stopped: 0.0000674 seconds, Stopping threads took: 0.0000113 seconds
[2019-01-25T14:19:57.604+0000][1][safepoint    ] Application time: 0.5166643 seconds
[2019-01-25T14:19:57.604+0000][1][safepoint    ] Total time for which application threads were stopped: 0.0001102 seconds, Stopping threads took: 0.0000277 seconds
[2019-01-25T14:19:57.610+0000][1][safepoint    ] Application time: 0.0059081 seconds
[2019-01-25T14:19:57.611+0000][1][safepoint    ] Total time for which application threads were stopped: 0.0002548 seconds, Stopping threads took: 0.0001610 seconds
[2019-01-25T14:19:58.611+0000][1][safepoint    ] Application time: 1.0001771 seconds
[2019-01-25T14:19:58.611+0000][1][safepoint    ] Total time for which application threads were stopped: 0.0000524 seconds, Stopping threads took: 0.0000123 seconds
[2019-01-25T14:19:59.611+0000][1][safepoint    ] Application time: 1.0001358 seconds
[2019-01-25T14:19:59.611+0000][1][safepoint    ] Total time for which application threads were stopped: 0.0000477 seconds, Stopping threads took: 0.0000112 seconds
[2019-01-25T14:20:00.120+0000][1][safepoint    ] Application time: 0.5087140 seconds
[2019-01-25T14:20:00.120+0000][1][safepoint    ] Total time for which application threads were stopped: 0.0001081 seconds, Stopping threads took: 0.0000127 seconds
[2019-01-25T14:20:00.129+0000][1][safepoint    ] Application time: 0.0088961 seconds
[2019-01-25T14:20:00.132+0000][1][safepoint    ] Total time for which application threads were stopped: 0.0027568 seconds, Stopping threads took: 0.0026048 seconds
[2019-01-25T14:20:01.132+0000][1][safepoint    ] Application time: 1.0003239 seconds
[2019-01-25T14:20:01.132+0000][1][safepoint    ] Total time for which application threads were stopped: 0.0000862 seconds, Stopping threads took: 0.0000355 seconds
[2019-01-25T14:20:02.132+0000][1][safepoint    ] Application time: 1.0001444 seconds
[2019-01-25T14:20:02.133+0000][1][safepoint    ] Total time for which application threads were stopped: 0.0000465 seconds, Stopping threads took: 0.0000101 seconds
[2019-01-25T14:20:02.638+0000][1][safepoint    ] Application time: 0.5058398 seconds
[2019-01-25T14:20:02.639+0000][1][safepoint    ] Total time for which application threads were stopped: 0.0001065 seconds, Stopping threads took: 0.0000327 seconds
[2019-01-25T14:20:02.642+0000][1][safepoint    ] Application time: 0.0037517 seconds
[2019-01-25T14:20:02.642+0000][1][safepoint    ] Total time for which application threads were stopped: 0.0000951 seconds, Stopping threads took: 0.0000233 seconds
[2019-01-25T14:20:03.643+0000][1][safepoint    ] Application time: 1.0001704 seconds
[2019-01-25T14:20:03.643+0000][1][safepoint    ] Total time for which application threads were stopped: 0.0000581 seconds, Stopping threads took: 0.0000115 seconds
[2019-01-25T14:20:04.643+0000][1][safepoint    ] Application time: 1.0001154 seconds
[2019-01-25T14:20:04.643+0000][1][safepoint    ] Total time for which application threads were stopped: 0.0000777 seconds, Stopping threads took: 0.0000140 seconds
[2019-01-25T14:20:05.162+0000][1][safepoint    ] Application time: 0.5188096 seconds
[2019-01-25T14:20:05.162+0000][1][safepoint    ] Total time for which application threads were stopped: 0.0000741 seconds, Stopping threads took: 0.0000183 seconds
[2019-01-25T14:20:05.173+0000][1][safepoint    ] Application time: 0.0109085 seconds
[2019-01-25T14:20:05.174+0000][1][safepoint    ] Total time for which application threads were stopped: 0.0007478 seconds, Stopping threads took: 0.0000548 seconds
[2019-01-25T14:20:06.174+0000][1][safepoint    ] Application time: 1.0001972 seconds
[2019-01-25T14:20:06.174+0000][1][safepoint    ] Total time for which application threads were stopped: 0.0000746 seconds, Stopping threads took: 0.0000147 seconds
[2019-01-25T14:20:07.174+0000][1][safepoint    ] Application time: 1.0001732 seconds
[2019-01-25T14:20:07.174+0000][1][safepoint    ] Total time for which application threads were stopped: 0.0000478 seconds, Stopping threads took: 0.0000110 seconds
[2019-01-25T14:20:07.690+0000][1][safepoint    ] Application time: 0.5157911 seconds
[2019-01-25T14:20:07.690+0000][1][safepoint    ] Total time for which application threads were stopped: 0.0000819 seconds, Stopping threads took: 0.0000185 seconds
[2019-01-25T14:20:07.693+0000][1][safepoint    ] Application time: 0.0028189 seconds
[2019-01-25T14:20:07.693+0000][1][safepoint    ] Total time for which application threads were stopped: 0.0000771 seconds, Stopping threads took: 0.0000225 seconds
[2019-01-25T14:20:08.693+0000][1][safepoint    ] Application time: 1.0001365 seconds
[2019-01-25T14:20:08.693+0000][1][safepoint    ] Total time for which application threads were stopped: 0.0000691 seconds, Stopping threads took: 0.0000146 seconds
[2019-01-25T14:20:09.694+0000][1][safepoint    ] Application time: 1.0001317 seconds
[2019-01-25T14:20:09.694+0000][1][safepoint    ] Total time for which application threads were stopped: 0.0000483 seconds, Stopping threads took: 0.0000104 seconds
[2019-01-25T14:20:10.203+0000][1][safepoint    ] Application time: 0.5092546 seconds
[2019-01-25T14:20:10.203+0000][1][safepoint    ] Total time for which application threads were stopped: 0.0000744 seconds, Stopping threads took: 0.0000187 seconds
[2019-01-25T14:20:10.206+0000][1][safepoint    ] Application time: 0.0026844 seconds
[2019-01-25T14:20:10.206+0000][1][safepoint    ] Total time for which application threads were stopped: 0.0000727 seconds, Stopping threads took: 0.0000176 seconds
[2019-01-25T14:20:11.206+0000][1][safepoint    ] Application time: 1.0002473 seconds
[2019-01-25T14:20:11.206+0000][1][safepoint    ] Total time for which application threads were stopped: 0.0001203 seconds, Stopping threads took: 0.0000243 seconds
[2019-01-25T14:20:12.206+0000][1][safepoint    ] Application time: 1.0001552 seconds
[2019-01-25T14:20:12.207+0000][1][safepoint    ] Total time for which application threads were stopped: 0.0000766 seconds, Stopping threads took: 0.0000146 seconds
[2019-01-25T14:20:12.716+0000][1][safepoint    ] Application time: 0.5093649 seconds
[2019-01-25T14:20:12.716+0000][1][safepoint    ] Total time for which application threads were stopped: 0.0001005 seconds, Stopping threads took: 0.0000135 seconds
[2019-01-25T14:20:12.719+0000][1][safepoint    ] Application time: 0.0025081 seconds
[2019-01-25T14:20:12.719+0000][1][safepoint    ] Total time for which application threads were stopped: 0.0000894 seconds, Stopping threads took: 0.0000163 seconds
[2019-01-25T14:20:13.719+0000][1][safepoint    ] Application time: 1.0001905 seconds
[2019-01-25T14:20:13.719+0000][1][safepoint    ] Total time for which application threads were stopped: 0.0000632 seconds, Stopping threads took: 0.0000138 seconds
[2019-01-25T14:20:14.719+0000][1][safepoint    ] Application time: 1.0001324 seconds
[2019-01-25T14:20:14.719+0000][1][safepoint    ] Total time for which application threads were stopped: 0.0000484 seconds, Stopping threads took: 0.0000111 seconds
[2019-01-25T14:20:15.228+0000][1][safepoint    ] Application time: 0.5087246 seconds
[2019-01-25T14:20:15.228+0000][1][safepoint    ] Total time for which application threads were stopped: 0.0000685 seconds, Stopping threads took: 0.0000096 seconds
[2019-01-25T14:20:15.232+0000][1][safepoint    ] Application time: 0.0036040 seconds
[2019-01-25T14:20:15.232+0000][1][safepoint    ] Total time for which application threads were stopped: 0.0001381 seconds, Stopping threads took: 0.0000118 seconds
[2019-01-25T14:20:16.232+0000][1][safepoint    ] Application time: 1.0001621 seconds
[2019-01-25T14:20:16.232+0000][1][safepoint    ] Total time for which application threads were stopped: 0.0000682 seconds, Stopping threads took: 0.0000145 seconds
[2019-01-25T14:20:17.233+0000][1][safepoint    ] Application time: 1.0007401 seconds
[2019-01-25T14:20:17.233+0000][1][safepoint    ] Total time for which application threads were stopped: 0.0000548 seconds, Stopping threads took: 0.0000128 seconds
[2019-01-25T14:20:17.756+0000][1][safepoint    ] Application time: 0.5227082 seconds
[2019-01-25T14:20:17.756+0000][1][safepoint    ] Total time for which application threads were stopped: 0.0003932 seconds, Stopping threads took: 0.0000500 seconds
[2019-01-25T14:20:17.766+0000][1][safepoint    ] Application time: 0.0093993 seconds
[2019-01-25T14:20:17.768+0000][1][safepoint    ] Total time for which application threads were stopped: 0.0015474 seconds, Stopping threads took: 0.0013443 seconds
[2019-01-25T14:20:18.768+0000][1][safepoint    ] Application time: 1.0004391 seconds
[2019-01-25T14:20:18.768+0000][1][safepoint    ] Total time for which application threads were stopped: 0.0000764 seconds, Stopping threads took: 0.0000152 seconds
[2019-01-25T14:20:19.769+0000][1][safepoint    ] Application time: 1.0002581 seconds
[2019-01-25T14:20:19.769+0000][1][safepoint    ] Total time for which application threads were stopped: 0.0001284 seconds, Stopping threads took: 0.0000215 seconds
[2019-01-25T14:20:20.289+0000][1][safepoint    ] Application time: 0.5196903 seconds
[2019-01-25T14:20:20.289+0000][1][safepoint    ] Total time for which application threads were stopped: 0.0001346 seconds, Stopping threads took: 0.0000167 seconds
[2019-01-25T14:20:20.292+0000][1][safepoint    ] Application time: 0.0037152 seconds
[2019-01-25T14:20:20.293+0000][1][safepoint    ] Total time for which application threads were stopped: 0.0000964 seconds, Stopping threads took: 0.0000134 seconds
[2019-01-25T14:20:21.296+0000][1][safepoint    ] Application time: 1.0029344 seconds
[2019-01-25T14:20:21.296+0000][1][safepoint    ] Total time for which application threads were stopped: 0.0000735 seconds, Stopping threads took: 0.0000151 seconds
[2019-01-25T14:20:22.296+0000][1][safepoint    ] Application time: 1.0004704 seconds
[2019-01-25T14:20:22.296+0000][1][safepoint    ] Total time for which application threads were stopped: 0.0000488 seconds, Stopping threads took: 0.0000116 seconds
[2019-01-25T14:20:22.809+0000][1][safepoint    ] Application time: 0.5122216 seconds
[2019-01-25T14:20:22.809+0000][1][safepoint    ] Total time for which application threads were stopped: 0.0001033 seconds, Stopping threads took: 0.0000134 seconds
[2019-01-25T14:20:22.812+0000][1][safepoint    ] Application time: 0.0029862 seconds
[2019-01-25T14:20:22.812+0000][1][safepoint    ] Total time for which application threads were stopped: 0.0000751 seconds, Stopping threads took: 0.0000169 seconds
[2019-01-25T14:20:23.812+0000][1][safepoint    ] Application time: 1.0003401 seconds
[2019-01-25T14:20:23.813+0000][1][safepoint    ] Total time for which application threads were stopped: 0.0002465 seconds, Stopping threads took: 0.0000959 seconds
[2019-01-25T14:20:24.813+0000][1][safepoint    ] Application time: 1.0001643 seconds
[2019-01-25T14:20:24.813+0000][1][safepoint    ] Total time for which application threads were stopped: 0.0000491 seconds, Stopping threads took: 0.0000106 seconds
[2019-01-25T14:20:25.338+0000][1][safepoint    ] Application time: 0.5253242 seconds
[2019-01-25T14:20:25.338+0000][1][safepoint    ] Total time for which application threads were stopped: 0.0001246 seconds, Stopping threads took: 0.0000141 seconds
[2019-01-25T14:20:25.350+0000][1][safepoint    ] Application time: 0.0117920 seconds
[2019-01-25T14:20:25.350+0000][1][safepoint    ] Total time for which application threads were stopped: 0.0001089 seconds, Stopping threads took: 0.0000237 seconds
[2019-01-25T14:20:26.351+0000][1][safepoint    ] Application time: 1.0003287 seconds
[2019-01-25T14:20:26.351+0000][1][safepoint    ] Total time for which application threads were stopped: 0.0002214 seconds, Stopping threads took: 0.0000455 seconds
[2019-01-25T14:20:27.352+0000][1][safepoint    ] Application time: 1.0001871 seconds
[2019-01-25T14:20:27.352+0000][1][safepoint    ] Total time for which application threads were stopped: 0.0000700 seconds, Stopping threads took: 0.0000146 seconds
[2019-01-25T14:20:27.858+0000][1][safepoint    ] Application time: 0.5065545 seconds
[2019-01-25T14:20:27.858+0000][1][safepoint    ] Total time for which application threads were stopped: 0.0000719 seconds, Stopping threads took: 0.0000157 seconds
[2019-01-25T14:20:27.861+0000][1][safepoint    ] Application time: 0.0027410 seconds
[2019-01-25T14:20:27.861+0000][1][safepoint    ] Total time for which application threads were stopped: 0.0000736 seconds, Stopping threads took: 0.0000160 seconds
[2019-01-25T14:20:28.861+0000][1][safepoint    ] Application time: 1.0001566 seconds
[2019-01-25T14:20:28.861+0000][1][safepoint    ] Total time for which application threads were stopped: 0.0000477 seconds, Stopping threads took: 0.0000110 seconds
[2019-01-25T14:20:29.862+0000][1][safepoint    ] Application time: 1.0001530 seconds
[2019-01-25T14:20:29.862+0000][1][safepoint    ] Total time for which application threads were stopped: 0.0000482 seconds, Stopping threads took: 0.0000105 seconds
[2019-01-25T14:20:30.371+0000][1][safepoint    ] Application time: 0.5097105 seconds
[2019-01-25T14:20:30.372+0000][1][safepoint    ] Total time for which application threads were stopped: 0.0001714 seconds, Stopping threads took: 0.0000861 seconds
[2019-01-25T14:20:30.374+0000][1][safepoint    ] Application time: 0.0020897 seconds
[2019-01-25T14:20:30.374+0000][1][safepoint    ] Total time for which application threads were stopped: 0.0000957 seconds, Stopping threads took: 0.0000219 seconds
[2019-01-25T14:20:31.374+0000][1][safepoint    ] Application time: 1.0001136 seconds
[2019-01-25T14:20:31.374+0000][1][safepoint    ] Total time for which application threads were stopped: 0.0000677 seconds, Stopping threads took: 0.0000162 seconds
[2019-01-25T14:20:32.374+0000][1][safepoint    ] Application time: 1.0001430 seconds
[2019-01-25T14:20:32.374+0000][1][safepoint    ] Total time for which application threads were stopped: 0.0000518 seconds, Stopping threads took: 0.0000118 seconds
[2019-01-25T14:20:32.884+0000][1][safepoint    ] Application time: 0.5097131 seconds
[2019-01-25T14:20:32.884+0000][1][safepoint    ] Total time for which application threads were stopped: 0.0000858 seconds, Stopping threads took: 0.0000304 seconds
[2019-01-25T14:20:32.889+0000][1][safepoint    ] Application time: 0.0044402 seconds
[2019-01-25T14:20:32.889+0000][1][safepoint    ] Total time for which application threads were stopped: 0.0001308 seconds, Stopping threads took: 0.0000253 seconds
[2019-01-25T14:20:33.889+0000][1][safepoint    ] Application time: 1.0001572 seconds
[2019-01-25T14:20:33.889+0000][1][safepoint    ] Total time for which application threads were stopped: 0.0000664 seconds, Stopping threads took: 0.0000136 seconds
[2019-01-25T14:20:34.890+0000][1][safepoint    ] Application time: 1.0003792 seconds
[2019-01-25T14:20:34.890+0000][1][safepoint    ] Total time for which application threads were stopped: 0.0000497 seconds, Stopping threads took: 0.0000111 seconds
[2019-01-25T14:20:35.400+0000][1][safepoint    ] Application time: 0.5103099 seconds
[2019-01-25T14:20:35.400+0000][1][safepoint    ] Total time for which application threads were stopped: 0.0000968 seconds, Stopping threads took: 0.0000227 seconds
[2019-01-25T14:20:35.403+0000][1][safepoint    ] Application time: 0.0029395 seconds
[2019-01-25T14:20:35.403+0000][1][safepoint    ] Total time for which application threads were stopped: 0.0001143 seconds, Stopping threads took: 0.0000201 seconds
[2019-01-25T14:20:36.404+0000][1][safepoint    ] Application time: 1.0005817 seconds
[2019-01-25T14:20:36.404+0000][1][safepoint    ] Total time for which application threads were stopped: 0.0001639 seconds, Stopping threads took: 0.0000362 seconds
[2019-01-25T14:20:37.404+0000][1][safepoint    ] Application time: 1.0001924 seconds
[2019-01-25T14:20:37.404+0000][1][safepoint    ] Total time for which application threads were stopped: 0.0000483 seconds, Stopping threads took: 0.0000108 seconds
[2019-01-25T14:20:37.914+0000][1][safepoint    ] Application time: 0.5098332 seconds
[2019-01-25T14:20:37.914+0000][1][safepoint    ] Total time for which application threads were stopped: 0.0000960 seconds, Stopping threads took: 0.0000218 seconds
[2019-01-25T14:20:37.917+0000][1][safepoint    ] Application time: 0.0021826 seconds
[2019-01-25T14:20:37.917+0000][1][safepoint    ] Total time for which application threads were stopped: 0.0000941 seconds, Stopping threads took: 0.0000224 seconds
[2019-01-25T14:20:38.917+0000][1][safepoint    ] Application time: 1.0005429 seconds
[2019-01-25T14:20:38.917+0000][1][safepoint    ] Total time for which application threads were stopped: 0.0000499 seconds, Stopping threads took: 0.0000110 seconds
[2019-01-25T14:20:39.917+0000][1][safepoint    ] Application time: 1.0000981 seconds
[2019-01-25T14:20:39.918+0000][1][safepoint    ] Total time for which application threads were stopped: 0.0000477 seconds, Stopping threads took: 0.0000109 seconds
[2019-01-25T14:20:40.434+0000][1][safepoint    ] Application time: 0.5163659 seconds
[2019-01-25T14:20:40.436+0000][1][safepoint    ] Total time for which application threads were stopped: 0.0013253 seconds, Stopping threads took: 0.0000480 seconds
[2019-01-25T14:20:40.445+0000][1][safepoint    ] Application time: 0.0090935 seconds
[2019-01-25T14:20:40.446+0000][1][safepoint    ] Total time for which application threads were stopped: 0.0005125 seconds, Stopping threads took: 0.0000752 seconds
[2019-01-25T14:20:41.446+0000][1][safepoint    ] Application time: 1.0002558 seconds
[2019-01-25T14:20:41.446+0000][1][safepoint    ] Total time for which application threads were stopped: 0.0000791 seconds, Stopping threads took: 0.0000154 seconds
[2019-01-25T14:20:42.447+0000][1][safepoint    ] Application time: 1.0003666 seconds
[2019-01-25T14:20:42.447+0000][1][safepoint    ] Total time for which application threads were stopped: 0.0002393 seconds, Stopping threads took: 0.0000521 seconds
[2019-01-25T14:20:42.964+0000][1][safepoint    ] Application time: 0.5165740 seconds
[2019-01-25T14:20:42.964+0000][1][safepoint    ] Total time for which application threads were stopped: 0.0001610 seconds, Stopping threads took: 0.0000415 seconds
[2019-01-25T14:20:42.969+0000][1][safepoint    ] Application time: 0.0051600 seconds
[2019-01-25T14:20:42.970+0000][1][safepoint    ] Total time for which application threads were stopped: 0.0002467 seconds, Stopping threads took: 0.0000411 seconds
[2019-01-25T14:20:43.970+0000][1][safepoint    ] Application time: 1.0001849 seconds
[2019-01-25T14:20:43.970+0000][1][safepoint    ] Total time for which application threads were stopped: 0.0000528 seconds, Stopping threads took: 0.0000114 seconds
[2019-01-25T14:20:44.970+0000][1][safepoint    ] Application time: 1.0002926 seconds
[2019-01-25T14:20:44.971+0000][1][safepoint    ] Total time for which application threads were stopped: 0.0002177 seconds, Stopping threads took: 0.0000427 seconds
[2019-01-25T14:20:45.482+0000][1][safepoint    ] Application time: 0.5115326 seconds
[2019-01-25T14:20:45.482+0000][1][safepoint    ] Total time for which application threads were stopped: 0.0000949 seconds, Stopping threads took: 0.0000216 seconds
[2019-01-25T14:20:45.490+0000][1][safepoint    ] Application time: 0.0079534 seconds
[2019-01-25T14:20:45.490+0000][1][safepoint    ] Total time for which application threads were stopped: 0.0001035 seconds, Stopping threads took: 0.0000249 seconds
[2019-01-25T14:20:46.491+0000][1][safepoint    ] Application time: 1.0005445 seconds
[2019-01-25T14:20:46.491+0000][1][safepoint    ] Total time for which application threads were stopped: 0.0000542 seconds, Stopping threads took: 0.0000119 seconds
[2019-01-25T14:20:47.491+0000][1][safepoint    ] Application time: 1.0001537 seconds
[2019-01-25T14:20:47.491+0000][1][safepoint    ] Total time for which application threads were stopped: 0.0000769 seconds, Stopping threads took: 0.0000173 seconds
[2019-01-25T14:20:48.004+0000][1][safepoint    ] Application time: 0.5126338 seconds
[2019-01-25T14:20:48.004+0000][1][safepoint    ] Total time for which application threads were stopped: 0.0000705 seconds, Stopping threads took: 0.0000158 seconds
[2019-01-25T14:20:48.010+0000][1][safepoint    ] Application time: 0.0059254 seconds
[2019-01-25T14:20:48.010+0000][1][safepoint    ] Total time for which application threads were stopped: 0.0001191 seconds, Stopping threads took: 0.0000277 seconds
[2019-01-25T14:20:49.010+0000][1][safepoint    ] Application time: 1.0001147 seconds
[2019-01-25T14:20:49.013+0000][1][safepoint    ] Total time for which application threads were stopped: 0.0029645 seconds, Stopping threads took: 0.0027882 seconds
[2019-01-25T14:20:50.014+0000][1][safepoint    ] Application time: 1.0001989 seconds
[2019-01-25T14:20:50.014+0000][1][safepoint    ] Total time for which application threads were stopped: 0.0000807 seconds, Stopping threads took: 0.0000156 seconds
[2019-01-25T14:20:50.530+0000][1][safepoint    ] Application time: 0.5162178 seconds
[2019-01-25T14:20:50.530+0000][1][safepoint    ] Total time for which application threads were stopped: 0.0001003 seconds, Stopping threads took: 0.0000123 seconds
[2019-01-25T14:20:50.533+0000][1][safepoint    ] Application time: 0.0031261 seconds
[2019-01-25T14:20:50.533+0000][1][safepoint    ] Total time for which application threads were stopped: 0.0001055 seconds, Stopping threads took: 0.0000321 seconds
[2019-01-25T14:20:51.534+0000][1][safepoint    ] Application time: 1.0001506 seconds
[2019-01-25T14:20:51.534+0000][1][safepoint    ] Total time for which application threads were stopped: 0.0000756 seconds, Stopping threads took: 0.0000157 seconds
[2019-01-25T14:20:52.534+0000][1][safepoint    ] Application time: 1.0001266 seconds
[2019-01-25T14:20:52.534+0000][1][safepoint    ] Total time for which application threads were stopped: 0.0000826 seconds, Stopping threads took: 0.0000212 seconds
[2019-01-25T14:20:53.048+0000][1][safepoint    ] Application time: 0.5137337 seconds
[2019-01-25T14:20:53.048+0000][1][safepoint    ] Total time for which application threads were stopped: 0.0000739 seconds, Stopping threads took: 0.0000102 seconds
[2019-01-25T14:20:53.050+0000][1][safepoint    ] Application time: 0.0023957 seconds
[2019-01-25T14:20:53.050+0000][1][safepoint    ] Total time for which application threads were stopped: 0.0002304 seconds, Stopping threads took: 0.0000100 seconds
[2019-01-25T14:20:54.051+0000][1][safepoint    ] Application time: 1.0001137 seconds
[2019-01-25T14:20:54.051+0000][1][safepoint    ] Total time for which application threads were stopped: 0.0001151 seconds, Stopping threads took: 0.0000723 seconds
[2019-01-25T14:20:55.052+0000][1][safepoint    ] Application time: 1.0012399 seconds
[2019-01-25T14:20:55.055+0000][1][safepoint    ] Total time for which application threads were stopped: 0.0029159 seconds, Stopping threads took: 0.0028471 seconds
[2019-01-25T14:20:55.566+0000][1][safepoint    ] Application time: 0.5108475 seconds
[2019-01-25T14:20:55.566+0000][1][safepoint    ] Total time for which application threads were stopped: 0.0000699 seconds, Stopping threads took: 0.0000170 seconds
[2019-01-25T14:20:55.568+0000][1][safepoint    ] Application time: 0.0020210 seconds
[2019-01-25T14:20:55.568+0000][1][safepoint    ] Total time for which application threads were stopped: 0.0000697 seconds, Stopping threads took: 0.0000171 seconds
[2019-01-25T14:20:56.568+0000][1][safepoint    ] Application time: 1.0001119 seconds
[2019-01-25T14:20:56.568+0000][1][safepoint    ] Total time for which application threads were stopped: 0.0000716 seconds, Stopping threads took: 0.0000153 seconds
[2019-01-25T14:20:57.569+0000][1][safepoint    ] Application time: 1.0003205 seconds
[2019-01-25T14:20:57.569+0000][1][safepoint    ] Total time for which application threads were stopped: 0.0002600 seconds, Stopping threads took: 0.0000466 seconds
[2019-01-25T14:20:58.075+0000][1][safepoint    ] Application time: 0.5059737 seconds
[2019-01-25T14:20:58.075+0000][1][gc,start     ] GC(19) Pause Young (Allocation Failure)
[2019-01-25T14:20:58.075+0000][1][gc,task      ] GC(19) Using 2 workers of 2 for evacuation
[2019-01-25T14:20:58.090+0000][1][gc,age       ] GC(19) Desired survivor size 4456448 bytes, new threshold 6 (max threshold 6)
[2019-01-25T14:20:58.090+0000][1][gc,age       ] GC(19) Age table with threshold 6 (max threshold 6)
[2019-01-25T14:20:58.090+0000][1][gc,age       ] GC(19) - age   1:      50440 bytes,      50440 total
[2019-01-25T14:20:58.090+0000][1][gc,age       ] GC(19) - age   2:     809864 bytes,     860304 total
[2019-01-25T14:20:58.090+0000][1][gc,heap      ] GC(19) ParNew: 76096K->5265K(78656K)
[2019-01-25T14:20:58.090+0000][1][gc,heap      ] GC(19) CMS: 78341K->82611K(174784K)
[2019-01-25T14:20:58.090+0000][1][gc,metaspace ] GC(19) Metaspace: 63954K->63954K(1107968K)
[2019-01-25T14:20:58.090+0000][1][gc           ] GC(19) Pause Young (Allocation Failure) 150M->85M(247M) 14.933ms
[2019-01-25T14:20:58.090+0000][1][gc,cpu       ] GC(19) User=0.03s Sys=0.00s Real=0.02s
[2019-01-25T14:20:58.090+0000][1][safepoint    ] Total time for which application threads were stopped: 0.0151303 seconds, Stopping threads took: 0.0000273 seconds
[2019-01-25T14:20:58.092+0000][1][safepoint    ] Application time: 0.0019450 seconds
[2019-01-25T14:20:58.092+0000][1][safepoint    ] Total time for which application threads were stopped: 0.0000643 seconds, Stopping threads took: 0.0000089 seconds
[2019-01-25T14:20:58.095+0000][1][safepoint    ] Application time: 0.0030046 seconds
[2019-01-25T14:20:58.096+0000][1][safepoint    ] Total time for which application threads were stopped: 0.0001996 seconds, Stopping threads took: 0.0000420 seconds
[2019-01-25T14:20:59.096+0000][1][safepoint    ] Application time: 1.0001757 seconds
[2019-01-25T14:20:59.096+0000][1][safepoint    ] Total time for which application threads were stopped: 0.0000584 seconds, Stopping threads took: 0.0000132 seconds
[2019-01-25T14:21:00.096+0000][1][safepoint    ] Application time: 1.0001586 seconds
[2019-01-25T14:21:00.096+0000][1][safepoint    ] Total time for which application threads were stopped: 0.0000781 seconds, Stopping threads took: 0.0000173 seconds
[2019-01-25T14:21:00.608+0000][1][safepoint    ] Application time: 0.5113849 seconds
[2019-01-25T14:21:00.608+0000][1][safepoint    ] Total time for which application threads were stopped: 0.0001204 seconds, Stopping threads took: 0.0000272 seconds
[2019-01-25T14:21:00.611+0000][1][safepoint    ] Application time: 0.0033328 seconds
[2019-01-25T14:21:00.613+0000][1][safepoint    ] Total time for which application threads were stopped: 0.0013837 seconds, Stopping threads took: 0.0000256 seconds
[2019-01-25T14:21:01.623+0000][1][safepoint    ] Application time: 1.0100513 seconds
[2019-01-25T14:21:01.626+0000][1][safepoint    ] Total time for which application threads were stopped: 0.0032521 seconds, Stopping threads took: 0.0000364 seconds
[2019-01-25T14:21:02.627+0000][1][safepoint    ] Application time: 1.0001554 seconds
[2019-01-25T14:21:02.627+0000][1][safepoint    ] Total time for which application threads were stopped: 0.0000554 seconds, Stopping threads took: 0.0000168 seconds
[2019-01-25T14:21:03.132+0000][1][safepoint    ] Application time: 0.5047415 seconds
[2019-01-25T14:21:03.132+0000][1][safepoint    ] Total time for which application threads were stopped: 0.0001030 seconds, Stopping threads took: 0.0000117 seconds
[2019-01-25T14:21:03.136+0000][1][safepoint    ] Application time: 0.0044356 seconds
[2019-01-25T14:21:03.136+0000][1][safepoint    ] Total time for which application threads were stopped: 0.0000690 seconds, Stopping threads took: 0.0000089 seconds
[2019-01-25T14:21:04.136+0000][1][safepoint    ] Application time: 1.0001388 seconds
[2019-01-25T14:21:04.136+0000][1][safepoint    ] Total time for which application threads were stopped: 0.0000765 seconds, Stopping threads took: 0.0000135 seconds
[2019-01-25T14:21:05.137+0000][1][safepoint    ] Application time: 1.0003140 seconds
[2019-01-25T14:21:05.137+0000][1][safepoint    ] Total time for which application threads were stopped: 0.0000810 seconds, Stopping threads took: 0.0000177 seconds
[2019-01-25T14:21:05.644+0000][1][safepoint    ] Application time: 0.5073334 seconds
[2019-01-25T14:21:05.644+0000][1][safepoint    ] Total time for which application threads were stopped: 0.0000830 seconds, Stopping threads took: 0.0000115 seconds
[2019-01-25T14:21:05.647+0000][1][safepoint    ] Application time: 0.0028642 seconds
[2019-01-25T14:21:05.647+0000][1][safepoint    ] Total time for which application threads were stopped: 0.0000835 seconds, Stopping threads took: 0.0000109 seconds
[2019-01-25T14:21:06.648+0000][1][safepoint    ] Application time: 1.0001217 seconds
[2019-01-25T14:21:06.648+0000][1][safepoint    ] Total time for which application threads were stopped: 0.0000868 seconds, Stopping threads took: 0.0000147 seconds
[2019-01-25T14:21:07.648+0000][1][safepoint    ] Application time: 1.0001063 seconds
[2019-01-25T14:21:07.648+0000][1][safepoint    ] Total time for which application threads were stopped: 0.0000542 seconds, Stopping threads took: 0.0000112 seconds
[2019-01-25T14:21:08.171+0000][1][safepoint    ] Application time: 0.5231722 seconds
[2019-01-25T14:21:08.171+0000][1][safepoint    ] Total time for which application threads were stopped: 0.0001938 seconds, Stopping threads took: 0.0000907 seconds
[2019-01-25T14:21:08.180+0000][1][safepoint    ] Application time: 0.0083559 seconds
[2019-01-25T14:21:08.180+0000][1][safepoint    ] Total time for which application threads were stopped: 0.0000964 seconds, Stopping threads took: 0.0000128 seconds
[2019-01-25T14:21:09.180+0000][1][safepoint    ] Application time: 1.0004093 seconds
[2019-01-25T14:21:09.180+0000][1][safepoint    ] Total time for which application threads were stopped: 0.0000797 seconds, Stopping threads took: 0.0000127 seconds
[2019-01-25T14:21:10.181+0000][1][safepoint    ] Application time: 1.0001305 seconds
[2019-01-25T14:21:10.181+0000][1][safepoint    ] Total time for which application threads were stopped: 0.0000674 seconds, Stopping threads took: 0.0000116 seconds
[2019-01-25T14:21:10.695+0000][1][safepoint    ] Application time: 0.5144105 seconds
[2019-01-25T14:21:10.695+0000][1][safepoint    ] Total time for which application threads were stopped: 0.0000828 seconds, Stopping threads took: 0.0000182 seconds
[2019-01-25T14:21:10.699+0000][1][safepoint    ] Application time: 0.0034373 seconds
[2019-01-25T14:21:10.699+0000][1][safepoint    ] Total time for which application threads were stopped: 0.0004496 seconds, Stopping threads took: 0.0001834 seconds
[2019-01-25T14:21:11.700+0000][1][safepoint    ] Application time: 1.0005498 seconds
[2019-01-25T14:21:11.700+0000][1][safepoint    ] Total time for which application threads were stopped: 0.0001642 seconds, Stopping threads took: 0.0000353 seconds
[2019-01-25T14:21:12.700+0000][1][safepoint    ] Application time: 1.0001245 seconds
[2019-01-25T14:21:12.700+0000][1][safepoint    ] Total time for which application threads were stopped: 0.0000713 seconds, Stopping threads took: 0.0000129 seconds
[2019-01-25T14:21:13.230+0000][1][safepoint    ] Application time: 0.5295804 seconds
[2019-01-25T14:21:13.231+0000][1][safepoint    ] Total time for which application threads were stopped: 0.0003747 seconds, Stopping threads took: 0.0001072 seconds
[2019-01-25T14:21:13.243+0000][1][safepoint    ] Application time: 0.0121319 seconds
[2019-01-25T14:21:13.243+0000][1][safepoint    ] Total time for which application threads were stopped: 0.0002621 seconds, Stopping threads took: 0.0000701 seconds
[2019-01-25T14:21:14.244+0000][1][safepoint    ] Application time: 1.0005942 seconds
[2019-01-25T14:21:14.244+0000][1][safepoint    ] Total time for which application threads were stopped: 0.0001019 seconds, Stopping threads took: 0.0000274 seconds
[2019-01-25T14:21:15.244+0000][1][safepoint    ] Application time: 1.0003104 seconds
[2019-01-25T14:21:15.244+0000][1][safepoint    ] Total time for which application threads were stopped: 0.0000542 seconds, Stopping threads took: 0.0000120 seconds
[2019-01-25T14:21:15.766+0000][1][safepoint    ] Application time: 0.5213620 seconds
[2019-01-25T14:21:15.766+0000][1][safepoint    ] Total time for which application threads were stopped: 0.0001821 seconds, Stopping threads took: 0.0000223 seconds
[2019-01-25T14:21:15.777+0000][1][safepoint    ] Application time: 0.0109068 seconds
[2019-01-25T14:21:15.777+0000][1][safepoint    ] Total time for which application threads were stopped: 0.0001340 seconds, Stopping threads took: 0.0000260 seconds
[2019-01-25T14:21:16.777+0000][1][safepoint    ] Application time: 1.0002053 seconds
[2019-01-25T14:21:16.777+0000][1][safepoint    ] Total time for which application threads were stopped: 0.0000568 seconds, Stopping threads took: 0.0000155 seconds
[2019-01-25T14:21:17.778+0000][1][safepoint    ] Application time: 1.0003753 seconds
[2019-01-25T14:21:17.778+0000][1][safepoint    ] Total time for which application threads were stopped: 0.0000474 seconds, Stopping threads took: 0.0000104 seconds
[2019-01-25T14:21:18.305+0000][1][safepoint    ] Application time: 0.5270123 seconds
[2019-01-25T14:21:18.305+0000][1][safepoint    ] Total time for which application threads were stopped: 0.0000848 seconds, Stopping threads took: 0.0000112 seconds
[2019-01-25T14:21:18.308+0000][1][safepoint    ] Application time: 0.0028956 seconds
[2019-01-25T14:21:18.308+0000][1][safepoint    ] Total time for which application threads were stopped: 0.0000677 seconds, Stopping threads took: 0.0000097 seconds
[2019-01-25T14:21:19.308+0000][1][safepoint    ] Application time: 1.0005229 seconds
[2019-01-25T14:21:19.309+0000][1][safepoint    ] Total time for which application threads were stopped: 0.0001850 seconds, Stopping threads took: 0.0000356 seconds
[2019-01-25T14:21:20.309+0000][1][safepoint    ] Application time: 1.0001503 seconds
[2019-01-25T14:21:20.309+0000][1][safepoint    ] Total time for which application threads were stopped: 0.0000460 seconds, Stopping threads took: 0.0000103 seconds
[2019-01-25T14:21:20.823+0000][1][safepoint    ] Application time: 0.5143734 seconds
[2019-01-25T14:21:20.824+0000][1][safepoint    ] Total time for which application threads were stopped: 0.0001036 seconds, Stopping threads took: 0.0000106 seconds
[2019-01-25T14:21:20.829+0000][1][safepoint    ] Application time: 0.0049957 seconds
[2019-01-25T14:21:20.829+0000][1][safepoint    ] Total time for which application threads were stopped: 0.0000926 seconds, Stopping threads took: 0.0000129 seconds
[2019-01-25T14:21:21.829+0000][1][safepoint    ] Application time: 1.0001769 seconds
[2019-01-25T14:21:21.829+0000][1][safepoint    ] Total time for which application threads were stopped: 0.0000519 seconds, Stopping threads took: 0.0000107 seconds
[2019-01-25T14:21:22.829+0000][1][safepoint    ] Application time: 1.0001454 seconds
[2019-01-25T14:21:22.829+0000][1][safepoint    ] Total time for which application threads were stopped: 0.0000467 seconds, Stopping threads took: 0.0000106 seconds
[2019-01-25T14:21:23.341+0000][1][safepoint    ] Application time: 0.5119370 seconds
[2019-01-25T14:21:23.342+0000][1][safepoint    ] Total time for which application threads were stopped: 0.0001583 seconds, Stopping threads took: 0.0000208 seconds
[2019-01-25T14:21:23.352+0000][1][safepoint    ] Application time: 0.0099364 seconds
[2019-01-25T14:21:23.352+0000][1][safepoint    ] Total time for which application threads were stopped: 0.0001189 seconds, Stopping threads took: 0.0000174 seconds
[2019-01-25T14:21:24.352+0000][1][safepoint    ] Application time: 1.0002130 seconds
[2019-01-25T14:21:24.352+0000][1][safepoint    ] Total time for which application threads were stopped: 0.0000668 seconds, Stopping threads took: 0.0000276 seconds
[2019-01-25T14:21:25.352+0000][1][safepoint    ] Application time: 1.0001430 seconds
[2019-01-25T14:21:25.352+0000][1][safepoint    ] Total time for which application threads were stopped: 0.0000530 seconds, Stopping threads took: 0.0000125 seconds
[2019-01-25T14:21:25.862+0000][1][safepoint    ] Application time: 0.5097975 seconds
[2019-01-25T14:21:25.862+0000][1][safepoint    ] Total time for which application threads were stopped: 0.0000722 seconds, Stopping threads took: 0.0000085 seconds
[2019-01-25T14:21:25.866+0000][1][safepoint    ] Application time: 0.0037107 seconds
[2019-01-25T14:21:25.866+0000][1][safepoint    ] Total time for which application threads were stopped: 0.0000746 seconds, Stopping threads took: 0.0000090 seconds
[2019-01-25T14:21:26.866+0000][1][safepoint    ] Application time: 1.0001382 seconds
[2019-01-25T14:21:26.866+0000][1][safepoint    ] Total time for which application threads were stopped: 0.0000648 seconds, Stopping threads took: 0.0000121 seconds
[2019-01-25T14:21:27.866+0000][1][safepoint    ] Application time: 1.0001482 seconds
[2019-01-25T14:21:27.867+0000][1][safepoint    ] Total time for which application threads were stopped: 0.0000522 seconds, Stopping threads took: 0.0000141 seconds
[2019-01-25T14:21:28.381+0000][1][safepoint    ] Application time: 0.5144614 seconds
[2019-01-25T14:21:28.381+0000][1][safepoint    ] Total time for which application threads were stopped: 0.0001129 seconds, Stopping threads took: 0.0000118 seconds
[2019-01-25T14:21:28.384+0000][1][safepoint    ] Application time: 0.0027369 seconds
[2019-01-25T14:21:28.384+0000][1][safepoint    ] Total time for which application threads were stopped: 0.0000960 seconds, Stopping threads took: 0.0000223 seconds
[2019-01-25T14:21:29.384+0000][1][safepoint    ] Application time: 1.0001043 seconds
[2019-01-25T14:21:29.384+0000][1][safepoint    ] Total time for which application threads were stopped: 0.0000465 seconds, Stopping threads took: 0.0000102 seconds
[2019-01-25T14:21:30.384+0000][1][safepoint    ] Application time: 1.0000937 seconds
[2019-01-25T14:21:30.384+0000][1][safepoint    ] Total time for which application threads were stopped: 0.0000489 seconds, Stopping threads took: 0.0000108 seconds
[2019-01-25T14:21:30.902+0000][1][safepoint    ] Application time: 0.5170778 seconds
[2019-01-25T14:21:30.902+0000][1][safepoint    ] Total time for which application threads were stopped: 0.0001000 seconds, Stopping threads took: 0.0000131 seconds
[2019-01-25T14:21:30.905+0000][1][safepoint    ] Application time: 0.0033612 seconds
[2019-01-25T14:21:30.905+0000][1][safepoint    ] Total time for which application threads were stopped: 0.0001030 seconds, Stopping threads took: 0.0000240 seconds
[2019-01-25T14:21:31.905+0000][1][safepoint    ] Application time: 1.0001833 seconds
[2019-01-25T14:21:31.905+0000][1][safepoint    ] Total time for which application threads were stopped: 0.0000548 seconds, Stopping threads took: 0.0000123 seconds
[2019-01-25T14:21:32.906+0000][1][safepoint    ] Application time: 1.0001434 seconds
[2019-01-25T14:21:32.906+0000][1][safepoint    ] Total time for which application threads were stopped: 0.0000695 seconds, Stopping threads took: 0.0000142 seconds
[2019-01-25T14:21:33.424+0000][1][safepoint    ] Application time: 0.5184095 seconds
[2019-01-25T14:21:33.424+0000][1][safepoint    ] Total time for which application threads were stopped: 0.0001051 seconds, Stopping threads took: 0.0000256 seconds
[2019-01-25T14:21:33.428+0000][1][safepoint    ] Application time: 0.0040972 seconds
[2019-01-25T14:21:33.429+0000][1][safepoint    ] Total time for which application threads were stopped: 0.0001012 seconds, Stopping threads took: 0.0000229 seconds
[2019-01-25T14:21:34.429+0000][1][safepoint    ] Application time: 1.0006141 seconds
[2019-01-25T14:21:34.429+0000][1][safepoint    ] Total time for which application threads were stopped: 0.0000594 seconds, Stopping threads took: 0.0000126 seconds
[2019-01-25T14:21:35.430+0000][1][safepoint    ] Application time: 1.0001376 seconds
[2019-01-25T14:21:35.430+0000][1][safepoint    ] Total time for which application threads were stopped: 0.0000474 seconds, Stopping threads took: 0.0000106 seconds
[2019-01-25T14:21:35.936+0000][1][safepoint    ] Application time: 0.5060022 seconds
[2019-01-25T14:21:35.936+0000][1][safepoint    ] Total time for which application threads were stopped: 0.0000949 seconds, Stopping threads took: 0.0000187 seconds
[2019-01-25T14:21:35.939+0000][1][safepoint    ] Application time: 0.0037215 seconds
[2019-01-25T14:21:35.940+0000][1][safepoint    ] Total time for which application threads were stopped: 0.0000744 seconds, Stopping threads took: 0.0000169 seconds
[2019-01-25T14:21:36.940+0000][1][safepoint    ] Application time: 1.0001497 seconds
[2019-01-25T14:21:36.940+0000][1][safepoint    ] Total time for which application threads were stopped: 0.0000777 seconds, Stopping threads took: 0.0000153 seconds
[2019-01-25T14:21:37.940+0000][1][safepoint    ] Application time: 1.0001065 seconds
[2019-01-25T14:21:37.940+0000][1][safepoint    ] Total time for which application threads were stopped: 0.0000675 seconds, Stopping threads took: 0.0000147 seconds
[2019-01-25T14:21:38.458+0000][1][safepoint    ] Application time: 0.5173082 seconds
[2019-01-25T14:21:38.464+0000][1][safepoint    ] Total time for which application threads were stopped: 0.0063526 seconds, Stopping threads took: 0.0062003 seconds
[2019-01-25T14:21:38.467+0000][1][safepoint    ] Application time: 0.0025589 seconds
[2019-01-25T14:21:38.467+0000][1][safepoint    ] Total time for which application threads were stopped: 0.0000662 seconds, Stopping threads took: 0.0000094 seconds
[2019-01-25T14:21:39.475+0000][1][safepoint    ] Application time: 1.0079217 seconds
[2019-01-25T14:21:39.475+0000][1][safepoint    ] Total time for which application threads were stopped: 0.0000499 seconds, Stopping threads took: 0.0000111 seconds
[2019-01-25T14:21:40.475+0000][1][safepoint    ] Application time: 1.0001218 seconds
[2019-01-25T14:21:40.475+0000][1][safepoint    ] Total time for which application threads were stopped: 0.0000706 seconds, Stopping threads took: 0.0000149 seconds
[2019-01-25T14:21:40.990+0000][1][safepoint    ] Application time: 0.5149504 seconds
[2019-01-25T14:21:40.990+0000][1][safepoint    ] Total time for which application threads were stopped: 0.0001065 seconds, Stopping threads took: 0.0000248 seconds
[2019-01-25T14:21:40.996+0000][1][safepoint    ] Application time: 0.0064282 seconds
[2019-01-25T14:21:40.997+0000][1][safepoint    ] Total time for which application threads were stopped: 0.0002288 seconds, Stopping threads took: 0.0000257 seconds
[2019-01-25T14:21:41.998+0000][1][safepoint    ] Application time: 1.0008927 seconds
[2019-01-25T14:21:41.998+0000][1][safepoint    ] Total time for which application threads were stopped: 0.0000752 seconds, Stopping threads took: 0.0000154 seconds
[2019-01-25T14:21:42.998+0000][1][safepoint    ] Application time: 1.0001108 seconds
[2019-01-25T14:21:42.998+0000][1][safepoint    ] Total time for which application threads were stopped: 0.0000785 seconds, Stopping threads took: 0.0000140 seconds
[2019-01-25T14:21:43.509+0000][1][safepoint    ] Application time: 0.5108615 seconds
[2019-01-25T14:21:43.509+0000][1][safepoint    ] Total time for which application threads were stopped: 0.0000651 seconds, Stopping threads took: 0.0000091 seconds
[2019-01-25T14:21:43.511+0000][1][safepoint    ] Application time: 0.0022035 seconds
[2019-01-25T14:21:43.511+0000][1][safepoint    ] Total time for which application threads were stopped: 0.0000653 seconds, Stopping threads took: 0.0000094 seconds
[2019-01-25T14:21:44.511+0000][1][safepoint    ] Application time: 1.0001148 seconds
[2019-01-25T14:21:44.512+0000][1][safepoint    ] Total time for which application threads were stopped: 0.0000488 seconds, Stopping threads took: 0.0000106 seconds
[2019-01-25T14:21:45.512+0000][1][safepoint    ] Application time: 1.0001694 seconds
[2019-01-25T14:21:45.512+0000][1][safepoint    ] Total time for which application threads were stopped: 0.0000526 seconds, Stopping threads took: 0.0000107 seconds
[2019-01-25T14:21:46.030+0000][1][safepoint    ] Application time: 0.5177138 seconds
[2019-01-25T14:21:46.030+0000][1][safepoint    ] Total time for which application threads were stopped: 0.0001081 seconds, Stopping threads took: 0.0000290 seconds
[2019-01-25T14:21:46.036+0000][1][safepoint    ] Application time: 0.0060803 seconds
[2019-01-25T14:21:46.036+0000][1][safepoint    ] Total time for which application threads were stopped: 0.0000926 seconds, Stopping threads took: 0.0000126 seconds
[2019-01-25T14:21:47.036+0000][1][safepoint    ] Application time: 1.0001465 seconds
[2019-01-25T14:21:47.036+0000][1][safepoint    ] Total time for which application threads were stopped: 0.0000483 seconds, Stopping threads took: 0.0000106 seconds
[2019-01-25T14:21:48.036+0000][1][safepoint    ] Application time: 1.0000952 seconds
[2019-01-25T14:21:48.036+0000][1][safepoint    ] Total time for which application threads were stopped: 0.0000552 seconds, Stopping threads took: 0.0000120 seconds
[2019-01-25T14:21:48.549+0000][1][safepoint    ] Application time: 0.5130026 seconds
[2019-01-25T14:21:48.550+0000][1][safepoint    ] Total time for which application threads were stopped: 0.0001059 seconds, Stopping threads took: 0.0000201 seconds
[2019-01-25T14:21:48.552+0000][1][safepoint    ] Application time: 0.0021578 seconds
[2019-01-25T14:21:48.552+0000][1][safepoint    ] Total time for which application threads were stopped: 0.0000984 seconds, Stopping threads took: 0.0000134 seconds
[2019-01-25T14:21:49.552+0000][1][safepoint    ] Application time: 1.0002412 seconds
[2019-01-25T14:21:49.552+0000][1][safepoint    ] Total time for which application threads were stopped: 0.0000745 seconds, Stopping threads took: 0.0000146 seconds
[2019-01-25T14:21:50.552+0000][1][safepoint    ] Application time: 1.0001203 seconds
[2019-01-25T14:21:50.553+0000][1][safepoint    ] Total time for which application threads were stopped: 0.0000629 seconds, Stopping threads took: 0.0000249 seconds
[2019-01-25T14:21:51.058+0000][1][safepoint    ] Application time: 0.5051038 seconds
[2019-01-25T14:21:51.058+0000][1][safepoint    ] Total time for which application threads were stopped: 0.0000952 seconds, Stopping threads took: 0.0000137 seconds
[2019-01-25T14:21:51.060+0000][1][safepoint    ] Application time: 0.0021326 seconds
[2019-01-25T14:21:51.060+0000][1][safepoint    ] Total time for which application threads were stopped: 0.0001301 seconds, Stopping threads took: 0.0000710 seconds
[2019-01-25T14:21:52.060+0000][1][safepoint    ] Application time: 1.0001805 seconds
[2019-01-25T14:21:52.060+0000][1][safepoint    ] Total time for which application threads were stopped: 0.0000753 seconds, Stopping threads took: 0.0000204 seconds
[2019-01-25T14:21:53.061+0000][1][safepoint    ] Application time: 1.0003987 seconds
[2019-01-25T14:21:53.061+0000][1][safepoint    ] Total time for which application threads were stopped: 0.0000492 seconds, Stopping threads took: 0.0000103 seconds
[2019-01-25T14:21:53.573+0000][1][safepoint    ] Application time: 0.5117057 seconds
[2019-01-25T14:21:53.573+0000][1][safepoint    ] Total time for which application threads were stopped: 0.0001113 seconds, Stopping threads took: 0.0000148 seconds
[2019-01-25T14:21:53.579+0000][1][safepoint    ] Application time: 0.0061621 seconds
[2019-01-25T14:21:53.579+0000][1][safepoint    ] Total time for which application threads were stopped: 0.0001120 seconds, Stopping threads took: 0.0000147 seconds
[2019-01-25T14:21:54.579+0000][1][safepoint    ] Application time: 1.0002120 seconds
[2019-01-25T14:21:54.580+0000][1][safepoint    ] Total time for which application threads were stopped: 0.0000659 seconds, Stopping threads took: 0.0000278 seconds
[2019-01-25T14:21:55.580+0000][1][safepoint    ] Application time: 1.0003365 seconds
[2019-01-25T14:21:55.580+0000][1][safepoint    ] Total time for which application threads were stopped: 0.0002662 seconds, Stopping threads took: 0.0000300 seconds
[2019-01-25T14:21:56.091+0000][1][safepoint    ] Application time: 0.5102050 seconds
[2019-01-25T14:21:56.091+0000][1][safepoint    ] Total time for which application threads were stopped: 0.0000811 seconds, Stopping threads took: 0.0000160 seconds
[2019-01-25T14:21:56.098+0000][1][safepoint    ] Application time: 0.0069146 seconds
[2019-01-25T14:21:56.098+0000][1][safepoint    ] Total time for which application threads were stopped: 0.0000969 seconds, Stopping threads took: 0.0000137 seconds
[2019-01-25T14:21:57.098+0000][1][safepoint    ] Application time: 1.0001498 seconds
[2019-01-25T14:21:57.098+0000][1][safepoint    ] Total time for which application threads were stopped: 0.0000755 seconds, Stopping threads took: 0.0000141 seconds
[2019-01-25T14:21:58.098+0000][1][safepoint    ] Application time: 1.0001883 seconds
[2019-01-25T14:21:58.098+0000][1][safepoint    ] Total time for which application threads were stopped: 0.0000777 seconds, Stopping threads took: 0.0000163 seconds
[2019-01-25T14:21:58.614+0000][1][safepoint    ] Application time: 0.5156519 seconds
[2019-01-25T14:21:58.614+0000][1][safepoint    ] Total time for which application threads were stopped: 0.0000648 seconds, Stopping threads took: 0.0000095 seconds
[2019-01-25T14:21:58.618+0000][1][safepoint    ] Application time: 0.0034622 seconds
[2019-01-25T14:21:58.618+0000][1][safepoint    ] Total time for which application threads were stopped: 0.0000673 seconds, Stopping threads took: 0.0000101 seconds
[2019-01-25T14:21:59.618+0000][1][safepoint    ] Application time: 1.0001469 seconds
[2019-01-25T14:21:59.618+0000][1][safepoint    ] Total time for which application threads were stopped: 0.0000735 seconds, Stopping threads took: 0.0000167 seconds
[2019-01-25T14:22:00.618+0000][1][safepoint    ] Application time: 1.0001354 seconds
[2019-01-25T14:22:00.618+0000][1][safepoint    ] Total time for which application threads were stopped: 0.0000483 seconds, Stopping threads took: 0.0000106 seconds
[2019-01-25T14:22:01.125+0000][1][safepoint    ] Application time: 0.5066993 seconds
[2019-01-25T14:22:01.125+0000][1][safepoint    ] Total time for which application threads were stopped: 0.0000671 seconds, Stopping threads took: 0.0000087 seconds
[2019-01-25T14:22:01.127+0000][1][safepoint    ] Application time: 0.0021837 seconds
[2019-01-25T14:22:01.127+0000][1][safepoint    ] Total time for which application threads were stopped: 0.0000690 seconds, Stopping threads took: 0.0000095 seconds
[2019-01-25T14:22:02.127+0000][1][safepoint    ] Application time: 1.0001437 seconds
[2019-01-25T14:22:02.128+0000][1][safepoint    ] Total time for which application threads were stopped: 0.0000731 seconds, Stopping threads took: 0.0000149 seconds
[2019-01-25T14:22:03.128+0000][1][safepoint    ] Application time: 1.0003451 seconds
[2019-01-25T14:22:03.128+0000][1][safepoint    ] Total time for which application threads were stopped: 0.0000470 seconds, Stopping threads took: 0.0000099 seconds
[2019-01-25T14:22:03.637+0000][1][safepoint    ] Application time: 0.5089743 seconds
[2019-01-25T14:22:03.637+0000][1][safepoint    ] Total time for which application threads were stopped: 0.0001055 seconds, Stopping threads took: 0.0000252 seconds
[2019-01-25T14:22:03.640+0000][1][safepoint    ] Application time: 0.0024021 seconds
[2019-01-25T14:22:03.640+0000][1][safepoint    ] Total time for which application threads were stopped: 0.0001048 seconds, Stopping threads took: 0.0000253 seconds
[2019-01-25T14:22:04.640+0000][1][safepoint    ] Application time: 1.0001497 seconds
[2019-01-25T14:22:04.640+0000][1][safepoint    ] Total time for which application threads were stopped: 0.0000477 seconds, Stopping threads took: 0.0000108 seconds
[2019-01-25T14:22:05.640+0000][1][safepoint    ] Application time: 1.0001879 seconds
[2019-01-25T14:22:05.640+0000][1][safepoint    ] Total time for which application threads were stopped: 0.0000860 seconds, Stopping threads took: 0.0000193 seconds
[2019-01-25T14:22:06.158+0000][1][safepoint    ] Application time: 0.5176312 seconds
[2019-01-25T14:22:06.158+0000][1][safepoint    ] Total time for which application threads were stopped: 0.0001881 seconds, Stopping threads took: 0.0000775 seconds
[2019-01-25T14:22:06.166+0000][1][safepoint    ] Application time: 0.0075686 seconds
[2019-01-25T14:22:06.166+0000][1][safepoint    ] Total time for which application threads were stopped: 0.0000759 seconds, Stopping threads took: 0.0000090 seconds
[2019-01-25T14:22:07.166+0000][1][safepoint    ] Application time: 1.0003302 seconds
[2019-01-25T14:22:07.166+0000][1][safepoint    ] Total time for which application threads were stopped: 0.0000555 seconds, Stopping threads took: 0.0000119 seconds
[2019-01-25T14:22:08.167+0000][1][safepoint    ] Application time: 1.0001187 seconds
[2019-01-25T14:22:08.167+0000][1][safepoint    ] Total time for which application threads were stopped: 0.0000468 seconds, Stopping threads took: 0.0000105 seconds
[2019-01-25T14:22:08.678+0000][1][safepoint    ] Application time: 0.5109772 seconds
[2019-01-25T14:22:08.678+0000][1][safepoint    ] Total time for which application threads were stopped: 0.0000987 seconds, Stopping threads took: 0.0000219 seconds
[2019-01-25T14:22:08.680+0000][1][safepoint    ] Application time: 0.0021891 seconds
[2019-01-25T14:22:08.680+0000][1][safepoint    ] Total time for which application threads were stopped: 0.0000730 seconds, Stopping threads took: 0.0000167 seconds
[2019-01-25T14:22:09.680+0000][1][safepoint    ] Application time: 1.0001407 seconds
[2019-01-25T14:22:09.680+0000][1][safepoint    ] Total time for which application threads were stopped: 0.0000627 seconds, Stopping threads took: 0.0000122 seconds
[2019-01-25T14:22:10.680+0000][1][safepoint    ] Application time: 1.0001272 seconds
[2019-01-25T14:22:10.681+0000][1][safepoint    ] Total time for which application threads were stopped: 0.0000618 seconds, Stopping threads took: 0.0000120 seconds
[2019-01-25T14:22:11.191+0000][1][safepoint    ] Application time: 0.5100544 seconds
[2019-01-25T14:22:11.191+0000][1][safepoint    ] Total time for which application threads were stopped: 0.0001026 seconds, Stopping threads took: 0.0000232 seconds
[2019-01-25T14:22:11.203+0000][1][safepoint    ] Application time: 0.0117600 seconds
[2019-01-25T14:22:11.203+0000][1][safepoint    ] Total time for which application threads were stopped: 0.0000992 seconds, Stopping threads took: 0.0000250 seconds
[2019-01-25T14:22:12.203+0000][1][safepoint    ] Application time: 1.0002004 seconds
[2019-01-25T14:22:12.203+0000][1][safepoint    ] Total time for which application threads were stopped: 0.0001332 seconds, Stopping threads took: 0.0000246 seconds
[2019-01-25T14:22:13.203+0000][1][safepoint    ] Application time: 1.0001446 seconds
[2019-01-25T14:22:13.204+0000][1][safepoint    ] Total time for which application threads were stopped: 0.0001117 seconds, Stopping threads took: 0.0000142 seconds
[2019-01-25T14:22:13.718+0000][1][safepoint    ] Application time: 0.5140479 seconds
[2019-01-25T14:22:13.726+0000][1][safepoint    ] Total time for which application threads were stopped: 0.0002652 seconds, Stopping threads took: 0.0000342 seconds
[2019-01-25T14:22:13.730+0000][1][safepoint    ] Application time: 0.0040968 seconds
[2019-01-25T14:22:13.730+0000][1][safepoint    ] Total time for which application threads were stopped: 0.0000967 seconds, Stopping threads took: 0.0000093 seconds
[2019-01-25T14:22:14.730+0000][1][safepoint    ] Application time: 1.0001095 seconds
[2019-01-25T14:22:14.731+0000][1][safepoint    ] Total time for which application threads were stopped: 0.0000657 seconds, Stopping threads took: 0.0000146 seconds
[2019-01-25T14:22:15.731+0000][1][safepoint    ] Application time: 1.0000815 seconds
[2019-01-25T14:22:15.731+0000][1][safepoint    ] Total time for which application threads were stopped: 0.0000534 seconds, Stopping threads took: 0.0000121 seconds
[2019-01-25T14:22:16.246+0000][1][safepoint    ] Application time: 0.5149894 seconds
[2019-01-25T14:22:16.246+0000][1][safepoint    ] Total time for which application threads were stopped: 0.0001612 seconds, Stopping threads took: 0.0000421 seconds
[2019-01-25T14:22:16.250+0000][1][safepoint    ] Application time: 0.0036355 seconds
[2019-01-25T14:22:16.250+0000][1][safepoint    ] Total time for which application threads were stopped: 0.0001008 seconds, Stopping threads took: 0.0000254 seconds
[2019-01-25T14:22:17.250+0000][1][safepoint    ] Application time: 1.0003956 seconds
[2019-01-25T14:22:17.250+0000][1][safepoint    ] Total time for which application threads were stopped: 0.0000493 seconds, Stopping threads took: 0.0000107 seconds
[2019-01-25T14:22:18.250+0000][1][safepoint    ] Application time: 1.0001060 seconds
[2019-01-25T14:22:18.250+0000][1][safepoint    ] Total time for which application threads were stopped: 0.0000485 seconds, Stopping threads took: 0.0000109 seconds
[2019-01-25T14:22:18.760+0000][1][safepoint    ] Application time: 0.5093716 seconds
[2019-01-25T14:22:18.760+0000][1][safepoint    ] Total time for which application threads were stopped: 0.0000780 seconds, Stopping threads took: 0.0000190 seconds
[2019-01-25T14:22:18.763+0000][1][safepoint    ] Application time: 0.0029556 seconds
[2019-01-25T14:22:18.763+0000][1][safepoint    ] Total time for which application threads were stopped: 0.0001138 seconds, Stopping threads took: 0.0000250 seconds
[2019-01-25T14:22:19.763+0000][1][safepoint    ] Application time: 1.0001316 seconds
[2019-01-25T14:22:19.763+0000][1][safepoint    ] Total time for which application threads were stopped: 0.0000593 seconds, Stopping threads took: 0.0000110 seconds
[2019-01-25T14:22:20.763+0000][1][safepoint    ] Application time: 1.0001298 seconds
[2019-01-25T14:22:20.764+0000][1][safepoint    ] Total time for which application threads were stopped: 0.0000662 seconds, Stopping threads took: 0.0000172 seconds
[2019-01-25T14:22:21.281+0000][1][safepoint    ] Application time: 0.5171346 seconds
[2019-01-25T14:22:21.281+0000][1][safepoint    ] Total time for which application threads were stopped: 0.0001126 seconds, Stopping threads took: 0.0000244 seconds
[2019-01-25T14:22:21.283+0000][1][safepoint    ] Application time: 0.0023437 seconds
[2019-01-25T14:22:21.283+0000][1][safepoint    ] Total time for which application threads were stopped: 0.0000754 seconds, Stopping threads took: 0.0000184 seconds
[2019-01-25T14:22:22.284+0000][1][safepoint    ] Application time: 1.0001409 seconds
[2019-01-25T14:22:22.284+0000][1][safepoint    ] Total time for which application threads were stopped: 0.0001009 seconds, Stopping threads took: 0.0000279 seconds
[2019-01-25T14:22:23.284+0000][1][safepoint    ] Application time: 1.0001485 seconds
[2019-01-25T14:22:23.284+0000][1][safepoint    ] Total time for which application threads were stopped: 0.0000750 seconds, Stopping threads took: 0.0000144 seconds
[2019-01-25T14:22:23.798+0000][1][safepoint    ] Application time: 0.5135952 seconds
[2019-01-25T14:22:23.798+0000][1][safepoint    ] Total time for which application threads were stopped: 0.0000922 seconds, Stopping threads took: 0.0000325 seconds
[2019-01-25T14:22:23.803+0000][1][safepoint    ] Application time: 0.0054476 seconds
[2019-01-25T14:22:23.803+0000][1][safepoint    ] Total time for which application threads were stopped: 0.0000812 seconds, Stopping threads took: 0.0000191 seconds
[2019-01-25T14:22:24.804+0000][1][safepoint    ] Application time: 1.0001329 seconds
[2019-01-25T14:22:24.804+0000][1][safepoint    ] Total time for which application threads were stopped: 0.0000630 seconds, Stopping threads took: 0.0000255 seconds
[2019-01-25T14:22:25.804+0000][1][safepoint    ] Application time: 1.0004960 seconds
[2019-01-25T14:22:25.804+0000][1][safepoint    ] Total time for which application threads were stopped: 0.0001120 seconds, Stopping threads took: 0.0000157 seconds
[2019-01-25T14:22:26.313+0000][1][safepoint    ] Application time: 0.5089592 seconds
[2019-01-25T14:22:26.314+0000][1][safepoint    ] Total time for which application threads were stopped: 0.0002882 seconds, Stopping threads took: 0.0000127 seconds
[2019-01-25T14:22:26.318+0000][1][safepoint    ] Application time: 0.0043887 seconds
[2019-01-25T14:22:26.318+0000][1][safepoint    ] Total time for which application threads were stopped: 0.0001327 seconds, Stopping threads took: 0.0000153 seconds
[2019-01-25T14:22:27.318+0000][1][safepoint    ] Application time: 1.0001489 seconds
[2019-01-25T14:22:27.318+0000][1][safepoint    ] Total time for which application threads were stopped: 0.0000600 seconds, Stopping threads took: 0.0000111 seconds
[2019-01-25T14:22:28.319+0000][1][safepoint    ] Application time: 1.0001163 seconds
[2019-01-25T14:22:28.319+0000][1][safepoint    ] Total time for which application threads were stopped: 0.0000626 seconds, Stopping threads took: 0.0000137 seconds
[2019-01-25T14:22:28.828+0000][1][safepoint    ] Application time: 0.5095064 seconds
[2019-01-25T14:22:28.828+0000][1][safepoint    ] Total time for which application threads were stopped: 0.0001039 seconds, Stopping threads took: 0.0000165 seconds
[2019-01-25T14:22:28.836+0000][1][safepoint    ] Application time: 0.0074029 seconds
[2019-01-25T14:22:28.836+0000][1][safepoint    ] Total time for which application threads were stopped: 0.0002145 seconds, Stopping threads took: 0.0000098 seconds
[2019-01-25T14:22:29.836+0000][1][safepoint    ] Application time: 1.0001751 seconds
[2019-01-25T14:22:29.836+0000][1][safepoint    ] Total time for which application threads were stopped: 0.0000531 seconds, Stopping threads took: 0.0000119 seconds
[2019-01-25T14:22:30.836+0000][1][safepoint    ] Application time: 1.0001085 seconds
[2019-01-25T14:22:30.837+0000][1][safepoint    ] Total time for which application threads were stopped: 0.0000874 seconds, Stopping threads took: 0.0000149 seconds
[2019-01-25T14:22:31.343+0000][1][safepoint    ] Application time: 0.5065226 seconds
[2019-01-25T14:22:31.343+0000][1][safepoint    ] Total time for which application threads were stopped: 0.0000949 seconds, Stopping threads took: 0.0000228 seconds
[2019-01-25T14:22:31.346+0000][1][safepoint    ] Application time: 0.0028982 seconds
[2019-01-25T14:22:31.346+0000][1][safepoint    ] Total time for which application threads were stopped: 0.0001149 seconds, Stopping threads took: 0.0000248 seconds
[2019-01-25T14:22:32.347+0000][1][safepoint    ] Application time: 1.0003282 seconds
[2019-01-25T14:22:32.347+0000][1][safepoint    ] Total time for which application threads were stopped: 0.0001590 seconds, Stopping threads took: 0.0000348 seconds
[2019-01-25T14:22:33.347+0000][1][safepoint    ] Application time: 1.0001221 seconds
[2019-01-25T14:22:33.347+0000][1][safepoint    ] Total time for which application threads were stopped: 0.0000511 seconds, Stopping threads took: 0.0000136 seconds
[2019-01-25T14:22:33.854+0000][1][safepoint    ] Application time: 0.5066442 seconds
[2019-01-25T14:22:33.854+0000][1][safepoint    ] Total time for which application threads were stopped: 0.0000735 seconds, Stopping threads took: 0.0000168 seconds
[2019-01-25T14:22:33.856+0000][1][safepoint    ] Application time: 0.0018623 seconds
[2019-01-25T14:22:33.856+0000][1][safepoint    ] Total time for which application threads were stopped: 0.0001360 seconds, Stopping threads took: 0.0000160 seconds
[2019-01-25T14:22:34.856+0000][1][safepoint    ] Application time: 1.0001419 seconds
[2019-01-25T14:22:34.856+0000][1][safepoint    ] Total time for which application threads were stopped: 0.0000487 seconds, Stopping threads took: 0.0000107 seconds
[2019-01-25T14:22:35.857+0000][1][safepoint    ] Application time: 1.0001824 seconds
[2019-01-25T14:22:35.857+0000][1][safepoint    ] Total time for which application threads were stopped: 0.0000548 seconds, Stopping threads took: 0.0000146 seconds
[2019-01-25T14:22:36.375+0000][1][safepoint    ] Application time: 0.5182611 seconds
[2019-01-25T14:22:36.375+0000][1][safepoint    ] Total time for which application threads were stopped: 0.0002821 seconds, Stopping threads took: 0.0000701 seconds
[2019-01-25T14:22:36.381+0000][1][safepoint    ] Application time: 0.0057706 seconds
[2019-01-25T14:22:36.381+0000][1][safepoint    ] Total time for which application threads were stopped: 0.0001460 seconds, Stopping threads took: 0.0000365 seconds
[2019-01-25T14:22:37.381+0000][1][safepoint    ] Application time: 1.0001507 seconds
[2019-01-25T14:22:37.382+0000][1][safepoint    ] Total time for which application threads were stopped: 0.0000756 seconds, Stopping threads took: 0.0000137 seconds
[2019-01-25T14:22:38.382+0000][1][safepoint    ] Application time: 1.0001527 seconds
[2019-01-25T14:22:38.382+0000][1][safepoint    ] Total time for which application threads were stopped: 0.0000472 seconds, Stopping threads took: 0.0000106 seconds
[2019-01-25T14:22:38.893+0000][1][safepoint    ] Application time: 0.5114063 seconds
[2019-01-25T14:22:38.893+0000][1][safepoint    ] Total time for which application threads were stopped: 0.0001169 seconds, Stopping threads took: 0.0000244 seconds
[2019-01-25T14:22:38.896+0000][1][safepoint    ] Application time: 0.0022640 seconds
[2019-01-25T14:22:38.896+0000][1][safepoint    ] Total time for which application threads were stopped: 0.0000939 seconds, Stopping threads took: 0.0000228 seconds
[2019-01-25T14:22:39.896+0000][1][safepoint    ] Application time: 1.0001292 seconds
[2019-01-25T14:22:39.896+0000][1][safepoint    ] Total time for which application threads were stopped: 0.0000920 seconds, Stopping threads took: 0.0000177 seconds
[2019-01-25T14:22:40.896+0000][1][safepoint    ] Application time: 1.0001267 seconds
[2019-01-25T14:22:40.896+0000][1][safepoint    ] Total time for which application threads were stopped: 0.0000672 seconds, Stopping threads took: 0.0000133 seconds
[2019-01-25T14:22:41.405+0000][1][safepoint    ] Application time: 0.5083426 seconds
[2019-01-25T14:22:41.405+0000][1][safepoint    ] Total time for which application threads were stopped: 0.0001127 seconds, Stopping threads took: 0.0000218 seconds
[2019-01-25T14:22:41.408+0000][1][safepoint    ] Application time: 0.0032005 seconds
[2019-01-25T14:22:41.408+0000][1][safepoint    ] Total time for which application threads were stopped: 0.0000946 seconds, Stopping threads took: 0.0000213 seconds
[2019-01-25T14:22:42.408+0000][1][safepoint    ] Application time: 1.0001542 seconds
[2019-01-25T14:22:42.409+0000][1][safepoint    ] Total time for which application threads were stopped: 0.0000792 seconds, Stopping threads took: 0.0000152 seconds
[2019-01-25T14:22:43.409+0000][1][safepoint    ] Application time: 1.0001181 seconds
[2019-01-25T14:22:43.409+0000][1][safepoint    ] Total time for which application threads were stopped: 0.0000810 seconds, Stopping threads took: 0.0000155 seconds
[2019-01-25T14:22:43.920+0000][1][safepoint    ] Application time: 0.5111127 seconds
[2019-01-25T14:22:43.920+0000][1][safepoint    ] Total time for which application threads were stopped: 0.0000831 seconds, Stopping threads took: 0.0000111 seconds
[2019-01-25T14:22:43.923+0000][1][safepoint    ] Application time: 0.0023981 seconds
[2019-01-25T14:22:43.923+0000][1][safepoint    ] Total time for which application threads were stopped: 0.0000911 seconds, Stopping threads took: 0.0000206 seconds
[2019-01-25T14:22:44.923+0000][1][safepoint    ] Application time: 1.0001469 seconds
[2019-01-25T14:22:44.923+0000][1][safepoint    ] Total time for which application threads were stopped: 0.0000781 seconds, Stopping threads took: 0.0000137 seconds
[2019-01-25T14:22:45.923+0000][1][safepoint    ] Application time: 1.0001166 seconds
[2019-01-25T14:22:45.923+0000][1][safepoint    ] Total time for which application threads were stopped: 0.0000650 seconds, Stopping threads took: 0.0000118 seconds
[2019-01-25T14:22:46.429+0000][1][safepoint    ] Application time: 0.5056329 seconds
[2019-01-25T14:22:46.429+0000][1][safepoint    ] Total time for which application threads were stopped: 0.0000739 seconds, Stopping threads took: 0.0000164 seconds
[2019-01-25T14:22:46.431+0000][1][safepoint    ] Application time: 0.0023493 seconds
[2019-01-25T14:22:46.431+0000][1][safepoint    ] Total time for which application threads were stopped: 0.0000929 seconds, Stopping threads took: 0.0000208 seconds
[2019-01-25T14:22:47.432+0000][1][safepoint    ] Application time: 1.0002165 seconds
[2019-01-25T14:22:47.432+0000][1][safepoint    ] Total time for which application threads were stopped: 0.0000694 seconds, Stopping threads took: 0.0000180 seconds
[2019-01-25T14:22:48.432+0000][1][safepoint    ] Application time: 1.0004492 seconds
[2019-01-25T14:22:48.432+0000][1][safepoint    ] Total time for which application threads were stopped: 0.0000529 seconds, Stopping threads took: 0.0000121 seconds
[2019-01-25T14:22:48.940+0000][1][safepoint    ] Application time: 0.5078067 seconds
[2019-01-25T14:22:48.940+0000][1][safepoint    ] Total time for which application threads were stopped: 0.0000703 seconds, Stopping threads took: 0.0000167 seconds
[2019-01-25T14:22:48.943+0000][1][safepoint    ] Application time: 0.0023857 seconds
[2019-01-25T14:22:48.943+0000][1][safepoint    ] Total time for which application threads were stopped: 0.0000742 seconds, Stopping threads took: 0.0000163 seconds
[2019-01-25T14:22:49.943+0000][1][safepoint    ] Application time: 1.0001363 seconds
[2019-01-25T14:22:49.943+0000][1][safepoint    ] Total time for which application threads were stopped: 0.0000490 seconds, Stopping threads took: 0.0000114 seconds
[2019-01-25T14:22:50.943+0000][1][safepoint    ] Application time: 1.0001143 seconds
[2019-01-25T14:22:50.943+0000][1][safepoint    ] Total time for which application threads were stopped: 0.0000591 seconds, Stopping threads took: 0.0000106 seconds
[2019-01-25T14:22:51.453+0000][1][safepoint    ] Application time: 0.5098019 seconds
[2019-01-25T14:22:51.453+0000][1][safepoint    ] Total time for which application threads were stopped: 0.0000655 seconds, Stopping threads took: 0.0000076 seconds
[2019-01-25T14:22:51.456+0000][1][safepoint    ] Application time: 0.0030246 seconds
[2019-01-25T14:22:51.456+0000][1][safepoint    ] Total time for which application threads were stopped: 0.0001074 seconds, Stopping threads took: 0.0000276 seconds
[2019-01-25T14:22:52.457+0000][1][safepoint    ] Application time: 1.0003310 seconds
[2019-01-25T14:22:52.457+0000][1][safepoint    ] Total time for which application threads were stopped: 0.0000663 seconds, Stopping threads took: 0.0000148 seconds
[2019-01-25T14:22:53.457+0000][1][safepoint    ] Application time: 1.0001257 seconds
[2019-01-25T14:22:53.457+0000][1][safepoint    ] Total time for which application threads were stopped: 0.0000488 seconds, Stopping threads took: 0.0000109 seconds
[2019-01-25T14:22:53.967+0000][1][safepoint    ] Application time: 0.5102522 seconds
[2019-01-25T14:22:53.967+0000][1][safepoint    ] Total time for which application threads were stopped: 0.0000733 seconds, Stopping threads took: 0.0000180 seconds
[2019-01-25T14:22:53.970+0000][1][safepoint    ] Application time: 0.0025257 seconds
[2019-01-25T14:22:53.970+0000][1][safepoint    ] Total time for which application threads were stopped: 0.0001065 seconds, Stopping threads took: 0.0000214 seconds
[2019-01-25T14:22:54.971+0000][1][safepoint    ] Application time: 1.0004827 seconds
[2019-01-25T14:22:54.971+0000][1][safepoint    ] Total time for which application threads were stopped: 0.0001742 seconds, Stopping threads took: 0.0000436 seconds
[2019-01-25T14:22:55.971+0000][1][safepoint    ] Application time: 1.0000991 seconds
[2019-01-25T14:22:55.971+0000][1][safepoint    ] Total time for which application threads were stopped: 0.0000507 seconds, Stopping threads took: 0.0000105 seconds
[2019-01-25T14:22:56.486+0000][1][safepoint    ] Application time: 0.5151232 seconds
[2019-01-25T14:22:56.486+0000][1][safepoint    ] Total time for which application threads were stopped: 0.0001282 seconds, Stopping threads took: 0.0000250 seconds
[2019-01-25T14:22:56.489+0000][1][safepoint    ] Application time: 0.0027896 seconds
[2019-01-25T14:22:56.489+0000][1][safepoint    ] Total time for which application threads were stopped: 0.0000954 seconds, Stopping threads took: 0.0000226 seconds
[2019-01-25T14:22:57.490+0000][1][safepoint    ] Application time: 1.0003913 seconds
[2019-01-25T14:22:57.490+0000][1][safepoint    ] Total time for which application threads were stopped: 0.0001055 seconds, Stopping threads took: 0.0000231 seconds
[2019-01-25T14:22:58.490+0000][1][safepoint    ] Application time: 1.0001598 seconds
[2019-01-25T14:22:58.490+0000][1][safepoint    ] Total time for which application threads were stopped: 0.0000483 seconds, Stopping threads took: 0.0000106 seconds
[2019-01-25T14:22:59.003+0000][1][safepoint    ] Application time: 0.5123935 seconds
[2019-01-25T14:22:59.003+0000][1][safepoint    ] Total time for which application threads were stopped: 0.0000759 seconds, Stopping threads took: 0.0000175 seconds
[2019-01-25T14:22:59.005+0000][1][safepoint    ] Application time: 0.0021349 seconds
[2019-01-25T14:22:59.005+0000][1][safepoint    ] Total time for which application threads were stopped: 0.0000895 seconds, Stopping threads took: 0.0000163 seconds
[2019-01-25T14:23:00.005+0000][1][safepoint    ] Application time: 1.0001406 seconds
[2019-01-25T14:23:00.005+0000][1][safepoint    ] Total time for which application threads were stopped: 0.0000778 seconds, Stopping threads took: 0.0000137 seconds
[2019-01-25T14:23:01.005+0000][1][safepoint    ] Application time: 1.0001311 seconds
[2019-01-25T14:23:01.006+0000][1][safepoint    ] Total time for which application threads were stopped: 0.0000684 seconds, Stopping threads took: 0.0000131 seconds
[2019-01-25T14:23:01.514+0000][1][safepoint    ] Application time: 0.5084587 seconds
[2019-01-25T14:23:01.514+0000][1][safepoint    ] Total time for which application threads were stopped: 0.0001040 seconds, Stopping threads took: 0.0000237 seconds
[2019-01-25T14:23:01.517+0000][1][safepoint    ] Application time: 0.0026217 seconds
[2019-01-25T14:23:01.517+0000][1][safepoint    ] Total time for which application threads were stopped: 0.0000724 seconds, Stopping threads took: 0.0000166 seconds
[2019-01-25T14:23:02.517+0000][1][safepoint    ] Application time: 1.0001288 seconds
[2019-01-25T14:23:02.517+0000][1][safepoint    ] Total time for which application threads were stopped: 0.0000624 seconds, Stopping threads took: 0.0000157 seconds
[2019-01-25T14:23:03.517+0000][1][safepoint    ] Application time: 1.0001597 seconds
[2019-01-25T14:23:03.518+0000][1][safepoint    ] Total time for which application threads were stopped: 0.0000483 seconds, Stopping threads took: 0.0000102 seconds
[2019-01-25T14:23:04.026+0000][1][safepoint    ] Application time: 0.5080063 seconds
[2019-01-25T14:23:04.026+0000][1][safepoint    ] Total time for which application threads were stopped: 0.0000802 seconds, Stopping threads took: 0.0000169 seconds
[2019-01-25T14:23:04.028+0000][1][safepoint    ] Application time: 0.0018952 seconds
[2019-01-25T14:23:04.029+0000][1][safepoint    ] Total time for which application threads were stopped: 0.0011399 seconds, Stopping threads took: 0.0010753 seconds
[2019-01-25T14:23:05.031+0000][1][safepoint    ] Application time: 1.0016990 seconds
[2019-01-25T14:23:05.031+0000][1][safepoint    ] Total time for which application threads were stopped: 0.0000740 seconds, Stopping threads took: 0.0000153 seconds
[2019-01-25T14:23:06.031+0000][1][safepoint    ] Application time: 1.0003043 seconds
[2019-01-25T14:23:06.031+0000][1][safepoint    ] Total time for which application threads were stopped: 0.0002099 seconds, Stopping threads took: 0.0000439 seconds
[2019-01-25T14:23:06.540+0000][1][safepoint    ] Application time: 0.5086412 seconds
[2019-01-25T14:23:06.540+0000][1][safepoint    ] Total time for which application threads were stopped: 0.0000671 seconds, Stopping threads took: 0.0000085 seconds
[2019-01-25T14:23:06.543+0000][1][safepoint    ] Application time: 0.0024470 seconds
[2019-01-25T14:23:06.543+0000][1][safepoint    ] Total time for which application threads were stopped: 0.0000631 seconds, Stopping threads took: 0.0000082 seconds
[2019-01-25T14:23:07.543+0000][1][safepoint    ] Application time: 1.0002643 seconds
[2019-01-25T14:23:07.543+0000][1][safepoint    ] Total time for which application threads were stopped: 0.0001804 seconds, Stopping threads took: 0.0000370 seconds
[2019-01-25T14:23:08.544+0000][1][safepoint    ] Application time: 1.0002539 seconds
[2019-01-25T14:23:08.544+0000][1][safepoint    ] Total time for which application threads were stopped: 0.0000526 seconds, Stopping threads took: 0.0000112 seconds
[2019-01-25T14:23:09.053+0000][1][safepoint    ] Application time: 0.5090728 seconds
[2019-01-25T14:23:09.053+0000][1][safepoint    ] Total time for which application threads were stopped: 0.0000683 seconds, Stopping threads took: 0.0000098 seconds
[2019-01-25T14:23:09.056+0000][1][safepoint    ] Application time: 0.0031507 seconds
[2019-01-25T14:23:09.056+0000][1][safepoint    ] Total time for which application threads were stopped: 0.0001189 seconds, Stopping threads took: 0.0000300 seconds
[2019-01-25T14:23:10.056+0000][1][safepoint    ] Application time: 1.0001900 seconds
[2019-01-25T14:23:10.057+0000][1][safepoint    ] Total time for which application threads were stopped: 0.0001115 seconds, Stopping threads took: 0.0000252 seconds
[2019-01-25T14:23:11.057+0000][1][safepoint    ] Application time: 1.0001483 seconds
[2019-01-25T14:23:11.057+0000][1][safepoint    ] Total time for which application threads were stopped: 0.0000725 seconds, Stopping threads took: 0.0000171 seconds
[2019-01-25T14:23:11.565+0000][1][safepoint    ] Application time: 0.5079155 seconds
[2019-01-25T14:23:11.565+0000][1][safepoint    ] Total time for which application threads were stopped: 0.0001084 seconds, Stopping threads took: 0.0000124 seconds
[2019-01-25T14:23:11.567+0000][1][safepoint    ] Application time: 0.0021399 seconds
[2019-01-25T14:23:11.567+0000][1][safepoint    ] Total time for which application threads were stopped: 0.0000695 seconds, Stopping threads took: 0.0000147 seconds
[2019-01-25T14:23:12.567+0000][1][safepoint    ] Application time: 1.0001322 seconds
[2019-01-25T14:23:12.568+0000][1][safepoint    ] Total time for which application threads were stopped: 0.0000468 seconds, Stopping threads took: 0.0000104 seconds
[2019-01-25T14:23:13.568+0000][1][safepoint    ] Application time: 1.0002399 seconds
[2019-01-25T14:23:13.568+0000][1][safepoint    ] Total time for which application threads were stopped: 0.0001127 seconds, Stopping threads took: 0.0000245 seconds
[2019-01-25T14:23:14.077+0000][1][safepoint    ] Application time: 0.5085454 seconds
[2019-01-25T14:23:14.077+0000][1][safepoint    ] Total time for which application threads were stopped: 0.0001023 seconds, Stopping threads took: 0.0000130 seconds
[2019-01-25T14:23:14.081+0000][1][safepoint    ] Application time: 0.0037396 seconds
[2019-01-25T14:23:14.081+0000][1][safepoint    ] Total time for which application threads were stopped: 0.0001210 seconds, Stopping threads took: 0.0000308 seconds
[2019-01-25T14:23:15.081+0000][1][safepoint    ] Application time: 1.0001638 seconds
[2019-01-25T14:23:15.081+0000][1][safepoint    ] Total time for which application threads were stopped: 0.0000478 seconds, Stopping threads took: 0.0000113 seconds
[2019-01-25T14:23:16.081+0000][1][safepoint    ] Application time: 1.0001161 seconds
[2019-01-25T14:23:16.081+0000][1][safepoint    ] Total time for which application threads were stopped: 0.0000469 seconds, Stopping threads took: 0.0000104 seconds
[2019-01-25T14:23:16.593+0000][1][safepoint    ] Application time: 0.5120436 seconds
[2019-01-25T14:23:16.593+0000][1][safepoint    ] Total time for which application threads were stopped: 0.0001150 seconds, Stopping threads took: 0.0000135 seconds
[2019-01-25T14:23:16.595+0000][1][safepoint    ] Application time: 0.0013833 seconds
[2019-01-25T14:23:16.595+0000][1][safepoint    ] Total time for which application threads were stopped: 0.0003293 seconds, Stopping threads took: 0.0000130 seconds
[2019-01-25T14:23:17.595+0000][1][safepoint    ] Application time: 1.0002056 seconds
[2019-01-25T14:23:17.596+0000][1][safepoint    ] Total time for which application threads were stopped: 0.0000580 seconds, Stopping threads took: 0.0000146 seconds
[2019-01-25T14:23:18.596+0000][1][safepoint    ] Application time: 1.0001433 seconds
[2019-01-25T14:23:18.596+0000][1][safepoint    ] Total time for which application threads were stopped: 0.0000675 seconds, Stopping threads took: 0.0000135 seconds
[2019-01-25T14:23:19.112+0000][1][safepoint    ] Application time: 0.5158964 seconds
[2019-01-25T14:23:19.112+0000][1][safepoint    ] Total time for which application threads were stopped: 0.0000842 seconds, Stopping threads took: 0.0000114 seconds
[2019-01-25T14:23:19.122+0000][1][safepoint    ] Application time: 0.0103743 seconds
[2019-01-25T14:23:19.123+0000][1][safepoint    ] Total time for which application threads were stopped: 0.0003373 seconds, Stopping threads took: 0.0000791 seconds
[2019-01-25T14:23:20.123+0000][1][safepoint    ] Application time: 1.0003817 seconds
[2019-01-25T14:23:20.123+0000][1][safepoint    ] Total time for which application threads were stopped: 0.0001583 seconds, Stopping threads took: 0.0000323 seconds
[2019-01-25T14:23:21.124+0000][1][safepoint    ] Application time: 1.0001450 seconds
[2019-01-25T14:23:21.124+0000][1][safepoint    ] Total time for which application threads were stopped: 0.0000664 seconds, Stopping threads took: 0.0000139 seconds
[2019-01-25T14:23:21.641+0000][1][safepoint    ] Application time: 0.5171384 seconds
[2019-01-25T14:23:21.641+0000][1][safepoint    ] Total time for which application threads were stopped: 0.0004142 seconds, Stopping threads took: 0.0000462 seconds
[2019-01-25T14:23:21.647+0000][1][safepoint    ] Application time: 0.0056320 seconds
[2019-01-25T14:23:21.647+0000][1][safepoint    ] Total time for which application threads were stopped: 0.0001872 seconds, Stopping threads took: 0.0000563 seconds
[2019-01-25T14:23:22.648+0000][1][safepoint    ] Application time: 1.0001753 seconds
[2019-01-25T14:23:22.648+0000][1][safepoint    ] Total time for which application threads were stopped: 0.0000770 seconds, Stopping threads took: 0.0000155 seconds
[2019-01-25T14:23:23.648+0000][1][safepoint    ] Application time: 1.0001305 seconds
[2019-01-25T14:23:23.648+0000][1][safepoint    ] Total time for which application threads were stopped: 0.0000473 seconds, Stopping threads took: 0.0000105 seconds
[2019-01-25T14:23:24.157+0000][1][safepoint    ] Application time: 0.5088714 seconds
[2019-01-25T14:23:24.157+0000][1][safepoint    ] Total time for which application threads were stopped: 0.0000985 seconds, Stopping threads took: 0.0000143 seconds
[2019-01-25T14:23:24.159+0000][1][safepoint    ] Application time: 0.0023856 seconds
[2019-01-25T14:23:24.160+0000][1][safepoint    ] Total time for which application threads were stopped: 0.0000675 seconds, Stopping threads took: 0.0000087 seconds
[2019-01-25T14:23:25.160+0000][1][safepoint    ] Application time: 1.0001145 seconds
[2019-01-25T14:23:25.160+0000][1][safepoint    ] Total time for which application threads were stopped: 0.0000663 seconds, Stopping threads took: 0.0000297 seconds
[2019-01-25T14:23:25.966+0000][1][safepoint    ] Application time: 0.8063510 seconds
[2019-01-25T14:23:25.969+0000][1][safepoint    ] Total time for which application threads were stopped: 0.0031774 seconds, Stopping threads took: 0.0016515 seconds
[2019-01-25T14:23:26.677+0000][1][safepoint    ] Application time: 0.7075537 seconds
[2019-01-25T14:23:26.677+0000][1][safepoint    ] Total time for which application threads were stopped: 0.0000786 seconds, Stopping threads took: 0.0000106 seconds
[2019-01-25T14:23:26.680+0000][1][safepoint    ] Application time: 0.0030019 seconds
[2019-01-25T14:23:26.680+0000][1][safepoint    ] Total time for which application threads were stopped: 0.0000904 seconds, Stopping threads took: 0.0000217 seconds
[2019-01-25T14:23:27.681+0000][1][safepoint    ] Application time: 1.0003839 seconds
[2019-01-25T14:23:27.681+0000][1][safepoint    ] Total time for which application threads were stopped: 0.0000532 seconds, Stopping threads took: 0.0000109 seconds
[2019-01-25T14:23:28.681+0000][1][safepoint    ] Application time: 1.0001404 seconds
[2019-01-25T14:23:28.681+0000][1][safepoint    ] Total time for which application threads were stopped: 0.0000788 seconds, Stopping threads took: 0.0000167 seconds
[2019-01-25T14:23:29.186+0000][1][safepoint    ] Application time: 0.5045165 seconds
[2019-01-25T14:23:29.186+0000][1][safepoint    ] Total time for which application threads were stopped: 0.0000785 seconds, Stopping threads took: 0.0000192 seconds
[2019-01-25T14:23:29.189+0000][1][safepoint    ] Application time: 0.0028645 seconds
[2019-01-25T14:23:29.190+0000][1][safepoint    ] Total time for which application threads were stopped: 0.0017872 seconds, Stopping threads took: 0.0017128 seconds
[2019-01-25T14:23:30.193+0000][1][safepoint    ] Application time: 1.0027508 seconds
[2019-01-25T14:23:30.193+0000][1][safepoint    ] Total time for which application threads were stopped: 0.0000675 seconds, Stopping threads took: 0.0000139 seconds
[2019-01-25T14:23:31.193+0000][1][safepoint    ] Application time: 1.0001090 seconds
[2019-01-25T14:23:31.194+0000][1][safepoint    ] Total time for which application threads were stopped: 0.0000970 seconds, Stopping threads took: 0.0000157 seconds
[2019-01-25T14:23:31.711+0000][1][safepoint    ] Application time: 0.5177756 seconds
[2019-01-25T14:23:31.712+0000][1][safepoint    ] Total time for which application threads were stopped: 0.0001007 seconds, Stopping threads took: 0.0000242 seconds
[2019-01-25T14:23:31.714+0000][1][safepoint    ] Application time: 0.0028526 seconds
[2019-01-25T14:23:31.715+0000][1][safepoint    ] Total time for which application threads were stopped: 0.0001025 seconds, Stopping threads took: 0.0000248 seconds
[2019-01-25T14:23:32.715+0000][1][safepoint    ] Application time: 1.0001964 seconds
[2019-01-25T14:23:32.715+0000][1][safepoint    ] Total time for which application threads were stopped: 0.0000492 seconds, Stopping threads took: 0.0000111 seconds
[2019-01-25T14:23:33.715+0000][1][safepoint    ] Application time: 1.0001200 seconds
[2019-01-25T14:23:33.715+0000][1][safepoint    ] Total time for which application threads were stopped: 0.0000728 seconds, Stopping threads took: 0.0000173 seconds
[2019-01-25T14:23:34.239+0000][1][safepoint    ] Application time: 0.5233938 seconds
[2019-01-25T14:23:34.240+0000][1][safepoint    ] Total time for which application threads were stopped: 0.0011340 seconds, Stopping threads took: 0.0000255 seconds
[2019-01-25T14:23:34.253+0000][1][safepoint    ] Application time: 0.0136844 seconds
[2019-01-25T14:23:34.254+0000][1][safepoint    ] Total time for which application threads were stopped: 0.0001050 seconds, Stopping threads took: 0.0000257 seconds
[2019-01-25T14:23:35.254+0000][1][safepoint    ] Application time: 1.0001909 seconds
[2019-01-25T14:23:35.254+0000][1][safepoint    ] Total time for which application threads were stopped: 0.0000764 seconds, Stopping threads took: 0.0000153 seconds
[2019-01-25T14:23:36.254+0000][1][safepoint    ] Application time: 1.0001480 seconds
[2019-01-25T14:23:36.254+0000][1][safepoint    ] Total time for which application threads were stopped: 0.0000490 seconds, Stopping threads took: 0.0000116 seconds
[2019-01-25T14:23:36.773+0000][1][safepoint    ] Application time: 0.5187189 seconds
[2019-01-25T14:23:36.774+0000][1][safepoint    ] Total time for which application threads were stopped: 0.0015959 seconds, Stopping threads took: 0.0000222 seconds
[2019-01-25T14:23:36.777+0000][1][safepoint    ] Application time: 0.0021253 seconds
[2019-01-25T14:23:36.777+0000][1][safepoint    ] Total time for which application threads were stopped: 0.0001049 seconds, Stopping threads took: 0.0000234 seconds
[2019-01-25T14:23:37.777+0000][1][safepoint    ] Application time: 1.0001807 seconds
[2019-01-25T14:23:37.777+0000][1][safepoint    ] Total time for which application threads were stopped: 0.0000490 seconds, Stopping threads took: 0.0000114 seconds
[2019-01-25T14:23:38.778+0000][1][safepoint    ] Application time: 1.0005849 seconds
[2019-01-25T14:23:38.778+0000][1][safepoint    ] Total time for which application threads were stopped: 0.0000705 seconds, Stopping threads took: 0.0000149 seconds
[2019-01-25T14:23:39.298+0000][1][safepoint    ] Application time: 0.5201518 seconds
[2019-01-25T14:23:39.298+0000][1][safepoint    ] Total time for which application threads were stopped: 0.0001529 seconds, Stopping threads took: 0.0000629 seconds
[2019-01-25T14:23:39.301+0000][1][safepoint    ] Application time: 0.0025939 seconds
[2019-01-25T14:23:39.301+0000][1][safepoint    ] Total time for which application threads were stopped: 0.0001093 seconds, Stopping threads took: 0.0000317 seconds
[2019-01-25T14:23:40.302+0000][1][safepoint    ] Application time: 1.0014695 seconds
[2019-01-25T14:23:40.303+0000][1][safepoint    ] Total time for which application threads were stopped: 0.0000875 seconds, Stopping threads took: 0.0000147 seconds
[2019-01-25T14:23:41.303+0000][1][safepoint    ] Application time: 1.0001489 seconds
[2019-01-25T14:23:41.303+0000][1][safepoint    ] Total time for which application threads were stopped: 0.0000824 seconds, Stopping threads took: 0.0000142 seconds
[2019-01-25T14:23:41.815+0000][1][safepoint    ] Application time: 0.5124187 seconds
[2019-01-25T14:23:41.815+0000][1][safepoint    ] Total time for which application threads were stopped: 0.0000719 seconds, Stopping threads took: 0.0000089 seconds
[2019-01-25T14:23:41.818+0000][1][safepoint    ] Application time: 0.0022064 seconds
[2019-01-25T14:23:41.818+0000][1][safepoint    ] Total time for which application threads were stopped: 0.0000661 seconds, Stopping threads took: 0.0000081 seconds
[2019-01-25T14:23:42.818+0000][1][safepoint    ] Application time: 1.0001499 seconds
[2019-01-25T14:23:42.818+0000][1][safepoint    ] Total time for which application threads were stopped: 0.0000512 seconds, Stopping threads took: 0.0000119 seconds
[2019-01-25T14:23:43.818+0000][1][safepoint    ] Application time: 1.0001526 seconds
[2019-01-25T14:23:43.818+0000][1][safepoint    ] Total time for which application threads were stopped: 0.0000963 seconds, Stopping threads took: 0.0000288 seconds
[2019-01-25T14:23:44.325+0000][1][safepoint    ] Application time: 0.5060667 seconds
[2019-01-25T14:23:44.325+0000][1][safepoint    ] Total time for which application threads were stopped: 0.0000877 seconds, Stopping threads took: 0.0000121 seconds
[2019-01-25T14:23:44.327+0000][1][safepoint    ] Application time: 0.0026944 seconds
[2019-01-25T14:23:44.327+0000][1][safepoint    ] Total time for which application threads were stopped: 0.0000859 seconds, Stopping threads took: 0.0000112 seconds
[2019-01-25T14:23:45.328+0000][1][safepoint    ] Application time: 1.0001411 seconds
[2019-01-25T14:23:45.328+0000][1][safepoint    ] Total time for which application threads were stopped: 0.0000676 seconds, Stopping threads took: 0.0000144 seconds
[2019-01-25T14:23:46.328+0000][1][safepoint    ] Application time: 1.0001188 seconds
[2019-01-25T14:23:46.328+0000][1][safepoint    ] Total time for which application threads were stopped: 0.0000496 seconds, Stopping threads took: 0.0000116 seconds
[2019-01-25T14:23:46.837+0000][1][safepoint    ] Application time: 0.5089714 seconds
[2019-01-25T14:23:46.837+0000][1][safepoint    ] Total time for which application threads were stopped: 0.0000709 seconds, Stopping threads took: 0.0000104 seconds
[2019-01-25T14:23:46.839+0000][1][safepoint    ] Application time: 0.0015066 seconds
[2019-01-25T14:23:46.839+0000][1][safepoint    ] Total time for which application threads were stopped: 0.0000774 seconds, Stopping threads took: 0.0000188 seconds
[2019-01-25T14:23:47.839+0000][1][safepoint    ] Application time: 1.0001600 seconds
[2019-01-25T14:23:47.839+0000][1][safepoint    ] Total time for which application threads were stopped: 0.0000743 seconds, Stopping threads took: 0.0000149 seconds
[2019-01-25T14:23:48.839+0000][1][safepoint    ] Application time: 1.0002996 seconds
[2019-01-25T14:23:48.840+0000][1][safepoint    ] Total time for which application threads were stopped: 0.0001460 seconds, Stopping threads took: 0.0000327 seconds
[2019-01-25T14:23:49.352+0000][1][safepoint    ] Application time: 0.5127862 seconds
[2019-01-25T14:23:49.353+0000][1][safepoint    ] Total time for which application threads were stopped: 0.0001006 seconds, Stopping threads took: 0.0000233 seconds
[2019-01-25T14:23:49.355+0000][1][safepoint    ] Application time: 0.0020681 seconds
[2019-01-25T14:23:49.355+0000][1][safepoint    ] Total time for which application threads were stopped: 0.0000974 seconds, Stopping threads took: 0.0000222 seconds
[2019-01-25T14:23:50.357+0000][1][safepoint    ] Application time: 1.0021379 seconds
[2019-01-25T14:23:50.357+0000][1][safepoint    ] Total time for which application threads were stopped: 0.0000887 seconds, Stopping threads took: 0.0000217 seconds
[2019-01-25T14:23:51.357+0000][1][safepoint    ] Application time: 1.0001379 seconds
[2019-01-25T14:23:51.357+0000][1][safepoint    ] Total time for which application threads were stopped: 0.0000657 seconds, Stopping threads took: 0.0000140 seconds
[2019-01-25T14:23:51.876+0000][1][safepoint    ] Application time: 0.5189106 seconds
[2019-01-25T14:23:51.877+0000][1][safepoint    ] Total time for which application threads were stopped: 0.0002079 seconds, Stopping threads took: 0.0000311 seconds
[2019-01-25T14:23:51.887+0000][1][safepoint    ] Application time: 0.0103065 seconds
[2019-01-25T14:23:51.887+0000][1][safepoint    ] Total time for which application threads were stopped: 0.0004309 seconds, Stopping threads took: 0.0000633 seconds
[2019-01-25T14:23:52.888+0000][1][safepoint    ] Application time: 1.0002330 seconds
[2019-01-25T14:23:52.888+0000][1][safepoint    ] Total time for which application threads were stopped: 0.0000546 seconds, Stopping threads took: 0.0000143 seconds
[2019-01-25T14:23:53.888+0000][1][safepoint    ] Application time: 1.0001053 seconds
[2019-01-25T14:23:53.888+0000][1][safepoint    ] Total time for which application threads were stopped: 0.0000495 seconds, Stopping threads took: 0.0000108 seconds
[2019-01-25T14:23:54.401+0000][1][safepoint    ] Application time: 0.5126589 seconds
[2019-01-25T14:23:54.401+0000][1][safepoint    ] Total time for which application threads were stopped: 0.0000940 seconds, Stopping threads took: 0.0000134 seconds
[2019-01-25T14:23:54.410+0000][1][safepoint    ] Application time: 0.0091207 seconds
[2019-01-25T14:23:54.410+0000][1][safepoint    ] Total time for which application threads were stopped: 0.0000965 seconds, Stopping threads took: 0.0000137 seconds
[2019-01-25T14:23:55.410+0000][1][safepoint    ] Application time: 1.0001863 seconds
[2019-01-25T14:23:55.411+0000][1][safepoint    ] Total time for which application threads were stopped: 0.0001704 seconds, Stopping threads took: 0.0001085 seconds
[2019-01-25T14:23:56.411+0000][1][safepoint    ] Application time: 1.0001162 seconds
[2019-01-25T14:23:56.411+0000][1][safepoint    ] Total time for which application threads were stopped: 0.0000850 seconds, Stopping threads took: 0.0000145 seconds
[2019-01-25T14:23:56.919+0000][1][safepoint    ] Application time: 0.5086070 seconds
[2019-01-25T14:23:56.920+0000][1][safepoint    ] Total time for which application threads were stopped: 0.0000768 seconds, Stopping threads took: 0.0000104 seconds
[2019-01-25T14:23:56.923+0000][1][safepoint    ] Application time: 0.0032821 seconds
[2019-01-25T14:23:56.923+0000][1][safepoint    ] Total time for which application threads were stopped: 0.0000750 seconds, Stopping threads took: 0.0000116 seconds
[2019-01-25T14:23:57.923+0000][1][safepoint    ] Application time: 1.0001990 seconds
[2019-01-25T14:23:57.923+0000][1][safepoint    ] Total time for which application threads were stopped: 0.0000493 seconds, Stopping threads took: 0.0000115 seconds
[2019-01-25T14:23:58.924+0000][1][safepoint    ] Application time: 1.0004429 seconds
[2019-01-25T14:23:58.924+0000][1][safepoint    ] Total time for which application threads were stopped: 0.0000552 seconds, Stopping threads took: 0.0000124 seconds
[2019-01-25T14:23:59.429+0000][1][safepoint    ] Application time: 0.5053297 seconds
[2019-01-25T14:23:59.429+0000][1][safepoint    ] Total time for which application threads were stopped: 0.0000945 seconds, Stopping threads took: 0.0000119 seconds
[2019-01-25T14:23:59.431+0000][1][safepoint    ] Application time: 0.0020680 seconds
[2019-01-25T14:23:59.432+0000][1][safepoint    ] Total time for which application threads were stopped: 0.0000999 seconds, Stopping threads took: 0.0000240 seconds
[2019-01-25T14:24:00.432+0000][1][safepoint    ] Application time: 1.0001410 seconds
[2019-01-25T14:24:00.432+0000][1][safepoint    ] Total time for which application threads were stopped: 0.0000695 seconds, Stopping threads took: 0.0000147 seconds
[2019-01-25T14:24:01.432+0000][1][safepoint    ] Application time: 1.0001064 seconds
[2019-01-25T14:24:01.432+0000][1][safepoint    ] Total time for which application threads were stopped: 0.0000498 seconds, Stopping threads took: 0.0000115 seconds
[2019-01-25T14:24:01.962+0000][1][safepoint    ] Application time: 0.5299413 seconds
[2019-01-25T14:24:01.965+0000][1][safepoint    ] Total time for which application threads were stopped: 0.0001560 seconds, Stopping threads took: 0.0000508 seconds
[2019-01-25T14:24:01.969+0000][1][safepoint    ] Application time: 0.0032280 seconds
[2019-01-25T14:24:01.969+0000][1][safepoint    ] Total time for which application threads were stopped: 0.0001107 seconds, Stopping threads took: 0.0000269 seconds
[2019-01-25T14:24:02.969+0000][1][safepoint    ] Application time: 1.0001734 seconds
[2019-01-25T14:24:02.969+0000][1][safepoint    ] Total time for which application threads were stopped: 0.0000495 seconds, Stopping threads took: 0.0000110 seconds
[2019-01-25T14:24:03.969+0000][1][safepoint    ] Application time: 1.0001275 seconds
[2019-01-25T14:24:03.969+0000][1][safepoint    ] Total time for which application threads were stopped: 0.0000649 seconds, Stopping threads took: 0.0000116 seconds
[2019-01-25T14:24:04.479+0000][1][safepoint    ] Application time: 0.5093828 seconds
[2019-01-25T14:24:04.479+0000][1][safepoint    ] Total time for which application threads were stopped: 0.0000756 seconds, Stopping threads took: 0.0000188 seconds
[2019-01-25T14:24:04.481+0000][1][safepoint    ] Application time: 0.0022811 seconds
[2019-01-25T14:24:04.481+0000][1][safepoint    ] Total time for which application threads were stopped: 0.0002320 seconds, Stopping threads took: 0.0000166 seconds
[2019-01-25T14:24:05.482+0000][1][safepoint    ] Application time: 1.0003895 seconds
[2019-01-25T14:24:05.482+0000][1][safepoint    ] Total time for which application threads were stopped: 0.0000588 seconds, Stopping threads took: 0.0000165 seconds
[2019-01-25T14:24:06.482+0000][1][safepoint    ] Application time: 1.0001276 seconds
[2019-01-25T14:24:06.482+0000][1][safepoint    ] Total time for which application threads were stopped: 0.0000780 seconds, Stopping threads took: 0.0000149 seconds
[2019-01-25T14:24:07.002+0000][1][safepoint    ] Application time: 0.5195130 seconds
[2019-01-25T14:24:07.002+0000][1][safepoint    ] Total time for which application threads were stopped: 0.0001742 seconds, Stopping threads took: 0.0000872 seconds
[2019-01-25T14:24:07.015+0000][1][safepoint    ] Application time: 0.0128330 seconds
[2019-01-25T14:24:07.021+0000][1][safepoint    ] Total time for which application threads were stopped: 0.0062816 seconds, Stopping threads took: 0.0061325 seconds
[2019-01-25T14:24:08.022+0000][1][safepoint    ] Application time: 1.0009176 seconds
[2019-01-25T14:24:08.022+0000][1][safepoint    ] Total time for which application threads were stopped: 0.0000589 seconds, Stopping threads took: 0.0000111 seconds
[2019-01-25T14:24:09.022+0000][1][safepoint    ] Application time: 1.0001114 seconds
[2019-01-25T14:24:09.022+0000][1][safepoint    ] Total time for which application threads were stopped: 0.0000620 seconds, Stopping threads took: 0.0000114 seconds
[2019-01-25T14:24:09.536+0000][1][safepoint    ] Application time: 0.5139103 seconds
[2019-01-25T14:24:09.536+0000][1][safepoint    ] Total time for which application threads were stopped: 0.0001717 seconds, Stopping threads took: 0.0000166 seconds
[2019-01-25T14:24:09.543+0000][1][safepoint    ] Application time: 0.0066714 seconds
[2019-01-25T14:24:09.544+0000][1][safepoint    ] Total time for which application threads were stopped: 0.0002934 seconds, Stopping threads took: 0.0001501 seconds
[2019-01-25T14:24:10.544+0000][1][safepoint    ] Application time: 1.0002014 seconds
[2019-01-25T14:24:10.544+0000][1][safepoint    ] Total time for which application threads were stopped: 0.0000817 seconds, Stopping threads took: 0.0000142 seconds
[2019-01-25T14:24:11.544+0000][1][safepoint    ] Application time: 1.0001433 seconds
[2019-01-25T14:24:11.544+0000][1][safepoint    ] Total time for which application threads were stopped: 0.0000682 seconds, Stopping threads took: 0.0000165 seconds
[2019-01-25T14:24:12.065+0000][1][safepoint    ] Application time: 0.5208897 seconds
[2019-01-25T14:24:12.065+0000][1][safepoint    ] Total time for which application threads were stopped: 0.0001054 seconds, Stopping threads took: 0.0000240 seconds
[2019-01-25T14:24:12.070+0000][1][safepoint    ] Application time: 0.0044096 seconds
[2019-01-25T14:24:12.070+0000][1][safepoint    ] Total time for which application threads were stopped: 0.0001041 seconds, Stopping threads took: 0.0000243 seconds
[2019-01-25T14:24:13.070+0000][1][safepoint    ] Application time: 1.0001695 seconds
[2019-01-25T14:24:13.070+0000][1][safepoint    ] Total time for which application threads were stopped: 0.0000535 seconds, Stopping threads took: 0.0000100 seconds
[2019-01-25T14:24:14.071+0000][1][safepoint    ] Application time: 1.0003311 seconds
[2019-01-25T14:24:14.071+0000][1][safepoint    ] Total time for which application threads were stopped: 0.0000552 seconds, Stopping threads took: 0.0000118 seconds
[2019-01-25T14:24:14.586+0000][1][safepoint    ] Application time: 0.5158438 seconds
[2019-01-25T14:24:14.587+0000][1][safepoint    ] Total time for which application threads were stopped: 0.0002060 seconds, Stopping threads took: 0.0000500 seconds
[2019-01-25T14:24:14.593+0000][1][safepoint    ] Application time: 0.0060496 seconds
[2019-01-25T14:24:14.593+0000][1][safepoint    ] Total time for which application threads were stopped: 0.0001999 seconds, Stopping threads took: 0.0000502 seconds
[2019-01-25T14:24:15.593+0000][1][safepoint    ] Application time: 1.0002103 seconds
[2019-01-25T14:24:15.593+0000][1][safepoint    ] Total time for which application threads were stopped: 0.0000502 seconds, Stopping threads took: 0.0000114 seconds
[2019-01-25T14:24:16.594+0000][1][safepoint    ] Application time: 1.0002799 seconds
[2019-01-25T14:24:16.594+0000][1][safepoint    ] Total time for which application threads were stopped: 0.0000984 seconds, Stopping threads took: 0.0000183 seconds
[2019-01-25T14:24:17.103+0000][1][safepoint    ] Application time: 0.5093502 seconds
[2019-01-25T14:24:17.103+0000][1][safepoint    ] Total time for which application threads were stopped: 0.0001948 seconds, Stopping threads took: 0.0000245 seconds
[2019-01-25T14:24:17.106+0000][1][safepoint    ] Application time: 0.0026978 seconds
[2019-01-25T14:24:17.106+0000][1][safepoint    ] Total time for which application threads were stopped: 0.0000865 seconds, Stopping threads took: 0.0000160 seconds
[2019-01-25T14:24:18.107+0000][1][safepoint    ] Application time: 1.0002894 seconds
[2019-01-25T14:24:18.107+0000][1][safepoint    ] Total time for which application threads were stopped: 0.0001708 seconds, Stopping threads took: 0.0000721 seconds
[2019-01-25T14:24:19.107+0000][1][safepoint    ] Application time: 1.0001333 seconds
[2019-01-25T14:24:19.107+0000][1][safepoint    ] Total time for which application threads were stopped: 0.0000500 seconds, Stopping threads took: 0.0000121 seconds
[2019-01-25T14:24:19.615+0000][1][safepoint    ] Application time: 0.5079629 seconds
[2019-01-25T14:24:19.616+0000][1][safepoint    ] Total time for which application threads were stopped: 0.0000887 seconds, Stopping threads took: 0.0000113 seconds
[2019-01-25T14:24:19.618+0000][1][safepoint    ] Application time: 0.0024717 seconds
[2019-01-25T14:24:19.618+0000][1][safepoint    ] Total time for which application threads were stopped: 0.0000963 seconds, Stopping threads took: 0.0000220 seconds
[2019-01-25T14:24:20.618+0000][1][safepoint    ] Application time: 1.0001522 seconds
[2019-01-25T14:24:20.618+0000][1][safepoint    ] Total time for which application threads were stopped: 0.0000562 seconds, Stopping threads took: 0.0000125 seconds
[2019-01-25T14:24:21.619+0000][1][safepoint    ] Application time: 1.0001420 seconds
[2019-01-25T14:24:21.619+0000][1][safepoint    ] Total time for which application threads were stopped: 0.0000651 seconds, Stopping threads took: 0.0000269 seconds
[2019-01-25T14:24:22.126+0000][1][safepoint    ] Application time: 0.5073874 seconds
[2019-01-25T14:24:22.126+0000][1][safepoint    ] Total time for which application threads were stopped: 0.0000977 seconds, Stopping threads took: 0.0000209 seconds
[2019-01-25T14:24:22.129+0000][1][safepoint    ] Application time: 0.0025444 seconds
[2019-01-25T14:24:22.129+0000][1][safepoint    ] Total time for which application threads were stopped: 0.0002415 seconds, Stopping threads took: 0.0001242 seconds
[2019-01-25T14:24:23.129+0000][1][safepoint    ] Application time: 1.0001510 seconds
[2019-01-25T14:24:23.129+0000][1][safepoint    ] Total time for which application threads were stopped: 0.0000495 seconds, Stopping threads took: 0.0000111 seconds
[2019-01-25T14:24:24.129+0000][1][safepoint    ] Application time: 1.0001284 seconds
[2019-01-25T14:24:24.130+0000][1][safepoint    ] Total time for which application threads were stopped: 0.0000654 seconds, Stopping threads took: 0.0000128 seconds
[2019-01-25T14:24:24.636+0000][1][safepoint    ] Application time: 0.5065469 seconds
[2019-01-25T14:24:24.636+0000][1][safepoint    ] Total time for which application threads were stopped: 0.0000677 seconds, Stopping threads took: 0.0000153 seconds
[2019-01-25T14:24:24.638+0000][1][safepoint    ] Application time: 0.0020580 seconds
[2019-01-25T14:24:24.638+0000][1][safepoint    ] Total time for which application threads were stopped: 0.0001309 seconds, Stopping threads took: 0.0000207 seconds
[2019-01-25T14:24:25.639+0000][1][safepoint    ] Application time: 1.0001376 seconds
[2019-01-25T14:24:25.639+0000][1][safepoint    ] Total time for which application threads were stopped: 0.0000815 seconds, Stopping threads took: 0.0000278 seconds
[2019-01-25T14:24:26.639+0000][1][safepoint    ] Application time: 1.0002278 seconds
[2019-01-25T14:24:26.640+0000][1][safepoint    ] Total time for which application threads were stopped: 0.0003124 seconds, Stopping threads took: 0.0001188 seconds
[2019-01-25T14:24:27.148+0000][1][safepoint    ] Application time: 0.5081588 seconds
[2019-01-25T14:24:27.148+0000][1][safepoint    ] Total time for which application threads were stopped: 0.0000746 seconds, Stopping threads took: 0.0000092 seconds
[2019-01-25T14:24:27.154+0000][1][safepoint    ] Application time: 0.0062457 seconds
[2019-01-25T14:24:27.155+0000][1][safepoint    ] Total time for which application threads were stopped: 0.0000835 seconds, Stopping threads took: 0.0000119 seconds
[2019-01-25T14:24:28.155+0000][1][safepoint    ] Application time: 1.0003711 seconds
[2019-01-25T14:24:28.155+0000][1][safepoint    ] Total time for which application threads were stopped: 0.0000556 seconds, Stopping threads took: 0.0000123 seconds
[2019-01-25T14:24:29.155+0000][1][safepoint    ] Application time: 1.0001188 seconds
[2019-01-25T14:24:29.155+0000][1][safepoint    ] Total time for which application threads were stopped: 0.0000607 seconds, Stopping threads took: 0.0000133 seconds
[2019-01-25T14:24:29.673+0000][1][safepoint    ] Application time: 0.5172832 seconds
[2019-01-25T14:24:29.673+0000][1][safepoint    ] Total time for which application threads were stopped: 0.0001684 seconds, Stopping threads took: 0.0000238 seconds
[2019-01-25T14:24:29.677+0000][1][safepoint    ] Application time: 0.0037126 seconds
[2019-01-25T14:24:29.677+0000][1][safepoint    ] Total time for which application threads were stopped: 0.0000958 seconds, Stopping threads took: 0.0000219 seconds
[2019-01-25T14:24:30.677+0000][1][safepoint    ] Application time: 1.0003282 seconds
[2019-01-25T14:24:30.677+0000][1][safepoint    ] Total time for which application threads were stopped: 0.0000495 seconds, Stopping threads took: 0.0000115 seconds
[2019-01-25T14:24:31.677+0000][1][safepoint    ] Application time: 1.0001221 seconds
[2019-01-25T14:24:31.677+0000][1][safepoint    ] Total time for which application threads were stopped: 0.0000677 seconds, Stopping threads took: 0.0000144 seconds
[2019-01-25T14:24:32.187+0000][1][safepoint    ] Application time: 0.5094813 seconds
[2019-01-25T14:24:32.187+0000][1][safepoint    ] Total time for which application threads were stopped: 0.0000886 seconds, Stopping threads took: 0.0000197 seconds
[2019-01-25T14:24:32.192+0000][1][safepoint    ] Application time: 0.0051485 seconds
[2019-01-25T14:24:32.192+0000][1][safepoint    ] Total time for which application threads were stopped: 0.0000873 seconds, Stopping threads took: 0.0000211 seconds
[2019-01-25T14:24:33.192+0000][1][safepoint    ] Application time: 1.0000710 seconds
[2019-01-25T14:24:33.193+0000][1][safepoint    ] Total time for which application threads were stopped: 0.0000544 seconds, Stopping threads took: 0.0000120 seconds
[2019-01-25T14:24:34.193+0000][1][safepoint    ] Application time: 1.0002445 seconds
[2019-01-25T14:24:34.193+0000][1][safepoint    ] Total time for which application threads were stopped: 0.0000551 seconds, Stopping threads took: 0.0000129 seconds
[2019-01-25T14:24:34.704+0000][1][safepoint    ] Application time: 0.5115648 seconds
[2019-01-25T14:24:34.705+0000][1][safepoint    ] Total time for which application threads were stopped: 0.0001312 seconds, Stopping threads took: 0.0000474 seconds
[2019-01-25T14:24:34.709+0000][1][safepoint    ] Application time: 0.0038817 seconds
[2019-01-25T14:24:34.709+0000][1][safepoint    ] Total time for which application threads were stopped: 0.0004463 seconds, Stopping threads took: 0.0001080 seconds
[2019-01-25T14:24:35.709+0000][1][safepoint    ] Application time: 1.0002491 seconds
[2019-01-25T14:24:35.709+0000][1][safepoint    ] Total time for which application threads were stopped: 0.0000792 seconds, Stopping threads took: 0.0000147 seconds
[2019-01-25T14:24:36.710+0000][1][safepoint    ] Application time: 1.0001634 seconds
[2019-01-25T14:24:36.710+0000][1][safepoint    ] Total time for which application threads were stopped: 0.0000548 seconds, Stopping threads took: 0.0000117 seconds
[2019-01-25T14:24:37.222+0000][1][safepoint    ] Application time: 0.5126076 seconds
[2019-01-25T14:24:37.222+0000][1][safepoint    ] Total time for which application threads were stopped: 0.0000939 seconds, Stopping threads took: 0.0000133 seconds
[2019-01-25T14:24:37.228+0000][1][safepoint    ] Application time: 0.0050804 seconds
[2019-01-25T14:24:37.228+0000][1][safepoint    ] Total time for which application threads were stopped: 0.0000734 seconds, Stopping threads took: 0.0000091 seconds
[2019-01-25T14:24:38.228+0000][1][safepoint    ] Application time: 1.0001300 seconds
[2019-01-25T14:24:38.228+0000][1][safepoint    ] Total time for which application threads were stopped: 0.0000493 seconds, Stopping threads took: 0.0000110 seconds
[2019-01-25T14:24:39.228+0000][1][safepoint    ] Application time: 1.0001464 seconds
[2019-01-25T14:24:39.228+0000][1][safepoint    ] Total time for which application threads were stopped: 0.0000691 seconds, Stopping threads took: 0.0000153 seconds
[2019-01-25T14:24:39.738+0000][1][safepoint    ] Application time: 0.5095740 seconds
[2019-01-25T14:24:39.738+0000][1][safepoint    ] Total time for which application threads were stopped: 0.0001163 seconds, Stopping threads took: 0.0000257 seconds
[2019-01-25T14:24:39.740+0000][1][safepoint    ] Application time: 0.0024655 seconds
[2019-01-25T14:24:39.741+0000][1][safepoint    ] Total time for which application threads were stopped: 0.0001178 seconds, Stopping threads took: 0.0000246 seconds
[2019-01-25T14:24:40.741+0000][1][safepoint    ] Application time: 1.0004497 seconds
[2019-01-25T14:24:40.741+0000][1][safepoint    ] Total time for which application threads were stopped: 0.0000693 seconds, Stopping threads took: 0.0000261 seconds
[2019-01-25T14:24:41.741+0000][1][safepoint    ] Application time: 1.0001572 seconds
[2019-01-25T14:24:41.741+0000][1][safepoint    ] Total time for which application threads were stopped: 0.0000495 seconds, Stopping threads took: 0.0000114 seconds
[2019-01-25T14:24:42.249+0000][1][safepoint    ] Application time: 0.5079793 seconds
[2019-01-25T14:24:42.250+0000][1][safepoint    ] Total time for which application threads were stopped: 0.0000956 seconds, Stopping threads took: 0.0000218 seconds
[2019-01-25T14:24:42.252+0000][1][safepoint    ] Application time: 0.0026488 seconds
[2019-01-25T14:24:42.252+0000][1][safepoint    ] Total time for which application threads were stopped: 0.0000961 seconds, Stopping threads took: 0.0000226 seconds
[2019-01-25T14:24:43.253+0000][1][safepoint    ] Application time: 1.0001935 seconds
[2019-01-25T14:24:43.253+0000][1][safepoint    ] Total time for which application threads were stopped: 0.0000849 seconds, Stopping threads took: 0.0000147 seconds
[2019-01-25T14:24:44.253+0000][1][safepoint    ] Application time: 1.0001078 seconds
[2019-01-25T14:24:44.253+0000][1][safepoint    ] Total time for which application threads were stopped: 0.0000797 seconds, Stopping threads took: 0.0000155 seconds
[2019-01-25T14:24:44.767+0000][1][safepoint    ] Application time: 0.5143433 seconds
[2019-01-25T14:24:44.768+0000][1][safepoint    ] Total time for which application threads were stopped: 0.0001488 seconds, Stopping threads took: 0.0000413 seconds
[2019-01-25T14:24:44.772+0000][1][safepoint    ] Application time: 0.0038669 seconds
[2019-01-25T14:24:44.772+0000][1][safepoint    ] Total time for which application threads were stopped: 0.0001389 seconds, Stopping threads took: 0.0000333 seconds
[2019-01-25T14:24:45.772+0000][1][safepoint    ] Application time: 1.0001936 seconds
[2019-01-25T14:24:45.772+0000][1][safepoint    ] Total time for which application threads were stopped: 0.0000983 seconds, Stopping threads took: 0.0000348 seconds
[2019-01-25T14:24:46.773+0000][1][safepoint    ] Application time: 1.0001502 seconds
[2019-01-25T14:24:46.773+0000][1][safepoint    ] Total time for which application threads were stopped: 0.0000753 seconds, Stopping threads took: 0.0000166 seconds
[2019-01-25T14:24:47.284+0000][1][safepoint    ] Application time: 0.5107988 seconds
[2019-01-25T14:24:47.284+0000][1][safepoint    ] Total time for which application threads were stopped: 0.0001132 seconds, Stopping threads took: 0.0000120 seconds
[2019-01-25T14:24:47.287+0000][1][safepoint    ] Application time: 0.0028337 seconds
[2019-01-25T14:24:47.287+0000][1][safepoint    ] Total time for which application threads were stopped: 0.0000931 seconds, Stopping threads took: 0.0000128 seconds
[2019-01-25T14:24:48.287+0000][1][safepoint    ] Application time: 1.0001335 seconds
[2019-01-25T14:24:48.288+0000][1][safepoint    ] Total time for which application threads were stopped: 0.0000844 seconds, Stopping threads took: 0.0000199 seconds
[2019-01-25T14:24:49.288+0000][1][safepoint    ] Application time: 1.0001964 seconds
[2019-01-25T14:24:49.288+0000][1][safepoint    ] Total time for which application threads were stopped: 0.0000778 seconds, Stopping threads took: 0.0000167 seconds
[2019-01-25T14:24:49.798+0000][1][safepoint    ] Application time: 0.5103387 seconds
[2019-01-25T14:24:49.798+0000][1][safepoint    ] Total time for which application threads were stopped: 0.0000664 seconds, Stopping threads took: 0.0000093 seconds
[2019-01-25T14:24:49.801+0000][1][safepoint    ] Application time: 0.0021863 seconds
[2019-01-25T14:24:49.801+0000][1][safepoint    ] Total time for which application threads were stopped: 0.0002138 seconds, Stopping threads took: 0.0000136 seconds
[2019-01-25T14:24:50.801+0000][1][safepoint    ] Application time: 1.0002370 seconds
[2019-01-25T14:24:50.801+0000][1][safepoint    ] Total time for which application threads were stopped: 0.0000723 seconds, Stopping threads took: 0.0000155 seconds
[2019-01-25T14:24:51.801+0000][1][safepoint    ] Application time: 1.0002283 seconds
[2019-01-25T14:24:51.802+0000][1][safepoint    ] Total time for which application threads were stopped: 0.0000847 seconds, Stopping threads took: 0.0000295 seconds
[2019-01-25T14:24:52.314+0000][1][safepoint    ] Application time: 0.5126915 seconds
[2019-01-25T14:24:52.314+0000][1][safepoint    ] Total time for which application threads were stopped: 0.0000946 seconds, Stopping threads took: 0.0000130 seconds
[2019-01-25T14:24:52.321+0000][1][safepoint    ] Application time: 0.0070005 seconds
[2019-01-25T14:24:52.322+0000][1][safepoint    ] Total time for which application threads were stopped: 0.0002335 seconds, Stopping threads took: 0.0000371 seconds
[2019-01-25T14:24:53.322+0000][1][safepoint    ] Application time: 1.0001404 seconds
[2019-01-25T14:24:53.322+0000][1][safepoint    ] Total time for which application threads were stopped: 0.0000665 seconds, Stopping threads took: 0.0000139 seconds
[2019-01-25T14:24:54.322+0000][1][safepoint    ] Application time: 1.0001583 seconds
[2019-01-25T14:24:54.322+0000][1][safepoint    ] Total time for which application threads were stopped: 0.0000764 seconds, Stopping threads took: 0.0000144 seconds
[2019-01-25T14:24:54.831+0000][1][safepoint    ] Application time: 0.5083740 seconds
[2019-01-25T14:24:54.831+0000][1][safepoint    ] Total time for which application threads were stopped: 0.0000729 seconds, Stopping threads took: 0.0000171 seconds
[2019-01-25T14:24:54.836+0000][1][safepoint    ] Application time: 0.0050571 seconds
[2019-01-25T14:24:54.836+0000][1][safepoint    ] Total time for which application threads were stopped: 0.0000636 seconds, Stopping threads took: 0.0000092 seconds
[2019-01-25T14:24:55.836+0000][1][safepoint    ] Application time: 1.0001974 seconds
[2019-01-25T14:24:55.836+0000][1][safepoint    ] Total time for which application threads were stopped: 0.0000687 seconds, Stopping threads took: 0.0000296 seconds
[2019-01-25T14:24:56.836+0000][1][safepoint    ] Application time: 1.0001854 seconds
[2019-01-25T14:24:56.837+0000][1][safepoint    ] Total time for which application threads were stopped: 0.0000547 seconds, Stopping threads took: 0.0000114 seconds
[2019-01-25T14:24:57.344+0000][1][safepoint    ] Application time: 0.5077718 seconds
[2019-01-25T14:24:57.344+0000][1][safepoint    ] Total time for which application threads were stopped: 0.0000896 seconds, Stopping threads took: 0.0000128 seconds
[2019-01-25T14:24:57.347+0000][1][safepoint    ] Application time: 0.0021836 seconds
[2019-01-25T14:24:57.347+0000][1][safepoint    ] Total time for which application threads were stopped: 0.0000888 seconds, Stopping threads took: 0.0000129 seconds
[2019-01-25T14:24:58.347+0000][1][safepoint    ] Application time: 1.0004951 seconds
[2019-01-25T14:24:58.348+0000][1][safepoint    ] Total time for which application threads were stopped: 0.0001073 seconds, Stopping threads took: 0.0000230 seconds
[2019-01-25T14:24:59.348+0000][1][safepoint    ] Application time: 1.0001348 seconds
[2019-01-25T14:24:59.348+0000][1][safepoint    ] Total time for which application threads were stopped: 0.0000660 seconds, Stopping threads took: 0.0000140 seconds
[2019-01-25T14:24:59.859+0000][1][safepoint    ] Application time: 0.5110066 seconds
[2019-01-25T14:24:59.859+0000][1][safepoint    ] Total time for which application threads were stopped: 0.0001074 seconds, Stopping threads took: 0.0000143 seconds
[2019-01-25T14:24:59.864+0000][1][safepoint    ] Application time: 0.0052192 seconds
[2019-01-25T14:24:59.864+0000][1][safepoint    ] Total time for which application threads were stopped: 0.0001113 seconds, Stopping threads took: 0.0000120 seconds
[2019-01-25T14:25:00.865+0000][1][safepoint    ] Application time: 1.0001602 seconds
[2019-01-25T14:25:00.865+0000][1][safepoint    ] Total time for which application threads were stopped: 0.0000533 seconds, Stopping threads took: 0.0000141 seconds
[2019-01-25T14:25:01.865+0000][1][safepoint    ] Application time: 1.0001207 seconds
[2019-01-25T14:25:01.865+0000][1][safepoint    ] Total time for which application threads were stopped: 0.0000474 seconds, Stopping threads took: 0.0000104 seconds
[2019-01-25T14:25:02.387+0000][1][safepoint    ] Application time: 0.5216620 seconds
[2019-01-25T14:25:02.387+0000][1][safepoint    ] Total time for which application threads were stopped: 0.0003280 seconds, Stopping threads took: 0.0000346 seconds
[2019-01-25T14:25:02.393+0000][1][safepoint    ] Application time: 0.0064645 seconds
[2019-01-25T14:25:02.394+0000][1][safepoint    ] Total time for which application threads were stopped: 0.0002281 seconds, Stopping threads took: 0.0000210 seconds
[2019-01-25T14:25:03.394+0000][1][safepoint    ] Application time: 1.0001583 seconds
[2019-01-25T14:25:03.394+0000][1][safepoint    ] Total time for which application threads were stopped: 0.0000755 seconds, Stopping threads took: 0.0000153 seconds
[2019-01-25T14:25:04.394+0000][1][safepoint    ] Application time: 1.0001306 seconds
[2019-01-25T14:25:04.394+0000][1][safepoint    ] Total time for which application threads were stopped: 0.0000489 seconds, Stopping threads took: 0.0000110 seconds
[2019-01-25T14:25:04.905+0000][1][safepoint    ] Application time: 0.5102140 seconds
[2019-01-25T14:25:04.905+0000][1][safepoint    ] Total time for which application threads were stopped: 0.0001200 seconds, Stopping threads took: 0.0000261 seconds
[2019-01-25T14:25:04.908+0000][1][safepoint    ] Application time: 0.0037259 seconds
[2019-01-25T14:25:04.909+0000][1][safepoint    ] Total time for which application threads were stopped: 0.0001115 seconds, Stopping threads took: 0.0000277 seconds
[2019-01-25T14:25:05.909+0000][1][safepoint    ] Application time: 1.0001658 seconds
[2019-01-25T14:25:05.909+0000][1][safepoint    ] Total time for which application threads were stopped: 0.0000742 seconds, Stopping threads took: 0.0000166 seconds
[2019-01-25T14:25:06.909+0000][1][safepoint    ] Application time: 1.0003302 seconds
[2019-01-25T14:25:06.910+0000][1][safepoint    ] Total time for which application threads were stopped: 0.0001777 seconds, Stopping threads took: 0.0000326 seconds
[2019-01-25T14:25:07.428+0000][1][safepoint    ] Application time: 0.5186274 seconds
[2019-01-25T14:25:07.428+0000][1][safepoint    ] Total time for which application threads were stopped: 0.0000831 seconds, Stopping threads took: 0.0000214 seconds
[2019-01-25T14:25:07.431+0000][1][safepoint    ] Application time: 0.0022635 seconds
[2019-01-25T14:25:07.431+0000][1][safepoint    ] Total time for which application threads were stopped: 0.0000692 seconds, Stopping threads took: 0.0000159 seconds
[2019-01-25T14:25:08.431+0000][1][safepoint    ] Application time: 1.0001373 seconds
[2019-01-25T14:25:08.431+0000][1][safepoint    ] Total time for which application threads were stopped: 0.0000740 seconds, Stopping threads took: 0.0000148 seconds
[2019-01-25T14:25:09.431+0000][1][safepoint    ] Application time: 1.0001849 seconds
[2019-01-25T14:25:09.431+0000][1][safepoint    ] Total time for which application threads were stopped: 0.0000743 seconds, Stopping threads took: 0.0000166 seconds
[2019-01-25T14:25:09.938+0000][1][safepoint    ] Application time: 0.5064942 seconds
[2019-01-25T14:25:09.938+0000][1][safepoint    ] Total time for which application threads were stopped: 0.0000776 seconds, Stopping threads took: 0.0000164 seconds
[2019-01-25T14:25:09.940+0000][1][safepoint    ] Application time: 0.0022117 seconds
[2019-01-25T14:25:09.940+0000][1][safepoint    ] Total time for which application threads were stopped: 0.0000744 seconds, Stopping threads took: 0.0000174 seconds
[2019-01-25T14:25:10.941+0000][1][safepoint    ] Application time: 1.0003164 seconds
[2019-01-25T14:25:10.941+0000][1][safepoint    ] Total time for which application threads were stopped: 0.0001415 seconds, Stopping threads took: 0.0000312 seconds
[2019-01-25T14:25:11.941+0000][1][safepoint    ] Application time: 1.0001529 seconds
[2019-01-25T14:25:11.941+0000][1][safepoint    ] Total time for which application threads were stopped: 0.0000695 seconds, Stopping threads took: 0.0000278 seconds
[2019-01-25T14:25:12.449+0000][1][safepoint    ] Application time: 0.5076682 seconds
[2019-01-25T14:25:12.449+0000][1][safepoint    ] Total time for which application threads were stopped: 0.0000767 seconds, Stopping threads took: 0.0000162 seconds
[2019-01-25T14:25:12.451+0000][1][safepoint    ] Application time: 0.0021674 seconds
[2019-01-25T14:25:12.451+0000][1][safepoint    ] Total time for which application threads were stopped: 0.0000903 seconds, Stopping threads took: 0.0000198 seconds
[2019-01-25T14:25:13.452+0000][1][safepoint    ] Application time: 1.0002170 seconds
[2019-01-25T14:25:13.452+0000][1][safepoint    ] Total time for which application threads were stopped: 0.0000837 seconds, Stopping threads took: 0.0000158 seconds
[2019-01-25T14:25:14.452+0000][1][safepoint    ] Application time: 1.0001290 seconds
[2019-01-25T14:25:14.452+0000][1][safepoint    ] Total time for which application threads were stopped: 0.0000698 seconds, Stopping threads took: 0.0000152 seconds
[2019-01-25T14:25:14.970+0000][1][safepoint    ] Application time: 0.5178949 seconds
[2019-01-25T14:25:14.979+0000][1][safepoint    ] Total time for which application threads were stopped: 0.0087410 seconds, Stopping threads took: 0.0085670 seconds
[2019-01-25T14:25:14.985+0000][1][safepoint    ] Application time: 0.0059369 seconds
[2019-01-25T14:25:14.988+0000][1][safepoint    ] Total time for which application threads were stopped: 0.0037763 seconds, Stopping threads took: 0.0000139 seconds
[2019-01-25T14:25:15.993+0000][1][safepoint    ] Application time: 1.0042159 seconds
[2019-01-25T14:25:15.993+0000][1][safepoint    ] Total time for which application threads were stopped: 0.0000761 seconds, Stopping threads took: 0.0000139 seconds
[2019-01-25T14:25:16.993+0000][1][safepoint    ] Application time: 1.0001257 seconds
[2019-01-25T14:25:16.993+0000][1][safepoint    ] Total time for which application threads were stopped: 0.0000651 seconds, Stopping threads took: 0.0000274 seconds
[2019-01-25T14:25:17.496+0000][1][safepoint    ] Application time: 0.5030998 seconds
[2019-01-25T14:25:17.496+0000][1][safepoint    ] Total time for which application threads were stopped: 0.0000783 seconds, Stopping threads took: 0.0000099 seconds
[2019-01-25T14:25:17.499+0000][1][safepoint    ] Application time: 0.0024760 seconds
[2019-01-25T14:25:17.499+0000][1][safepoint    ] Total time for which application threads were stopped: 0.0001034 seconds, Stopping threads took: 0.0000130 seconds
[2019-01-25T14:25:18.499+0000][1][safepoint    ] Application time: 1.0002048 seconds
[2019-01-25T14:25:18.499+0000][1][safepoint    ] Total time for which application threads were stopped: 0.0000483 seconds, Stopping threads took: 0.0000111 seconds
[2019-01-25T14:25:19.499+0000][1][safepoint    ] Application time: 1.0001371 seconds
[2019-01-25T14:25:19.500+0000][1][safepoint    ] Total time for which application threads were stopped: 0.0000812 seconds, Stopping threads took: 0.0000148 seconds
[2019-01-25T14:25:20.014+0000][1][safepoint    ] Application time: 0.5144791 seconds
[2019-01-25T14:25:20.014+0000][1][safepoint    ] Total time for which application threads were stopped: 0.0001031 seconds, Stopping threads took: 0.0000144 seconds
[2019-01-25T14:25:20.029+0000][1][safepoint    ] Application time: 0.0148467 seconds
[2019-01-25T14:25:20.029+0000][1][safepoint    ] Total time for which application threads were stopped: 0.0001098 seconds, Stopping threads took: 0.0000129 seconds
[2019-01-25T14:25:21.029+0000][1][safepoint    ] Application time: 1.0001752 seconds
[2019-01-25T14:25:21.030+0000][1][safepoint    ] Total time for which application threads were stopped: 0.0000822 seconds, Stopping threads took: 0.0000157 seconds
[2019-01-25T14:25:22.030+0000][1][safepoint    ] Application time: 1.0001401 seconds
[2019-01-25T14:25:22.030+0000][1][safepoint    ] Total time for which application threads were stopped: 0.0000779 seconds, Stopping threads took: 0.0000136 seconds
[2019-01-25T14:25:22.539+0000][1][safepoint    ] Application time: 0.5089473 seconds
[2019-01-25T14:25:22.539+0000][1][safepoint    ] Total time for which application threads were stopped: 0.0000997 seconds, Stopping threads took: 0.0000140 seconds
[2019-01-25T14:25:22.545+0000][1][safepoint    ] Application time: 0.0056139 seconds
[2019-01-25T14:25:22.545+0000][1][safepoint    ] Total time for which application threads were stopped: 0.0000898 seconds, Stopping threads took: 0.0000130 seconds
[2019-01-25T14:25:23.545+0000][1][safepoint    ] Application time: 1.0001729 seconds
[2019-01-25T14:25:23.545+0000][1][safepoint    ] Total time for which application threads were stopped: 0.0000763 seconds, Stopping threads took: 0.0000171 seconds
[2019-01-25T14:25:24.545+0000][1][safepoint    ] Application time: 1.0002038 seconds
[2019-01-25T14:25:24.545+0000][1][safepoint    ] Total time for which application threads were stopped: 0.0000507 seconds, Stopping threads took: 0.0000104 seconds
[2019-01-25T14:25:25.059+0000][1][safepoint    ] Application time: 0.5132176 seconds
[2019-01-25T14:25:25.059+0000][1][safepoint    ] Total time for which application threads were stopped: 0.0000859 seconds, Stopping threads took: 0.0000230 seconds
[2019-01-25T14:25:25.064+0000][1][safepoint    ] Application time: 0.0055120 seconds
[2019-01-25T14:25:25.064+0000][1][safepoint    ] Total time for which application threads were stopped: 0.0000996 seconds, Stopping threads took: 0.0000110 seconds
[2019-01-25T14:25:26.065+0000][1][safepoint    ] Application time: 1.0001475 seconds
[2019-01-25T14:25:26.065+0000][1][safepoint    ] Total time for which application threads were stopped: 0.0000655 seconds, Stopping threads took: 0.0000281 seconds
[2019-01-25T14:25:27.065+0000][1][safepoint    ] Application time: 1.0001665 seconds
[2019-01-25T14:25:27.065+0000][1][safepoint    ] Total time for which application threads were stopped: 0.0000799 seconds, Stopping threads took: 0.0000181 seconds
[2019-01-25T14:25:27.579+0000][1][safepoint    ] Application time: 0.5135797 seconds
[2019-01-25T14:25:27.579+0000][1][safepoint    ] Total time for which application threads were stopped: 0.0001088 seconds, Stopping threads took: 0.0000129 seconds
[2019-01-25T14:25:27.586+0000][1][safepoint    ] Application time: 0.0069763 seconds
[2019-01-25T14:25:27.586+0000][1][safepoint    ] Total time for which application threads were stopped: 0.0000681 seconds, Stopping threads took: 0.0000097 seconds
[2019-01-25T14:25:28.586+0000][1][safepoint    ] Application time: 1.0004250 seconds
[2019-01-25T14:25:28.587+0000][1][safepoint    ] Total time for which application threads were stopped: 0.0001337 seconds, Stopping threads took: 0.0000306 seconds
[2019-01-25T14:25:29.587+0000][1][safepoint    ] Application time: 1.0001941 seconds
[2019-01-25T14:25:29.587+0000][1][safepoint    ] Total time for which application threads were stopped: 0.0000754 seconds, Stopping threads took: 0.0000165 seconds
[2019-01-25T14:25:30.111+0000][1][safepoint    ] Application time: 0.5235775 seconds
[2019-01-25T14:25:30.111+0000][1][safepoint    ] Total time for which application threads were stopped: 0.0003348 seconds, Stopping threads took: 0.0000457 seconds
[2019-01-25T14:25:30.116+0000][1][safepoint    ] Application time: 0.0046611 seconds
[2019-01-25T14:25:30.116+0000][1][safepoint    ] Total time for which application threads were stopped: 0.0001467 seconds, Stopping threads took: 0.0000282 seconds
[2019-01-25T14:25:31.116+0000][1][safepoint    ] Application time: 1.0002402 seconds
[2019-01-25T14:25:31.117+0000][1][safepoint    ] Total time for which application threads were stopped: 0.0002632 seconds, Stopping threads took: 0.0000512 seconds
[2019-01-25T14:25:32.117+0000][1][safepoint    ] Application time: 1.0002519 seconds
[2019-01-25T14:25:32.117+0000][1][safepoint    ] Total time for which application threads were stopped: 0.0000731 seconds, Stopping threads took: 0.0000148 seconds
[2019-01-25T14:25:32.631+0000][1][safepoint    ] Application time: 0.5134485 seconds
[2019-01-25T14:25:32.631+0000][1][safepoint    ] Total time for which application threads were stopped: 0.0000880 seconds, Stopping threads took: 0.0000115 seconds
[2019-01-25T14:25:32.633+0000][1][safepoint    ] Application time: 0.0024930 seconds
[2019-01-25T14:25:32.634+0000][1][safepoint    ] Total time for which application threads were stopped: 0.0004748 seconds, Stopping threads took: 0.0000225 seconds
[2019-01-25T14:25:33.634+0000][1][safepoint    ] Application time: 1.0001510 seconds
[2019-01-25T14:25:33.634+0000][1][safepoint    ] Total time for which application threads were stopped: 0.0000896 seconds, Stopping threads took: 0.0000151 seconds
[2019-01-25T14:25:34.635+0000][1][safepoint    ] Application time: 1.0005192 seconds
[2019-01-25T14:25:34.635+0000][1][safepoint    ] Total time for which application threads were stopped: 0.0001483 seconds, Stopping threads took: 0.0000319 seconds
[2019-01-25T14:25:35.142+0000][1][safepoint    ] Application time: 0.5069741 seconds
[2019-01-25T14:25:35.142+0000][1][safepoint    ] Total time for which application threads were stopped: 0.0000796 seconds, Stopping threads took: 0.0000174 seconds
[2019-01-25T14:25:35.144+0000][1][safepoint    ] Application time: 0.0022569 seconds
[2019-01-25T14:25:35.144+0000][1][safepoint    ] Total time for which application threads were stopped: 0.0000721 seconds, Stopping threads took: 0.0000164 seconds
[2019-01-25T14:25:36.145+0000][1][safepoint    ] Application time: 1.0001639 seconds
[2019-01-25T14:25:36.145+0000][1][safepoint    ] Total time for which application threads were stopped: 0.0000484 seconds, Stopping threads took: 0.0000112 seconds
[2019-01-25T14:25:37.145+0000][1][safepoint    ] Application time: 1.0002293 seconds
[2019-01-25T14:25:37.145+0000][1][safepoint    ] Total time for which application threads were stopped: 0.0001454 seconds, Stopping threads took: 0.0000339 seconds
[2019-01-25T14:25:37.656+0000][1][safepoint    ] Application time: 0.5110915 seconds
[2019-01-25T14:25:37.656+0000][1][safepoint    ] Total time for which application threads were stopped: 0.0000852 seconds, Stopping threads took: 0.0000171 seconds
[2019-01-25T14:25:37.659+0000][1][safepoint    ] Application time: 0.0027437 seconds
[2019-01-25T14:25:37.659+0000][1][safepoint    ] Total time for which application threads were stopped: 0.0001138 seconds, Stopping threads took: 0.0000256 seconds
[2019-01-25T14:25:38.660+0000][1][safepoint    ] Application time: 1.0004631 seconds
[2019-01-25T14:25:38.660+0000][1][safepoint    ] Total time for which application threads were stopped: 0.0000728 seconds, Stopping threads took: 0.0000163 seconds
[2019-01-25T14:25:39.660+0000][1][safepoint    ] Application time: 1.0001736 seconds
[2019-01-25T14:25:39.660+0000][1][safepoint    ] Total time for which application threads were stopped: 0.0000496 seconds, Stopping threads took: 0.0000112 seconds
[2019-01-25T14:25:40.171+0000][1][safepoint    ] Application time: 0.5108006 seconds
[2019-01-25T14:25:40.171+0000][1][safepoint    ] Total time for which application threads were stopped: 0.0000972 seconds, Stopping threads took: 0.0000220 seconds
[2019-01-25T14:25:40.174+0000][1][safepoint    ] Application time: 0.0024231 seconds
[2019-01-25T14:25:40.174+0000][1][safepoint    ] Total time for which application threads were stopped: 0.0003217 seconds, Stopping threads took: 0.0000214 seconds
[2019-01-25T14:25:41.174+0000][1][safepoint    ] Application time: 1.0004466 seconds
[2019-01-25T14:25:41.175+0000][1][safepoint    ] Total time for which application threads were stopped: 0.0000673 seconds, Stopping threads took: 0.0000124 seconds
[2019-01-25T14:25:42.175+0000][1][safepoint    ] Application time: 1.0000910 seconds
[2019-01-25T14:25:42.175+0000][1][safepoint    ] Total time for which application threads were stopped: 0.0000483 seconds, Stopping threads took: 0.0000107 seconds
[2019-01-25T14:25:42.694+0000][1][safepoint    ] Application time: 0.5189900 seconds
[2019-01-25T14:25:42.694+0000][1][safepoint    ] Total time for which application threads were stopped: 0.0004997 seconds, Stopping threads took: 0.0000646 seconds
[2019-01-25T14:25:42.701+0000][1][safepoint    ] Application time: 0.0067747 seconds
[2019-01-25T14:25:42.701+0000][1][safepoint    ] Total time for which application threads were stopped: 0.0002378 seconds, Stopping threads took: 0.0000626 seconds
[2019-01-25T14:25:43.702+0000][1][safepoint    ] Application time: 1.0001738 seconds
[2019-01-25T14:25:43.702+0000][1][safepoint    ] Total time for which application threads were stopped: 0.0000494 seconds, Stopping threads took: 0.0000114 seconds
[2019-01-25T14:25:44.702+0000][1][safepoint    ] Application time: 1.0001384 seconds
[2019-01-25T14:25:44.702+0000][1][safepoint    ] Total time for which application threads were stopped: 0.0000515 seconds, Stopping threads took: 0.0000141 seconds
[2019-01-25T14:25:45.215+0000][1][safepoint    ] Application time: 0.5131872 seconds
[2019-01-25T14:25:45.215+0000][1][safepoint    ] Total time for which application threads were stopped: 0.0000965 seconds, Stopping threads took: 0.0000120 seconds
[2019-01-25T14:25:45.217+0000][1][safepoint    ] Application time: 0.0019065 seconds
[2019-01-25T14:25:45.218+0000][1][safepoint    ] Total time for which application threads were stopped: 0.0000773 seconds, Stopping threads took: 0.0000083 seconds
[2019-01-25T14:25:46.218+0000][1][safepoint    ] Application time: 1.0001306 seconds
[2019-01-25T14:25:46.218+0000][1][safepoint    ] Total time for which application threads were stopped: 0.0000757 seconds, Stopping threads took: 0.0000153 seconds
[2019-01-25T14:25:47.218+0000][1][safepoint    ] Application time: 1.0002920 seconds
[2019-01-25T14:25:47.219+0000][1][safepoint    ] Total time for which application threads were stopped: 0.0003010 seconds, Stopping threads took: 0.0000762 seconds
[2019-01-25T14:25:47.726+0000][1][safepoint    ] Application time: 0.5070171 seconds
[2019-01-25T14:25:47.726+0000][1][safepoint    ] Total time for which application threads were stopped: 0.0000982 seconds, Stopping threads took: 0.0000227 seconds
[2019-01-25T14:25:47.728+0000][1][safepoint    ] Application time: 0.0021755 seconds
[2019-01-25T14:25:47.728+0000][1][safepoint    ] Total time for which application threads were stopped: 0.0000990 seconds, Stopping threads took: 0.0000226 seconds
[2019-01-25T14:25:48.729+0000][1][safepoint    ] Application time: 1.0004653 seconds
[2019-01-25T14:25:48.729+0000][1][safepoint    ] Total time for which application threads were stopped: 0.0000625 seconds, Stopping threads took: 0.0000127 seconds
[2019-01-25T14:25:49.729+0000][1][safepoint    ] Application time: 1.0001808 seconds
[2019-01-25T14:25:49.729+0000][1][safepoint    ] Total time for which application threads were stopped: 0.0000486 seconds, Stopping threads took: 0.0000119 seconds
[2019-01-25T14:25:50.244+0000][1][safepoint    ] Application time: 0.5145007 seconds
[2019-01-25T14:25:50.244+0000][1][safepoint    ] Total time for which application threads were stopped: 0.0001042 seconds, Stopping threads took: 0.0000120 seconds
[2019-01-25T14:25:50.246+0000][1][safepoint    ] Application time: 0.0025136 seconds
[2019-01-25T14:25:50.246+0000][1][safepoint    ] Total time for which application threads were stopped: 0.0001149 seconds, Stopping threads took: 0.0000240 seconds
[2019-01-25T14:25:51.247+0000][1][safepoint    ] Application time: 1.0001801 seconds
[2019-01-25T14:25:51.247+0000][1][safepoint    ] Total time for which application threads were stopped: 0.0000507 seconds, Stopping threads took: 0.0000126 seconds
[2019-01-25T14:25:52.247+0000][1][safepoint    ] Application time: 1.0001024 seconds
[2019-01-25T14:25:52.247+0000][1][safepoint    ] Total time for which application threads were stopped: 0.0000757 seconds, Stopping threads took: 0.0000160 seconds
[2019-01-25T14:25:52.761+0000][1][safepoint    ] Application time: 0.5136434 seconds
[2019-01-25T14:25:52.761+0000][1][safepoint    ] Total time for which application threads were stopped: 0.0001133 seconds, Stopping threads took: 0.0000295 seconds
[2019-01-25T14:25:52.768+0000][1][safepoint    ] Application time: 0.0071259 seconds
[2019-01-25T14:25:52.768+0000][1][safepoint    ] Total time for which application threads were stopped: 0.0001240 seconds, Stopping threads took: 0.0000304 seconds
[2019-01-25T14:25:53.768+0000][1][safepoint    ] Application time: 1.0001712 seconds
[2019-01-25T14:25:53.768+0000][1][safepoint    ] Total time for which application threads were stopped: 0.0000724 seconds, Stopping threads took: 0.0000147 seconds
[2019-01-25T14:25:54.769+0000][1][safepoint    ] Application time: 1.0001350 seconds
[2019-01-25T14:25:54.769+0000][1][safepoint    ] Total time for which application threads were stopped: 0.0000726 seconds, Stopping threads took: 0.0000160 seconds
[2019-01-25T14:25:55.285+0000][1][safepoint    ] Application time: 0.5166649 seconds
[2019-01-25T14:25:55.286+0000][1][safepoint    ] Total time for which application threads were stopped: 0.0001284 seconds, Stopping threads took: 0.0000226 seconds
[2019-01-25T14:25:55.288+0000][1][safepoint    ] Application time: 0.0022532 seconds
[2019-01-25T14:25:55.288+0000][1][safepoint    ] Total time for which application threads were stopped: 0.0001000 seconds, Stopping threads took: 0.0000228 seconds
[2019-01-25T14:25:56.288+0000][1][safepoint    ] Application time: 1.0001359 seconds
[2019-01-25T14:25:56.288+0000][1][safepoint    ] Total time for which application threads were stopped: 0.0000635 seconds, Stopping threads took: 0.0000271 seconds
[2019-01-25T14:25:57.289+0000][1][safepoint    ] Application time: 1.0004234 seconds
[2019-01-25T14:25:57.290+0000][1][safepoint    ] Total time for which application threads were stopped: 0.0005743 seconds, Stopping threads took: 0.0001349 seconds
[2019-01-25T14:25:57.797+0000][1][safepoint    ] Application time: 0.5067000 seconds
[2019-01-25T14:25:57.797+0000][1][safepoint    ] Total time for which application threads were stopped: 0.0001898 seconds, Stopping threads took: 0.0000260 seconds
[2019-01-25T14:25:57.799+0000][1][safepoint    ] Application time: 0.0025980 seconds
[2019-01-25T14:25:57.800+0000][1][safepoint    ] Total time for which application threads were stopped: 0.0000992 seconds, Stopping threads took: 0.0000246 seconds
[2019-01-25T14:25:58.800+0000][1][safepoint    ] Application time: 1.0002023 seconds
[2019-01-25T14:25:58.800+0000][1][safepoint    ] Total time for which application threads were stopped: 0.0000733 seconds, Stopping threads took: 0.0000166 seconds
[2019-01-25T14:25:59.800+0000][1][safepoint    ] Application time: 1.0001441 seconds
[2019-01-25T14:25:59.800+0000][1][safepoint    ] Total time for which application threads were stopped: 0.0000807 seconds, Stopping threads took: 0.0000183 seconds
[2019-01-25T14:26:00.312+0000][1][safepoint    ] Application time: 0.5120493 seconds
[2019-01-25T14:26:00.312+0000][1][safepoint    ] Total time for which application threads were stopped: 0.0001157 seconds, Stopping threads took: 0.0000266 seconds
[2019-01-25T14:26:00.315+0000][1][safepoint    ] Application time: 0.0021579 seconds
[2019-01-25T14:26:00.315+0000][1][safepoint    ] Total time for which application threads were stopped: 0.0000974 seconds, Stopping threads took: 0.0000224 seconds
[2019-01-25T14:26:01.315+0000][1][safepoint    ] Application time: 1.0003210 seconds
[2019-01-25T14:26:01.315+0000][1][safepoint    ] Total time for which application threads were stopped: 0.0000594 seconds, Stopping threads took: 0.0000132 seconds
[2019-01-25T14:26:02.315+0000][1][safepoint    ] Application time: 1.0001340 seconds
[2019-01-25T14:26:02.315+0000][1][safepoint    ] Total time for which application threads were stopped: 0.0000771 seconds, Stopping threads took: 0.0000181 seconds
[2019-01-25T14:26:02.824+0000][1][safepoint    ] Application time: 0.5085167 seconds
[2019-01-25T14:26:02.824+0000][1][safepoint    ] Total time for which application threads were stopped: 0.0001114 seconds, Stopping threads took: 0.0000262 seconds
[2019-01-25T14:26:02.828+0000][1][safepoint    ] Application time: 0.0042063 seconds
[2019-01-25T14:26:02.829+0000][1][safepoint    ] Total time for which application threads were stopped: 0.0000802 seconds, Stopping threads took: 0.0000235 seconds
[2019-01-25T14:26:03.829+0000][1][safepoint    ] Application time: 1.0001416 seconds
[2019-01-25T14:26:03.829+0000][1][safepoint    ] Total time for which application threads were stopped: 0.0000670 seconds, Stopping threads took: 0.0000144 seconds
[2019-01-25T14:26:04.829+0000][1][safepoint    ] Application time: 1.0001391 seconds
[2019-01-25T14:26:04.829+0000][1][safepoint    ] Total time for which application threads were stopped: 0.0000480 seconds, Stopping threads took: 0.0000110 seconds
[2019-01-25T14:26:05.341+0000][1][safepoint    ] Application time: 0.5123567 seconds
[2019-01-25T14:26:05.342+0000][1][safepoint    ] Total time for which application threads were stopped: 0.0001163 seconds, Stopping threads took: 0.0000230 seconds
[2019-01-25T14:26:05.344+0000][1][safepoint    ] Application time: 0.0023953 seconds
[2019-01-25T14:26:05.344+0000][1][safepoint    ] Total time for which application threads were stopped: 0.0000926 seconds, Stopping threads took: 0.0000221 seconds
[2019-01-25T14:26:06.344+0000][1][safepoint    ] Application time: 1.0001556 seconds
[2019-01-25T14:26:06.344+0000][1][safepoint    ] Total time for which application threads were stopped: 0.0000569 seconds, Stopping threads took: 0.0000126 seconds
[2019-01-25T14:26:07.345+0000][1][safepoint    ] Application time: 1.0005306 seconds
[2019-01-25T14:26:07.345+0000][1][safepoint    ] Total time for which application threads were stopped: 0.0001844 seconds, Stopping threads took: 0.0000514 seconds
[2019-01-25T14:26:07.867+0000][1][safepoint    ] Application time: 0.5220760 seconds
[2019-01-25T14:26:07.868+0000][1][safepoint    ] Total time for which application threads were stopped: 0.0001074 seconds, Stopping threads took: 0.0000141 seconds
[2019-01-25T14:26:07.870+0000][1][safepoint    ] Application time: 0.0027293 seconds
[2019-01-25T14:26:07.870+0000][1][safepoint    ] Total time for which application threads were stopped: 0.0001242 seconds, Stopping threads took: 0.0000283 seconds
[2019-01-25T14:26:08.871+0000][1][safepoint    ] Application time: 1.0001686 seconds
[2019-01-25T14:26:08.871+0000][1][safepoint    ] Total time for which application threads were stopped: 0.0000692 seconds, Stopping threads took: 0.0000147 seconds
[2019-01-25T14:26:09.871+0000][1][safepoint    ] Application time: 1.0001725 seconds
[2019-01-25T14:26:09.871+0000][1][safepoint    ] Total time for which application threads were stopped: 0.0000503 seconds, Stopping threads took: 0.0000115 seconds
[2019-01-25T14:26:10.381+0000][1][safepoint    ] Application time: 0.5100655 seconds
[2019-01-25T14:26:10.381+0000][1][safepoint    ] Total time for which application threads were stopped: 0.0000927 seconds, Stopping threads took: 0.0000129 seconds
[2019-01-25T14:26:10.388+0000][1][safepoint    ] Application time: 0.0067780 seconds
[2019-01-25T14:26:10.388+0000][1][safepoint    ] Total time for which application threads were stopped: 0.0001014 seconds, Stopping threads took: 0.0000174 seconds
[2019-01-25T14:26:11.388+0000][1][safepoint    ] Application time: 1.0002210 seconds
[2019-01-25T14:26:11.389+0000][1][safepoint    ] Total time for which application threads were stopped: 0.0000769 seconds, Stopping threads took: 0.0000172 seconds
[2019-01-25T14:26:12.389+0000][1][safepoint    ] Application time: 1.0001352 seconds
[2019-01-25T14:26:12.389+0000][1][safepoint    ] Total time for which application threads were stopped: 0.0000752 seconds, Stopping threads took: 0.0000155 seconds
[2019-01-25T14:26:12.895+0000][1][safepoint    ] Application time: 0.5064712 seconds
[2019-01-25T14:26:12.897+0000][1][safepoint    ] Total time for which application threads were stopped: 0.0014015 seconds, Stopping threads took: 0.0000548 seconds
[2019-01-25T14:26:12.907+0000][1][safepoint    ] Application time: 0.0097662 seconds
[2019-01-25T14:26:12.907+0000][1][safepoint    ] Total time for which application threads were stopped: 0.0004287 seconds, Stopping threads took: 0.0003340 seconds
[2019-01-25T14:26:13.907+0000][1][safepoint    ] Application time: 1.0001884 seconds
[2019-01-25T14:26:13.908+0000][1][safepoint    ] Total time for which application threads were stopped: 0.0000874 seconds, Stopping threads took: 0.0000147 seconds
[2019-01-25T14:26:14.908+0000][1][safepoint    ] Application time: 1.0001249 seconds
[2019-01-25T14:26:14.908+0000][1][safepoint    ] Total time for which application threads were stopped: 0.0000776 seconds, Stopping threads took: 0.0000145 seconds
[2019-01-25T14:26:15.429+0000][1][safepoint    ] Application time: 0.5212233 seconds
[2019-01-25T14:26:15.429+0000][1][safepoint    ] Total time for which application threads were stopped: 0.0002514 seconds, Stopping threads took: 0.0000747 seconds
[2019-01-25T14:26:15.435+0000][1][safepoint    ] Application time: 0.0057258 seconds
[2019-01-25T14:26:15.435+0000][1][safepoint    ] Total time for which application threads were stopped: 0.0002225 seconds, Stopping threads took: 0.0000666 seconds
[2019-01-25T14:26:16.436+0000][1][safepoint    ] Application time: 1.0008629 seconds
[2019-01-25T14:26:16.436+0000][1][safepoint    ] Total time for which application threads were stopped: 0.0000906 seconds, Stopping threads took: 0.0000173 seconds
[2019-01-25T14:26:17.437+0000][1][safepoint    ] Application time: 1.0002045 seconds
[2019-01-25T14:26:17.437+0000][1][safepoint    ] Total time for which application threads were stopped: 0.0001089 seconds, Stopping threads took: 0.0000228 seconds
[2019-01-25T14:26:17.955+0000][1][safepoint    ] Application time: 0.5185756 seconds
[2019-01-25T14:26:17.956+0000][1][safepoint    ] Total time for which application threads were stopped: 0.0000873 seconds, Stopping threads took: 0.0000086 seconds
[2019-01-25T14:26:17.958+0000][1][safepoint    ] Application time: 0.0021203 seconds
[2019-01-25T14:26:17.958+0000][1][safepoint    ] Total time for which application threads were stopped: 0.0000721 seconds, Stopping threads took: 0.0000088 seconds
[2019-01-25T14:26:18.958+0000][1][safepoint    ] Application time: 1.0001262 seconds
[2019-01-25T14:26:18.958+0000][1][safepoint    ] Total time for which application threads were stopped: 0.0000695 seconds, Stopping threads took: 0.0000138 seconds
[2019-01-25T14:26:19.959+0000][1][safepoint    ] Application time: 1.0008674 seconds
[2019-01-25T14:26:19.959+0000][1][safepoint    ] Total time for which application threads were stopped: 0.0000660 seconds, Stopping threads took: 0.0000149 seconds
[2019-01-25T14:26:20.468+0000][1][safepoint    ] Application time: 0.5091339 seconds
[2019-01-25T14:26:20.468+0000][1][safepoint    ] Total time for which application threads were stopped: 0.0001203 seconds, Stopping threads took: 0.0000308 seconds
[2019-01-25T14:26:20.471+0000][1][safepoint    ] Application time: 0.0022607 seconds
[2019-01-25T14:26:20.471+0000][1][gc,start     ] GC(20) Pause Young (Allocation Failure)
[2019-01-25T14:26:20.471+0000][1][gc,task      ] GC(20) Using 2 workers of 2 for evacuation
[2019-01-25T14:26:20.479+0000][1][gc,age       ] GC(20) Desired survivor size 4456448 bytes, new threshold 6 (max threshold 6)
[2019-01-25T14:26:20.479+0000][1][gc,age       ] GC(20) Age table with threshold 6 (max threshold 6)
[2019-01-25T14:26:20.479+0000][1][gc,age       ] GC(20) - age   1:      50808 bytes,      50808 total
[2019-01-25T14:26:20.479+0000][1][gc,age       ] GC(20) - age   2:      20440 bytes,      71248 total
[2019-01-25T14:26:20.479+0000][1][gc,age       ] GC(20) - age   3:     784408 bytes,     855656 total
[2019-01-25T14:26:20.479+0000][1][gc,heap      ] GC(20) ParNew: 75217K->1473K(78656K)
[2019-01-25T14:26:20.479+0000][1][gc,heap      ] GC(20) CMS: 82611K->82611K(174784K)
[2019-01-25T14:26:20.479+0000][1][gc,metaspace ] GC(20) Metaspace: 64119K->64119K(1107968K)
[2019-01-25T14:26:20.479+0000][1][gc           ] GC(20) Pause Young (Allocation Failure) 154M->82M(247M) 8.545ms
[2019-01-25T14:26:20.479+0000][1][gc,cpu       ] GC(20) User=0.02s Sys=0.00s Real=0.01s
[2019-01-25T14:26:20.479+0000][1][safepoint    ] Total time for which application threads were stopped: 0.0086892 seconds, Stopping threads took: 0.0000078 seconds
[2019-01-25T14:26:20.482+0000][1][safepoint    ] Application time: 0.0022982 seconds
[2019-01-25T14:26:20.482+0000][1][safepoint    ] Total time for which application threads were stopped: 0.0001054 seconds, Stopping threads took: 0.0000367 seconds
[2019-01-25T14:26:21.482+0000][1][safepoint    ] Application time: 1.0001368 seconds
[2019-01-25T14:26:21.482+0000][1][safepoint    ] Total time for which application threads were stopped: 0.0000656 seconds, Stopping threads took: 0.0000158 seconds
[2019-01-25T14:26:22.482+0000][1][safepoint    ] Application time: 1.0001201 seconds
[2019-01-25T14:26:22.482+0000][1][safepoint    ] Total time for which application threads were stopped: 0.0000570 seconds, Stopping threads took: 0.0000163 seconds
[2019-01-25T14:26:22.995+0000][1][safepoint    ] Application time: 0.5129755 seconds
[2019-01-25T14:26:22.996+0000][1][safepoint    ] Total time for which application threads were stopped: 0.0001000 seconds, Stopping threads took: 0.0000229 seconds
[2019-01-25T14:26:23.002+0000][1][safepoint    ] Application time: 0.0060674 seconds
[2019-01-25T14:26:23.003+0000][1][safepoint    ] Total time for which application threads were stopped: 0.0013470 seconds, Stopping threads took: 0.0002810 seconds
[2019-01-25T14:26:24.005+0000][1][safepoint    ] Application time: 1.0012633 seconds
[2019-01-25T14:26:24.005+0000][1][safepoint    ] Total time for which application threads were stopped: 0.0000467 seconds, Stopping threads took: 0.0000114 seconds
[2019-01-25T14:26:25.006+0000][1][safepoint    ] Application time: 1.0007109 seconds
[2019-01-25T14:26:25.006+0000][1][safepoint    ] Total time for which application threads were stopped: 0.0000695 seconds, Stopping threads took: 0.0000149 seconds
[2019-01-25T14:26:25.541+0000][1][safepoint    ] Application time: 0.5351403 seconds
[2019-01-25T14:26:25.541+0000][1][safepoint    ] Total time for which application threads were stopped: 0.0001200 seconds, Stopping threads took: 0.0000389 seconds
[2019-01-25T14:26:25.556+0000][1][safepoint    ] Application time: 0.0151284 seconds
[2019-01-25T14:26:25.556+0000][1][safepoint    ] Total time for which application threads were stopped: 0.0001483 seconds, Stopping threads took: 0.0000367 seconds
[2019-01-25T14:26:26.556+0000][1][safepoint    ] Application time: 1.0001511 seconds
[2019-01-25T14:26:26.557+0000][1][safepoint    ] Total time for which application threads were stopped: 0.0001056 seconds, Stopping threads took: 0.0000487 seconds
[2019-01-25T14:26:27.557+0000][1][safepoint    ] Application time: 1.0001465 seconds
[2019-01-25T14:26:27.557+0000][1][safepoint    ] Total time for which application threads were stopped: 0.0000496 seconds, Stopping threads took: 0.0000119 seconds
[2019-01-25T14:26:28.076+0000][1][safepoint    ] Application time: 0.5191300 seconds
[2019-01-25T14:26:28.076+0000][1][safepoint    ] Total time for which application threads were stopped: 0.0001017 seconds, Stopping threads took: 0.0000176 seconds
[2019-01-25T14:26:28.081+0000][1][safepoint    ] Application time: 0.0049539 seconds
[2019-01-25T14:26:28.082+0000][1][safepoint    ] Total time for which application threads were stopped: 0.0004999 seconds, Stopping threads took: 0.0000276 seconds
[2019-01-25T14:26:29.082+0000][1][safepoint    ] Application time: 1.0006452 seconds
[2019-01-25T14:26:29.083+0000][1][safepoint    ] Total time for which application threads were stopped: 0.0000528 seconds, Stopping threads took: 0.0000111 seconds
[2019-01-25T14:26:30.083+0000][1][safepoint    ] Application time: 1.0001192 seconds
[2019-01-25T14:26:30.083+0000][1][safepoint    ] Total time for which application threads were stopped: 0.0000451 seconds, Stopping threads took: 0.0000104 seconds
[2019-01-25T14:26:30.590+0000][1][safepoint    ] Application time: 0.5072317 seconds
[2019-01-25T14:26:30.590+0000][1][safepoint    ] Total time for which application threads were stopped: 0.0001035 seconds, Stopping threads took: 0.0000248 seconds
[2019-01-25T14:26:30.592+0000][1][safepoint    ] Application time: 0.0018340 seconds
[2019-01-25T14:26:30.592+0000][1][safepoint    ] Total time for which application threads were stopped: 0.0001641 seconds, Stopping threads took: 0.0000703 seconds
[2019-01-25T14:26:31.592+0000][1][safepoint    ] Application time: 1.0002187 seconds
[2019-01-25T14:26:31.593+0000][1][safepoint    ] Total time for which application threads were stopped: 0.0000763 seconds, Stopping threads took: 0.0000175 seconds
[2019-01-25T14:26:32.593+0000][1][safepoint    ] Application time: 1.0001417 seconds
[2019-01-25T14:26:32.593+0000][1][safepoint    ] Total time for which application threads were stopped: 0.0000648 seconds, Stopping threads took: 0.0000147 seconds
[2019-01-25T14:26:33.105+0000][1][safepoint    ] Application time: 0.5119479 seconds
[2019-01-25T14:26:33.105+0000][1][safepoint    ] Total time for which application threads were stopped: 0.0000798 seconds, Stopping threads took: 0.0000203 seconds
[2019-01-25T14:26:33.107+0000][1][safepoint    ] Application time: 0.0018728 seconds
[2019-01-25T14:26:33.107+0000][1][safepoint    ] Total time for which application threads were stopped: 0.0001022 seconds, Stopping threads took: 0.0000184 seconds
[2019-01-25T14:26:34.107+0000][1][safepoint    ] Application time: 1.0001475 seconds
[2019-01-25T14:26:34.107+0000][1][safepoint    ] Total time for which application threads were stopped: 0.0000902 seconds, Stopping threads took: 0.0000159 seconds
[2019-01-25T14:26:35.107+0000][1][safepoint    ] Application time: 1.0001459 seconds
[2019-01-25T14:26:35.108+0000][1][safepoint    ] Total time for which application threads were stopped: 0.0000617 seconds, Stopping threads took: 0.0000137 seconds
[2019-01-25T14:26:35.627+0000][1][safepoint    ] Application time: 0.5195876 seconds
[2019-01-25T14:26:35.627+0000][1][safepoint    ] Total time for which application threads were stopped: 0.0002114 seconds, Stopping threads took: 0.0000423 seconds
[2019-01-25T14:26:35.631+0000][1][safepoint    ] Application time: 0.0038973 seconds
[2019-01-25T14:26:35.632+0000][1][safepoint    ] Total time for which application threads were stopped: 0.0001825 seconds, Stopping threads took: 0.0000237 seconds
[2019-01-25T14:26:36.632+0000][1][safepoint    ] Application time: 1.0001577 seconds
[2019-01-25T14:26:36.632+0000][1][safepoint    ] Total time for which application threads were stopped: 0.0000462 seconds, Stopping threads took: 0.0000111 seconds
[2019-01-25T14:26:37.632+0000][1][safepoint    ] Application time: 1.0001138 seconds
[2019-01-25T14:26:37.632+0000][1][safepoint    ] Total time for which application threads were stopped: 0.0000599 seconds, Stopping threads took: 0.0000109 seconds
[2019-01-25T14:26:38.157+0000][1][safepoint    ] Application time: 0.5247168 seconds
[2019-01-25T14:26:38.157+0000][1][safepoint    ] Total time for which application threads were stopped: 0.0001013 seconds, Stopping threads took: 0.0000254 seconds
[2019-01-25T14:26:38.160+0000][1][safepoint    ] Application time: 0.0027173 seconds
[2019-01-25T14:26:38.160+0000][1][safepoint    ] Total time for which application threads were stopped: 0.0001100 seconds, Stopping threads took: 0.0000314 seconds
[2019-01-25T14:26:39.160+0000][1][safepoint    ] Application time: 1.0001346 seconds
[2019-01-25T14:26:39.160+0000][1][safepoint    ] Total time for which application threads were stopped: 0.0000692 seconds, Stopping threads took: 0.0000168 seconds
[2019-01-25T14:26:40.160+0000][1][safepoint    ] Application time: 1.0001513 seconds
[2019-01-25T14:26:40.160+0000][1][safepoint    ] Total time for which application threads were stopped: 0.0000763 seconds, Stopping threads took: 0.0000155 seconds
[2019-01-25T14:26:40.669+0000][1][safepoint    ] Application time: 0.5081752 seconds
[2019-01-25T14:26:40.669+0000][1][safepoint    ] Total time for which application threads were stopped: 0.0001145 seconds, Stopping threads took: 0.0000259 seconds
[2019-01-25T14:26:40.672+0000][1][safepoint    ] Application time: 0.0032648 seconds
[2019-01-25T14:26:40.672+0000][1][safepoint    ] Total time for which application threads were stopped: 0.0001122 seconds, Stopping threads took: 0.0000262 seconds
[2019-01-25T14:26:41.672+0000][1][safepoint    ] Application time: 1.0001840 seconds
[2019-01-25T14:26:41.673+0000][1][safepoint    ] Total time for which application threads were stopped: 0.0000712 seconds, Stopping threads took: 0.0000173 seconds
[2019-01-25T14:26:42.674+0000][1][safepoint    ] Application time: 1.0018298 seconds
[2019-01-25T14:26:42.675+0000][1][safepoint    ] Total time for which application threads were stopped: 0.0003319 seconds, Stopping threads took: 0.0000482 seconds
[2019-01-25T14:26:43.188+0000][1][safepoint    ] Application time: 0.5128441 seconds
[2019-01-25T14:26:43.188+0000][1][safepoint    ] Total time for which application threads were stopped: 0.0001227 seconds, Stopping threads took: 0.0000211 seconds
[2019-01-25T14:26:43.192+0000][1][safepoint    ] Application time: 0.0041899 seconds
[2019-01-25T14:26:43.192+0000][1][safepoint    ] Total time for which application threads were stopped: 0.0000875 seconds, Stopping threads took: 0.0000125 seconds
[2019-01-25T14:26:44.193+0000][1][safepoint    ] Application time: 1.0001779 seconds
[2019-01-25T14:26:44.193+0000][1][safepoint    ] Total time for which application threads were stopped: 0.0000907 seconds, Stopping threads took: 0.0000348 seconds
[2019-01-25T14:26:45.193+0000][1][safepoint    ] Application time: 1.0001413 seconds
[2019-01-25T14:26:45.193+0000][1][safepoint    ] Total time for which application threads were stopped: 0.0000648 seconds, Stopping threads took: 0.0000165 seconds
[2019-01-25T14:26:45.721+0000][1][safepoint    ] Application time: 0.5284635 seconds
[2019-01-25T14:26:45.722+0000][1][safepoint    ] Total time for which application threads were stopped: 0.0000700 seconds, Stopping threads took: 0.0000164 seconds
[2019-01-25T14:26:45.724+0000][1][safepoint    ] Application time: 0.0020147 seconds
[2019-01-25T14:26:45.724+0000][1][safepoint    ] Total time for which application threads were stopped: 0.0000697 seconds, Stopping threads took: 0.0000164 seconds
[2019-01-25T14:26:46.724+0000][1][safepoint    ] Application time: 1.0004908 seconds
[2019-01-25T14:26:46.724+0000][1][safepoint    ] Total time for which application threads were stopped: 0.0000492 seconds, Stopping threads took: 0.0000114 seconds
[2019-01-25T14:26:47.724+0000][1][safepoint    ] Application time: 1.0001295 seconds
[2019-01-25T14:26:47.724+0000][1][safepoint    ] Total time for which application threads were stopped: 0.0000483 seconds, Stopping threads took: 0.0000114 seconds
[2019-01-25T14:26:48.250+0000][1][safepoint    ] Application time: 0.5256595 seconds
[2019-01-25T14:26:48.251+0000][1][safepoint    ] Total time for which application threads were stopped: 0.0004422 seconds, Stopping threads took: 0.0002839 seconds
[2019-01-25T14:26:48.269+0000][1][safepoint    ] Application time: 0.0177952 seconds
[2019-01-25T14:26:48.269+0000][1][safepoint    ] Total time for which application threads were stopped: 0.0000741 seconds, Stopping threads took: 0.0000165 seconds
[2019-01-25T14:26:49.269+0000][1][safepoint    ] Application time: 1.0001486 seconds
[2019-01-25T14:26:49.269+0000][1][safepoint    ] Total time for which application threads were stopped: 0.0000538 seconds, Stopping threads took: 0.0000112 seconds
[2019-01-25T14:26:50.269+0000][1][safepoint    ] Application time: 1.0001660 seconds
[2019-01-25T14:26:50.269+0000][1][safepoint    ] Total time for which application threads were stopped: 0.0000921 seconds, Stopping threads took: 0.0000205 seconds
[2019-01-25T14:26:50.778+0000][1][safepoint    ] Application time: 0.5086412 seconds
[2019-01-25T14:26:50.778+0000][1][safepoint    ] Total time for which application threads were stopped: 0.0001192 seconds, Stopping threads took: 0.0000286 seconds
[2019-01-25T14:26:50.781+0000][1][safepoint    ] Application time: 0.0027691 seconds
[2019-01-25T14:26:50.781+0000][1][safepoint    ] Total time for which application threads were stopped: 0.0001243 seconds, Stopping threads took: 0.0000296 seconds
[2019-01-25T14:26:51.781+0000][1][safepoint    ] Application time: 1.0001594 seconds
[2019-01-25T14:26:51.781+0000][1][safepoint    ] Total time for which application threads were stopped: 0.0000642 seconds, Stopping threads took: 0.0000138 seconds
[2019-01-25T14:26:52.782+0000][1][safepoint    ] Application time: 1.0002000 seconds
[2019-01-25T14:26:52.782+0000][1][safepoint    ] Total time for which application threads were stopped: 0.0000465 seconds, Stopping threads took: 0.0000113 seconds
[2019-01-25T14:26:53.293+0000][1][safepoint    ] Application time: 0.5117085 seconds
[2019-01-25T14:26:53.293+0000][1][safepoint    ] Total time for which application threads were stopped: 0.0001017 seconds, Stopping threads took: 0.0000130 seconds
[2019-01-25T14:26:53.298+0000][1][safepoint    ] Application time: 0.0041150 seconds
[2019-01-25T14:26:53.298+0000][1][safepoint    ] Total time for which application threads were stopped: 0.0001104 seconds, Stopping threads took: 0.0000246 seconds
[2019-01-25T14:26:54.298+0000][1][safepoint    ] Application time: 1.0001744 seconds
[2019-01-25T14:26:54.298+0000][1][safepoint    ] Total time for which application threads were stopped: 0.0000516 seconds, Stopping threads took: 0.0000115 seconds
[2019-01-25T14:26:55.298+0000][1][safepoint    ] Application time: 1.0000943 seconds
[2019-01-25T14:26:55.298+0000][1][safepoint    ] Total time for which application threads were stopped: 0.0000639 seconds, Stopping threads took: 0.0000270 seconds
[2019-01-25T14:26:55.808+0000][1][safepoint    ] Application time: 0.5094607 seconds
[2019-01-25T14:26:55.808+0000][1][safepoint    ] Total time for which application threads were stopped: 0.0000964 seconds, Stopping threads took: 0.0000240 seconds
[2019-01-25T14:26:55.812+0000][1][safepoint    ] Application time: 0.0037149 seconds
[2019-01-25T14:26:55.812+0000][1][safepoint    ] Total time for which application threads were stopped: 0.0000674 seconds, Stopping threads took: 0.0000090 seconds
[2019-01-25T14:26:56.812+0000][1][safepoint    ] Application time: 1.0003911 seconds
[2019-01-25T14:26:56.812+0000][1][safepoint    ] Total time for which application threads were stopped: 0.0000794 seconds, Stopping threads took: 0.0000288 seconds
[2019-01-25T14:26:57.812+0000][1][safepoint    ] Application time: 1.0001310 seconds
[2019-01-25T14:26:57.812+0000][1][safepoint    ] Total time for which application threads were stopped: 0.0000473 seconds, Stopping threads took: 0.0000113 seconds
[2019-01-25T14:26:58.320+0000][1][safepoint    ] Application time: 0.5073493 seconds
[2019-01-25T14:26:58.320+0000][1][safepoint    ] Total time for which application threads were stopped: 0.0001356 seconds, Stopping threads took: 0.0000244 seconds
[2019-01-25T14:26:58.325+0000][1][safepoint    ] Application time: 0.0045236 seconds
[2019-01-25T14:26:58.325+0000][1][safepoint    ] Total time for which application threads were stopped: 0.0000928 seconds, Stopping threads took: 0.0000138 seconds
[2019-01-25T14:26:59.325+0000][1][safepoint    ] Application time: 1.0001864 seconds
[2019-01-25T14:26:59.325+0000][1][safepoint    ] Total time for which application threads were stopped: 0.0000611 seconds, Stopping threads took: 0.0000123 seconds
[2019-01-25T14:27:00.325+0000][1][safepoint    ] Application time: 1.0001340 seconds
[2019-01-25T14:27:00.325+0000][1][safepoint    ] Total time for which application threads were stopped: 0.0000583 seconds, Stopping threads took: 0.0000115 seconds
[2019-01-25T14:27:00.844+0000][1][safepoint    ] Application time: 0.5186821 seconds
[2019-01-25T14:27:00.844+0000][1][safepoint    ] Total time for which application threads were stopped: 0.0000888 seconds, Stopping threads took: 0.0000129 seconds
[2019-01-25T14:27:00.847+0000][1][safepoint    ] Application time: 0.0025095 seconds
[2019-01-25T14:27:00.847+0000][1][safepoint    ] Total time for which application threads were stopped: 0.0000912 seconds, Stopping threads took: 0.0000136 seconds
[2019-01-25T14:27:01.847+0000][1][safepoint    ] Application time: 1.0001558 seconds
[2019-01-25T14:27:01.847+0000][1][safepoint    ] Total time for which application threads were stopped: 0.0000760 seconds, Stopping threads took: 0.0000173 seconds
[2019-01-25T14:27:02.847+0000][1][safepoint    ] Application time: 1.0001239 seconds
[2019-01-25T14:27:02.847+0000][1][safepoint    ] Total time for which application threads were stopped: 0.0000664 seconds, Stopping threads took: 0.0000151 seconds
[2019-01-25T14:27:03.356+0000][1][safepoint    ] Application time: 0.5088221 seconds
[2019-01-25T14:27:03.356+0000][1][safepoint    ] Total time for which application threads were stopped: 0.0000700 seconds, Stopping threads took: 0.0000094 seconds
[2019-01-25T14:27:03.361+0000][1][safepoint    ] Application time: 0.0045721 seconds
[2019-01-25T14:27:03.361+0000][1][safepoint    ] Total time for which application threads were stopped: 0.0000765 seconds, Stopping threads took: 0.0000121 seconds
[2019-01-25T14:27:04.361+0000][1][safepoint    ] Application time: 1.0001429 seconds
[2019-01-25T14:27:04.361+0000][1][safepoint    ] Total time for which application threads were stopped: 0.0000756 seconds, Stopping threads took: 0.0000152 seconds
[2019-01-25T14:27:05.361+0000][1][safepoint    ] Application time: 1.0001310 seconds
[2019-01-25T14:27:05.361+0000][1][safepoint    ] Total time for which application threads were stopped: 0.0000632 seconds, Stopping threads took: 0.0000145 seconds
[2019-01-25T14:27:05.868+0000][1][safepoint    ] Application time: 0.5066645 seconds
[2019-01-25T14:27:05.868+0000][1][safepoint    ] Total time for which application threads were stopped: 0.0001033 seconds, Stopping threads took: 0.0000249 seconds
[2019-01-25T14:27:05.872+0000][1][safepoint    ] Application time: 0.0038913 seconds
[2019-01-25T14:27:05.872+0000][1][safepoint    ] Total time for which application threads were stopped: 0.0001165 seconds, Stopping threads took: 0.0000361 seconds
[2019-01-25T14:27:06.873+0000][1][safepoint    ] Application time: 1.0001665 seconds
[2019-01-25T14:27:06.873+0000][1][safepoint    ] Total time for which application threads were stopped: 0.0000497 seconds, Stopping threads took: 0.0000124 seconds
[2019-01-25T14:27:07.873+0000][1][safepoint    ] Application time: 1.0001165 seconds
[2019-01-25T14:27:07.873+0000][1][safepoint    ] Total time for which application threads were stopped: 0.0000454 seconds, Stopping threads took: 0.0000108 seconds
[2019-01-25T14:27:08.381+0000][1][safepoint    ] Application time: 0.5076576 seconds
[2019-01-25T14:27:08.381+0000][1][safepoint    ] Total time for which application threads were stopped: 0.0000699 seconds, Stopping threads took: 0.0000159 seconds
[2019-01-25T14:27:08.382+0000][1][safepoint    ] Application time: 0.0018227 seconds
[2019-01-25T14:27:08.383+0000][1][safepoint    ] Total time for which application threads were stopped: 0.0000706 seconds, Stopping threads took: 0.0000177 seconds
[2019-01-25T14:27:09.383+0000][1][safepoint    ] Application time: 1.0001894 seconds
[2019-01-25T14:27:09.383+0000][1][safepoint    ] Total time for which application threads were stopped: 0.0000629 seconds, Stopping threads took: 0.0000142 seconds
[2019-01-25T14:27:10.383+0000][1][safepoint    ] Application time: 1.0001787 seconds
[2019-01-25T14:27:10.383+0000][1][safepoint    ] Total time for which application threads were stopped: 0.0000462 seconds, Stopping threads took: 0.0000115 seconds
[2019-01-25T14:27:10.889+0000][1][safepoint    ] Application time: 0.5057355 seconds
[2019-01-25T14:27:10.889+0000][1][safepoint    ] Total time for which application threads were stopped: 0.0000698 seconds, Stopping threads took: 0.0000161 seconds
[2019-01-25T14:27:10.891+0000][1][safepoint    ] Application time: 0.0020100 seconds
[2019-01-25T14:27:10.891+0000][1][safepoint    ] Total time for which application threads were stopped: 0.0000696 seconds, Stopping threads took: 0.0000167 seconds
[2019-01-25T14:27:11.891+0000][1][safepoint    ] Application time: 1.0001370 seconds
[2019-01-25T14:27:11.891+0000][1][safepoint    ] Total time for which application threads were stopped: 0.0000662 seconds, Stopping threads took: 0.0000146 seconds
[2019-01-25T14:27:12.892+0000][1][safepoint    ] Application time: 1.0001742 seconds
[2019-01-25T14:27:12.892+0000][1][safepoint    ] Total time for which application threads were stopped: 0.0000467 seconds, Stopping threads took: 0.0000112 seconds
[2019-01-25T14:27:13.414+0000][1][safepoint    ] Application time: 0.5226274 seconds
[2019-01-25T14:27:13.415+0000][1][safepoint    ] Total time for which application threads were stopped: 0.0002662 seconds, Stopping threads took: 0.0000691 seconds
[2019-01-25T14:27:13.421+0000][1][safepoint    ] Application time: 0.0065765 seconds
[2019-01-25T14:27:13.422+0000][1][safepoint    ] Total time for which application threads were stopped: 0.0006149 seconds, Stopping threads took: 0.0000801 seconds
[2019-01-25T14:27:14.422+0000][1][safepoint    ] Application time: 1.0002819 seconds
[2019-01-25T14:27:14.422+0000][1][safepoint    ] Total time for which application threads were stopped: 0.0000801 seconds, Stopping threads took: 0.0000137 seconds
[2019-01-25T14:27:15.423+0000][1][safepoint    ] Application time: 1.0005549 seconds
[2019-01-25T14:27:15.423+0000][1][safepoint    ] Total time for which application threads were stopped: 0.0001405 seconds, Stopping threads took: 0.0000319 seconds
[2019-01-25T14:27:15.937+0000][1][safepoint    ] Application time: 0.5136005 seconds
[2019-01-25T14:27:15.937+0000][1][safepoint    ] Total time for which application threads were stopped: 0.0001027 seconds, Stopping threads took: 0.0000115 seconds
[2019-01-25T14:27:15.939+0000][1][safepoint    ] Application time: 0.0023123 seconds
[2019-01-25T14:27:15.940+0000][1][safepoint    ] Total time for which application threads were stopped: 0.0003241 seconds, Stopping threads took: 0.0000131 seconds
[2019-01-25T14:27:16.940+0000][1][safepoint    ] Application time: 1.0005693 seconds
[2019-01-25T14:27:16.941+0000][1][safepoint    ] Total time for which application threads were stopped: 0.0001843 seconds, Stopping threads took: 0.0000568 seconds
[2019-01-25T14:27:17.941+0000][1][safepoint    ] Application time: 1.0001887 seconds
[2019-01-25T14:27:17.941+0000][1][safepoint    ] Total time for which application threads were stopped: 0.0000729 seconds, Stopping threads took: 0.0000175 seconds
[2019-01-25T14:27:18.448+0000][1][safepoint    ] Application time: 0.5066831 seconds
[2019-01-25T14:27:18.448+0000][1][safepoint    ] Total time for which application threads were stopped: 0.0000873 seconds, Stopping threads took: 0.0000125 seconds
[2019-01-25T14:27:18.450+0000][1][safepoint    ] Application time: 0.0023844 seconds
[2019-01-25T14:27:18.450+0000][1][safepoint    ] Total time for which application threads were stopped: 0.0000847 seconds, Stopping threads took: 0.0000116 seconds
[2019-01-25T14:27:19.451+0000][1][safepoint    ] Application time: 1.0001571 seconds
[2019-01-25T14:27:19.451+0000][1][safepoint    ] Total time for which application threads were stopped: 0.0000478 seconds, Stopping threads took: 0.0000138 seconds
[2019-01-25T14:27:20.451+0000][1][safepoint    ] Application time: 1.0002004 seconds
[2019-01-25T14:27:20.451+0000][1][safepoint    ] Total time for which application threads were stopped: 0.0000634 seconds, Stopping threads took: 0.0000141 seconds
[2019-01-25T14:27:20.970+0000][1][safepoint    ] Application time: 0.5188927 seconds
[2019-01-25T14:27:20.970+0000][1][safepoint    ] Total time for which application threads were stopped: 0.0001057 seconds, Stopping threads took: 0.0000135 seconds
[2019-01-25T14:27:20.974+0000][1][safepoint    ] Application time: 0.0041104 seconds
[2019-01-25T14:27:20.974+0000][1][safepoint    ] Total time for which application threads were stopped: 0.0000703 seconds, Stopping threads took: 0.0000109 seconds
[2019-01-25T14:27:21.974+0000][1][safepoint    ] Application time: 1.0001387 seconds
[2019-01-25T14:27:21.975+0000][1][safepoint    ] Total time for which application threads were stopped: 0.0000596 seconds, Stopping threads took: 0.0000136 seconds
[2019-01-25T14:27:22.978+0000][1][safepoint    ] Application time: 1.0029209 seconds
[2019-01-25T14:27:22.978+0000][1][safepoint    ] Total time for which application threads were stopped: 0.0000635 seconds, Stopping threads took: 0.0000172 seconds
[2019-01-25T14:27:23.484+0000][1][safepoint    ] Application time: 0.5062302 seconds
[2019-01-25T14:27:23.484+0000][1][safepoint    ] Total time for which application threads were stopped: 0.0001401 seconds, Stopping threads took: 0.0000213 seconds
[2019-01-25T14:27:23.488+0000][1][safepoint    ] Application time: 0.0035727 seconds
[2019-01-25T14:27:23.488+0000][1][safepoint    ] Total time for which application threads were stopped: 0.0000978 seconds, Stopping threads took: 0.0000135 seconds
[2019-01-25T14:27:24.488+0000][1][safepoint    ] Application time: 1.0001249 seconds
[2019-01-25T14:27:24.488+0000][1][safepoint    ] Total time for which application threads were stopped: 0.0000777 seconds, Stopping threads took: 0.0000144 seconds
[2019-01-25T14:27:25.488+0000][1][safepoint    ] Application time: 1.0001084 seconds
[2019-01-25T14:27:25.488+0000][1][safepoint    ] Total time for which application threads were stopped: 0.0000659 seconds, Stopping threads took: 0.0000142 seconds
[2019-01-25T14:27:25.998+0000][1][safepoint    ] Application time: 0.5095961 seconds
[2019-01-25T14:27:25.998+0000][1][safepoint    ] Total time for which application threads were stopped: 0.0000752 seconds, Stopping threads took: 0.0000144 seconds
[2019-01-25T14:27:26.001+0000][1][safepoint    ] Application time: 0.0032366 seconds
[2019-01-25T14:27:26.001+0000][1][safepoint    ] Total time for which application threads were stopped: 0.0000675 seconds, Stopping threads took: 0.0000092 seconds
[2019-01-25T14:27:27.002+0000][1][safepoint    ] Application time: 1.0001437 seconds
[2019-01-25T14:27:27.002+0000][1][safepoint    ] Total time for which application threads were stopped: 0.0000972 seconds, Stopping threads took: 0.0000347 seconds
[2019-01-25T14:27:28.002+0000][1][safepoint    ] Application time: 1.0001307 seconds
[2019-01-25T14:27:28.002+0000][1][safepoint    ] Total time for which application threads were stopped: 0.0000624 seconds, Stopping threads took: 0.0000141 seconds
[2019-01-25T14:27:28.514+0000][1][safepoint    ] Application time: 0.5125504 seconds
[2019-01-25T14:27:28.515+0000][1][safepoint    ] Total time for which application threads were stopped: 0.0001021 seconds, Stopping threads took: 0.0000115 seconds
[2019-01-25T14:27:28.516+0000][1][safepoint    ] Application time: 0.0017679 seconds
[2019-01-25T14:27:28.517+0000][1][safepoint    ] Total time for which application threads were stopped: 0.0000873 seconds, Stopping threads took: 0.0000121 seconds
[2019-01-25T14:27:29.517+0000][1][safepoint    ] Application time: 1.0001471 seconds
[2019-01-25T14:27:29.517+0000][1][safepoint    ] Total time for which application threads were stopped: 0.0000642 seconds, Stopping threads took: 0.0000156 seconds
[2019-01-25T14:27:30.517+0000][1][safepoint    ] Application time: 1.0001228 seconds
[2019-01-25T14:27:30.517+0000][1][safepoint    ] Total time for which application threads were stopped: 0.0000495 seconds, Stopping threads took: 0.0000113 seconds
[2019-01-25T14:27:31.026+0000][1][safepoint    ] Application time: 0.5091875 seconds
[2019-01-25T14:27:31.026+0000][1][safepoint    ] Total time for which application threads were stopped: 0.0001024 seconds, Stopping threads took: 0.0000145 seconds
[2019-01-25T14:27:31.030+0000][1][safepoint    ] Application time: 0.0030961 seconds
[2019-01-25T14:27:31.030+0000][1][safepoint    ] Total time for which application threads were stopped: 0.0001014 seconds, Stopping threads took: 0.0000149 seconds
[2019-01-25T14:27:32.030+0000][1][safepoint    ] Application time: 1.0001959 seconds
[2019-01-25T14:27:32.030+0000][1][safepoint    ] Total time for which application threads were stopped: 0.0000769 seconds, Stopping threads took: 0.0000179 seconds
[2019-01-25T14:27:33.030+0000][1][safepoint    ] Application time: 1.0002064 seconds
[2019-01-25T14:27:33.030+0000][1][safepoint    ] Total time for which application threads were stopped: 0.0000855 seconds, Stopping threads took: 0.0000196 seconds
[2019-01-25T14:27:33.546+0000][1][safepoint    ] Application time: 0.5154873 seconds
[2019-01-25T14:27:33.546+0000][1][safepoint    ] Total time for which application threads were stopped: 0.0000974 seconds, Stopping threads took: 0.0000134 seconds
[2019-01-25T14:27:33.548+0000][1][safepoint    ] Application time: 0.0022225 seconds
[2019-01-25T14:27:33.548+0000][1][safepoint    ] Total time for which application threads were stopped: 0.0001030 seconds, Stopping threads took: 0.0000153 seconds
[2019-01-25T14:27:34.549+0000][1][safepoint    ] Application time: 1.0001790 seconds
[2019-01-25T14:27:34.549+0000][1][safepoint    ] Total time for which application threads were stopped: 0.0000733 seconds, Stopping threads took: 0.0000177 seconds
[2019-01-25T14:27:35.549+0000][1][safepoint    ] Application time: 1.0004067 seconds
[2019-01-25T14:27:35.549+0000][1][safepoint    ] Total time for which application threads were stopped: 0.0001250 seconds, Stopping threads took: 0.0000282 seconds
[2019-01-25T14:27:36.065+0000][1][safepoint    ] Application time: 0.5159299 seconds
[2019-01-25T14:27:36.065+0000][1][safepoint    ] Total time for which application threads were stopped: 0.0001046 seconds, Stopping threads took: 0.0000116 seconds
[2019-01-25T14:27:36.067+0000][1][safepoint    ] Application time: 0.0018011 seconds
[2019-01-25T14:27:36.067+0000][1][safepoint    ] Total time for which application threads were stopped: 0.0000880 seconds, Stopping threads took: 0.0000121 seconds
[2019-01-25T14:27:37.068+0000][1][safepoint    ] Application time: 1.0004741 seconds
[2019-01-25T14:27:37.068+0000][1][safepoint    ] Total time for which application threads were stopped: 0.0000690 seconds, Stopping threads took: 0.0000158 seconds
[2019-01-25T14:27:38.068+0000][1][safepoint    ] Application time: 1.0001724 seconds
[2019-01-25T14:27:38.068+0000][1][safepoint    ] Total time for which application threads were stopped: 0.0000458 seconds, Stopping threads took: 0.0000112 seconds
[2019-01-25T14:27:38.579+0000][1][safepoint    ] Application time: 0.5110545 seconds
[2019-01-25T14:27:38.580+0000][1][safepoint    ] Total time for which application threads were stopped: 0.0000999 seconds, Stopping threads took: 0.0000132 seconds
[2019-01-25T14:27:38.583+0000][1][safepoint    ] Application time: 0.0037975 seconds
[2019-01-25T14:27:38.584+0000][1][safepoint    ] Total time for which application threads were stopped: 0.0000977 seconds, Stopping threads took: 0.0000162 seconds
[2019-01-25T14:27:39.584+0000][1][safepoint    ] Application time: 1.0001943 seconds
[2019-01-25T14:27:39.584+0000][1][safepoint    ] Total time for which application threads were stopped: 0.0001233 seconds, Stopping threads took: 0.0000307 seconds
[2019-01-25T14:27:40.584+0000][1][safepoint    ] Application time: 1.0000932 seconds
[2019-01-25T14:27:40.584+0000][1][safepoint    ] Total time for which application threads were stopped: 0.0000639 seconds, Stopping threads took: 0.0000139 seconds
[2019-01-25T14:27:41.104+0000][1][safepoint    ] Application time: 0.5200617 seconds
[2019-01-25T14:27:41.105+0000][1][safepoint    ] Total time for which application threads were stopped: 0.0002092 seconds, Stopping threads took: 0.0000317 seconds
[2019-01-25T14:27:41.114+0000][1][safepoint    ] Application time: 0.0093593 seconds
[2019-01-25T14:27:41.114+0000][1][safepoint    ] Total time for which application threads were stopped: 0.0002657 seconds, Stopping threads took: 0.0000526 seconds
[2019-01-25T14:27:42.115+0000][1][safepoint    ] Application time: 1.0001871 seconds
[2019-01-25T14:27:42.115+0000][1][safepoint    ] Total time for which application threads were stopped: 0.0000771 seconds, Stopping threads took: 0.0000148 seconds
[2019-01-25T14:27:43.115+0000][1][safepoint    ] Application time: 1.0001690 seconds
[2019-01-25T14:27:43.115+0000][1][safepoint    ] Total time for which application threads were stopped: 0.0000563 seconds, Stopping threads took: 0.0000114 seconds
[2019-01-25T14:27:43.631+0000][1][safepoint    ] Application time: 0.5163695 seconds
[2019-01-25T14:27:43.632+0000][1][safepoint    ] Total time for which application threads were stopped: 0.0001245 seconds, Stopping threads took: 0.0000166 seconds
[2019-01-25T14:27:43.636+0000][1][safepoint    ] Application time: 0.0040912 seconds
[2019-01-25T14:27:43.636+0000][1][safepoint    ] Total time for which application threads were stopped: 0.0001489 seconds, Stopping threads took: 0.0000391 seconds
[2019-01-25T14:27:44.636+0000][1][safepoint    ] Application time: 1.0001837 seconds
[2019-01-25T14:27:44.636+0000][1][safepoint    ] Total time for which application threads were stopped: 0.0000630 seconds, Stopping threads took: 0.0000148 seconds
[2019-01-25T14:27:45.637+0000][1][safepoint    ] Application time: 1.0007086 seconds
[2019-01-25T14:27:45.637+0000][1][safepoint    ] Total time for which application threads were stopped: 0.0001571 seconds, Stopping threads took: 0.0000387 seconds
[2019-01-25T14:27:46.160+0000][1][safepoint    ] Application time: 0.5224101 seconds
[2019-01-25T14:27:46.160+0000][1][safepoint    ] Total time for which application threads were stopped: 0.0002936 seconds, Stopping threads took: 0.0000922 seconds
[2019-01-25T14:27:46.174+0000][1][safepoint    ] Application time: 0.0138344 seconds
[2019-01-25T14:27:46.174+0000][1][safepoint    ] Total time for which application threads were stopped: 0.0003195 seconds, Stopping threads took: 0.0000591 seconds
[2019-01-25T14:27:47.175+0000][1][safepoint    ] Application time: 1.0002247 seconds
[2019-01-25T14:27:47.175+0000][1][safepoint    ] Total time for which application threads were stopped: 0.0000471 seconds, Stopping threads took: 0.0000114 seconds
[2019-01-25T14:27:48.175+0000][1][safepoint    ] Application time: 1.0001238 seconds
[2019-01-25T14:27:48.175+0000][1][safepoint    ] Total time for which application threads were stopped: 0.0000461 seconds, Stopping threads took: 0.0000116 seconds
[2019-01-25T14:27:48.705+0000][1][safepoint    ] Application time: 0.5298087 seconds
[2019-01-25T14:27:48.705+0000][1][safepoint    ] Total time for which application threads were stopped: 0.0001181 seconds, Stopping threads took: 0.0000267 seconds
[2019-01-25T14:27:48.712+0000][1][safepoint    ] Application time: 0.0068233 seconds
[2019-01-25T14:27:48.712+0000][1][safepoint    ] Total time for which application threads were stopped: 0.0001171 seconds, Stopping threads took: 0.0000271 seconds
[2019-01-25T14:27:49.712+0000][1][safepoint    ] Application time: 1.0001389 seconds
[2019-01-25T14:27:49.712+0000][1][safepoint    ] Total time for which application threads were stopped: 0.0000670 seconds, Stopping threads took: 0.0000123 seconds
[2019-01-25T14:27:50.712+0000][1][safepoint    ] Application time: 1.0001312 seconds
[2019-01-25T14:27:50.712+0000][1][safepoint    ] Total time for which application threads were stopped: 0.0000716 seconds, Stopping threads took: 0.0000190 seconds
[2019-01-25T14:27:51.219+0000][1][safepoint    ] Application time: 0.5068127 seconds
[2019-01-25T14:27:51.219+0000][1][safepoint    ] Total time for which application threads were stopped: 0.0001114 seconds, Stopping threads took: 0.0000250 seconds
[2019-01-25T14:27:51.223+0000][1][safepoint    ] Application time: 0.0035133 seconds
[2019-01-25T14:27:51.223+0000][1][safepoint    ] Total time for which application threads were stopped: 0.0000761 seconds, Stopping threads took: 0.0000195 seconds
[2019-01-25T14:27:52.223+0000][1][safepoint    ] Application time: 1.0002978 seconds
[2019-01-25T14:27:52.224+0000][1][safepoint    ] Total time for which application threads were stopped: 0.0003461 seconds, Stopping threads took: 0.0000449 seconds
[2019-01-25T14:27:53.224+0000][1][safepoint    ] Application time: 1.0002203 seconds
[2019-01-25T14:27:53.224+0000][1][safepoint    ] Total time for which application threads were stopped: 0.0000737 seconds, Stopping threads took: 0.0000140 seconds
[2019-01-25T14:27:53.729+0000][1][safepoint    ] Application time: 0.5049133 seconds
[2019-01-25T14:27:53.729+0000][1][safepoint    ] Total time for which application threads were stopped: 0.0001432 seconds, Stopping threads took: 0.0000260 seconds
[2019-01-25T14:27:53.732+0000][1][safepoint    ] Application time: 0.0023491 seconds
[2019-01-25T14:27:53.732+0000][1][safepoint    ] Total time for which application threads were stopped: 0.0000659 seconds, Stopping threads took: 0.0000154 seconds
[2019-01-25T14:27:54.732+0000][1][safepoint    ] Application time: 1.0002702 seconds
[2019-01-25T14:27:54.732+0000][1][safepoint    ] Total time for which application threads were stopped: 0.0001187 seconds, Stopping threads took: 0.0000292 seconds
[2019-01-25T14:27:55.733+0000][1][safepoint    ] Application time: 1.0001519 seconds
[2019-01-25T14:27:55.733+0000][1][safepoint    ] Total time for which application threads were stopped: 0.0000477 seconds, Stopping threads took: 0.0000119 seconds
[2019-01-25T14:27:56.241+0000][1][safepoint    ] Application time: 0.5081437 seconds
[2019-01-25T14:27:56.241+0000][1][safepoint    ] Total time for which application threads were stopped: 0.0000763 seconds, Stopping threads took: 0.0000101 seconds
[2019-01-25T14:27:56.243+0000][1][safepoint    ] Application time: 0.0024793 seconds
[2019-01-25T14:27:56.244+0000][1][safepoint    ] Total time for which application threads were stopped: 0.0000789 seconds, Stopping threads took: 0.0000108 seconds
[2019-01-25T14:27:57.244+0000][1][safepoint    ] Application time: 1.0001176 seconds
[2019-01-25T14:27:57.244+0000][1][safepoint    ] Total time for which application threads were stopped: 0.0000873 seconds, Stopping threads took: 0.0000353 seconds
[2019-01-25T14:27:58.244+0000][1][safepoint    ] Application time: 1.0004027 seconds
[2019-01-25T14:27:58.245+0000][1][safepoint    ] Total time for which application threads were stopped: 0.0002693 seconds, Stopping threads took: 0.0000350 seconds
[2019-01-25T14:27:58.754+0000][1][safepoint    ] Application time: 0.5084110 seconds
[2019-01-25T14:27:58.754+0000][1][safepoint    ] Total time for which application threads were stopped: 0.0001234 seconds, Stopping threads took: 0.0000354 seconds
[2019-01-25T14:27:58.758+0000][1][safepoint    ] Application time: 0.0046815 seconds
[2019-01-25T14:27:58.759+0000][1][safepoint    ] Total time for which application threads were stopped: 0.0000856 seconds, Stopping threads took: 0.0000127 seconds
[2019-01-25T14:27:59.759+0000][1][safepoint    ] Application time: 1.0001956 seconds
[2019-01-25T14:27:59.759+0000][1][safepoint    ] Total time for which application threads were stopped: 0.0000459 seconds, Stopping threads took: 0.0000111 seconds
[2019-01-25T14:28:00.759+0000][1][safepoint    ] Application time: 1.0002071 seconds
[2019-01-25T14:28:00.759+0000][1][safepoint    ] Total time for which application threads were stopped: 0.0001156 seconds, Stopping threads took: 0.0000235 seconds
[2019-01-25T14:28:01.265+0000][1][safepoint    ] Application time: 0.5058948 seconds
[2019-01-25T14:28:01.265+0000][1][safepoint    ] Total time for which application threads were stopped: 0.0000937 seconds, Stopping threads took: 0.0000229 seconds
[2019-01-25T14:28:01.269+0000][1][safepoint    ] Application time: 0.0031494 seconds
[2019-01-25T14:28:01.269+0000][1][safepoint    ] Total time for which application threads were stopped: 0.0001052 seconds, Stopping threads took: 0.0000135 seconds
[2019-01-25T14:28:02.269+0000][1][safepoint    ] Application time: 1.0003616 seconds
[2019-01-25T14:28:02.269+0000][1][safepoint    ] Total time for which application threads were stopped: 0.0000665 seconds, Stopping threads took: 0.0000140 seconds
[2019-01-25T14:28:03.269+0000][1][safepoint    ] Application time: 1.0001112 seconds
[2019-01-25T14:28:03.269+0000][1][safepoint    ] Total time for which application threads were stopped: 0.0000464 seconds, Stopping threads took: 0.0000105 seconds
[2019-01-25T14:28:03.777+0000][1][safepoint    ] Application time: 0.5074466 seconds
[2019-01-25T14:28:03.777+0000][1][safepoint    ] Total time for which application threads were stopped: 0.0001068 seconds, Stopping threads took: 0.0000253 seconds
[2019-01-25T14:28:03.780+0000][1][safepoint    ] Application time: 0.0028353 seconds
[2019-01-25T14:28:03.780+0000][1][safepoint    ] Total time for which application threads were stopped: 0.0003283 seconds, Stopping threads took: 0.0000273 seconds
[2019-01-25T14:28:04.781+0000][1][safepoint    ] Application time: 1.0003152 seconds
[2019-01-25T14:28:04.781+0000][1][safepoint    ] Total time for which application threads were stopped: 0.0002004 seconds, Stopping threads took: 0.0000869 seconds
[2019-01-25T14:28:05.781+0000][1][safepoint    ] Application time: 1.0001220 seconds
[2019-01-25T14:28:05.781+0000][1][safepoint    ] Total time for which application threads were stopped: 0.0000684 seconds, Stopping threads took: 0.0000150 seconds
[2019-01-25T14:28:06.292+0000][1][safepoint    ] Application time: 0.5107737 seconds
[2019-01-25T14:28:06.292+0000][1][safepoint    ] Total time for which application threads were stopped: 0.0001876 seconds, Stopping threads took: 0.0000789 seconds
[2019-01-25T14:28:06.296+0000][1][safepoint    ] Application time: 0.0042773 seconds
[2019-01-25T14:28:06.300+0000][1][safepoint    ] Total time for which application threads were stopped: 0.0032430 seconds, Stopping threads took: 0.0031271 seconds
[2019-01-25T14:28:07.300+0000][1][safepoint    ] Application time: 1.0001658 seconds
[2019-01-25T14:28:07.300+0000][1][safepoint    ] Total time for which application threads were stopped: 0.0000830 seconds, Stopping threads took: 0.0000197 seconds
[2019-01-25T14:28:08.300+0000][1][safepoint    ] Application time: 1.0001197 seconds
[2019-01-25T14:28:08.300+0000][1][safepoint    ] Total time for which application threads were stopped: 0.0000450 seconds, Stopping threads took: 0.0000110 seconds
[2019-01-25T14:28:08.819+0000][1][safepoint    ] Application time: 0.5182280 seconds
[2019-01-25T14:28:08.819+0000][1][safepoint    ] Total time for which application threads were stopped: 0.0002410 seconds, Stopping threads took: 0.0000577 seconds
[2019-01-25T14:28:08.824+0000][1][safepoint    ] Application time: 0.0048931 seconds
[2019-01-25T14:28:08.824+0000][1][safepoint    ] Total time for which application threads were stopped: 0.0002314 seconds, Stopping threads took: 0.0000590 seconds
[2019-01-25T14:28:09.825+0000][1][safepoint    ] Application time: 1.0003845 seconds
[2019-01-25T14:28:09.825+0000][1][safepoint    ] Total time for which application threads were stopped: 0.0000615 seconds, Stopping threads took: 0.0000119 seconds
[2019-01-25T14:28:10.825+0000][1][safepoint    ] Application time: 1.0001804 seconds
[2019-01-25T14:28:10.825+0000][1][safepoint    ] Total time for which application threads were stopped: 0.0000724 seconds, Stopping threads took: 0.0000180 seconds
[2019-01-25T14:28:11.337+0000][1][safepoint    ] Application time: 0.5121456 seconds
[2019-01-25T14:28:11.337+0000][1][safepoint    ] Total time for which application threads were stopped: 0.0001088 seconds, Stopping threads took: 0.0000232 seconds
[2019-01-25T14:28:11.340+0000][1][safepoint    ] Application time: 0.0023395 seconds
[2019-01-25T14:28:11.340+0000][1][safepoint    ] Total time for which application threads were stopped: 0.0000977 seconds, Stopping threads took: 0.0000211 seconds
[2019-01-25T14:28:12.340+0000][1][safepoint    ] Application time: 1.0001393 seconds
[2019-01-25T14:28:12.340+0000][1][safepoint    ] Total time for which application threads were stopped: 0.0000475 seconds, Stopping threads took: 0.0000120 seconds
[2019-01-25T14:28:13.340+0000][1][safepoint    ] Application time: 1.0001320 seconds
[2019-01-25T14:28:13.340+0000][1][safepoint    ] Total time for which application threads were stopped: 0.0000696 seconds, Stopping threads took: 0.0000122 seconds
[2019-01-25T14:28:13.868+0000][1][safepoint    ] Application time: 0.5271295 seconds
[2019-01-25T14:28:13.868+0000][1][safepoint    ] Total time for which application threads were stopped: 0.0001136 seconds, Stopping threads took: 0.0000257 seconds
[2019-01-25T14:28:13.873+0000][1][safepoint    ] Application time: 0.0054531 seconds
[2019-01-25T14:28:13.873+0000][1][safepoint    ] Total time for which application threads were stopped: 0.0001180 seconds, Stopping threads took: 0.0000238 seconds
[2019-01-25T14:28:14.873+0000][1][safepoint    ] Application time: 1.0001652 seconds
[2019-01-25T14:28:14.874+0000][1][safepoint    ] Total time for which application threads were stopped: 0.0000524 seconds, Stopping threads took: 0.0000112 seconds
[2019-01-25T14:28:15.874+0000][1][safepoint    ] Application time: 1.0001326 seconds
[2019-01-25T14:28:15.874+0000][1][safepoint    ] Total time for which application threads were stopped: 0.0000922 seconds, Stopping threads took: 0.0000179 seconds
[2019-01-25T14:28:16.386+0000][1][safepoint    ] Application time: 0.5125724 seconds
[2019-01-25T14:28:16.387+0000][1][safepoint    ] Total time for which application threads were stopped: 0.0000984 seconds, Stopping threads took: 0.0000239 seconds
[2019-01-25T14:28:16.389+0000][1][safepoint    ] Application time: 0.0025020 seconds
[2019-01-25T14:28:16.389+0000][1][safepoint    ] Total time for which application threads were stopped: 0.0000738 seconds, Stopping threads took: 0.0000184 seconds
[2019-01-25T14:28:17.390+0000][1][safepoint    ] Application time: 1.0004084 seconds
[2019-01-25T14:28:17.390+0000][1][safepoint    ] Total time for which application threads were stopped: 0.0000604 seconds, Stopping threads took: 0.0000195 seconds
[2019-01-25T14:28:18.390+0000][1][safepoint    ] Application time: 1.0001283 seconds
[2019-01-25T14:28:18.390+0000][1][safepoint    ] Total time for which application threads were stopped: 0.0000734 seconds, Stopping threads took: 0.0000174 seconds
[2019-01-25T14:28:18.898+0000][1][safepoint    ] Application time: 0.5083542 seconds
[2019-01-25T14:28:18.899+0000][1][safepoint    ] Total time for which application threads were stopped: 0.0000794 seconds, Stopping threads took: 0.0000195 seconds
[2019-01-25T14:28:18.900+0000][1][safepoint    ] Application time: 0.0018974 seconds
[2019-01-25T14:28:18.901+0000][1][safepoint    ] Total time for which application threads were stopped: 0.0000755 seconds, Stopping threads took: 0.0000179 seconds
[2019-01-25T14:28:19.901+0000][1][safepoint    ] Application time: 1.0001309 seconds
[2019-01-25T14:28:19.901+0000][1][safepoint    ] Total time for which application threads were stopped: 0.0000691 seconds, Stopping threads took: 0.0000156 seconds
[2019-01-25T14:28:20.901+0000][1][safepoint    ] Application time: 1.0001336 seconds
[2019-01-25T14:28:20.901+0000][1][safepoint    ] Total time for which application threads were stopped: 0.0000470 seconds, Stopping threads took: 0.0000118 seconds
[2019-01-25T14:28:21.411+0000][1][safepoint    ] Application time: 0.5102449 seconds
[2019-01-25T14:28:21.411+0000][1][safepoint    ] Total time for which application threads were stopped: 0.0001275 seconds, Stopping threads took: 0.0000320 seconds
[2019-01-25T14:28:21.421+0000][1][safepoint    ] Application time: 0.0094558 seconds
[2019-01-25T14:28:21.422+0000][1][safepoint    ] Total time for which application threads were stopped: 0.0005624 seconds, Stopping threads took: 0.0000757 seconds
[2019-01-25T14:28:22.422+0000][1][safepoint    ] Application time: 1.0002235 seconds
[2019-01-25T14:28:22.422+0000][1][safepoint    ] Total time for which application threads were stopped: 0.0000765 seconds, Stopping threads took: 0.0000171 seconds
[2019-01-25T14:28:23.422+0000][1][safepoint    ] Application time: 1.0001159 seconds
[2019-01-25T14:28:23.422+0000][1][safepoint    ] Total time for which application threads were stopped: 0.0000834 seconds, Stopping threads took: 0.0000143 seconds
[2019-01-25T14:28:23.936+0000][1][safepoint    ] Application time: 0.5140381 seconds
[2019-01-25T14:28:23.936+0000][1][safepoint    ] Total time for which application threads were stopped: 0.0000979 seconds, Stopping threads took: 0.0000246 seconds
[2019-01-25T14:28:23.940+0000][1][safepoint    ] Application time: 0.0038581 seconds
[2019-01-25T14:28:23.940+0000][1][safepoint    ] Total time for which application threads were stopped: 0.0000916 seconds, Stopping threads took: 0.0000193 seconds
[2019-01-25T14:28:24.941+0000][1][safepoint    ] Application time: 1.0002252 seconds
[2019-01-25T14:28:24.941+0000][1][safepoint    ] Total time for which application threads were stopped: 0.0000480 seconds, Stopping threads took: 0.0000119 seconds
[2019-01-25T14:28:25.941+0000][1][safepoint    ] Application time: 1.0001202 seconds
[2019-01-25T14:28:25.941+0000][1][safepoint    ] Total time for which application threads were stopped: 0.0000751 seconds, Stopping threads took: 0.0000141 seconds
[2019-01-25T14:28:26.457+0000][1][safepoint    ] Application time: 0.5162297 seconds
[2019-01-25T14:28:26.457+0000][1][safepoint    ] Total time for which application threads were stopped: 0.0000988 seconds, Stopping threads took: 0.0000205 seconds
[2019-01-25T14:28:26.459+0000][1][safepoint    ] Application time: 0.0014122 seconds
[2019-01-25T14:28:26.459+0000][1][safepoint    ] Total time for which application threads were stopped: 0.0000774 seconds, Stopping threads took: 0.0000183 seconds
[2019-01-25T14:28:27.459+0000][1][safepoint    ] Application time: 1.0001552 seconds
[2019-01-25T14:28:27.459+0000][1][safepoint    ] Total time for which application threads were stopped: 0.0000706 seconds, Stopping threads took: 0.0000318 seconds
[2019-01-25T14:28:28.461+0000][1][safepoint    ] Application time: 1.0020632 seconds
[2019-01-25T14:28:28.461+0000][1][safepoint    ] Total time for which application threads were stopped: 0.0000830 seconds, Stopping threads took: 0.0000153 seconds
[2019-01-25T14:28:28.973+0000][1][safepoint    ] Application time: 0.5112548 seconds
[2019-01-25T14:28:28.973+0000][1][safepoint    ] Total time for which application threads were stopped: 0.0001451 seconds, Stopping threads took: 0.0000307 seconds
[2019-01-25T14:28:28.978+0000][1][safepoint    ] Application time: 0.0052409 seconds
[2019-01-25T14:28:28.978+0000][1][safepoint    ] Total time for which application threads were stopped: 0.0001241 seconds, Stopping threads took: 0.0000342 seconds
[2019-01-25T14:28:29.979+0000][1][safepoint    ] Application time: 1.0005500 seconds
[2019-01-25T14:28:29.979+0000][1][safepoint    ] Total time for which application threads were stopped: 0.0000677 seconds, Stopping threads took: 0.0000159 seconds
[2019-01-25T14:28:30.979+0000][1][safepoint    ] Application time: 1.0001698 seconds
[2019-01-25T14:28:30.979+0000][1][safepoint    ] Total time for which application threads were stopped: 0.0000861 seconds, Stopping threads took: 0.0000147 seconds
[2019-01-25T14:28:31.495+0000][1][safepoint    ] Application time: 0.5159429 seconds
[2019-01-25T14:28:31.495+0000][1][safepoint    ] Total time for which application threads were stopped: 0.0000972 seconds, Stopping threads took: 0.0000236 seconds
[2019-01-25T14:28:31.498+0000][1][safepoint    ] Application time: 0.0030057 seconds
[2019-01-25T14:28:31.499+0000][1][safepoint    ] Total time for which application threads were stopped: 0.0001081 seconds, Stopping threads took: 0.0000326 seconds
[2019-01-25T14:28:32.499+0000][1][safepoint    ] Application time: 1.0002288 seconds
[2019-01-25T14:28:32.499+0000][1][safepoint    ] Total time for which application threads were stopped: 0.0000886 seconds, Stopping threads took: 0.0000211 seconds
[2019-01-25T14:28:33.499+0000][1][safepoint    ] Application time: 1.0001301 seconds
[2019-01-25T14:28:33.499+0000][1][safepoint    ] Total time for which application threads were stopped: 0.0000502 seconds, Stopping threads took: 0.0000134 seconds
[2019-01-25T14:28:34.011+0000][1][safepoint    ] Application time: 0.5120721 seconds
[2019-01-25T14:28:34.012+0000][1][safepoint    ] Total time for which application threads were stopped: 0.0001196 seconds, Stopping threads took: 0.0000319 seconds
[2019-01-25T14:28:34.015+0000][1][safepoint    ] Application time: 0.0029743 seconds
[2019-01-25T14:28:34.015+0000][1][safepoint    ] Total time for which application threads were stopped: 0.0001141 seconds, Stopping threads took: 0.0000287 seconds
[2019-01-25T14:28:35.015+0000][1][safepoint    ] Application time: 1.0001580 seconds
[2019-01-25T14:28:35.015+0000][1][safepoint    ] Total time for which application threads were stopped: 0.0000724 seconds, Stopping threads took: 0.0000176 seconds
[2019-01-25T14:28:36.015+0000][1][safepoint    ] Application time: 1.0001006 seconds
[2019-01-25T14:28:36.015+0000][1][safepoint    ] Total time for which application threads were stopped: 0.0000459 seconds, Stopping threads took: 0.0000112 seconds
[2019-01-25T14:28:36.538+0000][1][safepoint    ] Application time: 0.5227108 seconds
[2019-01-25T14:28:36.538+0000][1][safepoint    ] Total time for which application threads were stopped: 0.0001419 seconds, Stopping threads took: 0.0000228 seconds
[2019-01-25T14:28:36.554+0000][1][safepoint    ] Application time: 0.0159869 seconds
[2019-01-25T14:28:36.555+0000][1][safepoint    ] Total time for which application threads were stopped: 0.0001310 seconds, Stopping threads took: 0.0000253 seconds
[2019-01-25T14:28:37.555+0000][1][safepoint    ] Application time: 1.0001632 seconds
[2019-01-25T14:28:37.555+0000][1][safepoint    ] Total time for which application threads were stopped: 0.0000458 seconds, Stopping threads took: 0.0000111 seconds
[2019-01-25T14:28:38.555+0000][1][safepoint    ] Application time: 1.0002481 seconds
[2019-01-25T14:28:38.556+0000][1][safepoint    ] Total time for which application threads were stopped: 0.0000969 seconds, Stopping threads took: 0.0000241 seconds
[2019-01-25T14:28:39.073+0000][1][safepoint    ] Application time: 0.5173811 seconds
[2019-01-25T14:28:39.073+0000][1][safepoint    ] Total time for which application threads were stopped: 0.0000760 seconds, Stopping threads took: 0.0000183 seconds
[2019-01-25T14:28:39.080+0000][1][safepoint    ] Application time: 0.0070947 seconds
[2019-01-25T14:28:39.080+0000][1][safepoint    ] Total time for which application threads were stopped: 0.0000691 seconds, Stopping threads took: 0.0000097 seconds
[2019-01-25T14:28:40.080+0000][1][safepoint    ] Application time: 1.0001360 seconds
[2019-01-25T14:28:40.081+0000][1][safepoint    ] Total time for which application threads were stopped: 0.0000683 seconds, Stopping threads took: 0.0000157 seconds
[2019-01-25T14:28:41.081+0000][1][safepoint    ] Application time: 1.0000818 seconds
[2019-01-25T14:28:41.081+0000][1][safepoint    ] Total time for which application threads were stopped: 0.0000450 seconds, Stopping threads took: 0.0000105 seconds
[2019-01-25T14:28:41.589+0000][1][safepoint    ] Application time: 0.5077722 seconds
[2019-01-25T14:28:41.589+0000][1][safepoint    ] Total time for which application threads were stopped: 0.0000753 seconds, Stopping threads took: 0.0000174 seconds
[2019-01-25T14:28:41.591+0000][1][safepoint    ] Application time: 0.0021532 seconds
[2019-01-25T14:28:41.591+0000][1][safepoint    ] Total time for which application threads were stopped: 0.0000974 seconds, Stopping threads took: 0.0000236 seconds
[2019-01-25T14:28:42.591+0000][1][safepoint    ] Application time: 1.0002322 seconds
[2019-01-25T14:28:42.591+0000][1][safepoint    ] Total time for which application threads were stopped: 0.0001220 seconds, Stopping threads took: 0.0000360 seconds
[2019-01-25T14:28:43.592+0000][1][safepoint    ] Application time: 1.0001269 seconds
[2019-01-25T14:28:43.592+0000][1][safepoint    ] Total time for which application threads were stopped: 0.0000461 seconds, Stopping threads took: 0.0000107 seconds
[2019-01-25T14:28:44.099+0000][1][safepoint    ] Application time: 0.5077043 seconds
[2019-01-25T14:28:44.100+0000][1][safepoint    ] Total time for which application threads were stopped: 0.0000963 seconds, Stopping threads took: 0.0000226 seconds
[2019-01-25T14:28:44.103+0000][1][safepoint    ] Application time: 0.0030480 seconds
[2019-01-25T14:28:44.103+0000][1][safepoint    ] Total time for which application threads were stopped: 0.0000754 seconds, Stopping threads took: 0.0000202 seconds
[2019-01-25T14:28:45.103+0000][1][safepoint    ] Application time: 1.0001167 seconds
[2019-01-25T14:28:45.103+0000][1][safepoint    ] Total time for which application threads were stopped: 0.0000765 seconds, Stopping threads took: 0.0000164 seconds
[2019-01-25T14:28:46.103+0000][1][safepoint    ] Application time: 1.0002475 seconds
[2019-01-25T14:28:46.103+0000][1][safepoint    ] Total time for which application threads were stopped: 0.0001201 seconds, Stopping threads took: 0.0000273 seconds
[2019-01-25T14:28:46.613+0000][1][safepoint    ] Application time: 0.5094326 seconds
[2019-01-25T14:28:46.613+0000][1][safepoint    ] Total time for which application threads were stopped: 0.0001515 seconds, Stopping threads took: 0.0000441 seconds
[2019-01-25T14:28:46.616+0000][1][safepoint    ] Application time: 0.0032330 seconds
[2019-01-25T14:28:46.618+0000][1][safepoint    ] Total time for which application threads were stopped: 0.0014780 seconds, Stopping threads took: 0.0012946 seconds
[2019-01-25T14:28:47.618+0000][1][safepoint    ] Application time: 1.0003286 seconds
[2019-01-25T14:28:47.618+0000][1][safepoint    ] Total time for which application threads were stopped: 0.0000462 seconds, Stopping threads took: 0.0000113 seconds
[2019-01-25T14:28:48.619+0000][1][safepoint    ] Application time: 1.0000911 seconds
[2019-01-25T14:28:48.619+0000][1][safepoint    ] Total time for which application threads were stopped: 0.0000448 seconds, Stopping threads took: 0.0000114 seconds
[2019-01-25T14:28:49.127+0000][1][safepoint    ] Application time: 0.5085816 seconds
[2019-01-25T14:28:49.127+0000][1][safepoint    ] Total time for which application threads were stopped: 0.0001635 seconds, Stopping threads took: 0.0001028 seconds
[2019-01-25T14:28:49.131+0000][1][safepoint    ] Application time: 0.0031040 seconds
[2019-01-25T14:28:49.131+0000][1][safepoint    ] Total time for which application threads were stopped: 0.0000773 seconds, Stopping threads took: 0.0000179 seconds
[2019-01-25T14:28:50.131+0000][1][safepoint    ] Application time: 1.0001526 seconds
[2019-01-25T14:28:50.131+0000][1][safepoint    ] Total time for which application threads were stopped: 0.0000682 seconds, Stopping threads took: 0.0000151 seconds
[2019-01-25T14:28:51.131+0000][1][safepoint    ] Application time: 1.0001348 seconds
[2019-01-25T14:28:51.131+0000][1][safepoint    ] Total time for which application threads were stopped: 0.0000645 seconds, Stopping threads took: 0.0000164 seconds
[2019-01-25T14:28:51.643+0000][1][safepoint    ] Application time: 0.5114120 seconds
[2019-01-25T14:28:51.643+0000][1][safepoint    ] Total time for which application threads were stopped: 0.0000746 seconds, Stopping threads took: 0.0000169 seconds
[2019-01-25T14:28:51.648+0000][1][safepoint    ] Application time: 0.0056882 seconds
[2019-01-25T14:28:51.649+0000][1][safepoint    ] Total time for which application threads were stopped: 0.0004420 seconds, Stopping threads took: 0.0000090 seconds
[2019-01-25T14:28:52.649+0000][1][safepoint    ] Application time: 1.0002219 seconds
[2019-01-25T14:28:52.649+0000][1][safepoint    ] Total time for which application threads were stopped: 0.0001195 seconds, Stopping threads took: 0.0000230 seconds
[2019-01-25T14:28:53.650+0000][1][safepoint    ] Application time: 1.0001964 seconds
[2019-01-25T14:28:53.650+0000][1][safepoint    ] Total time for which application threads were stopped: 0.0000697 seconds, Stopping threads took: 0.0000165 seconds
[2019-01-25T14:28:54.170+0000][1][safepoint    ] Application time: 0.5199526 seconds
[2019-01-25T14:28:54.170+0000][1][safepoint    ] Total time for which application threads were stopped: 0.0002024 seconds, Stopping threads took: 0.0000249 seconds
[2019-01-25T14:28:54.176+0000][1][safepoint    ] Application time: 0.0057522 seconds
[2019-01-25T14:28:54.176+0000][1][safepoint    ] Total time for which application threads were stopped: 0.0001113 seconds, Stopping threads took: 0.0000158 seconds
[2019-01-25T14:28:55.176+0000][1][safepoint    ] Application time: 1.0001515 seconds
[2019-01-25T14:28:55.176+0000][1][safepoint    ] Total time for which application threads were stopped: 0.0000698 seconds, Stopping threads took: 0.0000159 seconds
[2019-01-25T14:28:56.177+0000][1][safepoint    ] Application time: 1.0003931 seconds
[2019-01-25T14:28:56.177+0000][1][safepoint    ] Total time for which application threads were stopped: 0.0000963 seconds, Stopping threads took: 0.0000198 seconds
[2019-01-25T14:28:56.695+0000][1][safepoint    ] Application time: 0.5186555 seconds
[2019-01-25T14:28:56.696+0000][1][safepoint    ] Total time for which application threads were stopped: 0.0000694 seconds, Stopping threads took: 0.0000094 seconds
[2019-01-25T14:28:56.698+0000][1][safepoint    ] Application time: 0.0025679 seconds
[2019-01-25T14:28:56.698+0000][1][safepoint    ] Total time for which application threads were stopped: 0.0001165 seconds, Stopping threads took: 0.0000302 seconds
[2019-01-25T14:28:57.699+0000][1][safepoint    ] Application time: 1.0002640 seconds
[2019-01-25T14:28:57.699+0000][1][safepoint    ] Total time for which application threads were stopped: 0.0003742 seconds, Stopping threads took: 0.0002048 seconds
[2019-01-25T14:28:58.700+0000][1][safepoint    ] Application time: 1.0005145 seconds
[2019-01-25T14:28:58.700+0000][1][safepoint    ] Total time for which application threads were stopped: 0.0001645 seconds, Stopping threads took: 0.0000401 seconds
[2019-01-25T14:28:59.210+0000][1][safepoint    ] Application time: 0.5102177 seconds
[2019-01-25T14:28:59.210+0000][1][safepoint    ] Total time for which application threads were stopped: 0.0000704 seconds, Stopping threads took: 0.0000096 seconds
[2019-01-25T14:28:59.212+0000][1][safepoint    ] Application time: 0.0019428 seconds
[2019-01-25T14:28:59.212+0000][1][safepoint    ] Total time for which application threads were stopped: 0.0000985 seconds, Stopping threads took: 0.0000145 seconds
[2019-01-25T14:29:00.213+0000][1][safepoint    ] Application time: 1.0002228 seconds
[2019-01-25T14:29:00.213+0000][1][safepoint    ] Total time for which application threads were stopped: 0.0000605 seconds, Stopping threads took: 0.0000149 seconds
[2019-01-25T14:29:01.213+0000][1][safepoint    ] Application time: 1.0001719 seconds
[2019-01-25T14:29:01.213+0000][1][safepoint    ] Total time for which application threads were stopped: 0.0000726 seconds, Stopping threads took: 0.0000181 seconds
[2019-01-25T14:29:01.724+0000][1][safepoint    ] Application time: 0.5106236 seconds
[2019-01-25T14:29:01.724+0000][1][safepoint    ] Total time for which application threads were stopped: 0.0001008 seconds, Stopping threads took: 0.0000144 seconds
[2019-01-25T14:29:01.728+0000][1][safepoint    ] Application time: 0.0037016 seconds
[2019-01-25T14:29:01.728+0000][1][safepoint    ] Total time for which application threads were stopped: 0.0000699 seconds, Stopping threads took: 0.0000100 seconds
[2019-01-25T14:29:02.728+0000][1][safepoint    ] Application time: 1.0003715 seconds
[2019-01-25T14:29:02.728+0000][1][safepoint    ] Total time for which application threads were stopped: 0.0001892 seconds, Stopping threads took: 0.0000386 seconds
[2019-01-25T14:29:03.729+0000][1][safepoint    ] Application time: 1.0003683 seconds
[2019-01-25T14:29:03.729+0000][1][safepoint    ] Total time for which application threads were stopped: 0.0000606 seconds, Stopping threads took: 0.0000192 seconds
[2019-01-25T14:29:04.241+0000][1][safepoint    ] Application time: 0.5119999 seconds
[2019-01-25T14:29:04.241+0000][1][safepoint    ] Total time for which application threads were stopped: 0.0002071 seconds, Stopping threads took: 0.0000282 seconds
[2019-01-25T14:29:04.255+0000][1][safepoint    ] Application time: 0.0138153 seconds
[2019-01-25T14:29:04.258+0000][1][safepoint    ] Total time for which application threads were stopped: 0.0031914 seconds, Stopping threads took: 0.0030800 seconds
[2019-01-25T14:29:05.259+0000][1][safepoint    ] Application time: 1.0002318 seconds
[2019-01-25T14:29:05.259+0000][1][safepoint    ] Total time for which application threads were stopped: 0.0000752 seconds, Stopping threads took: 0.0000142 seconds
[2019-01-25T14:29:06.259+0000][1][safepoint    ] Application time: 1.0004395 seconds
[2019-01-25T14:29:06.259+0000][1][safepoint    ] Total time for which application threads were stopped: 0.0000598 seconds, Stopping threads took: 0.0000138 seconds
[2019-01-25T14:29:06.772+0000][1][safepoint    ] Application time: 0.5129394 seconds
[2019-01-25T14:29:06.773+0000][1][safepoint    ] Total time for which application threads were stopped: 0.0001381 seconds, Stopping threads took: 0.0000338 seconds
[2019-01-25T14:29:06.776+0000][1][safepoint    ] Application time: 0.0033226 seconds
[2019-01-25T14:29:06.776+0000][1][safepoint    ] Total time for which application threads were stopped: 0.0001389 seconds, Stopping threads took: 0.0000189 seconds
[2019-01-25T14:29:07.776+0000][1][safepoint    ] Application time: 1.0001412 seconds
[2019-01-25T14:29:07.776+0000][1][safepoint    ] Total time for which application threads were stopped: 0.0000666 seconds, Stopping threads took: 0.0000145 seconds
[2019-01-25T14:29:08.776+0000][1][safepoint    ] Application time: 1.0001316 seconds
[2019-01-25T14:29:08.776+0000][1][safepoint    ] Total time for which application threads were stopped: 0.0000614 seconds, Stopping threads took: 0.0000143 seconds
[2019-01-25T14:29:09.305+0000][1][safepoint    ] Application time: 0.5294477 seconds
[2019-01-25T14:29:09.306+0000][1][safepoint    ] Total time for which application threads were stopped: 0.0002497 seconds, Stopping threads took: 0.0001558 seconds
[2019-01-25T14:29:09.326+0000][1][safepoint    ] Application time: 0.0199902 seconds
[2019-01-25T14:29:09.326+0000][1][safepoint    ] Total time for which application threads were stopped: 0.0002328 seconds, Stopping threads took: 0.0000173 seconds
[2019-01-25T14:29:10.326+0000][1][safepoint    ] Application time: 1.0001564 seconds
[2019-01-25T14:29:10.326+0000][1][safepoint    ] Total time for which application threads were stopped: 0.0000462 seconds, Stopping threads took: 0.0000117 seconds
[2019-01-25T14:29:11.326+0000][1][safepoint    ] Application time: 1.0001390 seconds
[2019-01-25T14:29:11.327+0000][1][safepoint    ] Total time for which application threads were stopped: 0.0000744 seconds, Stopping threads took: 0.0000180 seconds
[2019-01-25T14:29:11.834+0000][1][safepoint    ] Application time: 0.5076764 seconds
[2019-01-25T14:29:11.834+0000][1][safepoint    ] Total time for which application threads were stopped: 0.0001166 seconds, Stopping threads took: 0.0000134 seconds
[2019-01-25T14:29:11.843+0000][1][safepoint    ] Application time: 0.0089756 seconds
[2019-01-25T14:29:11.844+0000][1][safepoint    ] Total time for which application threads were stopped: 0.0001056 seconds, Stopping threads took: 0.0000150 seconds
[2019-01-25T14:29:12.844+0000][1][safepoint    ] Application time: 1.0001391 seconds
[2019-01-25T14:29:12.845+0000][1][safepoint    ] Total time for which application threads were stopped: 0.0000459 seconds, Stopping threads took: 0.0000115 seconds
[2019-01-25T14:29:13.845+0000][1][safepoint    ] Application time: 1.0001308 seconds
[2019-01-25T14:29:13.845+0000][1][safepoint    ] Total time for which application threads were stopped: 0.0000639 seconds, Stopping threads took: 0.0000140 seconds
[2019-01-25T14:29:14.354+0000][1][safepoint    ] Application time: 0.5088205 seconds
[2019-01-25T14:29:14.354+0000][1][safepoint    ] Total time for which application threads were stopped: 0.0000758 seconds, Stopping threads took: 0.0000118 seconds
[2019-01-25T14:29:14.356+0000][1][safepoint    ] Application time: 0.0023089 seconds
[2019-01-25T14:29:14.356+0000][1][safepoint    ] Total time for which application threads were stopped: 0.0000883 seconds, Stopping threads took: 0.0000258 seconds
[2019-01-25T14:29:15.356+0000][1][safepoint    ] Application time: 1.0001288 seconds
[2019-01-25T14:29:15.356+0000][1][safepoint    ] Total time for which application threads were stopped: 0.0000707 seconds, Stopping threads took: 0.0000164 seconds
[2019-01-25T14:29:16.357+0000][1][safepoint    ] Application time: 1.0002013 seconds
[2019-01-25T14:29:16.357+0000][1][safepoint    ] Total time for which application threads were stopped: 0.0001658 seconds, Stopping threads took: 0.0000306 seconds
[2019-01-25T14:29:16.876+0000][1][safepoint    ] Application time: 0.5188017 seconds
[2019-01-25T14:29:16.876+0000][1][safepoint    ] Total time for which application threads were stopped: 0.0003577 seconds, Stopping threads took: 0.0000764 seconds
[2019-01-25T14:29:16.884+0000][1][safepoint    ] Application time: 0.0073220 seconds
[2019-01-25T14:29:16.884+0000][1][safepoint    ] Total time for which application threads were stopped: 0.0002752 seconds, Stopping threads took: 0.0000637 seconds
[2019-01-25T14:29:17.884+0000][1][safepoint    ] Application time: 1.0002396 seconds
[2019-01-25T14:29:17.885+0000][1][safepoint    ] Total time for which application threads were stopped: 0.0000464 seconds, Stopping threads took: 0.0000112 seconds
[2019-01-25T14:29:18.885+0000][1][safepoint    ] Application time: 1.0004743 seconds
[2019-01-25T14:29:18.885+0000][1][safepoint    ] Total time for which application threads were stopped: 0.0000683 seconds, Stopping threads took: 0.0000161 seconds
[2019-01-25T14:29:19.400+0000][1][safepoint    ] Application time: 0.5144774 seconds
[2019-01-25T14:29:19.400+0000][1][safepoint    ] Total time for which application threads were stopped: 0.0000916 seconds, Stopping threads took: 0.0000123 seconds
[2019-01-25T14:29:19.418+0000][1][safepoint    ] Application time: 0.0177962 seconds
[2019-01-25T14:29:19.420+0000][1][safepoint    ] Total time for which application threads were stopped: 0.0025446 seconds, Stopping threads took: 0.0024388 seconds
[2019-01-25T14:29:20.423+0000][1][safepoint    ] Application time: 1.0027796 seconds
[2019-01-25T14:29:20.423+0000][1][safepoint    ] Total time for which application threads were stopped: 0.0000907 seconds, Stopping threads took: 0.0000166 seconds
[2019-01-25T14:29:21.423+0000][1][safepoint    ] Application time: 1.0001177 seconds
[2019-01-25T14:29:21.423+0000][1][safepoint    ] Total time for which application threads were stopped: 0.0000631 seconds, Stopping threads took: 0.0000147 seconds
[2019-01-25T14:29:21.932+0000][1][safepoint    ] Application time: 0.5091397 seconds
[2019-01-25T14:29:21.933+0000][1][safepoint    ] Total time for which application threads were stopped: 0.0000956 seconds, Stopping threads took: 0.0000213 seconds
[2019-01-25T14:29:21.934+0000][1][safepoint    ] Application time: 0.0016414 seconds
[2019-01-25T14:29:21.934+0000][1][safepoint    ] Total time for which application threads were stopped: 0.0000996 seconds, Stopping threads took: 0.0000242 seconds
[2019-01-25T14:29:22.935+0000][1][safepoint    ] Application time: 1.0002246 seconds
[2019-01-25T14:29:22.935+0000][1][safepoint    ] Total time for which application threads were stopped: 0.0001308 seconds, Stopping threads took: 0.0000215 seconds
[2019-01-25T14:29:23.935+0000][1][safepoint    ] Application time: 1.0001569 seconds
[2019-01-25T14:29:23.935+0000][1][safepoint    ] Total time for which application threads were stopped: 0.0000693 seconds, Stopping threads took: 0.0000153 seconds
[2019-01-25T14:29:24.447+0000][1][safepoint    ] Application time: 0.5113585 seconds
[2019-01-25T14:29:24.447+0000][1][safepoint    ] Total time for which application threads were stopped: 0.0001142 seconds, Stopping threads took: 0.0000247 seconds
[2019-01-25T14:29:24.449+0000][1][safepoint    ] Application time: 0.0021420 seconds
[2019-01-25T14:29:24.449+0000][1][safepoint    ] Total time for which application threads were stopped: 0.0001077 seconds, Stopping threads took: 0.0000251 seconds
[2019-01-25T14:29:25.449+0000][1][safepoint    ] Application time: 1.0001100 seconds
[2019-01-25T14:29:25.449+0000][1][safepoint    ] Total time for which application threads were stopped: 0.0000506 seconds, Stopping threads took: 0.0000120 seconds
[2019-01-25T14:29:26.449+0000][1][safepoint    ] Application time: 1.0001316 seconds
[2019-01-25T14:29:26.449+0000][1][safepoint    ] Total time for which application threads were stopped: 0.0000486 seconds, Stopping threads took: 0.0000114 seconds
[2019-01-25T14:29:26.958+0000][1][safepoint    ] Application time: 0.5086821 seconds
[2019-01-25T14:29:26.958+0000][1][safepoint    ] Total time for which application threads were stopped: 0.0000872 seconds, Stopping threads took: 0.0000117 seconds
[2019-01-25T14:29:26.961+0000][1][safepoint    ] Application time: 0.0027712 seconds
[2019-01-25T14:29:26.961+0000][1][safepoint    ] Total time for which application threads were stopped: 0.0001178 seconds, Stopping threads took: 0.0000597 seconds
[2019-01-25T14:29:27.961+0000][1][safepoint    ] Application time: 1.0002207 seconds
[2019-01-25T14:29:27.962+0000][1][safepoint    ] Total time for which application threads were stopped: 0.0001920 seconds, Stopping threads took: 0.0000752 seconds
[2019-01-25T14:29:28.962+0000][1][safepoint    ] Application time: 1.0001517 seconds
[2019-01-25T14:29:28.962+0000][1][safepoint    ] Total time for which application threads were stopped: 0.0000952 seconds, Stopping threads took: 0.0000426 seconds
[2019-01-25T14:29:29.473+0000][1][safepoint    ] Application time: 0.5103105 seconds
[2019-01-25T14:29:29.474+0000][1][safepoint    ] Total time for which application threads were stopped: 0.0008306 seconds, Stopping threads took: 0.0007624 seconds
[2019-01-25T14:29:29.476+0000][1][safepoint    ] Application time: 0.0027277 seconds
[2019-01-25T14:29:29.477+0000][1][safepoint    ] Total time for which application threads were stopped: 0.0001574 seconds, Stopping threads took: 0.0000963 seconds
[2019-01-25T14:29:30.477+0000][1][safepoint    ] Application time: 1.0001364 seconds
[2019-01-25T14:29:30.477+0000][1][safepoint    ] Total time for which application threads were stopped: 0.0000611 seconds, Stopping threads took: 0.0000166 seconds
[2019-01-25T14:29:31.477+0000][1][safepoint    ] Application time: 1.0001906 seconds
[2019-01-25T14:29:31.477+0000][1][safepoint    ] Total time for which application threads were stopped: 0.0000518 seconds, Stopping threads took: 0.0000120 seconds
[2019-01-25T14:29:31.996+0000][1][safepoint    ] Application time: 0.5191454 seconds
[2019-01-25T14:29:31.997+0000][1][safepoint    ] Total time for which application threads were stopped: 0.0001984 seconds, Stopping threads took: 0.0000272 seconds
[2019-01-25T14:29:32.003+0000][1][safepoint    ] Application time: 0.0060948 seconds
[2019-01-25T14:29:32.003+0000][1][safepoint    ] Total time for which application threads were stopped: 0.0001232 seconds, Stopping threads took: 0.0000183 seconds
[2019-01-25T14:29:33.002+0000][1][safepoint    ] Application time: 1.0002977 seconds
[2019-01-25T14:29:33.002+0000][1][safepoint    ] Total time for which application threads were stopped: 0.0000613 seconds, Stopping threads took: 0.0000110 seconds
[2019-01-25T14:29:34.003+0000][1][safepoint    ] Application time: 1.0008856 seconds
[2019-01-25T14:29:34.004+0000][1][safepoint    ] Total time for which application threads were stopped: 0.0000799 seconds, Stopping threads took: 0.0000157 seconds
[2019-01-25T14:29:34.508+0000][1][safepoint    ] Application time: 0.5042396 seconds
[2019-01-25T14:29:34.508+0000][1][safepoint    ] Total time for which application threads were stopped: 0.0001189 seconds, Stopping threads took: 0.0000259 seconds
[2019-01-25T14:29:34.510+0000][1][safepoint    ] Application time: 0.0022225 seconds
[2019-01-25T14:29:34.510+0000][1][safepoint    ] Total time for which application threads were stopped: 0.0001150 seconds, Stopping threads took: 0.0000263 seconds
[2019-01-25T14:29:35.511+0000][1][safepoint    ] Application time: 1.0001708 seconds
[2019-01-25T14:29:35.511+0000][1][safepoint    ] Total time for which application threads were stopped: 0.0000517 seconds, Stopping threads took: 0.0000146 seconds
[2019-01-25T14:29:36.511+0000][1][safepoint    ] Application time: 1.0001539 seconds
[2019-01-25T14:29:36.511+0000][1][safepoint    ] Total time for which application threads were stopped: 0.0000569 seconds, Stopping threads took: 0.0000157 seconds
[2019-01-25T14:29:37.018+0000][1][safepoint    ] Application time: 0.5071028 seconds
[2019-01-25T14:29:37.018+0000][1][safepoint    ] Total time for which application threads were stopped: 0.0000971 seconds, Stopping threads took: 0.0000229 seconds
[2019-01-25T14:29:37.020+0000][1][safepoint    ] Application time: 0.0018637 seconds
[2019-01-25T14:29:37.020+0000][1][safepoint    ] Total time for which application threads were stopped: 0.0000849 seconds, Stopping threads took: 0.0000130 seconds
[2019-01-25T14:29:38.021+0000][1][safepoint    ] Application time: 1.0003009 seconds
[2019-01-25T14:29:38.022+0000][1][safepoint    ] Total time for which application threads were stopped: 0.0001070 seconds, Stopping threads took: 0.0000254 seconds
[2019-01-25T14:29:39.022+0000][1][safepoint    ] Application time: 1.0001552 seconds
[2019-01-25T14:29:39.022+0000][1][safepoint    ] Total time for which application threads were stopped: 0.0001007 seconds, Stopping threads took: 0.0000299 seconds
[2019-01-25T14:29:39.533+0000][1][safepoint    ] Application time: 0.5112933 seconds
[2019-01-25T14:29:39.533+0000][1][safepoint    ] Total time for which application threads were stopped: 0.0000985 seconds, Stopping threads took: 0.0000131 seconds
[2019-01-25T14:29:39.538+0000][1][safepoint    ] Application time: 0.0049091 seconds
[2019-01-25T14:29:39.539+0000][1][safepoint    ] Total time for which application threads were stopped: 0.0004330 seconds, Stopping threads took: 0.0000180 seconds
[2019-01-25T14:29:40.539+0000][1][safepoint    ] Application time: 1.0002025 seconds
[2019-01-25T14:29:40.539+0000][1][safepoint    ] Total time for which application threads were stopped: 0.0000721 seconds, Stopping threads took: 0.0000154 seconds
[2019-01-25T14:29:41.539+0000][1][safepoint    ] Application time: 1.0002152 seconds
[2019-01-25T14:29:41.540+0000][1][safepoint    ] Total time for which application threads were stopped: 0.0001026 seconds, Stopping threads took: 0.0000262 seconds
[2019-01-25T14:29:42.049+0000][1][safepoint    ] Application time: 0.5096638 seconds
[2019-01-25T14:29:42.049+0000][1][safepoint    ] Total time for which application threads were stopped: 0.0001096 seconds, Stopping threads took: 0.0000159 seconds
[2019-01-25T14:29:42.052+0000][1][safepoint    ] Application time: 0.0028000 seconds
[2019-01-25T14:29:42.052+0000][1][safepoint    ] Total time for which application threads were stopped: 0.0000822 seconds, Stopping threads took: 0.0000108 seconds
[2019-01-25T14:29:43.053+0000][1][safepoint    ] Application time: 1.0001709 seconds
[2019-01-25T14:29:43.053+0000][1][safepoint    ] Total time for which application threads were stopped: 0.0000682 seconds, Stopping threads took: 0.0000122 seconds
[2019-01-25T14:29:44.053+0000][1][safepoint    ] Application time: 1.0003917 seconds
[2019-01-25T14:29:44.053+0000][1][safepoint    ] Total time for which application threads were stopped: 0.0000624 seconds, Stopping threads took: 0.0000170 seconds
[2019-01-25T14:29:44.558+0000][1][safepoint    ] Application time: 0.5047861 seconds
[2019-01-25T14:29:44.558+0000][1][safepoint    ] Total time for which application threads were stopped: 0.0001015 seconds, Stopping threads took: 0.0000136 seconds
[2019-01-25T14:29:44.561+0000][1][safepoint    ] Application time: 0.0026035 seconds
[2019-01-25T14:29:44.561+0000][1][safepoint    ] Total time for which application threads were stopped: 0.0001054 seconds, Stopping threads took: 0.0000265 seconds
[2019-01-25T14:29:45.561+0000][1][safepoint    ] Application time: 1.0003658 seconds
[2019-01-25T14:29:45.561+0000][1][safepoint    ] Total time for which application threads were stopped: 0.0000619 seconds, Stopping threads took: 0.0000121 seconds
[2019-01-25T14:29:46.562+0000][1][safepoint    ] Application time: 1.0001246 seconds
[2019-01-25T14:29:46.562+0000][1][safepoint    ] Total time for which application threads were stopped: 0.0000460 seconds, Stopping threads took: 0.0000115 seconds
[2019-01-25T14:29:47.068+0000][1][safepoint    ] Application time: 0.5061740 seconds
[2019-01-25T14:29:47.068+0000][1][safepoint    ] Total time for which application threads were stopped: 0.0000985 seconds, Stopping threads took: 0.0000139 seconds
[2019-01-25T14:29:47.070+0000][1][safepoint    ] Application time: 0.0017280 seconds
[2019-01-25T14:29:47.070+0000][1][safepoint    ] Total time for which application threads were stopped: 0.0000989 seconds, Stopping threads took: 0.0000130 seconds
[2019-01-25T14:29:48.070+0000][1][safepoint    ] Application time: 1.0005009 seconds
[2019-01-25T14:29:48.071+0000][1][safepoint    ] Total time for which application threads were stopped: 0.0001623 seconds, Stopping threads took: 0.0000379 seconds
[2019-01-25T14:29:49.071+0000][1][safepoint    ] Application time: 1.0001602 seconds
[2019-01-25T14:29:49.071+0000][1][safepoint    ] Total time for which application threads were stopped: 0.0000454 seconds, Stopping threads took: 0.0000109 seconds
[2019-01-25T14:29:49.576+0000][1][safepoint    ] Application time: 0.5047153 seconds
[2019-01-25T14:29:49.576+0000][1][safepoint    ] Total time for which application threads were stopped: 0.0000763 seconds, Stopping threads took: 0.0000101 seconds
[2019-01-25T14:29:49.587+0000][1][safepoint    ] Application time: 0.0112887 seconds
[2019-01-25T14:29:49.587+0000][1][safepoint    ] Total time for which application threads were stopped: 0.0000755 seconds, Stopping threads took: 0.0000115 seconds
[2019-01-25T14:29:50.587+0000][1][safepoint    ] Application time: 1.0002030 seconds
[2019-01-25T14:29:50.588+0000][1][safepoint    ] Total time for which application threads were stopped: 0.0000695 seconds, Stopping threads took: 0.0000112 seconds
[2019-01-25T14:29:51.588+0000][1][safepoint    ] Application time: 1.0003108 seconds
[2019-01-25T14:29:51.588+0000][1][safepoint    ] Total time for which application threads were stopped: 0.0002431 seconds, Stopping threads took: 0.0000515 seconds
[2019-01-25T14:29:52.104+0000][1][safepoint    ] Application time: 0.5153312 seconds
[2019-01-25T14:29:52.104+0000][1][safepoint    ] Total time for which application threads were stopped: 0.0001474 seconds, Stopping threads took: 0.0000189 seconds
[2019-01-25T14:29:52.106+0000][1][safepoint    ] Application time: 0.0022114 seconds
[2019-01-25T14:29:52.106+0000][1][safepoint    ] Total time for which application threads were stopped: 0.0001070 seconds, Stopping threads took: 0.0000130 seconds
[2019-01-25T14:29:53.107+0000][1][safepoint    ] Application time: 1.0001530 seconds
[2019-01-25T14:29:53.107+0000][1][safepoint    ] Total time for which application threads were stopped: 0.0000694 seconds, Stopping threads took: 0.0000163 seconds
[2019-01-25T14:29:54.107+0000][1][safepoint    ] Application time: 1.0006296 seconds
[2019-01-25T14:29:54.107+0000][1][safepoint    ] Total time for which application threads were stopped: 0.0000474 seconds, Stopping threads took: 0.0000113 seconds
[2019-01-25T14:29:54.613+0000][1][safepoint    ] Application time: 0.5054688 seconds
[2019-01-25T14:29:54.613+0000][1][safepoint    ] Total time for which application threads were stopped: 0.0001030 seconds, Stopping threads took: 0.0000141 seconds
[2019-01-25T14:29:54.615+0000][1][safepoint    ] Application time: 0.0016677 seconds
[2019-01-25T14:29:54.615+0000][1][safepoint    ] Total time for which application threads were stopped: 0.0000919 seconds, Stopping threads took: 0.0000132 seconds
[2019-01-25T14:29:55.615+0000][1][safepoint    ] Application time: 1.0002977 seconds
[2019-01-25T14:29:55.616+0000][1][safepoint    ] Total time for which application threads were stopped: 0.0002572 seconds, Stopping threads took: 0.0000526 seconds
[2019-01-25T14:29:56.616+0000][1][safepoint    ] Application time: 1.0001497 seconds
[2019-01-25T14:29:56.616+0000][1][safepoint    ] Total time for which application threads were stopped: 0.0001057 seconds, Stopping threads took: 0.0000159 seconds
[2019-01-25T14:29:57.131+0000][1][safepoint    ] Application time: 0.5149491 seconds
[2019-01-25T14:29:57.131+0000][1][safepoint    ] Total time for which application threads were stopped: 0.0000716 seconds, Stopping threads took: 0.0000102 seconds
[2019-01-25T14:29:57.136+0000][1][safepoint    ] Application time: 0.0047702 seconds
[2019-01-25T14:29:57.136+0000][1][safepoint    ] Total time for which application threads were stopped: 0.0000676 seconds, Stopping threads took: 0.0000104 seconds
[2019-01-25T14:29:58.136+0000][1][safepoint    ] Application time: 1.0003951 seconds
[2019-01-25T14:29:58.137+0000][1][safepoint    ] Total time for which application threads were stopped: 0.0002193 seconds, Stopping threads took: 0.0000977 seconds
[2019-01-25T14:29:59.137+0000][1][safepoint    ] Application time: 1.0001361 seconds
[2019-01-25T14:29:59.137+0000][1][safepoint    ] Total time for which application threads were stopped: 0.0000465 seconds, Stopping threads took: 0.0000109 seconds
[2019-01-25T14:29:59.644+0000][1][safepoint    ] Application time: 0.5072562 seconds
[2019-01-25T14:29:59.645+0000][1][safepoint    ] Total time for which application threads were stopped: 0.0002411 seconds, Stopping threads took: 0.0000324 seconds
[2019-01-25T14:29:59.655+0000][1][safepoint    ] Application time: 0.0102213 seconds
[2019-01-25T14:29:59.655+0000][1][safepoint    ] Total time for which application threads were stopped: 0.0002280 seconds, Stopping threads took: 0.0000218 seconds
[2019-01-25T14:30:00.655+0000][1][safepoint    ] Application time: 1.0001992 seconds
[2019-01-25T14:30:00.655+0000][1][safepoint    ] Total time for which application threads were stopped: 0.0000518 seconds, Stopping threads took: 0.0000114 seconds
[2019-01-25T14:30:01.656+0000][1][safepoint    ] Application time: 1.0002018 seconds
[2019-01-25T14:30:01.656+0000][1][safepoint    ] Total time for which application threads were stopped: 0.0000581 seconds, Stopping threads took: 0.0000155 seconds
[2019-01-25T14:30:02.164+0000][1][safepoint    ] Application time: 0.5085949 seconds
[2019-01-25T14:30:02.164+0000][1][safepoint    ] Total time for which application threads were stopped: 0.0000743 seconds, Stopping threads took: 0.0000103 seconds
[2019-01-25T14:30:02.166+0000][1][safepoint    ] Application time: 0.0019646 seconds
[2019-01-25T14:30:02.167+0000][1][safepoint    ] Total time for which application threads were stopped: 0.0001135 seconds, Stopping threads took: 0.0000145 seconds
[2019-01-25T14:30:03.167+0000][1][safepoint    ] Application time: 1.0001596 seconds
[2019-01-25T14:30:03.167+0000][1][safepoint    ] Total time for which application threads were stopped: 0.0000691 seconds, Stopping threads took: 0.0000141 seconds
[2019-01-25T14:30:04.167+0000][1][safepoint    ] Application time: 1.0001374 seconds
[2019-01-25T14:30:04.167+0000][1][safepoint    ] Total time for which application threads were stopped: 0.0000492 seconds, Stopping threads took: 0.0000127 seconds
[2019-01-25T14:30:04.674+0000][1][safepoint    ] Application time: 0.5070907 seconds
[2019-01-25T14:30:04.674+0000][1][safepoint    ] Total time for which application threads were stopped: 0.0001002 seconds, Stopping threads took: 0.0000239 seconds
[2019-01-25T14:30:04.695+0000][1][safepoint    ] Application time: 0.0210311 seconds
[2019-01-25T14:30:04.696+0000][1][safepoint    ] Total time for which application threads were stopped: 0.0009114 seconds, Stopping threads took: 0.0000266 seconds
[2019-01-25T14:30:05.697+0000][1][safepoint    ] Application time: 1.0001655 seconds
[2019-01-25T14:30:05.697+0000][1][safepoint    ] Total time for which application threads were stopped: 0.0000739 seconds, Stopping threads took: 0.0000174 seconds
[2019-01-25T14:30:06.697+0000][1][safepoint    ] Application time: 1.0001307 seconds
[2019-01-25T14:30:06.697+0000][1][safepoint    ] Total time for which application threads were stopped: 0.0000514 seconds, Stopping threads took: 0.0000168 seconds
[2019-01-25T14:30:07.223+0000][1][safepoint    ] Application time: 0.5263992 seconds
[2019-01-25T14:30:07.224+0000][1][safepoint    ] Total time for which application threads were stopped: 0.0001263 seconds, Stopping threads took: 0.0000255 seconds
[2019-01-25T14:30:07.233+0000][1][safepoint    ] Application time: 0.0092327 seconds
[2019-01-25T14:30:07.233+0000][1][safepoint    ] Total time for which application threads were stopped: 0.0000962 seconds, Stopping threads took: 0.0000238 seconds
[2019-01-25T14:30:08.233+0000][1][safepoint    ] Application time: 1.0001474 seconds
[2019-01-25T14:30:08.233+0000][1][safepoint    ] Total time for which application threads were stopped: 0.0000756 seconds, Stopping threads took: 0.0000154 seconds
[2019-01-25T14:30:09.233+0000][1][safepoint    ] Application time: 1.0001211 seconds
[2019-01-25T14:30:09.233+0000][1][safepoint    ] Total time for which application threads were stopped: 0.0000639 seconds, Stopping threads took: 0.0000145 seconds
[2019-01-25T14:30:09.743+0000][1][safepoint    ] Application time: 0.5097480 seconds
[2019-01-25T14:30:09.743+0000][1][safepoint    ] Total time for which application threads were stopped: 0.0000882 seconds, Stopping threads took: 0.0000198 seconds
[2019-01-25T14:30:09.745+0000][1][safepoint    ] Application time: 0.0017901 seconds
[2019-01-25T14:30:09.745+0000][1][safepoint    ] Total time for which application threads were stopped: 0.0001000 seconds, Stopping threads took: 0.0000319 seconds
[2019-01-25T14:30:10.745+0000][1][safepoint    ] Application time: 1.0001061 seconds
[2019-01-25T14:30:10.745+0000][1][safepoint    ] Total time for which application threads were stopped: 0.0000448 seconds, Stopping threads took: 0.0000103 seconds
[2019-01-25T14:30:11.746+0000][1][safepoint    ] Application time: 1.0001143 seconds
[2019-01-25T14:30:11.746+0000][1][safepoint    ] Total time for which application threads were stopped: 0.0000483 seconds, Stopping threads took: 0.0000114 seconds
[2019-01-25T14:30:12.254+0000][1][safepoint    ] Application time: 0.5078511 seconds
[2019-01-25T14:30:12.254+0000][1][safepoint    ] Total time for which application threads were stopped: 0.0001533 seconds, Stopping threads took: 0.0000423 seconds
[2019-01-25T14:30:12.256+0000][1][safepoint    ] Application time: 0.0018048 seconds
[2019-01-25T14:30:12.256+0000][1][safepoint    ] Total time for which application threads were stopped: 0.0000886 seconds, Stopping threads took: 0.0000176 seconds
[2019-01-25T14:30:13.256+0000][1][safepoint    ] Application time: 1.0003638 seconds
[2019-01-25T14:30:13.256+0000][1][safepoint    ] Total time for which application threads were stopped: 0.0001746 seconds, Stopping threads took: 0.0000387 seconds
[2019-01-25T14:30:14.257+0000][1][safepoint    ] Application time: 1.0001809 seconds
[2019-01-25T14:30:14.257+0000][1][safepoint    ] Total time for which application threads were stopped: 0.0000665 seconds, Stopping threads took: 0.0000151 seconds
[2019-01-25T14:30:14.761+0000][1][safepoint    ] Application time: 0.5039388 seconds
[2019-01-25T14:30:14.761+0000][1][safepoint    ] Total time for which application threads were stopped: 0.0001254 seconds, Stopping threads took: 0.0000361 seconds
[2019-01-25T14:30:14.764+0000][1][safepoint    ] Application time: 0.0029800 seconds
[2019-01-25T14:30:14.764+0000][1][safepoint    ] Total time for which application threads were stopped: 0.0001615 seconds, Stopping threads took: 0.0000339 seconds
[2019-01-25T14:30:15.764+0000][1][safepoint    ] Application time: 1.0001225 seconds
[2019-01-25T14:30:15.764+0000][1][safepoint    ] Total time for which application threads were stopped: 0.0000467 seconds, Stopping threads took: 0.0000114 seconds
[2019-01-25T14:30:16.765+0000][1][safepoint    ] Application time: 1.0001201 seconds
[2019-01-25T14:30:16.765+0000][1][safepoint    ] Total time for which application threads were stopped: 0.0000668 seconds, Stopping threads took: 0.0000159 seconds
[2019-01-25T14:30:17.275+0000][1][safepoint    ] Application time: 0.5107633 seconds
[2019-01-25T14:30:17.276+0000][1][safepoint    ] Total time for which application threads were stopped: 0.0000933 seconds, Stopping threads took: 0.0000223 seconds
[2019-01-25T14:30:17.278+0000][1][safepoint    ] Application time: 0.0023452 seconds
[2019-01-25T14:30:17.278+0000][1][safepoint    ] Total time for which application threads were stopped: 0.0000970 seconds, Stopping threads took: 0.0000248 seconds
[2019-01-25T14:30:18.278+0000][1][safepoint    ] Application time: 1.0001636 seconds
[2019-01-25T14:30:18.278+0000][1][safepoint    ] Total time for which application threads were stopped: 0.0000468 seconds, Stopping threads took: 0.0000109 seconds
[2019-01-25T14:30:19.279+0000][1][safepoint    ] Application time: 1.0003749 seconds
[2019-01-25T14:30:19.279+0000][1][safepoint    ] Total time for which application threads were stopped: 0.0000695 seconds, Stopping threads took: 0.0000164 seconds
[2019-01-25T14:30:19.790+0000][1][safepoint    ] Application time: 0.5111208 seconds
[2019-01-25T14:30:19.790+0000][1][safepoint    ] Total time for which application threads were stopped: 0.0001025 seconds, Stopping threads took: 0.0000250 seconds
[2019-01-25T14:30:19.800+0000][1][safepoint    ] Application time: 0.0097581 seconds
[2019-01-25T14:30:19.800+0000][1][safepoint    ] Total time for which application threads were stopped: 0.0001037 seconds, Stopping threads took: 0.0000242 seconds
[2019-01-25T14:30:20.800+0000][1][safepoint    ] Application time: 1.0001526 seconds
[2019-01-25T14:30:20.800+0000][1][safepoint    ] Total time for which application threads were stopped: 0.0000809 seconds, Stopping threads took: 0.0000153 seconds
[2019-01-25T14:30:21.800+0000][1][safepoint    ] Application time: 1.0001278 seconds
[2019-01-25T14:30:21.801+0000][1][safepoint    ] Total time for which application threads were stopped: 0.0000865 seconds, Stopping threads took: 0.0000153 seconds
[2019-01-25T14:30:22.309+0000][1][safepoint    ] Application time: 0.5082725 seconds
[2019-01-25T14:30:22.309+0000][1][safepoint    ] Total time for which application threads were stopped: 0.0000882 seconds, Stopping threads took: 0.0000121 seconds
[2019-01-25T14:30:22.311+0000][1][safepoint    ] Application time: 0.0022365 seconds
[2019-01-25T14:30:22.311+0000][1][safepoint    ] Total time for which application threads were stopped: 0.0001043 seconds, Stopping threads took: 0.0000128 seconds
[2019-01-25T14:30:23.312+0000][1][safepoint    ] Application time: 1.0001280 seconds
[2019-01-25T14:30:23.312+0000][1][safepoint    ] Total time for which application threads were stopped: 0.0000642 seconds, Stopping threads took: 0.0000152 seconds
[2019-01-25T14:30:24.312+0000][1][safepoint    ] Application time: 1.0001077 seconds
[2019-01-25T14:30:24.312+0000][1][safepoint    ] Total time for which application threads were stopped: 0.0000597 seconds, Stopping threads took: 0.0000136 seconds
[2019-01-25T14:30:24.823+0000][1][safepoint    ] Application time: 0.5108113 seconds
[2019-01-25T14:30:24.823+0000][1][safepoint    ] Total time for which application threads were stopped: 0.0000877 seconds, Stopping threads took: 0.0000192 seconds
[2019-01-25T14:30:24.848+0000][1][safepoint    ] Application time: 0.0255115 seconds
[2019-01-25T14:30:24.855+0000][1][safepoint    ] Total time for which application threads were stopped: 0.0037215 seconds, Stopping threads took: 0.0013366 seconds
[2019-01-25T14:30:25.855+0000][1][safepoint    ] Application time: 1.0001259 seconds
[2019-01-25T14:30:25.855+0000][1][safepoint    ] Total time for which application threads were stopped: 0.0000771 seconds, Stopping threads took: 0.0000157 seconds
[2019-01-25T14:30:26.855+0000][1][safepoint    ] Application time: 1.0001302 seconds
[2019-01-25T14:30:26.855+0000][1][safepoint    ] Total time for which application threads were stopped: 0.0000462 seconds, Stopping threads took: 0.0000108 seconds
[2019-01-25T14:30:27.381+0000][1][safepoint    ] Application time: 0.5259987 seconds
[2019-01-25T14:30:27.381+0000][1][safepoint    ] Total time for which application threads were stopped: 0.0001079 seconds, Stopping threads took: 0.0000142 seconds
[2019-01-25T14:30:27.393+0000][1][safepoint    ] Application time: 0.0120880 seconds
[2019-01-25T14:30:27.394+0000][1][safepoint    ] Total time for which application threads were stopped: 0.0002900 seconds, Stopping threads took: 0.0000144 seconds
[2019-01-25T14:30:28.394+0000][1][safepoint    ] Application time: 1.0001987 seconds
[2019-01-25T14:30:28.394+0000][1][safepoint    ] Total time for which application threads were stopped: 0.0000640 seconds, Stopping threads took: 0.0000276 seconds
[2019-01-25T14:30:29.394+0000][1][safepoint    ] Application time: 1.0001414 seconds
[2019-01-25T14:30:29.394+0000][1][safepoint    ] Total time for which application threads were stopped: 0.0000741 seconds, Stopping threads took: 0.0000168 seconds
[2019-01-25T14:30:29.907+0000][1][safepoint    ] Application time: 0.5127764 seconds
[2019-01-25T14:30:29.907+0000][1][safepoint    ] Total time for which application threads were stopped: 0.0001276 seconds, Stopping threads took: 0.0000159 seconds
[2019-01-25T14:30:29.910+0000][1][safepoint    ] Application time: 0.0028438 seconds
[2019-01-25T14:30:29.910+0000][1][safepoint    ] Total time for which application threads were stopped: 0.0000984 seconds, Stopping threads took: 0.0000144 seconds
[2019-01-25T14:30:30.910+0000][1][safepoint    ] Application time: 1.0001519 seconds
[2019-01-25T14:30:30.911+0000][1][safepoint    ] Total time for which application threads were stopped: 0.0000484 seconds, Stopping threads took: 0.0000113 seconds
[2019-01-25T14:30:31.911+0000][1][safepoint    ] Application time: 1.0001408 seconds
[2019-01-25T14:30:31.911+0000][1][safepoint    ] Total time for which application threads were stopped: 0.0000636 seconds, Stopping threads took: 0.0000141 seconds
[2019-01-25T14:30:32.421+0000][1][safepoint    ] Application time: 0.5105766 seconds
[2019-01-25T14:30:32.422+0000][1][safepoint    ] Total time for which application threads were stopped: 0.0001005 seconds, Stopping threads took: 0.0000242 seconds
[2019-01-25T14:30:32.425+0000][1][safepoint    ] Application time: 0.0032327 seconds
[2019-01-25T14:30:32.425+0000][1][safepoint    ] Total time for which application threads were stopped: 0.0001356 seconds, Stopping threads took: 0.0000320 seconds
[2019-01-25T14:30:33.425+0000][1][safepoint    ] Application time: 1.0001669 seconds
[2019-01-25T14:30:33.425+0000][1][safepoint    ] Total time for which application threads were stopped: 0.0000870 seconds, Stopping threads took: 0.0000151 seconds
[2019-01-25T14:30:34.425+0000][1][safepoint    ] Application time: 1.0001335 seconds
[2019-01-25T14:30:34.426+0000][1][safepoint    ] Total time for which application threads were stopped: 0.0000682 seconds, Stopping threads took: 0.0000176 seconds
[2019-01-25T14:30:34.955+0000][1][safepoint    ] Application time: 0.5298130 seconds
[2019-01-25T14:30:34.956+0000][1][safepoint    ] Total time for which application threads were stopped: 0.0000979 seconds, Stopping threads took: 0.0000174 seconds
[2019-01-25T14:30:34.964+0000][1][safepoint    ] Application time: 0.0087790 seconds
[2019-01-25T14:30:34.964+0000][1][safepoint    ] Total time for which application threads were stopped: 0.0000978 seconds, Stopping threads took: 0.0000142 seconds
[2019-01-25T14:30:35.965+0000][1][safepoint    ] Application time: 1.0002758 seconds
[2019-01-25T14:30:35.965+0000][1][safepoint    ] Total time for which application threads were stopped: 0.0000494 seconds, Stopping threads took: 0.0000115 seconds
[2019-01-25T14:30:36.965+0000][1][safepoint    ] Application time: 1.0001118 seconds
[2019-01-25T14:30:36.965+0000][1][safepoint    ] Total time for which application threads were stopped: 0.0000481 seconds, Stopping threads took: 0.0000109 seconds
[2019-01-25T14:30:37.491+0000][1][safepoint    ] Application time: 0.5259713 seconds
[2019-01-25T14:30:37.491+0000][1][safepoint    ] Total time for which application threads were stopped: 0.0002273 seconds, Stopping threads took: 0.0000296 seconds
[2019-01-25T14:30:37.498+0000][1][safepoint    ] Application time: 0.0066390 seconds
[2019-01-25T14:30:37.498+0000][1][safepoint    ] Total time for which application threads were stopped: 0.0002084 seconds, Stopping threads took: 0.0000300 seconds
[2019-01-25T14:30:38.499+0000][1][safepoint    ] Application time: 1.0002157 seconds
[2019-01-25T14:30:38.499+0000][1][safepoint    ] Total time for which application threads were stopped: 0.0000729 seconds, Stopping threads took: 0.0000155 seconds
[2019-01-25T14:30:39.499+0000][1][safepoint    ] Application time: 1.0004565 seconds
[2019-01-25T14:30:39.499+0000][1][safepoint    ] Total time for which application threads were stopped: 0.0000837 seconds, Stopping threads took: 0.0000202 seconds
[2019-01-25T14:30:40.011+0000][1][safepoint    ] Application time: 0.5113006 seconds
[2019-01-25T14:30:40.011+0000][1][safepoint    ] Total time for which application threads were stopped: 0.0001015 seconds, Stopping threads took: 0.0000240 seconds
[2019-01-25T14:30:40.013+0000][1][safepoint    ] Application time: 0.0020986 seconds
[2019-01-25T14:30:40.013+0000][1][safepoint    ] Total time for which application threads were stopped: 0.0001103 seconds, Stopping threads took: 0.0000273 seconds
[2019-01-25T14:30:41.015+0000][1][safepoint    ] Application time: 1.0020573 seconds
[2019-01-25T14:30:41.015+0000][1][safepoint    ] Total time for which application threads were stopped: 0.0000894 seconds, Stopping threads took: 0.0000140 seconds
[2019-01-25T14:30:42.017+0000][1][safepoint    ] Application time: 1.0013472 seconds
[2019-01-25T14:30:42.017+0000][1][safepoint    ] Total time for which application threads were stopped: 0.0000640 seconds, Stopping threads took: 0.0000141 seconds
[2019-01-25T14:30:42.526+0000][1][safepoint    ] Application time: 0.5091960 seconds
[2019-01-25T14:30:42.526+0000][1][safepoint    ] Total time for which application threads were stopped: 0.0001144 seconds, Stopping threads took: 0.0000311 seconds
[2019-01-25T14:30:42.529+0000][1][safepoint    ] Application time: 0.0027290 seconds
[2019-01-25T14:30:42.529+0000][1][safepoint    ] Total time for which application threads were stopped: 0.0001079 seconds, Stopping threads took: 0.0000240 seconds
[2019-01-25T14:30:43.529+0000][1][safepoint    ] Application time: 1.0002025 seconds
[2019-01-25T14:30:43.534+0000][1][safepoint    ] Total time for which application threads were stopped: 0.0046364 seconds, Stopping threads took: 0.0044264 seconds
[2019-01-25T14:30:44.537+0000][1][safepoint    ] Application time: 1.0005776 seconds
[2019-01-25T14:30:44.537+0000][1][safepoint    ] Total time for which application threads were stopped: 0.0000786 seconds, Stopping threads took: 0.0000187 seconds
[2019-01-25T14:30:45.040+0000][1][safepoint    ] Application time: 0.5030984 seconds
[2019-01-25T14:30:45.041+0000][1][safepoint    ] Total time for which application threads were stopped: 0.0000742 seconds, Stopping threads took: 0.0000098 seconds
[2019-01-25T14:30:45.042+0000][1][safepoint    ] Application time: 0.0018215 seconds
[2019-01-25T14:30:45.043+0000][1][safepoint    ] Total time for which application threads were stopped: 0.0000762 seconds, Stopping threads took: 0.0000106 seconds
[2019-01-25T14:30:46.043+0000][1][safepoint    ] Application time: 1.0001438 seconds
[2019-01-25T14:30:46.043+0000][1][safepoint    ] Total time for which application threads were stopped: 0.0000660 seconds, Stopping threads took: 0.0000148 seconds
[2019-01-25T14:30:47.043+0000][1][safepoint    ] Application time: 1.0001965 seconds
[2019-01-25T14:30:47.043+0000][1][safepoint    ] Total time for which application threads were stopped: 0.0000756 seconds, Stopping threads took: 0.0000157 seconds
[2019-01-25T14:30:47.555+0000][1][safepoint    ] Application time: 0.5122097 seconds
[2019-01-25T14:30:47.555+0000][1][safepoint    ] Total time for which application threads were stopped: 0.0000693 seconds, Stopping threads took: 0.0000101 seconds
[2019-01-25T14:30:47.558+0000][1][safepoint    ] Application time: 0.0020861 seconds
[2019-01-25T14:30:47.558+0000][1][safepoint    ] Total time for which application threads were stopped: 0.0001065 seconds, Stopping threads took: 0.0000109 seconds
[2019-01-25T14:30:48.558+0000][1][safepoint    ] Application time: 1.0001078 seconds
[2019-01-25T14:30:48.558+0000][1][safepoint    ] Total time for which application threads were stopped: 0.0000576 seconds, Stopping threads took: 0.0000186 seconds
[2019-01-25T14:30:49.558+0000][1][safepoint    ] Application time: 1.0001347 seconds
[2019-01-25T14:30:49.558+0000][1][safepoint    ] Total time for which application threads were stopped: 0.0000466 seconds, Stopping threads took: 0.0000114 seconds
[2019-01-25T14:30:50.066+0000][1][safepoint    ] Application time: 0.5081311 seconds
[2019-01-25T14:30:50.067+0000][1][safepoint    ] Total time for which application threads were stopped: 0.0000953 seconds, Stopping threads took: 0.0000136 seconds
[2019-01-25T14:30:50.075+0000][1][safepoint    ] Application time: 0.0082055 seconds
[2019-01-25T14:30:50.075+0000][1][safepoint    ] Total time for which application threads were stopped: 0.0001114 seconds, Stopping threads took: 0.0000160 seconds
[2019-01-25T14:30:51.075+0000][1][safepoint    ] Application time: 1.0001551 seconds
[2019-01-25T14:30:51.075+0000][1][safepoint    ] Total time for which application threads were stopped: 0.0000667 seconds, Stopping threads took: 0.0000141 seconds
[2019-01-25T14:30:52.075+0000][1][safepoint    ] Application time: 1.0001658 seconds
[2019-01-25T14:30:52.075+0000][1][safepoint    ] Total time for which application threads were stopped: 0.0000473 seconds, Stopping threads took: 0.0000115 seconds
[2019-01-25T14:30:52.592+0000][1][safepoint    ] Application time: 0.5161784 seconds
[2019-01-25T14:30:52.592+0000][1][safepoint    ] Total time for which application threads were stopped: 0.0001072 seconds, Stopping threads took: 0.0000254 seconds
[2019-01-25T14:30:52.595+0000][1][safepoint    ] Application time: 0.0034603 seconds
[2019-01-25T14:30:52.595+0000][1][safepoint    ] Total time for which application threads were stopped: 0.0001283 seconds, Stopping threads took: 0.0000135 seconds
[2019-01-25T14:30:53.604+0000][1][safepoint    ] Application time: 1.0086911 seconds
[2019-01-25T14:30:53.604+0000][1][safepoint    ] Total time for which application threads were stopped: 0.0000748 seconds, Stopping threads took: 0.0000159 seconds
[2019-01-25T14:30:54.604+0000][1][safepoint    ] Application time: 1.0001254 seconds
[2019-01-25T14:30:54.605+0000][1][safepoint    ] Total time for which application threads were stopped: 0.0000608 seconds, Stopping threads took: 0.0000142 seconds
[2019-01-25T14:30:55.104+0000][1][safepoint    ] Application time: 0.4997951 seconds
[2019-01-25T14:30:55.105+0000][1][safepoint    ] Total time for which application threads were stopped: 0.0001070 seconds, Stopping threads took: 0.0000251 seconds
[2019-01-25T14:30:55.110+0000][1][safepoint    ] Application time: 0.0050345 seconds
[2019-01-25T14:30:55.110+0000][1][safepoint    ] Total time for which application threads were stopped: 0.0001003 seconds, Stopping threads took: 0.0000245 seconds
[2019-01-25T14:30:56.110+0000][1][safepoint    ] Application time: 1.0001506 seconds
[2019-01-25T14:30:56.110+0000][1][safepoint    ] Total time for which application threads were stopped: 0.0000660 seconds, Stopping threads took: 0.0000148 seconds
[2019-01-25T14:30:57.110+0000][1][safepoint    ] Application time: 1.0001254 seconds
[2019-01-25T14:30:57.110+0000][1][safepoint    ] Total time for which application threads were stopped: 0.0000464 seconds, Stopping threads took: 0.0000108 seconds
[2019-01-25T14:30:57.620+0000][1][safepoint    ] Application time: 0.5095772 seconds
[2019-01-25T14:30:57.620+0000][1][safepoint    ] Total time for which application threads were stopped: 0.0000779 seconds, Stopping threads took: 0.0000106 seconds
[2019-01-25T14:30:57.622+0000][1][safepoint    ] Application time: 0.0020025 seconds
[2019-01-25T14:30:57.622+0000][1][safepoint    ] Total time for which application threads were stopped: 0.0000885 seconds, Stopping threads took: 0.0000127 seconds
[2019-01-25T14:30:58.622+0000][1][safepoint    ] Application time: 1.0001388 seconds
[2019-01-25T14:30:58.622+0000][1][safepoint    ] Total time for which application threads were stopped: 0.0001052 seconds, Stopping threads took: 0.0000372 seconds
[2019-01-25T14:30:59.623+0000][1][safepoint    ] Application time: 1.0001984 seconds
[2019-01-25T14:30:59.623+0000][1][safepoint    ] Total time for which application threads were stopped: 0.0001098 seconds, Stopping threads took: 0.0000260 seconds
[2019-01-25T14:31:00.132+0000][1][safepoint    ] Application time: 0.5094434 seconds
[2019-01-25T14:31:00.132+0000][1][safepoint    ] Total time for which application threads were stopped: 0.0001326 seconds, Stopping threads took: 0.0000259 seconds
[2019-01-25T14:31:00.141+0000][1][safepoint    ] Application time: 0.0087755 seconds
[2019-01-25T14:31:00.141+0000][1][safepoint    ] Total time for which application threads were stopped: 0.0000950 seconds, Stopping threads took: 0.0000146 seconds
[2019-01-25T14:31:01.142+0000][1][safepoint    ] Application time: 1.0001700 seconds
[2019-01-25T14:31:01.142+0000][1][safepoint    ] Total time for which application threads were stopped: 0.0000460 seconds, Stopping threads took: 0.0000114 seconds
[2019-01-25T14:31:02.142+0000][1][safepoint    ] Application time: 1.0004003 seconds
[2019-01-25T14:31:02.142+0000][1][safepoint    ] Total time for which application threads were stopped: 0.0000662 seconds, Stopping threads took: 0.0000134 seconds
[2019-01-25T14:31:02.655+0000][1][safepoint    ] Application time: 0.5125091 seconds
[2019-01-25T14:31:02.655+0000][1][safepoint    ] Total time for which application threads were stopped: 0.0001097 seconds, Stopping threads took: 0.0000145 seconds
[2019-01-25T14:31:02.661+0000][1][safepoint    ] Application time: 0.0066712 seconds
[2019-01-25T14:31:02.662+0000][1][safepoint    ] Total time for which application threads were stopped: 0.0000705 seconds, Stopping threads took: 0.0000104 seconds
[2019-01-25T14:31:03.662+0000][1][safepoint    ] Application time: 1.0001349 seconds
[2019-01-25T14:31:03.662+0000][1][safepoint    ] Total time for which application threads were stopped: 0.0000483 seconds, Stopping threads took: 0.0000117 seconds
[2019-01-25T14:31:04.662+0000][1][safepoint    ] Application time: 1.0001392 seconds
[2019-01-25T14:31:04.662+0000][1][safepoint    ] Total time for which application threads were stopped: 0.0000775 seconds, Stopping threads took: 0.0000150 seconds
[2019-01-25T14:31:05.175+0000][1][safepoint    ] Application time: 0.5130882 seconds
[2019-01-25T14:31:05.175+0000][1][safepoint    ] Total time for which application threads were stopped: 0.0000888 seconds, Stopping threads took: 0.0000131 seconds
[2019-01-25T14:31:05.183+0000][1][safepoint    ] Application time: 0.0071551 seconds
[2019-01-25T14:31:05.183+0000][1][safepoint    ] Total time for which application threads were stopped: 0.0000920 seconds, Stopping threads took: 0.0000125 seconds
[2019-01-25T14:31:06.183+0000][1][safepoint    ] Application time: 1.0001587 seconds
[2019-01-25T14:31:06.183+0000][1][safepoint    ] Total time for which application threads were stopped: 0.0000623 seconds, Stopping threads took: 0.0000146 seconds
[2019-01-25T14:31:07.183+0000][1][safepoint    ] Application time: 1.0001385 seconds
[2019-01-25T14:31:07.183+0000][1][safepoint    ] Total time for which application threads were stopped: 0.0000746 seconds, Stopping threads took: 0.0000157 seconds
[2019-01-25T14:31:07.700+0000][1][safepoint    ] Application time: 0.5165266 seconds
[2019-01-25T14:31:07.700+0000][1][safepoint    ] Total time for which application threads were stopped: 0.0000860 seconds, Stopping threads took: 0.0000130 seconds
[2019-01-25T14:31:07.702+0000][1][safepoint    ] Application time: 0.0015852 seconds
[2019-01-25T14:31:07.702+0000][1][safepoint    ] Total time for which application threads were stopped: 0.0006510 seconds, Stopping threads took: 0.0000130 seconds
[2019-01-25T14:31:08.702+0000][1][safepoint    ] Application time: 1.0001899 seconds
[2019-01-25T14:31:08.703+0000][1][safepoint    ] Total time for which application threads were stopped: 0.0000519 seconds, Stopping threads took: 0.0000120 seconds
[2019-01-25T14:31:09.703+0000][1][safepoint    ] Application time: 1.0001293 seconds
[2019-01-25T14:31:09.703+0000][1][safepoint    ] Total time for which application threads were stopped: 0.0000455 seconds, Stopping threads took: 0.0000106 seconds
[2019-01-25T14:31:10.208+0000][1][safepoint    ] Application time: 0.5054488 seconds
[2019-01-25T14:31:10.208+0000][1][safepoint    ] Total time for which application threads were stopped: 0.0000925 seconds, Stopping threads took: 0.0000141 seconds
[2019-01-25T14:31:10.216+0000][1][safepoint    ] Application time: 0.0080331 seconds
[2019-01-25T14:31:10.217+0000][1][safepoint    ] Total time for which application threads were stopped: 0.0001020 seconds, Stopping threads took: 0.0000229 seconds
[2019-01-25T14:31:11.217+0000][1][safepoint    ] Application time: 1.0001637 seconds
[2019-01-25T14:31:11.217+0000][1][safepoint    ] Total time for which application threads were stopped: 0.0000948 seconds, Stopping threads took: 0.0000175 seconds
[2019-01-25T14:31:12.217+0000][1][safepoint    ] Application time: 1.0001340 seconds
[2019-01-25T14:31:12.217+0000][1][safepoint    ] Total time for which application threads were stopped: 0.0000685 seconds, Stopping threads took: 0.0000146 seconds
[2019-01-25T14:31:12.725+0000][1][safepoint    ] Application time: 0.5076766 seconds
[2019-01-25T14:31:12.725+0000][1][safepoint    ] Total time for which application threads were stopped: 0.0000958 seconds, Stopping threads took: 0.0000222 seconds
[2019-01-25T14:31:12.727+0000][1][safepoint    ] Application time: 0.0018386 seconds
[2019-01-25T14:31:12.727+0000][1][safepoint    ] Total time for which application threads were stopped: 0.0001426 seconds, Stopping threads took: 0.0000178 seconds
[2019-01-25T14:31:13.727+0000][1][safepoint    ] Application time: 1.0001600 seconds
[2019-01-25T14:31:13.727+0000][1][safepoint    ] Total time for which application threads were stopped: 0.0000656 seconds, Stopping threads took: 0.0000154 seconds
[2019-01-25T14:31:14.727+0000][1][safepoint    ] Application time: 1.0001268 seconds
[2019-01-25T14:31:14.727+0000][1][safepoint    ] Total time for which application threads were stopped: 0.0000670 seconds, Stopping threads took: 0.0000170 seconds
[2019-01-25T14:31:15.233+0000][1][safepoint    ] Application time: 0.5056152 seconds
[2019-01-25T14:31:15.233+0000][1][safepoint    ] Total time for which application threads were stopped: 0.0000841 seconds, Stopping threads took: 0.0000194 seconds
[2019-01-25T14:31:15.236+0000][1][safepoint    ] Application time: 0.0023610 seconds
[2019-01-25T14:31:15.236+0000][1][safepoint    ] Total time for which application threads were stopped: 0.0003719 seconds, Stopping threads took: 0.0000214 seconds
[2019-01-25T14:31:16.236+0000][1][safepoint    ] Application time: 1.0001472 seconds
[2019-01-25T14:31:16.236+0000][1][safepoint    ] Total time for which application threads were stopped: 0.0000877 seconds, Stopping threads took: 0.0000146 seconds
[2019-01-25T14:31:17.236+0000][1][safepoint    ] Application time: 1.0001424 seconds
[2019-01-25T14:31:17.237+0000][1][safepoint    ] Total time for which application threads were stopped: 0.0000853 seconds, Stopping threads took: 0.0000296 seconds
[2019-01-25T14:31:17.745+0000][1][safepoint    ] Application time: 0.5086704 seconds
[2019-01-25T14:31:17.745+0000][1][safepoint    ] Total time for which application threads were stopped: 0.0001319 seconds, Stopping threads took: 0.0000233 seconds
[2019-01-25T14:31:17.748+0000][1][safepoint    ] Application time: 0.0019991 seconds
[2019-01-25T14:31:17.748+0000][1][safepoint    ] Total time for which application threads were stopped: 0.0001025 seconds, Stopping threads took: 0.0000259 seconds
[2019-01-25T14:31:18.748+0000][1][safepoint    ] Application time: 1.0001471 seconds
[2019-01-25T14:31:18.748+0000][1][safepoint    ] Total time for which application threads were stopped: 0.0000476 seconds, Stopping threads took: 0.0000108 seconds
[2019-01-25T14:31:19.748+0000][1][safepoint    ] Application time: 1.0004390 seconds
[2019-01-25T14:31:19.749+0000][1][safepoint    ] Total time for which application threads were stopped: 0.0000510 seconds, Stopping threads took: 0.0000121 seconds
[2019-01-25T14:31:20.257+0000][1][safepoint    ] Application time: 0.5089130 seconds
[2019-01-25T14:31:20.258+0000][1][safepoint    ] Total time for which application threads were stopped: 0.0001459 seconds, Stopping threads took: 0.0000374 seconds
[2019-01-25T14:31:20.262+0000][1][safepoint    ] Application time: 0.0038533 seconds
[2019-01-25T14:31:20.262+0000][1][safepoint    ] Total time for which application threads were stopped: 0.0001559 seconds, Stopping threads took: 0.0000463 seconds
[2019-01-25T14:31:21.262+0000][1][safepoint    ] Application time: 1.0001896 seconds
[2019-01-25T14:31:21.262+0000][1][safepoint    ] Total time for which application threads were stopped: 0.0000465 seconds, Stopping threads took: 0.0000115 seconds
[2019-01-25T14:31:22.262+0000][1][safepoint    ] Application time: 1.0001118 seconds
[2019-01-25T14:31:22.262+0000][1][safepoint    ] Total time for which application threads were stopped: 0.0000618 seconds, Stopping threads took: 0.0000138 seconds
[2019-01-25T14:31:22.773+0000][1][safepoint    ] Application time: 0.5101988 seconds
[2019-01-25T14:31:22.773+0000][1][safepoint    ] Total time for which application threads were stopped: 0.0001048 seconds, Stopping threads took: 0.0000442 seconds
[2019-01-25T14:31:22.777+0000][1][safepoint    ] Application time: 0.0045288 seconds
[2019-01-25T14:31:22.778+0000][1][safepoint    ] Total time for which application threads were stopped: 0.0010291 seconds, Stopping threads took: 0.0009384 seconds
[2019-01-25T14:31:23.786+0000][1][safepoint    ] Application time: 1.0074428 seconds
[2019-01-25T14:31:23.786+0000][1][safepoint    ] Total time for which application threads were stopped: 0.0000712 seconds, Stopping threads took: 0.0000148 seconds
[2019-01-25T14:31:24.786+0000][1][safepoint    ] Application time: 1.0001461 seconds
[2019-01-25T14:31:24.786+0000][1][safepoint    ] Total time for which application threads were stopped: 0.0000519 seconds, Stopping threads took: 0.0000125 seconds
[2019-01-25T14:31:25.312+0000][1][safepoint    ] Application time: 0.5259616 seconds
[2019-01-25T14:31:25.312+0000][1][safepoint    ] Total time for which application threads were stopped: 0.0001047 seconds, Stopping threads took: 0.0000158 seconds
[2019-01-25T14:31:25.321+0000][1][safepoint    ] Application time: 0.0091218 seconds
[2019-01-25T14:31:25.321+0000][1][safepoint    ] Total time for which application threads were stopped: 0.0001175 seconds, Stopping threads took: 0.0000145 seconds
[2019-01-25T14:31:26.322+0000][1][safepoint    ] Application time: 1.0001593 seconds
[2019-01-25T14:31:26.322+0000][1][safepoint    ] Total time for which application threads were stopped: 0.0000767 seconds, Stopping threads took: 0.0000147 seconds
[2019-01-25T14:31:27.322+0000][1][safepoint    ] Application time: 1.0001365 seconds
[2019-01-25T14:31:27.322+0000][1][safepoint    ] Total time for which application threads were stopped: 0.0000670 seconds, Stopping threads took: 0.0000151 seconds
[2019-01-25T14:31:27.835+0000][1][safepoint    ] Application time: 0.5129035 seconds
[2019-01-25T14:31:27.835+0000][1][safepoint    ] Total time for which application threads were stopped: 0.0001054 seconds, Stopping threads took: 0.0000134 seconds
[2019-01-25T14:31:27.840+0000][1][safepoint    ] Application time: 0.0048569 seconds
[2019-01-25T14:31:27.840+0000][1][safepoint    ] Total time for which application threads were stopped: 0.0001019 seconds, Stopping threads took: 0.0000153 seconds
[2019-01-25T14:31:28.840+0000][1][safepoint    ] Application time: 1.0001548 seconds
[2019-01-25T14:31:28.841+0000][1][safepoint    ] Total time for which application threads were stopped: 0.0000881 seconds, Stopping threads took: 0.0000353 seconds
[2019-01-25T14:31:29.841+0000][1][safepoint    ] Application time: 1.0001325 seconds
[2019-01-25T14:31:29.841+0000][1][safepoint    ] Total time for which application threads were stopped: 0.0000618 seconds, Stopping threads took: 0.0000139 seconds
[2019-01-25T14:31:30.350+0000][1][safepoint    ] Application time: 0.5094026 seconds
[2019-01-25T14:31:30.350+0000][1][safepoint    ] Total time for which application threads were stopped: 0.0001028 seconds, Stopping threads took: 0.0000122 seconds
[2019-01-25T14:31:30.359+0000][1][safepoint    ] Application time: 0.0085801 seconds
[2019-01-25T14:31:30.359+0000][1][safepoint    ] Total time for which application threads were stopped: 0.0001295 seconds, Stopping threads took: 0.0000237 seconds
[2019-01-25T14:31:31.359+0000][1][safepoint    ] Application time: 1.0001798 seconds
[2019-01-25T14:31:31.359+0000][1][safepoint    ] Total time for which application threads were stopped: 0.0000478 seconds, Stopping threads took: 0.0000132 seconds
[2019-01-25T14:31:32.360+0000][1][safepoint    ] Application time: 1.0001282 seconds
[2019-01-25T14:31:32.360+0000][1][safepoint    ] Total time for which application threads were stopped: 0.0000870 seconds, Stopping threads took: 0.0000355 seconds
[2019-01-25T14:31:32.875+0000][1][safepoint    ] Application time: 0.5153499 seconds
[2019-01-25T14:31:32.875+0000][1][safepoint    ] Total time for which application threads were stopped: 0.0001011 seconds, Stopping threads took: 0.0000224 seconds
[2019-01-25T14:31:32.879+0000][1][safepoint    ] Application time: 0.0037932 seconds
[2019-01-25T14:31:32.879+0000][1][safepoint    ] Total time for which application threads were stopped: 0.0001170 seconds, Stopping threads took: 0.0000240 seconds
[2019-01-25T14:31:33.879+0000][1][safepoint    ] Application time: 1.0001405 seconds
[2019-01-25T14:31:33.879+0000][1][safepoint    ] Total time for which application threads were stopped: 0.0000644 seconds, Stopping threads took: 0.0000153 seconds
[2019-01-25T14:31:34.880+0000][1][safepoint    ] Application time: 1.0001247 seconds
[2019-01-25T14:31:34.880+0000][1][safepoint    ] Total time for which application threads were stopped: 0.0000725 seconds, Stopping threads took: 0.0000153 seconds
[2019-01-25T14:31:35.392+0000][1][safepoint    ] Application time: 0.5121387 seconds
[2019-01-25T14:31:35.392+0000][1][safepoint    ] Total time for which application threads were stopped: 0.0000996 seconds, Stopping threads took: 0.0000246 seconds
[2019-01-25T14:31:35.394+0000][1][safepoint    ] Application time: 0.0023058 seconds
[2019-01-25T14:31:35.394+0000][1][safepoint    ] Total time for which application threads were stopped: 0.0001051 seconds, Stopping threads took: 0.0000250 seconds
[2019-01-25T14:31:36.395+0000][1][safepoint    ] Application time: 1.0001405 seconds
[2019-01-25T14:31:36.395+0000][1][safepoint    ] Total time for which application threads were stopped: 0.0000766 seconds, Stopping threads took: 0.0000134 seconds
[2019-01-25T14:31:37.395+0000][1][safepoint    ] Application time: 1.0001338 seconds
[2019-01-25T14:31:37.395+0000][1][safepoint    ] Total time for which application threads were stopped: 0.0000660 seconds, Stopping threads took: 0.0000146 seconds
[2019-01-25T14:31:37.905+0000][1][safepoint    ] Application time: 0.5098115 seconds
[2019-01-25T14:31:37.905+0000][1][safepoint    ] Total time for which application threads were stopped: 0.0001107 seconds, Stopping threads took: 0.0000280 seconds
[2019-01-25T14:31:37.914+0000][1][safepoint    ] Application time: 0.0092101 seconds
[2019-01-25T14:31:37.914+0000][1][safepoint    ] Total time for which application threads were stopped: 0.0001075 seconds, Stopping threads took: 0.0000306 seconds
[2019-01-25T14:31:38.921+0000][1][safepoint    ] Application time: 1.0069675 seconds
[2019-01-25T14:31:38.921+0000][1][safepoint    ] Total time for which application threads were stopped: 0.0000638 seconds, Stopping threads took: 0.0000147 seconds
[2019-01-25T14:31:39.922+0000][1][safepoint    ] Application time: 1.0001363 seconds
[2019-01-25T14:31:39.922+0000][1][safepoint    ] Total time for which application threads were stopped: 0.0000677 seconds, Stopping threads took: 0.0000147 seconds
[2019-01-25T14:31:40.436+0000][1][safepoint    ] Application time: 0.5145375 seconds
[2019-01-25T14:31:40.436+0000][1][safepoint    ] Total time for which application threads were stopped: 0.0000979 seconds, Stopping threads took: 0.0000238 seconds
[2019-01-25T14:31:40.440+0000][1][safepoint    ] Application time: 0.0031366 seconds
[2019-01-25T14:31:40.440+0000][1][safepoint    ] Total time for which application threads were stopped: 0.0000997 seconds, Stopping threads took: 0.0000138 seconds
[2019-01-25T14:31:41.440+0000][1][safepoint    ] Application time: 1.0001574 seconds
[2019-01-25T14:31:41.440+0000][1][safepoint    ] Total time for which application threads were stopped: 0.0000722 seconds, Stopping threads took: 0.0000167 seconds
[2019-01-25T14:31:42.440+0000][1][safepoint    ] Application time: 1.0001710 seconds
[2019-01-25T14:31:42.440+0000][1][safepoint    ] Total time for which application threads were stopped: 0.0000837 seconds, Stopping threads took: 0.0000343 seconds
[2019-01-25T14:31:42.949+0000][1][safepoint    ] Application time: 0.5089036 seconds
[2019-01-25T14:31:42.949+0000][1][safepoint    ] Total time for which application threads were stopped: 0.0000792 seconds, Stopping threads took: 0.0000102 seconds
[2019-01-25T14:31:42.951+0000][1][safepoint    ] Application time: 0.0019245 seconds
[2019-01-25T14:31:42.951+0000][1][safepoint    ] Total time for which application threads were stopped: 0.0000771 seconds, Stopping threads took: 0.0000105 seconds
[2019-01-25T14:31:43.952+0000][1][safepoint    ] Application time: 1.0001653 seconds
[2019-01-25T14:31:43.952+0000][1][safepoint    ] Total time for which application threads were stopped: 0.0000456 seconds, Stopping threads took: 0.0000115 seconds
[2019-01-25T14:31:44.952+0000][1][safepoint    ] Application time: 1.0001299 seconds
[2019-01-25T14:31:44.952+0000][1][safepoint    ] Total time for which application threads were stopped: 0.0000521 seconds, Stopping threads took: 0.0000124 seconds
[2019-01-25T14:31:45.458+0000][1][safepoint    ] Application time: 0.5063971 seconds
[2019-01-25T14:31:45.458+0000][1][safepoint    ] Total time for which application threads were stopped: 0.0000934 seconds, Stopping threads took: 0.0000159 seconds
[2019-01-25T14:31:45.463+0000][1][safepoint    ] Application time: 0.0046248 seconds
[2019-01-25T14:31:45.463+0000][1][gc,start     ] GC(21) Pause Young (Allocation Failure)
[2019-01-25T14:31:45.463+0000][1][gc,task      ] GC(21) Using 2 workers of 2 for evacuation
[2019-01-25T14:31:45.466+0000][1][gc,age       ] GC(21) Desired survivor size 4456448 bytes, new threshold 6 (max threshold 6)
[2019-01-25T14:31:45.466+0000][1][gc,age       ] GC(21) Age table with threshold 6 (max threshold 6)
[2019-01-25T14:31:45.466+0000][1][gc,age       ] GC(21) - age   1:      29456 bytes,      29456 total
[2019-01-25T14:31:45.466+0000][1][gc,age       ] GC(21) - age   2:      29304 bytes,      58760 total
[2019-01-25T14:31:45.466+0000][1][gc,age       ] GC(21) - age   3:      20440 bytes,      79200 total
[2019-01-25T14:31:45.466+0000][1][gc,age       ] GC(21) - age   4:     784408 bytes,     863608 total
[2019-01-25T14:31:45.466+0000][1][gc,heap      ] GC(21) ParNew: 71425K->1022K(78656K)
[2019-01-25T14:31:45.466+0000][1][gc,heap      ] GC(21) CMS: 82611K->82611K(174784K)
[2019-01-25T14:31:45.466+0000][1][gc,metaspace ] GC(21) Metaspace: 64213K->64213K(1107968K)
[2019-01-25T14:31:45.466+0000][1][gc           ] GC(21) Pause Young (Allocation Failure) 150M->81M(247M) 3.220ms
[2019-01-25T14:31:45.466+0000][1][gc,cpu       ] GC(21) User=0.01s Sys=0.00s Real=0.01s
[2019-01-25T14:31:45.466+0000][1][safepoint    ] Total time for which application threads were stopped: 0.0033441 seconds, Stopping threads took: 0.0000099 seconds
[2019-01-25T14:31:45.467+0000][1][safepoint    ] Application time: 0.0008152 seconds
[2019-01-25T14:31:45.467+0000][1][safepoint    ] Total time for which application threads were stopped: 0.0000869 seconds, Stopping threads took: 0.0000241 seconds
[2019-01-25T14:31:46.468+0000][1][safepoint    ] Application time: 1.0001419 seconds
[2019-01-25T14:31:46.468+0000][1][safepoint    ] Total time for which application threads were stopped: 0.0000660 seconds, Stopping threads took: 0.0000152 seconds
[2019-01-25T14:31:47.468+0000][1][safepoint    ] Application time: 1.0001952 seconds
[2019-01-25T14:31:47.468+0000][1][safepoint    ] Total time for which application threads were stopped: 0.0000525 seconds, Stopping threads took: 0.0000127 seconds
[2019-01-25T14:31:47.978+0000][1][safepoint    ] Application time: 0.5099448 seconds
[2019-01-25T14:31:47.978+0000][1][safepoint    ] Total time for which application threads were stopped: 0.0000647 seconds, Stopping threads took: 0.0000087 seconds
[2019-01-25T14:31:47.980+0000][1][safepoint    ] Application time: 0.0021941 seconds
[2019-01-25T14:31:47.980+0000][1][safepoint    ] Total time for which application threads were stopped: 0.0001723 seconds, Stopping threads took: 0.0000796 seconds
[2019-01-25T14:31:48.984+0000][1][safepoint    ] Application time: 1.0033473 seconds
[2019-01-25T14:31:48.984+0000][1][safepoint    ] Total time for which application threads were stopped: 0.0001069 seconds, Stopping threads took: 0.0000444 seconds
[2019-01-25T14:31:49.984+0000][1][safepoint    ] Application time: 1.0001653 seconds
[2019-01-25T14:31:49.984+0000][1][safepoint    ] Total time for which application threads were stopped: 0.0000475 seconds, Stopping threads took: 0.0000112 seconds
[2019-01-25T14:31:50.489+0000][1][safepoint    ] Application time: 0.5043698 seconds
[2019-01-25T14:31:50.489+0000][1][safepoint    ] Total time for which application threads were stopped: 0.0001011 seconds, Stopping threads took: 0.0000246 seconds
[2019-01-25T14:31:50.492+0000][1][safepoint    ] Application time: 0.0031981 seconds
[2019-01-25T14:31:50.492+0000][1][safepoint    ] Total time for which application threads were stopped: 0.0001531 seconds, Stopping threads took: 0.0000139 seconds
[2019-01-25T14:31:51.493+0000][1][safepoint    ] Application time: 1.0002793 seconds
[2019-01-25T14:31:51.493+0000][1][safepoint    ] Total time for which application threads were stopped: 0.0002166 seconds, Stopping threads took: 0.0000367 seconds
[2019-01-25T14:31:52.493+0000][1][safepoint    ] Application time: 1.0001450 seconds
[2019-01-25T14:31:52.493+0000][1][safepoint    ] Total time for which application threads were stopped: 0.0000742 seconds, Stopping threads took: 0.0000144 seconds
[2019-01-25T14:31:53.012+0000][1][safepoint    ] Application time: 0.5189222 seconds
[2019-01-25T14:31:53.013+0000][1][safepoint    ] Total time for which application threads were stopped: 0.0004088 seconds, Stopping threads took: 0.0001096 seconds
[2019-01-25T14:31:53.022+0000][1][safepoint    ] Application time: 0.0096461 seconds
[2019-01-25T14:31:53.023+0000][1][safepoint    ] Total time for which application threads were stopped: 0.0002717 seconds, Stopping threads took: 0.0000737 seconds
[2019-01-25T14:31:54.024+0000][1][safepoint    ] Application time: 1.0002440 seconds
[2019-01-25T14:31:54.024+0000][1][safepoint    ] Total time for which application threads were stopped: 0.0000621 seconds, Stopping threads took: 0.0000146 seconds
[2019-01-25T14:31:55.024+0000][1][safepoint    ] Application time: 1.0001398 seconds
[2019-01-25T14:31:55.024+0000][1][safepoint    ] Total time for which application threads were stopped: 0.0000974 seconds, Stopping threads took: 0.0000156 seconds
[2019-01-25T14:31:55.541+0000][1][safepoint    ] Application time: 0.5170226 seconds
[2019-01-25T14:31:55.541+0000][1][safepoint    ] Total time for which application threads were stopped: 0.0001718 seconds, Stopping threads took: 0.0000409 seconds
[2019-01-25T14:31:55.545+0000][1][safepoint    ] Application time: 0.0039785 seconds
[2019-01-25T14:31:55.545+0000][1][safepoint    ] Total time for which application threads were stopped: 0.0001205 seconds, Stopping threads took: 0.0000298 seconds
[2019-01-25T14:31:56.546+0000][1][safepoint    ] Application time: 1.0002496 seconds
[2019-01-25T14:31:56.546+0000][1][safepoint    ] Total time for which application threads were stopped: 0.0000996 seconds, Stopping threads took: 0.0000144 seconds
[2019-01-25T14:31:57.546+0000][1][safepoint    ] Application time: 1.0002814 seconds
[2019-01-25T14:31:57.546+0000][1][safepoint    ] Total time for which application threads were stopped: 0.0001563 seconds, Stopping threads took: 0.0000366 seconds
[2019-01-25T14:31:58.066+0000][1][safepoint    ] Application time: 0.5192340 seconds
[2019-01-25T14:31:58.066+0000][1][safepoint    ] Total time for which application threads were stopped: 0.0003295 seconds, Stopping threads took: 0.0000866 seconds
[2019-01-25T14:31:58.073+0000][1][safepoint    ] Application time: 0.0068014 seconds
[2019-01-25T14:31:58.073+0000][1][safepoint    ] Total time for which application threads were stopped: 0.0002406 seconds, Stopping threads took: 0.0000664 seconds
[2019-01-25T14:31:59.071+0000][1][safepoint    ] Application time: 1.0002291 seconds
[2019-01-25T14:31:59.071+0000][1][safepoint    ] Total time for which application threads were stopped: 0.0000773 seconds, Stopping threads took: 0.0000364 seconds
[2019-01-25T14:32:00.071+0000][1][safepoint    ] Application time: 1.0001124 seconds
[2019-01-25T14:32:00.071+0000][1][safepoint    ] Total time for which application threads were stopped: 0.0000433 seconds, Stopping threads took: 0.0000119 seconds
[2019-01-25T14:32:00.601+0000][1][safepoint    ] Application time: 0.5293190 seconds
[2019-01-25T14:32:00.601+0000][1][safepoint    ] Total time for which application threads were stopped: 0.0001070 seconds, Stopping threads took: 0.0000113 seconds
[2019-01-25T14:32:00.604+0000][1][safepoint    ] Application time: 0.0027654 seconds
[2019-01-25T14:32:00.604+0000][1][safepoint    ] Total time for which application threads were stopped: 0.0000895 seconds, Stopping threads took: 0.0000123 seconds
[2019-01-25T14:32:01.604+0000][1][safepoint    ] Application time: 1.0001295 seconds
[2019-01-25T14:32:01.604+0000][1][safepoint    ] Total time for which application threads were stopped: 0.0000588 seconds, Stopping threads took: 0.0000143 seconds
[2019-01-25T14:32:02.604+0000][1][safepoint    ] Application time: 1.0001307 seconds
[2019-01-25T14:32:02.604+0000][1][safepoint    ] Total time for which application threads were stopped: 0.0000428 seconds, Stopping threads took: 0.0000113 seconds
[2019-01-25T14:32:03.117+0000][1][safepoint    ] Application time: 0.5095903 seconds
[2019-01-25T14:32:03.117+0000][1][safepoint    ] Total time for which application threads were stopped: 0.0000771 seconds, Stopping threads took: 0.0000214 seconds
[2019-01-25T14:32:03.119+0000][1][safepoint    ] Application time: 0.0023726 seconds
[2019-01-25T14:32:03.119+0000][1][safepoint    ] Total time for which application threads were stopped: 0.0001859 seconds, Stopping threads took: 0.0000158 seconds
[2019-01-25T14:32:04.120+0000][1][safepoint    ] Application time: 1.0003439 seconds
[2019-01-25T14:32:04.120+0000][1][safepoint    ] Total time for which application threads were stopped: 0.0002420 seconds, Stopping threads took: 0.0000455 seconds
[2019-01-25T14:32:05.120+0000][1][safepoint    ] Application time: 1.0001563 seconds
[2019-01-25T14:32:05.120+0000][1][safepoint    ] Total time for which application threads were stopped: 0.0000581 seconds, Stopping threads took: 0.0000158 seconds
[2019-01-25T14:32:05.627+0000][1][safepoint    ] Application time: 0.5063215 seconds
[2019-01-25T14:32:05.627+0000][1][safepoint    ] Total time for which application threads were stopped: 0.0000729 seconds, Stopping threads took: 0.0000179 seconds
[2019-01-25T14:32:05.629+0000][1][safepoint    ] Application time: 0.0021202 seconds
[2019-01-25T14:32:05.629+0000][1][safepoint    ] Total time for which application threads were stopped: 0.0002414 seconds, Stopping threads took: 0.0001413 seconds
[2019-01-25T14:32:06.631+0000][1][safepoint    ] Application time: 1.0016023 seconds
[2019-01-25T14:32:06.631+0000][1][safepoint    ] Total time for which application threads were stopped: 0.0000419 seconds, Stopping threads took: 0.0000112 seconds
[2019-01-25T14:32:07.631+0000][1][safepoint    ] Application time: 1.0001410 seconds
[2019-01-25T14:32:07.631+0000][1][safepoint    ] Total time for which application threads were stopped: 0.0000659 seconds, Stopping threads took: 0.0000217 seconds
[2019-01-25T14:32:08.141+0000][1][safepoint    ] Application time: 0.5096435 seconds
[2019-01-25T14:32:08.141+0000][1][safepoint    ] Total time for which application threads were stopped: 0.0001405 seconds, Stopping threads took: 0.0000185 seconds
[2019-01-25T14:32:08.147+0000][1][safepoint    ] Application time: 0.0061296 seconds
[2019-01-25T14:32:08.148+0000][1][safepoint    ] Total time for which application threads were stopped: 0.0010999 seconds, Stopping threads took: 0.0000210 seconds
[2019-01-25T14:32:09.149+0000][1][safepoint    ] Application time: 1.0001824 seconds
[2019-01-25T14:32:09.149+0000][1][safepoint    ] Total time for which application threads were stopped: 0.0000548 seconds, Stopping threads took: 0.0000112 seconds
[2019-01-25T14:32:10.149+0000][1][safepoint    ] Application time: 1.0001698 seconds
[2019-01-25T14:32:10.149+0000][1][safepoint    ] Total time for which application threads were stopped: 0.0000774 seconds, Stopping threads took: 0.0000182 seconds
[2019-01-25T14:32:10.657+0000][1][safepoint    ] Application time: 0.5077302 seconds
[2019-01-25T14:32:10.657+0000][1][safepoint    ] Total time for which application threads were stopped: 0.0000915 seconds, Stopping threads took: 0.0000142 seconds
[2019-01-25T14:32:10.659+0000][1][safepoint    ] Application time: 0.0022746 seconds
[2019-01-25T14:32:10.659+0000][1][safepoint    ] Total time for which application threads were stopped: 0.0000983 seconds, Stopping threads took: 0.0000254 seconds
[2019-01-25T14:32:11.659+0000][1][safepoint    ] Application time: 1.0001285 seconds
[2019-01-25T14:32:11.660+0000][1][safepoint    ] Total time for which application threads were stopped: 0.0000803 seconds, Stopping threads took: 0.0000159 seconds
[2019-01-25T14:32:12.660+0000][1][safepoint    ] Application time: 1.0001395 seconds
[2019-01-25T14:32:12.660+0000][1][safepoint    ] Total time for which application threads were stopped: 0.0000873 seconds, Stopping threads took: 0.0000151 seconds
[2019-01-25T14:32:13.167+0000][1][safepoint    ] Application time: 0.5074943 seconds
[2019-01-25T14:32:13.168+0000][1][safepoint    ] Total time for which application threads were stopped: 0.0000714 seconds, Stopping threads took: 0.0000110 seconds
[2019-01-25T14:32:13.169+0000][1][safepoint    ] Application time: 0.0018929 seconds
[2019-01-25T14:32:13.170+0000][1][safepoint    ] Total time for which application threads were stopped: 0.0000767 seconds, Stopping threads took: 0.0000190 seconds
[2019-01-25T14:32:14.171+0000][1][safepoint    ] Application time: 1.0011429 seconds
[2019-01-25T14:32:14.173+0000][1][safepoint    ] Total time for which application threads were stopped: 0.0015424 seconds, Stopping threads took: 0.0001343 seconds
[2019-01-25T14:32:15.174+0000][1][safepoint    ] Application time: 1.0010877 seconds
[2019-01-25T14:32:15.174+0000][1][safepoint    ] Total time for which application threads were stopped: 0.0000665 seconds, Stopping threads took: 0.0000161 seconds
[2019-01-25T14:32:15.677+0000][1][safepoint    ] Application time: 0.5030693 seconds
[2019-01-25T14:32:15.677+0000][1][safepoint    ] Total time for which application threads were stopped: 0.0000803 seconds, Stopping threads took: 0.0000112 seconds
[2019-01-25T14:32:15.680+0000][1][safepoint    ] Application time: 0.0027335 seconds
[2019-01-25T14:32:15.680+0000][1][safepoint    ] Total time for which application threads were stopped: 0.0000995 seconds, Stopping threads took: 0.0000128 seconds
[2019-01-25T14:32:16.680+0000][1][safepoint    ] Application time: 1.0001675 seconds
[2019-01-25T14:32:16.680+0000][1][safepoint    ] Total time for which application threads were stopped: 0.0000603 seconds, Stopping threads took: 0.0000168 seconds
[2019-01-25T14:32:17.680+0000][1][safepoint    ] Application time: 1.0001524 seconds
[2019-01-25T14:32:17.681+0000][1][safepoint    ] Total time for which application threads were stopped: 0.0000439 seconds, Stopping threads took: 0.0000128 seconds
[2019-01-25T14:32:18.189+0000][1][safepoint    ] Application time: 0.5080809 seconds
[2019-01-25T14:32:18.189+0000][1][safepoint    ] Total time for which application threads were stopped: 0.0000623 seconds, Stopping threads took: 0.0000092 seconds
[2019-01-25T14:32:18.192+0000][1][safepoint    ] Application time: 0.0031582 seconds
[2019-01-25T14:32:18.192+0000][1][safepoint    ] Total time for which application threads were stopped: 0.0000693 seconds, Stopping threads took: 0.0000111 seconds
[2019-01-25T14:32:19.192+0000][1][safepoint    ] Application time: 1.0002280 seconds
[2019-01-25T14:32:19.192+0000][1][safepoint    ] Total time for which application threads were stopped: 0.0000552 seconds, Stopping threads took: 0.0000107 seconds
[2019-01-25T14:32:20.192+0000][1][safepoint    ] Application time: 1.0001324 seconds
[2019-01-25T14:32:20.193+0000][1][safepoint    ] Total time for which application threads were stopped: 0.0000460 seconds, Stopping threads took: 0.0000120 seconds
[2019-01-25T14:32:20.703+0000][1][safepoint    ] Application time: 0.5101719 seconds
[2019-01-25T14:32:20.703+0000][1][safepoint    ] Total time for which application threads were stopped: 0.0000918 seconds, Stopping threads took: 0.0000098 seconds
[2019-01-25T14:32:20.706+0000][1][safepoint    ] Application time: 0.0032100 seconds
[2019-01-25T14:32:20.706+0000][1][safepoint    ] Total time for which application threads were stopped: 0.0000659 seconds, Stopping threads took: 0.0000112 seconds
[2019-01-25T14:32:21.706+0000][1][safepoint    ] Application time: 1.0001416 seconds
[2019-01-25T14:32:21.706+0000][1][safepoint    ] Total time for which application threads were stopped: 0.0000572 seconds, Stopping threads took: 0.0000140 seconds
[2019-01-25T14:32:22.707+0000][1][safepoint    ] Application time: 1.0001958 seconds
[2019-01-25T14:32:22.707+0000][1][safepoint    ] Total time for which application threads were stopped: 0.0000860 seconds, Stopping threads took: 0.0000195 seconds
[2019-01-25T14:32:23.214+0000][1][safepoint    ] Application time: 0.5067809 seconds
[2019-01-25T14:32:23.214+0000][1][safepoint    ] Total time for which application threads were stopped: 0.0000796 seconds, Stopping threads took: 0.0000119 seconds
[2019-01-25T14:32:23.217+0000][1][safepoint    ] Application time: 0.0029833 seconds
[2019-01-25T14:32:23.217+0000][1][safepoint    ] Total time for which application threads were stopped: 0.0000813 seconds, Stopping threads took: 0.0000131 seconds
[2019-01-25T14:32:24.217+0000][1][safepoint    ] Application time: 1.0002581 seconds
[2019-01-25T14:32:24.217+0000][1][safepoint    ] Total time for which application threads were stopped: 0.0000729 seconds, Stopping threads took: 0.0000179 seconds
[2019-01-25T14:32:25.217+0000][1][safepoint    ] Application time: 1.0001517 seconds
[2019-01-25T14:32:25.218+0000][1][safepoint    ] Total time for which application threads were stopped: 0.0000754 seconds, Stopping threads took: 0.0000154 seconds
[2019-01-25T14:32:25.730+0000][1][safepoint    ] Application time: 0.5119897 seconds
[2019-01-25T14:32:25.730+0000][1][safepoint    ] Total time for which application threads were stopped: 0.0000643 seconds, Stopping threads took: 0.0000100 seconds
[2019-01-25T14:32:25.732+0000][1][safepoint    ] Application time: 0.0025237 seconds
[2019-01-25T14:32:25.732+0000][1][safepoint    ] Total time for which application threads were stopped: 0.0000861 seconds, Stopping threads took: 0.0000134 seconds
[2019-01-25T14:32:26.733+0000][1][safepoint    ] Application time: 1.0002662 seconds
[2019-01-25T14:32:26.733+0000][1][safepoint    ] Total time for which application threads were stopped: 0.0000903 seconds, Stopping threads took: 0.0000244 seconds
[2019-01-25T14:32:27.733+0000][1][safepoint    ] Application time: 1.0001166 seconds
[2019-01-25T14:32:27.733+0000][1][safepoint    ] Total time for which application threads were stopped: 0.0000683 seconds, Stopping threads took: 0.0000182 seconds
[2019-01-25T14:32:28.239+0000][1][safepoint    ] Application time: 0.5060531 seconds
[2019-01-25T14:32:28.239+0000][1][safepoint    ] Total time for which application threads were stopped: 0.0000717 seconds, Stopping threads took: 0.0000160 seconds
[2019-01-25T14:32:28.241+0000][1][safepoint    ] Application time: 0.0017180 seconds
[2019-01-25T14:32:28.241+0000][1][safepoint    ] Total time for which application threads were stopped: 0.0000694 seconds, Stopping threads took: 0.0000095 seconds
[2019-01-25T14:32:29.241+0000][1][safepoint    ] Application time: 1.0001400 seconds
[2019-01-25T14:32:29.241+0000][1][safepoint    ] Total time for which application threads were stopped: 0.0000855 seconds, Stopping threads took: 0.0000330 seconds
[2019-01-25T14:32:30.242+0000][1][safepoint    ] Application time: 1.0002000 seconds
[2019-01-25T14:32:30.242+0000][1][safepoint    ] Total time for which application threads were stopped: 0.0000950 seconds, Stopping threads took: 0.0000242 seconds
[2019-01-25T14:32:30.749+0000][1][safepoint    ] Application time: 0.5067747 seconds
[2019-01-25T14:32:30.749+0000][1][safepoint    ] Total time for which application threads were stopped: 0.0000873 seconds, Stopping threads took: 0.0000108 seconds
[2019-01-25T14:32:30.750+0000][1][safepoint    ] Application time: 0.0015884 seconds
[2019-01-25T14:32:30.750+0000][1][safepoint    ] Total time for which application threads were stopped: 0.0000714 seconds, Stopping threads took: 0.0000106 seconds
[2019-01-25T14:32:31.750+0000][1][safepoint    ] Application time: 1.0001440 seconds
[2019-01-25T14:32:31.751+0000][1][safepoint    ] Total time for which application threads were stopped: 0.0000427 seconds, Stopping threads took: 0.0000120 seconds
[2019-01-25T14:32:32.751+0000][1][safepoint    ] Application time: 1.0004501 seconds
[2019-01-25T14:32:32.751+0000][1][safepoint    ] Total time for which application threads were stopped: 0.0000489 seconds, Stopping threads took: 0.0000140 seconds
[2019-01-25T14:32:33.260+0000][1][safepoint    ] Application time: 0.5091582 seconds
[2019-01-25T14:32:33.260+0000][1][safepoint    ] Total time for which application threads were stopped: 0.0000657 seconds, Stopping threads took: 0.0000107 seconds
[2019-01-25T14:32:33.263+0000][1][safepoint    ] Application time: 0.0021623 seconds
[2019-01-25T14:32:33.263+0000][1][safepoint    ] Total time for which application threads were stopped: 0.0000669 seconds, Stopping threads took: 0.0000109 seconds
[2019-01-25T14:32:34.263+0000][1][safepoint    ] Application time: 1.0001538 seconds
[2019-01-25T14:32:34.263+0000][1][safepoint    ] Total time for which application threads were stopped: 0.0000722 seconds, Stopping threads took: 0.0000172 seconds
[2019-01-25T14:32:35.263+0000][1][safepoint    ] Application time: 1.0001410 seconds
[2019-01-25T14:32:35.263+0000][1][safepoint    ] Total time for which application threads were stopped: 0.0000575 seconds, Stopping threads took: 0.0000139 seconds
[2019-01-25T14:32:35.770+0000][1][safepoint    ] Application time: 0.5062162 seconds
[2019-01-25T14:32:35.770+0000][1][safepoint    ] Total time for which application threads were stopped: 0.0000929 seconds, Stopping threads took: 0.0000155 seconds
[2019-01-25T14:32:35.772+0000][1][safepoint    ] Application time: 0.0021553 seconds
[2019-01-25T14:32:35.772+0000][1][safepoint    ] Total time for which application threads were stopped: 0.0000955 seconds, Stopping threads took: 0.0000146 seconds
[2019-01-25T14:32:36.772+0000][1][safepoint    ] Application time: 1.0001642 seconds
[2019-01-25T14:32:36.772+0000][1][safepoint    ] Total time for which application threads were stopped: 0.0001010 seconds, Stopping threads took: 0.0000124 seconds
[2019-01-25T14:32:37.772+0000][1][safepoint    ] Application time: 1.0001101 seconds
[2019-01-25T14:32:37.773+0000][1][safepoint    ] Total time for which application threads were stopped: 0.0000746 seconds, Stopping threads took: 0.0000155 seconds
[2019-01-25T14:32:38.284+0000][1][safepoint    ] Application time: 0.5116895 seconds
[2019-01-25T14:32:38.284+0000][1][safepoint    ] Total time for which application threads were stopped: 0.0000707 seconds, Stopping threads took: 0.0000100 seconds
[2019-01-25T14:32:38.286+0000][1][safepoint    ] Application time: 0.0017758 seconds
[2019-01-25T14:32:38.286+0000][1][safepoint    ] Total time for which application threads were stopped: 0.0000765 seconds, Stopping threads took: 0.0000143 seconds
[2019-01-25T14:32:39.286+0000][1][safepoint    ] Application time: 1.0001232 seconds
[2019-01-25T14:32:39.286+0000][1][safepoint    ] Total time for which application threads were stopped: 0.0000555 seconds, Stopping threads took: 0.0000141 seconds
[2019-01-25T14:32:40.287+0000][1][safepoint    ] Application time: 1.0001984 seconds
[2019-01-25T14:32:40.287+0000][1][safepoint    ] Total time for which application threads were stopped: 0.0000789 seconds, Stopping threads took: 0.0000199 seconds
[2019-01-25T14:32:40.806+0000][1][safepoint    ] Application time: 0.5191891 seconds
[2019-01-25T14:32:40.806+0000][1][safepoint    ] Total time for which application threads were stopped: 0.0002037 seconds, Stopping threads took: 0.0000273 seconds
[2019-01-25T14:32:40.812+0000][1][safepoint    ] Application time: 0.0051039 seconds
[2019-01-25T14:32:40.812+0000][1][safepoint    ] Total time for which application threads were stopped: 0.0001987 seconds, Stopping threads took: 0.0000292 seconds
[2019-01-25T14:32:41.812+0000][1][safepoint    ] Application time: 1.0002107 seconds
[2019-01-25T14:32:41.812+0000][1][safepoint    ] Total time for which application threads were stopped: 0.0000446 seconds, Stopping threads took: 0.0000137 seconds
[2019-01-25T14:32:42.813+0000][1][safepoint    ] Application time: 1.0003714 seconds
[2019-01-25T14:32:42.813+0000][1][safepoint    ] Total time for which application threads were stopped: 0.0002003 seconds, Stopping threads took: 0.0000492 seconds
[2019-01-25T14:32:43.335+0000][1][safepoint    ] Application time: 0.5217614 seconds
[2019-01-25T14:32:43.335+0000][1][safepoint    ] Total time for which application threads were stopped: 0.0001118 seconds, Stopping threads took: 0.0000290 seconds
[2019-01-25T14:32:43.337+0000][1][safepoint    ] Application time: 0.0018206 seconds
[2019-01-25T14:32:43.337+0000][1][safepoint    ] Total time for which application threads were stopped: 0.0000958 seconds, Stopping threads took: 0.0000135 seconds
[2019-01-25T14:32:44.337+0000][1][safepoint    ] Application time: 1.0001445 seconds
[2019-01-25T14:32:44.337+0000][1][safepoint    ] Total time for which application threads were stopped: 0.0000452 seconds, Stopping threads took: 0.0000126 seconds
[2019-01-25T14:32:45.337+0000][1][safepoint    ] Application time: 1.0001124 seconds
[2019-01-25T14:32:45.337+0000][1][safepoint    ] Total time for which application threads were stopped: 0.0000415 seconds, Stopping threads took: 0.0000111 seconds
[2019-01-25T14:32:45.842+0000][1][safepoint    ] Application time: 0.5045030 seconds
[2019-01-25T14:32:45.842+0000][1][safepoint    ] Total time for which application threads were stopped: 0.0000858 seconds, Stopping threads took: 0.0000120 seconds
[2019-01-25T14:32:45.844+0000][1][safepoint    ] Application time: 0.0016142 seconds
[2019-01-25T14:32:45.844+0000][1][safepoint    ] Total time for which application threads were stopped: 0.0000799 seconds, Stopping threads took: 0.0000122 seconds
[2019-01-25T14:32:46.844+0000][1][safepoint    ] Application time: 1.0001987 seconds
[2019-01-25T14:32:46.844+0000][1][safepoint    ] Total time for which application threads were stopped: 0.0000986 seconds, Stopping threads took: 0.0000254 seconds
[2019-01-25T14:32:47.844+0000][1][safepoint    ] Application time: 1.0001432 seconds
[2019-01-25T14:32:47.844+0000][1][safepoint    ] Total time for which application threads were stopped: 0.0000406 seconds, Stopping threads took: 0.0000106 seconds
[2019-01-25T14:32:48.353+0000][1][safepoint    ] Application time: 0.5089321 seconds
[2019-01-25T14:32:48.353+0000][1][safepoint    ] Total time for which application threads were stopped: 0.0000715 seconds, Stopping threads took: 0.0000110 seconds
[2019-01-25T14:32:48.355+0000][1][safepoint    ] Application time: 0.0016734 seconds
[2019-01-25T14:32:48.355+0000][1][safepoint    ] Total time for which application threads were stopped: 0.0000726 seconds, Stopping threads took: 0.0000110 seconds
[2019-01-25T14:32:49.355+0000][1][safepoint    ] Application time: 1.0001485 seconds
[2019-01-25T14:32:49.356+0000][1][safepoint    ] Total time for which application threads were stopped: 0.0000692 seconds, Stopping threads took: 0.0000173 seconds
[2019-01-25T14:32:50.356+0000][1][safepoint    ] Application time: 1.0004968 seconds
[2019-01-25T14:32:50.356+0000][1][safepoint    ] Total time for which application threads were stopped: 0.0000657 seconds, Stopping threads took: 0.0000111 seconds
[2019-01-25T14:32:50.877+0000][1][safepoint    ] Application time: 0.5205415 seconds
[2019-01-25T14:32:50.877+0000][1][safepoint    ] Total time for which application threads were stopped: 0.0005640 seconds, Stopping threads took: 0.0000436 seconds
[2019-01-25T14:32:50.885+0000][1][safepoint    ] Application time: 0.0073431 seconds
[2019-01-25T14:32:50.887+0000][1][safepoint    ] Total time for which application threads were stopped: 0.0019386 seconds, Stopping threads took: 0.0001176 seconds
[2019-01-25T14:32:51.888+0000][1][safepoint    ] Application time: 1.0002738 seconds
[2019-01-25T14:32:51.888+0000][1][safepoint    ] Total time for which application threads were stopped: 0.0000644 seconds, Stopping threads took: 0.0000175 seconds
[2019-01-25T14:32:52.888+0000][1][safepoint    ] Application time: 1.0002125 seconds
[2019-01-25T14:32:52.888+0000][1][safepoint    ] Total time for which application threads were stopped: 0.0000828 seconds, Stopping threads took: 0.0000212 seconds
[2019-01-25T14:32:53.403+0000][1][safepoint    ] Application time: 0.5145718 seconds
[2019-01-25T14:32:53.403+0000][1][safepoint    ] Total time for which application threads were stopped: 0.0000713 seconds, Stopping threads took: 0.0000184 seconds
[2019-01-25T14:32:53.405+0000][1][safepoint    ] Application time: 0.0017111 seconds
[2019-01-25T14:32:53.405+0000][1][safepoint    ] Total time for which application threads were stopped: 0.0000723 seconds, Stopping threads took: 0.0000193 seconds
[2019-01-25T14:32:54.405+0000][1][safepoint    ] Application time: 1.0004051 seconds
[2019-01-25T14:32:54.405+0000][1][safepoint    ] Total time for which application threads were stopped: 0.0000789 seconds, Stopping threads took: 0.0000199 seconds
[2019-01-25T14:32:55.406+0000][1][safepoint    ] Application time: 1.0002552 seconds
[2019-01-25T14:32:55.406+0000][1][safepoint    ] Total time for which application threads were stopped: 0.0000659 seconds, Stopping threads took: 0.0000181 seconds
[2019-01-25T14:32:55.941+0000][1][safepoint    ] Application time: 0.5349740 seconds
[2019-01-25T14:32:55.941+0000][1][safepoint    ] Total time for which application threads were stopped: 0.0001005 seconds, Stopping threads took: 0.0000260 seconds
[2019-01-25T14:32:55.943+0000][1][safepoint    ] Application time: 0.0026206 seconds
[2019-01-25T14:32:55.944+0000][1][safepoint    ] Total time for which application threads were stopped: 0.0000999 seconds, Stopping threads took: 0.0000259 seconds
[2019-01-25T14:32:56.944+0000][1][safepoint    ] Application time: 1.0004231 seconds
[2019-01-25T14:32:56.944+0000][1][safepoint    ] Total time for which application threads were stopped: 0.0002984 seconds, Stopping threads took: 0.0001726 seconds
[2019-01-25T14:32:57.945+0000][1][safepoint    ] Application time: 1.0001549 seconds
[2019-01-25T14:32:57.945+0000][1][safepoint    ] Total time for which application threads were stopped: 0.0000595 seconds, Stopping threads took: 0.0000149 seconds
[2019-01-25T14:32:58.456+0000][1][safepoint    ] Application time: 0.5115554 seconds
[2019-01-25T14:32:58.457+0000][1][safepoint    ] Total time for which application threads were stopped: 0.0001039 seconds, Stopping threads took: 0.0000149 seconds
[2019-01-25T14:32:58.460+0000][1][safepoint    ] Application time: 0.0036435 seconds
[2019-01-25T14:32:58.460+0000][1][safepoint    ] Total time for which application threads were stopped: 0.0001301 seconds, Stopping threads took: 0.0000405 seconds
[2019-01-25T14:32:59.461+0000][1][safepoint    ] Application time: 1.0001780 seconds
[2019-01-25T14:32:59.461+0000][1][safepoint    ] Total time for which application threads were stopped: 0.0000614 seconds, Stopping threads took: 0.0000293 seconds
[2019-01-25T14:33:00.461+0000][1][safepoint    ] Application time: 1.0001160 seconds
[2019-01-25T14:33:00.461+0000][1][safepoint    ] Total time for which application threads were stopped: 0.0000423 seconds, Stopping threads took: 0.0000113 seconds
[2019-01-25T14:33:00.969+0000][1][safepoint    ] Application time: 0.5077016 seconds
[2019-01-25T14:33:00.969+0000][1][safepoint    ] Total time for which application threads were stopped: 0.0000807 seconds, Stopping threads took: 0.0000161 seconds
[2019-01-25T14:33:00.971+0000][1][safepoint    ] Application time: 0.0017965 seconds
[2019-01-25T14:33:00.971+0000][1][safepoint    ] Total time for which application threads were stopped: 0.0000754 seconds, Stopping threads took: 0.0000175 seconds
[2019-01-25T14:33:01.971+0000][1][safepoint    ] Application time: 1.0001281 seconds
[2019-01-25T14:33:01.971+0000][1][safepoint    ] Total time for which application threads were stopped: 0.0000424 seconds, Stopping threads took: 0.0000117 seconds
[2019-01-25T14:33:02.971+0000][1][safepoint    ] Application time: 1.0001707 seconds
[2019-01-25T14:33:02.971+0000][1][safepoint    ] Total time for which application threads were stopped: 0.0000648 seconds, Stopping threads took: 0.0000199 seconds
[2019-01-25T14:33:03.479+0000][1][safepoint    ] Application time: 0.5076346 seconds
[2019-01-25T14:33:03.479+0000][1][safepoint    ] Total time for which application threads were stopped: 0.0001139 seconds, Stopping threads took: 0.0000320 seconds
[2019-01-25T14:33:03.483+0000][1][safepoint    ] Application time: 0.0038839 seconds
[2019-01-25T14:33:03.483+0000][1][safepoint    ] Total time for which application threads were stopped: 0.0000991 seconds, Stopping threads took: 0.0000256 seconds
[2019-01-25T14:33:04.484+0000][1][safepoint    ] Application time: 1.0004594 seconds
[2019-01-25T14:33:04.484+0000][1][safepoint    ] Total time for which application threads were stopped: 0.0000462 seconds, Stopping threads took: 0.0000124 seconds
[2019-01-25T14:33:05.484+0000][1][safepoint    ] Application time: 1.0001391 seconds
[2019-01-25T14:33:05.484+0000][1][safepoint    ] Total time for which application threads were stopped: 0.0000433 seconds, Stopping threads took: 0.0000114 seconds
[2019-01-25T14:33:05.990+0000][1][safepoint    ] Application time: 0.5062243 seconds
[2019-01-25T14:33:05.990+0000][1][safepoint    ] Total time for which application threads were stopped: 0.0000704 seconds, Stopping threads took: 0.0000171 seconds
[2019-01-25T14:33:05.992+0000][1][safepoint    ] Application time: 0.0022075 seconds
[2019-01-25T14:33:05.993+0000][1][safepoint    ] Total time for which application threads were stopped: 0.0000915 seconds, Stopping threads took: 0.0000227 seconds
[2019-01-25T14:33:06.993+0000][1][safepoint    ] Application time: 1.0001780 seconds
[2019-01-25T14:33:06.993+0000][1][safepoint    ] Total time for which application threads were stopped: 0.0000429 seconds, Stopping threads took: 0.0000114 seconds
[2019-01-25T14:33:07.993+0000][1][safepoint    ] Application time: 1.0001400 seconds
[2019-01-25T14:33:07.993+0000][1][safepoint    ] Total time for which application threads were stopped: 0.0000666 seconds, Stopping threads took: 0.0000151 seconds
[2019-01-25T14:33:08.508+0000][1][safepoint    ] Application time: 0.5151393 seconds
[2019-01-25T14:33:08.508+0000][1][safepoint    ] Total time for which application threads were stopped: 0.0000939 seconds, Stopping threads took: 0.0000232 seconds
[2019-01-25T14:33:08.512+0000][1][safepoint    ] Application time: 0.0036794 seconds
[2019-01-25T14:33:08.512+0000][1][safepoint    ] Total time for which application threads were stopped: 0.0001380 seconds, Stopping threads took: 0.0000664 seconds
[2019-01-25T14:33:09.512+0000][1][safepoint    ] Application time: 1.0001586 seconds
[2019-01-25T14:33:09.513+0000][1][safepoint    ] Total time for which application threads were stopped: 0.0001007 seconds, Stopping threads took: 0.0000234 seconds
[2019-01-25T14:33:10.513+0000][1][safepoint    ] Application time: 1.0001135 seconds
[2019-01-25T14:33:10.513+0000][1][safepoint    ] Total time for which application threads were stopped: 0.0000469 seconds, Stopping threads took: 0.0000109 seconds
[2019-01-25T14:33:11.021+0000][1][safepoint    ] Application time: 0.5076928 seconds
[2019-01-25T14:33:11.021+0000][1][safepoint    ] Total time for which application threads were stopped: 0.0000863 seconds, Stopping threads took: 0.0000218 seconds
[2019-01-25T14:33:11.023+0000][1][safepoint    ] Application time: 0.0021244 seconds
[2019-01-25T14:33:11.023+0000][1][safepoint    ] Total time for which application threads were stopped: 0.0000801 seconds, Stopping threads took: 0.0000116 seconds
[2019-01-25T14:33:12.023+0000][1][safepoint    ] Application time: 1.0001188 seconds
[2019-01-25T14:33:12.023+0000][1][safepoint    ] Total time for which application threads were stopped: 0.0000427 seconds, Stopping threads took: 0.0000113 seconds
[2019-01-25T14:33:13.024+0000][1][safepoint    ] Application time: 1.0004749 seconds
[2019-01-25T14:33:13.024+0000][1][safepoint    ] Total time for which application threads were stopped: 0.0001281 seconds, Stopping threads took: 0.0000321 seconds
[2019-01-25T14:33:13.533+0000][1][safepoint    ] Application time: 0.5096346 seconds
[2019-01-25T14:33:13.534+0000][1][safepoint    ] Total time for which application threads were stopped: 0.0000663 seconds, Stopping threads took: 0.0000125 seconds
[2019-01-25T14:33:13.535+0000][1][safepoint    ] Application time: 0.0011751 seconds
[2019-01-25T14:33:13.535+0000][1][safepoint    ] Total time for which application threads were stopped: 0.0000968 seconds, Stopping threads took: 0.0000161 seconds
[2019-01-25T14:33:14.535+0000][1][safepoint    ] Application time: 1.0004911 seconds
[2019-01-25T14:33:14.536+0000][1][safepoint    ] Total time for which application threads were stopped: 0.0000596 seconds, Stopping threads took: 0.0000226 seconds
[2019-01-25T14:33:15.536+0000][1][safepoint    ] Application time: 1.0001325 seconds
[2019-01-25T14:33:15.536+0000][1][safepoint    ] Total time for which application threads were stopped: 0.0000729 seconds, Stopping threads took: 0.0000163 seconds
[2019-01-25T14:33:16.042+0000][1][safepoint    ] Application time: 0.5063438 seconds
[2019-01-25T14:33:16.042+0000][1][safepoint    ] Total time for which application threads were stopped: 0.0000847 seconds, Stopping threads took: 0.0000124 seconds
[2019-01-25T14:33:16.044+0000][1][safepoint    ] Application time: 0.0015990 seconds
[2019-01-25T14:33:16.044+0000][1][safepoint    ] Total time for which application threads were stopped: 0.0000835 seconds, Stopping threads took: 0.0000128 seconds
[2019-01-25T14:33:17.044+0000][1][safepoint    ] Application time: 1.0001488 seconds
[2019-01-25T14:33:17.044+0000][1][safepoint    ] Total time for which application threads were stopped: 0.0000580 seconds, Stopping threads took: 0.0000141 seconds
[2019-01-25T14:33:18.045+0000][1][safepoint    ] Application time: 1.0001751 seconds
[2019-01-25T14:33:18.045+0000][1][safepoint    ] Total time for which application threads were stopped: 0.0000434 seconds, Stopping threads took: 0.0000122 seconds
[2019-01-25T14:33:18.552+0000][1][safepoint    ] Application time: 0.5072484 seconds
[2019-01-25T14:33:18.552+0000][1][safepoint    ] Total time for which application threads were stopped: 0.0000716 seconds, Stopping threads took: 0.0000105 seconds
[2019-01-25T14:33:18.554+0000][1][safepoint    ] Application time: 0.0016438 seconds
[2019-01-25T14:33:18.554+0000][1][safepoint    ] Total time for which application threads were stopped: 0.0000699 seconds, Stopping threads took: 0.0000107 seconds
[2019-01-25T14:33:19.554+0000][1][safepoint    ] Application time: 1.0001801 seconds
[2019-01-25T14:33:19.554+0000][1][safepoint    ] Total time for which application threads were stopped: 0.0000690 seconds, Stopping threads took: 0.0000180 seconds
[2019-01-25T14:33:20.554+0000][1][safepoint    ] Application time: 1.0001209 seconds
[2019-01-25T14:33:20.554+0000][1][safepoint    ] Total time for which application threads were stopped: 0.0000471 seconds, Stopping threads took: 0.0000111 seconds
[2019-01-25T14:33:21.072+0000][1][safepoint    ] Application time: 0.5175955 seconds
[2019-01-25T14:33:21.072+0000][1][safepoint    ] Total time for which application threads were stopped: 0.0000877 seconds, Stopping threads took: 0.0000147 seconds
[2019-01-25T14:33:21.074+0000][1][safepoint    ] Application time: 0.0014264 seconds
[2019-01-25T14:33:21.074+0000][1][safepoint    ] Total time for which application threads were stopped: 0.0000845 seconds, Stopping threads took: 0.0000130 seconds
[2019-01-25T14:33:22.074+0000][1][safepoint    ] Application time: 1.0002504 seconds
[2019-01-25T14:33:22.074+0000][1][safepoint    ] Total time for which application threads were stopped: 0.0000412 seconds, Stopping threads took: 0.0000111 seconds
[2019-01-25T14:33:23.074+0000][1][safepoint    ] Application time: 1.0002120 seconds
[2019-01-25T14:33:23.074+0000][1][safepoint    ] Total time for which application threads were stopped: 0.0001171 seconds, Stopping threads took: 0.0000237 seconds
[2019-01-25T14:33:23.582+0000][1][safepoint    ] Application time: 0.5072203 seconds
[2019-01-25T14:33:23.582+0000][1][safepoint    ] Total time for which application threads were stopped: 0.0000832 seconds, Stopping threads took: 0.0000134 seconds
[2019-01-25T14:33:23.584+0000][1][safepoint    ] Application time: 0.0023573 seconds
[2019-01-25T14:33:23.584+0000][1][safepoint    ] Total time for which application threads were stopped: 0.0000930 seconds, Stopping threads took: 0.0000161 seconds
[2019-01-25T14:33:24.584+0000][1][safepoint    ] Application time: 1.0001235 seconds
[2019-01-25T14:33:24.585+0000][1][safepoint    ] Total time for which application threads were stopped: 0.0000587 seconds, Stopping threads took: 0.0000173 seconds
[2019-01-25T14:33:25.585+0000][1][safepoint    ] Application time: 1.0001297 seconds
[2019-01-25T14:33:25.585+0000][1][safepoint    ] Total time for which application threads were stopped: 0.0000697 seconds, Stopping threads took: 0.0000148 seconds
[2019-01-25T14:33:26.099+0000][1][safepoint    ] Application time: 0.5141442 seconds
[2019-01-25T14:33:26.099+0000][1][safepoint    ] Total time for which application threads were stopped: 0.0001134 seconds, Stopping threads took: 0.0000259 seconds
[2019-01-25T14:33:26.110+0000][1][safepoint    ] Application time: 0.0106388 seconds
[2019-01-25T14:33:26.110+0000][1][safepoint    ] Total time for which application threads were stopped: 0.0001095 seconds, Stopping threads took: 0.0000265 seconds
[2019-01-25T14:33:27.110+0000][1][safepoint    ] Application time: 1.0001967 seconds
[2019-01-25T14:33:27.110+0000][1][safepoint    ] Total time for which application threads were stopped: 0.0000427 seconds, Stopping threads took: 0.0000109 seconds
[2019-01-25T14:33:28.110+0000][1][safepoint    ] Application time: 1.0001260 seconds
[2019-01-25T14:33:28.110+0000][1][safepoint    ] Total time for which application threads were stopped: 0.0000720 seconds, Stopping threads took: 0.0000160 seconds
[2019-01-25T14:33:28.622+0000][1][safepoint    ] Application time: 0.5114441 seconds
[2019-01-25T14:33:28.622+0000][1][safepoint    ] Total time for which application threads were stopped: 0.0001340 seconds, Stopping threads took: 0.0000620 seconds
[2019-01-25T14:33:28.629+0000][1][safepoint    ] Application time: 0.0063917 seconds
[2019-01-25T14:33:28.629+0000][1][safepoint    ] Total time for which application threads were stopped: 0.0001959 seconds, Stopping threads took: 0.0000246 seconds
[2019-01-25T14:33:29.632+0000][1][safepoint    ] Application time: 1.0028226 seconds
[2019-01-25T14:33:29.632+0000][1][safepoint    ] Total time for which application threads were stopped: 0.0000779 seconds, Stopping threads took: 0.0000347 seconds
[2019-01-25T14:33:30.632+0000][1][safepoint    ] Application time: 1.0001320 seconds
[2019-01-25T14:33:30.632+0000][1][safepoint    ] Total time for which application threads were stopped: 0.0000586 seconds, Stopping threads took: 0.0000193 seconds
[2019-01-25T14:33:31.153+0000][1][safepoint    ] Application time: 0.5210039 seconds
[2019-01-25T14:33:31.153+0000][1][safepoint    ] Total time for which application threads were stopped: 0.0001233 seconds, Stopping threads took: 0.0000242 seconds
[2019-01-25T14:33:31.163+0000][1][safepoint    ] Application time: 0.0092393 seconds
[2019-01-25T14:33:31.163+0000][1][safepoint    ] Total time for which application threads were stopped: 0.0000906 seconds, Stopping threads took: 0.0000240 seconds
[2019-01-25T14:33:32.163+0000][1][safepoint    ] Application time: 1.0001803 seconds
[2019-01-25T14:33:32.163+0000][1][safepoint    ] Total time for which application threads were stopped: 0.0000452 seconds, Stopping threads took: 0.0000117 seconds
[2019-01-25T14:33:33.163+0000][1][safepoint    ] Application time: 1.0000959 seconds
[2019-01-25T14:33:33.163+0000][1][safepoint    ] Total time for which application threads were stopped: 0.0000445 seconds, Stopping threads took: 0.0000107 seconds
[2019-01-25T14:33:33.673+0000][1][safepoint    ] Application time: 0.5100432 seconds
[2019-01-25T14:33:33.673+0000][1][safepoint    ] Total time for which application threads were stopped: 0.0000902 seconds, Stopping threads took: 0.0000225 seconds
[2019-01-25T14:33:33.675+0000][1][safepoint    ] Application time: 0.0017239 seconds
[2019-01-25T14:33:33.675+0000][1][safepoint    ] Total time for which application threads were stopped: 0.0000927 seconds, Stopping threads took: 0.0000224 seconds
[2019-01-25T14:33:34.675+0000][1][safepoint    ] Application time: 1.0001389 seconds
[2019-01-25T14:33:34.675+0000][1][safepoint    ] Total time for which application threads were stopped: 0.0000572 seconds, Stopping threads took: 0.0000132 seconds
[2019-01-25T14:33:35.676+0000][1][safepoint    ] Application time: 1.0000955 seconds
[2019-01-25T14:33:35.676+0000][1][safepoint    ] Total time for which application threads were stopped: 0.0000419 seconds, Stopping threads took: 0.0000110 seconds
[2019-01-25T14:33:36.189+0000][1][safepoint    ] Application time: 0.5137861 seconds
[2019-01-25T14:33:36.190+0000][1][safepoint    ] Total time for which application threads were stopped: 0.0001571 seconds, Stopping threads took: 0.0000443 seconds
[2019-01-25T14:33:36.195+0000][1][safepoint    ] Application time: 0.0054204 seconds
[2019-01-25T14:33:36.201+0000][1][safepoint    ] Total time for which application threads were stopped: 0.0001907 seconds, Stopping threads took: 0.0000257 seconds
[2019-01-25T14:33:37.201+0000][1][safepoint    ] Application time: 1.0002273 seconds
[2019-01-25T14:33:37.201+0000][1][safepoint    ] Total time for which application threads were stopped: 0.0000429 seconds, Stopping threads took: 0.0000117 seconds
[2019-01-25T14:33:38.202+0000][1][safepoint    ] Application time: 1.0005218 seconds
[2019-01-25T14:33:38.202+0000][1][safepoint    ] Total time for which application threads were stopped: 0.0001506 seconds, Stopping threads took: 0.0000374 seconds
[2019-01-25T14:33:38.712+0000][1][safepoint    ] Application time: 0.5093485 seconds
[2019-01-25T14:33:38.712+0000][1][safepoint    ] Total time for which application threads were stopped: 0.0000742 seconds, Stopping threads took: 0.0000107 seconds
[2019-01-25T14:33:38.715+0000][1][safepoint    ] Application time: 0.0033458 seconds
[2019-01-25T14:33:38.715+0000][1][safepoint    ] Total time for which application threads were stopped: 0.0002999 seconds, Stopping threads took: 0.0000289 seconds
[2019-01-25T14:33:39.716+0000][1][safepoint    ] Application time: 1.0001571 seconds
[2019-01-25T14:33:39.716+0000][1][safepoint    ] Total time for which application threads were stopped: 0.0000465 seconds, Stopping threads took: 0.0000119 seconds
[2019-01-25T14:33:40.716+0000][1][safepoint    ] Application time: 1.0001436 seconds
[2019-01-25T14:33:40.716+0000][1][safepoint    ] Total time for which application threads were stopped: 0.0000521 seconds, Stopping threads took: 0.0000131 seconds
[2019-01-25T14:33:41.222+0000][1][safepoint    ] Application time: 0.5062826 seconds
[2019-01-25T14:33:41.222+0000][1][safepoint    ] Total time for which application threads were stopped: 0.0001003 seconds, Stopping threads took: 0.0000239 seconds
[2019-01-25T14:33:41.225+0000][1][safepoint    ] Application time: 0.0023709 seconds
[2019-01-25T14:33:41.225+0000][1][safepoint    ] Total time for which application threads were stopped: 0.0001146 seconds, Stopping threads took: 0.0000377 seconds
[2019-01-25T14:33:42.225+0000][1][safepoint    ] Application time: 1.0003499 seconds
[2019-01-25T14:33:42.226+0000][1][safepoint    ] Total time for which application threads were stopped: 0.0000739 seconds, Stopping threads took: 0.0000204 seconds
[2019-01-25T14:33:43.226+0000][1][safepoint    ] Application time: 1.0001389 seconds
[2019-01-25T14:33:43.226+0000][1][safepoint    ] Total time for which application threads were stopped: 0.0000706 seconds, Stopping threads took: 0.0000154 seconds
[2019-01-25T14:33:43.739+0000][1][safepoint    ] Application time: 0.5127141 seconds
[2019-01-25T14:33:43.739+0000][1][safepoint    ] Total time for which application threads were stopped: 0.0007320 seconds, Stopping threads took: 0.0006512 seconds
[2019-01-25T14:33:43.740+0000][1][safepoint    ] Application time: 0.0009622 seconds
[2019-01-25T14:33:43.742+0000][1][safepoint    ] Total time for which application threads were stopped: 0.0012344 seconds, Stopping threads took: 0.0011496 seconds
[2019-01-25T14:33:44.746+0000][1][safepoint    ] Application time: 1.0041113 seconds
[2019-01-25T14:33:44.746+0000][1][safepoint    ] Total time for which application threads were stopped: 0.0000824 seconds, Stopping threads took: 0.0000197 seconds
[2019-01-25T14:33:45.746+0000][1][safepoint    ] Application time: 1.0001645 seconds
[2019-01-25T14:33:45.746+0000][1][safepoint    ] Total time for which application threads were stopped: 0.0000703 seconds, Stopping threads took: 0.0000153 seconds
[2019-01-25T14:33:46.259+0000][1][safepoint    ] Application time: 0.5127191 seconds
[2019-01-25T14:33:46.259+0000][1][safepoint    ] Total time for which application threads were stopped: 0.0003330 seconds, Stopping threads took: 0.0000472 seconds
[2019-01-25T14:33:46.280+0000][1][safepoint    ] Application time: 0.0204007 seconds
[2019-01-25T14:33:46.280+0000][1][safepoint    ] Total time for which application threads were stopped: 0.0003253 seconds, Stopping threads took: 0.0000466 seconds
[2019-01-25T14:33:47.281+0000][1][safepoint    ] Application time: 1.0003671 seconds
[2019-01-25T14:33:47.281+0000][1][safepoint    ] Total time for which application threads were stopped: 0.0000665 seconds, Stopping threads took: 0.0000169 seconds
[2019-01-25T14:33:48.281+0000][1][safepoint    ] Application time: 1.0001472 seconds
[2019-01-25T14:33:48.281+0000][1][safepoint    ] Total time for which application threads were stopped: 0.0000717 seconds, Stopping threads took: 0.0000179 seconds
[2019-01-25T14:33:48.795+0000][1][safepoint    ] Application time: 0.5135547 seconds
[2019-01-25T14:33:48.795+0000][1][safepoint    ] Total time for which application threads were stopped: 0.0001050 seconds, Stopping threads took: 0.0000269 seconds
[2019-01-25T14:33:48.802+0000][1][safepoint    ] Application time: 0.0072716 seconds
[2019-01-25T14:33:48.802+0000][1][safepoint    ] Total time for which application threads were stopped: 0.0001119 seconds, Stopping threads took: 0.0000285 seconds
[2019-01-25T14:33:49.803+0000][1][safepoint    ] Application time: 1.0003327 seconds
[2019-01-25T14:33:49.803+0000][1][safepoint    ] Total time for which application threads were stopped: 0.0000503 seconds, Stopping threads took: 0.0000148 seconds
[2019-01-25T14:33:50.803+0000][1][safepoint    ] Application time: 1.0001785 seconds
[2019-01-25T14:33:50.803+0000][1][safepoint    ] Total time for which application threads were stopped: 0.0001500 seconds, Stopping threads took: 0.0000542 seconds
[2019-01-25T14:33:51.309+0000][1][safepoint    ] Application time: 0.5057284 seconds
[2019-01-25T14:33:51.309+0000][1][safepoint    ] Total time for which application threads were stopped: 0.0000930 seconds, Stopping threads took: 0.0000240 seconds
[2019-01-25T14:33:51.312+0000][1][safepoint    ] Application time: 0.0024279 seconds
[2019-01-25T14:33:51.312+0000][1][safepoint    ] Total time for which application threads were stopped: 0.0000880 seconds, Stopping threads took: 0.0000222 seconds
[2019-01-25T14:33:52.312+0000][1][safepoint    ] Application time: 1.0002606 seconds
[2019-01-25T14:33:52.312+0000][1][safepoint    ] Total time for which application threads were stopped: 0.0000992 seconds, Stopping threads took: 0.0000243 seconds
[2019-01-25T14:33:53.312+0000][1][safepoint    ] Application time: 1.0001407 seconds
[2019-01-25T14:33:53.313+0000][1][safepoint    ] Total time for which application threads were stopped: 0.0000677 seconds, Stopping threads took: 0.0000156 seconds
[2019-01-25T14:33:53.822+0000][1][safepoint    ] Application time: 0.5089697 seconds
[2019-01-25T14:33:53.822+0000][1][safepoint    ] Total time for which application threads were stopped: 0.0000676 seconds, Stopping threads took: 0.0000168 seconds
[2019-01-25T14:33:53.823+0000][1][safepoint    ] Application time: 0.0014917 seconds
[2019-01-25T14:33:53.823+0000][1][safepoint    ] Total time for which application threads were stopped: 0.0000653 seconds, Stopping threads took: 0.0000160 seconds
[2019-01-25T14:33:54.824+0000][1][safepoint    ] Application time: 1.0001884 seconds
[2019-01-25T14:33:54.824+0000][1][safepoint    ] Total time for which application threads were stopped: 0.0000662 seconds, Stopping threads took: 0.0000170 seconds
[2019-01-25T14:33:55.824+0000][1][safepoint    ] Application time: 1.0001241 seconds
[2019-01-25T14:33:55.824+0000][1][safepoint    ] Total time for which application threads were stopped: 0.0000415 seconds, Stopping threads took: 0.0000116 seconds
[2019-01-25T14:33:56.340+0000][1][safepoint    ] Application time: 0.5159488 seconds
[2019-01-25T14:33:56.341+0000][1][safepoint    ] Total time for which application threads were stopped: 0.0014807 seconds, Stopping threads took: 0.0013421 seconds
[2019-01-25T14:33:56.344+0000][1][safepoint    ] Application time: 0.0025190 seconds
[2019-01-25T14:33:56.346+0000][1][safepoint    ] Total time for which application threads were stopped: 0.0017387 seconds, Stopping threads took: 0.0016343 seconds
[2019-01-25T14:33:57.346+0000][1][safepoint    ] Application time: 1.0003893 seconds
[2019-01-25T14:33:57.346+0000][1][safepoint    ] Total time for which application threads were stopped: 0.0000686 seconds, Stopping threads took: 0.0000147 seconds
[2019-01-25T14:33:58.347+0000][1][safepoint    ] Application time: 1.0004342 seconds
[2019-01-25T14:33:58.347+0000][1][safepoint    ] Total time for which application threads were stopped: 0.0002083 seconds, Stopping threads took: 0.0000511 seconds
[2019-01-25T14:33:58.854+0000][1][safepoint    ] Application time: 0.5064936 seconds
[2019-01-25T14:33:58.854+0000][1][safepoint    ] Total time for which application threads were stopped: 0.0001063 seconds, Stopping threads took: 0.0000258 seconds
[2019-01-25T14:33:58.858+0000][1][safepoint    ] Application time: 0.0041826 seconds
[2019-01-25T14:33:58.858+0000][1][safepoint    ] Total time for which application threads were stopped: 0.0001003 seconds, Stopping threads took: 0.0000254 seconds
[2019-01-25T14:33:59.858+0000][1][safepoint    ] Application time: 1.0001501 seconds
[2019-01-25T14:33:59.858+0000][1][safepoint    ] Total time for which application threads were stopped: 0.0000593 seconds, Stopping threads took: 0.0000267 seconds
[2019-01-25T14:34:00.859+0000][1][safepoint    ] Application time: 1.0001386 seconds
[2019-01-25T14:34:00.859+0000][1][safepoint    ] Total time for which application threads were stopped: 0.0000636 seconds, Stopping threads took: 0.0000176 seconds
[2019-01-25T14:34:01.371+0000][1][safepoint    ] Application time: 0.5119526 seconds
[2019-01-25T14:34:01.371+0000][1][safepoint    ] Total time for which application threads were stopped: 0.0001204 seconds, Stopping threads took: 0.0000180 seconds
[2019-01-25T14:34:01.373+0000][1][safepoint    ] Application time: 0.0025550 seconds
[2019-01-25T14:34:01.373+0000][1][safepoint    ] Total time for which application threads were stopped: 0.0000875 seconds, Stopping threads took: 0.0000147 seconds
[2019-01-25T14:34:02.374+0000][1][safepoint    ] Application time: 1.0001890 seconds
[2019-01-25T14:34:02.374+0000][1][safepoint    ] Total time for which application threads were stopped: 0.0000498 seconds, Stopping threads took: 0.0000110 seconds
[2019-01-25T14:34:03.374+0000][1][safepoint    ] Application time: 1.0005112 seconds
[2019-01-25T14:34:03.375+0000][1][safepoint    ] Total time for which application threads were stopped: 0.0002561 seconds, Stopping threads took: 0.0001411 seconds
[2019-01-25T14:34:03.888+0000][1][safepoint    ] Application time: 0.5134513 seconds
[2019-01-25T14:34:03.888+0000][1][safepoint    ] Total time for which application threads were stopped: 0.0000697 seconds, Stopping threads took: 0.0000172 seconds
[2019-01-25T14:34:03.890+0000][1][safepoint    ] Application time: 0.0019730 seconds
[2019-01-25T14:34:03.890+0000][1][safepoint    ] Total time for which application threads were stopped: 0.0000951 seconds, Stopping threads took: 0.0000244 seconds
[2019-01-25T14:34:04.891+0000][1][safepoint    ] Application time: 1.0001604 seconds
[2019-01-25T14:34:04.891+0000][1][safepoint    ] Total time for which application threads were stopped: 0.0000488 seconds, Stopping threads took: 0.0000127 seconds
[2019-01-25T14:34:05.891+0000][1][safepoint    ] Application time: 1.0001636 seconds
[2019-01-25T14:34:05.891+0000][1][safepoint    ] Total time for which application threads were stopped: 0.0000652 seconds, Stopping threads took: 0.0000166 seconds
[2019-01-25T14:34:06.399+0000][1][safepoint    ] Application time: 0.5082949 seconds
[2019-01-25T14:34:06.399+0000][1][safepoint    ] Total time for which application threads were stopped: 0.0000673 seconds, Stopping threads took: 0.0000161 seconds
[2019-01-25T14:34:06.401+0000][1][safepoint    ] Application time: 0.0019520 seconds
[2019-01-25T14:34:06.401+0000][1][safepoint    ] Total time for which application threads were stopped: 0.0000687 seconds, Stopping threads took: 0.0000172 seconds
[2019-01-25T14:34:07.402+0000][1][safepoint    ] Application time: 1.0002348 seconds
[2019-01-25T14:34:07.402+0000][1][safepoint    ] Total time for which application threads were stopped: 0.0000892 seconds, Stopping threads took: 0.0000229 seconds
[2019-01-25T14:34:08.402+0000][1][safepoint    ] Application time: 1.0001535 seconds
[2019-01-25T14:34:08.402+0000][1][safepoint    ] Total time for which application threads were stopped: 0.0000950 seconds, Stopping threads took: 0.0000181 seconds
[2019-01-25T14:34:08.915+0000][1][safepoint    ] Application time: 0.5127823 seconds
[2019-01-25T14:34:08.915+0000][1][safepoint    ] Total time for which application threads were stopped: 0.0000999 seconds, Stopping threads took: 0.0000273 seconds
[2019-01-25T14:34:08.927+0000][1][safepoint    ] Application time: 0.0117320 seconds
[2019-01-25T14:34:08.931+0000][1][safepoint    ] Total time for which application threads were stopped: 0.0043009 seconds, Stopping threads took: 0.0041526 seconds
[2019-01-25T14:34:09.931+0000][1][safepoint    ] Application time: 1.0001821 seconds
[2019-01-25T14:34:09.932+0000][1][safepoint    ] Total time for which application threads were stopped: 0.0000479 seconds, Stopping threads took: 0.0000102 seconds
[2019-01-25T14:34:10.932+0000][1][safepoint    ] Application time: 1.0001197 seconds
[2019-01-25T14:34:10.932+0000][1][safepoint    ] Total time for which application threads were stopped: 0.0000411 seconds, Stopping threads took: 0.0000107 seconds
[2019-01-25T14:34:11.439+0000][1][safepoint    ] Application time: 0.5076103 seconds
[2019-01-25T14:34:11.439+0000][1][safepoint    ] Total time for which application threads were stopped: 0.0000824 seconds, Stopping threads took: 0.0000110 seconds
[2019-01-25T14:34:11.442+0000][1][safepoint    ] Application time: 0.0021741 seconds
[2019-01-25T14:34:11.442+0000][1][safepoint    ] Total time for which application threads were stopped: 0.0000781 seconds, Stopping threads took: 0.0000088 seconds
[2019-01-25T14:34:12.442+0000][1][safepoint    ] Application time: 1.0001388 seconds
[2019-01-25T14:34:12.442+0000][1][safepoint    ] Total time for which application threads were stopped: 0.0000429 seconds, Stopping threads took: 0.0000113 seconds
[2019-01-25T14:34:13.442+0000][1][safepoint    ] Application time: 1.0001208 seconds
[2019-01-25T14:34:13.442+0000][1][safepoint    ] Total time for which application threads were stopped: 0.0000430 seconds, Stopping threads took: 0.0000116 seconds
[2019-01-25T14:34:13.948+0000][1][safepoint    ] Application time: 0.5054882 seconds
[2019-01-25T14:34:13.948+0000][1][safepoint    ] Total time for which application threads were stopped: 0.0000574 seconds, Stopping threads took: 0.0000076 seconds
[2019-01-25T14:34:13.950+0000][1][safepoint    ] Application time: 0.0018493 seconds
[2019-01-25T14:34:13.950+0000][1][safepoint    ] Total time for which application threads were stopped: 0.0000600 seconds, Stopping threads took: 0.0000083 seconds
[2019-01-25T14:34:14.950+0000][1][safepoint    ] Application time: 1.0001320 seconds
[2019-01-25T14:34:14.950+0000][1][safepoint    ] Total time for which application threads were stopped: 0.0000450 seconds, Stopping threads took: 0.0000120 seconds
[2019-01-25T14:34:15.950+0000][1][safepoint    ] Application time: 1.0001058 seconds
[2019-01-25T14:34:15.950+0000][1][safepoint    ] Total time for which application threads were stopped: 0.0000466 seconds, Stopping threads took: 0.0000119 seconds
[2019-01-25T14:34:16.458+0000][1][safepoint    ] Application time: 0.5075464 seconds
[2019-01-25T14:34:16.458+0000][1][safepoint    ] Total time for which application threads were stopped: 0.0000761 seconds, Stopping threads took: 0.0000202 seconds
[2019-01-25T14:34:16.460+0000][1][safepoint    ] Application time: 0.0018794 seconds
[2019-01-25T14:34:16.460+0000][1][safepoint    ] Total time for which application threads were stopped: 0.0000735 seconds, Stopping threads took: 0.0000178 seconds
[2019-01-25T14:34:17.460+0000][1][safepoint    ] Application time: 1.0002376 seconds
[2019-01-25T14:34:17.460+0000][1][safepoint    ] Total time for which application threads were stopped: 0.0000454 seconds, Stopping threads took: 0.0000110 seconds
[2019-01-25T14:34:18.460+0000][1][safepoint    ] Application time: 1.0001172 seconds
[2019-01-25T14:34:18.460+0000][1][safepoint    ] Total time for which application threads were stopped: 0.0000603 seconds, Stopping threads took: 0.0000155 seconds
[2019-01-25T14:34:18.969+0000][1][safepoint    ] Application time: 0.5087490 seconds
[2019-01-25T14:34:18.969+0000][1][safepoint    ] Total time for which application threads were stopped: 0.0001086 seconds, Stopping threads took: 0.0000274 seconds
[2019-01-25T14:34:18.972+0000][1][safepoint    ] Application time: 0.0023407 seconds
[2019-01-25T14:34:18.972+0000][1][safepoint    ] Total time for which application threads were stopped: 0.0001097 seconds, Stopping threads took: 0.0000281 seconds
[2019-01-25T14:34:19.972+0000][1][safepoint    ] Application time: 1.0001532 seconds
[2019-01-25T14:34:19.972+0000][1][safepoint    ] Total time for which application threads were stopped: 0.0000691 seconds, Stopping threads took: 0.0000163 seconds
[2019-01-25T14:34:20.972+0000][1][safepoint    ] Application time: 1.0001039 seconds
[2019-01-25T14:34:20.972+0000][1][safepoint    ] Total time for which application threads were stopped: 0.0000654 seconds, Stopping threads took: 0.0000146 seconds
[2019-01-25T14:34:21.491+0000][1][safepoint    ] Application time: 0.5185674 seconds
[2019-01-25T14:34:21.491+0000][1][safepoint    ] Total time for which application threads were stopped: 0.0000990 seconds, Stopping threads took: 0.0000250 seconds
[2019-01-25T14:34:21.493+0000][1][safepoint    ] Application time: 0.0021943 seconds
[2019-01-25T14:34:21.493+0000][1][safepoint    ] Total time for which application threads were stopped: 0.0001000 seconds, Stopping threads took: 0.0000253 seconds
[2019-01-25T14:34:22.494+0000][1][safepoint    ] Application time: 1.0001476 seconds
[2019-01-25T14:34:22.494+0000][1][safepoint    ] Total time for which application threads were stopped: 0.0000538 seconds, Stopping threads took: 0.0000141 seconds
[2019-01-25T14:34:23.494+0000][1][safepoint    ] Application time: 1.0001301 seconds
[2019-01-25T14:34:23.494+0000][1][safepoint    ] Total time for which application threads were stopped: 0.0000704 seconds, Stopping threads took: 0.0000151 seconds
[2019-01-25T14:34:24.004+0000][1][safepoint    ] Application time: 0.5095084 seconds
[2019-01-25T14:34:24.004+0000][1][safepoint    ] Total time for which application threads were stopped: 0.0000879 seconds, Stopping threads took: 0.0000208 seconds
[2019-01-25T14:34:24.005+0000][1][safepoint    ] Application time: 0.0016975 seconds
[2019-01-25T14:34:24.005+0000][1][safepoint    ] Total time for which application threads were stopped: 0.0000939 seconds, Stopping threads took: 0.0000185 seconds
[2019-01-25T14:34:25.006+0000][1][safepoint    ] Application time: 1.0001294 seconds
[2019-01-25T14:34:25.006+0000][1][safepoint    ] Total time for which application threads were stopped: 0.0000592 seconds, Stopping threads took: 0.0000145 seconds
[2019-01-25T14:34:26.006+0000][1][safepoint    ] Application time: 1.0001236 seconds
[2019-01-25T14:34:26.006+0000][1][safepoint    ] Total time for which application threads were stopped: 0.0000426 seconds, Stopping threads took: 0.0000114 seconds
[2019-01-25T14:34:26.513+0000][1][safepoint    ] Application time: 0.5074391 seconds
[2019-01-25T14:34:26.514+0000][1][safepoint    ] Total time for which application threads were stopped: 0.0001002 seconds, Stopping threads took: 0.0000303 seconds
[2019-01-25T14:34:26.524+0000][1][safepoint    ] Application time: 0.0107844 seconds
[2019-01-25T14:34:26.525+0000][1][safepoint    ] Total time for which application threads were stopped: 0.0001882 seconds, Stopping threads took: 0.0000107 seconds
[2019-01-25T14:34:27.525+0000][1][safepoint    ] Application time: 1.0001242 seconds
[2019-01-25T14:34:27.525+0000][1][safepoint    ] Total time for which application threads were stopped: 0.0000432 seconds, Stopping threads took: 0.0000115 seconds
[2019-01-25T14:34:28.525+0000][1][safepoint    ] Application time: 1.0001258 seconds
[2019-01-25T14:34:28.525+0000][1][safepoint    ] Total time for which application threads were stopped: 0.0000585 seconds, Stopping threads took: 0.0000144 seconds
[2019-01-25T14:34:29.033+0000][1][safepoint    ] Application time: 0.5076075 seconds
[2019-01-25T14:34:29.033+0000][1][safepoint    ] Total time for which application threads were stopped: 0.0001029 seconds, Stopping threads took: 0.0000245 seconds
[2019-01-25T14:34:29.038+0000][1][safepoint    ] Application time: 0.0056702 seconds
[2019-01-25T14:34:29.039+0000][1][safepoint    ] Total time for which application threads were stopped: 0.0000962 seconds, Stopping threads took: 0.0000151 seconds
[2019-01-25T14:34:30.039+0000][1][safepoint    ] Application time: 1.0003516 seconds
[2019-01-25T14:34:30.039+0000][1][safepoint    ] Total time for which application threads were stopped: 0.0000753 seconds, Stopping threads took: 0.0000445 seconds
[2019-01-25T14:34:31.039+0000][1][safepoint    ] Application time: 1.0001408 seconds
[2019-01-25T14:34:31.039+0000][1][safepoint    ] Total time for which application threads were stopped: 0.0000536 seconds, Stopping threads took: 0.0000140 seconds
[2019-01-25T14:34:31.554+0000][1][safepoint    ] Application time: 0.5146504 seconds
[2019-01-25T14:34:31.554+0000][1][safepoint    ] Total time for which application threads were stopped: 0.0001175 seconds, Stopping threads took: 0.0000256 seconds
[2019-01-25T14:34:31.557+0000][1][safepoint    ] Application time: 0.0025004 seconds
[2019-01-25T14:34:31.557+0000][1][safepoint    ] Total time for which application threads were stopped: 0.0001481 seconds, Stopping threads took: 0.0000252 seconds
[2019-01-25T14:34:32.557+0000][1][safepoint    ] Application time: 1.0001502 seconds
[2019-01-25T14:34:32.557+0000][1][safepoint    ] Total time for which application threads were stopped: 0.0000617 seconds, Stopping threads took: 0.0000148 seconds
[2019-01-25T14:34:33.557+0000][1][safepoint    ] Application time: 1.0001096 seconds
[2019-01-25T14:34:33.557+0000][1][safepoint    ] Total time for which application threads were stopped: 0.0000600 seconds, Stopping threads took: 0.0000146 seconds
[2019-01-25T14:34:34.076+0000][1][safepoint    ] Application time: 0.5181248 seconds
[2019-01-25T14:34:34.076+0000][1][safepoint    ] Total time for which application threads were stopped: 0.0001105 seconds, Stopping threads took: 0.0000293 seconds
[2019-01-25T14:34:34.078+0000][1][safepoint    ] Application time: 0.0023188 seconds
[2019-01-25T14:34:34.078+0000][1][safepoint    ] Total time for which application threads were stopped: 0.0000854 seconds, Stopping threads took: 0.0000221 seconds
[2019-01-25T14:34:35.078+0000][1][safepoint    ] Application time: 1.0001482 seconds
[2019-01-25T14:34:35.078+0000][1][safepoint    ] Total time for which application threads were stopped: 0.0000610 seconds, Stopping threads took: 0.0000178 seconds
[2019-01-25T14:34:36.079+0000][1][safepoint    ] Application time: 1.0001259 seconds
[2019-01-25T14:34:36.079+0000][1][safepoint    ] Total time for which application threads were stopped: 0.0000757 seconds, Stopping threads took: 0.0000284 seconds
[2019-01-25T14:34:36.591+0000][1][safepoint    ] Application time: 0.5117781 seconds
[2019-01-25T14:34:36.591+0000][1][safepoint    ] Total time for which application threads were stopped: 0.0001118 seconds, Stopping threads took: 0.0000277 seconds
[2019-01-25T14:34:36.593+0000][1][safepoint    ] Application time: 0.0024172 seconds
[2019-01-25T14:34:36.593+0000][1][safepoint    ] Total time for which application threads were stopped: 0.0000866 seconds, Stopping threads took: 0.0000193 seconds
[2019-01-25T14:34:37.593+0000][1][safepoint    ] Application time: 1.0002672 seconds
[2019-01-25T14:34:37.594+0000][1][safepoint    ] Total time for which application threads were stopped: 0.0000947 seconds, Stopping threads took: 0.0000218 seconds
[2019-01-25T14:34:38.594+0000][1][safepoint    ] Application time: 1.0001392 seconds
[2019-01-25T14:34:38.594+0000][1][safepoint    ] Total time for which application threads were stopped: 0.0000424 seconds, Stopping threads took: 0.0000113 seconds
[2019-01-25T14:34:39.108+0000][1][safepoint    ] Application time: 0.5139526 seconds
[2019-01-25T14:34:39.108+0000][1][safepoint    ] Total time for which application threads were stopped: 0.0000700 seconds, Stopping threads took: 0.0000163 seconds
[2019-01-25T14:34:39.109+0000][1][safepoint    ] Application time: 0.0014857 seconds
[2019-01-25T14:34:39.110+0000][1][safepoint    ] Total time for which application threads were stopped: 0.0000701 seconds, Stopping threads took: 0.0000175 seconds
[2019-01-25T14:34:40.110+0000][1][safepoint    ] Application time: 1.0001570 seconds
[2019-01-25T14:34:40.110+0000][1][safepoint    ] Total time for which application threads were stopped: 0.0000657 seconds, Stopping threads took: 0.0000152 seconds
[2019-01-25T14:34:41.110+0000][1][safepoint    ] Application time: 1.0001524 seconds
[2019-01-25T14:34:41.110+0000][1][safepoint    ] Total time for which application threads were stopped: 0.0000418 seconds, Stopping threads took: 0.0000111 seconds
[2019-01-25T14:34:41.628+0000][1][safepoint    ] Application time: 0.5180675 seconds
[2019-01-25T14:34:41.629+0000][1][safepoint    ] Total time for which application threads were stopped: 0.0003963 seconds, Stopping threads took: 0.0001038 seconds
[2019-01-25T14:34:41.639+0000][1][safepoint    ] Application time: 0.0099008 seconds
[2019-01-25T14:34:41.639+0000][1][safepoint    ] Total time for which application threads were stopped: 0.0001590 seconds, Stopping threads took: 0.0000228 seconds
[2019-01-25T14:34:42.639+0000][1][safepoint    ] Application time: 1.0001832 seconds
[2019-01-25T14:34:42.639+0000][1][safepoint    ] Total time for which application threads were stopped: 0.0000551 seconds, Stopping threads took: 0.0000244 seconds
[2019-01-25T14:34:43.639+0000][1][safepoint    ] Application time: 1.0001355 seconds
[2019-01-25T14:34:43.640+0000][1][safepoint    ] Total time for which application threads were stopped: 0.0002421 seconds, Stopping threads took: 0.0000283 seconds
[2019-01-25T14:34:44.151+0000][1][safepoint    ] Application time: 0.5105404 seconds
[2019-01-25T14:34:44.151+0000][1][safepoint    ] Total time for which application threads were stopped: 0.0000933 seconds, Stopping threads took: 0.0000161 seconds
[2019-01-25T14:34:44.154+0000][1][safepoint    ] Application time: 0.0031763 seconds
[2019-01-25T14:34:44.154+0000][1][safepoint    ] Total time for which application threads were stopped: 0.0000654 seconds, Stopping threads took: 0.0000108 seconds
[2019-01-25T14:34:45.154+0000][1][safepoint    ] Application time: 1.0002357 seconds
[2019-01-25T14:34:45.154+0000][1][safepoint    ] Total time for which application threads were stopped: 0.0000449 seconds, Stopping threads took: 0.0000115 seconds
[2019-01-25T14:34:46.154+0000][1][safepoint    ] Application time: 1.0001020 seconds
[2019-01-25T14:34:46.155+0000][1][safepoint    ] Total time for which application threads were stopped: 0.0000665 seconds, Stopping threads took: 0.0000155 seconds
[2019-01-25T14:34:46.663+0000][1][safepoint    ] Application time: 0.5083697 seconds
[2019-01-25T14:34:46.663+0000][1][safepoint    ] Total time for which application threads were stopped: 0.0000945 seconds, Stopping threads took: 0.0000122 seconds
[2019-01-25T14:34:46.665+0000][1][safepoint    ] Application time: 0.0015167 seconds
[2019-01-25T14:34:46.665+0000][1][safepoint    ] Total time for which application threads were stopped: 0.0000966 seconds, Stopping threads took: 0.0000132 seconds
[2019-01-25T14:34:47.665+0000][1][safepoint    ] Application time: 1.0001589 seconds
[2019-01-25T14:34:47.665+0000][1][safepoint    ] Total time for which application threads were stopped: 0.0000432 seconds, Stopping threads took: 0.0000116 seconds
[2019-01-25T14:34:48.665+0000][1][safepoint    ] Application time: 1.0001378 seconds
[2019-01-25T14:34:48.665+0000][1][safepoint    ] Total time for which application threads were stopped: 0.0001145 seconds, Stopping threads took: 0.0000150 seconds
[2019-01-25T14:34:49.172+0000][1][safepoint    ] Application time: 0.5063665 seconds
[2019-01-25T14:34:49.172+0000][1][safepoint    ] Total time for which application threads were stopped: 0.0000850 seconds, Stopping threads took: 0.0000140 seconds
[2019-01-25T14:34:49.174+0000][1][safepoint    ] Application time: 0.0023517 seconds
[2019-01-25T14:34:49.174+0000][1][safepoint    ] Total time for which application threads were stopped: 0.0000644 seconds, Stopping threads took: 0.0000101 seconds
[2019-01-25T14:34:50.174+0000][1][safepoint    ] Application time: 1.0001431 seconds
[2019-01-25T14:34:50.175+0000][1][safepoint    ] Total time for which application threads were stopped: 0.0000598 seconds, Stopping threads took: 0.0000158 seconds
[2019-01-25T14:34:51.175+0000][1][safepoint    ] Application time: 1.0002575 seconds
[2019-01-25T14:34:51.175+0000][1][safepoint    ] Total time for which application threads were stopped: 0.0000871 seconds, Stopping threads took: 0.0000175 seconds
[2019-01-25T14:34:51.696+0000][1][safepoint    ] Application time: 0.5208551 seconds
[2019-01-25T14:34:51.696+0000][1][safepoint    ] Total time for which application threads were stopped: 0.0001118 seconds, Stopping threads took: 0.0000165 seconds
[2019-01-25T14:34:51.697+0000][1][safepoint    ] Application time: 0.0014341 seconds
[2019-01-25T14:34:51.698+0000][1][safepoint    ] Total time for which application threads were stopped: 0.0000827 seconds, Stopping threads took: 0.0000127 seconds
[2019-01-25T14:34:52.698+0000][1][safepoint    ] Application time: 1.0001722 seconds
[2019-01-25T14:34:52.698+0000][1][safepoint    ] Total time for which application threads were stopped: 0.0000706 seconds, Stopping threads took: 0.0000180 seconds
[2019-01-25T14:34:53.698+0000][1][safepoint    ] Application time: 1.0002039 seconds
[2019-01-25T14:34:53.698+0000][1][safepoint    ] Total time for which application threads were stopped: 0.0001040 seconds, Stopping threads took: 0.0000247 seconds
[2019-01-25T14:34:54.216+0000][1][safepoint    ] Application time: 0.5179365 seconds
[2019-01-25T14:34:54.216+0000][1][safepoint    ] Total time for which application threads were stopped: 0.0001051 seconds, Stopping threads took: 0.0000134 seconds
[2019-01-25T14:34:54.219+0000][1][safepoint    ] Application time: 0.0021672 seconds
[2019-01-25T14:34:54.219+0000][1][safepoint    ] Total time for which application threads were stopped: 0.0000838 seconds, Stopping threads took: 0.0000134 seconds
[2019-01-25T14:34:55.219+0000][1][safepoint    ] Application time: 1.0003561 seconds
[2019-01-25T14:34:55.219+0000][1][safepoint    ] Total time for which application threads were stopped: 0.0001178 seconds, Stopping threads took: 0.0000250 seconds
[2019-01-25T14:34:56.220+0000][1][safepoint    ] Application time: 1.0001589 seconds
[2019-01-25T14:34:56.220+0000][1][safepoint    ] Total time for which application threads were stopped: 0.0000413 seconds, Stopping threads took: 0.0000109 seconds
[2019-01-25T14:34:56.727+0000][1][safepoint    ] Application time: 0.5072054 seconds
[2019-01-25T14:34:56.727+0000][1][safepoint    ] Total time for which application threads were stopped: 0.0001001 seconds, Stopping threads took: 0.0000246 seconds
[2019-01-25T14:34:56.730+0000][1][safepoint    ] Application time: 0.0029048 seconds
[2019-01-25T14:34:56.730+0000][1][safepoint    ] Total time for which application threads were stopped: 0.0000915 seconds, Stopping threads took: 0.0000229 seconds
[2019-01-25T14:34:57.731+0000][1][safepoint    ] Application time: 1.0005093 seconds
[2019-01-25T14:34:57.731+0000][1][safepoint    ] Total time for which application threads were stopped: 0.0000435 seconds, Stopping threads took: 0.0000112 seconds
[2019-01-25T14:34:58.731+0000][1][safepoint    ] Application time: 1.0001321 seconds
[2019-01-25T14:34:58.731+0000][1][safepoint    ] Total time for which application threads were stopped: 0.0000689 seconds, Stopping threads took: 0.0000141 seconds
[2019-01-25T14:34:59.241+0000][1][safepoint    ] Application time: 0.5100180 seconds
[2019-01-25T14:34:59.242+0000][1][safepoint    ] Total time for which application threads were stopped: 0.0002326 seconds, Stopping threads took: 0.0000460 seconds
[2019-01-25T14:34:59.247+0000][1][safepoint    ] Application time: 0.0048327 seconds
[2019-01-25T14:34:59.247+0000][1][safepoint    ] Total time for which application threads were stopped: 0.0001885 seconds, Stopping threads took: 0.0000592 seconds
[2019-01-25T14:35:00.248+0000][1][safepoint    ] Application time: 1.0002264 seconds
[2019-01-25T14:35:00.248+0000][1][safepoint    ] Total time for which application threads were stopped: 0.0000584 seconds, Stopping threads took: 0.0000274 seconds
[2019-01-25T14:35:01.248+0000][1][safepoint    ] Application time: 1.0001553 seconds
[2019-01-25T14:35:01.248+0000][1][safepoint    ] Total time for which application threads were stopped: 0.0000577 seconds, Stopping threads took: 0.0000148 seconds
[2019-01-25T14:35:01.759+0000][1][safepoint    ] Application time: 0.5109736 seconds
[2019-01-25T14:35:01.759+0000][1][safepoint    ] Total time for which application threads were stopped: 0.0000876 seconds, Stopping threads took: 0.0000115 seconds
[2019-01-25T14:35:01.762+0000][1][safepoint    ] Application time: 0.0026506 seconds
[2019-01-25T14:35:01.762+0000][1][safepoint    ] Total time for which application threads were stopped: 0.0000849 seconds, Stopping threads took: 0.0000118 seconds
[2019-01-25T14:35:02.762+0000][1][safepoint    ] Application time: 1.0001362 seconds
[2019-01-25T14:35:02.762+0000][1][safepoint    ] Total time for which application threads were stopped: 0.0000589 seconds, Stopping threads took: 0.0000145 seconds
[2019-01-25T14:35:03.763+0000][1][safepoint    ] Application time: 1.0004177 seconds
[2019-01-25T14:35:03.763+0000][1][safepoint    ] Total time for which application threads were stopped: 0.0001168 seconds, Stopping threads took: 0.0000269 seconds
[2019-01-25T14:35:04.271+0000][1][safepoint    ] Application time: 0.5081212 seconds
[2019-01-25T14:35:04.271+0000][1][safepoint    ] Total time for which application threads were stopped: 0.0000842 seconds, Stopping threads took: 0.0000129 seconds
[2019-01-25T14:35:04.274+0000][1][safepoint    ] Application time: 0.0025083 seconds
[2019-01-25T14:35:04.274+0000][1][safepoint    ] Total time for which application threads were stopped: 0.0000650 seconds, Stopping threads took: 0.0000107 seconds
[2019-01-25T14:35:05.274+0000][1][safepoint    ] Application time: 1.0003372 seconds
[2019-01-25T14:35:05.275+0000][1][safepoint    ] Total time for which application threads were stopped: 0.0001963 seconds, Stopping threads took: 0.0000378 seconds
[2019-01-25T14:35:06.275+0000][1][safepoint    ] Application time: 1.0001611 seconds
[2019-01-25T14:35:06.275+0000][1][safepoint    ] Total time for which application threads were stopped: 0.0000602 seconds, Stopping threads took: 0.0000140 seconds
[2019-01-25T14:35:06.782+0000][1][safepoint    ] Application time: 0.5067504 seconds
[2019-01-25T14:35:06.782+0000][1][safepoint    ] Total time for which application threads were stopped: 0.0000657 seconds, Stopping threads took: 0.0000106 seconds
[2019-01-25T14:35:06.790+0000][1][safepoint    ] Application time: 0.0077441 seconds
[2019-01-25T14:35:06.790+0000][1][safepoint    ] Total time for which application threads were stopped: 0.0000922 seconds, Stopping threads took: 0.0000179 seconds
[2019-01-25T14:35:07.791+0000][1][safepoint    ] Application time: 1.0015730 seconds
[2019-01-25T14:35:07.791+0000][1][safepoint    ] Total time for which application threads were stopped: 0.0000881 seconds, Stopping threads took: 0.0000178 seconds
[2019-01-25T14:35:08.792+0000][1][safepoint    ] Application time: 1.0001717 seconds
[2019-01-25T14:35:08.792+0000][1][safepoint    ] Total time for which application threads were stopped: 0.0000649 seconds, Stopping threads took: 0.0000168 seconds
[2019-01-25T14:35:09.299+0000][1][safepoint    ] Application time: 0.5071793 seconds
[2019-01-25T14:35:09.299+0000][1][safepoint    ] Total time for which application threads were stopped: 0.0000844 seconds, Stopping threads took: 0.0000181 seconds
[2019-01-25T14:35:09.301+0000][1][safepoint    ] Application time: 0.0018434 seconds
[2019-01-25T14:35:09.301+0000][1][safepoint    ] Total time for which application threads were stopped: 0.0000726 seconds, Stopping threads took: 0.0000183 seconds
[2019-01-25T14:35:10.301+0000][1][safepoint    ] Application time: 1.0001458 seconds
[2019-01-25T14:35:10.302+0000][1][safepoint    ] Total time for which application threads were stopped: 0.0000666 seconds, Stopping threads took: 0.0000191 seconds
[2019-01-25T14:35:11.302+0000][1][safepoint    ] Application time: 1.0001373 seconds
[2019-01-25T14:35:11.302+0000][1][safepoint    ] Total time for which application threads were stopped: 0.0000681 seconds, Stopping threads took: 0.0000156 seconds
[2019-01-25T14:35:11.826+0000][1][safepoint    ] Application time: 0.5241707 seconds
[2019-01-25T14:35:11.827+0000][1][safepoint    ] Total time for which application threads were stopped: 0.0002475 seconds, Stopping threads took: 0.0001320 seconds
[2019-01-25T14:35:11.831+0000][1][safepoint    ] Application time: 0.0041066 seconds
[2019-01-25T14:35:11.831+0000][1][safepoint    ] Total time for which application threads were stopped: 0.0002911 seconds, Stopping threads took: 0.0000404 seconds
[2019-01-25T14:35:12.833+0000][1][safepoint    ] Application time: 1.0022100 seconds
[2019-01-25T14:35:12.833+0000][1][safepoint    ] Total time for which application threads were stopped: 0.0000703 seconds, Stopping threads took: 0.0000159 seconds
[2019-01-25T14:35:13.834+0000][1][safepoint    ] Application time: 1.0001517 seconds
[2019-01-25T14:35:13.834+0000][1][safepoint    ] Total time for which application threads were stopped: 0.0001060 seconds, Stopping threads took: 0.0000570 seconds
[2019-01-25T14:35:14.337+0000][1][safepoint    ] Application time: 0.5031305 seconds
[2019-01-25T14:35:14.337+0000][1][safepoint    ] Total time for which application threads were stopped: 0.0002100 seconds, Stopping threads took: 0.0000326 seconds
[2019-01-25T14:35:14.340+0000][1][safepoint    ] Application time: 0.0027690 seconds
[2019-01-25T14:35:14.342+0000][1][safepoint    ] Total time for which application threads were stopped: 0.0019327 seconds, Stopping threads took: 0.0016744 seconds
[2019-01-25T14:35:15.342+0000][1][safepoint    ] Application time: 1.0003289 seconds
[2019-01-25T14:35:15.342+0000][1][safepoint    ] Total time for which application threads were stopped: 0.0000546 seconds, Stopping threads took: 0.0000140 seconds
[2019-01-25T14:35:16.343+0000][1][safepoint    ] Application time: 1.0001784 seconds
[2019-01-25T14:35:16.343+0000][1][safepoint    ] Total time for which application threads were stopped: 0.0000425 seconds, Stopping threads took: 0.0000110 seconds
[2019-01-25T14:35:16.849+0000][1][safepoint    ] Application time: 0.5067300 seconds
[2019-01-25T14:35:16.850+0000][1][safepoint    ] Total time for which application threads were stopped: 0.0000882 seconds, Stopping threads took: 0.0000242 seconds
[2019-01-25T14:35:16.854+0000][1][safepoint    ] Application time: 0.0042308 seconds
[2019-01-25T14:35:16.854+0000][1][safepoint    ] Total time for which application threads were stopped: 0.0000884 seconds, Stopping threads took: 0.0000179 seconds
[2019-01-25T14:35:17.854+0000][1][safepoint    ] Application time: 1.0001320 seconds
[2019-01-25T14:35:17.854+0000][1][safepoint    ] Total time for which application threads were stopped: 0.0000587 seconds, Stopping threads took: 0.0000142 seconds
[2019-01-25T14:35:18.854+0000][1][safepoint    ] Application time: 1.0002356 seconds
[2019-01-25T14:35:18.855+0000][1][safepoint    ] Total time for which application threads were stopped: 0.0000681 seconds, Stopping threads took: 0.0000174 seconds
[2019-01-25T14:35:19.369+0000][1][safepoint    ] Application time: 0.5147147 seconds
[2019-01-25T14:35:19.369+0000][1][safepoint    ] Total time for which application threads were stopped: 0.0001024 seconds, Stopping threads took: 0.0000255 seconds
[2019-01-25T14:35:19.372+0000][1][safepoint    ] Application time: 0.0021140 seconds
[2019-01-25T14:35:19.372+0000][1][safepoint    ] Total time for which application threads were stopped: 0.0000944 seconds, Stopping threads took: 0.0000227 seconds
[2019-01-25T14:35:20.372+0000][1][safepoint    ] Application time: 1.0001544 seconds
[2019-01-25T14:35:20.372+0000][1][safepoint    ] Total time for which application threads were stopped: 0.0000602 seconds, Stopping threads took: 0.0000147 seconds
[2019-01-25T14:35:21.372+0000][1][safepoint    ] Application time: 1.0001459 seconds
[2019-01-25T14:35:21.372+0000][1][safepoint    ] Total time for which application threads were stopped: 0.0000420 seconds, Stopping threads took: 0.0000111 seconds
[2019-01-25T14:35:21.887+0000][1][safepoint    ] Application time: 0.5151400 seconds
[2019-01-25T14:35:21.887+0000][1][safepoint    ] Total time for which application threads were stopped: 0.0000989 seconds, Stopping threads took: 0.0000235 seconds
[2019-01-25T14:35:21.890+0000][1][safepoint    ] Application time: 0.0020839 seconds
[2019-01-25T14:35:21.890+0000][1][safepoint    ] Total time for which application threads were stopped: 0.0001005 seconds, Stopping threads took: 0.0000221 seconds
[2019-01-25T14:35:22.890+0000][1][safepoint    ] Application time: 1.0002292 seconds
[2019-01-25T14:35:22.890+0000][1][safepoint    ] Total time for which application threads were stopped: 0.0000621 seconds, Stopping threads took: 0.0000128 seconds
[2019-01-25T14:35:23.890+0000][1][safepoint    ] Application time: 1.0000987 seconds
[2019-01-25T14:35:23.890+0000][1][safepoint    ] Total time for which application threads were stopped: 0.0000433 seconds, Stopping threads took: 0.0000105 seconds
[2019-01-25T14:35:24.396+0000][1][safepoint    ] Application time: 0.5060108 seconds
[2019-01-25T14:35:24.397+0000][1][safepoint    ] Total time for which application threads were stopped: 0.0000722 seconds, Stopping threads took: 0.0000181 seconds
[2019-01-25T14:35:24.398+0000][1][safepoint    ] Application time: 0.0019248 seconds
[2019-01-25T14:35:24.399+0000][1][safepoint    ] Total time for which application threads were stopped: 0.0000701 seconds, Stopping threads took: 0.0000173 seconds
[2019-01-25T14:35:25.399+0000][1][safepoint    ] Application time: 1.0001399 seconds
[2019-01-25T14:35:25.399+0000][1][safepoint    ] Total time for which application threads were stopped: 0.0000684 seconds, Stopping threads took: 0.0000138 seconds
[2019-01-25T14:35:26.399+0000][1][safepoint    ] Application time: 1.0001242 seconds
[2019-01-25T14:35:26.399+0000][1][safepoint    ] Total time for which application threads were stopped: 0.0000679 seconds, Stopping threads took: 0.0000182 seconds
[2019-01-25T14:35:26.908+0000][1][safepoint    ] Application time: 0.5089487 seconds
[2019-01-25T14:35:26.908+0000][1][safepoint    ] Total time for which application threads were stopped: 0.0000973 seconds, Stopping threads took: 0.0000239 seconds
[2019-01-25T14:35:26.914+0000][1][safepoint    ] Application time: 0.0062661 seconds
[2019-01-25T14:35:26.915+0000][1][safepoint    ] Total time for which application threads were stopped: 0.0000973 seconds, Stopping threads took: 0.0000252 seconds
[2019-01-25T14:35:27.915+0000][1][safepoint    ] Application time: 1.0001308 seconds
[2019-01-25T14:35:27.915+0000][1][safepoint    ] Total time for which application threads were stopped: 0.0000694 seconds, Stopping threads took: 0.0000156 seconds
[2019-01-25T14:35:28.915+0000][1][safepoint    ] Application time: 1.0001707 seconds
[2019-01-25T14:35:28.915+0000][1][safepoint    ] Total time for which application threads were stopped: 0.0000415 seconds, Stopping threads took: 0.0000107 seconds
[2019-01-25T14:35:29.425+0000][1][safepoint    ] Application time: 0.5100555 seconds
[2019-01-25T14:35:29.425+0000][1][safepoint    ] Total time for which application threads were stopped: 0.0000746 seconds, Stopping threads took: 0.0000127 seconds
[2019-01-25T14:35:29.427+0000][1][safepoint    ] Application time: 0.0019655 seconds
[2019-01-25T14:35:29.427+0000][1][safepoint    ] Total time for which application threads were stopped: 0.0000620 seconds, Stopping threads took: 0.0000085 seconds
[2019-01-25T14:35:30.428+0000][1][safepoint    ] Application time: 1.0001343 seconds
[2019-01-25T14:35:30.428+0000][1][safepoint    ] Total time for which application threads were stopped: 0.0000583 seconds, Stopping threads took: 0.0000269 seconds
[2019-01-25T14:35:31.428+0000][1][safepoint    ] Application time: 1.0000843 seconds
[2019-01-25T14:35:31.428+0000][1][safepoint    ] Total time for which application threads were stopped: 0.0000407 seconds, Stopping threads took: 0.0000092 seconds
[2019-01-25T14:35:31.936+0000][1][safepoint    ] Application time: 0.5078200 seconds
[2019-01-25T14:35:31.936+0000][1][safepoint    ] Total time for which application threads were stopped: 0.0000858 seconds, Stopping threads took: 0.0000110 seconds
[2019-01-25T14:35:31.937+0000][1][safepoint    ] Application time: 0.0011600 seconds
[2019-01-25T14:35:31.937+0000][1][safepoint    ] Total time for which application threads were stopped: 0.0000896 seconds, Stopping threads took: 0.0000134 seconds
[2019-01-25T14:35:32.937+0000][1][safepoint    ] Application time: 1.0001942 seconds
[2019-01-25T14:35:32.937+0000][1][safepoint    ] Total time for which application threads were stopped: 0.0000581 seconds, Stopping threads took: 0.0000148 seconds
[2019-01-25T14:35:33.937+0000][1][safepoint    ] Application time: 1.0001110 seconds
[2019-01-25T14:35:33.937+0000][1][safepoint    ] Total time for which application threads were stopped: 0.0000559 seconds, Stopping threads took: 0.0000139 seconds
[2019-01-25T14:35:34.451+0000][1][safepoint    ] Application time: 0.5136522 seconds
[2019-01-25T14:35:34.451+0000][1][safepoint    ] Total time for which application threads were stopped: 0.0000902 seconds, Stopping threads took: 0.0000163 seconds
[2019-01-25T14:35:34.461+0000][1][safepoint    ] Application time: 0.0104806 seconds
[2019-01-25T14:35:34.462+0000][1][safepoint    ] Total time for which application threads were stopped: 0.0000953 seconds, Stopping threads took: 0.0000153 seconds
[2019-01-25T14:35:35.462+0000][1][safepoint    ] Application time: 1.0003029 seconds
[2019-01-25T14:35:35.462+0000][1][safepoint    ] Total time for which application threads were stopped: 0.0000511 seconds, Stopping threads took: 0.0000111 seconds
[2019-01-25T14:35:36.462+0000][1][safepoint    ] Application time: 1.0001344 seconds
[2019-01-25T14:35:36.462+0000][1][safepoint    ] Total time for which application threads were stopped: 0.0000420 seconds, Stopping threads took: 0.0000113 seconds
[2019-01-25T14:35:36.995+0000][1][safepoint    ] Application time: 0.5323631 seconds
[2019-01-25T14:35:36.995+0000][1][safepoint    ] Total time for which application threads were stopped: 0.0000859 seconds, Stopping threads took: 0.0000134 seconds
[2019-01-25T14:35:36.998+0000][1][safepoint    ] Application time: 0.0032111 seconds
[2019-01-25T14:35:36.998+0000][1][safepoint    ] Total time for which application threads were stopped: 0.0000996 seconds, Stopping threads took: 0.0000277 seconds
[2019-01-25T14:35:37.998+0000][1][safepoint    ] Application time: 1.0003656 seconds
[2019-01-25T14:35:37.999+0000][1][safepoint    ] Total time for which application threads were stopped: 0.0000646 seconds, Stopping threads took: 0.0000169 seconds
[2019-01-25T14:35:38.999+0000][1][safepoint    ] Application time: 1.0001275 seconds
[2019-01-25T14:35:38.999+0000][1][safepoint    ] Total time for which application threads were stopped: 0.0000588 seconds, Stopping threads took: 0.0000114 seconds
[2019-01-25T14:35:39.509+0000][1][safepoint    ] Application time: 0.5098623 seconds
[2019-01-25T14:35:39.509+0000][1][safepoint    ] Total time for which application threads were stopped: 0.0000731 seconds, Stopping threads took: 0.0000177 seconds
[2019-01-25T14:35:39.512+0000][1][safepoint    ] Application time: 0.0026949 seconds
[2019-01-25T14:35:39.512+0000][1][safepoint    ] Total time for which application threads were stopped: 0.0000720 seconds, Stopping threads took: 0.0000204 seconds
[2019-01-25T14:35:40.512+0000][1][safepoint    ] Application time: 1.0001303 seconds
[2019-01-25T14:35:40.512+0000][1][safepoint    ] Total time for which application threads were stopped: 0.0000645 seconds, Stopping threads took: 0.0000166 seconds
[2019-01-25T14:35:41.512+0000][1][safepoint    ] Application time: 1.0000604 seconds
[2019-01-25T14:35:41.513+0000][1][safepoint    ] Total time for which application threads were stopped: 0.0000549 seconds, Stopping threads took: 0.0000140 seconds
[2019-01-25T14:35:42.030+0000][1][safepoint    ] Application time: 0.5179201 seconds
[2019-01-25T14:35:42.031+0000][1][safepoint    ] Total time for which application threads were stopped: 0.0002515 seconds, Stopping threads took: 0.0000693 seconds
[2019-01-25T14:35:42.040+0000][1][safepoint    ] Application time: 0.0090649 seconds
[2019-01-25T14:35:42.040+0000][1][safepoint    ] Total time for which application threads were stopped: 0.0000765 seconds, Stopping threads took: 0.0000212 seconds
[2019-01-25T14:35:43.040+0000][1][safepoint    ] Application time: 1.0001471 seconds
[2019-01-25T14:35:43.040+0000][1][safepoint    ] Total time for which application threads were stopped: 0.0000650 seconds, Stopping threads took: 0.0000157 seconds
[2019-01-25T14:35:44.040+0000][1][safepoint    ] Application time: 1.0001039 seconds
[2019-01-25T14:35:44.041+0000][1][safepoint    ] Total time for which application threads were stopped: 0.0000759 seconds, Stopping threads took: 0.0000142 seconds
[2019-01-25T14:35:44.559+0000][1][safepoint    ] Application time: 0.5180775 seconds
[2019-01-25T14:35:44.559+0000][1][safepoint    ] Total time for which application threads were stopped: 0.0001628 seconds, Stopping threads took: 0.0000996 seconds
[2019-01-25T14:35:44.560+0000][1][safepoint    ] Application time: 0.0012519 seconds
[2019-01-25T14:35:44.562+0000][1][safepoint    ] Total time for which application threads were stopped: 0.0013294 seconds, Stopping threads took: 0.0012628 seconds
[2019-01-25T14:35:45.562+0000][1][safepoint    ] Application time: 1.0002829 seconds
[2019-01-25T14:35:45.562+0000][1][safepoint    ] Total time for which application threads were stopped: 0.0000452 seconds, Stopping threads took: 0.0000116 seconds
[2019-01-25T14:35:46.562+0000][1][safepoint    ] Application time: 1.0001558 seconds
[2019-01-25T14:35:46.562+0000][1][safepoint    ] Total time for which application threads were stopped: 0.0000413 seconds, Stopping threads took: 0.0000108 seconds
[2019-01-25T14:35:47.069+0000][1][safepoint    ] Application time: 0.5072461 seconds
[2019-01-25T14:35:47.069+0000][1][safepoint    ] Total time for which application threads were stopped: 0.0000672 seconds, Stopping threads took: 0.0000092 seconds
[2019-01-25T14:35:47.072+0000][1][safepoint    ] Application time: 0.0021107 seconds
[2019-01-25T14:35:47.072+0000][1][safepoint    ] Total time for which application threads were stopped: 0.0000639 seconds, Stopping threads took: 0.0000097 seconds
[2019-01-25T14:35:48.072+0000][1][safepoint    ] Application time: 1.0003103 seconds
[2019-01-25T14:35:48.072+0000][1][safepoint    ] Total time for which application threads were stopped: 0.0002183 seconds, Stopping threads took: 0.0000460 seconds
[2019-01-25T14:35:49.073+0000][1][safepoint    ] Application time: 1.0001403 seconds
[2019-01-25T14:35:49.073+0000][1][safepoint    ] Total time for which application threads were stopped: 0.0000420 seconds, Stopping threads took: 0.0000114 seconds
[2019-01-25T14:35:49.584+0000][1][safepoint    ] Application time: 0.5111744 seconds
[2019-01-25T14:35:49.584+0000][1][safepoint    ] Total time for which application threads were stopped: 0.0002497 seconds, Stopping threads took: 0.0000666 seconds
[2019-01-25T14:35:49.587+0000][1][safepoint    ] Application time: 0.0023579 seconds
[2019-01-25T14:35:49.587+0000][1][safepoint    ] Total time for which application threads were stopped: 0.0000759 seconds, Stopping threads took: 0.0000185 seconds
[2019-01-25T14:35:50.587+0000][1][safepoint    ] Application time: 1.0001422 seconds
[2019-01-25T14:35:50.587+0000][1][safepoint    ] Total time for which application threads were stopped: 0.0000417 seconds, Stopping threads took: 0.0000108 seconds
[2019-01-25T14:35:51.587+0000][1][safepoint    ] Application time: 1.0002204 seconds
[2019-01-25T14:35:51.587+0000][1][safepoint    ] Total time for which application threads were stopped: 0.0001137 seconds, Stopping threads took: 0.0000181 seconds
[2019-01-25T14:35:52.095+0000][1][safepoint    ] Application time: 0.5078538 seconds
[2019-01-25T14:35:52.095+0000][1][safepoint    ] Total time for which application threads were stopped: 0.0000995 seconds, Stopping threads took: 0.0000251 seconds
[2019-01-25T14:35:52.098+0000][1][safepoint    ] Application time: 0.0023009 seconds
[2019-01-25T14:35:52.098+0000][1][safepoint    ] Total time for which application threads were stopped: 0.0003764 seconds, Stopping threads took: 0.0000404 seconds
[2019-01-25T14:35:53.098+0000][1][safepoint    ] Application time: 1.0001737 seconds
[2019-01-25T14:35:53.098+0000][1][safepoint    ] Total time for which application threads were stopped: 0.0000638 seconds, Stopping threads took: 0.0000152 seconds
[2019-01-25T14:35:54.099+0000][1][safepoint    ] Application time: 1.0001291 seconds
[2019-01-25T14:35:54.099+0000][1][safepoint    ] Total time for which application threads were stopped: 0.0000433 seconds, Stopping threads took: 0.0000126 seconds
[2019-01-25T14:35:54.605+0000][1][safepoint    ] Application time: 0.5059303 seconds
[2019-01-25T14:35:54.605+0000][1][safepoint    ] Total time for which application threads were stopped: 0.0001041 seconds, Stopping threads took: 0.0000281 seconds
[2019-01-25T14:35:54.607+0000][1][safepoint    ] Application time: 0.0017297 seconds
[2019-01-25T14:35:54.607+0000][1][safepoint    ] Total time for which application threads were stopped: 0.0001484 seconds, Stopping threads took: 0.0000260 seconds
[2019-01-25T14:35:55.607+0000][1][safepoint    ] Application time: 1.0001596 seconds
[2019-01-25T14:35:55.607+0000][1][safepoint    ] Total time for which application threads were stopped: 0.0000617 seconds, Stopping threads took: 0.0000151 seconds
[2019-01-25T14:35:56.607+0000][1][safepoint    ] Application time: 1.0001272 seconds
[2019-01-25T14:35:56.607+0000][1][safepoint    ] Total time for which application threads were stopped: 0.0000616 seconds, Stopping threads took: 0.0000147 seconds
[2019-01-25T14:35:57.129+0000][1][safepoint    ] Application time: 0.5215977 seconds
[2019-01-25T14:35:57.129+0000][1][safepoint    ] Total time for which application threads were stopped: 0.0000612 seconds, Stopping threads took: 0.0000084 seconds
[2019-01-25T14:35:57.131+0000][1][safepoint    ] Application time: 0.0016497 seconds
[2019-01-25T14:35:57.131+0000][1][safepoint    ] Total time for which application threads were stopped: 0.0000621 seconds, Stopping threads took: 0.0000095 seconds
[2019-01-25T14:35:58.131+0000][1][safepoint    ] Application time: 1.0000931 seconds
[2019-01-25T14:35:58.131+0000][1][safepoint    ] Total time for which application threads were stopped: 0.0000721 seconds, Stopping threads took: 0.0000161 seconds
[2019-01-25T14:35:59.132+0000][1][safepoint    ] Application time: 1.0002759 seconds
[2019-01-25T14:35:59.132+0000][1][safepoint    ] Total time for which application threads were stopped: 0.0000920 seconds, Stopping threads took: 0.0000228 seconds
[2019-01-25T14:35:59.637+0000][1][safepoint    ] Application time: 0.5052706 seconds
[2019-01-25T14:35:59.637+0000][1][safepoint    ] Total time for which application threads were stopped: 0.0000795 seconds, Stopping threads took: 0.0000118 seconds
[2019-01-25T14:35:59.640+0000][1][safepoint    ] Application time: 0.0022405 seconds
[2019-01-25T14:35:59.640+0000][1][safepoint    ] Total time for which application threads were stopped: 0.0000918 seconds, Stopping threads took: 0.0000136 seconds
[2019-01-25T14:36:00.640+0000][1][safepoint    ] Application time: 1.0001658 seconds
[2019-01-25T14:36:00.640+0000][1][safepoint    ] Total time for which application threads were stopped: 0.0000669 seconds, Stopping threads took: 0.0000326 seconds
[2019-01-25T14:36:01.640+0000][1][safepoint    ] Application time: 1.0001373 seconds
[2019-01-25T14:36:01.640+0000][1][safepoint    ] Total time for which application threads were stopped: 0.0000648 seconds, Stopping threads took: 0.0000161 seconds
[2019-01-25T14:36:02.150+0000][1][safepoint    ] Application time: 0.5097826 seconds
[2019-01-25T14:36:02.150+0000][1][safepoint    ] Total time for which application threads were stopped: 0.0001307 seconds, Stopping threads took: 0.0000129 seconds
[2019-01-25T14:36:02.153+0000][1][safepoint    ] Application time: 0.0030503 seconds
[2019-01-25T14:36:02.154+0000][1][safepoint    ] Total time for which application threads were stopped: 0.0001941 seconds, Stopping threads took: 0.0000187 seconds
[2019-01-25T14:36:03.154+0000][1][safepoint    ] Application time: 1.0001495 seconds
[2019-01-25T14:36:03.154+0000][1][safepoint    ] Total time for which application threads were stopped: 0.0000592 seconds, Stopping threads took: 0.0000150 seconds
[2019-01-25T14:36:04.154+0000][1][safepoint    ] Application time: 1.0001156 seconds
[2019-01-25T14:36:04.154+0000][1][safepoint    ] Total time for which application threads were stopped: 0.0000441 seconds, Stopping threads took: 0.0000118 seconds
[2019-01-25T14:36:04.662+0000][1][safepoint    ] Application time: 0.5076061 seconds
[2019-01-25T14:36:04.662+0000][1][safepoint    ] Total time for which application threads were stopped: 0.0001160 seconds, Stopping threads took: 0.0000312 seconds
[2019-01-25T14:36:04.664+0000][1][safepoint    ] Application time: 0.0022835 seconds
[2019-01-25T14:36:04.664+0000][1][safepoint    ] Total time for which application threads were stopped: 0.0001161 seconds, Stopping threads took: 0.0000306 seconds
[2019-01-25T14:36:05.665+0000][1][safepoint    ] Application time: 1.0001683 seconds
[2019-01-25T14:36:05.665+0000][1][safepoint    ] Total time for which application threads were stopped: 0.0000641 seconds, Stopping threads took: 0.0000154 seconds
[2019-01-25T14:36:06.665+0000][1][safepoint    ] Application time: 1.0001346 seconds
[2019-01-25T14:36:06.665+0000][1][safepoint    ] Total time for which application threads were stopped: 0.0000454 seconds, Stopping threads took: 0.0000116 seconds
[2019-01-25T14:36:07.188+0000][1][safepoint    ] Application time: 0.5232756 seconds
[2019-01-25T14:36:07.189+0000][1][safepoint    ] Total time for which application threads were stopped: 0.0001882 seconds, Stopping threads took: 0.0000259 seconds
[2019-01-25T14:36:07.194+0000][1][safepoint    ] Application time: 0.0049392 seconds
[2019-01-25T14:36:07.194+0000][1][safepoint    ] Total time for which application threads were stopped: 0.0001466 seconds, Stopping threads took: 0.0000423 seconds
[2019-01-25T14:36:08.194+0000][1][safepoint    ] Application time: 1.0002079 seconds
[2019-01-25T14:36:08.194+0000][1][safepoint    ] Total time for which application threads were stopped: 0.0000453 seconds, Stopping threads took: 0.0000126 seconds
[2019-01-25T14:36:09.194+0000][1][safepoint    ] Application time: 1.0002238 seconds
[2019-01-25T14:36:09.195+0000][1][safepoint    ] Total time for which application threads were stopped: 0.0001524 seconds, Stopping threads took: 0.0000366 seconds
[2019-01-25T14:36:09.699+0000][1][safepoint    ] Application time: 0.5045691 seconds
[2019-01-25T14:36:09.699+0000][1][safepoint    ] Total time for which application threads were stopped: 0.0000918 seconds, Stopping threads took: 0.0000241 seconds
[2019-01-25T14:36:09.701+0000][1][safepoint    ] Application time: 0.0019608 seconds
[2019-01-25T14:36:09.701+0000][1][safepoint    ] Total time for which application threads were stopped: 0.0001126 seconds, Stopping threads took: 0.0000249 seconds
[2019-01-25T14:36:10.702+0000][1][safepoint    ] Application time: 1.0005773 seconds
[2019-01-25T14:36:10.702+0000][1][safepoint    ] Total time for which application threads were stopped: 0.0000622 seconds, Stopping threads took: 0.0000155 seconds
[2019-01-25T14:36:11.702+0000][1][safepoint    ] Application time: 1.0001165 seconds
[2019-01-25T14:36:11.702+0000][1][safepoint    ] Total time for which application threads were stopped: 0.0000462 seconds, Stopping threads took: 0.0000114 seconds
[2019-01-25T14:36:12.209+0000][1][safepoint    ] Application time: 0.5069324 seconds
[2019-01-25T14:36:12.209+0000][1][safepoint    ] Total time for which application threads were stopped: 0.0000796 seconds, Stopping threads took: 0.0000192 seconds
[2019-01-25T14:36:12.211+0000][1][safepoint    ] Application time: 0.0015833 seconds
[2019-01-25T14:36:12.211+0000][1][safepoint    ] Total time for which application threads were stopped: 0.0000763 seconds, Stopping threads took: 0.0000189 seconds
[2019-01-25T14:36:13.211+0000][1][safepoint    ] Application time: 1.0001410 seconds
[2019-01-25T14:36:13.211+0000][1][safepoint    ] Total time for which application threads were stopped: 0.0000647 seconds, Stopping threads took: 0.0000142 seconds
[2019-01-25T14:36:14.212+0000][1][safepoint    ] Application time: 1.0001498 seconds
[2019-01-25T14:36:14.212+0000][1][safepoint    ] Total time for which application threads were stopped: 0.0000721 seconds, Stopping threads took: 0.0000182 seconds
[2019-01-25T14:36:14.719+0000][1][safepoint    ] Application time: 0.5068547 seconds
[2019-01-25T14:36:14.719+0000][1][safepoint    ] Total time for which application threads were stopped: 0.0001835 seconds, Stopping threads took: 0.0000261 seconds
[2019-01-25T14:36:14.721+0000][1][safepoint    ] Application time: 0.0018419 seconds
[2019-01-25T14:36:14.721+0000][1][safepoint    ] Total time for which application threads were stopped: 0.0001259 seconds, Stopping threads took: 0.0000297 seconds
[2019-01-25T14:36:15.721+0000][1][safepoint    ] Application time: 1.0001896 seconds
[2019-01-25T14:36:15.721+0000][1][safepoint    ] Total time for which application threads were stopped: 0.0000601 seconds, Stopping threads took: 0.0000113 seconds
[2019-01-25T14:36:16.721+0000][1][safepoint    ] Application time: 1.0001300 seconds
[2019-01-25T14:36:16.721+0000][1][safepoint    ] Total time for which application threads were stopped: 0.0000677 seconds, Stopping threads took: 0.0000152 seconds
[2019-01-25T14:36:17.228+0000][1][safepoint    ] Application time: 0.5069907 seconds
[2019-01-25T14:36:17.229+0000][1][safepoint    ] Total time for which application threads were stopped: 0.0000857 seconds, Stopping threads took: 0.0000216 seconds
[2019-01-25T14:36:17.231+0000][1][safepoint    ] Application time: 0.0024570 seconds
[2019-01-25T14:36:17.231+0000][1][safepoint    ] Total time for which application threads were stopped: 0.0001035 seconds, Stopping threads took: 0.0000259 seconds
[2019-01-25T14:36:18.231+0000][1][safepoint    ] Application time: 1.0002052 seconds
[2019-01-25T14:36:18.232+0000][1][safepoint    ] Total time for which application threads were stopped: 0.0001305 seconds, Stopping threads took: 0.0000319 seconds
[2019-01-25T14:36:19.232+0000][1][safepoint    ] Application time: 1.0001403 seconds
[2019-01-25T14:36:19.232+0000][1][safepoint    ] Total time for which application threads were stopped: 0.0000407 seconds, Stopping threads took: 0.0000104 seconds
[2019-01-25T14:36:19.737+0000][1][safepoint    ] Application time: 0.5053250 seconds
[2019-01-25T14:36:19.737+0000][1][safepoint    ] Total time for which application threads were stopped: 0.0000932 seconds, Stopping threads took: 0.0000237 seconds
[2019-01-25T14:36:19.739+0000][1][safepoint    ] Application time: 0.0015305 seconds
[2019-01-25T14:36:19.739+0000][1][safepoint    ] Total time for which application threads were stopped: 0.0000935 seconds, Stopping threads took: 0.0000229 seconds
[2019-01-25T14:36:20.739+0000][1][safepoint    ] Application time: 1.0001466 seconds
[2019-01-25T14:36:20.739+0000][1][safepoint    ] Total time for which application threads were stopped: 0.0000767 seconds, Stopping threads took: 0.0000147 seconds
[2019-01-25T14:36:21.739+0000][1][safepoint    ] Application time: 1.0001862 seconds
[2019-01-25T14:36:21.740+0000][1][safepoint    ] Total time for which application threads were stopped: 0.0001640 seconds, Stopping threads took: 0.0000358 seconds
[2019-01-25T14:36:22.249+0000][1][safepoint    ] Application time: 0.5088605 seconds
[2019-01-25T14:36:22.249+0000][1][safepoint    ] Total time for which application threads were stopped: 0.0001816 seconds, Stopping threads took: 0.0000451 seconds
[2019-01-25T14:36:22.259+0000][1][safepoint    ] Application time: 0.0095761 seconds
[2019-01-25T14:36:22.259+0000][1][safepoint    ] Total time for which application threads were stopped: 0.0000929 seconds, Stopping threads took: 0.0000190 seconds
[2019-01-25T14:36:23.259+0000][1][safepoint    ] Application time: 1.0002260 seconds
[2019-01-25T14:36:23.259+0000][1][safepoint    ] Total time for which application threads were stopped: 0.0000706 seconds, Stopping threads took: 0.0000144 seconds
[2019-01-25T14:36:24.259+0000][1][safepoint    ] Application time: 1.0002949 seconds
[2019-01-25T14:36:24.259+0000][1][safepoint    ] Total time for which application threads were stopped: 0.0000432 seconds, Stopping threads took: 0.0000113 seconds
[2019-01-25T14:36:24.774+0000][1][safepoint    ] Application time: 0.5144266 seconds
[2019-01-25T14:36:24.774+0000][1][safepoint    ] Total time for which application threads were stopped: 0.0001017 seconds, Stopping threads took: 0.0000254 seconds
[2019-01-25T14:36:24.776+0000][1][safepoint    ] Application time: 0.0016865 seconds
[2019-01-25T14:36:24.776+0000][1][safepoint    ] Total time for which application threads were stopped: 0.0000919 seconds, Stopping threads took: 0.0000232 seconds
[2019-01-25T14:36:25.776+0000][1][safepoint    ] Application time: 1.0001487 seconds
[2019-01-25T14:36:25.776+0000][1][safepoint    ] Total time for which application threads were stopped: 0.0000596 seconds, Stopping threads took: 0.0000144 seconds
[2019-01-25T14:36:26.777+0000][1][safepoint    ] Application time: 1.0003893 seconds
[2019-01-25T14:36:26.777+0000][1][safepoint    ] Total time for which application threads were stopped: 0.0001445 seconds, Stopping threads took: 0.0000320 seconds
[2019-01-25T14:36:27.294+0000][1][safepoint    ] Application time: 0.5171724 seconds
[2019-01-25T14:36:27.294+0000][1][safepoint    ] Total time for which application threads were stopped: 0.0000943 seconds, Stopping threads took: 0.0000236 seconds
[2019-01-25T14:36:27.296+0000][1][safepoint    ] Application time: 0.0021655 seconds
[2019-01-25T14:36:27.297+0000][1][safepoint    ] Total time for which application threads were stopped: 0.0002933 seconds, Stopping threads took: 0.0000278 seconds
[2019-01-25T14:36:28.297+0000][1][safepoint    ] Application time: 1.0001811 seconds
[2019-01-25T14:36:28.297+0000][1][safepoint    ] Total time for which application threads were stopped: 0.0000429 seconds, Stopping threads took: 0.0000108 seconds
[2019-01-25T14:36:29.297+0000][1][safepoint    ] Application time: 1.0001230 seconds
[2019-01-25T14:36:29.297+0000][1][safepoint    ] Total time for which application threads were stopped: 0.0000442 seconds, Stopping threads took: 0.0000116 seconds
[2019-01-25T14:36:29.803+0000][1][safepoint    ] Application time: 0.5054212 seconds
[2019-01-25T14:36:29.803+0000][1][safepoint    ] Total time for which application threads were stopped: 0.0000950 seconds, Stopping threads took: 0.0000095 seconds
[2019-01-25T14:36:29.805+0000][1][safepoint    ] Application time: 0.0017025 seconds
[2019-01-25T14:36:29.805+0000][1][safepoint    ] Total time for which application threads were stopped: 0.0000837 seconds, Stopping threads took: 0.0000138 seconds
[2019-01-25T14:36:30.805+0000][1][safepoint    ] Application time: 1.0002136 seconds
[2019-01-25T14:36:30.805+0000][1][safepoint    ] Total time for which application threads were stopped: 0.0001715 seconds, Stopping threads took: 0.0000739 seconds
[2019-01-25T14:36:31.806+0000][1][safepoint    ] Application time: 1.0004073 seconds
[2019-01-25T14:36:31.806+0000][1][safepoint    ] Total time for which application threads were stopped: 0.0000436 seconds, Stopping threads took: 0.0000112 seconds
[2019-01-25T14:36:32.315+0000][1][safepoint    ] Application time: 0.5090990 seconds
[2019-01-25T14:36:32.315+0000][1][safepoint    ] Total time for which application threads were stopped: 0.0001190 seconds, Stopping threads took: 0.0000258 seconds
[2019-01-25T14:36:32.318+0000][1][safepoint    ] Application time: 0.0028040 seconds
[2019-01-25T14:36:32.318+0000][1][safepoint    ] Total time for which application threads were stopped: 0.0001134 seconds, Stopping threads took: 0.0000292 seconds
[2019-01-25T14:36:33.318+0000][1][safepoint    ] Application time: 1.0001692 seconds
[2019-01-25T14:36:33.318+0000][1][safepoint    ] Total time for which application threads were stopped: 0.0000545 seconds, Stopping threads took: 0.0000131 seconds
[2019-01-25T14:36:34.319+0000][1][safepoint    ] Application time: 1.0001305 seconds
[2019-01-25T14:36:34.319+0000][1][safepoint    ] Total time for which application threads were stopped: 0.0000565 seconds, Stopping threads took: 0.0000141 seconds
[2019-01-25T14:36:34.828+0000][1][safepoint    ] Application time: 0.5096528 seconds
[2019-01-25T14:36:34.828+0000][1][safepoint    ] Total time for which application threads were stopped: 0.0000915 seconds, Stopping threads took: 0.0000126 seconds
[2019-01-25T14:36:34.831+0000][1][safepoint    ] Application time: 0.0021416 seconds
[2019-01-25T14:36:34.831+0000][1][safepoint    ] Total time for which application threads were stopped: 0.0000840 seconds, Stopping threads took: 0.0000140 seconds
[2019-01-25T14:36:35.831+0000][1][safepoint    ] Application time: 1.0001433 seconds
[2019-01-25T14:36:35.831+0000][1][safepoint    ] Total time for which application threads were stopped: 0.0000616 seconds, Stopping threads took: 0.0000157 seconds
[2019-01-25T14:36:36.831+0000][1][safepoint    ] Application time: 1.0002340 seconds
[2019-01-25T14:36:36.831+0000][1][safepoint    ] Total time for which application threads were stopped: 0.0001017 seconds, Stopping threads took: 0.0000259 seconds
[2019-01-25T14:36:37.339+0000][1][safepoint    ] Application time: 0.5076081 seconds
[2019-01-25T14:36:37.339+0000][1][safepoint    ] Total time for which application threads were stopped: 0.0000774 seconds, Stopping threads took: 0.0000190 seconds
[2019-01-25T14:36:37.341+0000][1][safepoint    ] Application time: 0.0016666 seconds
[2019-01-25T14:36:37.341+0000][1][safepoint    ] Total time for which application threads were stopped: 0.0000783 seconds, Stopping threads took: 0.0000190 seconds
[2019-01-25T14:36:38.337+0000][1][safepoint    ] Application time: 1.0001549 seconds
[2019-01-25T14:36:38.337+0000][1][safepoint    ] Total time for which application threads were stopped: 0.0000575 seconds, Stopping threads took: 0.0000143 seconds
[2019-01-25T14:36:39.338+0000][1][safepoint    ] Application time: 1.0001218 seconds
[2019-01-25T14:36:39.338+0000][1][safepoint    ] Total time for which application threads were stopped: 0.0000540 seconds, Stopping threads took: 0.0000136 seconds
[2019-01-25T14:36:39.842+0000][1][safepoint    ] Application time: 0.5046853 seconds
[2019-01-25T14:36:39.843+0000][1][safepoint    ] Total time for which application threads were stopped: 0.0000911 seconds, Stopping threads took: 0.0000229 seconds
[2019-01-25T14:36:39.844+0000][1][safepoint    ] Application time: 0.0017219 seconds
[2019-01-25T14:36:39.844+0000][1][safepoint    ] Total time for which application threads were stopped: 0.0000876 seconds, Stopping threads took: 0.0000229 seconds
[2019-01-25T14:36:40.845+0000][1][safepoint    ] Application time: 1.0002080 seconds
[2019-01-25T14:36:40.845+0000][1][safepoint    ] Total time for which application threads were stopped: 0.0000815 seconds, Stopping threads took: 0.0000242 seconds
[2019-01-25T14:36:41.845+0000][1][safepoint    ] Application time: 1.0001381 seconds
[2019-01-25T14:36:41.845+0000][1][safepoint    ] Total time for which application threads were stopped: 0.0000685 seconds, Stopping threads took: 0.0000179 seconds
[2019-01-25T14:36:42.354+0000][1][safepoint    ] Application time: 0.5092505 seconds
[2019-01-25T14:36:42.354+0000][1][safepoint    ] Total time for which application threads were stopped: 0.0000749 seconds, Stopping threads took: 0.0000191 seconds
[2019-01-25T14:36:42.356+0000][1][safepoint    ] Application time: 0.0016106 seconds
[2019-01-25T14:36:42.356+0000][1][safepoint    ] Total time for which application threads were stopped: 0.0000831 seconds, Stopping threads took: 0.0000167 seconds
[2019-01-25T14:36:43.360+0000][1][safepoint    ] Application time: 1.0003456 seconds
[2019-01-25T14:36:43.361+0000][1][safepoint    ] Total time for which application threads were stopped: 0.0001500 seconds, Stopping threads took: 0.0000365 seconds
[2019-01-25T14:36:44.361+0000][1][safepoint    ] Application time: 1.0001823 seconds
[2019-01-25T14:36:44.361+0000][1][safepoint    ] Total time for which application threads were stopped: 0.0000415 seconds, Stopping threads took: 0.0000111 seconds
[2019-01-25T14:36:44.869+0000][1][safepoint    ] Application time: 0.5077264 seconds
[2019-01-25T14:36:44.869+0000][1][safepoint    ] Total time for which application threads were stopped: 0.0001534 seconds, Stopping threads took: 0.0000207 seconds
[2019-01-25T14:36:44.872+0000][1][safepoint    ] Application time: 0.0034128 seconds
[2019-01-25T14:36:44.873+0000][1][safepoint    ] Total time for which application threads were stopped: 0.0001789 seconds, Stopping threads took: 0.0000478 seconds
[2019-01-25T14:36:45.873+0000][1][safepoint    ] Application time: 1.0002246 seconds
[2019-01-25T14:36:45.873+0000][1][safepoint    ] Total time for which application threads were stopped: 0.0000419 seconds, Stopping threads took: 0.0000112 seconds
[2019-01-25T14:36:46.873+0000][1][safepoint    ] Application time: 1.0001505 seconds
[2019-01-25T14:36:46.873+0000][1][safepoint    ] Total time for which application threads were stopped: 0.0000640 seconds, Stopping threads took: 0.0000171 seconds
[2019-01-25T14:36:47.393+0000][1][safepoint    ] Application time: 0.5191994 seconds
[2019-01-25T14:36:47.393+0000][1][safepoint    ] Total time for which application threads were stopped: 0.0002799 seconds, Stopping threads took: 0.0000937 seconds
[2019-01-25T14:36:47.397+0000][1][safepoint    ] Application time: 0.0043710 seconds
[2019-01-25T14:36:47.398+0000][1][safepoint    ] Total time for which application threads were stopped: 0.0001778 seconds, Stopping threads took: 0.0000503 seconds
[2019-01-25T14:36:48.398+0000][1][safepoint    ] Application time: 1.0001778 seconds
[2019-01-25T14:36:48.398+0000][1][safepoint    ] Total time for which application threads were stopped: 0.0000415 seconds, Stopping threads took: 0.0000110 seconds
[2019-01-25T14:36:49.398+0000][1][safepoint    ] Application time: 1.0002549 seconds
[2019-01-25T14:36:49.398+0000][1][safepoint    ] Total time for which application threads were stopped: 0.0001006 seconds, Stopping threads took: 0.0000244 seconds
[2019-01-25T14:36:49.907+0000][1][safepoint    ] Application time: 0.5083338 seconds
[2019-01-25T14:36:49.907+0000][1][safepoint    ] Total time for which application threads were stopped: 0.0000885 seconds, Stopping threads took: 0.0000223 seconds
[2019-01-25T14:36:49.909+0000][1][safepoint    ] Application time: 0.0016320 seconds
[2019-01-25T14:36:49.909+0000][1][safepoint    ] Total time for which application threads were stopped: 0.0002540 seconds, Stopping threads took: 0.0000231 seconds
[2019-01-25T14:36:50.909+0000][1][safepoint    ] Application time: 1.0004782 seconds
[2019-01-25T14:36:50.909+0000][1][safepoint    ] Total time for which application threads were stopped: 0.0000438 seconds, Stopping threads took: 0.0000119 seconds
[2019-01-25T14:36:51.910+0000][1][safepoint    ] Application time: 1.0001142 seconds
[2019-01-25T14:36:51.910+0000][1][safepoint    ] Total time for which application threads were stopped: 0.0000575 seconds, Stopping threads took: 0.0000228 seconds
[2019-01-25T14:36:52.418+0000][1][safepoint    ] Application time: 0.5086672 seconds
[2019-01-25T14:36:52.418+0000][1][safepoint    ] Total time for which application threads were stopped: 0.0000886 seconds, Stopping threads took: 0.0000209 seconds
[2019-01-25T14:36:52.421+0000][1][safepoint    ] Application time: 0.0028322 seconds
[2019-01-25T14:36:52.421+0000][1][safepoint    ] Total time for which application threads were stopped: 0.0000952 seconds, Stopping threads took: 0.0000230 seconds
[2019-01-25T14:36:53.422+0000][1][safepoint    ] Application time: 1.0001976 seconds
[2019-01-25T14:36:53.422+0000][1][safepoint    ] Total time for which application threads were stopped: 0.0000442 seconds, Stopping threads took: 0.0000121 seconds
[2019-01-25T14:36:54.422+0000][1][safepoint    ] Application time: 1.0001096 seconds
[2019-01-25T14:36:54.422+0000][1][safepoint    ] Total time for which application threads were stopped: 0.0000408 seconds, Stopping threads took: 0.0000109 seconds
[2019-01-25T14:36:54.935+0000][1][safepoint    ] Application time: 0.5127351 seconds
[2019-01-25T14:36:54.935+0000][1][safepoint    ] Total time for which application threads were stopped: 0.0002977 seconds, Stopping threads took: 0.0000737 seconds
[2019-01-25T14:36:54.940+0000][1][safepoint    ] Application time: 0.0051830 seconds
[2019-01-25T14:36:54.941+0000][1][safepoint    ] Total time for which application threads were stopped: 0.0002618 seconds, Stopping threads took: 0.0000716 seconds
[2019-01-25T14:36:55.941+0000][1][safepoint    ] Application time: 1.0003144 seconds
[2019-01-25T14:36:55.941+0000][1][safepoint    ] Total time for which application threads were stopped: 0.0000633 seconds, Stopping threads took: 0.0000149 seconds
[2019-01-25T14:36:56.942+0000][1][safepoint    ] Application time: 1.0002310 seconds
[2019-01-25T14:36:56.942+0000][1][safepoint    ] Total time for which application threads were stopped: 0.0000858 seconds, Stopping threads took: 0.0000237 seconds
[2019-01-25T14:36:57.459+0000][1][safepoint    ] Application time: 0.5175675 seconds
[2019-01-25T14:36:57.460+0000][1][safepoint    ] Total time for which application threads were stopped: 0.0003608 seconds, Stopping threads took: 0.0000997 seconds
[2019-01-25T14:36:57.475+0000][1][safepoint    ] Application time: 0.0150833 seconds
[2019-01-25T14:36:57.475+0000][1][safepoint    ] Total time for which application threads were stopped: 0.0001445 seconds, Stopping threads took: 0.0000353 seconds
[2019-01-25T14:36:58.476+0000][1][safepoint    ] Application time: 1.0001496 seconds
[2019-01-25T14:36:58.476+0000][1][safepoint    ] Total time for which application threads were stopped: 0.0000598 seconds, Stopping threads took: 0.0000152 seconds
[2019-01-25T14:36:59.476+0000][1][safepoint    ] Application time: 1.0004854 seconds
[2019-01-25T14:36:59.476+0000][1][safepoint    ] Total time for which application threads were stopped: 0.0001028 seconds, Stopping threads took: 0.0000280 seconds
[2019-01-25T14:36:59.984+0000][1][safepoint    ] Application time: 0.5073171 seconds
[2019-01-25T14:36:59.984+0000][1][safepoint    ] Total time for which application threads were stopped: 0.0001018 seconds, Stopping threads took: 0.0000255 seconds
[2019-01-25T14:36:59.986+0000][1][safepoint    ] Application time: 0.0020978 seconds
[2019-01-25T14:36:59.986+0000][1][safepoint    ] Total time for which application threads were stopped: 0.0001146 seconds, Stopping threads took: 0.0000267 seconds
[2019-01-25T14:37:00.986+0000][1][safepoint    ] Application time: 1.0001830 seconds
[2019-01-25T14:37:00.986+0000][1][safepoint    ] Total time for which application threads were stopped: 0.0000795 seconds, Stopping threads took: 0.0000334 seconds
[2019-01-25T14:37:01.987+0000][1][safepoint    ] Application time: 1.0001079 seconds
[2019-01-25T14:37:01.987+0000][1][safepoint    ] Total time for which application threads were stopped: 0.0000423 seconds, Stopping threads took: 0.0000105 seconds
[2019-01-25T14:37:02.494+0000][1][safepoint    ] Application time: 0.5068994 seconds
[2019-01-25T14:37:02.494+0000][1][safepoint    ] Total time for which application threads were stopped: 0.0000774 seconds, Stopping threads took: 0.0000084 seconds
[2019-01-25T14:37:02.495+0000][1][safepoint    ] Application time: 0.0016384 seconds
[2019-01-25T14:37:02.495+0000][1][safepoint    ] Total time for which application threads were stopped: 0.0000648 seconds, Stopping threads took: 0.0000118 seconds
[2019-01-25T14:37:03.496+0000][1][safepoint    ] Application time: 1.0002459 seconds
[2019-01-25T14:37:03.496+0000][1][safepoint    ] Total time for which application threads were stopped: 0.0000982 seconds, Stopping threads took: 0.0000243 seconds
[2019-01-25T14:37:04.496+0000][1][safepoint    ] Application time: 1.0003929 seconds
[2019-01-25T14:37:04.496+0000][1][safepoint    ] Total time for which application threads were stopped: 0.0000473 seconds, Stopping threads took: 0.0000124 seconds
[2019-01-25T14:37:05.003+0000][1][safepoint    ] Application time: 0.5067742 seconds
[2019-01-25T14:37:05.003+0000][1][safepoint    ] Total time for which application threads were stopped: 0.0000987 seconds, Stopping threads took: 0.0000150 seconds
[2019-01-25T14:37:05.005+0000][1][safepoint    ] Application time: 0.0015774 seconds
[2019-01-25T14:37:05.005+0000][1][gc,start     ] GC(22) Pause Young (Allocation Failure)
[2019-01-25T14:37:05.005+0000][1][gc,task      ] GC(22) Using 2 workers of 2 for evacuation
[2019-01-25T14:37:05.011+0000][1][gc,age       ] GC(22) Desired survivor size 4456448 bytes, new threshold 6 (max threshold 6)
[2019-01-25T14:37:05.011+0000][1][gc,age       ] GC(22) Age table with threshold 6 (max threshold 6)
[2019-01-25T14:37:05.011+0000][1][gc,age       ] GC(22) - age   1:      14208 bytes,      14208 total
[2019-01-25T14:37:05.011+0000][1][gc,age       ] GC(22) - age   2:       7496 bytes,      21704 total
[2019-01-25T14:37:05.011+0000][1][gc,age       ] GC(22) - age   3:      29304 bytes,      51008 total
[2019-01-25T14:37:05.011+0000][1][gc,age       ] GC(22) - age   4:      20440 bytes,      71448 total
[2019-01-25T14:37:05.011+0000][1][gc,age       ] GC(22) - age   5:     784408 bytes,     855856 total
[2019-01-25T14:37:05.011+0000][1][gc,heap      ] GC(22) ParNew: 70974K->1204K(78656K)
[2019-01-25T14:37:05.011+0000][1][gc,heap      ] GC(22) CMS: 82611K->82611K(174784K)
[2019-01-25T14:37:05.011+0000][1][gc,metaspace ] GC(22) Metaspace: 64279K->64279K(1107968K)
[2019-01-25T14:37:05.011+0000][1][gc           ] GC(22) Pause Young (Allocation Failure) 149M->81M(247M) 6.207ms
[2019-01-25T14:37:05.011+0000][1][gc,cpu       ] GC(22) User=0.01s Sys=0.00s Real=0.01s
[2019-01-25T14:37:05.011+0000][1][safepoint    ] Total time for which application threads were stopped: 0.0063848 seconds, Stopping threads took: 0.0000134 seconds
[2019-01-25T14:37:05.012+0000][1][safepoint    ] Application time: 0.0011371 seconds
[2019-01-25T14:37:05.013+0000][1][safepoint    ] Total time for which application threads were stopped: 0.0000970 seconds, Stopping threads took: 0.0000141 seconds
[2019-01-25T14:37:06.013+0000][1][safepoint    ] Application time: 1.0001396 seconds
[2019-01-25T14:37:06.013+0000][1][safepoint    ] Total time for which application threads were stopped: 0.0000435 seconds, Stopping threads took: 0.0000112 seconds
[2019-01-25T14:37:07.013+0000][1][safepoint    ] Application time: 1.0003019 seconds
[2019-01-25T14:37:07.013+0000][1][safepoint    ] Total time for which application threads were stopped: 0.0000782 seconds, Stopping threads took: 0.0000168 seconds
[2019-01-25T14:37:07.521+0000][1][safepoint    ] Application time: 0.5072375 seconds
[2019-01-25T14:37:07.521+0000][1][safepoint    ] Total time for which application threads were stopped: 0.0000774 seconds, Stopping threads took: 0.0000195 seconds
[2019-01-25T14:37:07.523+0000][1][safepoint    ] Application time: 0.0019536 seconds
[2019-01-25T14:37:07.523+0000][1][safepoint    ] Total time for which application threads were stopped: 0.0002060 seconds, Stopping threads took: 0.0000196 seconds
[2019-01-25T14:37:08.523+0000][1][safepoint    ] Application time: 1.0001510 seconds
[2019-01-25T14:37:08.523+0000][1][safepoint    ] Total time for which application threads were stopped: 0.0000772 seconds, Stopping threads took: 0.0000154 seconds
[2019-01-25T14:37:09.523+0000][1][safepoint    ] Application time: 1.0001470 seconds
[2019-01-25T14:37:09.524+0000][1][safepoint    ] Total time for which application threads were stopped: 0.0000597 seconds, Stopping threads took: 0.0000142 seconds
[2019-01-25T14:37:10.035+0000][1][safepoint    ] Application time: 0.5110124 seconds
[2019-01-25T14:37:10.035+0000][1][safepoint    ] Total time for which application threads were stopped: 0.0000867 seconds, Stopping threads took: 0.0000127 seconds
[2019-01-25T14:37:10.038+0000][1][safepoint    ] Application time: 0.0028604 seconds
[2019-01-25T14:37:10.038+0000][1][safepoint    ] Total time for which application threads were stopped: 0.0001104 seconds, Stopping threads took: 0.0000221 seconds
[2019-01-25T14:37:11.038+0000][1][safepoint    ] Application time: 1.0001444 seconds
[2019-01-25T14:37:11.038+0000][1][safepoint    ] Total time for which application threads were stopped: 0.0000551 seconds, Stopping threads took: 0.0000133 seconds
[2019-01-25T14:37:12.038+0000][1][safepoint    ] Application time: 1.0002815 seconds
[2019-01-25T14:37:12.038+0000][1][safepoint    ] Total time for which application threads were stopped: 0.0000580 seconds, Stopping threads took: 0.0000143 seconds
[2019-01-25T14:37:12.546+0000][1][safepoint    ] Application time: 0.5078945 seconds
[2019-01-25T14:37:12.546+0000][1][safepoint    ] Total time for which application threads were stopped: 0.0000797 seconds, Stopping threads took: 0.0000129 seconds
[2019-01-25T14:37:12.563+0000][1][safepoint    ] Application time: 0.0169337 seconds
[2019-01-25T14:37:12.563+0000][1][safepoint    ] Total time for which application threads were stopped: 0.0000759 seconds, Stopping threads took: 0.0000101 seconds
[2019-01-25T14:37:13.564+0000][1][safepoint    ] Application time: 1.0004510 seconds
[2019-01-25T14:37:13.564+0000][1][safepoint    ] Total time for which application threads were stopped: 0.0000832 seconds, Stopping threads took: 0.0000213 seconds
[2019-01-25T14:37:14.564+0000][1][safepoint    ] Application time: 1.0001280 seconds
[2019-01-25T14:37:14.564+0000][1][safepoint    ] Total time for which application threads were stopped: 0.0000666 seconds, Stopping threads took: 0.0000176 seconds
[2019-01-25T14:37:15.071+0000][1][safepoint    ] Application time: 0.5067222 seconds
[2019-01-25T14:37:15.071+0000][1][safepoint    ] Total time for which application threads were stopped: 0.0001229 seconds, Stopping threads took: 0.0000365 seconds
[2019-01-25T14:37:15.073+0000][1][safepoint    ] Application time: 0.0016532 seconds
[2019-01-25T14:37:15.073+0000][1][safepoint    ] Total time for which application threads were stopped: 0.0001043 seconds, Stopping threads took: 0.0000258 seconds
[2019-01-25T14:37:16.074+0000][1][safepoint    ] Application time: 1.0004493 seconds
[2019-01-25T14:37:16.074+0000][1][safepoint    ] Total time for which application threads were stopped: 0.0000555 seconds, Stopping threads took: 0.0000197 seconds
[2019-01-25T14:37:17.074+0000][1][safepoint    ] Application time: 1.0001069 seconds
[2019-01-25T14:37:17.074+0000][1][safepoint    ] Total time for which application threads were stopped: 0.0000688 seconds, Stopping threads took: 0.0000158 seconds
[2019-01-25T14:37:17.581+0000][1][safepoint    ] Application time: 0.5068933 seconds
[2019-01-25T14:37:17.581+0000][1][safepoint    ] Total time for which application threads were stopped: 0.0001005 seconds, Stopping threads took: 0.0000258 seconds
[2019-01-25T14:37:17.584+0000][1][safepoint    ] Application time: 0.0027121 seconds
[2019-01-25T14:37:17.584+0000][1][safepoint    ] Total time for which application threads were stopped: 0.0000771 seconds, Stopping threads took: 0.0000213 seconds
[2019-01-25T14:37:18.584+0000][1][safepoint    ] Application time: 1.0001781 seconds
[2019-01-25T14:37:18.584+0000][1][safepoint    ] Total time for which application threads were stopped: 0.0001161 seconds, Stopping threads took: 0.0000283 seconds
[2019-01-25T14:37:19.584+0000][1][safepoint    ] Application time: 1.0001416 seconds
[2019-01-25T14:37:19.585+0000][1][safepoint    ] Total time for which application threads were stopped: 0.0000466 seconds, Stopping threads took: 0.0000124 seconds
[2019-01-25T14:37:20.090+0000][1][safepoint    ] Application time: 0.5048994 seconds
[2019-01-25T14:37:20.090+0000][1][safepoint    ] Total time for which application threads were stopped: 0.0000709 seconds, Stopping threads took: 0.0000182 seconds
[2019-01-25T14:37:20.094+0000][1][safepoint    ] Application time: 0.0047396 seconds
[2019-01-25T14:37:20.094+0000][1][safepoint    ] Total time for which application threads were stopped: 0.0000954 seconds, Stopping threads took: 0.0000250 seconds
[2019-01-25T14:37:21.095+0000][1][safepoint    ] Application time: 1.0001297 seconds
[2019-01-25T14:37:21.095+0000][1][safepoint    ] Total time for which application threads were stopped: 0.0000423 seconds, Stopping threads took: 0.0000114 seconds
[2019-01-25T14:37:22.095+0000][1][safepoint    ] Application time: 1.0001077 seconds
[2019-01-25T14:37:22.095+0000][1][safepoint    ] Total time for which application threads were stopped: 0.0000828 seconds, Stopping threads took: 0.0000146 seconds
[2019-01-25T14:37:22.602+0000][1][safepoint    ] Application time: 0.5071037 seconds
[2019-01-25T14:37:22.602+0000][1][safepoint    ] Total time for which application threads were stopped: 0.0000877 seconds, Stopping threads took: 0.0000234 seconds
[2019-01-25T14:37:22.604+0000][1][safepoint    ] Application time: 0.0016027 seconds
[2019-01-25T14:37:22.604+0000][1][safepoint    ] Total time for which application threads were stopped: 0.0001679 seconds, Stopping threads took: 0.0000426 seconds
[2019-01-25T14:37:23.604+0000][1][safepoint    ] Application time: 1.0001546 seconds
[2019-01-25T14:37:23.604+0000][1][safepoint    ] Total time for which application threads were stopped: 0.0000693 seconds, Stopping threads took: 0.0000307 seconds
[2019-01-25T14:37:24.604+0000][1][safepoint    ] Application time: 1.0000958 seconds
[2019-01-25T14:37:24.605+0000][1][safepoint    ] Total time for which application threads were stopped: 0.0000411 seconds, Stopping threads took: 0.0000107 seconds
[2019-01-25T14:37:25.121+0000][1][safepoint    ] Application time: 0.5160165 seconds
[2019-01-25T14:37:25.121+0000][1][safepoint    ] Total time for which application threads were stopped: 0.0001050 seconds, Stopping threads took: 0.0000278 seconds
[2019-01-25T14:37:25.122+0000][1][safepoint    ] Application time: 0.0015371 seconds
[2019-01-25T14:37:25.122+0000][1][safepoint    ] Total time for which application threads were stopped: 0.0001041 seconds, Stopping threads took: 0.0000291 seconds
[2019-01-25T14:37:26.123+0000][1][safepoint    ] Application time: 1.0001522 seconds
[2019-01-25T14:37:26.123+0000][1][safepoint    ] Total time for which application threads were stopped: 0.0000511 seconds, Stopping threads took: 0.0000124 seconds
[2019-01-25T14:37:27.123+0000][1][safepoint    ] Application time: 1.0001246 seconds
[2019-01-25T14:37:27.123+0000][1][safepoint    ] Total time for which application threads were stopped: 0.0000785 seconds, Stopping threads took: 0.0000184 seconds
[2019-01-25T14:37:27.639+0000][1][safepoint    ] Application time: 0.5157889 seconds
[2019-01-25T14:37:27.639+0000][1][safepoint    ] Total time for which application threads were stopped: 0.0001009 seconds, Stopping threads took: 0.0000276 seconds
[2019-01-25T14:37:27.642+0000][1][safepoint    ] Application time: 0.0027866 seconds
[2019-01-25T14:37:27.642+0000][1][safepoint    ] Total time for which application threads were stopped: 0.0000943 seconds, Stopping threads took: 0.0000263 seconds
[2019-01-25T14:37:28.642+0000][1][safepoint    ] Application time: 1.0001777 seconds
[2019-01-25T14:37:28.642+0000][1][safepoint    ] Total time for which application threads were stopped: 0.0000685 seconds, Stopping threads took: 0.0000151 seconds
[2019-01-25T14:37:29.642+0000][1][safepoint    ] Application time: 1.0001076 seconds
[2019-01-25T14:37:29.642+0000][1][safepoint    ] Total time for which application threads were stopped: 0.0000684 seconds, Stopping threads took: 0.0000177 seconds
[2019-01-25T14:37:30.153+0000][1][safepoint    ] Application time: 0.5100405 seconds
[2019-01-25T14:37:30.153+0000][1][safepoint    ] Total time for which application threads were stopped: 0.0000758 seconds, Stopping threads took: 0.0000179 seconds
[2019-01-25T14:37:30.155+0000][1][safepoint    ] Application time: 0.0019201 seconds
[2019-01-25T14:37:30.155+0000][1][safepoint    ] Total time for which application threads were stopped: 0.0000775 seconds, Stopping threads took: 0.0000130 seconds
[2019-01-25T14:37:31.155+0000][1][safepoint    ] Application time: 1.0001471 seconds
[2019-01-25T14:37:31.155+0000][1][safepoint    ] Total time for which application threads were stopped: 0.0000563 seconds, Stopping threads took: 0.0000260 seconds
[2019-01-25T14:37:32.155+0000][1][safepoint    ] Application time: 1.0001318 seconds
[2019-01-25T14:37:32.155+0000][1][safepoint    ] Total time for which application threads were stopped: 0.0000561 seconds, Stopping threads took: 0.0000142 seconds
[2019-01-25T14:37:32.662+0000][1][safepoint    ] Application time: 0.5069755 seconds
[2019-01-25T14:37:32.662+0000][1][safepoint    ] Total time for which application threads were stopped: 0.0000774 seconds, Stopping threads took: 0.0000103 seconds
[2019-01-25T14:37:32.668+0000][1][safepoint    ] Application time: 0.0058156 seconds
[2019-01-25T14:37:32.668+0000][1][safepoint    ] Total time for which application threads were stopped: 0.0000627 seconds, Stopping threads took: 0.0000102 seconds
[2019-01-25T14:37:33.668+0000][1][safepoint    ] Application time: 1.0001393 seconds
[2019-01-25T14:37:33.668+0000][1][safepoint    ] Total time for which application threads were stopped: 0.0000794 seconds, Stopping threads took: 0.0000411 seconds
[2019-01-25T14:37:34.669+0000][1][safepoint    ] Application time: 1.0000929 seconds
[2019-01-25T14:37:34.669+0000][1][safepoint    ] Total time for which application threads were stopped: 0.0000633 seconds, Stopping threads took: 0.0000152 seconds
[2019-01-25T14:37:35.173+0000][1][safepoint    ] Application time: 0.5046028 seconds
[2019-01-25T14:37:35.173+0000][1][safepoint    ] Total time for which application threads were stopped: 0.0000617 seconds, Stopping threads took: 0.0000095 seconds
[2019-01-25T14:37:35.175+0000][1][safepoint    ] Application time: 0.0017213 seconds
[2019-01-25T14:37:35.175+0000][1][safepoint    ] Total time for which application threads were stopped: 0.0000672 seconds, Stopping threads took: 0.0000173 seconds
[2019-01-25T14:37:36.175+0000][1][safepoint    ] Application time: 1.0001767 seconds
[2019-01-25T14:37:36.176+0000][1][safepoint    ] Total time for which application threads were stopped: 0.0000423 seconds, Stopping threads took: 0.0000117 seconds
[2019-01-25T14:37:37.176+0000][1][safepoint    ] Application time: 1.0001333 seconds
[2019-01-25T14:37:37.176+0000][1][safepoint    ] Total time for which application threads were stopped: 0.0000601 seconds, Stopping threads took: 0.0000156 seconds
[2019-01-25T14:37:37.688+0000][1][safepoint    ] Application time: 0.5122245 seconds
[2019-01-25T14:37:37.688+0000][1][safepoint    ] Total time for which application threads were stopped: 0.0000819 seconds, Stopping threads took: 0.0000094 seconds
[2019-01-25T14:37:37.691+0000][1][safepoint    ] Application time: 0.0030040 seconds
[2019-01-25T14:37:37.691+0000][1][safepoint    ] Total time for which application threads were stopped: 0.0002102 seconds, Stopping threads took: 0.0000104 seconds
[2019-01-25T14:37:38.692+0000][1][safepoint    ] Application time: 1.0001423 seconds
[2019-01-25T14:37:38.692+0000][1][safepoint    ] Total time for which application threads were stopped: 0.0000554 seconds, Stopping threads took: 0.0000140 seconds
[2019-01-25T14:37:39.692+0000][1][safepoint    ] Application time: 1.0000991 seconds
[2019-01-25T14:37:39.692+0000][1][safepoint    ] Total time for which application threads were stopped: 0.0000418 seconds, Stopping threads took: 0.0000118 seconds
[2019-01-25T14:37:40.206+0000][1][safepoint    ] Application time: 0.5135960 seconds
[2019-01-25T14:37:40.206+0000][1][safepoint    ] Total time for which application threads were stopped: 0.0000850 seconds, Stopping threads took: 0.0000217 seconds
[2019-01-25T14:37:40.208+0000][1][safepoint    ] Application time: 0.0022827 seconds
[2019-01-25T14:37:40.208+0000][1][safepoint    ] Total time for which application threads were stopped: 0.0000842 seconds, Stopping threads took: 0.0000133 seconds
[2019-01-25T14:37:41.208+0000][1][safepoint    ] Application time: 1.0001458 seconds
[2019-01-25T14:37:41.208+0000][1][safepoint    ] Total time for which application threads were stopped: 0.0000669 seconds, Stopping threads took: 0.0000131 seconds
[2019-01-25T14:37:42.208+0000][1][safepoint    ] Application time: 1.0001457 seconds
[2019-01-25T14:37:42.209+0000][1][safepoint    ] Total time for which application threads were stopped: 0.0000417 seconds, Stopping threads took: 0.0000115 seconds
[2019-01-25T14:37:42.717+0000][1][safepoint    ] Application time: 0.5079996 seconds
[2019-01-25T14:37:42.717+0000][1][safepoint    ] Total time for which application threads were stopped: 0.0001015 seconds, Stopping threads took: 0.0000159 seconds
[2019-01-25T14:37:42.722+0000][1][safepoint    ] Application time: 0.0051523 seconds
[2019-01-25T14:37:42.722+0000][1][safepoint    ] Total time for which application threads were stopped: 0.0000815 seconds, Stopping threads took: 0.0000132 seconds
[2019-01-25T14:37:43.722+0000][1][safepoint    ] Application time: 1.0003693 seconds
[2019-01-25T14:37:43.723+0000][1][safepoint    ] Total time for which application threads were stopped: 0.0000466 seconds, Stopping threads took: 0.0000122 seconds
[2019-01-25T14:37:44.723+0000][1][safepoint    ] Application time: 1.0001671 seconds
[2019-01-25T14:37:44.723+0000][1][safepoint    ] Total time for which application threads were stopped: 0.0000421 seconds, Stopping threads took: 0.0000117 seconds
[2019-01-25T14:37:45.231+0000][1][safepoint    ] Application time: 0.5077682 seconds
[2019-01-25T14:37:45.231+0000][1][safepoint    ] Total time for which application threads were stopped: 0.0000639 seconds, Stopping threads took: 0.0000096 seconds
[2019-01-25T14:37:45.232+0000][1][safepoint    ] Application time: 0.0016795 seconds
[2019-01-25T14:37:45.232+0000][1][safepoint    ] Total time for which application threads were stopped: 0.0000847 seconds, Stopping threads took: 0.0000138 seconds
[2019-01-25T14:37:46.233+0000][1][safepoint    ] Application time: 1.0001897 seconds
[2019-01-25T14:37:46.233+0000][1][safepoint    ] Total time for which application threads were stopped: 0.0000483 seconds, Stopping threads took: 0.0000128 seconds
[2019-01-25T14:37:47.233+0000][1][safepoint    ] Application time: 1.0001694 seconds
[2019-01-25T14:37:47.233+0000][1][safepoint    ] Total time for which application threads were stopped: 0.0000413 seconds, Stopping threads took: 0.0000108 seconds
[2019-01-25T14:37:47.742+0000][1][safepoint    ] Application time: 0.5091966 seconds
[2019-01-25T14:37:47.742+0000][1][safepoint    ] Total time for which application threads were stopped: 0.0001075 seconds, Stopping threads took: 0.0000440 seconds
[2019-01-25T14:37:47.743+0000][1][safepoint    ] Application time: 0.0009979 seconds
[2019-01-25T14:37:47.743+0000][1][safepoint    ] Total time for which application threads were stopped: 0.0000721 seconds, Stopping threads took: 0.0000171 seconds
[2019-01-25T14:37:48.744+0000][1][safepoint    ] Application time: 1.0001952 seconds
[2019-01-25T14:37:48.744+0000][1][safepoint    ] Total time for which application threads were stopped: 0.0000413 seconds, Stopping threads took: 0.0000109 seconds
[2019-01-25T14:37:49.744+0000][1][safepoint    ] Application time: 1.0001541 seconds
[2019-01-25T14:37:49.744+0000][1][safepoint    ] Total time for which application threads were stopped: 0.0000486 seconds, Stopping threads took: 0.0000129 seconds
[2019-01-25T14:37:50.250+0000][1][safepoint    ] Application time: 0.5057118 seconds
[2019-01-25T14:37:50.250+0000][1][safepoint    ] Total time for which application threads were stopped: 0.0001325 seconds, Stopping threads took: 0.0000271 seconds
[2019-01-25T14:37:50.252+0000][1][safepoint    ] Application time: 0.0017922 seconds
[2019-01-25T14:37:50.252+0000][1][safepoint    ] Total time for which application threads were stopped: 0.0002474 seconds, Stopping threads took: 0.0000264 seconds
[2019-01-25T14:37:51.252+0000][1][safepoint    ] Application time: 1.0001286 seconds
[2019-01-25T14:37:51.252+0000][1][safepoint    ] Total time for which application threads were stopped: 0.0000410 seconds, Stopping threads took: 0.0000117 seconds
[2019-01-25T14:37:52.252+0000][1][safepoint    ] Application time: 1.0000975 seconds
[2019-01-25T14:37:52.253+0000][1][safepoint    ] Total time for which application threads were stopped: 0.0000424 seconds, Stopping threads took: 0.0000108 seconds
[2019-01-25T14:37:52.760+0000][1][safepoint    ] Application time: 0.5073286 seconds
[2019-01-25T14:37:52.760+0000][1][safepoint    ] Total time for which application threads were stopped: 0.0000662 seconds, Stopping threads took: 0.0000155 seconds
[2019-01-25T14:37:52.762+0000][1][safepoint    ] Application time: 0.0016838 seconds
[2019-01-25T14:37:52.762+0000][1][safepoint    ] Total time for which application threads were stopped: 0.0000696 seconds, Stopping threads took: 0.0000187 seconds
[2019-01-25T14:37:53.762+0000][1][safepoint    ] Application time: 1.0001752 seconds
[2019-01-25T14:37:53.762+0000][1][safepoint    ] Total time for which application threads were stopped: 0.0000689 seconds, Stopping threads took: 0.0000174 seconds
[2019-01-25T14:37:54.762+0000][1][safepoint    ] Application time: 1.0001300 seconds
[2019-01-25T14:37:54.762+0000][1][safepoint    ] Total time for which application threads were stopped: 0.0000418 seconds, Stopping threads took: 0.0000107 seconds
[2019-01-25T14:37:55.269+0000][1][safepoint    ] Application time: 0.5066158 seconds
[2019-01-25T14:37:55.269+0000][1][safepoint    ] Total time for which application threads were stopped: 0.0000988 seconds, Stopping threads took: 0.0000249 seconds
[2019-01-25T14:37:55.271+0000][1][safepoint    ] Application time: 0.0022698 seconds
[2019-01-25T14:37:55.272+0000][1][safepoint    ] Total time for which application threads were stopped: 0.0000978 seconds, Stopping threads took: 0.0000245 seconds
[2019-01-25T14:37:56.272+0000][1][safepoint    ] Application time: 1.0005634 seconds
[2019-01-25T14:37:56.272+0000][1][safepoint    ] Total time for which application threads were stopped: 0.0000543 seconds, Stopping threads took: 0.0000139 seconds
[2019-01-25T14:37:57.272+0000][1][safepoint    ] Application time: 1.0001457 seconds
[2019-01-25T14:37:57.272+0000][1][safepoint    ] Total time for which application threads were stopped: 0.0000407 seconds, Stopping threads took: 0.0000117 seconds
[2019-01-25T14:37:57.779+0000][1][safepoint    ] Application time: 0.5069872 seconds
[2019-01-25T14:37:57.780+0000][1][safepoint    ] Total time for which application threads were stopped: 0.0000725 seconds, Stopping threads took: 0.0000187 seconds
[2019-01-25T14:37:57.788+0000][1][safepoint    ] Application time: 0.0087788 seconds
[2019-01-25T14:37:57.788+0000][1][safepoint    ] Total time for which application threads were stopped: 0.0000870 seconds, Stopping threads took: 0.0000232 seconds
[2019-01-25T14:37:58.789+0000][1][safepoint    ] Application time: 1.0001430 seconds
[2019-01-25T14:37:58.789+0000][1][safepoint    ] Total time for which application threads were stopped: 0.0000645 seconds, Stopping threads took: 0.0000343 seconds
[2019-01-25T14:37:59.789+0000][1][safepoint    ] Application time: 1.0005626 seconds
[2019-01-25T14:37:59.789+0000][1][safepoint    ] Total time for which application threads were stopped: 0.0000460 seconds, Stopping threads took: 0.0000133 seconds
[2019-01-25T14:38:00.294+0000][1][safepoint    ] Application time: 0.5042373 seconds
[2019-01-25T14:38:00.294+0000][1][safepoint    ] Total time for which application threads were stopped: 0.0000601 seconds, Stopping threads took: 0.0000081 seconds
[2019-01-25T14:38:00.295+0000][1][safepoint    ] Application time: 0.0016100 seconds
[2019-01-25T14:38:00.296+0000][1][safepoint    ] Total time for which application threads were stopped: 0.0000750 seconds, Stopping threads took: 0.0000094 seconds
[2019-01-25T14:38:01.296+0000][1][safepoint    ] Application time: 1.0001016 seconds
[2019-01-25T14:38:01.296+0000][1][safepoint    ] Total time for which application threads were stopped: 0.0000617 seconds, Stopping threads took: 0.0000144 seconds
[2019-01-25T14:38:02.296+0000][1][safepoint    ] Application time: 1.0001130 seconds
[2019-01-25T14:38:02.296+0000][1][safepoint    ] Total time for which application threads were stopped: 0.0000850 seconds, Stopping threads took: 0.0000421 seconds
[2019-01-25T14:38:02.801+0000][1][safepoint    ] Application time: 0.5050608 seconds
[2019-01-25T14:38:02.801+0000][1][safepoint    ] Total time for which application threads were stopped: 0.0001052 seconds, Stopping threads took: 0.0000133 seconds
[2019-01-25T14:38:02.803+0000][1][safepoint    ] Application time: 0.0018340 seconds
[2019-01-25T14:38:02.803+0000][1][safepoint    ] Total time for which application threads were stopped: 0.0000942 seconds, Stopping threads took: 0.0000150 seconds
[2019-01-25T14:38:03.804+0000][1][safepoint    ] Application time: 1.0001700 seconds
[2019-01-25T14:38:03.804+0000][1][safepoint    ] Total time for which application threads were stopped: 0.0000703 seconds, Stopping threads took: 0.0000391 seconds
[2019-01-25T14:38:04.804+0000][1][safepoint    ] Application time: 1.0001178 seconds
[2019-01-25T14:38:04.804+0000][1][safepoint    ] Total time for which application threads were stopped: 0.0000625 seconds, Stopping threads took: 0.0000150 seconds
[2019-01-25T14:38:05.309+0000][1][safepoint    ] Application time: 0.5054733 seconds
[2019-01-25T14:38:05.309+0000][1][safepoint    ] Total time for which application threads were stopped: 0.0000891 seconds, Stopping threads took: 0.0000154 seconds
[2019-01-25T14:38:05.312+0000][1][safepoint    ] Application time: 0.0025959 seconds
[2019-01-25T14:38:05.312+0000][1][safepoint    ] Total time for which application threads were stopped: 0.0000759 seconds, Stopping threads took: 0.0000113 seconds
[2019-01-25T14:38:06.313+0000][1][safepoint    ] Application time: 1.0004192 seconds
[2019-01-25T14:38:06.313+0000][1][safepoint    ] Total time for which application threads were stopped: 0.0000645 seconds, Stopping threads took: 0.0000170 seconds
[2019-01-25T14:38:07.313+0000][1][safepoint    ] Application time: 1.0001410 seconds
[2019-01-25T14:38:07.313+0000][1][safepoint    ] Total time for which application threads were stopped: 0.0000641 seconds, Stopping threads took: 0.0000147 seconds
[2019-01-25T14:38:07.820+0000][1][safepoint    ] Application time: 0.5064585 seconds
[2019-01-25T14:38:07.820+0000][1][safepoint    ] Total time for which application threads were stopped: 0.0000911 seconds, Stopping threads took: 0.0000224 seconds
[2019-01-25T14:38:07.822+0000][1][safepoint    ] Application time: 0.0020472 seconds
[2019-01-25T14:38:07.822+0000][1][safepoint    ] Total time for which application threads were stopped: 0.0000984 seconds, Stopping threads took: 0.0000258 seconds
[2019-01-25T14:38:08.822+0000][1][safepoint    ] Application time: 1.0002772 seconds
[2019-01-25T14:38:08.823+0000][1][safepoint    ] Total time for which application threads were stopped: 0.0001958 seconds, Stopping threads took: 0.0000471 seconds
[2019-01-25T14:38:09.823+0000][1][safepoint    ] Application time: 1.0001629 seconds
[2019-01-25T14:38:09.823+0000][1][safepoint    ] Total time for which application threads were stopped: 0.0000586 seconds, Stopping threads took: 0.0000150 seconds
[2019-01-25T14:38:10.328+0000][1][safepoint    ] Application time: 0.5050348 seconds
[2019-01-25T14:38:10.328+0000][1][safepoint    ] Total time for which application threads were stopped: 0.0000614 seconds, Stopping threads took: 0.0000104 seconds
[2019-01-25T14:38:10.331+0000][1][safepoint    ] Application time: 0.0029863 seconds
[2019-01-25T14:38:10.331+0000][1][safepoint    ] Total time for which application threads were stopped: 0.0000632 seconds, Stopping threads took: 0.0000090 seconds
[2019-01-25T14:38:11.331+0000][1][safepoint    ] Application time: 1.0001373 seconds
[2019-01-25T14:38:11.331+0000][1][safepoint    ] Total time for which application threads were stopped: 0.0000686 seconds, Stopping threads took: 0.0000159 seconds
[2019-01-25T14:38:12.332+0000][1][safepoint    ] Application time: 1.0001761 seconds
[2019-01-25T14:38:12.332+0000][1][safepoint    ] Total time for which application threads were stopped: 0.0000528 seconds, Stopping threads took: 0.0000149 seconds
[2019-01-25T14:38:12.841+0000][1][safepoint    ] Application time: 0.5098351 seconds
[2019-01-25T14:38:12.842+0000][1][safepoint    ] Total time for which application threads were stopped: 0.0000823 seconds, Stopping threads took: 0.0000129 seconds
[2019-01-25T14:38:12.845+0000][1][safepoint    ] Application time: 0.0030501 seconds
[2019-01-25T14:38:12.845+0000][1][safepoint    ] Total time for which application threads were stopped: 0.0000789 seconds, Stopping threads took: 0.0000126 seconds
[2019-01-25T14:38:13.845+0000][1][safepoint    ] Application time: 1.0001475 seconds
[2019-01-25T14:38:13.845+0000][1][safepoint    ] Total time for which application threads were stopped: 0.0000724 seconds, Stopping threads took: 0.0000157 seconds
[2019-01-25T14:38:14.846+0000][1][safepoint    ] Application time: 1.0005760 seconds
[2019-01-25T14:38:14.846+0000][1][safepoint    ] Total time for which application threads were stopped: 0.0000445 seconds, Stopping threads took: 0.0000124 seconds
[2019-01-25T14:38:15.352+0000][1][safepoint    ] Application time: 0.5056619 seconds
[2019-01-25T14:38:15.352+0000][1][safepoint    ] Total time for which application threads were stopped: 0.0000692 seconds, Stopping threads took: 0.0000095 seconds
[2019-01-25T14:38:15.353+0000][1][safepoint    ] Application time: 0.0014353 seconds
[2019-01-25T14:38:15.353+0000][1][safepoint    ] Total time for which application threads were stopped: 0.0000630 seconds, Stopping threads took: 0.0000099 seconds
[2019-01-25T14:38:16.353+0000][1][safepoint    ] Application time: 1.0001429 seconds
[2019-01-25T14:38:16.353+0000][1][safepoint    ] Total time for which application threads were stopped: 0.0000467 seconds, Stopping threads took: 0.0000163 seconds
[2019-01-25T14:38:17.354+0000][1][safepoint    ] Application time: 1.0000952 seconds
[2019-01-25T14:38:17.354+0000][1][safepoint    ] Total time for which application threads were stopped: 0.0000701 seconds, Stopping threads took: 0.0000162 seconds
[2019-01-25T14:38:17.861+0000][1][safepoint    ] Application time: 0.5068805 seconds
[2019-01-25T14:38:17.861+0000][1][safepoint    ] Total time for which application threads were stopped: 0.0000789 seconds, Stopping threads took: 0.0000127 seconds
[2019-01-25T14:38:17.864+0000][1][safepoint    ] Application time: 0.0029826 seconds
[2019-01-25T14:38:17.864+0000][1][safepoint    ] Total time for which application threads were stopped: 0.0001018 seconds, Stopping threads took: 0.0000154 seconds
[2019-01-25T14:38:18.864+0000][1][safepoint    ] Application time: 1.0004173 seconds
[2019-01-25T14:38:18.864+0000][1][safepoint    ] Total time for which application threads were stopped: 0.0000579 seconds, Stopping threads took: 0.0000115 seconds
[2019-01-25T14:38:19.865+0000][1][safepoint    ] Application time: 1.0001341 seconds
[2019-01-25T14:38:19.865+0000][1][safepoint    ] Total time for which application threads were stopped: 0.0000482 seconds, Stopping threads took: 0.0000118 seconds
[2019-01-25T14:38:20.374+0000][1][safepoint    ] Application time: 0.5093453 seconds
[2019-01-25T14:38:20.374+0000][1][safepoint    ] Total time for which application threads were stopped: 0.0000860 seconds, Stopping threads took: 0.0000144 seconds
[2019-01-25T14:38:20.382+0000][1][safepoint    ] Application time: 0.0074576 seconds
[2019-01-25T14:38:20.382+0000][1][safepoint    ] Total time for which application threads were stopped: 0.0000832 seconds, Stopping threads took: 0.0000110 seconds
[2019-01-25T14:38:21.382+0000][1][safepoint    ] Application time: 1.0002102 seconds
[2019-01-25T14:38:21.382+0000][1][safepoint    ] Total time for which application threads were stopped: 0.0000445 seconds, Stopping threads took: 0.0000127 seconds
[2019-01-25T14:38:22.382+0000][1][safepoint    ] Application time: 1.0001190 seconds
[2019-01-25T14:38:22.382+0000][1][safepoint    ] Total time for which application threads were stopped: 0.0001141 seconds, Stopping threads took: 0.0000630 seconds
[2019-01-25T14:38:22.890+0000][1][safepoint    ] Application time: 0.5077448 seconds
[2019-01-25T14:38:22.890+0000][1][safepoint    ] Total time for which application threads were stopped: 0.0000679 seconds, Stopping threads took: 0.0000172 seconds
[2019-01-25T14:38:22.892+0000][1][safepoint    ] Application time: 0.0022690 seconds
[2019-01-25T14:38:22.893+0000][1][safepoint    ] Total time for which application threads were stopped: 0.0001575 seconds, Stopping threads took: 0.0000241 seconds
[2019-01-25T14:38:23.893+0000][1][safepoint    ] Application time: 1.0001540 seconds
[2019-01-25T14:38:23.893+0000][1][safepoint    ] Total time for which application threads were stopped: 0.0000568 seconds, Stopping threads took: 0.0000136 seconds
[2019-01-25T14:38:24.893+0000][1][safepoint    ] Application time: 1.0001574 seconds
[2019-01-25T14:38:24.893+0000][1][safepoint    ] Total time for which application threads were stopped: 0.0000882 seconds, Stopping threads took: 0.0000155 seconds
[2019-01-25T14:38:25.401+0000][1][safepoint    ] Application time: 0.5073775 seconds
[2019-01-25T14:38:25.401+0000][1][safepoint    ] Total time for which application threads were stopped: 0.0000661 seconds, Stopping threads took: 0.0000098 seconds
[2019-01-25T14:38:25.403+0000][1][safepoint    ] Application time: 0.0017431 seconds
[2019-01-25T14:38:25.403+0000][1][safepoint    ] Total time for which application threads were stopped: 0.0002038 seconds, Stopping threads took: 0.0000182 seconds
[2019-01-25T14:38:26.403+0000][1][safepoint    ] Application time: 1.0002030 seconds
[2019-01-25T14:38:26.403+0000][1][safepoint    ] Total time for which application threads were stopped: 0.0000482 seconds, Stopping threads took: 0.0000115 seconds
[2019-01-25T14:38:27.404+0000][1][safepoint    ] Application time: 1.0004861 seconds
[2019-01-25T14:38:27.404+0000][1][safepoint    ] Total time for which application threads were stopped: 0.0000465 seconds, Stopping threads took: 0.0000126 seconds
[2019-01-25T14:38:27.911+0000][1][safepoint    ] Application time: 0.5069428 seconds
[2019-01-25T14:38:27.911+0000][1][safepoint    ] Total time for which application threads were stopped: 0.0000924 seconds, Stopping threads took: 0.0000241 seconds
[2019-01-25T14:38:27.913+0000][1][safepoint    ] Application time: 0.0023175 seconds
[2019-01-25T14:38:27.913+0000][1][safepoint    ] Total time for which application threads were stopped: 0.0001034 seconds, Stopping threads took: 0.0000251 seconds
[2019-01-25T14:38:28.914+0000][1][safepoint    ] Application time: 1.0005667 seconds
[2019-01-25T14:38:28.914+0000][1][safepoint    ] Total time for which application threads were stopped: 0.0000431 seconds, Stopping threads took: 0.0000119 seconds
[2019-01-25T14:38:29.914+0000][1][safepoint    ] Application time: 1.0001386 seconds
[2019-01-25T14:38:29.914+0000][1][safepoint    ] Total time for which application threads were stopped: 0.0000587 seconds, Stopping threads took: 0.0000174 seconds
[2019-01-25T14:38:30.420+0000][1][safepoint    ] Application time: 0.5055039 seconds
[2019-01-25T14:38:30.420+0000][1][safepoint    ] Total time for which application threads were stopped: 0.0001273 seconds, Stopping threads took: 0.0000249 seconds
[2019-01-25T14:38:30.422+0000][1][safepoint    ] Application time: 0.0023645 seconds
[2019-01-25T14:38:30.422+0000][1][safepoint    ] Total time for which application threads were stopped: 0.0000715 seconds, Stopping threads took: 0.0000176 seconds
[2019-01-25T14:38:31.423+0000][1][safepoint    ] Application time: 1.0001503 seconds
[2019-01-25T14:38:31.423+0000][1][safepoint    ] Total time for which application threads were stopped: 0.0000456 seconds, Stopping threads took: 0.0000124 seconds
[2019-01-25T14:38:32.423+0000][1][safepoint    ] Application time: 1.0000945 seconds
[2019-01-25T14:38:32.423+0000][1][safepoint    ] Total time for which application threads were stopped: 0.0001027 seconds, Stopping threads took: 0.0000405 seconds
[2019-01-25T14:38:32.932+0000][1][safepoint    ] Application time: 0.5086617 seconds
[2019-01-25T14:38:32.932+0000][1][safepoint    ] Total time for which application threads were stopped: 0.0001303 seconds, Stopping threads took: 0.0000295 seconds
[2019-01-25T14:38:32.935+0000][1][safepoint    ] Application time: 0.0028809 seconds
[2019-01-25T14:38:32.935+0000][1][safepoint    ] Total time for which application threads were stopped: 0.0000983 seconds, Stopping threads took: 0.0000268 seconds
[2019-01-25T14:38:33.935+0000][1][safepoint    ] Application time: 1.0001866 seconds
[2019-01-25T14:38:33.935+0000][1][safepoint    ] Total time for which application threads were stopped: 0.0000900 seconds, Stopping threads took: 0.0000215 seconds
[2019-01-25T14:38:34.935+0000][1][safepoint    ] Application time: 1.0001325 seconds
[2019-01-25T14:38:34.935+0000][1][safepoint    ] Total time for which application threads were stopped: 0.0000575 seconds, Stopping threads took: 0.0000149 seconds
[2019-01-25T14:38:35.442+0000][1][safepoint    ] Application time: 0.5061834 seconds
[2019-01-25T14:38:35.442+0000][1][safepoint    ] Total time for which application threads were stopped: 0.0000982 seconds, Stopping threads took: 0.0000166 seconds
[2019-01-25T14:38:35.444+0000][1][safepoint    ] Application time: 0.0022638 seconds
[2019-01-25T14:38:35.444+0000][1][safepoint    ] Total time for which application threads were stopped: 0.0000763 seconds, Stopping threads took: 0.0000193 seconds
[2019-01-25T14:38:36.444+0000][1][safepoint    ] Application time: 1.0001286 seconds
[2019-01-25T14:38:36.444+0000][1][safepoint    ] Total time for which application threads were stopped: 0.0000416 seconds, Stopping threads took: 0.0000111 seconds
[2019-01-25T14:38:37.445+0000][1][safepoint    ] Application time: 1.0004522 seconds
[2019-01-25T14:38:37.445+0000][1][safepoint    ] Total time for which application threads were stopped: 0.0001903 seconds, Stopping threads took: 0.0000539 seconds
[2019-01-25T14:38:37.953+0000][1][safepoint    ] Application time: 0.5075944 seconds
[2019-01-25T14:38:37.953+0000][1][safepoint    ] Total time for which application threads were stopped: 0.0001052 seconds, Stopping threads took: 0.0000260 seconds
[2019-01-25T14:38:37.955+0000][1][safepoint    ] Application time: 0.0018473 seconds
[2019-01-25T14:38:37.955+0000][1][safepoint    ] Total time for which application threads were stopped: 0.0001083 seconds, Stopping threads took: 0.0000265 seconds
[2019-01-25T14:38:38.956+0000][1][safepoint    ] Application time: 1.0007233 seconds
[2019-01-25T14:38:38.956+0000][1][safepoint    ] Total time for which application threads were stopped: 0.0000576 seconds, Stopping threads took: 0.0000173 seconds
[2019-01-25T14:38:39.956+0000][1][safepoint    ] Application time: 1.0001368 seconds
[2019-01-25T14:38:39.956+0000][1][safepoint    ] Total time for which application threads were stopped: 0.0000409 seconds, Stopping threads took: 0.0000108 seconds
[2019-01-25T14:38:40.462+0000][1][safepoint    ] Application time: 0.5057807 seconds
[2019-01-25T14:38:40.462+0000][1][safepoint    ] Total time for which application threads were stopped: 0.0001144 seconds, Stopping threads took: 0.0000261 seconds
[2019-01-25T14:38:40.464+0000][1][safepoint    ] Application time: 0.0018425 seconds
[2019-01-25T14:38:40.464+0000][1][safepoint    ] Total time for which application threads were stopped: 0.0000720 seconds, Stopping threads took: 0.0000209 seconds
[2019-01-25T14:38:41.464+0000][1][safepoint    ] Application time: 1.0001719 seconds
[2019-01-25T14:38:41.464+0000][1][safepoint    ] Total time for which application threads were stopped: 0.0000418 seconds, Stopping threads took: 0.0000115 seconds
[2019-01-25T14:38:42.465+0000][1][safepoint    ] Application time: 1.0001266 seconds
[2019-01-25T14:38:42.465+0000][1][safepoint    ] Total time for which application threads were stopped: 0.0000415 seconds, Stopping threads took: 0.0000112 seconds
[2019-01-25T14:38:42.979+0000][1][safepoint    ] Application time: 0.5138670 seconds
[2019-01-25T14:38:42.979+0000][1][safepoint    ] Total time for which application threads were stopped: 0.0002673 seconds, Stopping threads took: 0.0001418 seconds
[2019-01-25T14:38:42.990+0000][1][safepoint    ] Application time: 0.0112556 seconds
[2019-01-25T14:38:42.990+0000][1][safepoint    ] Total time for which application threads were stopped: 0.0000876 seconds, Stopping threads took: 0.0000226 seconds
[2019-01-25T14:38:43.991+0000][1][safepoint    ] Application time: 1.0001247 seconds
[2019-01-25T14:38:43.991+0000][1][safepoint    ] Total time for which application threads were stopped: 0.0000643 seconds, Stopping threads took: 0.0000134 seconds
[2019-01-25T14:38:44.991+0000][1][safepoint    ] Application time: 1.0001290 seconds
[2019-01-25T14:38:44.991+0000][1][safepoint    ] Total time for which application threads were stopped: 0.0000440 seconds, Stopping threads took: 0.0000116 seconds
[2019-01-25T14:38:45.504+0000][1][safepoint    ] Application time: 0.5130559 seconds
[2019-01-25T14:38:45.504+0000][1][safepoint    ] Total time for which application threads were stopped: 0.0001212 seconds, Stopping threads took: 0.0000183 seconds
[2019-01-25T14:38:45.510+0000][1][safepoint    ] Application time: 0.0058677 seconds
[2019-01-25T14:38:45.510+0000][1][safepoint    ] Total time for which application threads were stopped: 0.0001273 seconds, Stopping threads took: 0.0000491 seconds
[2019-01-25T14:38:46.510+0000][1][safepoint    ] Application time: 1.0001452 seconds
[2019-01-25T14:38:46.510+0000][1][safepoint    ] Total time for which application threads were stopped: 0.0000538 seconds, Stopping threads took: 0.0000138 seconds
[2019-01-25T14:38:47.511+0000][1][safepoint    ] Application time: 1.0001490 seconds
[2019-01-25T14:38:47.511+0000][1][safepoint    ] Total time for which application threads were stopped: 0.0000438 seconds, Stopping threads took: 0.0000121 seconds
[2019-01-25T14:38:48.023+0000][1][safepoint    ] Application time: 0.5122722 seconds
[2019-01-25T14:38:48.023+0000][1][safepoint    ] Total time for which application threads were stopped: 0.0002276 seconds, Stopping threads took: 0.0000241 seconds
[2019-01-25T14:38:48.026+0000][1][safepoint    ] Application time: 0.0030561 seconds
[2019-01-25T14:38:48.029+0000][1][safepoint    ] Total time for which application threads were stopped: 0.0026839 seconds, Stopping threads took: 0.0026222 seconds
[2019-01-25T14:38:49.029+0000][1][safepoint    ] Application time: 1.0002634 seconds
[2019-01-25T14:38:49.029+0000][1][safepoint    ] Total time for which application threads were stopped: 0.0000934 seconds, Stopping threads took: 0.0000169 seconds
[2019-01-25T14:38:50.030+0000][1][safepoint    ] Application time: 1.0001315 seconds
[2019-01-25T14:38:50.030+0000][1][safepoint    ] Total time for which application threads were stopped: 0.0000679 seconds, Stopping threads took: 0.0000154 seconds
[2019-01-25T14:38:50.535+0000][1][safepoint    ] Application time: 0.5049869 seconds
[2019-01-25T14:38:50.535+0000][1][safepoint    ] Total time for which application threads were stopped: 0.0000790 seconds, Stopping threads took: 0.0000292 seconds
[2019-01-25T14:38:50.538+0000][1][safepoint    ] Application time: 0.0029498 seconds
[2019-01-25T14:38:50.538+0000][1][safepoint    ] Total time for which application threads were stopped: 0.0000659 seconds, Stopping threads took: 0.0000165 seconds
[2019-01-25T14:38:51.538+0000][1][safepoint    ] Application time: 1.0003337 seconds
[2019-01-25T14:38:51.538+0000][1][safepoint    ] Total time for which application threads were stopped: 0.0000419 seconds, Stopping threads took: 0.0000113 seconds
[2019-01-25T14:38:52.538+0000][1][safepoint    ] Application time: 1.0001191 seconds
[2019-01-25T14:38:52.539+0000][1][safepoint    ] Total time for which application threads were stopped: 0.0000710 seconds, Stopping threads took: 0.0000175 seconds
[2019-01-25T14:38:53.051+0000][1][safepoint    ] Application time: 0.5125333 seconds
[2019-01-25T14:38:53.051+0000][1][safepoint    ] Total time for which application threads were stopped: 0.0000949 seconds, Stopping threads took: 0.0000262 seconds
[2019-01-25T14:38:53.057+0000][1][safepoint    ] Application time: 0.0055635 seconds
[2019-01-25T14:38:53.057+0000][1][safepoint    ] Total time for which application threads were stopped: 0.0000656 seconds, Stopping threads took: 0.0000160 seconds
[2019-01-25T14:38:54.057+0000][1][safepoint    ] Application time: 1.0001357 seconds
[2019-01-25T14:38:54.057+0000][1][safepoint    ] Total time for which application threads were stopped: 0.0000410 seconds, Stopping threads took: 0.0000117 seconds
[2019-01-25T14:38:55.057+0000][1][safepoint    ] Application time: 1.0001199 seconds
[2019-01-25T14:38:55.057+0000][1][safepoint    ] Total time for which application threads were stopped: 0.0000586 seconds, Stopping threads took: 0.0000150 seconds
[2019-01-25T14:38:55.562+0000][1][safepoint    ] Application time: 0.5042891 seconds
[2019-01-25T14:38:55.562+0000][1][safepoint    ] Total time for which application threads were stopped: 0.0000651 seconds, Stopping threads took: 0.0000158 seconds
[2019-01-25T14:38:55.564+0000][1][safepoint    ] Application time: 0.0016542 seconds
[2019-01-25T14:38:55.564+0000][1][safepoint    ] Total time for which application threads were stopped: 0.0000653 seconds, Stopping threads took: 0.0000162 seconds
[2019-01-25T14:38:56.564+0000][1][safepoint    ] Application time: 1.0002602 seconds
[2019-01-25T14:38:56.564+0000][1][safepoint    ] Total time for which application threads were stopped: 0.0000641 seconds, Stopping threads took: 0.0000149 seconds
[2019-01-25T14:38:57.564+0000][1][safepoint    ] Application time: 1.0001358 seconds
[2019-01-25T14:38:57.577+0000][1][safepoint    ] Total time for which application threads were stopped: 0.0000669 seconds, Stopping threads took: 0.0000172 seconds
[2019-01-25T14:38:58.089+0000][1][safepoint    ] Application time: 0.5005121 seconds
[2019-01-25T14:38:58.097+0000][1][safepoint    ] Total time for which application threads were stopped: 0.0000876 seconds, Stopping threads took: 0.0000162 seconds
[2019-01-25T14:38:58.104+0000][1][safepoint    ] Application time: 0.0023133 seconds
[2019-01-25T14:38:58.106+0000][1][safepoint    ] Total time for which application threads were stopped: 0.0000860 seconds, Stopping threads took: 0.0000156 seconds
[2019-01-25T14:38:59.107+0000][1][safepoint    ] Application time: 1.0001630 seconds
[2019-01-25T14:38:59.107+0000][1][safepoint    ] Total time for which application threads were stopped: 0.0000636 seconds, Stopping threads took: 0.0000171 seconds
[2019-01-25T14:39:00.109+0000][1][safepoint    ] Application time: 1.0001231 seconds
[2019-01-25T14:39:00.110+0000][1][safepoint    ] Total time for which application threads were stopped: 0.0000550 seconds, Stopping threads took: 0.0000128 seconds
[2019-01-25T14:39:00.615+0000][1][safepoint    ] Application time: 0.5044982 seconds
[2019-01-25T14:39:00.615+0000][1][safepoint    ] Total time for which application threads were stopped: 0.0000676 seconds, Stopping threads took: 0.0000121 seconds
[2019-01-25T14:39:00.622+0000][1][safepoint    ] Application time: 0.0057692 seconds
[2019-01-25T14:39:00.622+0000][1][safepoint    ] Total time for which application threads were stopped: 0.0000676 seconds, Stopping threads took: 0.0000132 seconds
[2019-01-25T14:39:01.623+0000][1][safepoint    ] Application time: 1.0001535 seconds
[2019-01-25T14:39:01.623+0000][1][safepoint    ] Total time for which application threads were stopped: 0.0000625 seconds, Stopping threads took: 0.0000171 seconds
[2019-01-25T14:39:02.624+0000][1][safepoint    ] Application time: 1.0001458 seconds
[2019-01-25T14:39:02.625+0000][1][safepoint    ] Total time for which application threads were stopped: 0.0000895 seconds, Stopping threads took: 0.0000389 seconds
[2019-01-25T14:39:03.131+0000][1][safepoint    ] Application time: 0.5055522 seconds
[2019-01-25T14:39:03.132+0000][1][safepoint    ] Total time for which application threads were stopped: 0.0001094 seconds, Stopping threads took: 0.0000155 seconds
[2019-01-25T14:39:03.133+0000][1][safepoint    ] Application time: 0.0010974 seconds
[2019-01-25T14:39:03.134+0000][1][safepoint    ] Total time for which application threads were stopped: 0.0000907 seconds, Stopping threads took: 0.0000147 seconds
[2019-01-25T14:39:04.135+0000][1][safepoint    ] Application time: 1.0002005 seconds
[2019-01-25T14:39:04.135+0000][1][safepoint    ] Total time for which application threads were stopped: 0.0000465 seconds, Stopping threads took: 0.0000139 seconds
[2019-01-25T14:39:05.136+0000][1][safepoint    ] Application time: 1.0001259 seconds
[2019-01-25T14:39:05.136+0000][1][safepoint    ] Total time for which application threads were stopped: 0.0000614 seconds, Stopping threads took: 0.0000178 seconds
[2019-01-25T14:39:05.641+0000][1][safepoint    ] Application time: 0.5041865 seconds
[2019-01-25T14:39:05.642+0000][1][safepoint    ] Total time for which application threads were stopped: 0.0001057 seconds, Stopping threads took: 0.0000160 seconds
[2019-01-25T14:39:05.644+0000][1][safepoint    ] Application time: 0.0015149 seconds
[2019-01-25T14:39:05.645+0000][1][safepoint    ] Total time for which application threads were stopped: 0.0001113 seconds, Stopping threads took: 0.0000178 seconds
[2019-01-25T14:39:06.646+0000][1][safepoint    ] Application time: 1.0002861 seconds
[2019-01-25T14:39:06.648+0000][1][safepoint    ] Total time for which application threads were stopped: 0.0001545 seconds, Stopping threads took: 0.0000499 seconds
[2019-01-25T14:39:07.649+0000][1][safepoint    ] Application time: 1.0002219 seconds
[2019-01-25T14:39:07.650+0000][1][safepoint    ] Total time for which application threads were stopped: 0.0000465 seconds, Stopping threads took: 0.0000137 seconds
[2019-01-25T14:39:08.153+0000][1][safepoint    ] Application time: 0.5035229 seconds
[2019-01-25T14:39:08.154+0000][1][safepoint    ] Total time for which application threads were stopped: 0.0001087 seconds, Stopping threads took: 0.0000128 seconds
[2019-01-25T14:39:08.156+0000][1][safepoint    ] Application time: 0.0011739 seconds
[2019-01-25T14:39:08.157+0000][1][safepoint    ] Total time for which application threads were stopped: 0.0000667 seconds, Stopping threads took: 0.0000121 seconds
[2019-01-25T14:39:09.157+0000][1][safepoint    ] Application time: 1.0001925 seconds
[2019-01-25T14:39:09.158+0000][1][safepoint    ] Total time for which application threads were stopped: 0.0000610 seconds, Stopping threads took: 0.0000177 seconds
[2019-01-25T14:39:10.159+0000][1][safepoint    ] Application time: 1.0003234 seconds
[2019-01-25T14:39:10.159+0000][1][safepoint    ] Total time for which application threads were stopped: 0.0000458 seconds, Stopping threads took: 0.0000134 seconds
[2019-01-25T14:39:10.672+0000][1][safepoint    ] Application time: 0.5121475 seconds
[2019-01-25T14:39:10.680+0000][1][safepoint    ] Total time for which application threads were stopped: 0.0000891 seconds, Stopping threads took: 0.0000175 seconds
[2019-01-25T14:39:10.687+0000][1][safepoint    ] Application time: 0.0022263 seconds
[2019-01-25T14:39:10.688+0000][1][safepoint    ] Total time for which application threads were stopped: 0.0000781 seconds, Stopping threads took: 0.0000165 seconds
[2019-01-25T14:39:11.688+0000][1][safepoint    ] Application time: 1.0001586 seconds
[2019-01-25T14:39:11.689+0000][1][safepoint    ] Total time for which application threads were stopped: 0.0000521 seconds, Stopping threads took: 0.0000132 seconds
[2019-01-25T14:39:12.689+0000][1][safepoint    ] Application time: 1.0002603 seconds
[2019-01-25T14:39:12.691+0000][1][safepoint    ] Total time for which application threads were stopped: 0.0000700 seconds, Stopping threads took: 0.0000198 seconds
[2019-01-25T14:39:13.195+0000][1][safepoint    ] Application time: 0.5028643 seconds
[2019-01-25T14:39:13.197+0000][1][safepoint    ] Total time for which application threads were stopped: 0.0001043 seconds, Stopping threads took: 0.0000191 seconds
[2019-01-25T14:39:13.201+0000][1][safepoint    ] Application time: 0.0028891 seconds
[2019-01-25T14:39:13.201+0000][1][safepoint    ] Total time for which application threads were stopped: 0.0002143 seconds, Stopping threads took: 0.0000114 seconds
[2019-01-25T14:39:14.202+0000][1][safepoint    ] Application time: 1.0001579 seconds
[2019-01-25T14:39:14.203+0000][1][safepoint    ] Total time for which application threads were stopped: 0.0000562 seconds, Stopping threads took: 0.0000151 seconds
[2019-01-25T14:39:15.203+0000][1][safepoint    ] Application time: 1.0001273 seconds
[2019-01-25T14:39:15.204+0000][1][safepoint    ] Total time for which application threads were stopped: 0.0000558 seconds, Stopping threads took: 0.0000158 seconds
[2019-01-25T14:39:15.708+0000][1][safepoint    ] Application time: 0.5042300 seconds
[2019-01-25T14:39:15.709+0000][1][safepoint    ] Total time for which application threads were stopped: 0.0000844 seconds, Stopping threads took: 0.0000149 seconds
[2019-01-25T14:39:15.711+0000][1][safepoint    ] Application time: 0.0014962 seconds
[2019-01-25T14:39:15.712+0000][1][safepoint    ] Total time for which application threads were stopped: 0.0000899 seconds, Stopping threads took: 0.0000163 seconds
[2019-01-25T14:39:16.712+0000][1][safepoint    ] Application time: 1.0001843 seconds
[2019-01-25T14:39:16.713+0000][1][safepoint    ] Total time for which application threads were stopped: 0.0000727 seconds, Stopping threads took: 0.0000217 seconds
[2019-01-25T14:39:17.714+0000][1][safepoint    ] Application time: 1.0001759 seconds
[2019-01-25T14:39:17.715+0000][1][safepoint    ] Total time for which application threads were stopped: 0.0000620 seconds, Stopping threads took: 0.0000164 seconds
[2019-01-25T14:39:18.228+0000][1][safepoint    ] Application time: 0.5128823 seconds
[2019-01-25T14:39:18.229+0000][1][safepoint    ] Total time for which application threads were stopped: 0.0000683 seconds, Stopping threads took: 0.0000117 seconds
[2019-01-25T14:39:18.231+0000][1][safepoint    ] Application time: 0.0017820 seconds
[2019-01-25T14:39:18.232+0000][1][safepoint    ] Total time for which application threads were stopped: 0.0000877 seconds, Stopping threads took: 0.0000160 seconds
[2019-01-25T14:39:19.231+0000][1][safepoint    ] Application time: 1.0002111 seconds
[2019-01-25T14:39:19.232+0000][1][safepoint    ] Total time for which application threads were stopped: 0.0000631 seconds, Stopping threads took: 0.0000173 seconds
[2019-01-25T14:39:20.233+0000][1][safepoint    ] Application time: 1.0001419 seconds
[2019-01-25T14:39:20.234+0000][1][safepoint    ] Total time for which application threads were stopped: 0.0000450 seconds, Stopping threads took: 0.0000124 seconds
[2019-01-25T14:39:20.737+0000][1][safepoint    ] Application time: 0.5028248 seconds
[2019-01-25T14:39:20.737+0000][1][safepoint    ] Total time for which application threads were stopped: 0.0000899 seconds, Stopping threads took: 0.0000156 seconds
[2019-01-25T14:39:20.739+0000][1][safepoint    ] Application time: 0.0012177 seconds
[2019-01-25T14:39:20.739+0000][1][safepoint    ] Total time for which application threads were stopped: 0.0001076 seconds, Stopping threads took: 0.0000161 seconds
[2019-01-25T14:39:21.740+0000][1][safepoint    ] Application time: 1.0001503 seconds
[2019-01-25T14:39:21.741+0000][1][safepoint    ] Total time for which application threads were stopped: 0.0000574 seconds, Stopping threads took: 0.0000183 seconds
[2019-01-25T14:39:22.741+0000][1][safepoint    ] Application time: 1.0001792 seconds
[2019-01-25T14:39:22.742+0000][1][safepoint    ] Total time for which application threads were stopped: 0.0000569 seconds, Stopping threads took: 0.0000131 seconds
[2019-01-25T14:39:23.246+0000][1][safepoint    ] Application time: 0.5035848 seconds
[2019-01-25T14:39:23.247+0000][1][safepoint    ] Total time for which application threads were stopped: 0.0000850 seconds, Stopping threads took: 0.0000145 seconds
[2019-01-25T14:39:23.249+0000][1][safepoint    ] Application time: 0.0012863 seconds
[2019-01-25T14:39:23.250+0000][1][safepoint    ] Total time for which application threads were stopped: 0.0000864 seconds, Stopping threads took: 0.0000164 seconds
[2019-01-25T14:39:24.252+0000][1][safepoint    ] Application time: 1.0001671 seconds
[2019-01-25T14:39:24.252+0000][1][safepoint    ] Total time for which application threads were stopped: 0.0000493 seconds, Stopping threads took: 0.0000163 seconds
[2019-01-25T14:39:25.253+0000][1][safepoint    ] Application time: 1.0004766 seconds
[2019-01-25T14:39:25.254+0000][1][safepoint    ] Total time for which application threads were stopped: 0.0000527 seconds, Stopping threads took: 0.0000151 seconds
[2019-01-25T14:39:25.759+0000][1][safepoint    ] Application time: 0.5040873 seconds
[2019-01-25T14:39:25.760+0000][1][safepoint    ] Total time for which application threads were stopped: 0.0000905 seconds, Stopping threads took: 0.0000166 seconds
[2019-01-25T14:39:25.770+0000][1][safepoint    ] Application time: 0.0098609 seconds
[2019-01-25T14:39:25.771+0000][1][safepoint    ] Total time for which application threads were stopped: 0.0001049 seconds, Stopping threads took: 0.0000171 seconds
[2019-01-25T14:39:26.771+0000][1][safepoint    ] Application time: 1.0002887 seconds
[2019-01-25T14:39:26.773+0000][1][safepoint    ] Total time for which application threads were stopped: 0.0005423 seconds, Stopping threads took: 0.0000256 seconds
[2019-01-25T14:39:27.774+0000][1][safepoint    ] Application time: 1.0001608 seconds
[2019-01-25T14:39:27.775+0000][1][safepoint    ] Total time for which application threads were stopped: 0.0000445 seconds, Stopping threads took: 0.0000122 seconds
[2019-01-25T14:39:28.279+0000][1][safepoint    ] Application time: 0.5026555 seconds
[2019-01-25T14:39:28.280+0000][1][safepoint    ] Total time for which application threads were stopped: 0.0001118 seconds, Stopping threads took: 0.0000429 seconds
[2019-01-25T14:39:28.282+0000][1][safepoint    ] Application time: 0.0013983 seconds
[2019-01-25T14:39:28.282+0000][1][safepoint    ] Total time for which application threads were stopped: 0.0000740 seconds, Stopping threads took: 0.0000133 seconds
[2019-01-25T14:39:29.283+0000][1][safepoint    ] Application time: 1.0001529 seconds
[2019-01-25T14:39:29.284+0000][1][safepoint    ] Total time for which application threads were stopped: 0.0000480 seconds, Stopping threads took: 0.0000133 seconds
[2019-01-25T14:39:30.284+0000][1][safepoint    ] Application time: 1.0003771 seconds
[2019-01-25T14:39:30.285+0000][1][safepoint    ] Total time for which application threads were stopped: 0.0000603 seconds, Stopping threads took: 0.0000150 seconds
[2019-01-25T14:39:30.796+0000][1][safepoint    ] Application time: 0.5103826 seconds
[2019-01-25T14:39:30.801+0000][1][safepoint    ] Total time for which application threads were stopped: 0.0007543 seconds, Stopping threads took: 0.0005539 seconds
[2019-01-25T14:39:30.809+0000][1][safepoint    ] Application time: 0.0062437 seconds
[2019-01-25T14:39:30.811+0000][1][safepoint    ] Total time for which application threads were stopped: 0.0001313 seconds, Stopping threads took: 0.0000397 seconds
[2019-01-25T14:39:31.812+0000][1][safepoint    ] Application time: 1.0001983 seconds
[2019-01-25T14:39:31.813+0000][1][safepoint    ] Total time for which application threads were stopped: 0.0000461 seconds, Stopping threads took: 0.0000127 seconds
[2019-01-25T14:39:32.815+0000][1][safepoint    ] Application time: 1.0001509 seconds
[2019-01-25T14:39:32.816+0000][1][safepoint    ] Total time for which application threads were stopped: 0.0000810 seconds, Stopping threads took: 0.0000394 seconds
[2019-01-25T14:39:33.350+0000][1][safepoint    ] Application time: 0.5346016 seconds
[2019-01-25T14:39:33.351+0000][1][safepoint    ] Total time for which application threads were stopped: 0.0001161 seconds, Stopping threads took: 0.0000159 seconds
[2019-01-25T14:39:33.353+0000][1][safepoint    ] Application time: 0.0014800 seconds
[2019-01-25T14:39:33.357+0000][1][safepoint    ] Total time for which application threads were stopped: 0.0013526 seconds, Stopping threads took: 0.0012036 seconds
[2019-01-25T14:39:34.358+0000][1][safepoint    ] Application time: 1.0003262 seconds
[2019-01-25T14:39:34.360+0000][1][safepoint    ] Total time for which application threads were stopped: 0.0001254 seconds, Stopping threads took: 0.0000357 seconds
[2019-01-25T14:39:35.362+0000][1][safepoint    ] Application time: 1.0001737 seconds
[2019-01-25T14:39:35.362+0000][1][safepoint    ] Total time for which application threads were stopped: 0.0000619 seconds, Stopping threads took: 0.0000125 seconds
[2019-01-25T14:39:35.863+0000][1][safepoint    ] Application time: 0.5003961 seconds
[2019-01-25T14:39:35.864+0000][1][safepoint    ] Total time for which application threads were stopped: 0.0000691 seconds, Stopping threads took: 0.0000119 seconds
[2019-01-25T14:39:35.869+0000][1][safepoint    ] Application time: 0.0014920 seconds
[2019-01-25T14:39:35.870+0000][1][safepoint    ] Total time for which application threads were stopped: 0.0001018 seconds, Stopping threads took: 0.0000181 seconds
[2019-01-25T14:39:36.871+0000][1][safepoint    ] Application time: 1.0003121 seconds
[2019-01-25T14:39:36.871+0000][1][safepoint    ] Total time for which application threads were stopped: 0.0000581 seconds, Stopping threads took: 0.0000194 seconds
[2019-01-25T14:39:37.872+0000][1][safepoint    ] Application time: 1.0001392 seconds
[2019-01-25T14:39:37.872+0000][1][safepoint    ] Total time for which application threads were stopped: 0.0000595 seconds, Stopping threads took: 0.0000161 seconds
[2019-01-25T14:39:38.380+0000][1][safepoint    ] Application time: 0.5054578 seconds
[2019-01-25T14:39:38.381+0000][1][safepoint    ] Total time for which application threads were stopped: 0.0000951 seconds, Stopping threads took: 0.0000179 seconds
[2019-01-25T14:39:38.382+0000][1][safepoint    ] Application time: 0.0011622 seconds
[2019-01-25T14:39:38.384+0000][1][safepoint    ] Total time for which application threads were stopped: 0.0001028 seconds, Stopping threads took: 0.0000160 seconds
[2019-01-25T14:39:39.384+0000][1][safepoint    ] Application time: 1.0001610 seconds
[2019-01-25T14:39:39.385+0000][1][safepoint    ] Total time for which application threads were stopped: 0.0000580 seconds, Stopping threads took: 0.0000164 seconds
[2019-01-25T14:39:40.386+0000][1][safepoint    ] Application time: 1.0002851 seconds
[2019-01-25T14:39:40.387+0000][1][safepoint    ] Total time for which application threads were stopped: 0.0000692 seconds, Stopping threads took: 0.0000194 seconds
[2019-01-25T14:39:40.893+0000][1][safepoint    ] Application time: 0.5062176 seconds
[2019-01-25T14:39:40.895+0000][1][safepoint    ] Total time for which application threads were stopped: 0.0001461 seconds, Stopping threads took: 0.0000255 seconds
[2019-01-25T14:39:40.899+0000][1][safepoint    ] Application time: 0.0025514 seconds
[2019-01-25T14:39:40.901+0000][1][safepoint    ] Total time for which application threads were stopped: 0.0001550 seconds, Stopping threads took: 0.0000256 seconds
[2019-01-25T14:39:41.902+0000][1][safepoint    ] Application time: 1.0001928 seconds
[2019-01-25T14:39:41.903+0000][1][safepoint    ] Total time for which application threads were stopped: 0.0000605 seconds, Stopping threads took: 0.0000159 seconds
[2019-01-25T14:39:42.903+0000][1][safepoint    ] Application time: 1.0001364 seconds
[2019-01-25T14:39:42.904+0000][1][safepoint    ] Total time for which application threads were stopped: 0.0000620 seconds, Stopping threads took: 0.0000168 seconds
[2019-01-25T14:39:43.412+0000][1][safepoint    ] Application time: 0.5073020 seconds
[2019-01-25T14:39:43.412+0000][1][safepoint    ] Total time for which application threads were stopped: 0.0000711 seconds, Stopping threads took: 0.0000132 seconds
[2019-01-25T14:39:43.414+0000][1][safepoint    ] Application time: 0.0010721 seconds
[2019-01-25T14:39:43.416+0000][1][safepoint    ] Total time for which application threads were stopped: 0.0001088 seconds, Stopping threads took: 0.0000154 seconds
[2019-01-25T14:39:44.416+0000][1][safepoint    ] Application time: 1.0003603 seconds
[2019-01-25T14:39:44.418+0000][1][safepoint    ] Total time for which application threads were stopped: 0.0002318 seconds, Stopping threads took: 0.0000353 seconds
[2019-01-25T14:39:45.420+0000][1][safepoint    ] Application time: 1.0002036 seconds
[2019-01-25T14:39:45.420+0000][1][safepoint    ] Total time for which application threads were stopped: 0.0000436 seconds, Stopping threads took: 0.0000124 seconds
[2019-01-25T14:39:45.922+0000][1][safepoint    ] Application time: 0.5010013 seconds
[2019-01-25T14:39:45.923+0000][1][safepoint    ] Total time for which application threads were stopped: 0.0000927 seconds, Stopping threads took: 0.0000156 seconds
[2019-01-25T14:39:45.925+0000][1][safepoint    ] Application time: 0.0016189 seconds
[2019-01-25T14:39:45.926+0000][1][safepoint    ] Total time for which application threads were stopped: 0.0000952 seconds, Stopping threads took: 0.0000165 seconds
[2019-01-25T14:39:46.927+0000][1][safepoint    ] Application time: 1.0002372 seconds
[2019-01-25T14:39:46.929+0000][1][safepoint    ] Total time for which application threads were stopped: 0.0002674 seconds, Stopping threads took: 0.0001304 seconds
[2019-01-25T14:39:47.930+0000][1][safepoint    ] Application time: 1.0003020 seconds
[2019-01-25T14:39:47.931+0000][1][safepoint    ] Total time for which application threads were stopped: 0.0000607 seconds, Stopping threads took: 0.0000170 seconds
[2019-01-25T14:39:48.437+0000][1][safepoint    ] Application time: 0.5059303 seconds
[2019-01-25T14:39:48.440+0000][1][safepoint    ] Total time for which application threads were stopped: 0.0001439 seconds, Stopping threads took: 0.0000339 seconds
[2019-01-25T14:39:48.444+0000][1][safepoint    ] Application time: 0.0028579 seconds
[2019-01-25T14:39:48.445+0000][1][safepoint    ] Total time for which application threads were stopped: 0.0001702 seconds, Stopping threads took: 0.0000275 seconds
[2019-01-25T14:39:49.446+0000][1][safepoint    ] Application time: 1.0001684 seconds
[2019-01-25T14:39:49.447+0000][1][safepoint    ] Total time for which application threads were stopped: 0.0000645 seconds, Stopping threads took: 0.0000182 seconds
[2019-01-25T14:39:50.447+0000][1][safepoint    ] Application time: 1.0001573 seconds
[2019-01-25T14:39:50.448+0000][1][safepoint    ] Total time for which application threads were stopped: 0.0000463 seconds, Stopping threads took: 0.0000134 seconds
[2019-01-25T14:39:50.953+0000][1][safepoint    ] Application time: 0.5043457 seconds
[2019-01-25T14:39:50.954+0000][1][safepoint    ] Total time for which application threads were stopped: 0.0000741 seconds, Stopping threads took: 0.0000133 seconds
[2019-01-25T14:39:50.956+0000][1][safepoint    ] Application time: 0.0010261 seconds
[2019-01-25T14:39:50.956+0000][1][safepoint    ] Total time for which application threads were stopped: 0.0000901 seconds, Stopping threads took: 0.0000164 seconds
[2019-01-25T14:39:51.957+0000][1][safepoint    ] Application time: 1.0001325 seconds
[2019-01-25T14:39:51.957+0000][1][safepoint    ] Total time for which application threads were stopped: 0.0000430 seconds, Stopping threads took: 0.0000118 seconds
[2019-01-25T14:39:52.958+0000][1][safepoint    ] Application time: 1.0001469 seconds
[2019-01-25T14:39:52.958+0000][1][safepoint    ] Total time for which application threads were stopped: 0.0000441 seconds, Stopping threads took: 0.0000132 seconds
[2019-01-25T14:39:53.465+0000][1][safepoint    ] Application time: 0.5059869 seconds
[2019-01-25T14:39:53.467+0000][1][safepoint    ] Total time for which application threads were stopped: 0.0000929 seconds, Stopping threads took: 0.0000150 seconds
[2019-01-25T14:39:53.470+0000][1][safepoint    ] Application time: 0.0024237 seconds
[2019-01-25T14:39:53.471+0000][1][safepoint    ] Total time for which application threads were stopped: 0.0001441 seconds, Stopping threads took: 0.0000570 seconds
[2019-01-25T14:39:54.472+0000][1][safepoint    ] Application time: 1.0001744 seconds
[2019-01-25T14:39:54.473+0000][1][safepoint    ] Total time for which application threads were stopped: 0.0000731 seconds, Stopping threads took: 0.0000190 seconds
[2019-01-25T14:39:55.473+0000][1][safepoint    ] Application time: 1.0001345 seconds
[2019-01-25T14:39:55.474+0000][1][safepoint    ] Total time for which application threads were stopped: 0.0000803 seconds, Stopping threads took: 0.0000308 seconds
[2019-01-25T14:39:55.978+0000][1][safepoint    ] Application time: 0.5039547 seconds
[2019-01-25T14:39:55.980+0000][1][safepoint    ] Total time for which application threads were stopped: 0.0001403 seconds, Stopping threads took: 0.0000168 seconds
[2019-01-25T14:39:55.982+0000][1][safepoint    ] Application time: 0.0019748 seconds
[2019-01-25T14:39:55.983+0000][1][safepoint    ] Total time for which application threads were stopped: 0.0000923 seconds, Stopping threads took: 0.0000173 seconds
[2019-01-25T14:39:56.984+0000][1][safepoint    ] Application time: 1.0001879 seconds
[2019-01-25T14:39:56.985+0000][1][safepoint    ] Total time for which application threads were stopped: 0.0001003 seconds, Stopping threads took: 0.0000258 seconds
[2019-01-25T14:39:57.986+0000][1][safepoint    ] Application time: 1.0001900 seconds
[2019-01-25T14:39:57.987+0000][1][safepoint    ] Total time for which application threads were stopped: 0.0000565 seconds, Stopping threads took: 0.0000166 seconds
[2019-01-25T14:39:58.491+0000][1][safepoint    ] Application time: 0.5039172 seconds
[2019-01-25T14:39:58.492+0000][1][safepoint    ] Total time for which application threads were stopped: 0.0000692 seconds, Stopping threads took: 0.0000134 seconds
[2019-01-25T14:39:58.494+0000][1][safepoint    ] Application time: 0.0017440 seconds
[2019-01-25T14:39:58.495+0000][1][safepoint    ] Total time for which application threads were stopped: 0.0000686 seconds, Stopping threads took: 0.0000132 seconds
[2019-01-25T14:39:59.495+0000][1][safepoint    ] Application time: 1.0001051 seconds
[2019-01-25T14:39:59.496+0000][1][safepoint    ] Total time for which application threads were stopped: 0.0000424 seconds, Stopping threads took: 0.0000120 seconds
[2019-01-25T14:40:00.496+0000][1][safepoint    ] Application time: 1.0003007 seconds
[2019-01-25T14:40:00.497+0000][1][safepoint    ] Total time for which application threads were stopped: 0.0000439 seconds, Stopping threads took: 0.0000118 seconds
[2019-01-25T14:40:00.999+0000][1][safepoint    ] Application time: 0.5019089 seconds
[2019-01-25T14:40:01.000+0000][1][safepoint    ] Total time for which application threads were stopped: 0.0000674 seconds, Stopping threads took: 0.0000113 seconds
[2019-01-25T14:40:01.002+0000][1][safepoint    ] Application time: 0.0018669 seconds
[2019-01-25T14:40:01.003+0000][1][safepoint    ] Total time for which application threads were stopped: 0.0001844 seconds, Stopping threads took: 0.0000119 seconds
[2019-01-25T14:40:02.007+0000][1][safepoint    ] Application time: 1.0038602 seconds
[2019-01-25T14:40:02.039+0000][1][safepoint    ] Total time for which application threads were stopped: 0.0000672 seconds, Stopping threads took: 0.0000230 seconds
[2019-01-25T14:40:03.043+0000][1][safepoint    ] Application time: 1.0001601 seconds
[2019-01-25T14:40:03.044+0000][1][safepoint    ] Total time for which application threads were stopped: 0.0000686 seconds, Stopping threads took: 0.0000318 seconds
[2019-01-25T14:40:03.508+0000][1][safepoint    ] Application time: 0.4636867 seconds
[2019-01-25T14:40:03.510+0000][1][safepoint    ] Total time for which application threads were stopped: 0.0000994 seconds, Stopping threads took: 0.0000290 seconds
[2019-01-25T14:40:03.513+0000][1][safepoint    ] Application time: 0.0029596 seconds
[2019-01-25T14:40:03.514+0000][1][safepoint    ] Total time for which application threads were stopped: 0.0000730 seconds, Stopping threads took: 0.0000122 seconds
[2019-01-25T14:40:04.514+0000][1][safepoint    ] Application time: 1.0001750 seconds
[2019-01-25T14:40:04.515+0000][1][safepoint    ] Total time for which application threads were stopped: 0.0000685 seconds, Stopping threads took: 0.0000174 seconds
[2019-01-25T14:40:05.518+0000][1][safepoint    ] Application time: 1.0004724 seconds
[2019-01-25T14:40:05.520+0000][1][safepoint    ] Total time for which application threads were stopped: 0.0001284 seconds, Stopping threads took: 0.0000354 seconds
[2019-01-25T14:40:06.019+0000][1][safepoint    ] Application time: 0.4978057 seconds
[2019-01-25T14:40:06.020+0000][1][safepoint    ] Total time for which application threads were stopped: 0.0000680 seconds, Stopping threads took: 0.0000120 seconds
[2019-01-25T14:40:06.021+0000][1][safepoint    ] Application time: 0.0009661 seconds
[2019-01-25T14:40:06.022+0000][1][safepoint    ] Total time for which application threads were stopped: 0.0000999 seconds, Stopping threads took: 0.0000156 seconds
[2019-01-25T14:40:07.023+0000][1][safepoint    ] Application time: 1.0004476 seconds
[2019-01-25T14:40:07.023+0000][1][safepoint    ] Total time for which application threads were stopped: 0.0000495 seconds, Stopping threads took: 0.0000142 seconds
[2019-01-25T14:40:08.024+0000][1][safepoint    ] Application time: 1.0001806 seconds
[2019-01-25T14:40:08.025+0000][1][safepoint    ] Total time for which application threads were stopped: 0.0000435 seconds, Stopping threads took: 0.0000127 seconds
[2019-01-25T14:40:08.531+0000][1][safepoint    ] Application time: 0.5062760 seconds
[2019-01-25T14:40:08.534+0000][1][safepoint    ] Total time for which application threads were stopped: 0.0000758 seconds, Stopping threads took: 0.0000172 seconds
[2019-01-25T14:40:08.535+0000][1][safepoint    ] Application time: 0.0013230 seconds
[2019-01-25T14:40:08.537+0000][1][safepoint    ] Total time for which application threads were stopped: 0.0001920 seconds, Stopping threads took: 0.0000128 seconds
[2019-01-25T14:40:09.538+0000][1][safepoint    ] Application time: 1.0001828 seconds
[2019-01-25T14:40:09.539+0000][1][safepoint    ] Total time for which application threads were stopped: 0.0000673 seconds, Stopping threads took: 0.0000194 seconds
[2019-01-25T14:40:10.539+0000][1][safepoint    ] Application time: 1.0001411 seconds
[2019-01-25T14:40:10.540+0000][1][safepoint    ] Total time for which application threads were stopped: 0.0000711 seconds, Stopping threads took: 0.0000300 seconds
[2019-01-25T14:40:11.048+0000][1][safepoint    ] Application time: 0.5076679 seconds
[2019-01-25T14:40:11.049+0000][1][safepoint    ] Total time for which application threads were stopped: 0.0000686 seconds, Stopping threads took: 0.0000117 seconds
[2019-01-25T14:40:11.051+0000][1][safepoint    ] Application time: 0.0018409 seconds
[2019-01-25T14:40:11.051+0000][1][safepoint    ] Total time for which application threads were stopped: 0.0000851 seconds, Stopping threads took: 0.0000122 seconds
[2019-01-25T14:40:12.052+0000][1][safepoint    ] Application time: 1.0001531 seconds
[2019-01-25T14:40:12.057+0000][1][safepoint    ] Total time for which application threads were stopped: 0.0000621 seconds, Stopping threads took: 0.0000177 seconds
[2019-01-25T14:40:13.058+0000][1][safepoint    ] Application time: 1.0004216 seconds
[2019-01-25T14:40:13.060+0000][1][safepoint    ] Total time for which application threads were stopped: 0.0000959 seconds, Stopping threads took: 0.0000243 seconds
[2019-01-25T14:40:13.564+0000][1][safepoint    ] Application time: 0.5028312 seconds
[2019-01-25T14:40:13.566+0000][1][safepoint    ] Total time for which application threads were stopped: 0.0002049 seconds, Stopping threads took: 0.0000558 seconds
[2019-01-25T14:40:13.574+0000][1][safepoint    ] Application time: 0.0046519 seconds
[2019-01-25T14:40:13.575+0000][1][safepoint    ] Total time for which application threads were stopped: 0.0002931 seconds, Stopping threads took: 0.0000554 seconds
[2019-01-25T14:40:14.578+0000][1][safepoint    ] Application time: 1.0002311 seconds
[2019-01-25T14:40:14.579+0000][1][safepoint    ] Total time for which application threads were stopped: 0.0000768 seconds, Stopping threads took: 0.0000175 seconds
[2019-01-25T14:40:15.579+0000][1][safepoint    ] Application time: 1.0001348 seconds
[2019-01-25T14:40:15.580+0000][1][safepoint    ] Total time for which application threads were stopped: 0.0000712 seconds, Stopping threads took: 0.0000258 seconds
[2019-01-25T14:40:16.093+0000][1][safepoint    ] Application time: 0.5124265 seconds
[2019-01-25T14:40:16.094+0000][1][safepoint    ] Total time for which application threads were stopped: 0.0001007 seconds, Stopping threads took: 0.0000166 seconds
[2019-01-25T14:40:16.097+0000][1][safepoint    ] Application time: 0.0027113 seconds
[2019-01-25T14:40:16.098+0000][1][safepoint    ] Total time for which application threads were stopped: 0.0001025 seconds, Stopping threads took: 0.0000157 seconds
[2019-01-25T14:40:17.099+0000][1][safepoint    ] Application time: 1.0005424 seconds
[2019-01-25T14:40:17.101+0000][1][safepoint    ] Total time for which application threads were stopped: 0.0001724 seconds, Stopping threads took: 0.0000414 seconds
[2019-01-25T14:40:18.103+0000][1][safepoint    ] Application time: 1.0003875 seconds
[2019-01-25T14:40:18.103+0000][1][safepoint    ] Total time for which application threads were stopped: 0.0000692 seconds, Stopping threads took: 0.0000296 seconds
[2019-01-25T14:40:18.607+0000][1][safepoint    ] Application time: 0.5029538 seconds
[2019-01-25T14:40:18.607+0000][1][safepoint    ] Total time for which application threads were stopped: 0.0000660 seconds, Stopping threads took: 0.0000116 seconds
[2019-01-25T14:40:18.611+0000][1][safepoint    ] Application time: 0.0021598 seconds
[2019-01-25T14:40:18.612+0000][1][safepoint    ] Total time for which application threads were stopped: 0.0000999 seconds, Stopping threads took: 0.0000149 seconds
[2019-01-25T14:40:19.612+0000][1][safepoint    ] Application time: 1.0001390 seconds
[2019-01-25T14:40:19.613+0000][1][safepoint    ] Total time for which application threads were stopped: 0.0000927 seconds, Stopping threads took: 0.0000190 seconds
[2019-01-25T14:40:20.614+0000][1][safepoint    ] Application time: 1.0002009 seconds
[2019-01-25T14:40:20.614+0000][1][safepoint    ] Total time for which application threads were stopped: 0.0000454 seconds, Stopping threads took: 0.0000131 seconds
[2019-01-25T14:40:21.121+0000][1][safepoint    ] Application time: 0.5062290 seconds
[2019-01-25T14:40:21.122+0000][1][safepoint    ] Total time for which application threads were stopped: 0.0003186 seconds, Stopping threads took: 0.0000436 seconds
[2019-01-25T14:40:21.130+0000][1][safepoint    ] Application time: 0.0060392 seconds
[2019-01-25T14:40:21.132+0000][1][safepoint    ] Total time for which application threads were stopped: 0.0001656 seconds, Stopping threads took: 0.0000274 seconds
[2019-01-25T14:40:22.134+0000][1][safepoint    ] Application time: 1.0002434 seconds
[2019-01-25T14:40:22.135+0000][1][safepoint    ] Total time for which application threads were stopped: 0.0000657 seconds, Stopping threads took: 0.0000176 seconds
[2019-01-25T14:40:23.136+0000][1][safepoint    ] Application time: 1.0001845 seconds
[2019-01-25T14:40:23.137+0000][1][safepoint    ] Total time for which application threads were stopped: 0.0000664 seconds, Stopping threads took: 0.0000226 seconds
[2019-01-25T14:40:23.650+0000][1][safepoint    ] Application time: 0.5128327 seconds
[2019-01-25T14:40:23.651+0000][1][safepoint    ] Total time for which application threads were stopped: 0.0001166 seconds, Stopping threads took: 0.0000200 seconds
[2019-01-25T14:40:23.654+0000][1][safepoint    ] Application time: 0.0022678 seconds
[2019-01-25T14:40:23.656+0000][1][safepoint    ] Total time for which application threads were stopped: 0.0001257 seconds, Stopping threads took: 0.0000188 seconds
[2019-01-25T14:40:24.657+0000][1][safepoint    ] Application time: 1.0001265 seconds
[2019-01-25T14:40:24.664+0000][1][safepoint    ] Total time for which application threads were stopped: 0.0000430 seconds, Stopping threads took: 0.0000123 seconds
[2019-01-25T14:40:25.665+0000][1][safepoint    ] Application time: 1.0002403 seconds
[2019-01-25T14:40:25.666+0000][1][safepoint    ] Total time for which application threads were stopped: 0.0000540 seconds, Stopping threads took: 0.0000159 seconds
[2019-01-25T14:40:26.164+0000][1][safepoint    ] Application time: 0.4977699 seconds
[2019-01-25T14:40:26.166+0000][1][safepoint    ] Total time for which application threads were stopped: 0.0001533 seconds, Stopping threads took: 0.0000351 seconds
[2019-01-25T14:40:26.167+0000][1][safepoint    ] Application time: 0.0013803 seconds
[2019-01-25T14:40:26.168+0000][1][safepoint    ] Total time for which application threads were stopped: 0.0000669 seconds, Stopping threads took: 0.0000112 seconds
[2019-01-25T14:40:27.169+0000][1][safepoint    ] Application time: 1.0003522 seconds
[2019-01-25T14:40:27.172+0000][1][safepoint    ] Total time for which application threads were stopped: 0.0001645 seconds, Stopping threads took: 0.0000410 seconds
[2019-01-25T14:40:28.173+0000][1][safepoint    ] Application time: 1.0001441 seconds
[2019-01-25T14:40:28.174+0000][1][safepoint    ] Total time for which application threads were stopped: 0.0000683 seconds, Stopping threads took: 0.0000165 seconds
[2019-01-25T14:40:28.675+0000][1][safepoint    ] Application time: 0.5010699 seconds
[2019-01-25T14:40:28.676+0000][1][safepoint    ] Total time for which application threads were stopped: 0.0000852 seconds, Stopping threads took: 0.0000183 seconds
[2019-01-25T14:40:28.678+0000][1][safepoint    ] Application time: 0.0010344 seconds
[2019-01-25T14:40:28.679+0000][1][safepoint    ] Total time for which application threads were stopped: 0.0000932 seconds, Stopping threads took: 0.0000148 seconds
[2019-01-25T14:40:29.680+0000][1][safepoint    ] Application time: 1.0006747 seconds
[2019-01-25T14:40:29.681+0000][1][safepoint    ] Total time for which application threads were stopped: 0.0001103 seconds, Stopping threads took: 0.0000315 seconds
[2019-01-25T14:40:30.683+0000][1][safepoint    ] Application time: 1.0001273 seconds
[2019-01-25T14:40:30.683+0000][1][safepoint    ] Total time for which application threads were stopped: 0.0000660 seconds, Stopping threads took: 0.0000169 seconds
[2019-01-25T14:40:31.185+0000][1][safepoint    ] Application time: 0.5012752 seconds
[2019-01-25T14:40:31.186+0000][1][safepoint    ] Total time for which application threads were stopped: 0.0000814 seconds, Stopping threads took: 0.0000255 seconds
[2019-01-25T14:40:31.187+0000][1][safepoint    ] Application time: 0.0009192 seconds
[2019-01-25T14:40:31.188+0000][1][safepoint    ] Total time for which application threads were stopped: 0.0000839 seconds, Stopping threads took: 0.0000277 seconds
[2019-01-25T14:40:32.190+0000][1][safepoint    ] Application time: 1.0017230 seconds
[2019-01-25T14:40:32.192+0000][1][safepoint    ] Total time for which application threads were stopped: 0.0000526 seconds, Stopping threads took: 0.0000154 seconds
[2019-01-25T14:40:33.193+0000][1][safepoint    ] Application time: 1.0001051 seconds
[2019-01-25T14:40:33.194+0000][1][safepoint    ] Total time for which application threads were stopped: 0.0000642 seconds, Stopping threads took: 0.0000316 seconds
[2019-01-25T14:40:33.694+0000][1][safepoint    ] Application time: 0.5005396 seconds
[2019-01-25T14:40:33.695+0000][1][safepoint    ] Total time for which application threads were stopped: 0.0001047 seconds, Stopping threads took: 0.0000148 seconds
[2019-01-25T14:40:33.699+0000][1][safepoint    ] Application time: 0.0038849 seconds
[2019-01-25T14:40:33.700+0000][1][safepoint    ] Total time for which application threads were stopped: 0.0000673 seconds, Stopping threads took: 0.0000123 seconds
[2019-01-25T14:40:34.700+0000][1][safepoint    ] Application time: 1.0002132 seconds
[2019-01-25T14:40:34.701+0000][1][safepoint    ] Total time for which application threads were stopped: 0.0000803 seconds, Stopping threads took: 0.0000205 seconds
[2019-01-25T14:40:35.702+0000][1][safepoint    ] Application time: 1.0001071 seconds
[2019-01-25T14:40:35.703+0000][1][safepoint    ] Total time for which application threads were stopped: 0.0000618 seconds, Stopping threads took: 0.0000167 seconds
[2019-01-25T14:40:36.208+0000][1][safepoint    ] Application time: 0.5038647 seconds
[2019-01-25T14:40:36.209+0000][1][safepoint    ] Total time for which application threads were stopped: 0.0000791 seconds, Stopping threads took: 0.0000127 seconds
[2019-01-25T14:40:36.212+0000][1][safepoint    ] Application time: 0.0022450 seconds
[2019-01-25T14:40:36.214+0000][1][safepoint    ] Total time for which application threads were stopped: 0.0000754 seconds, Stopping threads took: 0.0000129 seconds
[2019-01-25T14:40:37.214+0000][1][safepoint    ] Application time: 1.0001605 seconds
[2019-01-25T14:40:37.215+0000][1][safepoint    ] Total time for which application threads were stopped: 0.0000740 seconds, Stopping threads took: 0.0000168 seconds
[2019-01-25T14:40:38.217+0000][1][safepoint    ] Application time: 1.0001395 seconds
[2019-01-25T14:40:38.217+0000][1][safepoint    ] Total time for which application threads were stopped: 0.0000620 seconds, Stopping threads took: 0.0000165 seconds
[2019-01-25T14:40:38.726+0000][1][safepoint    ] Application time: 0.5080087 seconds
[2019-01-25T14:40:38.728+0000][1][safepoint    ] Total time for which application threads were stopped: 0.0001143 seconds, Stopping threads took: 0.0000176 seconds
[2019-01-25T14:40:38.733+0000][1][safepoint    ] Application time: 0.0034803 seconds
[2019-01-25T14:40:38.734+0000][1][safepoint    ] Total time for which application threads were stopped: 0.0003487 seconds, Stopping threads took: 0.0002428 seconds
[2019-01-25T14:40:39.734+0000][1][safepoint    ] Application time: 1.0001859 seconds
[2019-01-25T14:40:39.735+0000][1][safepoint    ] Total time for which application threads were stopped: 0.0000490 seconds, Stopping threads took: 0.0000129 seconds
[2019-01-25T14:40:40.736+0000][1][safepoint    ] Application time: 1.0001663 seconds
[2019-01-25T14:40:40.737+0000][1][safepoint    ] Total time for which application threads were stopped: 0.0001450 seconds, Stopping threads took: 0.0000344 seconds
[2019-01-25T14:40:41.241+0000][1][safepoint    ] Application time: 0.5032560 seconds
[2019-01-25T14:40:41.242+0000][1][safepoint    ] Total time for which application threads were stopped: 0.0000929 seconds, Stopping threads took: 0.0000159 seconds
[2019-01-25T14:40:41.244+0000][1][safepoint    ] Application time: 0.0017783 seconds
[2019-01-25T14:40:41.246+0000][1][safepoint    ] Total time for which application threads were stopped: 0.0002598 seconds, Stopping threads took: 0.0000437 seconds
[2019-01-25T14:40:42.249+0000][1][safepoint    ] Application time: 1.0004783 seconds
[2019-01-25T14:40:42.249+0000][1][safepoint    ] Total time for which application threads were stopped: 0.0000682 seconds, Stopping threads took: 0.0000187 seconds
[2019-01-25T14:40:43.250+0000][1][safepoint    ] Application time: 1.0002119 seconds
[2019-01-25T14:40:43.251+0000][1][safepoint    ] Total time for which application threads were stopped: 0.0000572 seconds, Stopping threads took: 0.0000174 seconds
[2019-01-25T14:40:43.757+0000][1][safepoint    ] Application time: 0.5054546 seconds
[2019-01-25T14:40:43.758+0000][1][safepoint    ] Total time for which application threads were stopped: 0.0001096 seconds, Stopping threads took: 0.0000171 seconds
[2019-01-25T14:40:43.760+0000][1][safepoint    ] Application time: 0.0015566 seconds
[2019-01-25T14:40:43.761+0000][1][safepoint    ] Total time for which application threads were stopped: 0.0005361 seconds, Stopping threads took: 0.0000174 seconds
[2019-01-25T14:40:44.766+0000][1][safepoint    ] Application time: 1.0004896 seconds
[2019-01-25T14:40:44.767+0000][1][safepoint    ] Total time for which application threads were stopped: 0.0000704 seconds, Stopping threads took: 0.0000184 seconds
[2019-01-25T14:40:45.769+0000][1][safepoint    ] Application time: 1.0011630 seconds
[2019-01-25T14:40:45.770+0000][1][safepoint    ] Total time for which application threads were stopped: 0.0000698 seconds, Stopping threads took: 0.0000161 seconds
[2019-01-25T14:40:46.275+0000][1][safepoint    ] Application time: 0.5050219 seconds
[2019-01-25T14:40:46.277+0000][1][safepoint    ] Total time for which application threads were stopped: 0.0001702 seconds, Stopping threads took: 0.0000262 seconds
[2019-01-25T14:40:46.286+0000][1][safepoint    ] Application time: 0.0070917 seconds
[2019-01-25T14:40:46.288+0000][1][safepoint    ] Total time for which application threads were stopped: 0.0000767 seconds, Stopping threads took: 0.0000134 seconds
[2019-01-25T14:40:47.289+0000][1][safepoint    ] Application time: 1.0001326 seconds
[2019-01-25T14:40:47.289+0000][1][safepoint    ] Total time for which application threads were stopped: 0.0000613 seconds, Stopping threads took: 0.0000125 seconds
[2019-01-25T14:40:48.290+0000][1][safepoint    ] Application time: 1.0002389 seconds
[2019-01-25T14:40:48.291+0000][1][safepoint    ] Total time for which application threads were stopped: 0.0000880 seconds, Stopping threads took: 0.0000277 seconds
[2019-01-25T14:40:48.795+0000][1][safepoint    ] Application time: 0.5026412 seconds
[2019-01-25T14:40:48.796+0000][1][safepoint    ] Total time for which application threads were stopped: 0.0001083 seconds, Stopping threads took: 0.0000182 seconds
[2019-01-25T14:40:48.798+0000][1][safepoint    ] Application time: 0.0015159 seconds
[2019-01-25T14:40:48.799+0000][1][safepoint    ] Total time for which application threads were stopped: 0.0002979 seconds, Stopping threads took: 0.0000174 seconds
[2019-01-25T14:40:49.801+0000][1][safepoint    ] Application time: 1.0004934 seconds
[2019-01-25T14:40:49.802+0000][1][safepoint    ] Total time for which application threads were stopped: 0.0000593 seconds, Stopping threads took: 0.0000153 seconds
[2019-01-25T14:40:50.803+0000][1][safepoint    ] Application time: 1.0003770 seconds
[2019-01-25T14:40:50.804+0000][1][safepoint    ] Total time for which application threads were stopped: 0.0001444 seconds, Stopping threads took: 0.0000322 seconds
[2019-01-25T14:40:51.308+0000][1][safepoint    ] Application time: 0.5027203 seconds
[2019-01-25T14:40:51.309+0000][1][safepoint    ] Total time for which application threads were stopped: 0.0000964 seconds, Stopping threads took: 0.0000165 seconds
[2019-01-25T14:40:51.317+0000][1][safepoint    ] Application time: 0.0015567 seconds
[2019-01-25T14:40:51.317+0000][1][safepoint    ] Total time for which application threads were stopped: 0.0001004 seconds, Stopping threads took: 0.0000189 seconds
[2019-01-25T14:40:52.318+0000][1][safepoint    ] Application time: 1.0001760 seconds
[2019-01-25T14:40:52.320+0000][1][safepoint    ] Total time for which application threads were stopped: 0.0009811 seconds, Stopping threads took: 0.0000182 seconds
[2019-01-25T14:40:53.322+0000][1][safepoint    ] Application time: 1.0001698 seconds
[2019-01-25T14:40:53.323+0000][1][safepoint    ] Total time for which application threads were stopped: 0.0000692 seconds, Stopping threads took: 0.0000171 seconds
[2019-01-25T14:40:53.838+0000][1][safepoint    ] Application time: 0.5149086 seconds
[2019-01-25T14:40:53.839+0000][1][safepoint    ] Total time for which application threads were stopped: 0.0007501 seconds, Stopping threads took: 0.0006711 seconds
[2019-01-25T14:40:53.841+0000][1][safepoint    ] Application time: 0.0015790 seconds
[2019-01-25T14:40:53.844+0000][1][safepoint    ] Total time for which application threads were stopped: 0.0022596 seconds, Stopping threads took: 0.0021618 seconds
[2019-01-25T14:40:54.845+0000][1][safepoint    ] Application time: 1.0002009 seconds
[2019-01-25T14:40:54.845+0000][1][safepoint    ] Total time for which application threads were stopped: 0.0000553 seconds, Stopping threads took: 0.0000129 seconds
[2019-01-25T14:40:55.846+0000][1][safepoint    ] Application time: 1.0001481 seconds
[2019-01-25T14:40:55.846+0000][1][safepoint    ] Total time for which application threads were stopped: 0.0000483 seconds, Stopping threads took: 0.0000130 seconds
[2019-01-25T14:40:56.351+0000][1][safepoint    ] Application time: 0.5044843 seconds
[2019-01-25T14:40:56.352+0000][1][safepoint    ] Total time for which application threads were stopped: 0.0000903 seconds, Stopping threads took: 0.0000149 seconds
[2019-01-25T14:40:56.355+0000][1][safepoint    ] Application time: 0.0026729 seconds
[2019-01-25T14:40:56.358+0000][1][safepoint    ] Total time for which application threads were stopped: 0.0000826 seconds, Stopping threads took: 0.0000122 seconds
[2019-01-25T14:40:57.359+0000][1][safepoint    ] Application time: 1.0004317 seconds
[2019-01-25T14:40:57.360+0000][1][safepoint    ] Total time for which application threads were stopped: 0.0000475 seconds, Stopping threads took: 0.0000127 seconds
[2019-01-25T14:40:58.361+0000][1][safepoint    ] Application time: 1.0001351 seconds
[2019-01-25T14:40:58.361+0000][1][safepoint    ] Total time for which application threads were stopped: 0.0000952 seconds, Stopping threads took: 0.0000317 seconds
[2019-01-25T14:40:58.867+0000][1][safepoint    ] Application time: 0.5051996 seconds
[2019-01-25T14:40:58.868+0000][1][safepoint    ] Total time for which application threads were stopped: 0.0001230 seconds, Stopping threads took: 0.0000437 seconds
[2019-01-25T14:40:58.871+0000][1][safepoint    ] Application time: 0.0022581 seconds
[2019-01-25T14:40:58.872+0000][1][safepoint    ] Total time for which application threads were stopped: 0.0000991 seconds, Stopping threads took: 0.0000139 seconds
[2019-01-25T14:40:59.873+0000][1][safepoint    ] Application time: 1.0001412 seconds
[2019-01-25T14:40:59.873+0000][1][safepoint    ] Total time for which application threads were stopped: 0.0000469 seconds, Stopping threads took: 0.0000131 seconds
[2019-01-25T14:41:00.874+0000][1][safepoint    ] Application time: 1.0001438 seconds
[2019-01-25T14:41:00.875+0000][1][safepoint    ] Total time for which application threads were stopped: 0.0000532 seconds, Stopping threads took: 0.0000150 seconds
[2019-01-25T14:41:01.379+0000][1][safepoint    ] Application time: 0.5040970 seconds
[2019-01-25T14:41:01.380+0000][1][safepoint    ] Total time for which application threads were stopped: 0.0001289 seconds, Stopping threads took: 0.0000164 seconds
[2019-01-25T14:41:01.382+0000][1][safepoint    ] Application time: 0.0015524 seconds
[2019-01-25T14:41:01.384+0000][1][safepoint    ] Total time for which application threads were stopped: 0.0000755 seconds, Stopping threads took: 0.0000132 seconds
[2019-01-25T14:41:02.385+0000][1][safepoint    ] Application time: 1.0001666 seconds
[2019-01-25T14:41:02.385+0000][1][safepoint    ] Total time for which application threads were stopped: 0.0000720 seconds, Stopping threads took: 0.0000155 seconds
[2019-01-25T14:41:03.386+0000][1][safepoint    ] Application time: 1.0002343 seconds
[2019-01-25T14:41:03.387+0000][1][safepoint    ] Total time for which application threads were stopped: 0.0001766 seconds, Stopping threads took: 0.0000710 seconds
[2019-01-25T14:41:03.891+0000][1][safepoint    ] Application time: 0.5028066 seconds
[2019-01-25T14:41:03.892+0000][1][safepoint    ] Total time for which application threads were stopped: 0.0000849 seconds, Stopping threads took: 0.0000117 seconds
[2019-01-25T14:41:03.894+0000][1][safepoint    ] Application time: 0.0019146 seconds
[2019-01-25T14:41:03.895+0000][1][safepoint    ] Total time for which application threads were stopped: 0.0001608 seconds, Stopping threads took: 0.0000155 seconds
[2019-01-25T14:41:04.895+0000][1][safepoint    ] Application time: 1.0001583 seconds
[2019-01-25T14:41:04.896+0000][1][safepoint    ] Total time for which application threads were stopped: 0.0000659 seconds, Stopping threads took: 0.0000172 seconds
[2019-01-25T14:41:05.896+0000][1][safepoint    ] Application time: 1.0001237 seconds
[2019-01-25T14:41:05.897+0000][1][safepoint    ] Total time for which application threads were stopped: 0.0000697 seconds, Stopping threads took: 0.0000171 seconds
[2019-01-25T14:41:06.410+0000][1][safepoint    ] Application time: 0.5126544 seconds
[2019-01-25T14:41:06.411+0000][1][safepoint    ] Total time for which application threads were stopped: 0.0001110 seconds, Stopping threads took: 0.0000293 seconds
[2019-01-25T14:41:06.413+0000][1][safepoint    ] Application time: 0.0015651 seconds
[2019-01-25T14:41:06.414+0000][1][safepoint    ] Total time for which application threads were stopped: 0.0001003 seconds, Stopping threads took: 0.0000161 seconds
[2019-01-25T14:41:07.415+0000][1][safepoint    ] Application time: 1.0002854 seconds
[2019-01-25T14:41:07.416+0000][1][safepoint    ] Total time for which application threads were stopped: 0.0000915 seconds, Stopping threads took: 0.0000194 seconds
[2019-01-25T14:41:08.417+0000][1][safepoint    ] Application time: 1.0001467 seconds
[2019-01-25T14:41:08.417+0000][1][safepoint    ] Total time for which application threads were stopped: 0.0000471 seconds, Stopping threads took: 0.0000121 seconds
[2019-01-25T14:41:08.924+0000][1][safepoint    ] Application time: 0.5064969 seconds
[2019-01-25T14:41:08.925+0000][1][safepoint    ] Total time for which application threads were stopped: 0.0000932 seconds, Stopping threads took: 0.0000126 seconds
[2019-01-25T14:41:08.926+0000][1][safepoint    ] Application time: 0.0011536 seconds
[2019-01-25T14:41:08.927+0000][1][safepoint    ] Total time for which application threads were stopped: 0.0000761 seconds, Stopping threads took: 0.0000121 seconds
[2019-01-25T14:41:09.928+0000][1][safepoint    ] Application time: 1.0001287 seconds
[2019-01-25T14:41:09.928+0000][1][safepoint    ] Total time for which application threads were stopped: 0.0000480 seconds, Stopping threads took: 0.0000127 seconds
[2019-01-25T14:41:10.928+0000][1][safepoint    ] Application time: 1.0001355 seconds
[2019-01-25T14:41:10.929+0000][1][safepoint    ] Total time for which application threads were stopped: 0.0000671 seconds, Stopping threads took: 0.0000158 seconds
[2019-01-25T14:41:11.433+0000][1][safepoint    ] Application time: 0.5034615 seconds
[2019-01-25T14:41:11.434+0000][1][safepoint    ] Total time for which application threads were stopped: 0.0001169 seconds, Stopping threads took: 0.0000166 seconds
[2019-01-25T14:41:11.436+0000][1][safepoint    ] Application time: 0.0014783 seconds
[2019-01-25T14:41:11.438+0000][1][safepoint    ] Total time for which application threads were stopped: 0.0000730 seconds, Stopping threads took: 0.0000128 seconds
[2019-01-25T14:41:12.438+0000][1][safepoint    ] Application time: 1.0001182 seconds
[2019-01-25T14:41:12.439+0000][1][safepoint    ] Total time for which application threads were stopped: 0.0000806 seconds, Stopping threads took: 0.0000172 seconds
[2019-01-25T14:41:13.440+0000][1][safepoint    ] Application time: 1.0006811 seconds
[2019-01-25T14:41:13.441+0000][1][safepoint    ] Total time for which application threads were stopped: 0.0000577 seconds, Stopping threads took: 0.0000145 seconds
[2019-01-25T14:41:13.949+0000][1][safepoint    ] Application time: 0.5076558 seconds
[2019-01-25T14:41:13.951+0000][1][safepoint    ] Total time for which application threads were stopped: 0.0005924 seconds, Stopping threads took: 0.0000161 seconds
[2019-01-25T14:41:13.959+0000][1][safepoint    ] Application time: 0.0059110 seconds
[2019-01-25T14:41:13.960+0000][1][safepoint    ] Total time for which application threads were stopped: 0.0001039 seconds, Stopping threads took: 0.0000166 seconds
[2019-01-25T14:41:14.961+0000][1][safepoint    ] Application time: 1.0002544 seconds
[2019-01-25T14:41:14.962+0000][1][safepoint    ] Total time for which application threads were stopped: 0.0001089 seconds, Stopping threads took: 0.0000284 seconds
[2019-01-25T14:41:15.963+0000][1][safepoint    ] Application time: 1.0001369 seconds
[2019-01-25T14:41:15.964+0000][1][safepoint    ] Total time for which application threads were stopped: 0.0000597 seconds, Stopping threads took: 0.0000145 seconds
[2019-01-25T14:41:16.470+0000][1][safepoint    ] Application time: 0.5066079 seconds
[2019-01-25T14:41:16.471+0000][1][safepoint    ] Total time for which application threads were stopped: 0.0001450 seconds, Stopping threads took: 0.0000170 seconds
[2019-01-25T14:41:16.473+0000][1][safepoint    ] Application time: 0.0015556 seconds
[2019-01-25T14:41:16.474+0000][1][safepoint    ] Total time for which application threads were stopped: 0.0001082 seconds, Stopping threads took: 0.0000179 seconds
[2019-01-25T14:41:17.475+0000][1][safepoint    ] Application time: 1.0006678 seconds
[2019-01-25T14:41:17.476+0000][1][safepoint    ] Total time for which application threads were stopped: 0.0000993 seconds, Stopping threads took: 0.0000266 seconds
[2019-01-25T14:41:18.476+0000][1][safepoint    ] Application time: 1.0001558 seconds
[2019-01-25T14:41:18.476+0000][1][safepoint    ] Total time for which application threads were stopped: 0.0000489 seconds, Stopping threads took: 0.0000120 seconds
[2019-01-25T14:41:18.986+0000][1][safepoint    ] Application time: 0.5096069 seconds
[2019-01-25T14:41:18.987+0000][1][safepoint    ] Total time for which application threads were stopped: 0.0000938 seconds, Stopping threads took: 0.0000159 seconds
[2019-01-25T14:41:18.989+0000][1][safepoint    ] Application time: 0.0013448 seconds
[2019-01-25T14:41:18.990+0000][1][safepoint    ] Total time for which application threads were stopped: 0.0001180 seconds, Stopping threads took: 0.0000211 seconds
[2019-01-25T14:41:19.990+0000][1][safepoint    ] Application time: 1.0001870 seconds
[2019-01-25T14:41:19.991+0000][1][safepoint    ] Total time for which application threads were stopped: 0.0000522 seconds, Stopping threads took: 0.0000123 seconds
[2019-01-25T14:41:20.992+0000][1][safepoint    ] Application time: 1.0001286 seconds
[2019-01-25T14:41:20.992+0000][1][safepoint    ] Total time for which application threads were stopped: 0.0000461 seconds, Stopping threads took: 0.0000116 seconds
[2019-01-25T14:41:21.499+0000][1][safepoint    ] Application time: 0.5059984 seconds
[2019-01-25T14:41:21.500+0000][1][safepoint    ] Total time for which application threads were stopped: 0.0001125 seconds, Stopping threads took: 0.0000179 seconds
[2019-01-25T14:41:21.502+0000][1][safepoint    ] Application time: 0.0019303 seconds
[2019-01-25T14:41:21.503+0000][1][safepoint    ] Total time for which application threads were stopped: 0.0001234 seconds, Stopping threads took: 0.0000188 seconds
[2019-01-25T14:41:22.504+0000][1][safepoint    ] Application time: 1.0001500 seconds
[2019-01-25T14:41:22.504+0000][1][safepoint    ] Total time for which application threads were stopped: 0.0000475 seconds, Stopping threads took: 0.0000115 seconds
[2019-01-25T14:41:23.506+0000][1][safepoint    ] Application time: 1.0001402 seconds
[2019-01-25T14:41:23.507+0000][1][safepoint    ] Total time for which application threads were stopped: 0.0000502 seconds, Stopping threads took: 0.0000127 seconds
[2019-01-25T14:41:24.017+0000][1][safepoint    ] Application time: 0.5099604 seconds
[2019-01-25T14:41:24.019+0000][1][safepoint    ] Total time for which application threads were stopped: 0.0006000 seconds, Stopping threads took: 0.0000350 seconds
[2019-01-25T14:41:24.023+0000][1][safepoint    ] Application time: 0.0030897 seconds
[2019-01-25T14:41:24.024+0000][1][safepoint    ] Total time for which application threads were stopped: 0.0001612 seconds, Stopping threads took: 0.0000263 seconds
[2019-01-25T14:41:25.026+0000][1][safepoint    ] Application time: 1.0002188 seconds
[2019-01-25T14:41:25.026+0000][1][safepoint    ] Total time for which application threads were stopped: 0.0000664 seconds, Stopping threads took: 0.0000167 seconds
[2019-01-25T14:41:26.027+0000][1][safepoint    ] Application time: 1.0001868 seconds
[2019-01-25T14:41:26.028+0000][1][safepoint    ] Total time for which application threads were stopped: 0.0000820 seconds, Stopping threads took: 0.0000215 seconds
[2019-01-25T14:41:26.533+0000][1][safepoint    ] Application time: 0.5049891 seconds
[2019-01-25T14:41:26.534+0000][1][safepoint    ] Total time for which application threads were stopped: 0.0000999 seconds, Stopping threads took: 0.0000164 seconds
[2019-01-25T14:41:26.536+0000][1][safepoint    ] Application time: 0.0017098 seconds
[2019-01-25T14:41:26.537+0000][1][safepoint    ] Total time for which application threads were stopped: 0.0000886 seconds, Stopping threads took: 0.0000189 seconds
[2019-01-25T14:41:27.538+0000][1][safepoint    ] Application time: 1.0003845 seconds
[2019-01-25T14:41:27.541+0000][1][safepoint    ] Total time for which application threads were stopped: 0.0001633 seconds, Stopping threads took: 0.0000422 seconds
[2019-01-25T14:41:28.542+0000][1][safepoint    ] Application time: 1.0003470 seconds
[2019-01-25T14:41:28.543+0000][1][safepoint    ] Total time for which application threads were stopped: 0.0000468 seconds, Stopping threads took: 0.0000124 seconds
[2019-01-25T14:41:29.053+0000][1][safepoint    ] Application time: 0.5098448 seconds
[2019-01-25T14:41:29.054+0000][1][safepoint    ] Total time for which application threads were stopped: 0.0001002 seconds, Stopping threads took: 0.0000157 seconds
[2019-01-25T14:41:29.056+0000][1][safepoint    ] Application time: 0.0013864 seconds
[2019-01-25T14:41:29.057+0000][1][safepoint    ] Total time for which application threads were stopped: 0.0000725 seconds, Stopping threads took: 0.0000130 seconds
[2019-01-25T14:41:30.058+0000][1][safepoint    ] Application time: 1.0004638 seconds
[2019-01-25T14:41:30.063+0000][1][safepoint    ] Total time for which application threads were stopped: 0.0033927 seconds, Stopping threads took: 0.0032661 seconds
[2019-01-25T14:41:31.065+0000][1][safepoint    ] Application time: 1.0002579 seconds
[2019-01-25T14:41:31.065+0000][1][safepoint    ] Total time for which application threads were stopped: 0.0000475 seconds, Stopping threads took: 0.0000120 seconds
[2019-01-25T14:41:31.572+0000][1][safepoint    ] Application time: 0.5062009 seconds
[2019-01-25T14:41:31.574+0000][1][safepoint    ] Total time for which application threads were stopped: 0.0002524 seconds, Stopping threads took: 0.0000405 seconds
[2019-01-25T14:41:31.580+0000][1][safepoint    ] Application time: 0.0041477 seconds
[2019-01-25T14:41:31.583+0000][1][safepoint    ] Total time for which application threads were stopped: 0.0002467 seconds, Stopping threads took: 0.0000386 seconds
[2019-01-25T14:41:32.585+0000][1][safepoint    ] Application time: 1.0003570 seconds
[2019-01-25T14:41:32.586+0000][1][safepoint    ] Total time for which application threads were stopped: 0.0000698 seconds, Stopping threads took: 0.0000171 seconds
[2019-01-25T14:41:33.587+0000][1][safepoint    ] Application time: 1.0002993 seconds
[2019-01-25T14:41:33.589+0000][1][safepoint    ] Total time for which application threads were stopped: 0.0002823 seconds, Stopping threads took: 0.0001091 seconds
[2019-01-25T14:41:34.100+0000][1][safepoint    ] Application time: 0.5097663 seconds
[2019-01-25T14:41:34.103+0000][1][safepoint    ] Total time for which application threads were stopped: 0.0003440 seconds, Stopping threads took: 0.0000405 seconds
[2019-01-25T14:41:34.110+0000][1][safepoint    ] Application time: 0.0059555 seconds
[2019-01-25T14:41:34.111+0000][1][safepoint    ] Total time for which application threads were stopped: 0.0001190 seconds, Stopping threads took: 0.0000192 seconds
[2019-01-25T14:41:35.112+0000][1][safepoint    ] Application time: 1.0001743 seconds
[2019-01-25T14:41:35.114+0000][1][safepoint    ] Total time for which application threads were stopped: 0.0000799 seconds, Stopping threads took: 0.0000183 seconds
[2019-01-25T14:41:36.114+0000][1][safepoint    ] Application time: 1.0001334 seconds
[2019-01-25T14:41:36.115+0000][1][safepoint    ] Total time for which application threads were stopped: 0.0000480 seconds, Stopping threads took: 0.0000120 seconds
[2019-01-25T14:41:36.624+0000][1][safepoint    ] Application time: 0.5089804 seconds
[2019-01-25T14:41:36.626+0000][1][safepoint    ] Total time for which application threads were stopped: 0.0003113 seconds, Stopping threads took: 0.0000438 seconds
[2019-01-25T14:41:36.631+0000][1][safepoint    ] Application time: 0.0040226 seconds
[2019-01-25T14:41:36.634+0000][1][safepoint    ] Total time for which application threads were stopped: 0.0003285 seconds, Stopping threads took: 0.0000186 seconds
[2019-01-25T14:41:37.634+0000][1][safepoint    ] Application time: 1.0002110 seconds
[2019-01-25T14:41:37.635+0000][1][safepoint    ] Total time for which application threads were stopped: 0.0000476 seconds, Stopping threads took: 0.0000119 seconds
[2019-01-25T14:41:38.635+0000][1][safepoint    ] Application time: 1.0001409 seconds
[2019-01-25T14:41:38.644+0000][1][safepoint    ] Total time for which application threads were stopped: 0.0000686 seconds, Stopping threads took: 0.0000182 seconds
[2019-01-25T14:41:39.143+0000][1][safepoint    ] Application time: 0.4971787 seconds
[2019-01-25T14:41:39.145+0000][1][safepoint    ] Total time for which application threads were stopped: 0.0000982 seconds, Stopping threads took: 0.0000167 seconds
[2019-01-25T14:41:39.148+0000][1][safepoint    ] Application time: 0.0025176 seconds
[2019-01-25T14:41:39.148+0000][1][safepoint    ] Total time for which application threads were stopped: 0.0000955 seconds, Stopping threads took: 0.0000150 seconds
[2019-01-25T14:41:40.149+0000][1][safepoint    ] Application time: 1.0001571 seconds
[2019-01-25T14:41:40.150+0000][1][safepoint    ] Total time for which application threads were stopped: 0.0000754 seconds, Stopping threads took: 0.0000172 seconds
[2019-01-25T14:41:41.152+0000][1][safepoint    ] Application time: 1.0002468 seconds
[2019-01-25T14:41:41.153+0000][1][safepoint    ] Total time for which application threads were stopped: 0.0000776 seconds, Stopping threads took: 0.0000232 seconds
[2019-01-25T14:41:41.657+0000][1][safepoint    ] Application time: 0.5036491 seconds
[2019-01-25T14:41:41.658+0000][1][safepoint    ] Total time for which application threads were stopped: 0.0000804 seconds, Stopping threads took: 0.0000139 seconds
[2019-01-25T14:41:41.661+0000][1][safepoint    ] Application time: 0.0016718 seconds
[2019-01-25T14:41:41.662+0000][1][safepoint    ] Total time for which application threads were stopped: 0.0001111 seconds, Stopping threads took: 0.0000196 seconds
[2019-01-25T14:41:42.663+0000][1][safepoint    ] Application time: 1.0001828 seconds
[2019-01-25T14:41:42.664+0000][1][safepoint    ] Total time for which application threads were stopped: 0.0000499 seconds, Stopping threads took: 0.0000133 seconds
[2019-01-25T14:41:43.665+0000][1][safepoint    ] Application time: 1.0005598 seconds
[2019-01-25T14:41:43.666+0000][1][safepoint    ] Total time for which application threads were stopped: 0.0000598 seconds, Stopping threads took: 0.0000207 seconds
[2019-01-25T14:41:44.168+0000][1][safepoint    ] Application time: 0.5018882 seconds
[2019-01-25T14:41:44.169+0000][1][safepoint    ] Total time for which application threads were stopped: 0.0001157 seconds, Stopping threads took: 0.0000265 seconds
[2019-01-25T14:41:44.171+0000][1][safepoint    ] Application time: 0.0012188 seconds
[2019-01-25T14:41:44.171+0000][1][safepoint    ] Total time for which application threads were stopped: 0.0000966 seconds, Stopping threads took: 0.0000173 seconds
[2019-01-25T14:41:45.172+0000][1][safepoint    ] Application time: 1.0001549 seconds
[2019-01-25T14:41:45.173+0000][1][safepoint    ] Total time for which application threads were stopped: 0.0000756 seconds, Stopping threads took: 0.0000166 seconds
[2019-01-25T14:41:46.173+0000][1][safepoint    ] Application time: 1.0001541 seconds
[2019-01-25T14:41:46.174+0000][1][safepoint    ] Total time for which application threads were stopped: 0.0000461 seconds, Stopping threads took: 0.0000121 seconds
[2019-01-25T14:41:46.680+0000][1][safepoint    ] Application time: 0.5060917 seconds
[2019-01-25T14:41:46.681+0000][1][safepoint    ] Total time for which application threads were stopped: 0.0001094 seconds, Stopping threads took: 0.0000175 seconds
[2019-01-25T14:41:46.692+0000][1][safepoint    ] Application time: 0.0018519 seconds
[2019-01-25T14:41:46.694+0000][1][safepoint    ] Total time for which application threads were stopped: 0.0001037 seconds, Stopping threads took: 0.0000174 seconds
[2019-01-25T14:41:47.697+0000][1][safepoint    ] Application time: 1.0001616 seconds
[2019-01-25T14:41:47.697+0000][1][safepoint    ] Total time for which application threads were stopped: 0.0000492 seconds, Stopping threads took: 0.0000128 seconds
[2019-01-25T14:41:48.698+0000][1][safepoint    ] Application time: 1.0002454 seconds
[2019-01-25T14:41:48.746+0000][1][safepoint    ] Total time for which application threads were stopped: 0.0000661 seconds, Stopping threads took: 0.0000177 seconds
[2019-01-25T14:41:49.205+0000][1][safepoint    ] Application time: 0.4576042 seconds
[2019-01-25T14:41:49.205+0000][1][safepoint    ] Total time for which application threads were stopped: 0.0001019 seconds, Stopping threads took: 0.0000162 seconds
[2019-01-25T14:41:49.207+0000][1][safepoint    ] Application time: 0.0013686 seconds
[2019-01-25T14:41:49.209+0000][1][safepoint    ] Total time for which application threads were stopped: 0.0001043 seconds, Stopping threads took: 0.0000167 seconds
[2019-01-25T14:41:50.210+0000][1][safepoint    ] Application time: 1.0001605 seconds
[2019-01-25T14:41:50.211+0000][1][safepoint    ] Total time for which application threads were stopped: 0.0000500 seconds, Stopping threads took: 0.0000130 seconds
[2019-01-25T14:41:51.211+0000][1][safepoint    ] Application time: 1.0001794 seconds
[2019-01-25T14:41:51.212+0000][1][safepoint    ] Total time for which application threads were stopped: 0.0000675 seconds, Stopping threads took: 0.0000189 seconds
[2019-01-25T14:41:51.720+0000][1][safepoint    ] Application time: 0.5077103 seconds
[2019-01-25T14:41:51.722+0000][1][safepoint    ] Total time for which application threads were stopped: 0.0001071 seconds, Stopping threads took: 0.0000128 seconds
[2019-01-25T14:41:51.723+0000][1][safepoint    ] Application time: 0.0011284 seconds
[2019-01-25T14:41:51.725+0000][1][safepoint    ] Total time for which application threads were stopped: 0.0001309 seconds, Stopping threads took: 0.0000183 seconds
[2019-01-25T14:41:52.726+0000][1][safepoint    ] Application time: 1.0002708 seconds
[2019-01-25T14:41:52.726+0000][1][safepoint    ] Total time for which application threads were stopped: 0.0000756 seconds, Stopping threads took: 0.0000190 seconds
[2019-01-25T14:41:53.727+0000][1][safepoint    ] Application time: 1.0001458 seconds
[2019-01-25T14:41:53.728+0000][1][safepoint    ] Total time for which application threads were stopped: 0.0000670 seconds, Stopping threads took: 0.0000163 seconds
[2019-01-25T14:41:54.233+0000][1][safepoint    ] Application time: 0.4922832 seconds
[2019-01-25T14:41:54.235+0000][1][safepoint    ] Total time for which application threads were stopped: 0.0001021 seconds, Stopping threads took: 0.0000175 seconds
[2019-01-25T14:41:54.237+0000][1][safepoint    ] Application time: 0.0015223 seconds
[2019-01-25T14:41:54.238+0000][1][safepoint    ] Total time for which application threads were stopped: 0.0000758 seconds, Stopping threads took: 0.0000131 seconds
[2019-01-25T14:41:55.239+0000][1][safepoint    ] Application time: 1.0001807 seconds
[2019-01-25T14:41:55.240+0000][1][safepoint    ] Total time for which application threads were stopped: 0.0000700 seconds, Stopping threads took: 0.0000128 seconds
[2019-01-25T14:41:56.240+0000][1][safepoint    ] Application time: 1.0001879 seconds
[2019-01-25T14:41:56.241+0000][1][safepoint    ] Total time for which application threads were stopped: 0.0000642 seconds, Stopping threads took: 0.0000170 seconds
[2019-01-25T14:41:56.745+0000][1][safepoint    ] Application time: 0.5038225 seconds
[2019-01-25T14:41:56.746+0000][1][safepoint    ] Total time for which application threads were stopped: 0.0000703 seconds, Stopping threads took: 0.0000117 seconds
[2019-01-25T14:41:56.747+0000][1][safepoint    ] Application time: 0.0010329 seconds
[2019-01-25T14:41:56.749+0000][1][safepoint    ] Total time for which application threads were stopped: 0.0000707 seconds, Stopping threads took: 0.0000124 seconds
[2019-01-25T14:41:57.749+0000][1][safepoint    ] Application time: 1.0001589 seconds
[2019-01-25T14:41:57.750+0000][1][safepoint    ] Total time for which application threads were stopped: 0.0000488 seconds, Stopping threads took: 0.0000130 seconds
[2019-01-25T14:41:58.751+0000][1][safepoint    ] Application time: 1.0004898 seconds
[2019-01-25T14:41:58.751+0000][1][safepoint    ] Total time for which application threads were stopped: 0.0000519 seconds, Stopping threads took: 0.0000148 seconds
[2019-01-25T14:41:59.259+0000][1][safepoint    ] Application time: 0.5067842 seconds
[2019-01-25T14:41:59.260+0000][1][safepoint    ] Total time for which application threads were stopped: 0.0000743 seconds, Stopping threads took: 0.0000142 seconds
[2019-01-25T14:41:59.267+0000][1][safepoint    ] Application time: 0.0065989 seconds
[2019-01-25T14:41:59.269+0000][1][safepoint    ] Total time for which application threads were stopped: 0.0000806 seconds, Stopping threads took: 0.0000162 seconds
[2019-01-25T14:42:00.270+0000][1][safepoint    ] Application time: 1.0001096 seconds
[2019-01-25T14:42:00.271+0000][1][safepoint    ] Total time for which application threads were stopped: 0.0000493 seconds, Stopping threads took: 0.0000129 seconds
[2019-01-25T14:42:01.272+0000][1][safepoint    ] Application time: 1.0001605 seconds
[2019-01-25T14:42:01.273+0000][1][safepoint    ] Total time for which application threads were stopped: 0.0000661 seconds, Stopping threads took: 0.0000170 seconds
[2019-01-25T14:42:01.780+0000][1][safepoint    ] Application time: 0.5071337 seconds
[2019-01-25T14:42:01.810+0000][1][safepoint    ] Total time for which application threads were stopped: 0.0001149 seconds, Stopping threads took: 0.0000185 seconds
[2019-01-25T14:42:01.812+0000][1][safepoint    ] Application time: 0.0013002 seconds
[2019-01-25T14:42:01.874+0000][1][safepoint    ] Total time for which application threads were stopped: 0.0000966 seconds, Stopping threads took: 0.0000188 seconds
[2019-01-25T14:42:02.877+0000][1][safepoint    ] Application time: 1.0003637 seconds
[2019-01-25T14:42:02.878+0000][1][safepoint    ] Total time for which application threads were stopped: 0.0001057 seconds, Stopping threads took: 0.0000159 seconds
[2019-01-25T14:42:03.879+0000][1][safepoint    ] Application time: 1.0001546 seconds
[2019-01-25T14:42:03.879+0000][1][safepoint    ] Total time for which application threads were stopped: 0.0000664 seconds, Stopping threads took: 0.0000311 seconds
[2019-01-25T14:42:04.384+0000][1][safepoint    ] Application time: 0.5037793 seconds
[2019-01-25T14:42:04.388+0000][1][safepoint    ] Total time for which application threads were stopped: 0.0003469 seconds, Stopping threads took: 0.0000407 seconds
[2019-01-25T14:42:04.398+0000][1][safepoint    ] Application time: 0.0081523 seconds
[2019-01-25T14:42:04.400+0000][1][safepoint    ] Total time for which application threads were stopped: 0.0002658 seconds, Stopping threads took: 0.0000548 seconds
[2019-01-25T14:42:05.404+0000][1][safepoint    ] Application time: 1.0001917 seconds
[2019-01-25T14:42:05.405+0000][1][safepoint    ] Total time for which application threads were stopped: 0.0000491 seconds, Stopping threads took: 0.0000132 seconds
[2019-01-25T14:42:06.405+0000][1][safepoint    ] Application time: 1.0001175 seconds
[2019-01-25T14:42:06.406+0000][1][safepoint    ] Total time for which application threads were stopped: 0.0000786 seconds, Stopping threads took: 0.0000169 seconds
[2019-01-25T14:42:06.913+0000][1][safepoint    ] Application time: 0.5059112 seconds
[2019-01-25T14:42:06.914+0000][1][safepoint    ] Total time for which application threads were stopped: 0.0000741 seconds, Stopping threads took: 0.0000127 seconds
[2019-01-25T14:42:06.915+0000][1][safepoint    ] Application time: 0.0010815 seconds
[2019-01-25T14:42:06.916+0000][1][safepoint    ] Total time for which application threads were stopped: 0.0000713 seconds, Stopping threads took: 0.0000114 seconds
[2019-01-25T14:42:07.916+0000][1][safepoint    ] Application time: 1.0001529 seconds
[2019-01-25T14:42:07.923+0000][1][safepoint    ] Total time for which application threads were stopped: 0.0000687 seconds, Stopping threads took: 0.0000172 seconds
[2019-01-25T14:42:08.924+0000][1][safepoint    ] Application time: 1.0001268 seconds
[2019-01-25T14:42:08.927+0000][1][safepoint    ] Total time for which application threads were stopped: 0.0000493 seconds, Stopping threads took: 0.0000135 seconds
[2019-01-25T14:42:09.424+0000][1][safepoint    ] Application time: 0.4971594 seconds
[2019-01-25T14:42:09.425+0000][1][safepoint    ] Total time for which application threads were stopped: 0.0000944 seconds, Stopping threads took: 0.0000158 seconds
[2019-01-25T14:42:09.427+0000][1][safepoint    ] Application time: 0.0017648 seconds
[2019-01-25T14:42:09.428+0000][1][safepoint    ] Total time for which application threads were stopped: 0.0000722 seconds, Stopping threads took: 0.0000123 seconds
[2019-01-25T14:42:10.428+0000][1][safepoint    ] Application time: 1.0001597 seconds
[2019-01-25T14:42:10.429+0000][1][safepoint    ] Total time for which application threads were stopped: 0.0000668 seconds, Stopping threads took: 0.0000170 seconds
[2019-01-25T14:42:11.443+0000][1][safepoint    ] Application time: 1.0003817 seconds
[2019-01-25T14:42:11.445+0000][1][safepoint    ] Total time for which application threads were stopped: 0.0001652 seconds, Stopping threads took: 0.0000369 seconds
[2019-01-25T14:42:11.934+0000][1][safepoint    ] Application time: 0.4883957 seconds
[2019-01-25T14:42:11.935+0000][1][safepoint    ] Total time for which application threads were stopped: 0.0001052 seconds, Stopping threads took: 0.0000180 seconds
[2019-01-25T14:42:11.937+0000][1][safepoint    ] Application time: 0.0013152 seconds
[2019-01-25T14:42:11.938+0000][1][safepoint    ] Total time for which application threads were stopped: 0.0000948 seconds, Stopping threads took: 0.0000157 seconds
[2019-01-25T14:42:12.938+0000][1][safepoint    ] Application time: 1.0001524 seconds
[2019-01-25T14:42:12.939+0000][1][safepoint    ] Total time for which application threads were stopped: 0.0000650 seconds, Stopping threads took: 0.0000155 seconds
[2019-01-25T14:42:13.939+0000][1][safepoint    ] Application time: 1.0001362 seconds
[2019-01-25T14:42:13.940+0000][1][safepoint    ] Total time for which application threads were stopped: 0.0000481 seconds, Stopping threads took: 0.0000124 seconds
[2019-01-25T14:42:14.442+0000][1][safepoint    ] Application time: 0.5019730 seconds
[2019-01-25T14:42:14.443+0000][1][safepoint    ] Total time for which application threads were stopped: 0.0000935 seconds, Stopping threads took: 0.0000158 seconds
[2019-01-25T14:42:14.445+0000][1][safepoint    ] Application time: 0.0012294 seconds
[2019-01-25T14:42:14.446+0000][1][safepoint    ] Total time for which application threads were stopped: 0.0000819 seconds, Stopping threads took: 0.0000243 seconds
[2019-01-25T14:42:15.447+0000][1][safepoint    ] Application time: 1.0003547 seconds
[2019-01-25T14:42:15.449+0000][1][safepoint    ] Total time for which application threads were stopped: 0.0001117 seconds, Stopping threads took: 0.0000266 seconds
[2019-01-25T14:42:16.450+0000][1][safepoint    ] Application time: 1.0001489 seconds
[2019-01-25T14:42:16.451+0000][1][safepoint    ] Total time for which application threads were stopped: 0.0000612 seconds, Stopping threads took: 0.0000174 seconds
[2019-01-25T14:42:16.954+0000][1][safepoint    ] Application time: 0.5027569 seconds
[2019-01-25T14:42:16.955+0000][1][safepoint    ] Total time for which application threads were stopped: 0.0000711 seconds, Stopping threads took: 0.0000133 seconds
[2019-01-25T14:42:16.957+0000][1][safepoint    ] Application time: 0.0012068 seconds
[2019-01-25T14:42:16.957+0000][1][safepoint    ] Total time for which application threads were stopped: 0.0000714 seconds, Stopping threads took: 0.0000123 seconds
[2019-01-25T14:42:17.958+0000][1][safepoint    ] Application time: 1.0001493 seconds
[2019-01-25T14:42:17.958+0000][1][safepoint    ] Total time for which application threads were stopped: 0.0000635 seconds, Stopping threads took: 0.0000158 seconds
[2019-01-25T14:42:18.960+0000][1][safepoint    ] Application time: 1.0002647 seconds
[2019-01-25T14:42:18.961+0000][1][safepoint    ] Total time for which application threads were stopped: 0.0000918 seconds, Stopping threads took: 0.0000226 seconds
[2019-01-25T14:42:19.464+0000][1][safepoint    ] Application time: 0.5028063 seconds
[2019-01-25T14:42:19.465+0000][1][safepoint    ] Total time for which application threads were stopped: 0.0000775 seconds, Stopping threads took: 0.0000134 seconds
[2019-01-25T14:42:19.466+0000][1][safepoint    ] Application time: 0.0010305 seconds
[2019-01-25T14:42:19.468+0000][1][safepoint    ] Total time for which application threads were stopped: 0.0001017 seconds, Stopping threads took: 0.0000172 seconds
[2019-01-25T14:42:20.469+0000][1][safepoint    ] Application time: 1.0001485 seconds
[2019-01-25T14:42:20.469+0000][1][safepoint    ] Total time for which application threads were stopped: 0.0000700 seconds, Stopping threads took: 0.0000187 seconds
[2019-01-25T14:42:21.470+0000][1][safepoint    ] Application time: 1.0001735 seconds
[2019-01-25T14:42:21.471+0000][1][safepoint    ] Total time for which application threads were stopped: 0.0000549 seconds, Stopping threads took: 0.0000191 seconds
[2019-01-25T14:42:21.982+0000][1][safepoint    ] Application time: 0.5112332 seconds
[2019-01-25T14:42:21.995+0000][1][safepoint    ] Total time for which application threads were stopped: 0.0001045 seconds, Stopping threads took: 0.0000171 seconds
[2019-01-25T14:42:21.998+0000][1][safepoint    ] Application time: 0.0014849 seconds
[2019-01-25T14:42:21.999+0000][1][safepoint    ] Total time for which application threads were stopped: 0.0000971 seconds, Stopping threads took: 0.0000156 seconds
[2019-01-25T14:42:23.000+0000][1][safepoint    ] Application time: 1.0001715 seconds
[2019-01-25T14:42:23.000+0000][1][safepoint    ] Total time for which application threads were stopped: 0.0000779 seconds, Stopping threads took: 0.0000155 seconds
[2019-01-25T14:42:24.001+0000][1][safepoint    ] Application time: 1.0003795 seconds
[2019-01-25T14:42:24.002+0000][1][safepoint    ] Total time for which application threads were stopped: 0.0001027 seconds, Stopping threads took: 0.0000215 seconds
[2019-01-25T14:42:24.504+0000][1][safepoint    ] Application time: 0.5012384 seconds
[2019-01-25T14:42:24.504+0000][1][safepoint    ] Total time for which application threads were stopped: 0.0000926 seconds, Stopping threads took: 0.0000150 seconds
[2019-01-25T14:42:24.506+0000][1][safepoint    ] Application time: 0.0010474 seconds
[2019-01-25T14:42:24.507+0000][1][safepoint    ] Total time for which application threads were stopped: 0.0002676 seconds, Stopping threads took: 0.0000146 seconds
[2019-01-25T14:42:25.508+0000][1][safepoint    ] Application time: 1.0002628 seconds
[2019-01-25T14:42:25.512+0000][1][safepoint    ] Total time for which application threads were stopped: 0.0001289 seconds, Stopping threads took: 0.0000297 seconds
[2019-01-25T14:42:26.518+0000][1][safepoint    ] Application time: 1.0001789 seconds
[2019-01-25T14:42:26.519+0000][1][safepoint    ] Total time for which application threads were stopped: 0.0000909 seconds, Stopping threads took: 0.0000128 seconds
[2019-01-25T14:42:27.021+0000][1][safepoint    ] Application time: 0.5017486 seconds
[2019-01-25T14:42:27.021+0000][1][safepoint    ] Total time for which application threads were stopped: 0.0001097 seconds, Stopping threads took: 0.0000158 seconds
[2019-01-25T14:42:27.026+0000][1][safepoint    ] Application time: 0.0041003 seconds
[2019-01-25T14:42:27.026+0000][1][safepoint    ] Total time for which application threads were stopped: 0.0000760 seconds, Stopping threads took: 0.0000126 seconds
[2019-01-25T14:42:28.027+0000][1][safepoint    ] Application time: 1.0004259 seconds
[2019-01-25T14:42:28.028+0000][1][safepoint    ] Total time for which application threads were stopped: 0.0001235 seconds, Stopping threads took: 0.0000302 seconds
[2019-01-25T14:42:29.029+0000][1][safepoint    ] Application time: 1.0001436 seconds
[2019-01-25T14:42:29.030+0000][1][safepoint    ] Total time for which application threads were stopped: 0.0001158 seconds, Stopping threads took: 0.0000159 seconds
[2019-01-25T14:42:29.534+0000][1][safepoint    ] Application time: 0.5039574 seconds
[2019-01-25T14:42:29.535+0000][1][safepoint    ] Total time for which application threads were stopped: 0.0001470 seconds, Stopping threads took: 0.0000215 seconds
[2019-01-25T14:42:29.536+0000][1][safepoint    ] Application time: 0.0004027 seconds
[2019-01-25T14:42:29.536+0000][1][gc,start     ] GC(23) Pause Young (Allocation Failure)
[2019-01-25T14:42:29.537+0000][1][gc,task      ] GC(23) Using 2 workers of 2 for evacuation
[2019-01-25T14:42:29.546+0000][1][gc,age       ] GC(23) Desired survivor size 4456448 bytes, new threshold 6 (max threshold 6)
[2019-01-25T14:42:29.547+0000][1][gc,age       ] GC(23) Age table with threshold 6 (max threshold 6)
[2019-01-25T14:42:29.548+0000][1][gc,age       ] GC(23) - age   1:      16904 bytes,      16904 total
[2019-01-25T14:42:29.548+0000][1][gc,age       ] GC(23) - age   2:       1592 bytes,      18496 total
[2019-01-25T14:42:29.549+0000][1][gc,age       ] GC(23) - age   3:       7496 bytes,      25992 total
[2019-01-25T14:42:29.549+0000][1][gc,age       ] GC(23) - age   4:      29304 bytes,      55296 total
[2019-01-25T14:42:29.549+0000][1][gc,age       ] GC(23) - age   5:      20440 bytes,      75736 total
[2019-01-25T14:42:29.550+0000][1][gc,age       ] GC(23) - age   6:     783384 bytes,     859120 total
[2019-01-25T14:42:29.550+0000][1][gc,heap      ] GC(23) ParNew: 71156K->1241K(78656K)
[2019-01-25T14:42:29.550+0000][1][gc,heap      ] GC(23) CMS: 82611K->82611K(174784K)
[2019-01-25T14:42:29.550+0000][1][gc,metaspace ] GC(23) Metaspace: 64295K->64295K(1107968K)
[2019-01-25T14:42:29.551+0000][1][gc           ] GC(23) Pause Young (Allocation Failure) 150M->81M(247M) 14.467ms
[2019-01-25T14:42:29.551+0000][1][gc,cpu       ] GC(23) User=0.01s Sys=0.00s Real=0.01s
[2019-01-25T14:42:29.552+0000][1][safepoint    ] Total time for which application threads were stopped: 0.0152554 seconds, Stopping threads took: 0.0000160 seconds
[2019-01-25T14:42:29.554+0000][1][safepoint    ] Application time: 0.0021527 seconds
[2019-01-25T14:42:29.554+0000][1][safepoint    ] Total time for which application threads were stopped: 0.0000747 seconds, Stopping threads took: 0.0000120 seconds
[2019-01-25T14:42:30.555+0000][1][safepoint    ] Application time: 1.0001398 seconds
[2019-01-25T14:42:30.556+0000][1][safepoint    ] Total time for which application threads were stopped: 0.0000841 seconds, Stopping threads took: 0.0000196 seconds
[2019-01-25T14:42:31.558+0000][1][safepoint    ] Application time: 1.0001452 seconds
[2019-01-25T14:42:31.558+0000][1][safepoint    ] Total time for which application threads were stopped: 0.0000520 seconds, Stopping threads took: 0.0000128 seconds
[2019-01-25T14:42:32.064+0000][1][safepoint    ] Application time: 0.5052855 seconds
[2019-01-25T14:42:32.065+0000][1][safepoint    ] Total time for which application threads were stopped: 0.0001492 seconds, Stopping threads took: 0.0000188 seconds
[2019-01-25T14:42:32.068+0000][1][safepoint    ] Application time: 0.0020976 seconds
[2019-01-25T14:42:32.068+0000][1][safepoint    ] Total time for which application threads were stopped: 0.0000781 seconds, Stopping threads took: 0.0000132 seconds
[2019-01-25T14:42:33.069+0000][1][safepoint    ] Application time: 1.0001240 seconds
[2019-01-25T14:42:33.070+0000][1][safepoint    ] Total time for which application threads were stopped: 0.0000730 seconds, Stopping threads took: 0.0000166 seconds
[2019-01-25T14:42:34.070+0000][1][safepoint    ] Application time: 1.0001759 seconds
[2019-01-25T14:42:34.071+0000][1][safepoint    ] Total time for which application threads were stopped: 0.0000658 seconds, Stopping threads took: 0.0000295 seconds
[2019-01-25T14:42:34.577+0000][1][safepoint    ] Application time: 0.5053329 seconds
[2019-01-25T14:42:34.579+0000][1][safepoint    ] Total time for which application threads were stopped: 0.0002625 seconds, Stopping threads took: 0.0000291 seconds
[2019-01-25T14:42:34.582+0000][1][safepoint    ] Application time: 0.0021162 seconds
[2019-01-25T14:42:34.585+0000][1][safepoint    ] Total time for which application threads were stopped: 0.0001431 seconds, Stopping threads took: 0.0000238 seconds
[2019-01-25T14:42:35.586+0000][1][safepoint    ] Application time: 1.0001301 seconds
[2019-01-25T14:42:35.586+0000][1][safepoint    ] Total time for which application threads were stopped: 0.0000681 seconds, Stopping threads took: 0.0000178 seconds
[2019-01-25T14:42:36.587+0000][1][safepoint    ] Application time: 1.0004317 seconds
[2019-01-25T14:42:36.588+0000][1][safepoint    ] Total time for which application threads were stopped: 0.0000524 seconds, Stopping threads took: 0.0000144 seconds
[2019-01-25T14:42:37.093+0000][1][safepoint    ] Application time: 0.5042086 seconds
[2019-01-25T14:42:37.094+0000][1][safepoint    ] Total time for which application threads were stopped: 0.0001528 seconds, Stopping threads took: 0.0000524 seconds
[2019-01-25T14:42:37.113+0000][1][safepoint    ] Application time: 0.0182245 seconds
[2019-01-25T14:42:37.114+0000][1][safepoint    ] Total time for which application threads were stopped: 0.0001113 seconds, Stopping threads took: 0.0000120 seconds
[2019-01-25T14:42:38.114+0000][1][safepoint    ] Application time: 1.0002673 seconds
[2019-01-25T14:42:38.116+0000][1][safepoint    ] Total time for which application threads were stopped: 0.0001758 seconds, Stopping threads took: 0.0000408 seconds
[2019-01-25T14:42:39.118+0000][1][safepoint    ] Application time: 1.0001312 seconds
[2019-01-25T14:42:39.118+0000][1][safepoint    ] Total time for which application threads were stopped: 0.0000479 seconds, Stopping threads took: 0.0000128 seconds
[2019-01-25T14:42:39.620+0000][1][safepoint    ] Application time: 0.5010440 seconds
[2019-01-25T14:42:39.621+0000][1][safepoint    ] Total time for which application threads were stopped: 0.0001175 seconds, Stopping threads took: 0.0000189 seconds
[2019-01-25T14:42:39.623+0000][1][safepoint    ] Application time: 0.0024206 seconds
[2019-01-25T14:42:39.624+0000][1][safepoint    ] Total time for which application threads were stopped: 0.0000995 seconds, Stopping threads took: 0.0000176 seconds
[2019-01-25T14:42:40.625+0000][1][safepoint    ] Application time: 1.0002886 seconds
[2019-01-25T14:42:40.626+0000][1][safepoint    ] Total time for which application threads were stopped: 0.0001092 seconds, Stopping threads took: 0.0000289 seconds
[2019-01-25T14:42:41.628+0000][1][safepoint    ] Application time: 1.0002596 seconds
[2019-01-25T14:42:41.628+0000][1][safepoint    ] Total time for which application threads were stopped: 0.0000493 seconds, Stopping threads took: 0.0000121 seconds
[2019-01-25T14:42:42.129+0000][1][safepoint    ] Application time: 0.5008511 seconds
[2019-01-25T14:42:42.131+0000][1][safepoint    ] Total time for which application threads were stopped: 0.0000798 seconds, Stopping threads took: 0.0000140 seconds
[2019-01-25T14:42:42.132+0000][1][safepoint    ] Application time: 0.0010232 seconds
[2019-01-25T14:42:42.133+0000][1][safepoint    ] Total time for which application threads were stopped: 0.0000899 seconds, Stopping threads took: 0.0000129 seconds
[2019-01-25T14:42:43.134+0000][1][safepoint    ] Application time: 1.0001461 seconds
[2019-01-25T14:42:43.135+0000][1][safepoint    ] Total time for which application threads were stopped: 0.0000665 seconds, Stopping threads took: 0.0000169 seconds
[2019-01-25T14:42:44.136+0000][1][safepoint    ] Application time: 1.0001657 seconds
[2019-01-25T14:42:44.136+0000][1][safepoint    ] Total time for which application threads were stopped: 0.0000611 seconds, Stopping threads took: 0.0000155 seconds
[2019-01-25T14:42:44.639+0000][1][safepoint    ] Application time: 0.5017776 seconds
[2019-01-25T14:42:44.639+0000][1][safepoint    ] Total time for which application threads were stopped: 0.0000995 seconds, Stopping threads took: 0.0000171 seconds
[2019-01-25T14:42:44.641+0000][1][safepoint    ] Application time: 0.0009603 seconds
[2019-01-25T14:42:44.641+0000][1][safepoint    ] Total time for which application threads were stopped: 0.0000720 seconds, Stopping threads took: 0.0000120 seconds
[2019-01-25T14:42:45.642+0000][1][safepoint    ] Application time: 1.0001190 seconds
[2019-01-25T14:42:45.643+0000][1][safepoint    ] Total time for which application threads were stopped: 0.0000778 seconds, Stopping threads took: 0.0000181 seconds
[2019-01-25T14:42:46.645+0000][1][safepoint    ] Application time: 1.0001154 seconds
[2019-01-25T14:42:46.646+0000][1][safepoint    ] Total time for which application threads were stopped: 0.0000646 seconds, Stopping threads took: 0.0000142 seconds
[2019-01-25T14:42:47.150+0000][1][safepoint    ] Application time: 0.5039613 seconds
[2019-01-25T14:42:47.151+0000][1][safepoint    ] Total time for which application threads were stopped: 0.0000994 seconds, Stopping threads took: 0.0000166 seconds
[2019-01-25T14:42:47.153+0000][1][safepoint    ] Application time: 0.0011879 seconds
[2019-01-25T14:42:47.155+0000][1][safepoint    ] Total time for which application threads were stopped: 0.0001100 seconds, Stopping threads took: 0.0000186 seconds
[2019-01-25T14:42:48.157+0000][1][safepoint    ] Application time: 1.0002738 seconds
[2019-01-25T14:42:48.157+0000][1][safepoint    ] Total time for which application threads were stopped: 0.0000518 seconds, Stopping threads took: 0.0000135 seconds
[2019-01-25T14:42:49.158+0000][1][safepoint    ] Application time: 1.0001474 seconds
[2019-01-25T14:42:49.159+0000][1][safepoint    ] Total time for which application threads were stopped: 0.0000619 seconds, Stopping threads took: 0.0000166 seconds
[2019-01-25T14:42:49.662+0000][1][safepoint    ] Application time: 0.5020593 seconds
[2019-01-25T14:42:49.668+0000][1][safepoint    ] Total time for which application threads were stopped: 0.0001164 seconds, Stopping threads took: 0.0000197 seconds
[2019-01-25T14:42:49.671+0000][1][safepoint    ] Application time: 0.0014109 seconds
[2019-01-25T14:42:49.673+0000][1][safepoint    ] Total time for which application threads were stopped: 0.0001107 seconds, Stopping threads took: 0.0000182 seconds
[2019-01-25T14:42:50.674+0000][1][safepoint    ] Application time: 1.0001365 seconds
[2019-01-25T14:42:50.675+0000][1][safepoint    ] Total time for which application threads were stopped: 0.0000465 seconds, Stopping threads took: 0.0000127 seconds
[2019-01-25T14:42:51.675+0000][1][safepoint    ] Application time: 1.0001273 seconds
[2019-01-25T14:42:51.676+0000][1][safepoint    ] Total time for which application threads were stopped: 0.0000609 seconds, Stopping threads took: 0.0000129 seconds
[2019-01-25T14:42:52.182+0000][1][safepoint    ] Application time: 0.5058519 seconds
[2019-01-25T14:42:52.183+0000][1][safepoint    ] Total time for which application threads were stopped: 0.0003233 seconds, Stopping threads took: 0.0000252 seconds
[2019-01-25T14:42:52.186+0000][1][safepoint    ] Application time: 0.0023635 seconds
[2019-01-25T14:42:52.187+0000][1][safepoint    ] Total time for which application threads were stopped: 0.0001046 seconds, Stopping threads took: 0.0000170 seconds
[2019-01-25T14:42:53.188+0000][1][safepoint    ] Application time: 1.0001654 seconds
[2019-01-25T14:42:53.188+0000][1][safepoint    ] Total time for which application threads were stopped: 0.0000736 seconds, Stopping threads took: 0.0000162 seconds
[2019-01-25T14:42:54.190+0000][1][safepoint    ] Application time: 1.0001726 seconds
[2019-01-25T14:42:54.191+0000][1][safepoint    ] Total time for which application threads were stopped: 0.0000514 seconds, Stopping threads took: 0.0000131 seconds
[2019-01-25T14:42:54.693+0000][1][safepoint    ] Application time: 0.5017605 seconds
[2019-01-25T14:42:54.694+0000][1][safepoint    ] Total time for which application threads were stopped: 0.0001106 seconds, Stopping threads took: 0.0000155 seconds
[2019-01-25T14:42:54.696+0000][1][safepoint    ] Application time: 0.0015217 seconds
[2019-01-25T14:42:54.697+0000][1][safepoint    ] Total time for which application threads were stopped: 0.0000706 seconds, Stopping threads took: 0.0000118 seconds
[2019-01-25T14:42:55.705+0000][1][safepoint    ] Application time: 1.0075792 seconds
[2019-01-25T14:42:55.726+0000][1][safepoint    ] Total time for which application threads were stopped: 0.0000768 seconds, Stopping threads took: 0.0000168 seconds
[2019-01-25T14:42:56.730+0000][1][safepoint    ] Application time: 1.0001529 seconds
[2019-01-25T14:42:56.732+0000][1][safepoint    ] Total time for which application threads were stopped: 0.0000673 seconds, Stopping threads took: 0.0000180 seconds
[2019-01-25T14:42:57.209+0000][1][safepoint    ] Application time: 0.4765764 seconds
[2019-01-25T14:42:57.217+0000][1][safepoint    ] Total time for which application threads were stopped: 0.0001081 seconds, Stopping threads took: 0.0000156 seconds
[2019-01-25T14:42:57.220+0000][1][safepoint    ] Application time: 0.0013721 seconds
[2019-01-25T14:42:57.222+0000][1][safepoint    ] Total time for which application threads were stopped: 0.0001054 seconds, Stopping threads took: 0.0000167 seconds
[2019-01-25T14:42:58.224+0000][1][safepoint    ] Application time: 1.0001421 seconds
[2019-01-25T14:42:58.227+0000][1][safepoint    ] Total time for which application threads were stopped: 0.0000703 seconds, Stopping threads took: 0.0000195 seconds
[2019-01-25T14:42:59.228+0000][1][safepoint    ] Application time: 1.0001679 seconds
[2019-01-25T14:42:59.252+0000][1][safepoint    ] Total time for which application threads were stopped: 0.0000611 seconds, Stopping threads took: 0.0000134 seconds
[2019-01-25T14:42:59.734+0000][1][safepoint    ] Application time: 0.4818708 seconds
[2019-01-25T14:42:59.735+0000][1][safepoint    ] Total time for which application threads were stopped: 0.0000729 seconds, Stopping threads took: 0.0000125 seconds
[2019-01-25T14:42:59.737+0000][1][safepoint    ] Application time: 0.0010078 seconds
[2019-01-25T14:42:59.738+0000][1][safepoint    ] Total time for which application threads were stopped: 0.0000709 seconds, Stopping threads took: 0.0000117 seconds
[2019-01-25T14:43:00.739+0000][1][safepoint    ] Application time: 1.0005473 seconds
[2019-01-25T14:43:00.739+0000][1][safepoint    ] Total time for which application threads were stopped: 0.0000721 seconds, Stopping threads took: 0.0000191 seconds
[2019-01-25T14:43:01.740+0000][1][safepoint    ] Application time: 1.0001196 seconds
[2019-01-25T14:43:01.741+0000][1][safepoint    ] Total time for which application threads were stopped: 0.0000750 seconds, Stopping threads took: 0.0000161 seconds
[2019-01-25T14:43:02.247+0000][1][safepoint    ] Application time: 0.5062596 seconds
[2019-01-25T14:43:02.248+0000][1][safepoint    ] Total time for which application threads were stopped: 0.0000735 seconds, Stopping threads took: 0.0000122 seconds
[2019-01-25T14:43:02.250+0000][1][safepoint    ] Application time: 0.0019194 seconds
[2019-01-25T14:43:02.251+0000][1][safepoint    ] Total time for which application threads were stopped: 0.0000951 seconds, Stopping threads took: 0.0000176 seconds
[2019-01-25T14:43:03.252+0000][1][safepoint    ] Application time: 1.0004457 seconds
[2019-01-25T14:43:03.252+0000][1][safepoint    ] Total time for which application threads were stopped: 0.0000517 seconds, Stopping threads took: 0.0000134 seconds
[2019-01-25T14:43:04.253+0000][1][safepoint    ] Application time: 1.0001102 seconds
[2019-01-25T14:43:04.254+0000][1][safepoint    ] Total time for which application threads were stopped: 0.0001019 seconds, Stopping threads took: 0.0000382 seconds
[2019-01-25T14:43:04.764+0000][1][safepoint    ] Application time: 0.5097673 seconds
[2019-01-25T14:43:04.765+0000][1][safepoint    ] Total time for which application threads were stopped: 0.0003278 seconds, Stopping threads took: 0.0000518 seconds
[2019-01-25T14:43:04.770+0000][1][safepoint    ] Application time: 0.0033833 seconds
[2019-01-25T14:43:04.771+0000][1][safepoint    ] Total time for which application threads were stopped: 0.0001165 seconds, Stopping threads took: 0.0000189 seconds
[2019-01-25T14:43:05.772+0000][1][safepoint    ] Application time: 1.0002041 seconds
[2019-01-25T14:43:05.772+0000][1][safepoint    ] Total time for which application threads were stopped: 0.0000647 seconds, Stopping threads took: 0.0000183 seconds
[2019-01-25T14:43:06.773+0000][1][safepoint    ] Application time: 1.0001342 seconds
[2019-01-25T14:43:06.774+0000][1][safepoint    ] Total time for which application threads were stopped: 0.0000484 seconds, Stopping threads took: 0.0000128 seconds
[2019-01-25T14:43:07.277+0000][1][safepoint    ] Application time: 0.5014891 seconds
[2019-01-25T14:43:07.278+0000][1][safepoint    ] Total time for which application threads were stopped: 0.0000902 seconds, Stopping threads took: 0.0000153 seconds
[2019-01-25T14:43:07.280+0000][1][safepoint    ] Application time: 0.0014444 seconds
[2019-01-25T14:43:07.280+0000][1][safepoint    ] Total time for which application threads were stopped: 0.0000882 seconds, Stopping threads took: 0.0000149 seconds
[2019-01-25T14:43:08.281+0000][1][safepoint    ] Application time: 1.0001627 seconds
[2019-01-25T14:43:08.282+0000][1][safepoint    ] Total time for which application threads were stopped: 0.0000502 seconds, Stopping threads took: 0.0000128 seconds
[2019-01-25T14:43:09.282+0000][1][safepoint    ] Application time: 1.0001415 seconds
[2019-01-25T14:43:09.283+0000][1][safepoint    ] Total time for which application threads were stopped: 0.0000656 seconds, Stopping threads took: 0.0000166 seconds
[2019-01-25T14:43:09.788+0000][1][safepoint    ] Application time: 0.5046001 seconds
[2019-01-25T14:43:09.789+0000][1][safepoint    ] Total time for which application threads were stopped: 0.0001091 seconds, Stopping threads took: 0.0000163 seconds
[2019-01-25T14:43:09.791+0000][1][safepoint    ] Application time: 0.0015390 seconds
[2019-01-25T14:43:09.792+0000][1][safepoint    ] Total time for which application threads were stopped: 0.0000999 seconds, Stopping threads took: 0.0000130 seconds
[2019-01-25T14:43:10.793+0000][1][safepoint    ] Application time: 1.0002658 seconds
[2019-01-25T14:43:10.795+0000][1][safepoint    ] Total time for which application threads were stopped: 0.0001637 seconds, Stopping threads took: 0.0000401 seconds
[2019-01-25T14:43:11.797+0000][1][safepoint    ] Application time: 1.0001801 seconds
[2019-01-25T14:43:11.797+0000][1][safepoint    ] Total time for which application threads were stopped: 0.0000705 seconds, Stopping threads took: 0.0000174 seconds
[2019-01-25T14:43:12.299+0000][1][safepoint    ] Application time: 0.5007397 seconds
[2019-01-25T14:43:12.300+0000][1][safepoint    ] Total time for which application threads were stopped: 0.0000713 seconds, Stopping threads took: 0.0000116 seconds
[2019-01-25T14:43:12.301+0000][1][safepoint    ] Application time: 0.0009511 seconds
[2019-01-25T14:43:12.303+0000][1][safepoint    ] Total time for which application threads were stopped: 0.0002073 seconds, Stopping threads took: 0.0000121 seconds
[2019-01-25T14:43:13.303+0000][1][safepoint    ] Application time: 1.0001949 seconds
[2019-01-25T14:43:13.304+0000][1][safepoint    ] Total time for which application threads were stopped: 0.0000814 seconds, Stopping threads took: 0.0000208 seconds
[2019-01-25T14:43:14.305+0000][1][safepoint    ] Application time: 1.0001345 seconds
[2019-01-25T14:43:14.306+0000][1][safepoint    ] Total time for which application threads were stopped: 0.0000630 seconds, Stopping threads took: 0.0000156 seconds
[2019-01-25T14:43:14.808+0000][1][safepoint    ] Application time: 0.5018780 seconds
[2019-01-25T14:43:14.809+0000][1][safepoint    ] Total time for which application threads were stopped: 0.0000795 seconds, Stopping threads took: 0.0000136 seconds
[2019-01-25T14:43:14.810+0000][1][safepoint    ] Application time: 0.0010149 seconds
[2019-01-25T14:43:14.811+0000][1][safepoint    ] Total time for which application threads were stopped: 0.0001073 seconds, Stopping threads took: 0.0000182 seconds
[2019-01-25T14:43:15.812+0000][1][safepoint    ] Application time: 1.0001355 seconds
[2019-01-25T14:43:15.812+0000][1][safepoint    ] Total time for which application threads were stopped: 0.0000456 seconds, Stopping threads took: 0.0000117 seconds
[2019-01-25T14:43:16.813+0000][1][safepoint    ] Application time: 1.0002536 seconds
[2019-01-25T14:43:16.813+0000][1][safepoint    ] Total time for which application threads were stopped: 0.0000502 seconds, Stopping threads took: 0.0000135 seconds
[2019-01-25T14:43:17.318+0000][1][safepoint    ] Application time: 0.5049055 seconds
[2019-01-25T14:43:17.319+0000][1][safepoint    ] Total time for which application threads were stopped: 0.0000756 seconds, Stopping threads took: 0.0000130 seconds
[2019-01-25T14:43:17.320+0000][1][safepoint    ] Application time: 0.0009894 seconds
[2019-01-25T14:43:17.322+0000][1][safepoint    ] Total time for which application threads were stopped: 0.0000766 seconds, Stopping threads took: 0.0000132 seconds
[2019-01-25T14:43:18.322+0000][1][safepoint    ] Application time: 1.0001442 seconds
[2019-01-25T14:43:18.323+0000][1][safepoint    ] Total time for which application threads were stopped: 0.0000620 seconds, Stopping threads took: 0.0000153 seconds
[2019-01-25T14:43:19.323+0000][1][safepoint    ] Application time: 1.0001580 seconds
[2019-01-25T14:43:19.324+0000][1][safepoint    ] Total time for which application threads were stopped: 0.0000569 seconds, Stopping threads took: 0.0000207 seconds
[2019-01-25T14:43:19.830+0000][1][safepoint    ] Application time: 0.5057655 seconds
[2019-01-25T14:43:19.831+0000][1][safepoint    ] Total time for which application threads were stopped: 0.0001016 seconds, Stopping threads took: 0.0000172 seconds
[2019-01-25T14:43:19.834+0000][1][safepoint    ] Application time: 0.0013392 seconds
[2019-01-25T14:43:19.835+0000][1][safepoint    ] Total time for which application threads were stopped: 0.0000965 seconds, Stopping threads took: 0.0000156 seconds
[2019-01-25T14:43:20.836+0000][1][safepoint    ] Application time: 1.0001628 seconds
[2019-01-25T14:43:20.836+0000][1][safepoint    ] Total time for which application threads were stopped: 0.0000524 seconds, Stopping threads took: 0.0000137 seconds
[2019-01-25T14:43:21.837+0000][1][safepoint    ] Application time: 1.0001336 seconds
[2019-01-25T14:43:21.839+0000][1][safepoint    ] Total time for which application threads were stopped: 0.0006872 seconds, Stopping threads took: 0.0000164 seconds
[2019-01-25T14:43:22.342+0000][1][safepoint    ] Application time: 0.4979535 seconds
[2019-01-25T14:43:22.343+0000][1][safepoint    ] Total time for which application threads were stopped: 0.0001005 seconds, Stopping threads took: 0.0000169 seconds
[2019-01-25T14:43:22.346+0000][1][safepoint    ] Application time: 0.0019199 seconds
[2019-01-25T14:43:22.346+0000][1][safepoint    ] Total time for which application threads were stopped: 0.0000767 seconds, Stopping threads took: 0.0000145 seconds
[2019-01-25T14:43:23.347+0000][1][safepoint    ] Application time: 1.0003636 seconds
[2019-01-25T14:43:23.349+0000][1][safepoint    ] Total time for which application threads were stopped: 0.0002784 seconds, Stopping threads took: 0.0000504 seconds
[2019-01-25T14:43:24.351+0000][1][safepoint    ] Application time: 1.0002289 seconds
[2019-01-25T14:43:24.352+0000][1][safepoint    ] Total time for which application threads were stopped: 0.0000765 seconds, Stopping threads took: 0.0000161 seconds
[2019-01-25T14:43:24.856+0000][1][safepoint    ] Application time: 0.5035356 seconds
[2019-01-25T14:43:24.858+0000][1][safepoint    ] Total time for which application threads were stopped: 0.0002502 seconds, Stopping threads took: 0.0000301 seconds
[2019-01-25T14:43:24.869+0000][1][safepoint    ] Application time: 0.0100774 seconds
[2019-01-25T14:43:24.870+0000][1][safepoint    ] Total time for which application threads were stopped: 0.0001043 seconds, Stopping threads took: 0.0000169 seconds
[2019-01-25T14:43:25.871+0000][1][safepoint    ] Application time: 1.0001953 seconds
[2019-01-25T14:43:25.871+0000][1][safepoint    ] Total time for which application threads were stopped: 0.0000645 seconds, Stopping threads took: 0.0000171 seconds
[2019-01-25T14:43:26.872+0000][1][safepoint    ] Application time: 1.0004104 seconds
[2019-01-25T14:43:26.873+0000][1][safepoint    ] Total time for which application threads were stopped: 0.0000471 seconds, Stopping threads took: 0.0000129 seconds
[2019-01-25T14:43:27.385+0000][1][safepoint    ] Application time: 0.5110895 seconds
[2019-01-25T14:43:27.389+0000][1][safepoint    ] Total time for which application threads were stopped: 0.0004548 seconds, Stopping threads took: 0.0001448 seconds
[2019-01-25T14:43:27.393+0000][1][safepoint    ] Application time: 0.0027464 seconds
[2019-01-25T14:43:27.394+0000][1][safepoint    ] Total time for which application threads were stopped: 0.0001145 seconds, Stopping threads took: 0.0000379 seconds
[2019-01-25T14:43:28.395+0000][1][safepoint    ] Application time: 1.0001913 seconds
[2019-01-25T14:43:28.395+0000][1][safepoint    ] Total time for which application threads were stopped: 0.0000471 seconds, Stopping threads took: 0.0000127 seconds
[2019-01-25T14:43:29.396+0000][1][safepoint    ] Application time: 1.0002692 seconds
[2019-01-25T14:43:29.397+0000][1][safepoint    ] Total time for which application threads were stopped: 0.0000729 seconds, Stopping threads took: 0.0000192 seconds
[2019-01-25T14:43:29.900+0000][1][safepoint    ] Application time: 0.5022128 seconds
[2019-01-25T14:43:29.901+0000][1][safepoint    ] Total time for which application threads were stopped: 0.0000990 seconds, Stopping threads took: 0.0000135 seconds
[2019-01-25T14:43:29.902+0000][1][safepoint    ] Application time: 0.0010786 seconds
[2019-01-25T14:43:29.904+0000][1][safepoint    ] Total time for which application threads were stopped: 0.0001080 seconds, Stopping threads took: 0.0000195 seconds
[2019-01-25T14:43:30.904+0000][1][safepoint    ] Application time: 1.0001886 seconds
[2019-01-25T14:43:30.905+0000][1][safepoint    ] Total time for which application threads were stopped: 0.0000508 seconds, Stopping threads took: 0.0000130 seconds
[2019-01-25T14:43:31.905+0000][1][safepoint    ] Application time: 1.0001076 seconds
[2019-01-25T14:43:31.910+0000][1][safepoint    ] Total time for which application threads were stopped: 0.0000717 seconds, Stopping threads took: 0.0000166 seconds
[2019-01-25T14:43:32.411+0000][1][safepoint    ] Application time: 0.5004236 seconds
[2019-01-25T14:43:32.412+0000][1][safepoint    ] Total time for which application threads were stopped: 0.0001551 seconds, Stopping threads took: 0.0000171 seconds
[2019-01-25T14:43:32.414+0000][1][safepoint    ] Application time: 0.0015130 seconds
[2019-01-25T14:43:32.415+0000][1][safepoint    ] Total time for which application threads were stopped: 0.0001069 seconds, Stopping threads took: 0.0000158 seconds
[2019-01-25T14:43:33.416+0000][1][safepoint    ] Application time: 1.0001748 seconds
[2019-01-25T14:43:33.416+0000][1][safepoint    ] Total time for which application threads were stopped: 0.0000474 seconds, Stopping threads took: 0.0000118 seconds
[2019-01-25T14:43:34.417+0000][1][safepoint    ] Application time: 1.0001219 seconds
[2019-01-25T14:43:34.417+0000][1][safepoint    ] Total time for which application threads were stopped: 0.0000619 seconds, Stopping threads took: 0.0000272 seconds
[2019-01-25T14:43:34.922+0000][1][safepoint    ] Application time: 0.5039716 seconds
[2019-01-25T14:43:34.923+0000][1][safepoint    ] Total time for which application threads were stopped: 0.0001477 seconds, Stopping threads took: 0.0000349 seconds
[2019-01-25T14:43:34.924+0000][1][safepoint    ] Application time: 0.0013130 seconds
[2019-01-25T14:43:34.925+0000][1][safepoint    ] Total time for which application threads were stopped: 0.0000858 seconds, Stopping threads took: 0.0000148 seconds
[2019-01-25T14:43:35.926+0000][1][safepoint    ] Application time: 1.0001584 seconds
[2019-01-25T14:43:35.931+0000][1][safepoint    ] Total time for which application threads were stopped: 0.0000666 seconds, Stopping threads took: 0.0000164 seconds
[2019-01-25T14:43:36.931+0000][1][safepoint    ] Application time: 1.0001215 seconds
[2019-01-25T14:43:36.932+0000][1][safepoint    ] Total time for which application threads were stopped: 0.0000512 seconds, Stopping threads took: 0.0000137 seconds
[2019-01-25T14:43:37.432+0000][1][safepoint    ] Application time: 0.5001567 seconds
[2019-01-25T14:43:37.433+0000][1][safepoint    ] Total time for which application threads were stopped: 0.0000836 seconds, Stopping threads took: 0.0000135 seconds
[2019-01-25T14:43:37.434+0000][1][safepoint    ] Application time: 0.0011420 seconds
[2019-01-25T14:43:37.435+0000][1][safepoint    ] Total time for which application threads were stopped: 0.0001004 seconds, Stopping threads took: 0.0000153 seconds
[2019-01-25T14:43:38.436+0000][1][safepoint    ] Application time: 1.0001409 seconds
[2019-01-25T14:43:38.436+0000][1][safepoint    ] Total time for which application threads were stopped: 0.0000656 seconds, Stopping threads took: 0.0000165 seconds
[2019-01-25T14:43:39.437+0000][1][safepoint    ] Application time: 1.0001492 seconds
[2019-01-25T14:43:39.437+0000][1][safepoint    ] Total time for which application threads were stopped: 0.0000480 seconds, Stopping threads took: 0.0000127 seconds
[2019-01-25T14:43:39.940+0000][1][safepoint    ] Application time: 0.5025710 seconds
[2019-01-25T14:43:39.941+0000][1][safepoint    ] Total time for which application threads were stopped: 0.0001104 seconds, Stopping threads took: 0.0000174 seconds
[2019-01-25T14:43:39.943+0000][1][safepoint    ] Application time: 0.0011975 seconds
[2019-01-25T14:43:39.943+0000][1][safepoint    ] Total time for which application threads were stopped: 0.0001130 seconds, Stopping threads took: 0.0000152 seconds
[2019-01-25T14:43:40.944+0000][1][safepoint    ] Application time: 1.0003868 seconds
[2019-01-25T14:43:40.945+0000][1][safepoint    ] Total time for which application threads were stopped: 0.0000519 seconds, Stopping threads took: 0.0000142 seconds
[2019-01-25T14:43:41.946+0000][1][safepoint    ] Application time: 1.0001447 seconds
[2019-01-25T14:43:41.946+0000][1][safepoint    ] Total time for which application threads were stopped: 0.0000478 seconds, Stopping threads took: 0.0000123 seconds
[2019-01-25T14:43:42.451+0000][1][safepoint    ] Application time: 0.5044654 seconds
[2019-01-25T14:43:42.451+0000][1][safepoint    ] Total time for which application threads were stopped: 0.0001186 seconds, Stopping threads took: 0.0000181 seconds
[2019-01-25T14:43:42.453+0000][1][safepoint    ] Application time: 0.0016105 seconds
[2019-01-25T14:43:42.454+0000][1][safepoint    ] Total time for which application threads were stopped: 0.0000927 seconds, Stopping threads took: 0.0000156 seconds
[2019-01-25T14:43:43.455+0000][1][safepoint    ] Application time: 1.0002251 seconds
[2019-01-25T14:43:43.465+0000][1][safepoint    ] Total time for which application threads were stopped: 0.0001233 seconds, Stopping threads took: 0.0000315 seconds
[2019-01-25T14:43:44.466+0000][1][safepoint    ] Application time: 1.0001923 seconds
[2019-01-25T14:43:44.468+0000][1][safepoint    ] Total time for which application threads were stopped: 0.0001137 seconds, Stopping threads took: 0.0000355 seconds
[2019-01-25T14:43:44.962+0000][1][safepoint    ] Application time: 0.4929975 seconds
[2019-01-25T14:43:44.967+0000][1][safepoint    ] Total time for which application threads were stopped: 0.0048681 seconds, Stopping threads took: 0.0000182 seconds
[2019-01-25T14:43:44.970+0000][1][safepoint    ] Application time: 0.0021078 seconds
[2019-01-25T14:43:44.971+0000][1][safepoint    ] Total time for which application threads were stopped: 0.0001305 seconds, Stopping threads took: 0.0000152 seconds
[2019-01-25T14:43:45.972+0000][1][safepoint    ] Application time: 1.0004286 seconds
[2019-01-25T14:43:45.972+0000][1][safepoint    ] Total time for which application threads were stopped: 0.0000708 seconds, Stopping threads took: 0.0000182 seconds
[2019-01-25T14:43:46.973+0000][1][safepoint    ] Application time: 1.0001631 seconds
[2019-01-25T14:43:46.973+0000][1][safepoint    ] Total time for which application threads were stopped: 0.0000451 seconds, Stopping threads took: 0.0000117 seconds
[2019-01-25T14:43:47.488+0000][1][safepoint    ] Application time: 0.5141438 seconds
[2019-01-25T14:43:47.489+0000][1][safepoint    ] Total time for which application threads were stopped: 0.0000932 seconds, Stopping threads took: 0.0000117 seconds
[2019-01-25T14:43:47.493+0000][1][safepoint    ] Application time: 0.0045306 seconds
[2019-01-25T14:43:47.494+0000][1][safepoint    ] Total time for which application threads were stopped: 0.0000934 seconds, Stopping threads took: 0.0000170 seconds
[2019-01-25T14:43:48.495+0000][1][safepoint    ] Application time: 1.0002020 seconds
[2019-01-25T14:43:48.495+0000][1][safepoint    ] Total time for which application threads were stopped: 0.0000733 seconds, Stopping threads took: 0.0000176 seconds
[2019-01-25T14:43:49.496+0000][1][safepoint    ] Application time: 1.0001257 seconds
[2019-01-25T14:43:49.503+0000][1][safepoint    ] Total time for which application threads were stopped: 0.0000693 seconds, Stopping threads took: 0.0000145 seconds
[2019-01-25T14:43:50.003+0000][1][safepoint    ] Application time: 0.4991031 seconds
[2019-01-25T14:43:50.004+0000][1][safepoint    ] Total time for which application threads were stopped: 0.0001106 seconds, Stopping threads took: 0.0000174 seconds
[2019-01-25T14:43:50.006+0000][1][safepoint    ] Application time: 0.0015119 seconds
[2019-01-25T14:43:50.012+0000][1][safepoint    ] Total time for which application threads were stopped: 0.0000965 seconds, Stopping threads took: 0.0000169 seconds
[2019-01-25T14:43:51.013+0000][1][safepoint    ] Application time: 1.0001358 seconds
[2019-01-25T14:43:51.013+0000][1][safepoint    ] Total time for which application threads were stopped: 0.0000657 seconds, Stopping threads took: 0.0000164 seconds
[2019-01-25T14:43:52.014+0000][1][safepoint    ] Application time: 1.0002562 seconds
[2019-01-25T14:43:52.015+0000][1][safepoint    ] Total time for which application threads were stopped: 0.0000510 seconds, Stopping threads took: 0.0000126 seconds
[2019-01-25T14:43:52.522+0000][1][safepoint    ] Application time: 0.5068557 seconds
[2019-01-25T14:43:52.523+0000][1][safepoint    ] Total time for which application threads were stopped: 0.0001238 seconds, Stopping threads took: 0.0000154 seconds
[2019-01-25T14:43:52.524+0000][1][safepoint    ] Application time: 0.0011223 seconds
[2019-01-25T14:43:52.525+0000][1][safepoint    ] Total time for which application threads were stopped: 0.0000715 seconds, Stopping threads took: 0.0000127 seconds
[2019-01-25T14:43:53.526+0000][1][safepoint    ] Application time: 1.0003577 seconds
[2019-01-25T14:43:53.527+0000][1][safepoint    ] Total time for which application threads were stopped: 0.0000536 seconds, Stopping threads took: 0.0000137 seconds
[2019-01-25T14:43:54.528+0000][1][safepoint    ] Application time: 1.0003207 seconds
[2019-01-25T14:43:54.530+0000][1][safepoint    ] Total time for which application threads were stopped: 0.0002059 seconds, Stopping threads took: 0.0000465 seconds
[2019-01-25T14:43:55.040+0000][1][safepoint    ] Application time: 0.5085746 seconds
[2019-01-25T14:43:55.045+0000][1][safepoint    ] Total time for which application threads were stopped: 0.0001156 seconds, Stopping threads took: 0.0000182 seconds
[2019-01-25T14:43:55.052+0000][1][safepoint    ] Application time: 0.0069051 seconds
[2019-01-25T14:43:55.055+0000][1][safepoint    ] Total time for which application threads were stopped: 0.0001115 seconds, Stopping threads took: 0.0000186 seconds
[2019-01-25T14:43:56.059+0000][1][safepoint    ] Application time: 1.0035411 seconds
[2019-01-25T14:43:56.060+0000][1][safepoint    ] Total time for which application threads were stopped: 0.0000753 seconds, Stopping threads took: 0.0000175 seconds
[2019-01-25T14:43:57.061+0000][1][safepoint    ] Application time: 1.0001639 seconds
[2019-01-25T14:43:57.061+0000][1][safepoint    ] Total time for which application threads were stopped: 0.0000506 seconds, Stopping threads took: 0.0000141 seconds
[2019-01-25T14:43:57.578+0000][1][safepoint    ] Application time: 0.5158788 seconds
[2019-01-25T14:43:57.578+0000][1][safepoint    ] Total time for which application threads were stopped: 0.0000703 seconds, Stopping threads took: 0.0000117 seconds
[2019-01-25T14:43:57.580+0000][1][safepoint    ] Application time: 0.0014908 seconds
[2019-01-25T14:43:57.581+0000][1][safepoint    ] Total time for which application threads were stopped: 0.0001134 seconds, Stopping threads took: 0.0000203 seconds
[2019-01-25T14:43:58.581+0000][1][safepoint    ] Application time: 1.0001314 seconds
[2019-01-25T14:43:58.582+0000][1][safepoint    ] Total time for which application threads were stopped: 0.0000657 seconds, Stopping threads took: 0.0000268 seconds
[2019-01-25T14:43:59.583+0000][1][safepoint    ] Application time: 1.0001390 seconds
[2019-01-25T14:43:59.605+0000][1][safepoint    ] Total time for which application threads were stopped: 0.0000678 seconds, Stopping threads took: 0.0000176 seconds
[2019-01-25T14:44:00.096+0000][1][safepoint    ] Application time: 0.4805816 seconds
[2019-01-25T14:44:00.097+0000][1][safepoint    ] Total time for which application threads were stopped: 0.0001001 seconds, Stopping threads took: 0.0000168 seconds
[2019-01-25T14:44:00.102+0000][1][safepoint    ] Application time: 0.0044947 seconds
[2019-01-25T14:44:00.106+0000][1][safepoint    ] Total time for which application threads were stopped: 0.0003002 seconds, Stopping threads took: 0.0000172 seconds
[2019-01-25T14:44:01.109+0000][1][safepoint    ] Application time: 1.0001691 seconds
[2019-01-25T14:44:01.109+0000][1][safepoint    ] Total time for which application threads were stopped: 0.0000686 seconds, Stopping threads took: 0.0000183 seconds
[2019-01-25T14:44:02.110+0000][1][safepoint    ] Application time: 1.0001103 seconds
[2019-01-25T14:44:02.117+0000][1][safepoint    ] Total time for which application threads were stopped: 0.0000800 seconds, Stopping threads took: 0.0000183 seconds
[2019-01-25T14:44:02.617+0000][1][safepoint    ] Application time: 0.4989072 seconds
[2019-01-25T14:44:02.631+0000][1][safepoint    ] Total time for which application threads were stopped: 0.0001752 seconds, Stopping threads took: 0.0000805 seconds
[2019-01-25T14:44:02.649+0000][1][safepoint    ] Application time: 0.0024770 seconds
[2019-01-25T14:44:02.658+0000][1][safepoint    ] Total time for which application threads were stopped: 0.0000980 seconds, Stopping threads took: 0.0000182 seconds
[2019-01-25T14:44:03.705+0000][1][safepoint    ] Application time: 1.0001592 seconds
[2019-01-25T14:44:03.706+0000][1][safepoint    ] Total time for which application threads were stopped: 0.0000678 seconds, Stopping threads took: 0.0000161 seconds
[2019-01-25T14:44:04.706+0000][1][safepoint    ] Application time: 1.0001469 seconds
[2019-01-25T14:44:04.707+0000][1][safepoint    ] Total time for which application threads were stopped: 0.0000647 seconds, Stopping threads took: 0.0000298 seconds
[2019-01-25T14:44:05.210+0000][1][safepoint    ] Application time: 0.5030026 seconds
[2019-01-25T14:44:05.211+0000][1][safepoint    ] Total time for which application threads were stopped: 0.0001342 seconds, Stopping threads took: 0.0000158 seconds
[2019-01-25T14:44:05.219+0000][1][safepoint    ] Application time: 0.0023611 seconds
[2019-01-25T14:44:05.220+0000][1][safepoint    ] Total time for which application threads were stopped: 0.0001037 seconds, Stopping threads took: 0.0000151 seconds
[2019-01-25T14:44:06.225+0000][1][safepoint    ] Application time: 1.0001888 seconds
[2019-01-25T14:44:06.226+0000][1][safepoint    ] Total time for which application threads were stopped: 0.0000863 seconds, Stopping threads took: 0.0000178 seconds
[2019-01-25T14:44:07.227+0000][1][safepoint    ] Application time: 1.0001474 seconds
[2019-01-25T14:44:07.228+0000][1][safepoint    ] Total time for which application threads were stopped: 0.0000858 seconds, Stopping threads took: 0.0000184 seconds
[2019-01-25T14:44:07.731+0000][1][safepoint    ] Application time: 0.5024451 seconds
[2019-01-25T14:44:07.732+0000][1][safepoint    ] Total time for which application threads were stopped: 0.0000904 seconds, Stopping threads took: 0.0000157 seconds
[2019-01-25T14:44:07.733+0000][1][safepoint    ] Application time: 0.0009943 seconds
[2019-01-25T14:44:07.734+0000][1][safepoint    ] Total time for which application threads were stopped: 0.0000865 seconds, Stopping threads took: 0.0000119 seconds
[2019-01-25T14:44:08.735+0000][1][safepoint    ] Application time: 1.0002279 seconds
[2019-01-25T14:44:08.736+0000][1][safepoint    ] Total time for which application threads were stopped: 0.0000541 seconds, Stopping threads took: 0.0000151 seconds
[2019-01-25T14:44:09.737+0000][1][safepoint    ] Application time: 1.0001562 seconds
[2019-01-25T14:44:09.737+0000][1][safepoint    ] Total time for which application threads were stopped: 0.0000539 seconds, Stopping threads took: 0.0000184 seconds
[2019-01-25T14:44:10.247+0000][1][safepoint    ] Application time: 0.5098005 seconds
[2019-01-25T14:44:10.249+0000][1][safepoint    ] Total time for which application threads were stopped: 0.0001422 seconds, Stopping threads took: 0.0000222 seconds
[2019-01-25T14:44:10.253+0000][1][safepoint    ] Application time: 0.0024270 seconds
[2019-01-25T14:44:10.254+0000][1][safepoint    ] Total time for which application threads were stopped: 0.0001559 seconds, Stopping threads took: 0.0000248 seconds
[2019-01-25T14:44:11.256+0000][1][safepoint    ] Application time: 1.0002182 seconds
[2019-01-25T14:44:11.256+0000][1][safepoint    ] Total time for which application threads were stopped: 0.0000461 seconds, Stopping threads took: 0.0000121 seconds
[2019-01-25T14:44:12.257+0000][1][safepoint    ] Application time: 1.0001809 seconds
[2019-01-25T14:44:12.257+0000][1][safepoint    ] Total time for which application threads were stopped: 0.0000473 seconds, Stopping threads took: 0.0000119 seconds
[2019-01-25T14:44:12.770+0000][1][safepoint    ] Application time: 0.5119894 seconds
[2019-01-25T14:44:12.772+0000][1][safepoint    ] Total time for which application threads were stopped: 0.0003460 seconds, Stopping threads took: 0.0001358 seconds
[2019-01-25T14:44:12.780+0000][1][safepoint    ] Application time: 0.0046112 seconds
[2019-01-25T14:44:12.781+0000][1][safepoint    ] Total time for which application threads were stopped: 0.0001011 seconds, Stopping threads took: 0.0000163 seconds
[2019-01-25T14:44:13.782+0000][1][safepoint    ] Application time: 1.0001559 seconds
[2019-01-25T14:44:13.783+0000][1][safepoint    ] Total time for which application threads were stopped: 0.0000492 seconds, Stopping threads took: 0.0000120 seconds
[2019-01-25T14:44:14.783+0000][1][safepoint    ] Application time: 1.0001431 seconds
[2019-01-25T14:44:14.784+0000][1][safepoint    ] Total time for which application threads were stopped: 0.0000544 seconds, Stopping threads took: 0.0000140 seconds
[2019-01-25T14:44:15.289+0000][1][safepoint    ] Application time: 0.5045664 seconds
[2019-01-25T14:44:15.290+0000][1][safepoint    ] Total time for which application threads were stopped: 0.0001653 seconds, Stopping threads took: 0.0000172 seconds
[2019-01-25T14:44:15.293+0000][1][safepoint    ] Application time: 0.0024381 seconds
[2019-01-25T14:44:15.294+0000][1][safepoint    ] Total time for which application threads were stopped: 0.0001068 seconds, Stopping threads took: 0.0000152 seconds
[2019-01-25T14:44:16.294+0000][1][safepoint    ] Application time: 1.0001671 seconds
[2019-01-25T14:44:16.295+0000][1][safepoint    ] Total time for which application threads were stopped: 0.0000610 seconds, Stopping threads took: 0.0000137 seconds
[2019-01-25T14:44:17.295+0000][1][safepoint    ] Application time: 1.0001256 seconds
[2019-01-25T14:44:17.296+0000][1][safepoint    ] Total time for which application threads were stopped: 0.0000629 seconds, Stopping threads took: 0.0000154 seconds
[2019-01-25T14:44:17.811+0000][1][safepoint    ] Application time: 0.5105632 seconds
[2019-01-25T14:44:17.811+0000][1][safepoint    ] Total time for which application threads were stopped: 0.0000980 seconds, Stopping threads took: 0.0000155 seconds
[2019-01-25T14:44:17.813+0000][1][safepoint    ] Application time: 0.0015134 seconds
[2019-01-25T14:44:17.815+0000][1][safepoint    ] Total time for which application threads were stopped: 0.0001078 seconds, Stopping threads took: 0.0000166 seconds
[2019-01-25T14:44:18.816+0000][1][safepoint    ] Application time: 1.0004349 seconds
[2019-01-25T14:44:18.818+0000][1][safepoint    ] Total time for which application threads were stopped: 0.0001203 seconds, Stopping threads took: 0.0000401 seconds
[2019-01-25T14:44:19.819+0000][1][safepoint    ] Application time: 1.0001188 seconds
[2019-01-25T14:44:19.820+0000][1][safepoint    ] Total time for which application threads were stopped: 0.0000824 seconds, Stopping threads took: 0.0000175 seconds
[2019-01-25T14:44:20.334+0000][1][safepoint    ] Application time: 0.5140101 seconds
[2019-01-25T14:44:20.337+0000][1][safepoint    ] Total time for which application threads were stopped: 0.0002861 seconds, Stopping threads took: 0.0000400 seconds
[2019-01-25T14:44:20.348+0000][1][safepoint    ] Application time: 0.0095659 seconds
[2019-01-25T14:44:20.350+0000][1][safepoint    ] Total time for which application threads were stopped: 0.0002993 seconds, Stopping threads took: 0.0000474 seconds
[2019-01-25T14:44:21.351+0000][1][safepoint    ] Application time: 1.0002079 seconds
[2019-01-25T14:44:21.355+0000][1][safepoint    ] Total time for which application threads were stopped: 0.0000656 seconds, Stopping threads took: 0.0000168 seconds
[2019-01-25T14:44:22.356+0000][1][safepoint    ] Application time: 1.0001013 seconds
[2019-01-25T14:44:22.357+0000][1][safepoint    ] Total time for which application threads were stopped: 0.0000900 seconds, Stopping threads took: 0.0000302 seconds
[2019-01-25T14:44:22.864+0000][1][safepoint    ] Application time: 0.5067041 seconds
[2019-01-25T14:44:22.865+0000][1][safepoint    ] Total time for which application threads were stopped: 0.0001241 seconds, Stopping threads took: 0.0000168 seconds
[2019-01-25T14:44:22.866+0000][1][safepoint    ] Application time: 0.0009535 seconds
[2019-01-25T14:44:22.867+0000][1][safepoint    ] Total time for which application threads were stopped: 0.0000708 seconds, Stopping threads took: 0.0000123 seconds
[2019-01-25T14:44:23.868+0000][1][safepoint    ] Application time: 1.0001135 seconds
[2019-01-25T14:44:23.869+0000][1][safepoint    ] Total time for which application threads were stopped: 0.0000808 seconds, Stopping threads took: 0.0000178 seconds
[2019-01-25T14:44:24.870+0000][1][safepoint    ] Application time: 1.0001296 seconds
[2019-01-25T14:44:24.871+0000][1][safepoint    ] Total time for which application threads were stopped: 0.0000740 seconds, Stopping threads took: 0.0000165 seconds
[2019-01-25T14:44:25.372+0000][1][safepoint    ] Application time: 0.5011777 seconds
[2019-01-25T14:44:25.373+0000][1][safepoint    ] Total time for which application threads were stopped: 0.0001089 seconds, Stopping threads took: 0.0000175 seconds
[2019-01-25T14:44:25.375+0000][1][safepoint    ] Application time: 0.0015627 seconds
[2019-01-25T14:44:25.376+0000][1][safepoint    ] Total time for which application threads were stopped: 0.0000713 seconds, Stopping threads took: 0.0000126 seconds
[2019-01-25T14:44:26.377+0000][1][safepoint    ] Application time: 1.0003891 seconds
[2019-01-25T14:44:26.378+0000][1][safepoint    ] Total time for which application threads were stopped: 0.0000481 seconds, Stopping threads took: 0.0000135 seconds
[2019-01-25T14:44:27.378+0000][1][safepoint    ] Application time: 1.0001097 seconds
[2019-01-25T14:44:27.379+0000][1][safepoint    ] Total time for which application threads were stopped: 0.0000868 seconds, Stopping threads took: 0.0000280 seconds
[2019-01-25T14:44:27.884+0000][1][safepoint    ] Application time: 0.5044922 seconds
[2019-01-25T14:44:27.885+0000][1][safepoint    ] Total time for which application threads were stopped: 0.0001096 seconds, Stopping threads took: 0.0000171 seconds
[2019-01-25T14:44:27.887+0000][1][safepoint    ] Application time: 0.0013735 seconds
[2019-01-25T14:44:27.887+0000][1][safepoint    ] Total time for which application threads were stopped: 0.0000988 seconds, Stopping threads took: 0.0000163 seconds
[2019-01-25T14:44:28.888+0000][1][safepoint    ] Application time: 1.0001918 seconds
[2019-01-25T14:44:28.888+0000][1][safepoint    ] Total time for which application threads were stopped: 0.0000483 seconds, Stopping threads took: 0.0000131 seconds
[2019-01-25T14:44:29.889+0000][1][safepoint    ] Application time: 1.0001755 seconds
[2019-01-25T14:44:29.889+0000][1][safepoint    ] Total time for which application threads were stopped: 0.0000530 seconds, Stopping threads took: 0.0000127 seconds
[2019-01-25T14:44:30.394+0000][1][safepoint    ] Application time: 0.5036755 seconds
[2019-01-25T14:44:30.395+0000][1][safepoint    ] Total time for which application threads were stopped: 0.0001066 seconds, Stopping threads took: 0.0000131 seconds
[2019-01-25T14:44:30.400+0000][1][safepoint    ] Application time: 0.0036463 seconds
[2019-01-25T14:44:30.401+0000][1][safepoint    ] Total time for which application threads were stopped: 0.0002188 seconds, Stopping threads took: 0.0000139 seconds
[2019-01-25T14:44:31.402+0000][1][safepoint    ] Application time: 1.0001672 seconds
[2019-01-25T14:44:31.406+0000][1][safepoint    ] Total time for which application threads were stopped: 0.0000652 seconds, Stopping threads took: 0.0000159 seconds
[2019-01-25T14:44:32.409+0000][1][safepoint    ] Application time: 1.0001217 seconds
[2019-01-25T14:44:32.410+0000][1][safepoint    ] Total time for which application threads were stopped: 0.0000449 seconds, Stopping threads took: 0.0000116 seconds
[2019-01-25T14:44:32.909+0000][1][safepoint    ] Application time: 0.4987330 seconds
[2019-01-25T14:44:32.910+0000][1][safepoint    ] Total time for which application threads were stopped: 0.0000724 seconds, Stopping threads took: 0.0000120 seconds
[2019-01-25T14:44:32.913+0000][1][safepoint    ] Application time: 0.0013022 seconds
[2019-01-25T14:44:32.914+0000][1][safepoint    ] Total time for which application threads were stopped: 0.0000741 seconds, Stopping threads took: 0.0000156 seconds
[2019-01-25T14:44:33.915+0000][1][safepoint    ] Application time: 1.0001625 seconds
[2019-01-25T14:44:33.915+0000][1][safepoint    ] Total time for which application threads were stopped: 0.0000632 seconds, Stopping threads took: 0.0000158 seconds
[2019-01-25T14:44:34.916+0000][1][safepoint    ] Application time: 1.0002082 seconds
[2019-01-25T14:44:34.918+0000][1][safepoint    ] Total time for which application threads were stopped: 0.0001023 seconds, Stopping threads took: 0.0000434 seconds
[2019-01-25T14:44:35.421+0000][1][safepoint    ] Application time: 0.5016908 seconds
[2019-01-25T14:44:35.423+0000][1][safepoint    ] Total time for which application threads were stopped: 0.0001544 seconds, Stopping threads took: 0.0000185 seconds
[2019-01-25T14:44:35.426+0000][1][safepoint    ] Application time: 0.0017161 seconds
[2019-01-25T14:44:35.426+0000][1][safepoint    ] Total time for which application threads were stopped: 0.0000683 seconds, Stopping threads took: 0.0000116 seconds
[2019-01-25T14:44:36.427+0000][1][safepoint    ] Application time: 1.0001414 seconds
[2019-01-25T14:44:36.428+0000][1][safepoint    ] Total time for which application threads were stopped: 0.0000667 seconds, Stopping threads took: 0.0000173 seconds
[2019-01-25T14:44:37.429+0000][1][safepoint    ] Application time: 1.0001252 seconds
[2019-01-25T14:44:37.429+0000][1][safepoint    ] Total time for which application threads were stopped: 0.0000925 seconds, Stopping threads took: 0.0000172 seconds
[2019-01-25T14:44:37.934+0000][1][safepoint    ] Application time: 0.5037599 seconds
[2019-01-25T14:44:37.935+0000][1][safepoint    ] Total time for which application threads were stopped: 0.0000740 seconds, Stopping threads took: 0.0000130 seconds
[2019-01-25T14:44:37.936+0000][1][safepoint    ] Application time: 0.0011238 seconds
[2019-01-25T14:44:37.938+0000][1][safepoint    ] Total time for which application threads were stopped: 0.0001029 seconds, Stopping threads took: 0.0000185 seconds
[2019-01-25T14:44:38.941+0000][1][safepoint    ] Application time: 1.0001170 seconds
[2019-01-25T14:44:38.942+0000][1][safepoint    ] Total time for which application threads were stopped: 0.0000607 seconds, Stopping threads took: 0.0000139 seconds
[2019-01-25T14:44:39.943+0000][1][safepoint    ] Application time: 1.0001393 seconds
[2019-01-25T14:44:39.944+0000][1][safepoint    ] Total time for which application threads were stopped: 0.0000626 seconds, Stopping threads took: 0.0000152 seconds
[2019-01-25T14:44:40.448+0000][1][safepoint    ] Application time: 0.5037756 seconds
[2019-01-25T14:44:40.448+0000][1][safepoint    ] Total time for which application threads were stopped: 0.0001054 seconds, Stopping threads took: 0.0000149 seconds
[2019-01-25T14:44:40.453+0000][1][safepoint    ] Application time: 0.0045125 seconds
[2019-01-25T14:44:40.454+0000][1][safepoint    ] Total time for which application threads were stopped: 0.0001331 seconds, Stopping threads took: 0.0000148 seconds
[2019-01-25T14:44:41.455+0000][1][safepoint    ] Application time: 1.0001944 seconds
[2019-01-25T14:44:41.455+0000][1][safepoint    ] Total time for which application threads were stopped: 0.0000507 seconds, Stopping threads took: 0.0000133 seconds
[2019-01-25T14:44:42.456+0000][1][safepoint    ] Application time: 1.0001155 seconds
[2019-01-25T14:44:42.456+0000][1][safepoint    ] Total time for which application threads were stopped: 0.0000497 seconds, Stopping threads took: 0.0000129 seconds
[2019-01-25T14:44:42.961+0000][1][safepoint    ] Application time: 0.5039522 seconds
[2019-01-25T14:44:42.961+0000][1][safepoint    ] Total time for which application threads were stopped: 0.0000765 seconds, Stopping threads took: 0.0000120 seconds
[2019-01-25T14:44:42.964+0000][1][safepoint    ] Application time: 0.0022669 seconds
[2019-01-25T14:44:42.964+0000][1][safepoint    ] Total time for which application threads were stopped: 0.0000752 seconds, Stopping threads took: 0.0000128 seconds
[2019-01-25T14:44:43.965+0000][1][safepoint    ] Application time: 1.0001501 seconds
[2019-01-25T14:44:43.968+0000][1][safepoint    ] Total time for which application threads were stopped: 0.0000496 seconds, Stopping threads took: 0.0000130 seconds
[2019-01-25T14:44:44.968+0000][1][safepoint    ] Application time: 1.0001006 seconds
[2019-01-25T14:44:44.969+0000][1][safepoint    ] Total time for which application threads were stopped: 0.0000464 seconds, Stopping threads took: 0.0000124 seconds
[2019-01-25T14:44:45.472+0000][1][safepoint    ] Application time: 0.5029414 seconds
[2019-01-25T14:44:45.473+0000][1][safepoint    ] Total time for which application threads were stopped: 0.0000734 seconds, Stopping threads took: 0.0000114 seconds
[2019-01-25T14:44:45.475+0000][1][safepoint    ] Application time: 0.0018086 seconds
[2019-01-25T14:44:45.476+0000][1][safepoint    ] Total time for which application threads were stopped: 0.0000932 seconds, Stopping threads took: 0.0000162 seconds
[2019-01-25T14:44:46.476+0000][1][safepoint    ] Application time: 1.0001243 seconds
[2019-01-25T14:44:46.477+0000][1][safepoint    ] Total time for which application threads were stopped: 0.0000485 seconds, Stopping threads took: 0.0000126 seconds
[2019-01-25T14:44:47.477+0000][1][safepoint    ] Application time: 1.0001114 seconds
[2019-01-25T14:44:47.478+0000][1][safepoint    ] Total time for which application threads were stopped: 0.0000515 seconds, Stopping threads took: 0.0000142 seconds
[2019-01-25T14:44:47.988+0000][1][safepoint    ] Application time: 0.5094627 seconds
[2019-01-25T14:44:47.989+0000][1][safepoint    ] Total time for which application threads were stopped: 0.0001086 seconds, Stopping threads took: 0.0000174 seconds
[2019-01-25T14:44:47.992+0000][1][safepoint    ] Application time: 0.0015783 seconds
[2019-01-25T14:44:47.993+0000][1][safepoint    ] Total time for which application threads were stopped: 0.0002746 seconds, Stopping threads took: 0.0000168 seconds
[2019-01-25T14:44:48.995+0000][1][safepoint    ] Application time: 1.0003346 seconds
[2019-01-25T14:44:48.997+0000][1][safepoint    ] Total time for which application threads were stopped: 0.0002163 seconds, Stopping threads took: 0.0000403 seconds
[2019-01-25T14:44:49.999+0000][1][safepoint    ] Application time: 1.0002520 seconds
[2019-01-25T14:44:49.999+0000][1][safepoint    ] Total time for which application threads were stopped: 0.0000743 seconds, Stopping threads took: 0.0000194 seconds
[2019-01-25T14:44:50.500+0000][1][safepoint    ] Application time: 0.5002466 seconds
[2019-01-25T14:44:50.501+0000][1][safepoint    ] Total time for which application threads were stopped: 0.0000944 seconds, Stopping threads took: 0.0000163 seconds
[2019-01-25T14:44:50.502+0000][1][safepoint    ] Application time: 0.0013186 seconds
[2019-01-25T14:44:50.504+0000][1][safepoint    ] Total time for which application threads were stopped: 0.0001002 seconds, Stopping threads took: 0.0000187 seconds
[2019-01-25T14:44:51.506+0000][1][safepoint    ] Application time: 1.0006006 seconds
[2019-01-25T14:44:51.507+0000][1][safepoint    ] Total time for which application threads were stopped: 0.0000849 seconds, Stopping threads took: 0.0000231 seconds
[2019-01-25T14:44:52.508+0000][1][safepoint    ] Application time: 1.0001611 seconds
[2019-01-25T14:44:52.508+0000][1][safepoint    ] Total time for which application threads were stopped: 0.0000762 seconds, Stopping threads took: 0.0000196 seconds
[2019-01-25T14:44:53.012+0000][1][safepoint    ] Application time: 0.5034879 seconds
[2019-01-25T14:44:53.013+0000][1][safepoint    ] Total time for which application threads were stopped: 0.0000729 seconds, Stopping threads took: 0.0000123 seconds
[2019-01-25T14:44:53.047+0000][1][safepoint    ] Application time: 0.0342461 seconds
[2019-01-25T14:44:53.048+0000][1][safepoint    ] Total time for which application threads were stopped: 0.0000724 seconds, Stopping threads took: 0.0000120 seconds
[2019-01-25T14:44:54.050+0000][1][safepoint    ] Application time: 1.0001617 seconds
[2019-01-25T14:44:54.053+0000][1][safepoint    ] Total time for which application threads were stopped: 0.0001121 seconds, Stopping threads took: 0.0000183 seconds
[2019-01-25T14:44:55.054+0000][1][safepoint    ] Application time: 1.0001015 seconds
[2019-01-25T14:44:55.054+0000][1][safepoint    ] Total time for which application threads were stopped: 0.0000732 seconds, Stopping threads took: 0.0000166 seconds
[2019-01-25T14:44:55.557+0000][1][safepoint    ] Application time: 0.5026083 seconds
[2019-01-25T14:44:55.558+0000][1][safepoint    ] Total time for which application threads were stopped: 0.0001165 seconds, Stopping threads took: 0.0000165 seconds
[2019-01-25T14:44:55.560+0000][1][safepoint    ] Application time: 0.0016806 seconds
[2019-01-25T14:44:55.560+0000][1][safepoint    ] Total time for which application threads were stopped: 0.0000936 seconds, Stopping threads took: 0.0000140 seconds
[2019-01-25T14:44:56.561+0000][1][safepoint    ] Application time: 1.0001654 seconds
[2019-01-25T14:44:56.563+0000][1][safepoint    ] Total time for which application threads were stopped: 0.0008820 seconds, Stopping threads took: 0.0000170 seconds
[2019-01-25T14:44:57.563+0000][1][safepoint    ] Application time: 1.0001377 seconds
[2019-01-25T14:44:57.626+0000][1][safepoint    ] Total time for which application threads were stopped: 0.0000648 seconds, Stopping threads took: 0.0000170 seconds
[2019-01-25T14:44:58.066+0000][1][safepoint    ] Application time: 0.4384145 seconds
[2019-01-25T14:44:58.067+0000][1][safepoint    ] Total time for which application threads were stopped: 0.0000712 seconds, Stopping threads took: 0.0000119 seconds
[2019-01-25T14:44:58.068+0000][1][safepoint    ] Application time: 0.0013973 seconds
[2019-01-25T14:44:58.069+0000][1][safepoint    ] Total time for which application threads were stopped: 0.0000950 seconds, Stopping threads took: 0.0000187 seconds
[2019-01-25T14:44:59.070+0000][1][safepoint    ] Application time: 1.0001501 seconds
[2019-01-25T14:44:59.070+0000][1][safepoint    ] Total time for which application threads were stopped: 0.0000951 seconds, Stopping threads took: 0.0000157 seconds
[2019-01-25T14:45:00.071+0000][1][safepoint    ] Application time: 1.0001337 seconds
[2019-01-25T14:45:00.072+0000][1][safepoint    ] Total time for which application threads were stopped: 0.0000877 seconds, Stopping threads took: 0.0000168 seconds
[2019-01-25T14:45:00.578+0000][1][safepoint    ] Application time: 0.5051383 seconds
[2019-01-25T14:45:00.622+0000][1][safepoint    ] Total time for which application threads were stopped: 0.0001085 seconds, Stopping threads took: 0.0000178 seconds
[2019-01-25T14:45:00.625+0000][1][safepoint    ] Application time: 0.0013746 seconds
[2019-01-25T14:45:00.626+0000][1][safepoint    ] Total time for which application threads were stopped: 0.0001043 seconds, Stopping threads took: 0.0000161 seconds
[2019-01-25T14:45:01.631+0000][1][safepoint    ] Application time: 1.0002542 seconds
[2019-01-25T14:45:01.632+0000][1][safepoint    ] Total time for which application threads were stopped: 0.0001361 seconds, Stopping threads took: 0.0000306 seconds
[2019-01-25T14:45:02.635+0000][1][safepoint    ] Application time: 1.0001848 seconds
[2019-01-25T14:45:02.638+0000][1][safepoint    ] Total time for which application threads were stopped: 0.0000776 seconds, Stopping threads took: 0.0000179 seconds
[2019-01-25T14:45:03.156+0000][1][safepoint    ] Application time: 0.5176412 seconds
[2019-01-25T14:45:03.157+0000][1][safepoint    ] Total time for which application threads were stopped: 0.0001031 seconds, Stopping threads took: 0.0000188 seconds
[2019-01-25T14:45:03.161+0000][1][safepoint    ] Application time: 0.0033981 seconds
[2019-01-25T14:45:03.162+0000][1][safepoint    ] Total time for which application threads were stopped: 0.0000976 seconds, Stopping threads took: 0.0000161 seconds
[2019-01-25T14:45:04.163+0000][1][safepoint    ] Application time: 1.0001756 seconds
[2019-01-25T14:45:04.168+0000][1][safepoint    ] Total time for which application threads were stopped: 0.0000660 seconds, Stopping threads took: 0.0000160 seconds
[2019-01-25T14:45:05.179+0000][1][safepoint    ] Application time: 1.0001794 seconds
[2019-01-25T14:45:05.179+0000][1][safepoint    ] Total time for which application threads were stopped: 0.0001045 seconds, Stopping threads took: 0.0000371 seconds
[2019-01-25T14:45:05.669+0000][1][safepoint    ] Application time: 0.4895009 seconds
[2019-01-25T14:45:05.676+0000][1][safepoint    ] Total time for which application threads were stopped: 0.0001286 seconds, Stopping threads took: 0.0000187 seconds
[2019-01-25T14:45:05.679+0000][1][safepoint    ] Application time: 0.0015575 seconds
[2019-01-25T14:45:05.680+0000][1][safepoint    ] Total time for which application threads were stopped: 0.0001013 seconds, Stopping threads took: 0.0000155 seconds
[2019-01-25T14:45:06.681+0000][1][safepoint    ] Application time: 1.0001570 seconds
[2019-01-25T14:45:06.681+0000][1][safepoint    ] Total time for which application threads were stopped: 0.0000655 seconds, Stopping threads took: 0.0000129 seconds
[2019-01-25T14:45:07.682+0000][1][safepoint    ] Application time: 1.0001615 seconds
[2019-01-25T14:45:07.683+0000][1][safepoint    ] Total time for which application threads were stopped: 0.0000890 seconds, Stopping threads took: 0.0000180 seconds
[2019-01-25T14:45:08.187+0000][1][safepoint    ] Application time: 0.5040443 seconds
[2019-01-25T14:45:08.188+0000][1][safepoint    ] Total time for which application threads were stopped: 0.0000783 seconds, Stopping threads took: 0.0000125 seconds
[2019-01-25T14:45:08.190+0000][1][safepoint    ] Application time: 0.0021302 seconds
[2019-01-25T14:45:08.191+0000][1][safepoint    ] Total time for which application threads were stopped: 0.0000718 seconds, Stopping threads took: 0.0000120 seconds
[2019-01-25T14:45:09.191+0000][1][safepoint    ] Application time: 1.0002181 seconds
[2019-01-25T14:45:09.192+0000][1][safepoint    ] Total time for which application threads were stopped: 0.0000474 seconds, Stopping threads took: 0.0000122 seconds
[2019-01-25T14:45:10.192+0000][1][safepoint    ] Application time: 1.0001745 seconds
[2019-01-25T14:45:10.193+0000][1][safepoint    ] Total time for which application threads were stopped: 0.0000882 seconds, Stopping threads took: 0.0000151 seconds
[2019-01-25T14:45:10.696+0000][1][safepoint    ] Application time: 0.5027785 seconds
[2019-01-25T14:45:10.698+0000][1][safepoint    ] Total time for which application threads were stopped: 0.0000769 seconds, Stopping threads took: 0.0000129 seconds
[2019-01-25T14:45:10.700+0000][1][safepoint    ] Application time: 0.0013764 seconds
[2019-01-25T14:45:10.700+0000][1][safepoint    ] Total time for which application threads were stopped: 0.0000912 seconds, Stopping threads took: 0.0000152 seconds
[2019-01-25T14:45:11.701+0000][1][safepoint    ] Application time: 1.0001973 seconds
[2019-01-25T14:45:11.702+0000][1][safepoint    ] Total time for which application threads were stopped: 0.0000816 seconds, Stopping threads took: 0.0000157 seconds
[2019-01-25T14:45:12.702+0000][1][safepoint    ] Application time: 1.0002252 seconds
[2019-01-25T14:45:12.703+0000][1][safepoint    ] Total time for which application threads were stopped: 0.0000487 seconds, Stopping threads took: 0.0000142 seconds
[2019-01-25T14:45:13.208+0000][1][safepoint    ] Application time: 0.5050475 seconds
[2019-01-25T14:45:13.209+0000][1][safepoint    ] Total time for which application threads were stopped: 0.0001040 seconds, Stopping threads took: 0.0000164 seconds
[2019-01-25T14:45:13.210+0000][1][safepoint    ] Application time: 0.0011737 seconds
[2019-01-25T14:45:13.213+0000][1][safepoint    ] Total time for which application threads were stopped: 0.0000898 seconds, Stopping threads took: 0.0000158 seconds
[2019-01-25T14:45:14.215+0000][1][safepoint    ] Application time: 1.0002891 seconds
[2019-01-25T14:45:14.218+0000][1][safepoint    ] Total time for which application threads were stopped: 0.0000892 seconds, Stopping threads took: 0.0000186 seconds
[2019-01-25T14:45:15.218+0000][1][safepoint    ] Application time: 1.0001755 seconds
[2019-01-25T14:45:15.219+0000][1][safepoint    ] Total time for which application threads were stopped: 0.0000951 seconds, Stopping threads took: 0.0000196 seconds
[2019-01-25T14:45:15.720+0000][1][safepoint    ] Application time: 0.5000838 seconds
[2019-01-25T14:45:15.724+0000][1][safepoint    ] Total time for which application threads were stopped: 0.0001038 seconds, Stopping threads took: 0.0000173 seconds
[2019-01-25T14:45:15.731+0000][1][safepoint    ] Application time: 0.0013245 seconds
[2019-01-25T14:45:15.732+0000][1][safepoint    ] Total time for which application threads were stopped: 0.0000958 seconds, Stopping threads took: 0.0000157 seconds
[2019-01-25T14:45:16.733+0000][1][safepoint    ] Application time: 1.0001332 seconds
[2019-01-25T14:45:16.735+0000][1][safepoint    ] Total time for which application threads were stopped: 0.0000723 seconds, Stopping threads took: 0.0000181 seconds
[2019-01-25T14:45:17.738+0000][1][safepoint    ] Application time: 1.0001374 seconds
[2019-01-25T14:45:17.739+0000][1][safepoint    ] Total time for which application threads were stopped: 0.0000497 seconds, Stopping threads took: 0.0000142 seconds
[2019-01-25T14:45:18.240+0000][1][safepoint    ] Application time: 0.5002775 seconds
[2019-01-25T14:45:18.240+0000][1][safepoint    ] Total time for which application threads were stopped: 0.0000894 seconds, Stopping threads took: 0.0000143 seconds
[2019-01-25T14:45:18.242+0000][1][safepoint    ] Application time: 0.0009770 seconds
[2019-01-25T14:45:18.242+0000][1][safepoint    ] Total time for which application threads were stopped: 0.0001048 seconds, Stopping threads took: 0.0000160 seconds
[2019-01-25T14:45:19.244+0000][1][safepoint    ] Application time: 1.0003957 seconds
[2019-01-25T14:45:19.246+0000][1][safepoint    ] Total time for which application threads were stopped: 0.0001743 seconds, Stopping threads took: 0.0000546 seconds
[2019-01-25T14:45:20.248+0000][1][safepoint    ] Application time: 1.0001971 seconds
[2019-01-25T14:45:20.253+0000][1][safepoint    ] Total time for which application threads were stopped: 0.0000736 seconds, Stopping threads took: 0.0000180 seconds
[2019-01-25T14:45:20.749+0000][1][safepoint    ] Application time: 0.4955786 seconds
[2019-01-25T14:45:20.750+0000][1][safepoint    ] Total time for which application threads were stopped: 0.0000788 seconds, Stopping threads took: 0.0000138 seconds
[2019-01-25T14:45:20.752+0000][1][safepoint    ] Application time: 0.0014431 seconds
[2019-01-25T14:45:20.756+0000][1][safepoint    ] Total time for which application threads were stopped: 0.0000979 seconds, Stopping threads took: 0.0000163 seconds
[2019-01-25T14:45:21.760+0000][1][safepoint    ] Application time: 1.0001555 seconds
[2019-01-25T14:45:21.769+0000][1][safepoint    ] Total time for which application threads were stopped: 0.0000758 seconds, Stopping threads took: 0.0000181 seconds
[2019-01-25T14:45:22.779+0000][1][safepoint    ] Application time: 1.0001591 seconds
[2019-01-25T14:45:22.781+0000][1][safepoint    ] Total time for which application threads were stopped: 0.0000709 seconds, Stopping threads took: 0.0000178 seconds
[2019-01-25T14:45:23.275+0000][1][safepoint    ] Application time: 0.4881617 seconds
[2019-01-25T14:45:23.281+0000][1][safepoint    ] Total time for which application threads were stopped: 0.0001116 seconds, Stopping threads took: 0.0000168 seconds
[2019-01-25T14:45:23.297+0000][1][safepoint    ] Application time: 0.0014494 seconds
[2019-01-25T14:45:23.298+0000][1][safepoint    ] Total time for which application threads were stopped: 0.0000968 seconds, Stopping threads took: 0.0000173 seconds
[2019-01-25T14:45:24.301+0000][1][safepoint    ] Application time: 1.0001827 seconds
[2019-01-25T14:45:24.302+0000][1][safepoint    ] Total time for which application threads were stopped: 0.0000734 seconds, Stopping threads took: 0.0000175 seconds
[2019-01-25T14:45:25.303+0000][1][safepoint    ] Application time: 1.0002686 seconds
[2019-01-25T14:45:25.304+0000][1][safepoint    ] Total time for which application threads were stopped: 0.0002011 seconds, Stopping threads took: 0.0000386 seconds
[2019-01-25T14:45:25.806+0000][1][safepoint    ] Application time: 0.5004332 seconds
[2019-01-25T14:45:25.807+0000][1][safepoint    ] Total time for which application threads were stopped: 0.0001042 seconds, Stopping threads took: 0.0000163 seconds
[2019-01-25T14:45:25.808+0000][1][safepoint    ] Application time: 0.0011948 seconds
[2019-01-25T14:45:25.811+0000][1][safepoint    ] Total time for which application threads were stopped: 0.0001579 seconds, Stopping threads took: 0.0000292 seconds
[2019-01-25T14:45:26.812+0000][1][safepoint    ] Application time: 1.0001651 seconds
[2019-01-25T14:45:26.813+0000][1][safepoint    ] Total time for which application threads were stopped: 0.0000755 seconds, Stopping threads took: 0.0000177 seconds
[2019-01-25T14:45:27.813+0000][1][safepoint    ] Application time: 1.0001362 seconds
[2019-01-25T14:45:27.814+0000][1][safepoint    ] Total time for which application threads were stopped: 0.0000811 seconds, Stopping threads took: 0.0000309 seconds
[2019-01-25T14:45:28.328+0000][1][safepoint    ] Application time: 0.5132706 seconds
[2019-01-25T14:45:28.339+0000][1][safepoint    ] Total time for which application threads were stopped: 0.0001405 seconds, Stopping threads took: 0.0000215 seconds
[2019-01-25T14:45:28.344+0000][1][safepoint    ] Application time: 0.0016026 seconds
[2019-01-25T14:45:28.346+0000][1][safepoint    ] Total time for which application threads were stopped: 0.0001122 seconds, Stopping threads took: 0.0000177 seconds
[2019-01-25T14:45:29.347+0000][1][safepoint    ] Application time: 1.0001232 seconds
[2019-01-25T14:45:29.348+0000][1][safepoint    ] Total time for which application threads were stopped: 0.0000485 seconds, Stopping threads took: 0.0000126 seconds
[2019-01-25T14:45:30.351+0000][1][safepoint    ] Application time: 1.0001283 seconds
[2019-01-25T14:45:30.354+0000][1][safepoint    ] Total time for which application threads were stopped: 0.0000657 seconds, Stopping threads took: 0.0000169 seconds
[2019-01-25T14:45:30.854+0000][1][safepoint    ] Application time: 0.4982333 seconds
[2019-01-25T14:45:30.854+0000][1][safepoint    ] Total time for which application threads were stopped: 0.0000971 seconds, Stopping threads took: 0.0000167 seconds
[2019-01-25T14:45:30.856+0000][1][safepoint    ] Application time: 0.0014303 seconds
[2019-01-25T14:45:30.858+0000][1][safepoint    ] Total time for which application threads were stopped: 0.0000973 seconds, Stopping threads took: 0.0000167 seconds
[2019-01-25T14:45:31.859+0000][1][safepoint    ] Application time: 1.0002440 seconds
[2019-01-25T14:45:31.860+0000][1][safepoint    ] Total time for which application threads were stopped: 0.0002180 seconds, Stopping threads took: 0.0000953 seconds
[2019-01-25T14:45:32.861+0000][1][safepoint    ] Application time: 1.0001847 seconds
[2019-01-25T14:45:32.862+0000][1][safepoint    ] Total time for which application threads were stopped: 0.0000595 seconds, Stopping threads took: 0.0000197 seconds
[2019-01-25T14:45:33.375+0000][1][safepoint    ] Application time: 0.5123119 seconds
[2019-01-25T14:45:33.377+0000][1][safepoint    ] Total time for which application threads were stopped: 0.0002505 seconds, Stopping threads took: 0.0000387 seconds
[2019-01-25T14:45:33.386+0000][1][safepoint    ] Application time: 0.0060689 seconds
[2019-01-25T14:45:33.389+0000][1][safepoint    ] Total time for which application threads were stopped: 0.0004758 seconds, Stopping threads took: 0.0000524 seconds
[2019-01-25T14:45:34.390+0000][1][safepoint    ] Application time: 1.0001438 seconds
[2019-01-25T14:45:34.391+0000][1][safepoint    ] Total time for which application threads were stopped: 0.0000667 seconds, Stopping threads took: 0.0000171 seconds
[2019-01-25T14:45:35.391+0000][1][safepoint    ] Application time: 1.0001216 seconds
[2019-01-25T14:45:35.392+0000][1][safepoint    ] Total time for which application threads were stopped: 0.0000881 seconds, Stopping threads took: 0.0000401 seconds
[2019-01-25T14:45:35.900+0000][1][safepoint    ] Application time: 0.5080642 seconds
[2019-01-25T14:45:35.901+0000][1][safepoint    ] Total time for which application threads were stopped: 0.0001408 seconds, Stopping threads took: 0.0000219 seconds
[2019-01-25T14:45:35.903+0000][1][safepoint    ] Application time: 0.0014384 seconds
[2019-01-25T14:45:35.904+0000][1][safepoint    ] Total time for which application threads were stopped: 0.0003119 seconds, Stopping threads took: 0.0000149 seconds
[2019-01-25T14:45:36.905+0000][1][safepoint    ] Application time: 1.0001392 seconds
[2019-01-25T14:45:36.906+0000][1][safepoint    ] Total time for which application threads were stopped: 0.0000625 seconds, Stopping threads took: 0.0000162 seconds
[2019-01-25T14:45:37.906+0000][1][safepoint    ] Application time: 1.0001145 seconds
[2019-01-25T14:45:37.907+0000][1][safepoint    ] Total time for which application threads were stopped: 0.0000651 seconds, Stopping threads took: 0.0000163 seconds
[2019-01-25T14:45:38.415+0000][1][safepoint    ] Application time: 0.5075462 seconds
[2019-01-25T14:45:38.416+0000][1][safepoint    ] Total time for which application threads were stopped: 0.0001063 seconds, Stopping threads took: 0.0000154 seconds
[2019-01-25T14:45:38.423+0000][1][safepoint    ] Application time: 0.0011545 seconds
[2019-01-25T14:45:38.438+0000][1][safepoint    ] Total time for which application threads were stopped: 0.0001316 seconds, Stopping threads took: 0.0000511 seconds
[2019-01-25T14:45:39.444+0000][1][safepoint    ] Application time: 1.0001136 seconds
[2019-01-25T14:45:39.445+0000][1][safepoint    ] Total time for which application threads were stopped: 0.0000691 seconds, Stopping threads took: 0.0000154 seconds
[2019-01-25T14:45:40.445+0000][1][safepoint    ] Application time: 1.0001605 seconds
[2019-01-25T14:45:40.447+0000][1][safepoint    ] Total time for which application threads were stopped: 0.0000663 seconds, Stopping threads took: 0.0000172 seconds
[2019-01-25T14:45:40.952+0000][1][safepoint    ] Application time: 0.5044725 seconds
[2019-01-25T14:45:40.953+0000][1][safepoint    ] Total time for which application threads were stopped: 0.0001182 seconds, Stopping threads took: 0.0000233 seconds
[2019-01-25T14:45:40.955+0000][1][safepoint    ] Application time: 0.0016955 seconds
[2019-01-25T14:45:40.955+0000][1][safepoint    ] Total time for which application threads were stopped: 0.0000730 seconds, Stopping threads took: 0.0000118 seconds
[2019-01-25T14:45:41.956+0000][1][safepoint    ] Application time: 1.0001452 seconds
[2019-01-25T14:45:41.956+0000][1][safepoint    ] Total time for which application threads were stopped: 0.0000683 seconds, Stopping threads took: 0.0000166 seconds
[2019-01-25T14:45:42.957+0000][1][safepoint    ] Application time: 1.0001318 seconds
[2019-01-25T14:45:42.958+0000][1][safepoint    ] Total time for which application threads were stopped: 0.0000633 seconds, Stopping threads took: 0.0000165 seconds
[2019-01-25T14:45:43.461+0000][1][safepoint    ] Application time: 0.5034223 seconds
[2019-01-25T14:45:43.462+0000][1][safepoint    ] Total time for which application threads were stopped: 0.0001010 seconds, Stopping threads took: 0.0000188 seconds
[2019-01-25T14:45:43.464+0000][1][safepoint    ] Application time: 0.0012231 seconds
[2019-01-25T14:45:43.464+0000][1][safepoint    ] Total time for which application threads were stopped: 0.0000966 seconds, Stopping threads took: 0.0000182 seconds
[2019-01-25T14:45:44.465+0000][1][safepoint    ] Application time: 1.0001327 seconds
[2019-01-25T14:45:44.466+0000][1][safepoint    ] Total time for which application threads were stopped: 0.0000622 seconds, Stopping threads took: 0.0000192 seconds
[2019-01-25T14:45:45.466+0000][1][safepoint    ] Application time: 1.0001022 seconds
[2019-01-25T14:45:45.467+0000][1][safepoint    ] Total time for which application threads were stopped: 0.0000750 seconds, Stopping threads took: 0.0000195 seconds
[2019-01-25T14:45:45.971+0000][1][safepoint    ] Application time: 0.5042922 seconds
[2019-01-25T14:45:45.973+0000][1][safepoint    ] Total time for which application threads were stopped: 0.0000790 seconds, Stopping threads took: 0.0000140 seconds
[2019-01-25T14:45:45.975+0000][1][safepoint    ] Application time: 0.0017079 seconds
[2019-01-25T14:45:45.976+0000][1][safepoint    ] Total time for which application threads were stopped: 0.0001134 seconds, Stopping threads took: 0.0000169 seconds
[2019-01-25T14:45:46.976+0000][1][safepoint    ] Application time: 1.0001374 seconds
[2019-01-25T14:45:46.981+0000][1][safepoint    ] Total time for which application threads were stopped: 0.0000664 seconds, Stopping threads took: 0.0000166 seconds
[2019-01-25T14:45:47.987+0000][1][safepoint    ] Application time: 1.0001829 seconds
[2019-01-25T14:45:47.995+0000][1][safepoint    ] Total time for which application threads were stopped: 0.0000854 seconds, Stopping threads took: 0.0000178 seconds
[2019-01-25T14:45:48.483+0000][1][safepoint    ] Application time: 0.4832403 seconds
[2019-01-25T14:45:48.484+0000][1][safepoint    ] Total time for which application threads were stopped: 0.0001191 seconds, Stopping threads took: 0.0000214 seconds
[2019-01-25T14:45:48.486+0000][1][safepoint    ] Application time: 0.0013236 seconds
[2019-01-25T14:45:48.487+0000][1][safepoint    ] Total time for which application threads were stopped: 0.0001177 seconds, Stopping threads took: 0.0000188 seconds
[2019-01-25T14:45:49.488+0000][1][safepoint    ] Application time: 1.0001465 seconds
[2019-01-25T14:45:49.488+0000][1][safepoint    ] Total time for which application threads were stopped: 0.0000631 seconds, Stopping threads took: 0.0000192 seconds
[2019-01-25T14:45:50.489+0000][1][safepoint    ] Application time: 1.0001266 seconds
[2019-01-25T14:45:50.489+0000][1][safepoint    ] Total time for which application threads were stopped: 0.0000469 seconds, Stopping threads took: 0.0000120 seconds
[2019-01-25T14:45:50.993+0000][1][safepoint    ] Application time: 0.5035355 seconds
[2019-01-25T14:45:50.994+0000][1][safepoint    ] Total time for which application threads were stopped: 0.0001094 seconds, Stopping threads took: 0.0000172 seconds
[2019-01-25T14:45:50.996+0000][1][safepoint    ] Application time: 0.0011669 seconds
[2019-01-25T14:45:50.996+0000][1][safepoint    ] Total time for which application threads were stopped: 0.0000828 seconds, Stopping threads took: 0.0000206 seconds
[2019-01-25T14:45:51.998+0000][1][safepoint    ] Application time: 1.0005723 seconds
[2019-01-25T14:45:51.999+0000][1][safepoint    ] Total time for which application threads were stopped: 0.0001328 seconds, Stopping threads took: 0.0000294 seconds
[2019-01-25T14:45:53.000+0000][1][safepoint    ] Application time: 1.0001504 seconds
[2019-01-25T14:45:53.001+0000][1][safepoint    ] Total time for which application threads were stopped: 0.0000637 seconds, Stopping threads took: 0.0000160 seconds
[2019-01-25T14:45:53.504+0000][1][safepoint    ] Application time: 0.5026147 seconds
[2019-01-25T14:45:53.505+0000][1][safepoint    ] Total time for which application threads were stopped: 0.0001006 seconds, Stopping threads took: 0.0000175 seconds
[2019-01-25T14:45:53.508+0000][1][safepoint    ] Application time: 0.0025983 seconds
[2019-01-25T14:45:53.510+0000][1][safepoint    ] Total time for which application threads were stopped: 0.0000916 seconds, Stopping threads took: 0.0000162 seconds
[2019-01-25T14:45:54.511+0000][1][safepoint    ] Application time: 1.0001717 seconds
[2019-01-25T14:45:54.512+0000][1][safepoint    ] Total time for which application threads were stopped: 0.0000703 seconds, Stopping threads took: 0.0000221 seconds
[2019-01-25T14:45:55.512+0000][1][safepoint    ] Application time: 1.0001839 seconds
[2019-01-25T14:45:55.513+0000][1][safepoint    ] Total time for which application threads were stopped: 0.0000527 seconds, Stopping threads took: 0.0000128 seconds
[2019-01-25T14:45:56.017+0000][1][safepoint    ] Application time: 0.5035286 seconds
[2019-01-25T14:45:56.017+0000][1][safepoint    ] Total time for which application threads were stopped: 0.0000948 seconds, Stopping threads took: 0.0000165 seconds
[2019-01-25T14:45:56.024+0000][1][safepoint    ] Application time: 0.0063419 seconds
[2019-01-25T14:45:56.027+0000][1][safepoint    ] Total time for which application threads were stopped: 0.0000954 seconds, Stopping threads took: 0.0000166 seconds
[2019-01-25T14:45:57.032+0000][1][safepoint    ] Application time: 1.0001588 seconds
[2019-01-25T14:45:57.033+0000][1][safepoint    ] Total time for which application threads were stopped: 0.0000486 seconds, Stopping threads took: 0.0000130 seconds
[2019-01-25T14:45:58.034+0000][1][safepoint    ] Application time: 1.0006063 seconds
[2019-01-25T14:45:58.035+0000][1][safepoint    ] Total time for which application threads were stopped: 0.0000977 seconds, Stopping threads took: 0.0000264 seconds
[2019-01-25T14:45:58.538+0000][1][safepoint    ] Application time: 0.5020868 seconds
[2019-01-25T14:45:58.540+0000][1][safepoint    ] Total time for which application threads were stopped: 0.0002072 seconds, Stopping threads took: 0.0000161 seconds
[2019-01-25T14:45:58.541+0000][1][safepoint    ] Application time: 0.0010304 seconds
[2019-01-25T14:45:58.542+0000][1][safepoint    ] Total time for which application threads were stopped: 0.0000712 seconds, Stopping threads took: 0.0000118 seconds
[2019-01-25T14:45:59.543+0000][1][safepoint    ] Application time: 1.0002619 seconds
[2019-01-25T14:45:59.544+0000][1][safepoint    ] Total time for which application threads were stopped: 0.0000634 seconds, Stopping threads took: 0.0000138 seconds
[2019-01-25T14:46:00.544+0000][1][safepoint    ] Application time: 1.0001321 seconds
[2019-01-25T14:46:00.545+0000][1][safepoint    ] Total time for which application threads were stopped: 0.0001036 seconds, Stopping threads took: 0.0000203 seconds
[2019-01-25T14:46:01.049+0000][1][safepoint    ] Application time: 0.5031745 seconds
[2019-01-25T14:46:01.049+0000][1][safepoint    ] Total time for which application threads were stopped: 0.0000716 seconds, Stopping threads took: 0.0000123 seconds
[2019-01-25T14:46:01.052+0000][1][safepoint    ] Application time: 0.0021012 seconds
[2019-01-25T14:46:01.053+0000][1][safepoint    ] Total time for which application threads were stopped: 0.0001508 seconds, Stopping threads took: 0.0000164 seconds
[2019-01-25T14:46:02.053+0000][1][safepoint    ] Application time: 1.0004913 seconds
[2019-01-25T14:46:02.055+0000][1][safepoint    ] Total time for which application threads were stopped: 0.0001378 seconds, Stopping threads took: 0.0000357 seconds
[2019-01-25T14:46:03.057+0000][1][safepoint    ] Application time: 1.0002893 seconds
[2019-01-25T14:46:03.062+0000][1][safepoint    ] Total time for which application threads were stopped: 0.0000890 seconds, Stopping threads took: 0.0000180 seconds
[2019-01-25T14:46:03.560+0000][1][safepoint    ] Application time: 0.4980135 seconds
[2019-01-25T14:46:03.561+0000][1][safepoint    ] Total time for which application threads were stopped: 0.0000967 seconds, Stopping threads took: 0.0000171 seconds
[2019-01-25T14:46:03.563+0000][1][safepoint    ] Application time: 0.0013262 seconds
[2019-01-25T14:46:03.564+0000][1][safepoint    ] Total time for which application threads were stopped: 0.0000720 seconds, Stopping threads took: 0.0000121 seconds
[2019-01-25T14:46:04.564+0000][1][safepoint    ] Application time: 1.0001747 seconds
[2019-01-25T14:46:04.568+0000][1][safepoint    ] Total time for which application threads were stopped: 0.0000589 seconds, Stopping threads took: 0.0000128 seconds
[2019-01-25T14:46:05.569+0000][1][safepoint    ] Application time: 1.0001309 seconds
[2019-01-25T14:46:05.571+0000][1][safepoint    ] Total time for which application threads were stopped: 0.0000687 seconds, Stopping threads took: 0.0000319 seconds
[2019-01-25T14:46:06.071+0000][1][safepoint    ] Application time: 0.4990849 seconds
[2019-01-25T14:46:06.072+0000][1][safepoint    ] Total time for which application threads were stopped: 0.0001238 seconds, Stopping threads took: 0.0000136 seconds
[2019-01-25T14:46:06.073+0000][1][safepoint    ] Application time: 0.0012045 seconds
[2019-01-25T14:46:06.074+0000][1][safepoint    ] Total time for which application threads were stopped: 0.0000781 seconds, Stopping threads took: 0.0000136 seconds
[2019-01-25T14:46:07.074+0000][1][safepoint    ] Application time: 1.0001427 seconds
[2019-01-25T14:46:07.075+0000][1][safepoint    ] Total time for which application threads were stopped: 0.0000736 seconds, Stopping threads took: 0.0000149 seconds
[2019-01-25T14:46:08.075+0000][1][safepoint    ] Application time: 1.0002444 seconds
[2019-01-25T14:46:08.077+0000][1][safepoint    ] Total time for which application threads were stopped: 0.0001247 seconds, Stopping threads took: 0.0000312 seconds
[2019-01-25T14:46:08.579+0000][1][safepoint    ] Application time: 0.5008195 seconds
[2019-01-25T14:46:08.580+0000][1][safepoint    ] Total time for which application threads were stopped: 0.0000721 seconds, Stopping threads took: 0.0000123 seconds
[2019-01-25T14:46:08.581+0000][1][safepoint    ] Application time: 0.0013701 seconds
[2019-01-25T14:46:08.582+0000][1][safepoint    ] Total time for which application threads were stopped: 0.0000717 seconds, Stopping threads took: 0.0000131 seconds
[2019-01-25T14:46:09.583+0000][1][safepoint    ] Application time: 1.0001426 seconds
[2019-01-25T14:46:09.584+0000][1][safepoint    ] Total time for which application threads were stopped: 0.0000929 seconds, Stopping threads took: 0.0000172 seconds
[2019-01-25T14:46:10.584+0000][1][safepoint    ] Application time: 1.0002342 seconds
[2019-01-25T14:46:10.586+0000][1][safepoint    ] Total time for which application threads were stopped: 0.0002074 seconds, Stopping threads took: 0.0000363 seconds
[2019-01-25T14:46:11.088+0000][1][safepoint    ] Application time: 0.5003970 seconds
[2019-01-25T14:46:11.090+0000][1][safepoint    ] Total time for which application threads were stopped: 0.0001116 seconds, Stopping threads took: 0.0000184 seconds
[2019-01-25T14:46:11.095+0000][1][safepoint    ] Application time: 0.0015265 seconds
[2019-01-25T14:46:11.100+0000][1][safepoint    ] Total time for which application threads were stopped: 0.0001142 seconds, Stopping threads took: 0.0000174 seconds
[2019-01-25T14:46:12.100+0000][1][safepoint    ] Application time: 1.0001549 seconds
[2019-01-25T14:46:12.122+0000][1][safepoint    ] Total time for which application threads were stopped: 0.0001416 seconds, Stopping threads took: 0.0000163 seconds
[2019-01-25T14:46:13.131+0000][1][safepoint    ] Application time: 1.0001494 seconds
[2019-01-25T14:46:13.132+0000][1][safepoint    ] Total time for which application threads were stopped: 0.0000656 seconds, Stopping threads took: 0.0000178 seconds
[2019-01-25T14:46:13.612+0000][1][safepoint    ] Application time: 0.4800251 seconds
[2019-01-25T14:46:13.614+0000][1][safepoint    ] Total time for which application threads were stopped: 0.0002245 seconds, Stopping threads took: 0.0000392 seconds
[2019-01-25T14:46:13.618+0000][1][safepoint    ] Application time: 0.0024767 seconds
[2019-01-25T14:46:13.620+0000][1][safepoint    ] Total time for which application threads were stopped: 0.0001754 seconds, Stopping threads took: 0.0000380 seconds
[2019-01-25T14:46:14.621+0000][1][safepoint    ] Application time: 1.0001646 seconds
[2019-01-25T14:46:14.625+0000][1][safepoint    ] Total time for which application threads were stopped: 0.0001085 seconds, Stopping threads took: 0.0000327 seconds
[2019-01-25T14:46:15.627+0000][1][safepoint    ] Application time: 1.0001624 seconds
[2019-01-25T14:46:15.627+0000][1][safepoint    ] Total time for which application threads were stopped: 0.0000565 seconds, Stopping threads took: 0.0000148 seconds
[2019-01-25T14:46:16.133+0000][1][safepoint    ] Application time: 0.5050374 seconds
[2019-01-25T14:46:16.134+0000][1][safepoint    ] Total time for which application threads were stopped: 0.0001839 seconds, Stopping threads took: 0.0000225 seconds
[2019-01-25T14:46:16.141+0000][1][safepoint    ] Application time: 0.0058764 seconds
[2019-01-25T14:46:16.141+0000][1][safepoint    ] Total time for which application threads were stopped: 0.0000775 seconds, Stopping threads took: 0.0000131 seconds
[2019-01-25T14:46:17.142+0000][1][safepoint    ] Application time: 1.0003104 seconds
[2019-01-25T14:46:17.143+0000][1][safepoint    ] Total time for which application threads were stopped: 0.0000794 seconds, Stopping threads took: 0.0000180 seconds
[2019-01-25T14:46:18.144+0000][1][safepoint    ] Application time: 1.0003726 seconds
[2019-01-25T14:46:18.147+0000][1][safepoint    ] Total time for which application threads were stopped: 0.0002794 seconds, Stopping threads took: 0.0000412 seconds
[2019-01-25T14:46:18.649+0000][1][safepoint    ] Application time: 0.4994810 seconds
[2019-01-25T14:46:18.651+0000][1][safepoint    ] Total time for which application threads were stopped: 0.0001083 seconds, Stopping threads took: 0.0000175 seconds
[2019-01-25T14:46:18.653+0000][1][safepoint    ] Application time: 0.0012981 seconds
[2019-01-25T14:46:18.654+0000][1][safepoint    ] Total time for which application threads were stopped: 0.0001159 seconds, Stopping threads took: 0.0000168 seconds
[2019-01-25T14:46:19.655+0000][1][safepoint    ] Application time: 1.0001990 seconds
[2019-01-25T14:46:19.655+0000][1][safepoint    ] Total time for which application threads were stopped: 0.0000498 seconds, Stopping threads took: 0.0000135 seconds
[2019-01-25T14:46:20.656+0000][1][safepoint    ] Application time: 1.0001419 seconds
[2019-01-25T14:46:20.656+0000][1][safepoint    ] Total time for which application threads were stopped: 0.0000822 seconds, Stopping threads took: 0.0000243 seconds
[2019-01-25T14:46:21.160+0000][1][safepoint    ] Application time: 0.5034186 seconds
[2019-01-25T14:46:21.161+0000][1][safepoint    ] Total time for which application threads were stopped: 0.0000986 seconds, Stopping threads took: 0.0000171 seconds
[2019-01-25T14:46:21.164+0000][1][safepoint    ] Application time: 0.0026677 seconds
[2019-01-25T14:46:21.165+0000][1][safepoint    ] Total time for which application threads were stopped: 0.0001045 seconds, Stopping threads took: 0.0000185 seconds
[2019-01-25T14:46:22.167+0000][1][safepoint    ] Application time: 1.0001599 seconds
[2019-01-25T14:46:22.168+0000][1][safepoint    ] Total time for which application threads were stopped: 0.0000680 seconds, Stopping threads took: 0.0000177 seconds
[2019-01-25T14:46:23.168+0000][1][safepoint    ] Application time: 1.0001349 seconds
[2019-01-25T14:46:23.180+0000][1][safepoint    ] Total time for which application threads were stopped: 0.0000747 seconds, Stopping threads took: 0.0000177 seconds
[2019-01-25T14:46:23.672+0000][1][safepoint    ] Application time: 0.4914803 seconds
[2019-01-25T14:46:23.674+0000][1][safepoint    ] Total time for which application threads were stopped: 0.0001058 seconds, Stopping threads took: 0.0000181 seconds
[2019-01-25T14:46:23.676+0000][1][safepoint    ] Application time: 0.0012965 seconds
[2019-01-25T14:46:23.677+0000][1][safepoint    ] Total time for which application threads were stopped: 0.0002776 seconds, Stopping threads took: 0.0000169 seconds
[2019-01-25T14:46:24.678+0000][1][safepoint    ] Application time: 1.0001813 seconds
[2019-01-25T14:46:24.691+0000][1][safepoint    ] Total time for which application threads were stopped: 0.0000708 seconds, Stopping threads took: 0.0000180 seconds
[2019-01-25T14:46:25.696+0000][1][safepoint    ] Application time: 1.0001521 seconds
[2019-01-25T14:46:25.699+0000][1][safepoint    ] Total time for which application threads were stopped: 0.0000708 seconds, Stopping threads took: 0.0000177 seconds
[2019-01-25T14:46:26.185+0000][1][safepoint    ] Application time: 0.4835728 seconds
[2019-01-25T14:46:26.185+0000][1][safepoint    ] Total time for which application threads were stopped: 0.0001099 seconds, Stopping threads took: 0.0000169 seconds
[2019-01-25T14:46:26.187+0000][1][safepoint    ] Application time: 0.0010965 seconds
[2019-01-25T14:46:26.193+0000][1][safepoint    ] Total time for which application threads were stopped: 0.0000663 seconds, Stopping threads took: 0.0000095 seconds
[2019-01-25T14:46:27.195+0000][1][safepoint    ] Application time: 1.0001354 seconds
[2019-01-25T14:46:27.195+0000][1][safepoint    ] Total time for which application threads were stopped: 0.0000665 seconds, Stopping threads took: 0.0000164 seconds
[2019-01-25T14:46:28.196+0000][1][safepoint    ] Application time: 1.0001401 seconds
[2019-01-25T14:46:28.200+0000][1][safepoint    ] Total time for which application threads were stopped: 0.0000688 seconds, Stopping threads took: 0.0000178 seconds
[2019-01-25T14:46:28.715+0000][1][safepoint    ] Application time: 0.5133387 seconds
[2019-01-25T14:46:28.716+0000][1][safepoint    ] Total time for which application threads were stopped: 0.0001038 seconds, Stopping threads took: 0.0000168 seconds
[2019-01-25T14:46:28.720+0000][1][safepoint    ] Application time: 0.0033707 seconds
[2019-01-25T14:46:28.724+0000][1][safepoint    ] Total time for which application threads were stopped: 0.0007325 seconds, Stopping threads took: 0.0000225 seconds
[2019-01-25T14:46:29.726+0000][1][safepoint    ] Application time: 1.0001604 seconds
[2019-01-25T14:46:29.726+0000][1][safepoint    ] Total time for which application threads were stopped: 0.0000772 seconds, Stopping threads took: 0.0000171 seconds
[2019-01-25T14:46:30.727+0000][1][safepoint    ] Application time: 1.0001559 seconds
[2019-01-25T14:46:30.737+0000][1][safepoint    ] Total time for which application threads were stopped: 0.0000816 seconds, Stopping threads took: 0.0000325 seconds
[2019-01-25T14:46:31.246+0000][1][safepoint    ] Application time: 0.4951239 seconds
[2019-01-25T14:46:31.246+0000][1][safepoint    ] Total time for which application threads were stopped: 0.0000767 seconds, Stopping threads took: 0.0000135 seconds
[2019-01-25T14:46:31.248+0000][1][safepoint    ] Application time: 0.0013604 seconds
[2019-01-25T14:46:31.249+0000][1][safepoint    ] Total time for which application threads were stopped: 0.0001104 seconds, Stopping threads took: 0.0000175 seconds
[2019-01-25T14:46:32.249+0000][1][safepoint    ] Application time: 1.0001965 seconds
[2019-01-25T14:46:32.250+0000][1][safepoint    ] Total time for which application threads were stopped: 0.0000700 seconds, Stopping threads took: 0.0000182 seconds
[2019-01-25T14:46:33.251+0000][1][safepoint    ] Application time: 1.0001395 seconds
[2019-01-25T14:46:33.251+0000][1][safepoint    ] Total time for which application threads were stopped: 0.0000525 seconds, Stopping threads took: 0.0000144 seconds
[2019-01-25T14:46:33.770+0000][1][safepoint    ] Application time: 0.5181576 seconds
[2019-01-25T14:46:33.772+0000][1][safepoint    ] Total time for which application threads were stopped: 0.0004701 seconds, Stopping threads took: 0.0000548 seconds
[2019-01-25T14:46:33.786+0000][1][safepoint    ] Application time: 0.0119356 seconds
[2019-01-25T14:46:33.788+0000][1][safepoint    ] Total time for which application threads were stopped: 0.0002863 seconds, Stopping threads took: 0.0000321 seconds
[2019-01-25T14:46:34.789+0000][1][safepoint    ] Application time: 1.0002597 seconds
[2019-01-25T14:46:34.789+0000][1][safepoint    ] Total time for which application threads were stopped: 0.0000519 seconds, Stopping threads took: 0.0000135 seconds
[2019-01-25T14:46:35.790+0000][1][safepoint    ] Application time: 1.0004840 seconds
[2019-01-25T14:46:35.791+0000][1][safepoint    ] Total time for which application threads were stopped: 0.0000958 seconds, Stopping threads took: 0.0000429 seconds
[2019-01-25T14:46:36.305+0000][1][safepoint    ] Application time: 0.5136851 seconds
[2019-01-25T14:46:36.306+0000][1][safepoint    ] Total time for which application threads were stopped: 0.0001535 seconds, Stopping threads took: 0.0000167 seconds
[2019-01-25T14:46:36.312+0000][1][safepoint    ] Application time: 0.0048013 seconds
[2019-01-25T14:46:36.312+0000][1][safepoint    ] Total time for which application threads were stopped: 0.0001040 seconds, Stopping threads took: 0.0000167 seconds
[2019-01-25T14:46:37.313+0000][1][safepoint    ] Application time: 1.0001802 seconds
[2019-01-25T14:46:37.314+0000][1][safepoint    ] Total time for which application threads were stopped: 0.0000696 seconds, Stopping threads took: 0.0000175 seconds
[2019-01-25T14:46:38.314+0000][1][safepoint    ] Application time: 1.0001299 seconds
[2019-01-25T14:46:38.315+0000][1][safepoint    ] Total time for which application threads were stopped: 0.0000749 seconds, Stopping threads took: 0.0000202 seconds
[2019-01-25T14:46:38.821+0000][1][safepoint    ] Application time: 0.5057039 seconds
[2019-01-25T14:46:38.823+0000][1][safepoint    ] Total time for which application threads were stopped: 0.0000726 seconds, Stopping threads took: 0.0000118 seconds
[2019-01-25T14:46:38.825+0000][1][safepoint    ] Application time: 0.0011907 seconds
[2019-01-25T14:46:38.825+0000][1][safepoint    ] Total time for which application threads were stopped: 0.0000703 seconds, Stopping threads took: 0.0000115 seconds
[2019-01-25T14:46:39.826+0000][1][safepoint    ] Application time: 1.0004472 seconds
[2019-01-25T14:46:39.829+0000][1][safepoint    ] Total time for which application threads were stopped: 0.0002346 seconds, Stopping threads took: 0.0000561 seconds
[2019-01-25T14:46:40.830+0000][1][safepoint    ] Application time: 1.0001702 seconds
[2019-01-25T14:46:40.831+0000][1][safepoint    ] Total time for which application threads were stopped: 0.0000463 seconds, Stopping threads took: 0.0000123 seconds
[2019-01-25T14:46:41.336+0000][1][safepoint    ] Application time: 0.5048784 seconds
[2019-01-25T14:46:41.338+0000][1][safepoint    ] Total time for which application threads were stopped: 0.0001396 seconds, Stopping threads took: 0.0000208 seconds
[2019-01-25T14:46:41.340+0000][1][safepoint    ] Application time: 0.0017675 seconds
[2019-01-25T14:46:41.341+0000][1][safepoint    ] Total time for which application threads were stopped: 0.0000766 seconds, Stopping threads took: 0.0000132 seconds
[2019-01-25T14:46:42.342+0000][1][safepoint    ] Application time: 1.0001391 seconds
[2019-01-25T14:46:42.343+0000][1][safepoint    ] Total time for which application threads were stopped: 0.0000728 seconds, Stopping threads took: 0.0000163 seconds
[2019-01-25T14:46:43.343+0000][1][safepoint    ] Application time: 1.0001417 seconds
[2019-01-25T14:46:43.346+0000][1][safepoint    ] Total time for which application threads were stopped: 0.0000822 seconds, Stopping threads took: 0.0000183 seconds
[2019-01-25T14:46:43.858+0000][1][safepoint    ] Application time: 0.5119973 seconds
[2019-01-25T14:46:43.861+0000][1][safepoint    ] Total time for which application threads were stopped: 0.0001985 seconds, Stopping threads took: 0.0000319 seconds
[2019-01-25T14:46:43.868+0000][1][safepoint    ] Application time: 0.0053319 seconds
[2019-01-25T14:46:43.869+0000][1][safepoint    ] Total time for which application threads were stopped: 0.0001952 seconds, Stopping threads took: 0.0000275 seconds
[2019-01-25T14:46:44.870+0000][1][safepoint    ] Application time: 1.0001433 seconds
[2019-01-25T14:46:44.871+0000][1][safepoint    ] Total time for which application threads were stopped: 0.0000753 seconds, Stopping threads took: 0.0000191 seconds
[2019-01-25T14:46:45.872+0000][1][safepoint    ] Application time: 1.0001381 seconds
[2019-01-25T14:46:45.873+0000][1][safepoint    ] Total time for which application threads were stopped: 0.0000639 seconds, Stopping threads took: 0.0000163 seconds
[2019-01-25T14:46:46.379+0000][1][safepoint    ] Application time: 0.5047744 seconds
[2019-01-25T14:46:46.379+0000][1][safepoint    ] Total time for which application threads were stopped: 0.0001010 seconds, Stopping threads took: 0.0000141 seconds
[2019-01-25T14:46:46.394+0000][1][safepoint    ] Application time: 0.0140890 seconds
[2019-01-25T14:46:46.394+0000][1][safepoint    ] Total time for which application threads were stopped: 0.0000886 seconds, Stopping threads took: 0.0000144 seconds
[2019-01-25T14:46:47.395+0000][1][safepoint    ] Application time: 1.0001617 seconds
[2019-01-25T14:46:47.396+0000][1][safepoint    ] Total time for which application threads were stopped: 0.0001063 seconds, Stopping threads took: 0.0000179 seconds
[2019-01-25T14:46:48.396+0000][1][safepoint    ] Application time: 1.0002531 seconds
[2019-01-25T14:46:48.398+0000][1][safepoint    ] Total time for which application threads were stopped: 0.0001066 seconds, Stopping threads took: 0.0000284 seconds
[2019-01-25T14:46:48.902+0000][1][safepoint    ] Application time: 0.5038499 seconds
[2019-01-25T14:46:48.903+0000][1][safepoint    ] Total time for which application threads were stopped: 0.0000735 seconds, Stopping threads took: 0.0000123 seconds
[2019-01-25T14:46:48.905+0000][1][safepoint    ] Application time: 0.0013845 seconds
[2019-01-25T14:46:48.905+0000][1][safepoint    ] Total time for which application threads were stopped: 0.0000710 seconds, Stopping threads took: 0.0000120 seconds
[2019-01-25T14:46:49.906+0000][1][safepoint    ] Application time: 1.0001679 seconds
[2019-01-25T14:46:49.906+0000][1][safepoint    ] Total time for which application threads were stopped: 0.0000488 seconds, Stopping threads took: 0.0000117 seconds
[2019-01-25T14:46:50.907+0000][1][safepoint    ] Application time: 1.0001788 seconds
[2019-01-25T14:46:50.907+0000][1][safepoint    ] Total time for which application threads were stopped: 0.0000490 seconds, Stopping threads took: 0.0000125 seconds
[2019-01-25T14:46:51.413+0000][1][safepoint    ] Application time: 0.5048125 seconds
[2019-01-25T14:46:51.413+0000][1][safepoint    ] Total time for which application threads were stopped: 0.0000953 seconds, Stopping threads took: 0.0000156 seconds
[2019-01-25T14:46:51.418+0000][1][safepoint    ] Application time: 0.0040205 seconds
[2019-01-25T14:46:51.418+0000][1][safepoint    ] Total time for which application threads were stopped: 0.0000740 seconds, Stopping threads took: 0.0000128 seconds
[2019-01-25T14:46:52.419+0000][1][safepoint    ] Application time: 1.0001583 seconds
[2019-01-25T14:46:52.419+0000][1][safepoint    ] Total time for which application threads were stopped: 0.0000850 seconds, Stopping threads took: 0.0000250 seconds
[2019-01-25T14:46:53.420+0000][1][safepoint    ] Application time: 1.0001673 seconds
[2019-01-25T14:46:53.421+0000][1][safepoint    ] Total time for which application threads were stopped: 0.0000498 seconds, Stopping threads took: 0.0000127 seconds
[2019-01-25T14:46:53.927+0000][1][safepoint    ] Application time: 0.5061725 seconds
[2019-01-25T14:46:53.928+0000][1][safepoint    ] Total time for which application threads were stopped: 0.0000705 seconds, Stopping threads took: 0.0000122 seconds
[2019-01-25T14:46:53.939+0000][1][safepoint    ] Application time: 0.0101485 seconds
[2019-01-25T14:46:53.939+0000][1][safepoint    ] Total time for which application threads were stopped: 0.0000919 seconds, Stopping threads took: 0.0000137 seconds
[2019-01-25T14:46:54.940+0000][1][safepoint    ] Application time: 1.0001895 seconds
[2019-01-25T14:46:54.940+0000][1][safepoint    ] Total time for which application threads were stopped: 0.0000465 seconds, Stopping threads took: 0.0000126 seconds
[2019-01-25T14:46:55.941+0000][1][safepoint    ] Application time: 1.0001074 seconds
[2019-01-25T14:46:55.941+0000][1][safepoint    ] Total time for which application threads were stopped: 0.0000526 seconds, Stopping threads took: 0.0000132 seconds
[2019-01-25T14:46:56.451+0000][1][safepoint    ] Application time: 0.5093597 seconds
[2019-01-25T14:46:56.452+0000][1][safepoint    ] Total time for which application threads were stopped: 0.0000785 seconds, Stopping threads took: 0.0000136 seconds
[2019-01-25T14:46:56.454+0000][1][safepoint    ] Application time: 0.0012855 seconds
[2019-01-25T14:46:56.454+0000][1][safepoint    ] Total time for which application threads were stopped: 0.0000783 seconds, Stopping threads took: 0.0000131 seconds
[2019-01-25T14:46:57.455+0000][1][safepoint    ] Application time: 1.0001623 seconds
[2019-01-25T14:46:57.463+0000][1][safepoint    ] Total time for which application threads were stopped: 0.0000806 seconds, Stopping threads took: 0.0000190 seconds
[2019-01-25T14:46:58.465+0000][1][safepoint    ] Application time: 1.0003257 seconds
[2019-01-25T14:46:58.466+0000][1][safepoint    ] Total time for which application threads were stopped: 0.0000716 seconds, Stopping threads took: 0.0000181 seconds
[2019-01-25T14:46:58.962+0000][1][safepoint    ] Application time: 0.4956161 seconds
[2019-01-25T14:46:58.963+0000][1][safepoint    ] Total time for which application threads were stopped: 0.0000778 seconds, Stopping threads took: 0.0000121 seconds
[2019-01-25T14:46:58.964+0000][1][safepoint    ] Application time: 0.0012282 seconds
[2019-01-25T14:46:58.965+0000][1][safepoint    ] Total time for which application threads were stopped: 0.0001036 seconds, Stopping threads took: 0.0000158 seconds
[2019-01-25T14:46:59.966+0000][1][safepoint    ] Application time: 1.0001592 seconds
[2019-01-25T14:46:59.967+0000][1][safepoint    ] Total time for which application threads were stopped: 0.0000662 seconds, Stopping threads took: 0.0000176 seconds
[2019-01-25T14:47:00.968+0000][1][safepoint    ] Application time: 1.0001785 seconds
[2019-01-25T14:47:00.969+0000][1][safepoint    ] Total time for which application threads were stopped: 0.0000659 seconds, Stopping threads took: 0.0000194 seconds
[2019-01-25T14:47:01.471+0000][1][safepoint    ] Application time: 0.5017893 seconds
[2019-01-25T14:47:01.472+0000][1][safepoint    ] Total time for which application threads were stopped: 0.0000718 seconds, Stopping threads took: 0.0000122 seconds
[2019-01-25T14:47:01.475+0000][1][safepoint    ] Application time: 0.0009504 seconds
[2019-01-25T14:47:01.476+0000][1][safepoint    ] Total time for which application threads were stopped: 0.0001064 seconds, Stopping threads took: 0.0000180 seconds
[2019-01-25T14:47:02.477+0000][1][safepoint    ] Application time: 1.0001552 seconds
[2019-01-25T14:47:02.478+0000][1][safepoint    ] Total time for which application threads were stopped: 0.0000755 seconds, Stopping threads took: 0.0000165 seconds
[2019-01-25T14:47:03.479+0000][1][safepoint    ] Application time: 1.0001382 seconds
[2019-01-25T14:47:03.480+0000][1][safepoint    ] Total time for which application threads were stopped: 0.0000560 seconds, Stopping threads took: 0.0000129 seconds
[2019-01-25T14:47:03.990+0000][1][safepoint    ] Application time: 0.5106295 seconds
[2019-01-25T14:47:03.991+0000][1][safepoint    ] Total time for which application threads were stopped: 0.0000730 seconds, Stopping threads took: 0.0000125 seconds
[2019-01-25T14:47:03.992+0000][1][safepoint    ] Application time: 0.0009899 seconds
[2019-01-25T14:47:03.994+0000][1][safepoint    ] Total time for which application threads were stopped: 0.0000712 seconds, Stopping threads took: 0.0000123 seconds
[2019-01-25T14:47:04.994+0000][1][safepoint    ] Application time: 1.0001483 seconds
[2019-01-25T14:47:05.014+0000][1][safepoint    ] Total time for which application threads were stopped: 0.0000744 seconds, Stopping threads took: 0.0000175 seconds
[2019-01-25T14:47:06.029+0000][1][safepoint    ] Application time: 1.0001507 seconds
[2019-01-25T14:47:06.030+0000][1][safepoint    ] Total time for which application threads were stopped: 0.0004940 seconds, Stopping threads took: 0.0003693 seconds
[2019-01-25T14:47:06.501+0000][1][safepoint    ] Application time: 0.4710421 seconds
[2019-01-25T14:47:06.502+0000][1][safepoint    ] Total time for which application threads were stopped: 0.0000939 seconds, Stopping threads took: 0.0000165 seconds
[2019-01-25T14:47:06.504+0000][1][safepoint    ] Application time: 0.0009199 seconds
[2019-01-25T14:47:06.505+0000][1][safepoint    ] Total time for which application threads were stopped: 0.0005323 seconds, Stopping threads took: 0.0001073 seconds
[2019-01-25T14:47:07.507+0000][1][safepoint    ] Application time: 1.0005192 seconds
[2019-01-25T14:47:07.508+0000][1][safepoint    ] Total time for which application threads were stopped: 0.0000671 seconds, Stopping threads took: 0.0000176 seconds
[2019-01-25T14:47:08.508+0000][1][safepoint    ] Application time: 1.0001160 seconds
[2019-01-25T14:47:08.520+0000][1][safepoint    ] Total time for which application threads were stopped: 0.0000821 seconds, Stopping threads took: 0.0000179 seconds
[2019-01-25T14:47:09.024+0000][1][safepoint    ] Application time: 0.5022323 seconds
[2019-01-25T14:47:09.025+0000][1][safepoint    ] Total time for which application threads were stopped: 0.0001226 seconds, Stopping threads took: 0.0000208 seconds
[2019-01-25T14:47:09.028+0000][1][safepoint    ] Application time: 0.0013842 seconds
[2019-01-25T14:47:09.030+0000][1][safepoint    ] Total time for which application threads were stopped: 0.0001014 seconds, Stopping threads took: 0.0000175 seconds
[2019-01-25T14:47:10.035+0000][1][safepoint    ] Application time: 1.0034367 seconds
[2019-01-25T14:47:10.045+0000][1][safepoint    ] Total time for which application threads were stopped: 0.0033410 seconds, Stopping threads took: 0.0032303 seconds
[2019-01-25T14:47:11.047+0000][1][safepoint    ] Application time: 1.0002044 seconds
[2019-01-25T14:47:11.047+0000][1][safepoint    ] Total time for which application threads were stopped: 0.0000514 seconds, Stopping threads took: 0.0000126 seconds
[2019-01-25T14:47:11.537+0000][1][safepoint    ] Application time: 0.4892044 seconds
[2019-01-25T14:47:11.537+0000][1][safepoint    ] Total time for which application threads were stopped: 0.0000986 seconds, Stopping threads took: 0.0000166 seconds
[2019-01-25T14:47:11.539+0000][1][safepoint    ] Application time: 0.0013618 seconds
[2019-01-25T14:47:11.540+0000][1][safepoint    ] Total time for which application threads were stopped: 0.0002961 seconds, Stopping threads took: 0.0000166 seconds
[2019-01-25T14:47:12.541+0000][1][safepoint    ] Application time: 1.0002683 seconds
[2019-01-25T14:47:12.542+0000][1][safepoint    ] Total time for which application threads were stopped: 0.0001129 seconds, Stopping threads took: 0.0000283 seconds
[2019-01-25T14:47:13.543+0000][1][safepoint    ] Application time: 1.0001476 seconds
[2019-01-25T14:47:13.544+0000][1][safepoint    ] Total time for which application threads were stopped: 0.0000687 seconds, Stopping threads took: 0.0000164 seconds
[2019-01-25T14:47:14.048+0000][1][safepoint    ] Application time: 0.5036764 seconds
[2019-01-25T14:47:14.049+0000][1][safepoint    ] Total time for which application threads were stopped: 0.0001037 seconds, Stopping threads took: 0.0000143 seconds
[2019-01-25T14:47:14.051+0000][1][safepoint    ] Application time: 0.0012770 seconds
[2019-01-25T14:47:14.051+0000][1][safepoint    ] Total time for which application threads were stopped: 0.0000794 seconds, Stopping threads took: 0.0000135 seconds
[2019-01-25T14:47:15.052+0000][1][safepoint    ] Application time: 1.0001603 seconds
[2019-01-25T14:47:15.053+0000][1][safepoint    ] Total time for which application threads were stopped: 0.0000763 seconds, Stopping threads took: 0.0000159 seconds
[2019-01-25T14:47:16.054+0000][1][safepoint    ] Application time: 1.0001209 seconds
[2019-01-25T14:47:16.054+0000][1][safepoint    ] Total time for which application threads were stopped: 0.0000486 seconds, Stopping threads took: 0.0000135 seconds
[2019-01-25T14:47:16.565+0000][1][safepoint    ] Application time: 0.5110781 seconds
[2019-01-25T14:47:16.568+0000][1][safepoint    ] Total time for which application threads were stopped: 0.0002458 seconds, Stopping threads took: 0.0000414 seconds
[2019-01-25T14:47:16.579+0000][1][safepoint    ] Application time: 0.0099595 seconds
[2019-01-25T14:47:16.581+0000][1][safepoint    ] Total time for which application threads were stopped: 0.0002399 seconds, Stopping threads took: 0.0000385 seconds
[2019-01-25T14:47:17.583+0000][1][safepoint    ] Application time: 1.0003024 seconds
[2019-01-25T14:47:17.584+0000][1][safepoint    ] Total time for which application threads were stopped: 0.0000488 seconds, Stopping threads took: 0.0000139 seconds
[2019-01-25T14:47:18.584+0000][1][safepoint    ] Application time: 1.0002948 seconds
[2019-01-25T14:47:18.586+0000][1][safepoint    ] Total time for which application threads were stopped: 0.0001226 seconds, Stopping threads took: 0.0000301 seconds
[2019-01-25T14:47:19.094+0000][1][safepoint    ] Application time: 0.5079399 seconds
[2019-01-25T14:47:19.096+0000][1][safepoint    ] Total time for which application threads were stopped: 0.0001699 seconds, Stopping threads took: 0.0000248 seconds
[2019-01-25T14:47:19.100+0000][1][safepoint    ] Application time: 0.0022130 seconds
[2019-01-25T14:47:19.101+0000][1][safepoint    ] Total time for which application threads were stopped: 0.0001543 seconds, Stopping threads took: 0.0000234 seconds
[2019-01-25T14:47:20.103+0000][1][safepoint    ] Application time: 1.0002299 seconds
[2019-01-25T14:47:20.108+0000][1][safepoint    ] Total time for which application threads were stopped: 0.0000738 seconds, Stopping threads took: 0.0000174 seconds
[2019-01-25T14:47:21.112+0000][1][safepoint    ] Application time: 1.0006165 seconds
[2019-01-25T14:47:21.114+0000][1][safepoint    ] Total time for which application threads were stopped: 0.0001840 seconds, Stopping threads took: 0.0000906 seconds
[2019-01-25T14:47:21.611+0000][1][safepoint    ] Application time: 0.4965923 seconds
[2019-01-25T14:47:21.612+0000][1][safepoint    ] Total time for which application threads were stopped: 0.0001111 seconds, Stopping threads took: 0.0000164 seconds
[2019-01-25T14:47:21.615+0000][1][safepoint    ] Application time: 0.0027709 seconds
[2019-01-25T14:47:21.616+0000][1][safepoint    ] Total time for which application threads were stopped: 0.0001162 seconds, Stopping threads took: 0.0000182 seconds
[2019-01-25T14:47:22.617+0000][1][safepoint    ] Application time: 1.0001822 seconds
[2019-01-25T14:47:22.617+0000][1][safepoint    ] Total time for which application threads were stopped: 0.0000781 seconds, Stopping threads took: 0.0000201 seconds
[2019-01-25T14:47:23.618+0000][1][safepoint    ] Application time: 1.0001612 seconds
[2019-01-25T14:47:23.618+0000][1][safepoint    ] Total time for which application threads were stopped: 0.0000796 seconds, Stopping threads took: 0.0000168 seconds
[2019-01-25T14:47:24.130+0000][1][safepoint    ] Application time: 0.5107866 seconds
[2019-01-25T14:47:24.133+0000][1][safepoint    ] Total time for which application threads were stopped: 0.0001283 seconds, Stopping threads took: 0.0000190 seconds
[2019-01-25T14:47:24.139+0000][1][safepoint    ] Application time: 0.0015894 seconds
[2019-01-25T14:47:24.140+0000][1][safepoint    ] Total time for which application threads were stopped: 0.0001021 seconds, Stopping threads took: 0.0000196 seconds
[2019-01-25T14:47:25.148+0000][1][safepoint    ] Application time: 1.0074226 seconds
[2019-01-25T14:47:25.149+0000][1][safepoint    ] Total time for which application threads were stopped: 0.0000816 seconds, Stopping threads took: 0.0000211 seconds
[2019-01-25T14:47:26.153+0000][1][safepoint    ] Application time: 1.0001760 seconds
[2019-01-25T14:47:26.154+0000][1][safepoint    ] Total time for which application threads were stopped: 0.0000615 seconds, Stopping threads took: 0.0000156 seconds
[2019-01-25T14:47:26.650+0000][1][safepoint    ] Application time: 0.4954334 seconds
[2019-01-25T14:47:26.650+0000][1][safepoint    ] Total time for which application threads were stopped: 0.0000791 seconds, Stopping threads took: 0.0000146 seconds
[2019-01-25T14:47:26.652+0000][1][safepoint    ] Application time: 0.0015172 seconds
[2019-01-25T14:47:26.653+0000][1][safepoint    ] Total time for which application threads were stopped: 0.0000801 seconds, Stopping threads took: 0.0000136 seconds
[2019-01-25T14:47:27.654+0000][1][safepoint    ] Application time: 1.0001713 seconds
[2019-01-25T14:47:27.654+0000][1][safepoint    ] Total time for which application threads were stopped: 0.0000740 seconds, Stopping threads took: 0.0000162 seconds
[2019-01-25T14:47:28.655+0000][1][safepoint    ] Application time: 1.0001691 seconds
[2019-01-25T14:47:28.656+0000][1][safepoint    ] Total time for which application threads were stopped: 0.0000485 seconds, Stopping threads took: 0.0000132 seconds
[2019-01-25T14:47:29.164+0000][1][safepoint    ] Application time: 0.5078054 seconds
[2019-01-25T14:47:29.165+0000][1][safepoint    ] Total time for which application threads were stopped: 0.0002252 seconds, Stopping threads took: 0.0000338 seconds
[2019-01-25T14:47:29.171+0000][1][safepoint    ] Application time: 0.0044114 seconds
[2019-01-25T14:47:29.173+0000][1][safepoint    ] Total time for which application threads were stopped: 0.0004887 seconds, Stopping threads took: 0.0000342 seconds
[2019-01-25T14:47:30.175+0000][1][safepoint    ] Application time: 1.0007396 seconds
[2019-01-25T14:47:30.176+0000][1][safepoint    ] Total time for which application threads were stopped: 0.0000466 seconds, Stopping threads took: 0.0000126 seconds
[2019-01-25T14:47:31.176+0000][1][safepoint    ] Application time: 1.0001301 seconds
[2019-01-25T14:47:31.177+0000][1][safepoint    ] Total time for which application threads were stopped: 0.0000469 seconds, Stopping threads took: 0.0000119 seconds
[2019-01-25T14:47:31.690+0000][1][safepoint    ] Application time: 0.5128055 seconds
[2019-01-25T14:47:31.690+0000][1][safepoint    ] Total time for which application threads were stopped: 0.0000991 seconds, Stopping threads took: 0.0000173 seconds
[2019-01-25T14:47:31.692+0000][1][safepoint    ] Application time: 0.0010049 seconds
[2019-01-25T14:47:31.692+0000][1][safepoint    ] Total time for which application threads were stopped: 0.0001071 seconds, Stopping threads took: 0.0000294 seconds
[2019-01-25T14:47:32.693+0000][1][safepoint    ] Application time: 1.0002767 seconds
[2019-01-25T14:47:32.694+0000][1][safepoint    ] Total time for which application threads were stopped: 0.0000511 seconds, Stopping threads took: 0.0000127 seconds
[2019-01-25T14:47:33.694+0000][1][safepoint    ] Application time: 1.0001060 seconds
[2019-01-25T14:47:33.695+0000][1][safepoint    ] Total time for which application threads were stopped: 0.0000457 seconds, Stopping threads took: 0.0000116 seconds
[2019-01-25T14:47:34.200+0000][1][safepoint    ] Application time: 0.5044595 seconds
[2019-01-25T14:47:34.200+0000][1][safepoint    ] Total time for which application threads were stopped: 0.0000931 seconds, Stopping threads took: 0.0000158 seconds
[2019-01-25T14:47:34.202+0000][1][safepoint    ] Application time: 0.0010015 seconds
[2019-01-25T14:47:34.203+0000][1][safepoint    ] Total time for which application threads were stopped: 0.0001030 seconds, Stopping threads took: 0.0000184 seconds
[2019-01-25T14:47:35.204+0000][1][safepoint    ] Application time: 1.0002661 seconds
[2019-01-25T14:47:35.204+0000][1][safepoint    ] Total time for which application threads were stopped: 0.0000503 seconds, Stopping threads took: 0.0000136 seconds
[2019-01-25T14:47:36.205+0000][1][safepoint    ] Application time: 1.0001375 seconds
[2019-01-25T14:47:36.214+0000][1][safepoint    ] Total time for which application threads were stopped: 0.0000625 seconds, Stopping threads took: 0.0000285 seconds
[2019-01-25T14:47:36.712+0000][1][safepoint    ] Application time: 0.4934600 seconds
[2019-01-25T14:47:36.713+0000][1][safepoint    ] Total time for which application threads were stopped: 0.0000965 seconds, Stopping threads took: 0.0000142 seconds
[2019-01-25T14:47:36.714+0000][1][safepoint    ] Application time: 0.0010575 seconds
[2019-01-25T14:47:36.715+0000][1][safepoint    ] Total time for which application threads were stopped: 0.0000764 seconds, Stopping threads took: 0.0000122 seconds
[2019-01-25T14:47:37.715+0000][1][safepoint    ] Application time: 1.0001304 seconds
[2019-01-25T14:47:37.716+0000][1][safepoint    ] Total time for which application threads were stopped: 0.0000720 seconds, Stopping threads took: 0.0000165 seconds
[2019-01-25T14:47:38.716+0000][1][safepoint    ] Application time: 1.0001324 seconds
[2019-01-25T14:47:38.717+0000][1][safepoint    ] Total time for which application threads were stopped: 0.0000483 seconds, Stopping threads took: 0.0000118 seconds
[2019-01-25T14:47:39.220+0000][1][safepoint    ] Application time: 0.5028745 seconds
[2019-01-25T14:47:39.221+0000][1][safepoint    ] Total time for which application threads were stopped: 0.0000731 seconds, Stopping threads took: 0.0000120 seconds
[2019-01-25T14:47:39.223+0000][1][safepoint    ] Application time: 0.0016783 seconds
[2019-01-25T14:47:39.224+0000][1][safepoint    ] Total time for which application threads were stopped: 0.0000968 seconds, Stopping threads took: 0.0000162 seconds
[2019-01-25T14:47:40.224+0000][1][safepoint    ] Application time: 1.0001889 seconds
[2019-01-25T14:47:40.225+0000][1][safepoint    ] Total time for which application threads were stopped: 0.0000816 seconds, Stopping threads took: 0.0000212 seconds
[2019-01-25T14:47:41.226+0000][1][safepoint    ] Application time: 1.0002672 seconds
[2019-01-25T14:47:41.228+0000][1][safepoint    ] Total time for which application threads were stopped: 0.0001108 seconds, Stopping threads took: 0.0000315 seconds
[2019-01-25T14:47:41.731+0000][1][safepoint    ] Application time: 0.5023758 seconds
[2019-01-25T14:47:41.731+0000][1][safepoint    ] Total time for which application threads were stopped: 0.0000880 seconds, Stopping threads took: 0.0000141 seconds
[2019-01-25T14:47:41.735+0000][1][safepoint    ] Application time: 0.0031898 seconds
[2019-01-25T14:47:41.736+0000][1][safepoint    ] Total time for which application threads were stopped: 0.0000896 seconds, Stopping threads took: 0.0000138 seconds
[2019-01-25T14:47:42.736+0000][1][safepoint    ] Application time: 1.0001292 seconds
[2019-01-25T14:47:42.742+0000][1][safepoint    ] Total time for which application threads were stopped: 0.0000493 seconds, Stopping threads took: 0.0000143 seconds
[2019-01-25T14:47:43.743+0000][1][safepoint    ] Application time: 1.0001669 seconds
[2019-01-25T14:47:43.745+0000][1][safepoint    ] Total time for which application threads were stopped: 0.0000650 seconds, Stopping threads took: 0.0000170 seconds
[2019-01-25T14:47:44.243+0000][1][safepoint    ] Application time: 0.4948471 seconds
[2019-01-25T14:47:44.244+0000][1][safepoint    ] Total time for which application threads were stopped: 0.0001002 seconds, Stopping threads took: 0.0000163 seconds
[2019-01-25T14:47:44.247+0000][1][safepoint    ] Application time: 0.0023475 seconds
[2019-01-25T14:47:44.250+0000][1][safepoint    ] Total time for which application threads were stopped: 0.0001001 seconds, Stopping threads took: 0.0000170 seconds
[2019-01-25T14:47:45.255+0000][1][safepoint    ] Application time: 1.0001406 seconds
[2019-01-25T14:47:45.256+0000][1][safepoint    ] Total time for which application threads were stopped: 0.0000668 seconds, Stopping threads took: 0.0000157 seconds
[2019-01-25T14:47:46.257+0000][1][safepoint    ] Application time: 1.0001077 seconds
[2019-01-25T14:47:46.257+0000][1][safepoint    ] Total time for which application threads were stopped: 0.0000617 seconds, Stopping threads took: 0.0000151 seconds
[2019-01-25T14:47:46.762+0000][1][safepoint    ] Application time: 0.5045904 seconds
[2019-01-25T14:47:46.764+0000][1][safepoint    ] Total time for which application threads were stopped: 0.0000923 seconds, Stopping threads took: 0.0000156 seconds
[2019-01-25T14:47:46.765+0000][1][safepoint    ] Application time: 0.0013809 seconds
[2019-01-25T14:47:46.768+0000][1][safepoint    ] Total time for which application threads were stopped: 0.0001115 seconds, Stopping threads took: 0.0000170 seconds
[2019-01-25T14:47:47.768+0000][1][safepoint    ] Application time: 1.0001475 seconds
[2019-01-25T14:47:47.770+0000][1][safepoint    ] Total time for which application threads were stopped: 0.0000697 seconds, Stopping threads took: 0.0000154 seconds
[2019-01-25T14:47:48.779+0000][1][safepoint    ] Application time: 1.0001422 seconds
[2019-01-25T14:47:48.780+0000][1][safepoint    ] Total time for which application threads were stopped: 0.0000643 seconds, Stopping threads took: 0.0000166 seconds
[2019-01-25T14:47:49.279+0000][1][safepoint    ] Application time: 0.4980569 seconds
[2019-01-25T14:47:49.280+0000][1][safepoint    ] Total time for which application threads were stopped: 0.0000723 seconds, Stopping threads took: 0.0000128 seconds
[2019-01-25T14:47:49.282+0000][1][safepoint    ] Application time: 0.0010650 seconds
[2019-01-25T14:47:49.284+0000][1][safepoint    ] Total time for which application threads were stopped: 0.0001017 seconds, Stopping threads took: 0.0000151 seconds
[2019-01-25T14:47:50.289+0000][1][safepoint    ] Application time: 1.0001536 seconds
[2019-01-25T14:47:50.289+0000][1][safepoint    ] Total time for which application threads were stopped: 0.0000628 seconds, Stopping threads took: 0.0000154 seconds
[2019-01-25T14:47:51.290+0000][1][safepoint    ] Application time: 1.0001346 seconds
[2019-01-25T14:47:51.290+0000][1][safepoint    ] Total time for which application threads were stopped: 0.0000629 seconds, Stopping threads took: 0.0000155 seconds
[2019-01-25T14:47:51.799+0000][1][safepoint    ] Application time: 0.5080782 seconds
[2019-01-25T14:47:51.801+0000][1][safepoint    ] Total time for which application threads were stopped: 0.0001131 seconds, Stopping threads took: 0.0000165 seconds
[2019-01-25T14:47:51.804+0000][1][safepoint    ] Application time: 0.0023789 seconds
[2019-01-25T14:47:51.805+0000][1][safepoint    ] Total time for which application threads were stopped: 0.0000716 seconds, Stopping threads took: 0.0000130 seconds
[2019-01-25T14:47:52.805+0000][1][safepoint    ] Application time: 1.0002275 seconds
[2019-01-25T14:47:52.806+0000][1][safepoint    ] Total time for which application threads were stopped: 0.0000723 seconds, Stopping threads took: 0.0000155 seconds
[2019-01-25T14:47:53.801+0000][1][safepoint    ] Application time: 1.0001263 seconds
[2019-01-25T14:47:53.802+0000][1][safepoint    ] Total time for which application threads were stopped: 0.0000472 seconds, Stopping threads took: 0.0000115 seconds
[2019-01-25T14:47:54.309+0000][1][safepoint    ] Application time: 0.5061694 seconds
[2019-01-25T14:47:54.310+0000][1][safepoint    ] Total time for which application threads were stopped: 0.0000713 seconds, Stopping threads took: 0.0000124 seconds
[2019-01-25T14:47:54.318+0000][1][safepoint    ] Application time: 0.0077983 seconds
[2019-01-25T14:47:54.318+0000][1][safepoint    ] Total time for which application threads were stopped: 0.0000824 seconds, Stopping threads took: 0.0000129 seconds
[2019-01-25T14:47:55.319+0000][1][safepoint    ] Application time: 1.0001443 seconds
[2019-01-25T14:47:55.320+0000][1][safepoint    ] Total time for which application threads were stopped: 0.0000658 seconds, Stopping threads took: 0.0000170 seconds
[2019-01-25T14:47:56.320+0000][1][safepoint    ] Application time: 1.0001428 seconds
[2019-01-25T14:47:56.322+0000][1][safepoint    ] Total time for which application threads were stopped: 0.0000831 seconds, Stopping threads took: 0.0000216 seconds
[2019-01-25T14:47:56.825+0000][1][safepoint    ] Application time: 0.4893695 seconds
[2019-01-25T14:47:56.826+0000][1][gc,start     ] GC(24) Pause Young (Allocation Failure)
[2019-01-25T14:47:56.826+0000][1][gc,task      ] GC(24) Using 2 workers of 2 for evacuation
[2019-01-25T14:47:56.834+0000][1][gc,age       ] GC(24) Desired survivor size 4456448 bytes, new threshold 6 (max threshold 6)
[2019-01-25T14:47:56.834+0000][1][gc,age       ] GC(24) Age table with threshold 6 (max threshold 6)
[2019-01-25T14:47:56.835+0000][1][gc,age       ] GC(24) - age   1:      23640 bytes,      23640 total
[2019-01-25T14:47:56.835+0000][1][gc,age       ] GC(24) - age   2:       7584 bytes,      31224 total
[2019-01-25T14:47:56.835+0000][1][gc,age       ] GC(24) - age   3:       1592 bytes,      32816 total
[2019-01-25T14:47:56.836+0000][1][gc,age       ] GC(24) - age   4:       7496 bytes,      40312 total
[2019-01-25T14:47:56.836+0000][1][gc,age       ] GC(24) - age   5:      29208 bytes,      69520 total
[2019-01-25T14:47:56.837+0000][1][gc,age       ] GC(24) - age   6:      20440 bytes,      89960 total
[2019-01-25T14:47:56.838+0000][1][gc,heap      ] GC(24) ParNew: 71193K->836K(78656K)
[2019-01-25T14:47:56.838+0000][1][gc,heap      ] GC(24) CMS: 82611K->83382K(174784K)
[2019-01-25T14:47:56.844+0000][1][gc,metaspace ] GC(24) Metaspace: 64324K->64324K(1107968K)
[2019-01-25T14:47:56.845+0000][1][gc           ] GC(24) Pause Young (Allocation Failure) 150M->82M(247M) 18.910ms
[2019-01-25T14:47:56.845+0000][1][gc,cpu       ] GC(24) User=0.01s Sys=0.00s Real=0.02s
[2019-01-25T14:47:56.846+0000][1][safepoint    ] Total time for which application threads were stopped: 0.0204793 seconds, Stopping threads took: 0.0000138 seconds
[2019-01-25T14:47:56.848+0000][1][safepoint    ] Application time: 0.0011925 seconds
[2019-01-25T14:47:56.849+0000][1][safepoint    ] Total time for which application threads were stopped: 0.0001227 seconds, Stopping threads took: 0.0000195 seconds
[2019-01-25T14:47:56.852+0000][1][safepoint    ] Application time: 0.0030115 seconds
[2019-01-25T14:47:56.853+0000][1][safepoint    ] Total time for which application threads were stopped: 0.0001038 seconds, Stopping threads took: 0.0000144 seconds
[2019-01-25T14:47:57.854+0000][1][safepoint    ] Application time: 1.0001820 seconds
[2019-01-25T14:47:57.854+0000][1][safepoint    ] Total time for which application threads were stopped: 0.0000851 seconds, Stopping threads took: 0.0000291 seconds
[2019-01-25T14:47:58.860+0000][1][safepoint    ] Application time: 1.0002481 seconds
[2019-01-25T14:47:58.863+0000][1][safepoint    ] Total time for which application threads were stopped: 0.0002295 seconds, Stopping threads took: 0.0000486 seconds
[2019-01-25T14:47:59.364+0000][1][safepoint    ] Application time: 0.4991357 seconds
[2019-01-25T14:47:59.364+0000][1][safepoint    ] Total time for which application threads were stopped: 0.0001051 seconds, Stopping threads took: 0.0000132 seconds
[2019-01-25T14:47:59.366+0000][1][safepoint    ] Application time: 0.0012319 seconds
[2019-01-25T14:47:59.366+0000][1][safepoint    ] Total time for which application threads were stopped: 0.0002105 seconds, Stopping threads took: 0.0000129 seconds
[2019-01-25T14:48:00.367+0000][1][safepoint    ] Application time: 1.0001496 seconds
[2019-01-25T14:48:00.368+0000][1][safepoint    ] Total time for which application threads were stopped: 0.0000860 seconds, Stopping threads took: 0.0000210 seconds
[2019-01-25T14:48:01.369+0000][1][safepoint    ] Application time: 1.0003095 seconds
[2019-01-25T14:48:01.370+0000][1][safepoint    ] Total time for which application threads were stopped: 0.0001366 seconds, Stopping threads took: 0.0000351 seconds
[2019-01-25T14:48:01.888+0000][1][safepoint    ] Application time: 0.5167114 seconds
[2019-01-25T14:48:01.889+0000][1][safepoint    ] Total time for which application threads were stopped: 0.0001170 seconds, Stopping threads took: 0.0000420 seconds
[2019-01-25T14:48:01.892+0000][1][safepoint    ] Application time: 0.0024059 seconds
[2019-01-25T14:48:01.893+0000][1][safepoint    ] Total time for which application threads were stopped: 0.0000828 seconds, Stopping threads took: 0.0000249 seconds
[2019-01-25T14:48:02.894+0000][1][safepoint    ] Application time: 1.0004792 seconds
[2019-01-25T14:48:02.895+0000][1][safepoint    ] Total time for which application threads were stopped: 0.0001232 seconds, Stopping threads took: 0.0000314 seconds
[2019-01-25T14:48:03.897+0000][1][safepoint    ] Application time: 1.0010238 seconds
[2019-01-25T14:48:03.898+0000][1][safepoint    ] Total time for which application threads were stopped: 0.0000498 seconds, Stopping threads took: 0.0000129 seconds
[2019-01-25T14:48:04.398+0000][1][safepoint    ] Application time: 0.4992692 seconds
[2019-01-25T14:48:04.399+0000][1][safepoint    ] Total time for which application threads were stopped: 0.0001107 seconds, Stopping threads took: 0.0000192 seconds
[2019-01-25T14:48:04.401+0000][1][safepoint    ] Application time: 0.0010339 seconds
[2019-01-25T14:48:04.402+0000][1][safepoint    ] Total time for which application threads were stopped: 0.0001041 seconds, Stopping threads took: 0.0000156 seconds
[2019-01-25T14:48:05.403+0000][1][safepoint    ] Application time: 1.0009077 seconds
[2019-01-25T14:48:05.410+0000][1][safepoint    ] Total time for which application threads were stopped: 0.0000690 seconds, Stopping threads took: 0.0000176 seconds
[2019-01-25T14:48:06.412+0000][1][safepoint    ] Application time: 1.0001340 seconds
[2019-01-25T14:48:06.412+0000][1][safepoint    ] Total time for which application threads were stopped: 0.0001090 seconds, Stopping threads took: 0.0000367 seconds
[2019-01-25T14:48:06.910+0000][1][safepoint    ] Application time: 0.4971055 seconds
[2019-01-25T14:48:06.911+0000][1][safepoint    ] Total time for which application threads were stopped: 0.0001215 seconds, Stopping threads took: 0.0000206 seconds
[2019-01-25T14:48:06.913+0000][1][safepoint    ] Application time: 0.0011768 seconds
[2019-01-25T14:48:06.914+0000][1][safepoint    ] Total time for which application threads were stopped: 0.0001025 seconds, Stopping threads took: 0.0000166 seconds
[2019-01-25T14:48:07.915+0000][1][safepoint    ] Application time: 1.0008334 seconds
[2019-01-25T14:48:07.916+0000][1][safepoint    ] Total time for which application threads were stopped: 0.0000886 seconds, Stopping threads took: 0.0000162 seconds
[2019-01-25T14:48:08.917+0000][1][safepoint    ] Application time: 1.0001245 seconds
[2019-01-25T14:48:08.918+0000][1][safepoint    ] Total time for which application threads were stopped: 0.0000787 seconds, Stopping threads took: 0.0000190 seconds
[2019-01-25T14:48:09.419+0000][1][safepoint    ] Application time: 0.5005096 seconds
[2019-01-25T14:48:09.419+0000][1][safepoint    ] Total time for which application threads were stopped: 0.0001120 seconds, Stopping threads took: 0.0000151 seconds
[2019-01-25T14:48:09.421+0000][1][safepoint    ] Application time: 0.0011764 seconds
[2019-01-25T14:48:09.422+0000][1][safepoint    ] Total time for which application threads were stopped: 0.0000792 seconds, Stopping threads took: 0.0000144 seconds
[2019-01-25T14:48:10.423+0000][1][safepoint    ] Application time: 1.0007368 seconds
[2019-01-25T14:48:10.424+0000][1][safepoint    ] Total time for which application threads were stopped: 0.0000462 seconds, Stopping threads took: 0.0000117 seconds
[2019-01-25T14:48:11.424+0000][1][safepoint    ] Application time: 1.0001930 seconds
[2019-01-25T14:48:11.425+0000][1][safepoint    ] Total time for which application threads were stopped: 0.0001223 seconds, Stopping threads took: 0.0000304 seconds
[2019-01-25T14:48:11.928+0000][1][safepoint    ] Application time: 0.5019435 seconds
[2019-01-25T14:48:11.929+0000][1][safepoint    ] Total time for which application threads were stopped: 0.0001105 seconds, Stopping threads took: 0.0000162 seconds
[2019-01-25T14:48:11.931+0000][1][safepoint    ] Application time: 0.0018767 seconds
[2019-01-25T14:48:11.932+0000][1][safepoint    ] Total time for which application threads were stopped: 0.0001039 seconds, Stopping threads took: 0.0000179 seconds
[2019-01-25T14:48:12.933+0000][1][safepoint    ] Application time: 1.0001786 seconds
[2019-01-25T14:48:12.933+0000][1][safepoint    ] Total time for which application threads were stopped: 0.0000478 seconds, Stopping threads took: 0.0000121 seconds
[2019-01-25T14:48:13.934+0000][1][safepoint    ] Application time: 1.0001315 seconds
[2019-01-25T14:48:13.934+0000][1][safepoint    ] Total time for which application threads were stopped: 0.0000805 seconds, Stopping threads took: 0.0000149 seconds
[2019-01-25T14:48:14.439+0000][1][safepoint    ] Application time: 0.5044152 seconds
[2019-01-25T14:48:14.440+0000][1][safepoint    ] Total time for which application threads were stopped: 0.0001122 seconds, Stopping threads took: 0.0000170 seconds
[2019-01-25T14:48:14.442+0000][1][safepoint    ] Application time: 0.0015375 seconds
[2019-01-25T14:48:14.444+0000][1][safepoint    ] Total time for which application threads were stopped: 0.0000877 seconds, Stopping threads took: 0.0000120 seconds
[2019-01-25T14:48:15.447+0000][1][safepoint    ] Application time: 1.0003863 seconds
[2019-01-25T14:48:15.448+0000][1][safepoint    ] Total time for which application threads were stopped: 0.0001100 seconds, Stopping threads took: 0.0000280 seconds
[2019-01-25T14:48:16.450+0000][1][safepoint    ] Application time: 1.0001825 seconds
[2019-01-25T14:48:16.451+0000][1][safepoint    ] Total time for which application threads were stopped: 0.0000672 seconds, Stopping threads took: 0.0000176 seconds
[2019-01-25T14:48:16.954+0000][1][safepoint    ] Application time: 0.5020649 seconds
[2019-01-25T14:48:16.955+0000][1][safepoint    ] Total time for which application threads were stopped: 0.0000770 seconds, Stopping threads took: 0.0000130 seconds
[2019-01-25T14:48:16.956+0000][1][safepoint    ] Application time: 0.0012494 seconds
[2019-01-25T14:48:16.957+0000][1][safepoint    ] Total time for which application threads were stopped: 0.0000787 seconds, Stopping threads took: 0.0000135 seconds
[2019-01-25T14:48:17.957+0000][1][safepoint    ] Application time: 1.0001332 seconds
[2019-01-25T14:48:17.958+0000][1][safepoint    ] Total time for which application threads were stopped: 0.0001081 seconds, Stopping threads took: 0.0000159 seconds
[2019-01-25T14:48:18.958+0000][1][safepoint    ] Application time: 1.0001631 seconds
[2019-01-25T14:48:18.959+0000][1][safepoint    ] Total time for which application threads were stopped: 0.0000513 seconds, Stopping threads took: 0.0000132 seconds
[2019-01-25T14:48:19.464+0000][1][safepoint    ] Application time: 0.5042511 seconds
[2019-01-25T14:48:19.465+0000][1][safepoint    ] Total time for which application threads were stopped: 0.0001232 seconds, Stopping threads took: 0.0000156 seconds
[2019-01-25T14:48:19.473+0000][1][safepoint    ] Application time: 0.0066986 seconds
[2019-01-25T14:48:19.475+0000][1][safepoint    ] Total time for which application threads were stopped: 0.0013722 seconds, Stopping threads took: 0.0012764 seconds
[2019-01-25T14:48:20.476+0000][1][safepoint    ] Application time: 1.0001763 seconds
[2019-01-25T14:48:20.476+0000][1][safepoint    ] Total time for which application threads were stopped: 0.0000828 seconds, Stopping threads took: 0.0000160 seconds
[2019-01-25T14:48:21.477+0000][1][safepoint    ] Application time: 1.0003719 seconds
[2019-01-25T14:48:21.478+0000][1][safepoint    ] Total time for which application threads were stopped: 0.0001362 seconds, Stopping threads took: 0.0000236 seconds
[2019-01-25T14:48:21.982+0000][1][safepoint    ] Application time: 0.5031678 seconds
[2019-01-25T14:48:21.983+0000][1][safepoint    ] Total time for which application threads were stopped: 0.0000736 seconds, Stopping threads took: 0.0000122 seconds
[2019-01-25T14:48:21.984+0000][1][safepoint    ] Application time: 0.0014335 seconds
[2019-01-25T14:48:21.986+0000][1][safepoint    ] Total time for which application threads were stopped: 0.0001011 seconds, Stopping threads took: 0.0000174 seconds
[2019-01-25T14:48:22.987+0000][1][safepoint    ] Application time: 1.0001689 seconds
[2019-01-25T14:48:22.988+0000][1][safepoint    ] Total time for which application threads were stopped: 0.0000481 seconds, Stopping threads took: 0.0000128 seconds
[2019-01-25T14:48:23.989+0000][1][safepoint    ] Application time: 1.0001824 seconds
[2019-01-25T14:48:23.989+0000][1][safepoint    ] Total time for which application threads were stopped: 0.0000491 seconds, Stopping threads took: 0.0000125 seconds
[2019-01-25T14:48:24.494+0000][1][safepoint    ] Application time: 0.5043528 seconds
[2019-01-25T14:48:24.495+0000][1][safepoint    ] Total time for which application threads were stopped: 0.0000716 seconds, Stopping threads took: 0.0000115 seconds
[2019-01-25T14:48:24.501+0000][1][safepoint    ] Application time: 0.0061708 seconds
[2019-01-25T14:48:24.502+0000][1][safepoint    ] Total time for which application threads were stopped: 0.0000772 seconds, Stopping threads took: 0.0000123 seconds
[2019-01-25T14:48:25.502+0000][1][safepoint    ] Application time: 1.0001702 seconds
[2019-01-25T14:48:25.503+0000][1][safepoint    ] Total time for which application threads were stopped: 0.0000501 seconds, Stopping threads took: 0.0000128 seconds
[2019-01-25T14:48:26.503+0000][1][safepoint    ] Application time: 1.0001245 seconds
[2019-01-25T14:48:26.504+0000][1][safepoint    ] Total time for which application threads were stopped: 0.0000685 seconds, Stopping threads took: 0.0000162 seconds
[2019-01-25T14:48:27.008+0000][1][safepoint    ] Application time: 0.5033373 seconds
[2019-01-25T14:48:27.009+0000][1][safepoint    ] Total time for which application threads were stopped: 0.0000779 seconds, Stopping threads took: 0.0000121 seconds
[2019-01-25T14:48:27.018+0000][1][safepoint    ] Application time: 0.0030349 seconds
[2019-01-25T14:48:27.023+0000][1][safepoint    ] Total time for which application threads were stopped: 0.0004021 seconds, Stopping threads took: 0.0000448 seconds
[2019-01-25T14:48:28.024+0000][1][safepoint    ] Application time: 1.0001558 seconds
[2019-01-25T14:48:28.024+0000][1][safepoint    ] Total time for which application threads were stopped: 0.0000681 seconds, Stopping threads took: 0.0000165 seconds
[2019-01-25T14:48:29.025+0000][1][safepoint    ] Application time: 1.0002752 seconds
[2019-01-25T14:48:29.032+0000][1][safepoint    ] Total time for which application threads were stopped: 0.0003126 seconds, Stopping threads took: 0.0000531 seconds
[2019-01-25T14:48:29.528+0000][1][safepoint    ] Application time: 0.4946456 seconds
[2019-01-25T14:48:29.530+0000][1][safepoint    ] Total time for which application threads were stopped: 0.0002611 seconds, Stopping threads took: 0.0000923 seconds
[2019-01-25T14:48:29.532+0000][1][safepoint    ] Application time: 0.0014118 seconds
[2019-01-25T14:48:29.541+0000][1][safepoint    ] Total time for which application threads were stopped: 0.0001086 seconds, Stopping threads took: 0.0000188 seconds
[2019-01-25T14:48:30.542+0000][1][safepoint    ] Application time: 1.0001495 seconds
[2019-01-25T14:48:30.543+0000][1][safepoint    ] Total time for which application threads were stopped: 0.0000749 seconds, Stopping threads took: 0.0000167 seconds
[2019-01-25T14:48:31.544+0000][1][safepoint    ] Application time: 1.0009686 seconds
[2019-01-25T14:48:31.547+0000][1][safepoint    ] Total time for which application threads were stopped: 0.0001680 seconds, Stopping threads took: 0.0000414 seconds
[2019-01-25T14:48:32.062+0000][1][safepoint    ] Application time: 0.5139019 seconds
[2019-01-25T14:48:32.067+0000][1][safepoint    ] Total time for which application threads were stopped: 0.0000792 seconds, Stopping threads took: 0.0000118 seconds
[2019-01-25T14:48:32.071+0000][1][safepoint    ] Application time: 0.0023375 seconds
[2019-01-25T14:48:32.071+0000][1][safepoint    ] Total time for which application threads were stopped: 0.0001060 seconds, Stopping threads took: 0.0000150 seconds
[2019-01-25T14:48:33.072+0000][1][safepoint    ] Application time: 1.0001439 seconds
[2019-01-25T14:48:33.074+0000][1][safepoint    ] Total time for which application threads were stopped: 0.0000700 seconds, Stopping threads took: 0.0000181 seconds
[2019-01-25T14:48:34.077+0000][1][safepoint    ] Application time: 1.0010293 seconds
[2019-01-25T14:48:34.105+0000][1][safepoint    ] Total time for which application threads were stopped: 0.0000658 seconds, Stopping threads took: 0.0000160 seconds
[2019-01-25T14:48:34.578+0000][1][safepoint    ] Application time: 0.4501718 seconds
[2019-01-25T14:48:34.579+0000][1][safepoint    ] Total time for which application threads were stopped: 0.0000744 seconds, Stopping threads took: 0.0000124 seconds
[2019-01-25T14:48:34.580+0000][1][safepoint    ] Application time: 0.0011504 seconds
[2019-01-25T14:48:34.581+0000][1][safepoint    ] Total time for which application threads were stopped: 0.0000920 seconds, Stopping threads took: 0.0000170 seconds
[2019-01-25T14:48:35.582+0000][1][safepoint    ] Application time: 1.0001422 seconds
[2019-01-25T14:48:35.583+0000][1][safepoint    ] Total time for which application threads were stopped: 0.0000676 seconds, Stopping threads took: 0.0000171 seconds
[2019-01-25T14:48:36.585+0000][1][safepoint    ] Application time: 1.0001597 seconds
[2019-01-25T14:48:36.599+0000][1][safepoint    ] Total time for which application threads were stopped: 0.0001001 seconds, Stopping threads took: 0.0000390 seconds
[2019-01-25T14:48:37.100+0000][1][safepoint    ] Application time: 0.4999516 seconds
[2019-01-25T14:48:37.102+0000][1][safepoint    ] Total time for which application threads were stopped: 0.0001322 seconds, Stopping threads took: 0.0000161 seconds
[2019-01-25T14:48:37.104+0000][1][safepoint    ] Application time: 0.0013098 seconds
[2019-01-25T14:48:37.105+0000][1][safepoint    ] Total time for which application threads were stopped: 0.0000992 seconds, Stopping threads took: 0.0000159 seconds
[2019-01-25T14:48:38.107+0000][1][safepoint    ] Application time: 1.0001838 seconds
[2019-01-25T14:48:38.108+0000][1][safepoint    ] Total time for which application threads were stopped: 0.0001354 seconds, Stopping threads took: 0.0000247 seconds
[2019-01-25T14:48:39.109+0000][1][safepoint    ] Application time: 1.0001392 seconds
[2019-01-25T14:48:39.144+0000][1][safepoint    ] Total time for which application threads were stopped: 0.0000781 seconds, Stopping threads took: 0.0000182 seconds
[2019-01-25T14:48:39.620+0000][1][safepoint    ] Application time: 0.3377798 seconds
[2019-01-25T14:48:39.673+0000][1][safepoint    ] Total time for which application threads were stopped: 0.0001103 seconds, Stopping threads took: 0.0000207 seconds
[2019-01-25T14:48:39.679+0000][1][safepoint    ] Application time: 0.0015199 seconds
[2019-01-25T14:48:39.682+0000][1][safepoint    ] Total time for which application threads were stopped: 0.0001219 seconds, Stopping threads took: 0.0000165 seconds
[2019-01-25T14:48:40.682+0000][1][safepoint    ] Application time: 1.0001411 seconds
[2019-01-25T14:48:40.683+0000][1][safepoint    ] Total time for which application threads were stopped: 0.0000706 seconds, Stopping threads took: 0.0000170 seconds
[2019-01-25T14:48:41.684+0000][1][safepoint    ] Application time: 1.0001489 seconds
[2019-01-25T14:48:41.688+0000][1][safepoint    ] Total time for which application threads were stopped: 0.0000733 seconds, Stopping threads took: 0.0000168 seconds
[2019-01-25T14:48:42.190+0000][1][safepoint    ] Application time: 0.4951468 seconds
[2019-01-25T14:48:42.201+0000][1][safepoint    ] Total time for which application threads were stopped: 0.0001185 seconds, Stopping threads took: 0.0000174 seconds
[2019-01-25T14:48:42.203+0000][1][safepoint    ] Application time: 0.0015148 seconds
[2019-01-25T14:48:42.208+0000][1][safepoint    ] Total time for which application threads were stopped: 0.0001022 seconds, Stopping threads took: 0.0000174 seconds
[2019-01-25T14:48:43.212+0000][1][safepoint    ] Application time: 1.0001442 seconds
[2019-01-25T14:48:43.212+0000][1][safepoint    ] Total time for which application threads were stopped: 0.0000784 seconds, Stopping threads took: 0.0000176 seconds
[2019-01-25T14:48:44.213+0000][1][safepoint    ] Application time: 1.0002021 seconds
[2019-01-25T14:48:44.214+0000][1][safepoint    ] Total time for which application threads were stopped: 0.0001177 seconds, Stopping threads took: 0.0000230 seconds
[2019-01-25T14:48:44.716+0000][1][safepoint    ] Application time: 0.5020407 seconds
[2019-01-25T14:48:44.718+0000][1][safepoint    ] Total time for which application threads were stopped: 0.0001076 seconds, Stopping threads took: 0.0000173 seconds
[2019-01-25T14:48:44.721+0000][1][safepoint    ] Application time: 0.0026500 seconds
[2019-01-25T14:48:44.722+0000][1][safepoint    ] Total time for which application threads were stopped: 0.0000971 seconds, Stopping threads took: 0.0000149 seconds
[2019-01-25T14:48:45.723+0000][1][safepoint    ] Application time: 1.0001733 seconds
[2019-01-25T14:48:45.723+0000][1][safepoint    ] Total time for which application threads were stopped: 0.0000489 seconds, Stopping threads took: 0.0000134 seconds
[2019-01-25T14:48:46.724+0000][1][safepoint    ] Application time: 1.0001425 seconds
[2019-01-25T14:48:46.725+0000][1][safepoint    ] Total time for which application threads were stopped: 0.0000481 seconds, Stopping threads took: 0.0000118 seconds
[2019-01-25T14:48:47.227+0000][1][safepoint    ] Application time: 0.5007700 seconds
[2019-01-25T14:48:47.227+0000][1][safepoint    ] Total time for which application threads were stopped: 0.0001061 seconds, Stopping threads took: 0.0000154 seconds
[2019-01-25T14:48:47.229+0000][1][safepoint    ] Application time: 0.0012680 seconds
[2019-01-25T14:48:47.230+0000][1][safepoint    ] Total time for which application threads were stopped: 0.0002907 seconds, Stopping threads took: 0.0000150 seconds
[2019-01-25T14:48:48.231+0000][1][safepoint    ] Application time: 1.0002122 seconds
[2019-01-25T14:48:48.232+0000][1][safepoint    ] Total time for which application threads were stopped: 0.0001165 seconds, Stopping threads took: 0.0000420 seconds
[2019-01-25T14:48:49.233+0000][1][safepoint    ] Application time: 1.0001366 seconds
[2019-01-25T14:48:49.234+0000][1][safepoint    ] Total time for which application threads were stopped: 0.0000787 seconds, Stopping threads took: 0.0000163 seconds
[2019-01-25T14:48:49.744+0000][1][safepoint    ] Application time: 0.5087995 seconds
[2019-01-25T14:48:49.746+0000][1][safepoint    ] Total time for which application threads were stopped: 0.0002610 seconds, Stopping threads took: 0.0000416 seconds
[2019-01-25T14:48:49.753+0000][1][safepoint    ] Application time: 0.0057225 seconds
[2019-01-25T14:48:49.757+0000][1][safepoint    ] Total time for which application threads were stopped: 0.0003495 seconds, Stopping threads took: 0.0000498 seconds
[2019-01-25T14:48:50.759+0000][1][safepoint    ] Application time: 1.0002609 seconds
[2019-01-25T14:48:50.759+0000][1][safepoint    ] Total time for which application threads were stopped: 0.0000633 seconds, Stopping threads took: 0.0000179 seconds
[2019-01-25T14:48:51.761+0000][1][safepoint    ] Application time: 1.0001058 seconds
[2019-01-25T14:48:51.761+0000][1][safepoint    ] Total time for which application threads were stopped: 0.0000796 seconds, Stopping threads took: 0.0000156 seconds
[2019-01-25T14:48:52.270+0000][1][safepoint    ] Application time: 0.5084214 seconds
[2019-01-25T14:48:52.271+0000][1][safepoint    ] Total time for which application threads were stopped: 0.0000821 seconds, Stopping threads took: 0.0000136 seconds
[2019-01-25T14:48:52.273+0000][1][safepoint    ] Application time: 0.0011555 seconds
[2019-01-25T14:48:52.273+0000][1][safepoint    ] Total time for which application threads were stopped: 0.0000785 seconds, Stopping threads took: 0.0000133 seconds
[2019-01-25T14:48:53.274+0000][1][safepoint    ] Application time: 1.0001419 seconds
[2019-01-25T14:48:53.275+0000][1][safepoint    ] Total time for which application threads were stopped: 0.0000670 seconds, Stopping threads took: 0.0000299 seconds
[2019-01-25T14:48:54.276+0000][1][safepoint    ] Application time: 1.0006290 seconds
[2019-01-25T14:48:54.276+0000][1][safepoint    ] Total time for which application threads were stopped: 0.0000609 seconds, Stopping threads took: 0.0000166 seconds
[2019-01-25T14:48:54.778+0000][1][safepoint    ] Application time: 0.5009306 seconds
[2019-01-25T14:48:54.779+0000][1][safepoint    ] Total time for which application threads were stopped: 0.0001280 seconds, Stopping threads took: 0.0000347 seconds
[2019-01-25T14:48:54.780+0000][1][safepoint    ] Application time: 0.0011917 seconds
[2019-01-25T14:48:54.781+0000][1][safepoint    ] Total time for which application threads were stopped: 0.0000924 seconds, Stopping threads took: 0.0000141 seconds
[2019-01-25T14:48:55.784+0000][1][safepoint    ] Application time: 1.0001686 seconds
[2019-01-25T14:48:55.785+0000][1][safepoint    ] Total time for which application threads were stopped: 0.0000841 seconds, Stopping threads took: 0.0000214 seconds
[2019-01-25T14:48:56.786+0000][1][safepoint    ] Application time: 1.0001128 seconds
[2019-01-25T14:48:56.787+0000][1][safepoint    ] Total time for which application threads were stopped: 0.0000473 seconds, Stopping threads took: 0.0000116 seconds
[2019-01-25T14:48:57.290+0000][1][safepoint    ] Application time: 0.5029633 seconds
[2019-01-25T14:48:57.291+0000][1][safepoint    ] Total time for which application threads were stopped: 0.0001141 seconds, Stopping threads took: 0.0000182 seconds
[2019-01-25T14:48:57.293+0000][1][safepoint    ] Application time: 0.0014588 seconds
[2019-01-25T14:48:57.293+0000][1][safepoint    ] Total time for which application threads were stopped: 0.0001081 seconds, Stopping threads took: 0.0000168 seconds
[2019-01-25T14:48:58.294+0000][1][safepoint    ] Application time: 1.0002607 seconds
[2019-01-25T14:48:58.295+0000][1][safepoint    ] Total time for which application threads were stopped: 0.0000889 seconds, Stopping threads took: 0.0000216 seconds
[2019-01-25T14:48:59.296+0000][1][safepoint    ] Application time: 1.0001424 seconds
[2019-01-25T14:48:59.297+0000][1][safepoint    ] Total time for which application threads were stopped: 0.0000645 seconds, Stopping threads took: 0.0000145 seconds
[2019-01-25T14:48:59.803+0000][1][safepoint    ] Application time: 0.5057467 seconds
[2019-01-25T14:48:59.803+0000][1][safepoint    ] Total time for which application threads were stopped: 0.0000908 seconds, Stopping threads took: 0.0000116 seconds
[2019-01-25T14:48:59.806+0000][1][safepoint    ] Application time: 0.0024378 seconds
[2019-01-25T14:48:59.811+0000][1][safepoint    ] Total time for which application threads were stopped: 0.0034779 seconds, Stopping threads took: 0.0032396 seconds
[2019-01-25T14:49:00.811+0000][1][safepoint    ] Application time: 1.0001568 seconds
[2019-01-25T14:49:00.812+0000][1][safepoint    ] Total time for which application threads were stopped: 0.0000738 seconds, Stopping threads took: 0.0000190 seconds
[2019-01-25T14:49:01.813+0000][1][safepoint    ] Application time: 1.0001919 seconds
[2019-01-25T14:49:01.813+0000][1][safepoint    ] Total time for which application threads were stopped: 0.0000843 seconds, Stopping threads took: 0.0000259 seconds
[2019-01-25T14:49:02.334+0000][1][safepoint    ] Application time: 0.5201455 seconds
[2019-01-25T14:49:02.337+0000][1][safepoint    ] Total time for which application threads were stopped: 0.0003560 seconds, Stopping threads took: 0.0000486 seconds
[2019-01-25T14:49:02.343+0000][1][safepoint    ] Application time: 0.0043945 seconds
[2019-01-25T14:49:02.344+0000][1][safepoint    ] Total time for which application threads were stopped: 0.0001031 seconds, Stopping threads took: 0.0000145 seconds
[2019-01-25T14:49:03.345+0000][1][safepoint    ] Application time: 1.0002391 seconds
[2019-01-25T14:49:03.345+0000][1][safepoint    ] Total time for which application threads were stopped: 0.0000814 seconds, Stopping threads took: 0.0000174 seconds
[2019-01-25T14:49:04.346+0000][1][safepoint    ] Application time: 1.0004360 seconds
[2019-01-25T14:49:04.348+0000][1][safepoint    ] Total time for which application threads were stopped: 0.0001732 seconds, Stopping threads took: 0.0000324 seconds
[2019-01-25T14:49:04.850+0000][1][safepoint    ] Application time: 0.5009135 seconds
[2019-01-25T14:49:04.850+0000][1][safepoint    ] Total time for which application threads were stopped: 0.0000773 seconds, Stopping threads took: 0.0000129 seconds
[2019-01-25T14:49:04.853+0000][1][safepoint    ] Application time: 0.0020807 seconds
[2019-01-25T14:49:04.854+0000][1][safepoint    ] Total time for which application threads were stopped: 0.0001054 seconds, Stopping threads took: 0.0000181 seconds
[2019-01-25T14:49:05.854+0000][1][safepoint    ] Application time: 1.0001535 seconds
[2019-01-25T14:49:05.855+0000][1][safepoint    ] Total time for which application threads were stopped: 0.0000824 seconds, Stopping threads took: 0.0000168 seconds
[2019-01-25T14:49:06.856+0000][1][safepoint    ] Application time: 1.0001428 seconds
[2019-01-25T14:49:06.856+0000][1][safepoint    ] Total time for which application threads were stopped: 0.0000883 seconds, Stopping threads took: 0.0000384 seconds
[2019-01-25T14:49:07.361+0000][1][safepoint    ] Application time: 0.5047083 seconds
[2019-01-25T14:49:07.362+0000][1][safepoint    ] Total time for which application threads were stopped: 0.0001318 seconds, Stopping threads took: 0.0000161 seconds
[2019-01-25T14:49:07.364+0000][1][safepoint    ] Application time: 0.0016750 seconds
[2019-01-25T14:49:07.365+0000][1][safepoint    ] Total time for which application threads were stopped: 0.0001124 seconds, Stopping threads took: 0.0000162 seconds
[2019-01-25T14:49:08.366+0000][1][safepoint    ] Application time: 1.0001404 seconds
[2019-01-25T14:49:08.366+0000][1][safepoint    ] Total time for which application threads were stopped: 0.0000639 seconds, Stopping threads took: 0.0000168 seconds
[2019-01-25T14:49:09.367+0000][1][safepoint    ] Application time: 1.0001725 seconds
[2019-01-25T14:49:09.368+0000][1][safepoint    ] Total time for which application threads were stopped: 0.0001016 seconds, Stopping threads took: 0.0000309 seconds
[2019-01-25T14:49:09.872+0000][1][safepoint    ] Application time: 0.5034993 seconds
[2019-01-25T14:49:09.873+0000][1][safepoint    ] Total time for which application threads were stopped: 0.0001272 seconds, Stopping threads took: 0.0000184 seconds
[2019-01-25T14:49:09.875+0000][1][safepoint    ] Application time: 0.0015373 seconds
[2019-01-25T14:49:09.876+0000][1][safepoint    ] Total time for which application threads were stopped: 0.0001228 seconds, Stopping threads took: 0.0000168 seconds
[2019-01-25T14:49:10.877+0000][1][safepoint    ] Application time: 1.0001414 seconds
[2019-01-25T14:49:10.878+0000][1][safepoint    ] Total time for which application threads were stopped: 0.0000642 seconds, Stopping threads took: 0.0000164 seconds
[2019-01-25T14:49:11.878+0000][1][safepoint    ] Application time: 1.0004882 seconds
[2019-01-25T14:49:11.879+0000][1][safepoint    ] Total time for which application threads were stopped: 0.0000703 seconds, Stopping threads took: 0.0000135 seconds
[2019-01-25T14:49:12.399+0000][1][safepoint    ] Application time: 0.5193426 seconds
[2019-01-25T14:49:12.410+0000][1][safepoint    ] Total time for which application threads were stopped: 0.0086747 seconds, Stopping threads took: 0.0000492 seconds
[2019-01-25T14:49:12.422+0000][1][safepoint    ] Application time: 0.0098248 seconds
[2019-01-25T14:49:12.426+0000][1][safepoint    ] Total time for which application threads were stopped: 0.0001687 seconds, Stopping threads took: 0.0000277 seconds
[2019-01-25T14:49:13.427+0000][1][safepoint    ] Application time: 1.0001602 seconds
[2019-01-25T14:49:13.428+0000][1][safepoint    ] Total time for which application threads were stopped: 0.0000760 seconds, Stopping threads took: 0.0000165 seconds
[2019-01-25T14:49:14.428+0000][1][safepoint    ] Application time: 1.0003866 seconds
[2019-01-25T14:49:14.430+0000][1][safepoint    ] Total time for which application threads were stopped: 0.0001190 seconds, Stopping threads took: 0.0000291 seconds
[2019-01-25T14:49:14.932+0000][1][safepoint    ] Application time: 0.5016638 seconds
[2019-01-25T14:49:14.932+0000][1][safepoint    ] Total time for which application threads were stopped: 0.0000939 seconds, Stopping threads took: 0.0000143 seconds
[2019-01-25T14:49:14.937+0000][1][safepoint    ] Application time: 0.0027893 seconds
[2019-01-25T14:49:14.938+0000][1][safepoint    ] Total time for which application threads were stopped: 0.0001189 seconds, Stopping threads took: 0.0000153 seconds
[2019-01-25T14:49:15.938+0000][1][safepoint    ] Application time: 1.0001081 seconds
[2019-01-25T14:49:15.939+0000][1][safepoint    ] Total time for which application threads were stopped: 0.0000653 seconds, Stopping threads took: 0.0000159 seconds
[2019-01-25T14:49:16.939+0000][1][safepoint    ] Application time: 1.0001107 seconds
[2019-01-25T14:49:16.940+0000][1][safepoint    ] Total time for which application threads were stopped: 0.0000887 seconds, Stopping threads took: 0.0000164 seconds
[2019-01-25T14:49:17.444+0000][1][safepoint    ] Application time: 0.5042260 seconds
[2019-01-25T14:49:17.446+0000][1][safepoint    ] Total time for which application threads were stopped: 0.0000857 seconds, Stopping threads took: 0.0000166 seconds
[2019-01-25T14:49:17.447+0000][1][safepoint    ] Application time: 0.0009970 seconds
[2019-01-25T14:49:17.447+0000][1][safepoint    ] Total time for which application threads were stopped: 0.0000742 seconds, Stopping threads took: 0.0000116 seconds
[2019-01-25T14:49:18.448+0000][1][safepoint    ] Application time: 1.0002042 seconds
[2019-01-25T14:49:18.449+0000][1][safepoint    ] Total time for which application threads were stopped: 0.0000980 seconds, Stopping threads took: 0.0000251 seconds
[2019-01-25T14:49:19.450+0000][1][safepoint    ] Application time: 1.0001152 seconds
[2019-01-25T14:49:19.451+0000][1][safepoint    ] Total time for which application threads were stopped: 0.0000803 seconds, Stopping threads took: 0.0000163 seconds
[2019-01-25T14:49:19.955+0000][1][safepoint    ] Application time: 0.5038885 seconds
[2019-01-25T14:49:19.959+0000][1][safepoint    ] Total time for which application threads were stopped: 0.0001010 seconds, Stopping threads took: 0.0000139 seconds
[2019-01-25T14:49:19.966+0000][1][safepoint    ] Application time: 0.0044045 seconds
[2019-01-25T14:49:19.967+0000][1][safepoint    ] Total time for which application threads were stopped: 0.0001208 seconds, Stopping threads took: 0.0000174 seconds
[2019-01-25T14:49:20.968+0000][1][safepoint    ] Application time: 1.0001159 seconds
[2019-01-25T14:49:20.969+0000][1][safepoint    ] Total time for which application threads were stopped: 0.0000685 seconds, Stopping threads took: 0.0000164 seconds
[2019-01-25T14:49:21.974+0000][1][safepoint    ] Application time: 1.0044206 seconds
[2019-01-25T14:49:21.977+0000][1][safepoint    ] Total time for which application threads were stopped: 0.0000700 seconds, Stopping threads took: 0.0000164 seconds
[2019-01-25T14:49:22.474+0000][1][safepoint    ] Application time: 0.4958731 seconds
[2019-01-25T14:49:22.475+0000][1][safepoint    ] Total time for which application threads were stopped: 0.0001096 seconds, Stopping threads took: 0.0000189 seconds
[2019-01-25T14:49:22.479+0000][1][safepoint    ] Application time: 0.0030594 seconds
[2019-01-25T14:49:22.479+0000][1][safepoint    ] Total time for which application threads were stopped: 0.0000802 seconds, Stopping threads took: 0.0000138 seconds
[2019-01-25T14:49:23.480+0000][1][safepoint    ] Application time: 1.0001392 seconds
[2019-01-25T14:49:23.481+0000][1][safepoint    ] Total time for which application threads were stopped: 0.0000672 seconds, Stopping threads took: 0.0000176 seconds
[2019-01-25T14:49:24.479+0000][1][safepoint    ] Application time: 1.0005585 seconds
[2019-01-25T14:49:24.482+0000][1][safepoint    ] Total time for which application threads were stopped: 0.0001975 seconds, Stopping threads took: 0.0000423 seconds
[2019-01-25T14:49:24.984+0000][1][safepoint    ] Application time: 0.5008037 seconds
[2019-01-25T14:49:24.985+0000][1][safepoint    ] Total time for which application threads were stopped: 0.0002926 seconds, Stopping threads took: 0.0000221 seconds
[2019-01-25T14:49:24.989+0000][1][safepoint    ] Application time: 0.0029032 seconds
[2019-01-25T14:49:24.990+0000][1][safepoint    ] Total time for which application threads were stopped: 0.0002311 seconds, Stopping threads took: 0.0000221 seconds
[2019-01-25T14:49:25.992+0000][1][safepoint    ] Application time: 1.0001506 seconds
[2019-01-25T14:49:25.993+0000][1][safepoint    ] Total time for which application threads were stopped: 0.0000947 seconds, Stopping threads took: 0.0000176 seconds
[2019-01-25T14:49:26.993+0000][1][safepoint    ] Application time: 1.0001696 seconds
[2019-01-25T14:49:26.994+0000][1][safepoint    ] Total time for which application threads were stopped: 0.0000839 seconds, Stopping threads took: 0.0000214 seconds
[2019-01-25T14:49:27.500+0000][1][safepoint    ] Application time: 0.5052496 seconds
[2019-01-25T14:49:27.501+0000][1][safepoint    ] Total time for which application threads were stopped: 0.0000936 seconds, Stopping threads took: 0.0000145 seconds
[2019-01-25T14:49:27.503+0000][1][safepoint    ] Application time: 0.0012396 seconds
[2019-01-25T14:49:27.504+0000][1][safepoint    ] Total time for which application threads were stopped: 0.0000910 seconds, Stopping threads took: 0.0000153 seconds
[2019-01-25T14:49:28.505+0000][1][safepoint    ] Application time: 1.0001691 seconds
[2019-01-25T14:49:28.506+0000][1][safepoint    ] Total time for which application threads were stopped: 0.0000738 seconds, Stopping threads took: 0.0000175 seconds
[2019-01-25T14:49:29.509+0000][1][safepoint    ] Application time: 1.0001262 seconds
[2019-01-25T14:49:29.510+0000][1][safepoint    ] Total time for which application threads were stopped: 0.0000650 seconds, Stopping threads took: 0.0000158 seconds
[2019-01-25T14:49:30.016+0000][1][safepoint    ] Application time: 0.5056394 seconds
[2019-01-25T14:49:30.023+0000][1][safepoint    ] Total time for which application threads were stopped: 0.0001013 seconds, Stopping threads took: 0.0000182 seconds
[2019-01-25T14:49:30.025+0000][1][safepoint    ] Application time: 0.0014198 seconds
[2019-01-25T14:49:30.027+0000][1][safepoint    ] Total time for which application threads were stopped: 0.0001053 seconds, Stopping threads took: 0.0000182 seconds
[2019-01-25T14:49:31.032+0000][1][safepoint    ] Application time: 1.0001416 seconds
[2019-01-25T14:49:31.033+0000][1][safepoint    ] Total time for which application threads were stopped: 0.0000821 seconds, Stopping threads took: 0.0000168 seconds
[2019-01-25T14:49:32.034+0000][1][safepoint    ] Application time: 1.0001339 seconds
[2019-01-25T14:49:32.034+0000][1][safepoint    ] Total time for which application threads were stopped: 0.0000665 seconds, Stopping threads took: 0.0000170 seconds
[2019-01-25T14:49:32.551+0000][1][safepoint    ] Application time: 0.5158633 seconds
[2019-01-25T14:49:32.567+0000][1][safepoint    ] Total time for which application threads were stopped: 0.0001115 seconds, Stopping threads took: 0.0000240 seconds
[2019-01-25T14:49:32.571+0000][1][safepoint    ] Application time: 0.0025030 seconds
[2019-01-25T14:49:32.572+0000][1][safepoint    ] Total time for which application threads were stopped: 0.0001027 seconds, Stopping threads took: 0.0000177 seconds
[2019-01-25T14:49:33.573+0000][1][safepoint    ] Application time: 1.0003571 seconds
[2019-01-25T14:49:33.574+0000][1][safepoint    ] Total time for which application threads were stopped: 0.0001146 seconds, Stopping threads took: 0.0000286 seconds
[2019-01-25T14:49:34.575+0000][1][safepoint    ] Application time: 1.0001652 seconds
[2019-01-25T14:49:34.576+0000][1][safepoint    ] Total time for which application threads were stopped: 0.0000668 seconds, Stopping threads took: 0.0000118 seconds
[2019-01-25T14:49:35.087+0000][1][safepoint    ] Application time: 0.5108211 seconds
[2019-01-25T14:49:35.088+0000][1][safepoint    ] Total time for which application threads were stopped: 0.0001019 seconds, Stopping threads took: 0.0000168 seconds
[2019-01-25T14:49:35.094+0000][1][safepoint    ] Application time: 0.0059372 seconds
[2019-01-25T14:49:35.096+0000][1][safepoint    ] Total time for which application threads were stopped: 0.0003195 seconds, Stopping threads took: 0.0000189 seconds
[2019-01-25T14:49:36.100+0000][1][safepoint    ] Application time: 1.0001974 seconds
[2019-01-25T14:49:36.101+0000][1][safepoint    ] Total time for which application threads were stopped: 0.0000623 seconds, Stopping threads took: 0.0000124 seconds
[2019-01-25T14:49:37.101+0000][1][safepoint    ] Application time: 1.0001225 seconds
[2019-01-25T14:49:37.102+0000][1][safepoint    ] Total time for which application threads were stopped: 0.0000879 seconds, Stopping threads took: 0.0000349 seconds
[2019-01-25T14:49:37.625+0000][1][safepoint    ] Application time: 0.5223948 seconds
[2019-01-25T14:49:37.627+0000][1][safepoint    ] Total time for which application threads were stopped: 0.0016570 seconds, Stopping threads took: 0.0000162 seconds
[2019-01-25T14:49:37.635+0000][1][safepoint    ] Application time: 0.0067338 seconds
[2019-01-25T14:49:37.636+0000][1][safepoint    ] Total time for which application threads were stopped: 0.0001007 seconds, Stopping threads took: 0.0000169 seconds
[2019-01-25T14:49:38.637+0000][1][safepoint    ] Application time: 1.0003984 seconds
[2019-01-25T14:49:38.638+0000][1][safepoint    ] Total time for which application threads were stopped: 0.0000886 seconds, Stopping threads took: 0.0000213 seconds
[2019-01-25T14:49:39.639+0000][1][safepoint    ] Application time: 1.0001374 seconds
[2019-01-25T14:49:39.640+0000][1][safepoint    ] Total time for which application threads were stopped: 0.0000741 seconds, Stopping threads took: 0.0000165 seconds
[2019-01-25T14:49:40.150+0000][1][safepoint    ] Application time: 0.5077129 seconds
[2019-01-25T14:49:40.151+0000][1][safepoint    ] Total time for which application threads were stopped: 0.0001092 seconds, Stopping threads took: 0.0000170 seconds
[2019-01-25T14:49:40.152+0000][1][safepoint    ] Application time: 0.0010855 seconds
[2019-01-25T14:49:40.153+0000][1][safepoint    ] Total time for which application threads were stopped: 0.0001172 seconds, Stopping threads took: 0.0000205 seconds
[2019-01-25T14:49:41.154+0000][1][safepoint    ] Application time: 1.0001704 seconds
[2019-01-25T14:49:41.154+0000][1][safepoint    ] Total time for which application threads were stopped: 0.0000632 seconds, Stopping threads took: 0.0000125 seconds
[2019-01-25T14:49:42.155+0000][1][safepoint    ] Application time: 1.0001329 seconds
[2019-01-25T14:49:42.155+0000][1][safepoint    ] Total time for which application threads were stopped: 0.0000696 seconds, Stopping threads took: 0.0000161 seconds
[2019-01-25T14:49:42.661+0000][1][safepoint    ] Application time: 0.5048223 seconds
[2019-01-25T14:49:42.661+0000][1][safepoint    ] Total time for which application threads were stopped: 0.0000872 seconds, Stopping threads took: 0.0000226 seconds
[2019-01-25T14:49:42.664+0000][1][safepoint    ] Application time: 0.0020099 seconds
[2019-01-25T14:49:42.665+0000][1][safepoint    ] Total time for which application threads were stopped: 0.0000875 seconds, Stopping threads took: 0.0000123 seconds
[2019-01-25T14:49:43.666+0000][1][safepoint    ] Application time: 1.0009414 seconds
[2019-01-25T14:49:43.667+0000][1][safepoint    ] Total time for which application threads were stopped: 0.0000725 seconds, Stopping threads took: 0.0000170 seconds
[2019-01-25T14:49:44.667+0000][1][safepoint    ] Application time: 1.0003651 seconds
[2019-01-25T14:49:44.669+0000][1][safepoint    ] Total time for which application threads were stopped: 0.0002196 seconds, Stopping threads took: 0.0000469 seconds
[2019-01-25T14:49:45.169+0000][1][safepoint    ] Application time: 0.4971377 seconds
[2019-01-25T14:49:45.169+0000][1][safepoint    ] Total time for which application threads were stopped: 0.0000952 seconds, Stopping threads took: 0.0000164 seconds
[2019-01-25T14:49:45.171+0000][1][safepoint    ] Application time: 0.0010803 seconds
[2019-01-25T14:49:45.172+0000][1][safepoint    ] Total time for which application threads were stopped: 0.0001015 seconds, Stopping threads took: 0.0000189 seconds
[2019-01-25T14:49:46.173+0000][1][safepoint    ] Application time: 1.0003734 seconds
[2019-01-25T14:49:46.173+0000][1][safepoint    ] Total time for which application threads were stopped: 0.0000532 seconds, Stopping threads took: 0.0000131 seconds
[2019-01-25T14:49:47.174+0000][1][safepoint    ] Application time: 1.0001675 seconds
[2019-01-25T14:49:47.175+0000][1][safepoint    ] Total time for which application threads were stopped: 0.0001164 seconds, Stopping threads took: 0.0000593 seconds
[2019-01-25T14:49:47.679+0000][1][safepoint    ] Application time: 0.5033190 seconds
[2019-01-25T14:49:47.680+0000][1][safepoint    ] Total time for which application threads were stopped: 0.0000940 seconds, Stopping threads took: 0.0000150 seconds
[2019-01-25T14:49:47.681+0000][1][safepoint    ] Application time: 0.0009913 seconds
[2019-01-25T14:49:47.682+0000][1][safepoint    ] Total time for which application threads were stopped: 0.0000969 seconds, Stopping threads took: 0.0000149 seconds
[2019-01-25T14:49:48.683+0000][1][safepoint    ] Application time: 1.0003744 seconds
[2019-01-25T14:49:48.684+0000][1][safepoint    ] Total time for which application threads were stopped: 0.0001022 seconds, Stopping threads took: 0.0000237 seconds
[2019-01-25T14:49:49.685+0000][1][safepoint    ] Application time: 1.0001501 seconds
[2019-01-25T14:49:49.685+0000][1][safepoint    ] Total time for which application threads were stopped: 0.0000790 seconds, Stopping threads took: 0.0000174 seconds
[2019-01-25T14:49:50.193+0000][1][safepoint    ] Application time: 0.5069784 seconds
[2019-01-25T14:49:50.208+0000][1][safepoint    ] Total time for which application threads were stopped: 0.0001148 seconds, Stopping threads took: 0.0000169 seconds
[2019-01-25T14:49:50.212+0000][1][safepoint    ] Application time: 0.0013237 seconds
[2019-01-25T14:49:50.216+0000][1][safepoint    ] Total time for which application threads were stopped: 0.0000971 seconds, Stopping threads took: 0.0000164 seconds
[2019-01-25T14:49:51.220+0000][1][safepoint    ] Application time: 1.0001651 seconds
[2019-01-25T14:49:51.222+0000][1][safepoint    ] Total time for which application threads were stopped: 0.0000757 seconds, Stopping threads took: 0.0000175 seconds
[2019-01-25T14:49:52.227+0000][1][safepoint    ] Application time: 1.0001265 seconds
[2019-01-25T14:49:52.228+0000][1][safepoint    ] Total time for which application threads were stopped: 0.0000684 seconds, Stopping threads took: 0.0000169 seconds
[2019-01-25T14:49:52.727+0000][1][safepoint    ] Application time: 0.4989979 seconds
[2019-01-25T14:49:52.729+0000][1][safepoint    ] Total time for which application threads were stopped: 0.0001875 seconds, Stopping threads took: 0.0000372 seconds
[2019-01-25T14:49:52.730+0000][1][safepoint    ] Application time: 0.0011492 seconds
[2019-01-25T14:49:52.732+0000][1][safepoint    ] Total time for which application threads were stopped: 0.0001409 seconds, Stopping threads took: 0.0000336 seconds
[2019-01-25T14:49:53.733+0000][1][safepoint    ] Application time: 1.0003851 seconds
[2019-01-25T14:49:53.734+0000][1][safepoint    ] Total time for which application threads were stopped: 0.0001029 seconds, Stopping threads took: 0.0000315 seconds
[2019-01-25T14:49:54.735+0000][1][safepoint    ] Application time: 1.0002277 seconds
[2019-01-25T14:49:54.736+0000][1][safepoint    ] Total time for which application threads were stopped: 0.0001012 seconds, Stopping threads took: 0.0000166 seconds
[2019-01-25T14:49:55.243+0000][1][safepoint    ] Application time: 0.5063899 seconds
[2019-01-25T14:49:55.245+0000][1][safepoint    ] Total time for which application threads were stopped: 0.0001636 seconds, Stopping threads took: 0.0000200 seconds
[2019-01-25T14:49:55.247+0000][1][safepoint    ] Application time: 0.0015106 seconds
[2019-01-25T14:49:55.248+0000][1][safepoint    ] Total time for which application threads were stopped: 0.0001035 seconds, Stopping threads took: 0.0000184 seconds
[2019-01-25T14:49:56.249+0000][1][safepoint    ] Application time: 1.0001522 seconds
[2019-01-25T14:49:56.250+0000][1][safepoint    ] Total time for which application threads were stopped: 0.0000662 seconds, Stopping threads took: 0.0000161 seconds
[2019-01-25T14:49:57.251+0000][1][safepoint    ] Application time: 1.0005842 seconds
[2019-01-25T14:49:57.251+0000][1][safepoint    ] Total time for which application threads were stopped: 0.0000734 seconds, Stopping threads took: 0.0000184 seconds
[2019-01-25T14:49:57.757+0000][1][safepoint    ] Application time: 0.5047175 seconds
[2019-01-25T14:49:57.758+0000][1][safepoint    ] Total time for which application threads were stopped: 0.0001109 seconds, Stopping threads took: 0.0000183 seconds
[2019-01-25T14:49:57.760+0000][1][safepoint    ] Application time: 0.0018561 seconds
[2019-01-25T14:49:57.761+0000][1][safepoint    ] Total time for which application threads were stopped: 0.0001217 seconds, Stopping threads took: 0.0000178 seconds
[2019-01-25T14:49:58.762+0000][1][safepoint    ] Application time: 1.0001756 seconds
[2019-01-25T14:49:58.764+0000][1][safepoint    ] Total time for which application threads were stopped: 0.0000672 seconds, Stopping threads took: 0.0000171 seconds
[2019-01-25T14:49:59.766+0000][1][safepoint    ] Application time: 1.0003237 seconds
[2019-01-25T14:49:59.768+0000][1][safepoint    ] Total time for which application threads were stopped: 0.0001973 seconds, Stopping threads took: 0.0000689 seconds
[2019-01-25T14:50:00.269+0000][1][safepoint    ] Application time: 0.4987520 seconds
[2019-01-25T14:50:00.269+0000][1][safepoint    ] Total time for which application threads were stopped: 0.0001262 seconds, Stopping threads took: 0.0000159 seconds
[2019-01-25T14:50:00.273+0000][1][safepoint    ] Application time: 0.0026974 seconds
[2019-01-25T14:50:00.273+0000][1][safepoint    ] Total time for which application threads were stopped: 0.0001373 seconds, Stopping threads took: 0.0000173 seconds
[2019-01-25T14:50:01.275+0000][1][safepoint    ] Application time: 1.0005274 seconds
[2019-01-25T14:50:01.275+0000][1][safepoint    ] Total time for which application threads were stopped: 0.0000494 seconds, Stopping threads took: 0.0000131 seconds
[2019-01-25T14:50:02.276+0000][1][safepoint    ] Application time: 1.0001462 seconds
[2019-01-25T14:50:02.284+0000][1][safepoint    ] Total time for which application threads were stopped: 0.0000716 seconds, Stopping threads took: 0.0000180 seconds
[2019-01-25T14:50:02.781+0000][1][safepoint    ] Application time: 0.4916390 seconds
[2019-01-25T14:50:02.787+0000][1][safepoint    ] Total time for which application threads were stopped: 0.0000989 seconds, Stopping threads took: 0.0000169 seconds
[2019-01-25T14:50:02.790+0000][1][safepoint    ] Application time: 0.0017938 seconds
[2019-01-25T14:50:02.791+0000][1][safepoint    ] Total time for which application threads were stopped: 0.0001016 seconds, Stopping threads took: 0.0000183 seconds
[2019-01-25T14:50:03.791+0000][1][safepoint    ] Application time: 1.0001765 seconds
[2019-01-25T14:50:03.792+0000][1][safepoint    ] Total time for which application threads were stopped: 0.0000810 seconds, Stopping threads took: 0.0000190 seconds
[2019-01-25T14:50:04.793+0000][1][safepoint    ] Application time: 1.0001504 seconds
[2019-01-25T14:50:04.795+0000][1][safepoint    ] Total time for which application threads were stopped: 0.0000684 seconds, Stopping threads took: 0.0000176 seconds
[2019-01-25T14:50:05.300+0000][1][safepoint    ] Application time: 0.4968713 seconds
[2019-01-25T14:50:05.308+0000][1][safepoint    ] Total time for which application threads were stopped: 0.0001064 seconds, Stopping threads took: 0.0000167 seconds
[2019-01-25T14:50:05.314+0000][1][safepoint    ] Application time: 0.0014918 seconds
[2019-01-25T14:50:05.318+0000][1][safepoint    ] Total time for which application threads were stopped: 0.0001051 seconds, Stopping threads took: 0.0000164 seconds
[2019-01-25T14:50:06.330+0000][1][safepoint    ] Application time: 1.0001711 seconds
[2019-01-25T14:50:06.379+0000][1][safepoint    ] Total time for which application threads were stopped: 0.0000686 seconds, Stopping threads took: 0.0000185 seconds
[2019-01-25T14:50:07.397+0000][1][safepoint    ] Application time: 1.0001519 seconds
[2019-01-25T14:50:07.398+0000][1][safepoint    ] Total time for which application threads were stopped: 0.0000968 seconds, Stopping threads took: 0.0000451 seconds
[2019-01-25T14:50:07.840+0000][1][safepoint    ] Application time: 0.4400594 seconds
[2019-01-25T14:50:07.958+0000][1][safepoint    ] Total time for which application threads were stopped: 0.0001246 seconds, Stopping threads took: 0.0000191 seconds
[2019-01-25T14:50:07.973+0000][1][safepoint    ] Application time: 0.0013248 seconds
[2019-01-25T14:50:07.974+0000][1][safepoint    ] Total time for which application threads were stopped: 0.0001316 seconds, Stopping threads took: 0.0000352 seconds
[2019-01-25T14:50:08.985+0000][1][safepoint    ] Application time: 1.0077250 seconds
[2019-01-25T14:50:08.992+0000][1][safepoint    ] Total time for which application threads were stopped: 0.0000749 seconds, Stopping threads took: 0.0000178 seconds
[2019-01-25T14:50:09.993+0000][1][safepoint    ] Application time: 1.0001465 seconds
[2019-01-25T14:50:09.995+0000][1][safepoint    ] Total time for which application threads were stopped: 0.0000579 seconds, Stopping threads took: 0.0000183 seconds
[2019-01-25T14:50:10.483+0000][1][safepoint    ] Application time: 0.4846088 seconds
[2019-01-25T14:50:10.495+0000][1][safepoint    ] Total time for which application threads were stopped: 0.0001054 seconds, Stopping threads took: 0.0000175 seconds
[2019-01-25T14:50:10.503+0000][1][safepoint    ] Application time: 0.0014339 seconds
[2019-01-25T14:50:10.509+0000][1][safepoint    ] Total time for which application threads were stopped: 0.0001096 seconds, Stopping threads took: 0.0000168 seconds
[2019-01-25T14:50:11.516+0000][1][safepoint    ] Application time: 1.0001616 seconds
[2019-01-25T14:50:11.517+0000][1][safepoint    ] Total time for which application threads were stopped: 0.0000888 seconds, Stopping threads took: 0.0000123 seconds
[2019-01-25T14:50:12.517+0000][1][safepoint    ] Application time: 1.0001734 seconds
[2019-01-25T14:50:12.518+0000][1][safepoint    ] Total time for which application threads were stopped: 0.0001199 seconds, Stopping threads took: 0.0000270 seconds
[2019-01-25T14:50:13.028+0000][1][safepoint    ] Application time: 0.5050219 seconds
[2019-01-25T14:50:13.029+0000][1][safepoint    ] Total time for which application threads were stopped: 0.0001249 seconds, Stopping threads took: 0.0000178 seconds
[2019-01-25T14:50:13.035+0000][1][safepoint    ] Application time: 0.0014439 seconds
[2019-01-25T14:50:13.042+0000][1][safepoint    ] Total time for which application threads were stopped: 0.0000886 seconds, Stopping threads took: 0.0000271 seconds
[2019-01-25T14:50:14.047+0000][1][safepoint    ] Application time: 1.0001828 seconds
[2019-01-25T14:50:14.048+0000][1][safepoint    ] Total time for which application threads were stopped: 0.0000477 seconds, Stopping threads took: 0.0000123 seconds
[2019-01-25T14:50:15.048+0000][1][safepoint    ] Application time: 1.0001235 seconds
[2019-01-25T14:50:15.049+0000][1][safepoint    ] Total time for which application threads were stopped: 0.0000784 seconds, Stopping threads took: 0.0000152 seconds
[2019-01-25T14:50:15.552+0000][1][safepoint    ] Application time: 0.5024831 seconds
[2019-01-25T14:50:15.553+0000][1][safepoint    ] Total time for which application threads were stopped: 0.0000884 seconds, Stopping threads took: 0.0000153 seconds
[2019-01-25T14:50:15.554+0000][1][safepoint    ] Application time: 0.0009141 seconds
[2019-01-25T14:50:15.554+0000][1][safepoint    ] Total time for which application threads were stopped: 0.0000932 seconds, Stopping threads took: 0.0000146 seconds
[2019-01-25T14:50:16.555+0000][1][safepoint    ] Application time: 1.0003613 seconds
[2019-01-25T14:50:16.557+0000][1][safepoint    ] Total time for which application threads were stopped: 0.0001211 seconds, Stopping threads took: 0.0000223 seconds
[2019-01-25T14:50:17.558+0000][1][safepoint    ] Application time: 1.0001555 seconds
[2019-01-25T14:50:17.558+0000][1][safepoint    ] Total time for which application threads were stopped: 0.0000811 seconds, Stopping threads took: 0.0000208 seconds
[2019-01-25T14:50:18.060+0000][1][safepoint    ] Application time: 0.5009148 seconds
[2019-01-25T14:50:18.060+0000][1][safepoint    ] Total time for which application threads were stopped: 0.0000814 seconds, Stopping threads took: 0.0000139 seconds
[2019-01-25T14:50:18.062+0000][1][safepoint    ] Application time: 0.0009547 seconds
[2019-01-25T14:50:18.063+0000][1][safepoint    ] Total time for which application threads were stopped: 0.0000999 seconds, Stopping threads took: 0.0000195 seconds
[2019-01-25T14:50:19.064+0000][1][safepoint    ] Application time: 1.0001477 seconds
[2019-01-25T14:50:19.064+0000][1][safepoint    ] Total time for which application threads were stopped: 0.0001036 seconds, Stopping threads took: 0.0000229 seconds
[2019-01-25T14:50:20.065+0000][1][safepoint    ] Application time: 1.0001432 seconds
[2019-01-25T14:50:20.073+0000][1][safepoint    ] Total time for which application threads were stopped: 0.0000807 seconds, Stopping threads took: 0.0000181 seconds
[2019-01-25T14:50:20.570+0000][1][safepoint    ] Application time: 0.4967540 seconds
[2019-01-25T14:50:20.571+0000][1][safepoint    ] Total time for which application threads were stopped: 0.0000925 seconds, Stopping threads took: 0.0000157 seconds
[2019-01-25T14:50:20.573+0000][1][safepoint    ] Application time: 0.0011088 seconds
[2019-01-25T14:50:20.574+0000][1][safepoint    ] Total time for which application threads were stopped: 0.0000904 seconds, Stopping threads took: 0.0000150 seconds
[2019-01-25T14:50:21.575+0000][1][safepoint    ] Application time: 1.0001555 seconds
[2019-01-25T14:50:21.576+0000][1][safepoint    ] Total time for which application threads were stopped: 0.0000799 seconds, Stopping threads took: 0.0000190 seconds
[2019-01-25T14:50:22.577+0000][1][safepoint    ] Application time: 1.0001943 seconds
[2019-01-25T14:50:22.579+0000][1][safepoint    ] Total time for which application threads were stopped: 0.0000825 seconds, Stopping threads took: 0.0000198 seconds
[2019-01-25T14:50:23.081+0000][1][safepoint    ] Application time: 0.5013673 seconds
[2019-01-25T14:50:23.082+0000][1][safepoint    ] Total time for which application threads were stopped: 0.0000740 seconds, Stopping threads took: 0.0000135 seconds
[2019-01-25T14:50:23.083+0000][1][safepoint    ] Application time: 0.0009263 seconds
[2019-01-25T14:50:23.084+0000][1][safepoint    ] Total time for which application threads were stopped: 0.0002636 seconds, Stopping threads took: 0.0000145 seconds
[2019-01-25T14:50:24.085+0000][1][safepoint    ] Application time: 1.0001354 seconds
[2019-01-25T14:50:24.085+0000][1][safepoint    ] Total time for which application threads were stopped: 0.0000641 seconds, Stopping threads took: 0.0000168 seconds
[2019-01-25T14:50:25.086+0000][1][safepoint    ] Application time: 1.0001411 seconds
[2019-01-25T14:50:25.092+0000][1][safepoint    ] Total time for which application threads were stopped: 0.0000885 seconds, Stopping threads took: 0.0000184 seconds
[2019-01-25T14:50:25.591+0000][1][safepoint    ] Application time: 0.4926519 seconds
[2019-01-25T14:50:25.592+0000][1][safepoint    ] Total time for which application threads were stopped: 0.0000782 seconds, Stopping threads took: 0.0000131 seconds
[2019-01-25T14:50:25.593+0000][1][safepoint    ] Application time: 0.0009624 seconds
[2019-01-25T14:50:25.600+0000][1][safepoint    ] Total time for which application threads were stopped: 0.0000751 seconds, Stopping threads took: 0.0000130 seconds
[2019-01-25T14:50:26.606+0000][1][safepoint    ] Application time: 1.0002806 seconds
[2019-01-25T14:50:26.607+0000][1][safepoint    ] Total time for which application threads were stopped: 0.0000860 seconds, Stopping threads took: 0.0000226 seconds
[2019-01-25T14:50:27.608+0000][1][safepoint    ] Application time: 1.0001658 seconds
[2019-01-25T14:50:27.608+0000][1][safepoint    ] Total time for which application threads were stopped: 0.0000851 seconds, Stopping threads took: 0.0000202 seconds
[2019-01-25T14:50:28.112+0000][1][safepoint    ] Application time: 0.5027431 seconds
[2019-01-25T14:50:28.113+0000][1][safepoint    ] Total time for which application threads were stopped: 0.0000944 seconds, Stopping threads took: 0.0000149 seconds
[2019-01-25T14:50:28.114+0000][1][safepoint    ] Application time: 0.0010237 seconds
[2019-01-25T14:50:28.115+0000][1][safepoint    ] Total time for which application threads were stopped: 0.0000898 seconds, Stopping threads took: 0.0000146 seconds
[2019-01-25T14:50:29.115+0000][1][safepoint    ] Application time: 1.0001631 seconds
[2019-01-25T14:50:29.116+0000][1][safepoint    ] Total time for which application threads were stopped: 0.0000508 seconds, Stopping threads took: 0.0000122 seconds
[2019-01-25T14:50:30.116+0000][1][safepoint    ] Application time: 1.0002002 seconds
[2019-01-25T14:50:30.118+0000][1][safepoint    ] Total time for which application threads were stopped: 0.0001411 seconds, Stopping threads took: 0.0000343 seconds
[2019-01-25T14:50:30.620+0000][1][safepoint    ] Application time: 0.5017199 seconds
[2019-01-25T14:50:30.622+0000][1][safepoint    ] Total time for which application threads were stopped: 0.0000813 seconds, Stopping threads took: 0.0000132 seconds
[2019-01-25T14:50:30.623+0000][1][safepoint    ] Application time: 0.0009962 seconds
[2019-01-25T14:50:30.624+0000][1][safepoint    ] Total time for which application threads were stopped: 0.0000722 seconds, Stopping threads took: 0.0000127 seconds
[2019-01-25T14:50:31.625+0000][1][safepoint    ] Application time: 1.0001372 seconds
[2019-01-25T14:50:31.625+0000][1][safepoint    ] Total time for which application threads were stopped: 0.0000482 seconds, Stopping threads took: 0.0000128 seconds
[2019-01-25T14:50:32.626+0000][1][safepoint    ] Application time: 1.0001937 seconds
[2019-01-25T14:50:32.627+0000][1][safepoint    ] Total time for which application threads were stopped: 0.0001560 seconds, Stopping threads took: 0.0000708 seconds
[2019-01-25T14:50:33.131+0000][1][safepoint    ] Application time: 0.5026678 seconds
[2019-01-25T14:50:33.133+0000][1][safepoint    ] Total time for which application threads were stopped: 0.0000716 seconds, Stopping threads took: 0.0000122 seconds
[2019-01-25T14:50:33.134+0000][1][safepoint    ] Application time: 0.0013373 seconds
[2019-01-25T14:50:33.135+0000][1][safepoint    ] Total time for which application threads were stopped: 0.0001819 seconds, Stopping threads took: 0.0000125 seconds
[2019-01-25T14:50:34.136+0000][1][safepoint    ] Application time: 1.0001572 seconds
[2019-01-25T14:50:34.137+0000][1][safepoint    ] Total time for which application threads were stopped: 0.0000501 seconds, Stopping threads took: 0.0000126 seconds
[2019-01-25T14:50:35.137+0000][1][safepoint    ] Application time: 1.0001480 seconds
[2019-01-25T14:50:35.138+0000][1][safepoint    ] Total time for which application threads were stopped: 0.0000664 seconds, Stopping threads took: 0.0000168 seconds
[2019-01-25T14:50:35.648+0000][1][safepoint    ] Application time: 0.5100256 seconds
[2019-01-25T14:50:35.649+0000][1][safepoint    ] Total time for which application threads were stopped: 0.0001088 seconds, Stopping threads took: 0.0000174 seconds
[2019-01-25T14:50:35.653+0000][1][safepoint    ] Application time: 0.0021114 seconds
[2019-01-25T14:50:35.654+0000][1][safepoint    ] Total time for which application threads were stopped: 0.0000945 seconds, Stopping threads took: 0.0000159 seconds
[2019-01-25T14:50:36.655+0000][1][safepoint    ] Application time: 1.0004450 seconds
[2019-01-25T14:50:36.656+0000][1][safepoint    ] Total time for which application threads were stopped: 0.0000806 seconds, Stopping threads took: 0.0000215 seconds
[2019-01-25T14:50:37.657+0000][1][safepoint    ] Application time: 1.0001498 seconds
[2019-01-25T14:50:37.658+0000][1][safepoint    ] Total time for which application threads were stopped: 0.0001027 seconds, Stopping threads took: 0.0000375 seconds
[2019-01-25T14:50:38.163+0000][1][safepoint    ] Application time: 0.5048240 seconds
[2019-01-25T14:50:38.164+0000][1][safepoint    ] Total time for which application threads were stopped: 0.0001692 seconds, Stopping threads took: 0.0000230 seconds
[2019-01-25T14:50:38.166+0000][1][safepoint    ] Application time: 0.0021047 seconds
[2019-01-25T14:50:38.167+0000][1][safepoint    ] Total time for which application threads were stopped: 0.0000730 seconds, Stopping threads took: 0.0000128 seconds
[2019-01-25T14:50:39.168+0000][1][safepoint    ] Application time: 1.0001551 seconds
[2019-01-25T14:50:39.168+0000][1][safepoint    ] Total time for which application threads were stopped: 0.0000807 seconds, Stopping threads took: 0.0000183 seconds
[2019-01-25T14:50:40.169+0000][1][safepoint    ] Application time: 1.0001261 seconds
[2019-01-25T14:50:40.174+0000][1][safepoint    ] Total time for which application threads were stopped: 0.0000749 seconds, Stopping threads took: 0.0000202 seconds
[2019-01-25T14:50:40.672+0000][1][safepoint    ] Application time: 0.4940123 seconds
[2019-01-25T14:50:40.673+0000][1][safepoint    ] Total time for which application threads were stopped: 0.0000714 seconds, Stopping threads took: 0.0000120 seconds
[2019-01-25T14:50:40.674+0000][1][safepoint    ] Application time: 0.0010222 seconds
[2019-01-25T14:50:40.675+0000][1][safepoint    ] Total time for which application threads were stopped: 0.0000685 seconds, Stopping threads took: 0.0000117 seconds
[2019-01-25T14:50:41.676+0000][1][safepoint    ] Application time: 1.0001642 seconds
[2019-01-25T14:50:41.676+0000][1][safepoint    ] Total time for which application threads were stopped: 0.0000526 seconds, Stopping threads took: 0.0000131 seconds
[2019-01-25T14:50:42.677+0000][1][safepoint    ] Application time: 1.0001124 seconds
[2019-01-25T14:50:42.678+0000][1][safepoint    ] Total time for which application threads were stopped: 0.0000863 seconds, Stopping threads took: 0.0000162 seconds
[2019-01-25T14:50:43.186+0000][1][safepoint    ] Application time: 0.5082347 seconds
[2019-01-25T14:50:43.188+0000][1][safepoint    ] Total time for which application threads were stopped: 0.0000724 seconds, Stopping threads took: 0.0000119 seconds
[2019-01-25T14:50:43.189+0000][1][safepoint    ] Application time: 0.0009445 seconds
[2019-01-25T14:50:43.190+0000][1][safepoint    ] Total time for which application threads were stopped: 0.0000733 seconds, Stopping threads took: 0.0000118 seconds
[2019-01-25T14:50:44.191+0000][1][safepoint    ] Application time: 1.0001003 seconds
[2019-01-25T14:50:44.191+0000][1][safepoint    ] Total time for which application threads were stopped: 0.0000686 seconds, Stopping threads took: 0.0000166 seconds
[2019-01-25T14:50:45.192+0000][1][safepoint    ] Application time: 1.0002651 seconds
[2019-01-25T14:50:45.193+0000][1][safepoint    ] Total time for which application threads were stopped: 0.0000776 seconds, Stopping threads took: 0.0000206 seconds
[2019-01-25T14:50:45.696+0000][1][safepoint    ] Application time: 0.5027298 seconds
[2019-01-25T14:50:45.697+0000][1][safepoint    ] Total time for which application threads were stopped: 0.0001094 seconds, Stopping threads took: 0.0000165 seconds
[2019-01-25T14:50:45.698+0000][1][safepoint    ] Application time: 0.0009281 seconds
[2019-01-25T14:50:45.705+0000][1][safepoint    ] Total time for which application threads were stopped: 0.0001069 seconds, Stopping threads took: 0.0000175 seconds
[2019-01-25T14:50:46.706+0000][1][safepoint    ] Application time: 1.0001850 seconds
[2019-01-25T14:50:46.706+0000][1][safepoint    ] Total time for which application threads were stopped: 0.0000987 seconds, Stopping threads took: 0.0000194 seconds
[2019-01-25T14:50:47.707+0000][1][safepoint    ] Application time: 1.0001545 seconds
[2019-01-25T14:50:47.708+0000][1][safepoint    ] Total time for which application threads were stopped: 0.0001050 seconds, Stopping threads took: 0.0000166 seconds
[2019-01-25T14:50:48.212+0000][1][safepoint    ] Application time: 0.5033173 seconds
[2019-01-25T14:50:48.213+0000][1][safepoint    ] Total time for which application threads were stopped: 0.0000942 seconds, Stopping threads took: 0.0000163 seconds
[2019-01-25T14:50:48.214+0000][1][safepoint    ] Application time: 0.0009776 seconds
[2019-01-25T14:50:48.215+0000][1][safepoint    ] Total time for which application threads were stopped: 0.0000862 seconds, Stopping threads took: 0.0000147 seconds
[2019-01-25T14:50:49.216+0000][1][safepoint    ] Application time: 1.0003102 seconds
[2019-01-25T14:50:49.218+0000][1][safepoint    ] Total time for which application threads were stopped: 0.0002324 seconds, Stopping threads took: 0.0000605 seconds
[2019-01-25T14:50:50.220+0000][1][safepoint    ] Application time: 1.0001449 seconds
[2019-01-25T14:50:50.221+0000][1][safepoint    ] Total time for which application threads were stopped: 0.0000723 seconds, Stopping threads took: 0.0000174 seconds
[2019-01-25T14:50:50.722+0000][1][safepoint    ] Application time: 0.4988678 seconds
[2019-01-25T14:50:50.723+0000][1][safepoint    ] Total time for which application threads were stopped: 0.0000984 seconds, Stopping threads took: 0.0000155 seconds
[2019-01-25T14:50:50.725+0000][1][safepoint    ] Application time: 0.0009123 seconds
[2019-01-25T14:50:50.726+0000][1][safepoint    ] Total time for which application threads were stopped: 0.0000748 seconds, Stopping threads took: 0.0000127 seconds
[2019-01-25T14:50:51.727+0000][1][safepoint    ] Application time: 1.0001383 seconds
[2019-01-25T14:50:51.727+0000][1][safepoint    ] Total time for which application threads were stopped: 0.0000929 seconds, Stopping threads took: 0.0000466 seconds
[2019-01-25T14:50:52.728+0000][1][safepoint    ] Application time: 1.0001572 seconds
[2019-01-25T14:50:52.729+0000][1][safepoint    ] Total time for which application threads were stopped: 0.0000498 seconds, Stopping threads took: 0.0000131 seconds
[2019-01-25T14:50:53.233+0000][1][safepoint    ] Application time: 0.5008469 seconds
[2019-01-25T14:50:53.234+0000][1][safepoint    ] Total time for which application threads were stopped: 0.0001009 seconds, Stopping threads took: 0.0000174 seconds
[2019-01-25T14:50:53.241+0000][1][safepoint    ] Application time: 0.0012871 seconds
[2019-01-25T14:50:53.242+0000][1][safepoint    ] Total time for which application threads were stopped: 0.0000721 seconds, Stopping threads took: 0.0000117 seconds
[2019-01-25T14:50:54.243+0000][1][safepoint    ] Application time: 1.0001500 seconds
[2019-01-25T14:50:54.243+0000][1][safepoint    ] Total time for which application threads were stopped: 0.0000834 seconds, Stopping threads took: 0.0000163 seconds
[2019-01-25T14:50:55.244+0000][1][safepoint    ] Application time: 1.0003617 seconds
[2019-01-25T14:50:55.247+0000][1][safepoint    ] Total time for which application threads were stopped: 0.0002861 seconds, Stopping threads took: 0.0000645 seconds
[2019-01-25T14:50:55.749+0000][1][safepoint    ] Application time: 0.5005556 seconds
[2019-01-25T14:50:55.750+0000][1][safepoint    ] Total time for which application threads were stopped: 0.0000751 seconds, Stopping threads took: 0.0000130 seconds
[2019-01-25T14:50:55.751+0000][1][safepoint    ] Application time: 0.0009533 seconds
[2019-01-25T14:50:55.752+0000][1][safepoint    ] Total time for which application threads were stopped: 0.0000729 seconds, Stopping threads took: 0.0000123 seconds
[2019-01-25T14:50:56.753+0000][1][safepoint    ] Application time: 1.0003807 seconds
[2019-01-25T14:50:56.754+0000][1][safepoint    ] Total time for which application threads were stopped: 0.0001046 seconds, Stopping threads took: 0.0000165 seconds
[2019-01-25T14:50:57.755+0000][1][safepoint    ] Application time: 1.0001265 seconds
[2019-01-25T14:50:57.755+0000][1][safepoint    ] Total time for which application threads were stopped: 0.0000531 seconds, Stopping threads took: 0.0000156 seconds
[2019-01-25T14:50:58.260+0000][1][safepoint    ] Application time: 0.5042928 seconds
[2019-01-25T14:50:58.261+0000][1][safepoint    ] Total time for which application threads were stopped: 0.0000882 seconds, Stopping threads took: 0.0000120 seconds
[2019-01-25T14:50:58.267+0000][1][safepoint    ] Application time: 0.0054984 seconds
[2019-01-25T14:50:58.267+0000][1][safepoint    ] Total time for which application threads were stopped: 0.0000821 seconds, Stopping threads took: 0.0000255 seconds
[2019-01-25T14:50:59.268+0000][1][safepoint    ] Application time: 1.0005655 seconds
[2019-01-25T14:50:59.269+0000][1][safepoint    ] Total time for which application threads were stopped: 0.0000730 seconds, Stopping threads took: 0.0000208 seconds
[2019-01-25T14:51:00.270+0000][1][safepoint    ] Application time: 1.0001133 seconds
[2019-01-25T14:51:00.271+0000][1][safepoint    ] Total time for which application threads were stopped: 0.0001068 seconds, Stopping threads took: 0.0000159 seconds
[2019-01-25T14:51:00.786+0000][1][safepoint    ] Application time: 0.5150133 seconds
[2019-01-25T14:51:00.788+0000][1][safepoint    ] Total time for which application threads were stopped: 0.0004315 seconds, Stopping threads took: 0.0000557 seconds
[2019-01-25T14:51:00.794+0000][1][safepoint    ] Application time: 0.0034979 seconds
[2019-01-25T14:51:00.796+0000][1][safepoint    ] Total time for which application threads were stopped: 0.0003055 seconds, Stopping threads took: 0.0000578 seconds
[2019-01-25T14:51:01.798+0000][1][safepoint    ] Application time: 1.0002182 seconds
[2019-01-25T14:51:01.799+0000][1][safepoint    ] Total time for which application threads were stopped: 0.0000752 seconds, Stopping threads took: 0.0000273 seconds
[2019-01-25T14:51:02.800+0000][1][safepoint    ] Application time: 1.0001710 seconds
[2019-01-25T14:51:02.801+0000][1][safepoint    ] Total time for which application threads were stopped: 0.0000637 seconds, Stopping threads took: 0.0000179 seconds
[2019-01-25T14:51:03.319+0000][1][safepoint    ] Application time: 0.5177202 seconds
[2019-01-25T14:51:03.321+0000][1][safepoint    ] Total time for which application threads were stopped: 0.0003996 seconds, Stopping threads took: 0.0000512 seconds
[2019-01-25T14:51:03.327+0000][1][safepoint    ] Application time: 0.0048074 seconds
[2019-01-25T14:51:03.329+0000][1][safepoint    ] Total time for which application threads were stopped: 0.0002404 seconds, Stopping threads took: 0.0000383 seconds
[2019-01-25T14:51:04.331+0000][1][safepoint    ] Application time: 1.0002929 seconds
[2019-01-25T14:51:04.332+0000][1][safepoint    ] Total time for which application threads were stopped: 0.0000489 seconds, Stopping threads took: 0.0000135 seconds
[2019-01-25T14:51:05.332+0000][1][safepoint    ] Application time: 1.0001824 seconds
[2019-01-25T14:51:05.333+0000][1][safepoint    ] Total time for which application threads were stopped: 0.0000778 seconds, Stopping threads took: 0.0000178 seconds
[2019-01-25T14:51:05.841+0000][1][safepoint    ] Application time: 0.5072184 seconds
[2019-01-25T14:51:05.842+0000][1][safepoint    ] Total time for which application threads were stopped: 0.0001055 seconds, Stopping threads took: 0.0000188 seconds
[2019-01-25T14:51:05.848+0000][1][safepoint    ] Application time: 0.0040264 seconds
[2019-01-25T14:51:05.848+0000][1][safepoint    ] Total time for which application threads were stopped: 0.0000943 seconds, Stopping threads took: 0.0000161 seconds
[2019-01-25T14:51:06.849+0000][1][safepoint    ] Application time: 1.0001136 seconds
[2019-01-25T14:51:06.850+0000][1][safepoint    ] Total time for which application threads were stopped: 0.0000478 seconds, Stopping threads took: 0.0000130 seconds
[2019-01-25T14:51:07.850+0000][1][safepoint    ] Application time: 1.0000904 seconds
[2019-01-25T14:51:07.851+0000][1][safepoint    ] Total time for which application threads were stopped: 0.0001012 seconds, Stopping threads took: 0.0000386 seconds
[2019-01-25T14:51:08.360+0000][1][safepoint    ] Application time: 0.5088045 seconds
[2019-01-25T14:51:08.361+0000][1][safepoint    ] Total time for which application threads were stopped: 0.0000917 seconds, Stopping threads took: 0.0000129 seconds
[2019-01-25T14:51:08.362+0000][1][safepoint    ] Application time: 0.0008922 seconds
[2019-01-25T14:51:08.363+0000][1][safepoint    ] Total time for which application threads were stopped: 0.0000746 seconds, Stopping threads took: 0.0000127 seconds
[2019-01-25T14:51:09.364+0000][1][safepoint    ] Application time: 1.0004268 seconds
[2019-01-25T14:51:09.365+0000][1][safepoint    ] Total time for which application threads were stopped: 0.0000865 seconds, Stopping threads took: 0.0000217 seconds
[2019-01-25T14:51:10.365+0000][1][safepoint    ] Application time: 1.0001116 seconds
[2019-01-25T14:51:10.366+0000][1][safepoint    ] Total time for which application threads were stopped: 0.0000783 seconds, Stopping threads took: 0.0000175 seconds
[2019-01-25T14:51:10.868+0000][1][safepoint    ] Application time: 0.5016944 seconds
[2019-01-25T14:51:10.869+0000][1][safepoint    ] Total time for which application threads were stopped: 0.0000831 seconds, Stopping threads took: 0.0000178 seconds
[2019-01-25T14:51:10.871+0000][1][safepoint    ] Application time: 0.0012040 seconds
[2019-01-25T14:51:10.871+0000][1][safepoint    ] Total time for which application threads were stopped: 0.0002469 seconds, Stopping threads took: 0.0000140 seconds
[2019-01-25T14:51:11.872+0000][1][safepoint    ] Application time: 1.0001382 seconds
[2019-01-25T14:51:11.873+0000][1][safepoint    ] Total time for which application threads were stopped: 0.0000761 seconds, Stopping threads took: 0.0000168 seconds
[2019-01-25T14:51:12.873+0000][1][safepoint    ] Application time: 1.0001496 seconds
[2019-01-25T14:51:12.874+0000][1][safepoint    ] Total time for which application threads were stopped: 0.0001057 seconds, Stopping threads took: 0.0000174 seconds
[2019-01-25T14:51:13.382+0000][1][safepoint    ] Application time: 0.5077739 seconds
[2019-01-25T14:51:13.383+0000][1][safepoint    ] Total time for which application threads were stopped: 0.0000961 seconds, Stopping threads took: 0.0000157 seconds
[2019-01-25T14:51:13.386+0000][1][safepoint    ] Application time: 0.0015461 seconds
[2019-01-25T14:51:13.386+0000][1][safepoint    ] Total time for which application threads were stopped: 0.0000933 seconds, Stopping threads took: 0.0000153 seconds
[2019-01-25T14:51:14.387+0000][1][safepoint    ] Application time: 1.0001450 seconds
[2019-01-25T14:51:14.391+0000][1][safepoint    ] Total time for which application threads were stopped: 0.0000685 seconds, Stopping threads took: 0.0000181 seconds
[2019-01-25T14:51:15.391+0000][1][safepoint    ] Application time: 1.0002095 seconds
[2019-01-25T14:51:15.392+0000][1][safepoint    ] Total time for which application threads were stopped: 0.0000889 seconds, Stopping threads took: 0.0000207 seconds
[2019-01-25T14:51:15.894+0000][1][safepoint    ] Application time: 0.5015585 seconds
[2019-01-25T14:51:15.895+0000][1][safepoint    ] Total time for which application threads were stopped: 0.0001047 seconds, Stopping threads took: 0.0000166 seconds
[2019-01-25T14:51:15.897+0000][1][safepoint    ] Application time: 0.0018724 seconds
[2019-01-25T14:51:15.899+0000][1][safepoint    ] Total time for which application threads were stopped: 0.0001080 seconds, Stopping threads took: 0.0000165 seconds
[2019-01-25T14:51:16.900+0000][1][safepoint    ] Application time: 1.0006009 seconds
[2019-01-25T14:51:16.901+0000][1][safepoint    ] Total time for which application threads were stopped: 0.0001094 seconds, Stopping threads took: 0.0000262 seconds
[2019-01-25T14:51:17.902+0000][1][safepoint    ] Application time: 1.0001126 seconds
[2019-01-25T14:51:17.904+0000][1][safepoint    ] Total time for which application threads were stopped: 0.0001123 seconds, Stopping threads took: 0.0000189 seconds
[2019-01-25T14:51:18.406+0000][1][safepoint    ] Application time: 0.5013665 seconds
[2019-01-25T14:51:18.407+0000][1][safepoint    ] Total time for which application threads were stopped: 0.0000723 seconds, Stopping threads took: 0.0000119 seconds
[2019-01-25T14:51:18.409+0000][1][safepoint    ] Application time: 0.0010246 seconds
[2019-01-25T14:51:18.409+0000][1][safepoint    ] Total time for which application threads were stopped: 0.0000971 seconds, Stopping threads took: 0.0000156 seconds
[2019-01-25T14:51:19.410+0000][1][safepoint    ] Application time: 1.0002161 seconds
[2019-01-25T14:51:19.411+0000][1][safepoint    ] Total time for which application threads were stopped: 0.0000738 seconds, Stopping threads took: 0.0000184 seconds
[2019-01-25T14:51:20.412+0000][1][safepoint    ] Application time: 1.0001233 seconds
[2019-01-25T14:51:20.412+0000][1][safepoint    ] Total time for which application threads were stopped: 0.0000678 seconds, Stopping threads took: 0.0000158 seconds
[2019-01-25T14:51:20.915+0000][1][safepoint    ] Application time: 0.5025737 seconds
[2019-01-25T14:51:20.916+0000][1][safepoint    ] Total time for which application threads were stopped: 0.0000879 seconds, Stopping threads took: 0.0000129 seconds
[2019-01-25T14:51:20.918+0000][1][safepoint    ] Application time: 0.0011194 seconds
[2019-01-25T14:51:20.918+0000][1][safepoint    ] Total time for which application threads were stopped: 0.0001215 seconds, Stopping threads took: 0.0000130 seconds
[2019-01-25T14:51:21.921+0000][1][safepoint    ] Application time: 1.0013411 seconds
[2019-01-25T14:51:21.938+0000][1][safepoint    ] Total time for which application threads were stopped: 0.0001031 seconds, Stopping threads took: 0.0000160 seconds
[2019-01-25T14:51:22.943+0000][1][safepoint    ] Application time: 1.0001517 seconds
[2019-01-25T14:51:22.962+0000][1][safepoint    ] Total time for which application threads were stopped: 0.0000691 seconds, Stopping threads took: 0.0000177 seconds
[2019-01-25T14:51:23.427+0000][1][safepoint    ] Application time: 0.4627570 seconds
[2019-01-25T14:51:23.427+0000][1][safepoint    ] Total time for which application threads were stopped: 0.0000982 seconds, Stopping threads took: 0.0000166 seconds
[2019-01-25T14:51:23.429+0000][1][safepoint    ] Application time: 0.0013732 seconds
[2019-01-25T14:51:23.430+0000][1][safepoint    ] Total time for which application threads were stopped: 0.0000740 seconds, Stopping threads took: 0.0000125 seconds
[2019-01-25T14:51:24.431+0000][1][safepoint    ] Application time: 1.0001636 seconds
[2019-01-25T14:51:24.432+0000][1][safepoint    ] Total time for which application threads were stopped: 0.0000672 seconds, Stopping threads took: 0.0000196 seconds
[2019-01-25T14:51:25.433+0000][1][safepoint    ] Application time: 1.0001311 seconds
[2019-01-25T14:51:25.434+0000][1][safepoint    ] Total time for which application threads were stopped: 0.0000699 seconds, Stopping threads took: 0.0000181 seconds
[2019-01-25T14:51:25.943+0000][1][safepoint    ] Application time: 0.5085609 seconds
[2019-01-25T14:51:25.943+0000][1][safepoint    ] Total time for which application threads were stopped: 0.0000961 seconds, Stopping threads took: 0.0000168 seconds
[2019-01-25T14:51:25.946+0000][1][safepoint    ] Application time: 0.0018729 seconds
[2019-01-25T14:51:25.946+0000][1][safepoint    ] Total time for which application threads were stopped: 0.0000849 seconds, Stopping threads took: 0.0000126 seconds
[2019-01-25T14:51:26.950+0000][1][safepoint    ] Application time: 1.0001294 seconds
[2019-01-25T14:51:26.951+0000][1][safepoint    ] Total time for which application threads were stopped: 0.0000489 seconds, Stopping threads took: 0.0000127 seconds
[2019-01-25T14:51:27.952+0000][1][safepoint    ] Application time: 1.0005023 seconds
[2019-01-25T14:51:27.952+0000][1][safepoint    ] Total time for which application threads were stopped: 0.0000573 seconds, Stopping threads took: 0.0000135 seconds
[2019-01-25T14:51:28.461+0000][1][safepoint    ] Application time: 0.5078122 seconds
[2019-01-25T14:51:28.462+0000][1][safepoint    ] Total time for which application threads were stopped: 0.0002098 seconds, Stopping threads took: 0.0000262 seconds
[2019-01-25T14:51:28.465+0000][1][safepoint    ] Application time: 0.0029699 seconds
[2019-01-25T14:51:28.467+0000][1][safepoint    ] Total time for which application threads were stopped: 0.0001994 seconds, Stopping threads took: 0.0000307 seconds
[2019-01-25T14:51:29.468+0000][1][safepoint    ] Application time: 1.0002239 seconds
[2019-01-25T14:51:29.469+0000][1][safepoint    ] Total time for which application threads were stopped: 0.0001000 seconds, Stopping threads took: 0.0000164 seconds
[2019-01-25T14:51:30.469+0000][1][safepoint    ] Application time: 1.0001757 seconds
[2019-01-25T14:51:30.470+0000][1][safepoint    ] Total time for which application threads were stopped: 0.0001169 seconds, Stopping threads took: 0.0000266 seconds
[2019-01-25T14:51:30.978+0000][1][safepoint    ] Application time: 0.5066613 seconds
[2019-01-25T14:51:30.979+0000][1][safepoint    ] Total time for which application threads were stopped: 0.0001007 seconds, Stopping threads took: 0.0000159 seconds
[2019-01-25T14:51:30.980+0000][1][safepoint    ] Application time: 0.0012048 seconds
[2019-01-25T14:51:30.981+0000][1][safepoint    ] Total time for which application threads were stopped: 0.0000942 seconds, Stopping threads took: 0.0000153 seconds
[2019-01-25T14:51:31.982+0000][1][safepoint    ] Application time: 1.0002379 seconds
[2019-01-25T14:51:31.984+0000][1][safepoint    ] Total time for which application threads were stopped: 0.0000656 seconds, Stopping threads took: 0.0000163 seconds
[2019-01-25T14:51:32.985+0000][1][safepoint    ] Application time: 1.0001479 seconds
[2019-01-25T14:51:32.985+0000][1][safepoint    ] Total time for which application threads were stopped: 0.0000493 seconds, Stopping threads took: 0.0000126 seconds
[2019-01-25T14:51:33.488+0000][1][safepoint    ] Application time: 0.5028549 seconds
[2019-01-25T14:51:33.489+0000][1][safepoint    ] Total time for which application threads were stopped: 0.0000713 seconds, Stopping threads took: 0.0000113 seconds
[2019-01-25T14:51:33.498+0000][1][safepoint    ] Application time: 0.0082406 seconds
[2019-01-25T14:51:33.503+0000][1][safepoint    ] Total time for which application threads were stopped: 0.0001156 seconds, Stopping threads took: 0.0000181 seconds
[2019-01-25T14:51:34.508+0000][1][safepoint    ] Application time: 1.0001488 seconds
[2019-01-25T14:51:34.509+0000][1][safepoint    ] Total time for which application threads were stopped: 0.0000522 seconds, Stopping threads took: 0.0000136 seconds
[2019-01-25T14:51:35.509+0000][1][safepoint    ] Application time: 1.0001393 seconds
[2019-01-25T14:51:35.511+0000][1][safepoint    ] Total time for which application threads were stopped: 0.0000706 seconds, Stopping threads took: 0.0000171 seconds
[2019-01-25T14:51:36.014+0000][1][safepoint    ] Application time: 0.4981572 seconds
[2019-01-25T14:51:36.015+0000][1][safepoint    ] Total time for which application threads were stopped: 0.0000807 seconds, Stopping threads took: 0.0000146 seconds
[2019-01-25T14:51:36.017+0000][1][safepoint    ] Application time: 0.0017513 seconds
[2019-01-25T14:51:36.018+0000][1][safepoint    ] Total time for which application threads were stopped: 0.0000963 seconds, Stopping threads took: 0.0000158 seconds
[2019-01-25T14:51:37.018+0000][1][safepoint    ] Application time: 1.0001780 seconds
[2019-01-25T14:51:37.019+0000][1][safepoint    ] Total time for which application threads were stopped: 0.0000494 seconds, Stopping threads took: 0.0000129 seconds
[2019-01-25T14:51:38.020+0000][1][safepoint    ] Application time: 1.0002789 seconds
[2019-01-25T14:51:38.021+0000][1][safepoint    ] Total time for which application threads were stopped: 0.0001709 seconds, Stopping threads took: 0.0000798 seconds
[2019-01-25T14:51:38.525+0000][1][safepoint    ] Application time: 0.5021682 seconds
[2019-01-25T14:51:38.526+0000][1][safepoint    ] Total time for which application threads were stopped: 0.0001711 seconds, Stopping threads took: 0.0000159 seconds
[2019-01-25T14:51:38.527+0000][1][safepoint    ] Application time: 0.0009294 seconds
[2019-01-25T14:51:38.528+0000][1][safepoint    ] Total time for which application threads were stopped: 0.0000750 seconds, Stopping threads took: 0.0000134 seconds
[2019-01-25T14:51:39.529+0000][1][safepoint    ] Application time: 1.0001284 seconds
[2019-01-25T14:51:39.529+0000][1][safepoint    ] Total time for which application threads were stopped: 0.0000638 seconds, Stopping threads took: 0.0000159 seconds
[2019-01-25T14:51:40.530+0000][1][safepoint    ] Application time: 1.0001319 seconds
[2019-01-25T14:51:40.530+0000][1][safepoint    ] Total time for which application threads were stopped: 0.0000677 seconds, Stopping threads took: 0.0000175 seconds
[2019-01-25T14:51:41.033+0000][1][safepoint    ] Application time: 0.5026421 seconds
[2019-01-25T14:51:41.036+0000][1][safepoint    ] Total time for which application threads were stopped: 0.0001124 seconds, Stopping threads took: 0.0000180 seconds
[2019-01-25T14:51:41.038+0000][1][safepoint    ] Application time: 0.0020431 seconds
[2019-01-25T14:51:41.039+0000][1][safepoint    ] Total time for which application threads were stopped: 0.0000708 seconds, Stopping threads took: 0.0000117 seconds
[2019-01-25T14:51:42.040+0000][1][safepoint    ] Application time: 1.0002698 seconds
[2019-01-25T14:51:42.040+0000][1][safepoint    ] Total time for which application threads were stopped: 0.0000739 seconds, Stopping threads took: 0.0000190 seconds
[2019-01-25T14:51:43.041+0000][1][safepoint    ] Application time: 1.0001688 seconds
[2019-01-25T14:51:43.042+0000][1][safepoint    ] Total time for which application threads were stopped: 0.0003279 seconds, Stopping threads took: 0.0000439 seconds
[2019-01-25T14:51:43.544+0000][1][safepoint    ] Application time: 0.5008173 seconds
[2019-01-25T14:51:43.545+0000][1][safepoint    ] Total time for which application threads were stopped: 0.0001046 seconds, Stopping threads took: 0.0000158 seconds
[2019-01-25T14:51:43.547+0000][1][safepoint    ] Application time: 0.0009176 seconds
[2019-01-25T14:51:43.547+0000][1][safepoint    ] Total time for which application threads were stopped: 0.0000914 seconds, Stopping threads took: 0.0000154 seconds
[2019-01-25T14:51:44.548+0000][1][safepoint    ] Application time: 1.0003493 seconds
[2019-01-25T14:51:44.551+0000][1][safepoint    ] Total time for which application threads were stopped: 0.0002726 seconds, Stopping threads took: 0.0000669 seconds
[2019-01-25T14:51:45.556+0000][1][safepoint    ] Application time: 1.0002576 seconds
[2019-01-25T14:51:45.556+0000][1][safepoint    ] Total time for which application threads were stopped: 0.0000630 seconds, Stopping threads took: 0.0000151 seconds
[2019-01-25T14:51:46.055+0000][1][safepoint    ] Application time: 0.4984006 seconds
[2019-01-25T14:51:46.056+0000][1][safepoint    ] Total time for which application threads were stopped: 0.0001017 seconds, Stopping threads took: 0.0000155 seconds
[2019-01-25T14:51:46.067+0000][1][safepoint    ] Application time: 0.0022128 seconds
[2019-01-25T14:51:46.067+0000][1][safepoint    ] Total time for which application threads were stopped: 0.0001181 seconds, Stopping threads took: 0.0000144 seconds
[2019-01-25T14:51:47.068+0000][1][safepoint    ] Application time: 1.0001352 seconds
[2019-01-25T14:51:47.069+0000][1][safepoint    ] Total time for which application threads were stopped: 0.0000728 seconds, Stopping threads took: 0.0000158 seconds
[2019-01-25T14:51:48.069+0000][1][safepoint    ] Application time: 1.0002152 seconds
[2019-01-25T14:51:48.071+0000][1][safepoint    ] Total time for which application threads were stopped: 0.0001303 seconds, Stopping threads took: 0.0000339 seconds
[2019-01-25T14:51:48.598+0000][1][safepoint    ] Application time: 0.5264318 seconds
[2019-01-25T14:51:48.601+0000][1][safepoint    ] Total time for which application threads were stopped: 0.0003784 seconds, Stopping threads took: 0.0000540 seconds
[2019-01-25T14:51:48.604+0000][1][safepoint    ] Application time: 0.0017879 seconds
[2019-01-25T14:51:48.605+0000][1][safepoint    ] Total time for which application threads were stopped: 0.0001658 seconds, Stopping threads took: 0.0000246 seconds
[2019-01-25T14:51:49.606+0000][1][safepoint    ] Application time: 1.0001585 seconds
[2019-01-25T14:51:49.607+0000][1][safepoint    ] Total time for which application threads were stopped: 0.0000493 seconds, Stopping threads took: 0.0000125 seconds
[2019-01-25T14:51:50.607+0000][1][safepoint    ] Application time: 1.0002442 seconds
[2019-01-25T14:51:50.609+0000][1][safepoint    ] Total time for which application threads were stopped: 0.0000912 seconds, Stopping threads took: 0.0000199 seconds
[2019-01-25T14:51:51.112+0000][1][safepoint    ] Application time: 0.5029420 seconds
[2019-01-25T14:51:51.113+0000][1][safepoint    ] Total time for which application threads were stopped: 0.0000758 seconds, Stopping threads took: 0.0000119 seconds
[2019-01-25T14:51:51.115+0000][1][safepoint    ] Application time: 0.0012973 seconds
[2019-01-25T14:51:51.115+0000][1][safepoint    ] Total time for which application threads were stopped: 0.0001001 seconds, Stopping threads took: 0.0000279 seconds
[2019-01-25T14:51:52.116+0000][1][safepoint    ] Application time: 1.0001526 seconds
[2019-01-25T14:51:52.116+0000][1][safepoint    ] Total time for which application threads were stopped: 0.0000543 seconds, Stopping threads took: 0.0000145 seconds
[2019-01-25T14:51:53.117+0000][1][safepoint    ] Application time: 1.0001188 seconds
[2019-01-25T14:51:53.117+0000][1][safepoint    ] Total time for which application threads were stopped: 0.0000977 seconds, Stopping threads took: 0.0000153 seconds
[2019-01-25T14:51:53.633+0000][1][safepoint    ] Application time: 0.5157780 seconds
[2019-01-25T14:51:53.635+0000][1][safepoint    ] Total time for which application threads were stopped: 0.0000739 seconds, Stopping threads took: 0.0000124 seconds
[2019-01-25T14:51:53.636+0000][1][safepoint    ] Application time: 0.0009613 seconds
[2019-01-25T14:51:53.636+0000][1][safepoint    ] Total time for which application threads were stopped: 0.0000882 seconds, Stopping threads took: 0.0000119 seconds
[2019-01-25T14:51:54.638+0000][1][safepoint    ] Application time: 1.0001528 seconds
[2019-01-25T14:51:54.639+0000][1][safepoint    ] Total time for which application threads were stopped: 0.0000622 seconds, Stopping threads took: 0.0000124 seconds
[2019-01-25T14:51:55.639+0000][1][safepoint    ] Application time: 1.0001314 seconds
[2019-01-25T14:51:55.640+0000][1][safepoint    ] Total time for which application threads were stopped: 0.0000495 seconds, Stopping threads took: 0.0000126 seconds
[2019-01-25T14:51:56.155+0000][1][safepoint    ] Application time: 0.5143030 seconds
[2019-01-25T14:51:56.156+0000][1][safepoint    ] Total time for which application threads were stopped: 0.0000960 seconds, Stopping threads took: 0.0000158 seconds
[2019-01-25T14:51:56.163+0000][1][safepoint    ] Application time: 0.0061757 seconds
[2019-01-25T14:51:56.164+0000][1][safepoint    ] Total time for which application threads were stopped: 0.0000979 seconds, Stopping threads took: 0.0000162 seconds
[2019-01-25T14:51:57.164+0000][1][safepoint    ] Application time: 1.0001691 seconds
[2019-01-25T14:51:57.165+0000][1][safepoint    ] Total time for which application threads were stopped: 0.0000537 seconds, Stopping threads took: 0.0000139 seconds
[2019-01-25T14:51:58.166+0000][1][safepoint    ] Application time: 1.0001324 seconds
[2019-01-25T14:51:58.166+0000][1][safepoint    ] Total time for which application threads were stopped: 0.0000643 seconds, Stopping threads took: 0.0000160 seconds
[2019-01-25T14:51:58.676+0000][1][safepoint    ] Application time: 0.5087216 seconds
[2019-01-25T14:51:58.677+0000][1][safepoint    ] Total time for which application threads were stopped: 0.0000933 seconds, Stopping threads took: 0.0000199 seconds
[2019-01-25T14:51:58.679+0000][1][safepoint    ] Application time: 0.0012797 seconds
[2019-01-25T14:51:58.681+0000][1][safepoint    ] Total time for which application threads were stopped: 0.0012571 seconds, Stopping threads took: 0.0000425 seconds
[2019-01-25T14:51:59.682+0000][1][safepoint    ] Application time: 1.0001447 seconds
[2019-01-25T14:51:59.682+0000][1][safepoint    ] Total time for which application threads were stopped: 0.0000494 seconds, Stopping threads took: 0.0000128 seconds
[2019-01-25T14:52:00.683+0000][1][safepoint    ] Application time: 1.0001281 seconds
[2019-01-25T14:52:00.683+0000][1][safepoint    ] Total time for which application threads were stopped: 0.0001065 seconds, Stopping threads took: 0.0000176 seconds
[2019-01-25T14:52:01.189+0000][1][safepoint    ] Application time: 0.5049695 seconds
[2019-01-25T14:52:01.190+0000][1][safepoint    ] Total time for which application threads were stopped: 0.0001064 seconds, Stopping threads took: 0.0000182 seconds
[2019-01-25T14:52:01.192+0000][1][safepoint    ] Application time: 0.0018434 seconds
[2019-01-25T14:52:01.193+0000][1][safepoint    ] Total time for which application threads were stopped: 0.0001380 seconds, Stopping threads took: 0.0000218 seconds
[2019-01-25T14:52:02.194+0000][1][safepoint    ] Application time: 1.0001229 seconds
[2019-01-25T14:52:02.195+0000][1][safepoint    ] Total time for which application threads were stopped: 0.0000827 seconds, Stopping threads took: 0.0000158 seconds
[2019-01-25T14:52:03.196+0000][1][safepoint    ] Application time: 1.0001858 seconds
[2019-01-25T14:52:03.196+0000][1][safepoint    ] Total time for which application threads were stopped: 0.0000531 seconds, Stopping threads took: 0.0000135 seconds
[2019-01-25T14:52:03.702+0000][1][safepoint    ] Application time: 0.5051268 seconds
[2019-01-25T14:52:03.703+0000][1][safepoint    ] Total time for which application threads were stopped: 0.0001115 seconds, Stopping threads took: 0.0000170 seconds
[2019-01-25T14:52:03.716+0000][1][safepoint    ] Application time: 0.0098093 seconds
[2019-01-25T14:52:03.717+0000][1][safepoint    ] Total time for which application threads were stopped: 0.0001004 seconds, Stopping threads took: 0.0000166 seconds
[2019-01-25T14:52:04.717+0000][1][safepoint    ] Application time: 1.0001257 seconds
[2019-01-25T14:52:04.718+0000][1][safepoint    ] Total time for which application threads were stopped: 0.0000886 seconds, Stopping threads took: 0.0000150 seconds
[2019-01-25T14:52:05.718+0000][1][safepoint    ] Application time: 1.0001294 seconds
[2019-01-25T14:52:05.737+0000][1][safepoint    ] Total time for which application threads were stopped: 0.0000696 seconds, Stopping threads took: 0.0000177 seconds
[2019-01-25T14:52:06.222+0000][1][safepoint    ] Application time: 0.4762241 seconds
[2019-01-25T14:52:06.223+0000][1][safepoint    ] Total time for which application threads were stopped: 0.0000770 seconds, Stopping threads took: 0.0000124 seconds
[2019-01-25T14:52:06.225+0000][1][safepoint    ] Application time: 0.0019943 seconds
[2019-01-25T14:52:06.226+0000][1][safepoint    ] Total time for which application threads were stopped: 0.0000687 seconds, Stopping threads took: 0.0000112 seconds
[2019-01-25T14:52:07.226+0000][1][safepoint    ] Application time: 1.0001588 seconds
[2019-01-25T14:52:07.227+0000][1][safepoint    ] Total time for which application threads were stopped: 0.0000720 seconds, Stopping threads took: 0.0000184 seconds
[2019-01-25T14:52:08.227+0000][1][safepoint    ] Application time: 1.0001301 seconds
[2019-01-25T14:52:08.229+0000][1][safepoint    ] Total time for which application threads were stopped: 0.0000862 seconds, Stopping threads took: 0.0000365 seconds
[2019-01-25T14:52:08.740+0000][1][safepoint    ] Application time: 0.5088057 seconds
[2019-01-25T14:52:08.742+0000][1][safepoint    ] Total time for which application threads were stopped: 0.0003097 seconds, Stopping threads took: 0.0000424 seconds
[2019-01-25T14:52:08.759+0000][1][safepoint    ] Application time: 0.0142945 seconds
[2019-01-25T14:52:08.761+0000][1][safepoint    ] Total time for which application threads were stopped: 0.0002562 seconds, Stopping threads took: 0.0000408 seconds
[2019-01-25T14:52:09.763+0000][1][safepoint    ] Application time: 1.0002298 seconds
[2019-01-25T14:52:09.763+0000][1][safepoint    ] Total time for which application threads were stopped: 0.0000783 seconds, Stopping threads took: 0.0000186 seconds
[2019-01-25T14:52:10.764+0000][1][safepoint    ] Application time: 1.0004561 seconds
[2019-01-25T14:52:10.766+0000][1][safepoint    ] Total time for which application threads were stopped: 0.0001741 seconds, Stopping threads took: 0.0000402 seconds
[2019-01-25T14:52:11.270+0000][1][safepoint    ] Application time: 0.5024081 seconds
[2019-01-25T14:52:11.270+0000][1][safepoint    ] Total time for which application threads were stopped: 0.0000718 seconds, Stopping threads took: 0.0000124 seconds
[2019-01-25T14:52:11.274+0000][1][safepoint    ] Application time: 0.0036821 seconds
[2019-01-25T14:52:11.276+0000][1][safepoint    ] Total time for which application threads were stopped: 0.0003833 seconds, Stopping threads took: 0.0000181 seconds
[2019-01-25T14:52:12.277+0000][1][safepoint    ] Application time: 1.0002002 seconds
[2019-01-25T14:52:12.277+0000][1][safepoint    ] Total time for which application threads were stopped: 0.0000470 seconds, Stopping threads took: 0.0000123 seconds
[2019-01-25T14:52:13.278+0000][1][safepoint    ] Application time: 1.0001492 seconds
[2019-01-25T14:52:13.279+0000][1][safepoint    ] Total time for which application threads were stopped: 0.0000716 seconds, Stopping threads took: 0.0000163 seconds
[2019-01-25T14:52:13.782+0000][1][safepoint    ] Application time: 0.5031071 seconds
[2019-01-25T14:52:13.783+0000][1][safepoint    ] Total time for which application threads were stopped: 0.0000737 seconds, Stopping threads took: 0.0000124 seconds
[2019-01-25T14:52:13.786+0000][1][safepoint    ] Application time: 0.0024005 seconds
[2019-01-25T14:52:13.786+0000][1][safepoint    ] Total time for which application threads were stopped: 0.0001200 seconds, Stopping threads took: 0.0000167 seconds
[2019-01-25T14:52:14.787+0000][1][safepoint    ] Application time: 1.0004521 seconds
[2019-01-25T14:52:14.788+0000][1][safepoint    ] Total time for which application threads were stopped: 0.0000589 seconds, Stopping threads took: 0.0000153 seconds
[2019-01-25T14:52:15.788+0000][1][safepoint    ] Application time: 1.0001636 seconds
[2019-01-25T14:52:15.789+0000][1][safepoint    ] Total time for which application threads were stopped: 0.0000821 seconds, Stopping threads took: 0.0000312 seconds
[2019-01-25T14:52:16.293+0000][1][safepoint    ] Application time: 0.5036153 seconds
[2019-01-25T14:52:16.294+0000][1][safepoint    ] Total time for which application threads were stopped: 0.0000754 seconds, Stopping threads took: 0.0000125 seconds
[2019-01-25T14:52:16.298+0000][1][safepoint    ] Application time: 0.0027729 seconds
[2019-01-25T14:52:16.298+0000][1][safepoint    ] Total time for which application threads were stopped: 0.0000785 seconds, Stopping threads took: 0.0000127 seconds
[2019-01-25T14:52:17.299+0000][1][safepoint    ] Application time: 1.0003017 seconds
[2019-01-25T14:52:17.300+0000][1][safepoint    ] Total time for which application threads were stopped: 0.0000715 seconds, Stopping threads took: 0.0000170 seconds
[2019-01-25T14:52:18.301+0000][1][safepoint    ] Application time: 1.0001089 seconds
[2019-01-25T14:52:18.301+0000][1][safepoint    ] Total time for which application threads were stopped: 0.0001127 seconds, Stopping threads took: 0.0000160 seconds
[2019-01-25T14:52:18.807+0000][1][safepoint    ] Application time: 0.5048069 seconds
[2019-01-25T14:52:18.808+0000][1][safepoint    ] Total time for which application threads were stopped: 0.0001013 seconds, Stopping threads took: 0.0000168 seconds
[2019-01-25T14:52:18.815+0000][1][safepoint    ] Application time: 0.0048850 seconds
[2019-01-25T14:52:18.815+0000][1][safepoint    ] Total time for which application threads were stopped: 0.0001028 seconds, Stopping threads took: 0.0000158 seconds
[2019-01-25T14:52:19.816+0000][1][safepoint    ] Application time: 1.0001421 seconds
[2019-01-25T14:52:19.817+0000][1][safepoint    ] Total time for which application threads were stopped: 0.0000745 seconds, Stopping threads took: 0.0000156 seconds
[2019-01-25T14:52:20.817+0000][1][safepoint    ] Application time: 1.0001295 seconds
[2019-01-25T14:52:20.846+0000][1][safepoint    ] Total time for which application threads were stopped: 0.0000747 seconds, Stopping threads took: 0.0000195 seconds
[2019-01-25T14:52:21.326+0000][1][safepoint    ] Application time: 0.4791568 seconds
[2019-01-25T14:52:21.327+0000][1][safepoint    ] Total time for which application threads were stopped: 0.0000943 seconds, Stopping threads took: 0.0000162 seconds
[2019-01-25T14:52:21.329+0000][1][safepoint    ] Application time: 0.0012758 seconds
[2019-01-25T14:52:21.330+0000][1][safepoint    ] Total time for which application threads were stopped: 0.0000937 seconds, Stopping threads took: 0.0000153 seconds
[2019-01-25T14:52:22.330+0000][1][safepoint    ] Application time: 1.0001232 seconds
[2019-01-25T14:52:22.331+0000][1][safepoint    ] Total time for which application threads were stopped: 0.0000715 seconds, Stopping threads took: 0.0000172 seconds
[2019-01-25T14:52:23.331+0000][1][safepoint    ] Application time: 1.0001070 seconds
[2019-01-25T14:52:23.332+0000][1][safepoint    ] Total time for which application threads were stopped: 0.0000818 seconds, Stopping threads took: 0.0000173 seconds
[2019-01-25T14:52:23.834+0000][1][safepoint    ] Application time: 0.5048162 seconds
[2019-01-25T14:52:23.835+0000][1][safepoint    ] Total time for which application threads were stopped: 0.0000978 seconds, Stopping threads took: 0.0000194 seconds
[2019-01-25T14:52:23.839+0000][1][safepoint    ] Application time: 0.0036162 seconds
[2019-01-25T14:52:23.842+0000][1][safepoint    ] Total time for which application threads were stopped: 0.0001148 seconds, Stopping threads took: 0.0000169 seconds
[2019-01-25T14:52:24.843+0000][1][safepoint    ] Application time: 1.0001758 seconds
[2019-01-25T14:52:24.843+0000][1][safepoint    ] Total time for which application threads were stopped: 0.0001127 seconds, Stopping threads took: 0.0000158 seconds
[2019-01-25T14:52:25.844+0000][1][safepoint    ] Application time: 1.0001810 seconds
[2019-01-25T14:52:25.844+0000][1][safepoint    ] Total time for which application threads were stopped: 0.0000699 seconds, Stopping threads took: 0.0000160 seconds
[2019-01-25T14:52:26.351+0000][1][safepoint    ] Application time: 0.5065484 seconds
[2019-01-25T14:52:26.354+0000][1][safepoint    ] Total time for which application threads were stopped: 0.0000719 seconds, Stopping threads took: 0.0000125 seconds
[2019-01-25T14:52:26.356+0000][1][safepoint    ] Application time: 0.0011551 seconds
[2019-01-25T14:52:26.357+0000][1][safepoint    ] Total time for which application threads were stopped: 0.0000960 seconds, Stopping threads took: 0.0000157 seconds
[2019-01-25T14:52:27.358+0000][1][safepoint    ] Application time: 1.0002317 seconds
[2019-01-25T14:52:27.358+0000][1][safepoint    ] Total time for which application threads were stopped: 0.0000515 seconds, Stopping threads took: 0.0000136 seconds
[2019-01-25T14:52:28.359+0000][1][safepoint    ] Application time: 1.0001704 seconds
[2019-01-25T14:52:28.359+0000][1][safepoint    ] Total time for which application threads were stopped: 0.0000487 seconds, Stopping threads took: 0.0000131 seconds
[2019-01-25T14:52:28.867+0000][1][safepoint    ] Application time: 0.5039875 seconds
[2019-01-25T14:52:28.867+0000][1][safepoint    ] Total time for which application threads were stopped: 0.0000973 seconds, Stopping threads took: 0.0000167 seconds
[2019-01-25T14:52:28.874+0000][1][safepoint    ] Application time: 0.0063585 seconds
[2019-01-25T14:52:28.875+0000][1][safepoint    ] Total time for which application threads were stopped: 0.0001059 seconds, Stopping threads took: 0.0000169 seconds
[2019-01-25T14:52:29.876+0000][1][safepoint    ] Application time: 1.0001422 seconds
[2019-01-25T14:52:29.884+0000][1][safepoint    ] Total time for which application threads were stopped: 0.0000696 seconds, Stopping threads took: 0.0000175 seconds
[2019-01-25T14:52:30.884+0000][1][safepoint    ] Application time: 1.0001338 seconds
[2019-01-25T14:52:30.885+0000][1][safepoint    ] Total time for which application threads were stopped: 0.0000807 seconds, Stopping threads took: 0.0000150 seconds
[2019-01-25T14:52:31.384+0000][1][safepoint    ] Application time: 0.4982730 seconds
[2019-01-25T14:52:31.385+0000][1][safepoint    ] Total time for which application threads were stopped: 0.0001017 seconds, Stopping threads took: 0.0000170 seconds
[2019-01-25T14:52:31.387+0000][1][safepoint    ] Application time: 0.0014250 seconds
[2019-01-25T14:52:31.387+0000][1][safepoint    ] Total time for which application threads were stopped: 0.0000989 seconds, Stopping threads took: 0.0000175 seconds
[2019-01-25T14:52:32.388+0000][1][safepoint    ] Application time: 1.0001267 seconds
[2019-01-25T14:52:32.389+0000][1][safepoint    ] Total time for which application threads were stopped: 0.0000477 seconds, Stopping threads took: 0.0000125 seconds
[2019-01-25T14:52:33.389+0000][1][safepoint    ] Application time: 1.0001742 seconds
[2019-01-25T14:52:33.390+0000][1][safepoint    ] Total time for which application threads were stopped: 0.0000476 seconds, Stopping threads took: 0.0000131 seconds
[2019-01-25T14:52:33.901+0000][1][safepoint    ] Application time: 0.5104897 seconds
[2019-01-25T14:52:33.902+0000][1][safepoint    ] Total time for which application threads were stopped: 0.0000816 seconds, Stopping threads took: 0.0000125 seconds
[2019-01-25T14:52:33.908+0000][1][safepoint    ] Application time: 0.0057331 seconds
[2019-01-25T14:52:33.909+0000][1][safepoint    ] Total time for which application threads were stopped: 0.0001040 seconds, Stopping threads took: 0.0000378 seconds
[2019-01-25T14:52:34.910+0000][1][safepoint    ] Application time: 1.0001461 seconds
[2019-01-25T14:52:34.911+0000][1][safepoint    ] Total time for which application threads were stopped: 0.0000573 seconds, Stopping threads took: 0.0000132 seconds
[2019-01-25T14:52:35.912+0000][1][safepoint    ] Application time: 1.0000966 seconds
[2019-01-25T14:52:35.912+0000][1][safepoint    ] Total time for which application threads were stopped: 0.0000604 seconds, Stopping threads took: 0.0000121 seconds
[2019-01-25T14:52:36.421+0000][1][safepoint    ] Application time: 0.5079705 seconds
[2019-01-25T14:52:36.421+0000][1][safepoint    ] Total time for which application threads were stopped: 0.0001352 seconds, Stopping threads took: 0.0000172 seconds
[2019-01-25T14:52:36.424+0000][1][safepoint    ] Application time: 0.0021787 seconds
[2019-01-25T14:52:36.425+0000][1][safepoint    ] Total time for which application threads were stopped: 0.0001177 seconds, Stopping threads took: 0.0000215 seconds
[2019-01-25T14:52:37.425+0000][1][safepoint    ] Application time: 1.0002578 seconds
[2019-01-25T14:52:37.427+0000][1][safepoint    ] Total time for which application threads were stopped: 0.0002099 seconds, Stopping threads took: 0.0000409 seconds
[2019-01-25T14:52:38.429+0000][1][safepoint    ] Application time: 1.0001400 seconds
[2019-01-25T14:52:38.430+0000][1][safepoint    ] Total time for which application threads were stopped: 0.0000786 seconds, Stopping threads took: 0.0000429 seconds
[2019-01-25T14:52:38.932+0000][1][safepoint    ] Application time: 0.5018074 seconds
[2019-01-25T14:52:38.933+0000][1][safepoint    ] Total time for which application threads were stopped: 0.0001530 seconds, Stopping threads took: 0.0000174 seconds
[2019-01-25T14:52:38.935+0000][1][safepoint    ] Application time: 0.0016944 seconds
[2019-01-25T14:52:38.936+0000][1][safepoint    ] Total time for which application threads were stopped: 0.0001343 seconds, Stopping threads took: 0.0000158 seconds
[2019-01-25T14:52:39.937+0000][1][safepoint    ] Application time: 1.0001970 seconds
[2019-01-25T14:52:39.937+0000][1][safepoint    ] Total time for which application threads were stopped: 0.0000689 seconds, Stopping threads took: 0.0000174 seconds
[2019-01-25T14:52:40.938+0000][1][safepoint    ] Application time: 1.0001023 seconds
[2019-01-25T14:52:40.939+0000][1][safepoint    ] Total time for which application threads were stopped: 0.0000499 seconds, Stopping threads took: 0.0000124 seconds
[2019-01-25T14:52:41.445+0000][1][safepoint    ] Application time: 0.5057949 seconds
[2019-01-25T14:52:41.452+0000][1][safepoint    ] Total time for which application threads were stopped: 0.0001093 seconds, Stopping threads took: 0.0000163 seconds
[2019-01-25T14:52:41.457+0000][1][safepoint    ] Application time: 0.0012542 seconds
[2019-01-25T14:52:41.458+0000][1][safepoint    ] Total time for which application threads were stopped: 0.0001106 seconds, Stopping threads took: 0.0000176 seconds
[2019-01-25T14:52:42.459+0000][1][safepoint    ] Application time: 1.0001477 seconds
[2019-01-25T14:52:42.459+0000][1][safepoint    ] Total time for which application threads were stopped: 0.0000656 seconds, Stopping threads took: 0.0000153 seconds
[2019-01-25T14:52:43.460+0000][1][safepoint    ] Application time: 1.0001237 seconds
[2019-01-25T14:52:43.461+0000][1][safepoint    ] Total time for which application threads were stopped: 0.0000748 seconds, Stopping threads took: 0.0000184 seconds
[2019-01-25T14:52:43.968+0000][1][safepoint    ] Application time: 0.5059790 seconds
[2019-01-25T14:52:43.969+0000][1][safepoint    ] Total time for which application threads were stopped: 0.0001310 seconds, Stopping threads took: 0.0000209 seconds
[2019-01-25T14:52:43.974+0000][1][safepoint    ] Application time: 0.0040777 seconds
[2019-01-25T14:52:43.976+0000][1][safepoint    ] Total time for which application threads were stopped: 0.0001771 seconds, Stopping threads took: 0.0000282 seconds
[2019-01-25T14:52:44.977+0000][1][safepoint    ] Application time: 1.0001737 seconds
[2019-01-25T14:52:44.977+0000][1][safepoint    ] Total time for which application threads were stopped: 0.0000490 seconds, Stopping threads took: 0.0000129 seconds
[2019-01-25T14:52:45.978+0000][1][safepoint    ] Application time: 1.0004141 seconds
[2019-01-25T14:52:45.979+0000][1][safepoint    ] Total time for which application threads were stopped: 0.0000563 seconds, Stopping threads took: 0.0000141 seconds
[2019-01-25T14:52:46.487+0000][1][safepoint    ] Application time: 0.5072374 seconds
[2019-01-25T14:52:46.488+0000][1][safepoint    ] Total time for which application threads were stopped: 0.0002751 seconds, Stopping threads took: 0.0000284 seconds
[2019-01-25T14:52:46.499+0000][1][safepoint    ] Application time: 0.0090482 seconds
[2019-01-25T14:52:46.501+0000][1][safepoint    ] Total time for which application threads were stopped: 0.0009085 seconds, Stopping threads took: 0.0000355 seconds
[2019-01-25T14:52:47.503+0000][1][safepoint    ] Application time: 1.0001507 seconds
[2019-01-25T14:52:47.503+0000][1][safepoint    ] Total time for which application threads were stopped: 0.0000881 seconds, Stopping threads took: 0.0000170 seconds
[2019-01-25T14:52:48.504+0000][1][safepoint    ] Application time: 1.0001470 seconds
[2019-01-25T14:52:48.561+0000][1][safepoint    ] Total time for which application threads were stopped: 0.0000785 seconds, Stopping threads took: 0.0000208 seconds
[2019-01-25T14:52:49.010+0000][1][safepoint    ] Application time: 0.4440588 seconds
[2019-01-25T14:52:49.012+0000][1][safepoint    ] Total time for which application threads were stopped: 0.0000937 seconds, Stopping threads took: 0.0000155 seconds
[2019-01-25T14:52:49.013+0000][1][safepoint    ] Application time: 0.0011603 seconds
[2019-01-25T14:52:49.018+0000][1][safepoint    ] Total time for which application threads were stopped: 0.0000977 seconds, Stopping threads took: 0.0000164 seconds
[2019-01-25T14:52:50.020+0000][1][safepoint    ] Application time: 1.0001668 seconds
[2019-01-25T14:52:50.021+0000][1][safepoint    ] Total time for which application threads were stopped: 0.0000491 seconds, Stopping threads took: 0.0000130 seconds
[2019-01-25T14:52:51.021+0000][1][safepoint    ] Application time: 1.0001381 seconds
[2019-01-25T14:52:51.035+0000][1][safepoint    ] Total time for which application threads were stopped: 0.0000744 seconds, Stopping threads took: 0.0000180 seconds
[2019-01-25T14:52:51.526+0000][1][safepoint    ] Application time: 0.4723996 seconds
[2019-01-25T14:52:51.527+0000][1][safepoint    ] Total time for which application threads were stopped: 0.0000724 seconds, Stopping threads took: 0.0000121 seconds
[2019-01-25T14:52:51.529+0000][1][safepoint    ] Application time: 0.0015102 seconds
[2019-01-25T14:52:51.530+0000][1][safepoint    ] Total time for which application threads were stopped: 0.0003454 seconds, Stopping threads took: 0.0000173 seconds
[2019-01-25T14:52:52.531+0000][1][safepoint    ] Application time: 1.0001725 seconds
[2019-01-25T14:52:52.531+0000][1][safepoint    ] Total time for which application threads were stopped: 0.0000512 seconds, Stopping threads took: 0.0000127 seconds
[2019-01-25T14:52:53.532+0000][1][safepoint    ] Application time: 1.0001425 seconds
[2019-01-25T14:52:53.533+0000][1][safepoint    ] Total time for which application threads were stopped: 0.0000544 seconds, Stopping threads took: 0.0000167 seconds
[2019-01-25T14:52:54.045+0000][1][safepoint    ] Application time: 0.5114195 seconds
[2019-01-25T14:52:54.045+0000][1][safepoint    ] Total time for which application threads were stopped: 0.0001028 seconds, Stopping threads took: 0.0000162 seconds
[2019-01-25T14:52:54.047+0000][1][safepoint    ] Application time: 0.0013046 seconds
[2019-01-25T14:52:54.049+0000][1][safepoint    ] Total time for which application threads were stopped: 0.0005068 seconds, Stopping threads took: 0.0000197 seconds
[2019-01-25T14:52:55.050+0000][1][safepoint    ] Application time: 1.0001888 seconds
[2019-01-25T14:52:55.050+0000][1][safepoint    ] Total time for which application threads were stopped: 0.0000695 seconds, Stopping threads took: 0.0000298 seconds
[2019-01-25T14:52:56.051+0000][1][safepoint    ] Application time: 1.0001567 seconds
[2019-01-25T14:52:56.052+0000][1][safepoint    ] Total time for which application threads were stopped: 0.0000754 seconds, Stopping threads took: 0.0000157 seconds
[2019-01-25T14:52:56.556+0000][1][safepoint    ] Application time: 0.5036468 seconds
[2019-01-25T14:52:56.557+0000][1][safepoint    ] Total time for which application threads were stopped: 0.0000786 seconds, Stopping threads took: 0.0000129 seconds
[2019-01-25T14:52:56.558+0000][1][safepoint    ] Application time: 0.0010581 seconds
[2019-01-25T14:52:56.559+0000][1][safepoint    ] Total time for which application threads were stopped: 0.0000756 seconds, Stopping threads took: 0.0000121 seconds
[2019-01-25T14:52:57.559+0000][1][safepoint    ] Application time: 1.0001924 seconds
[2019-01-25T14:52:57.560+0000][1][safepoint    ] Total time for which application threads were stopped: 0.0000530 seconds, Stopping threads took: 0.0000137 seconds
[2019-01-25T14:52:58.560+0000][1][safepoint    ] Application time: 1.0001456 seconds
[2019-01-25T14:52:58.563+0000][1][safepoint    ] Total time for which application threads were stopped: 0.0000820 seconds, Stopping threads took: 0.0000171 seconds
[2019-01-25T14:52:59.070+0000][1][safepoint    ] Application time: 0.5069252 seconds
[2019-01-25T14:52:59.074+0000][1][safepoint    ] Total time for which application threads were stopped: 0.0001511 seconds, Stopping threads took: 0.0000203 seconds
[2019-01-25T14:52:59.076+0000][1][safepoint    ] Application time: 0.0019126 seconds
[2019-01-25T14:52:59.078+0000][1][safepoint    ] Total time for which application threads were stopped: 0.0001367 seconds, Stopping threads took: 0.0000214 seconds
[2019-01-25T14:53:00.080+0000][1][safepoint    ] Application time: 1.0002097 seconds
[2019-01-25T14:53:00.080+0000][1][safepoint    ] Total time for which application threads were stopped: 0.0000474 seconds, Stopping threads took: 0.0000117 seconds
[2019-01-25T14:53:01.081+0000][1][safepoint    ] Application time: 1.0001261 seconds
[2019-01-25T14:53:01.084+0000][1][safepoint    ] Total time for which application threads were stopped: 0.0000864 seconds, Stopping threads took: 0.0000165 seconds
[2019-01-25T14:53:01.587+0000][1][safepoint    ] Application time: 0.5026264 seconds
[2019-01-25T14:53:01.588+0000][1][safepoint    ] Total time for which application threads were stopped: 0.0001425 seconds, Stopping threads took: 0.0000160 seconds
[2019-01-25T14:53:01.590+0000][1][safepoint    ] Application time: 0.0013306 seconds
[2019-01-25T14:53:01.591+0000][1][safepoint    ] Total time for which application threads were stopped: 0.0001016 seconds, Stopping threads took: 0.0000157 seconds
[2019-01-25T14:53:02.592+0000][1][safepoint    ] Application time: 1.0001976 seconds
[2019-01-25T14:53:02.593+0000][1][safepoint    ] Total time for which application threads were stopped: 0.0000465 seconds, Stopping threads took: 0.0000121 seconds
[2019-01-25T14:53:03.593+0000][1][safepoint    ] Application time: 1.0001739 seconds
[2019-01-25T14:53:03.595+0000][1][safepoint    ] Total time for which application threads were stopped: 0.0000919 seconds, Stopping threads took: 0.0000227 seconds
[2019-01-25T14:53:04.104+0000][1][safepoint    ] Application time: 0.5090215 seconds
[2019-01-25T14:53:04.119+0000][1][safepoint    ] Total time for which application threads were stopped: 0.0000997 seconds, Stopping threads took: 0.0000166 seconds
[2019-01-25T14:53:04.122+0000][1][safepoint    ] Application time: 0.0023727 seconds
[2019-01-25T14:53:04.123+0000][1][safepoint    ] Total time for which application threads were stopped: 0.0000988 seconds, Stopping threads took: 0.0000167 seconds
[2019-01-25T14:53:05.126+0000][1][safepoint    ] Application time: 1.0001488 seconds
[2019-01-25T14:53:05.127+0000][1][safepoint    ] Total time for which application threads were stopped: 0.0000864 seconds, Stopping threads took: 0.0000240 seconds
[2019-01-25T14:53:06.134+0000][1][safepoint    ] Application time: 1.0001832 seconds
[2019-01-25T14:53:06.147+0000][1][safepoint    ] Total time for which application threads were stopped: 0.0000723 seconds, Stopping threads took: 0.0000188 seconds
[2019-01-25T14:53:06.646+0000][1][safepoint    ] Application time: 0.4912645 seconds
[2019-01-25T14:53:06.646+0000][1][safepoint    ] Total time for which application threads were stopped: 0.0001283 seconds, Stopping threads took: 0.0000167 seconds
[2019-01-25T14:53:06.659+0000][1][safepoint    ] Application time: 0.0127901 seconds
[2019-01-25T14:53:06.661+0000][1][safepoint    ] Total time for which application threads were stopped: 0.0002550 seconds, Stopping threads took: 0.0000433 seconds
[2019-01-25T14:53:07.664+0000][1][safepoint    ] Application time: 1.0001219 seconds
[2019-01-25T14:53:07.667+0000][1][safepoint    ] Total time for which application threads were stopped: 0.0000690 seconds, Stopping threads took: 0.0000171 seconds
[2019-01-25T14:53:08.670+0000][1][safepoint    ] Application time: 1.0002785 seconds
[2019-01-25T14:53:08.672+0000][1][safepoint    ] Total time for which application threads were stopped: 0.0001654 seconds, Stopping threads took: 0.0000734 seconds
[2019-01-25T14:53:09.183+0000][1][safepoint    ] Application time: 0.5099830 seconds
[2019-01-25T14:53:09.184+0000][1][safepoint    ] Total time for which application threads were stopped: 0.0001219 seconds, Stopping threads took: 0.0000155 seconds
[2019-01-25T14:53:09.195+0000][1][safepoint    ] Application time: 0.0106536 seconds
[2019-01-25T14:53:09.196+0000][1][safepoint    ] Total time for which application threads were stopped: 0.0001103 seconds, Stopping threads took: 0.0000175 seconds
[2019-01-25T14:53:10.202+0000][1][safepoint    ] Application time: 1.0055409 seconds
[2019-01-25T14:53:10.206+0000][1][safepoint    ] Total time for which application threads were stopped: 0.0001125 seconds, Stopping threads took: 0.0000180 seconds
[2019-01-25T14:53:11.213+0000][1][safepoint    ] Application time: 1.0024482 seconds
[2019-01-25T14:53:11.214+0000][1][safepoint    ] Total time for which application threads were stopped: 0.0000593 seconds, Stopping threads took: 0.0000127 seconds
[2019-01-25T14:53:11.709+0000][1][safepoint    ] Application time: 0.4949157 seconds
[2019-01-25T14:53:11.710+0000][1][safepoint    ] Total time for which application threads were stopped: 0.0002355 seconds, Stopping threads took: 0.0000160 seconds
[2019-01-25T14:53:11.724+0000][1][safepoint    ] Application time: 0.0132918 seconds
[2019-01-25T14:53:11.728+0000][1][safepoint    ] Total time for which application threads were stopped: 0.0000958 seconds, Stopping threads took: 0.0000157 seconds
[2019-01-25T14:53:12.729+0000][1][safepoint    ] Application time: 1.0002882 seconds
[2019-01-25T14:53:12.730+0000][1][safepoint    ] Total time for which application threads were stopped: 0.0000504 seconds, Stopping threads took: 0.0000126 seconds
[2019-01-25T14:53:13.730+0000][1][safepoint    ] Application time: 1.0001408 seconds
[2019-01-25T14:53:13.731+0000][1][safepoint    ] Total time for which application threads were stopped: 0.0000504 seconds, Stopping threads took: 0.0000132 seconds
[2019-01-25T14:53:14.240+0000][1][safepoint    ] Application time: 0.5081415 seconds
[2019-01-25T14:53:14.241+0000][1][safepoint    ] Total time for which application threads were stopped: 0.0001034 seconds, Stopping threads took: 0.0000164 seconds
[2019-01-25T14:53:14.244+0000][1][safepoint    ] Application time: 0.0013823 seconds
[2019-01-25T14:53:14.249+0000][1][safepoint    ] Total time for which application threads were stopped: 0.0001032 seconds, Stopping threads took: 0.0000219 seconds
[2019-01-25T14:53:15.112+0000][1][safepoint    ] Application time: 0.8574535 seconds
[2019-01-25T14:53:15.112+0000][1][gc,start     ] GC(25) Pause Young (Allocation Failure)
[2019-01-25T14:53:15.113+0000][1][gc,task      ] GC(25) Using 2 workers of 2 for evacuation
[2019-01-25T14:53:15.117+0000][1][gc,age       ] GC(25) Desired survivor size 4456448 bytes, new threshold 6 (max threshold 6)
[2019-01-25T14:53:15.125+0000][1][gc,age       ] GC(25) Age table with threshold 6 (max threshold 6)
[2019-01-25T14:53:15.125+0000][1][gc,age       ] GC(25) - age   1:      15216 bytes,      15216 total
[2019-01-25T14:53:15.126+0000][1][gc,age       ] GC(25) - age   2:       7336 bytes,      22552 total
[2019-01-25T14:53:15.126+0000][1][gc,age       ] GC(25) - age   3:       7464 bytes,      30016 total
[2019-01-25T14:53:15.126+0000][1][gc,age       ] GC(25) - age   4:       1592 bytes,      31608 total
[2019-01-25T14:53:15.127+0000][1][gc,age       ] GC(25) - age   5:       7496 bytes,      39104 total
[2019-01-25T14:53:15.130+0000][1][gc,age       ] GC(25) - age   6:      29168 bytes,      68272 total
[2019-01-25T14:53:15.131+0000][1][gc,heap      ] GC(25) ParNew: 70788K->112K(78656K)
[2019-01-25T14:53:15.131+0000][1][gc,heap      ] GC(25) CMS: 83382K->83402K(174784K)
[2019-01-25T14:53:15.131+0000][1][gc,metaspace ] GC(25) Metaspace: 64331K->64331K(1107968K)
[2019-01-25T14:53:15.132+0000][1][gc           ] GC(25) Pause Young (Allocation Failure) 150M->81M(247M) 19.659ms
[2019-01-25T14:53:15.134+0000][1][gc,cpu       ] GC(25) User=0.01s Sys=0.00s Real=0.02s
[2019-01-25T14:53:15.135+0000][1][safepoint    ] Total time for which application threads were stopped: 0.0224487 seconds, Stopping threads took: 0.0000120 seconds
[2019-01-25T14:53:16.135+0000][1][safepoint    ] Application time: 1.0001445 seconds
[2019-01-25T14:53:16.136+0000][1][safepoint    ] Total time for which application threads were stopped: 0.0000687 seconds, Stopping threads took: 0.0000170 seconds
[2019-01-25T14:53:16.760+0000][1][safepoint    ] Application time: 0.6224600 seconds
[2019-01-25T14:53:16.761+0000][1][safepoint    ] Total time for which application threads were stopped: 0.0001000 seconds, Stopping threads took: 0.0000157 seconds
[2019-01-25T14:53:16.768+0000][1][safepoint    ] Application time: 0.0071836 seconds
[2019-01-25T14:53:16.774+0000][1][safepoint    ] Total time for which application threads were stopped: 0.0000889 seconds, Stopping threads took: 0.0000219 seconds
[2019-01-25T14:53:17.776+0000][1][safepoint    ] Application time: 1.0001481 seconds
[2019-01-25T14:53:17.776+0000][1][safepoint    ] Total time for which application threads were stopped: 0.0000795 seconds, Stopping threads took: 0.0000168 seconds
[2019-01-25T14:53:18.777+0000][1][safepoint    ] Application time: 1.0001070 seconds
[2019-01-25T14:53:18.782+0000][1][safepoint    ] Total time for which application threads were stopped: 0.0000752 seconds, Stopping threads took: 0.0000176 seconds
[2019-01-25T14:53:19.288+0000][1][safepoint    ] Application time: 0.5052347 seconds
[2019-01-25T14:53:19.289+0000][1][safepoint    ] Total time for which application threads were stopped: 0.0002501 seconds, Stopping threads took: 0.0000317 seconds
[2019-01-25T14:53:19.294+0000][1][safepoint    ] Application time: 0.0031835 seconds
[2019-01-25T14:53:19.296+0000][1][safepoint    ] Total time for which application threads were stopped: 0.0000995 seconds, Stopping threads took: 0.0000153 seconds
[2019-01-25T14:53:20.297+0000][1][safepoint    ] Application time: 1.0002636 seconds
[2019-01-25T14:53:20.297+0000][1][safepoint    ] Total time for which application threads were stopped: 0.0000706 seconds, Stopping threads took: 0.0000173 seconds
[2019-01-25T14:53:21.298+0000][1][safepoint    ] Application time: 1.0001677 seconds
[2019-01-25T14:53:21.299+0000][1][safepoint    ] Total time for which application threads were stopped: 0.0001079 seconds, Stopping threads took: 0.0000257 seconds
[2019-01-25T14:53:21.803+0000][1][safepoint    ] Application time: 0.5031557 seconds
[2019-01-25T14:53:21.804+0000][1][safepoint    ] Total time for which application threads were stopped: 0.0000697 seconds, Stopping threads took: 0.0000113 seconds
[2019-01-25T14:53:21.806+0000][1][safepoint    ] Application time: 0.0011833 seconds
[2019-01-25T14:53:21.807+0000][1][safepoint    ] Total time for which application threads were stopped: 0.0000981 seconds, Stopping threads took: 0.0000180 seconds
[2019-01-25T14:53:22.807+0000][1][safepoint    ] Application time: 1.0001779 seconds
[2019-01-25T14:53:22.808+0000][1][safepoint    ] Total time for which application threads were stopped: 0.0000871 seconds, Stopping threads took: 0.0000215 seconds
[2019-01-25T14:53:23.810+0000][1][safepoint    ] Application time: 1.0012188 seconds
[2019-01-25T14:53:23.826+0000][1][safepoint    ] Total time for which application threads were stopped: 0.0000712 seconds, Stopping threads took: 0.0000181 seconds
[2019-01-25T14:53:24.315+0000][1][safepoint    ] Application time: 0.4857163 seconds
[2019-01-25T14:53:24.316+0000][1][safepoint    ] Total time for which application threads were stopped: 0.0001136 seconds, Stopping threads took: 0.0000332 seconds
[2019-01-25T14:53:24.319+0000][1][safepoint    ] Application time: 0.0022378 seconds
[2019-01-25T14:53:24.319+0000][1][safepoint    ] Total time for which application threads were stopped: 0.0000967 seconds, Stopping threads took: 0.0000140 seconds
[2019-01-25T14:53:25.321+0000][1][safepoint    ] Application time: 1.0001706 seconds
[2019-01-25T14:53:25.321+0000][1][safepoint    ] Total time for which application threads were stopped: 0.0000549 seconds, Stopping threads took: 0.0000143 seconds
[2019-01-25T14:53:26.322+0000][1][safepoint    ] Application time: 1.0001303 seconds
[2019-01-25T14:53:26.327+0000][1][safepoint    ] Total time for which application threads were stopped: 0.0000610 seconds, Stopping threads took: 0.0000156 seconds
[2019-01-25T14:53:26.828+0000][1][safepoint    ] Application time: 0.5006067 seconds
[2019-01-25T14:53:26.829+0000][1][safepoint    ] Total time for which application threads were stopped: 0.0001058 seconds, Stopping threads took: 0.0000170 seconds
[2019-01-25T14:53:26.835+0000][1][safepoint    ] Application time: 0.0060910 seconds
[2019-01-25T14:53:26.836+0000][1][safepoint    ] Total time for which application threads were stopped: 0.0001006 seconds, Stopping threads took: 0.0000176 seconds
[2019-01-25T14:53:27.837+0000][1][safepoint    ] Application time: 1.0001956 seconds
[2019-01-25T14:53:27.838+0000][1][safepoint    ] Total time for which application threads were stopped: 0.0000792 seconds, Stopping threads took: 0.0000294 seconds
[2019-01-25T14:53:28.837+0000][1][safepoint    ] Application time: 1.0001551 seconds
[2019-01-25T14:53:28.837+0000][1][safepoint    ] Total time for which application threads were stopped: 0.0000700 seconds, Stopping threads took: 0.0000174 seconds
[2019-01-25T14:53:29.341+0000][1][safepoint    ] Application time: 0.5038677 seconds
[2019-01-25T14:53:29.342+0000][1][safepoint    ] Total time for which application threads were stopped: 0.0000999 seconds, Stopping threads took: 0.0000167 seconds
[2019-01-25T14:53:29.344+0000][1][safepoint    ] Application time: 0.0010114 seconds
[2019-01-25T14:53:29.344+0000][1][safepoint    ] Total time for which application threads were stopped: 0.0000967 seconds, Stopping threads took: 0.0000157 seconds
[2019-01-25T14:53:30.345+0000][1][safepoint    ] Application time: 1.0001489 seconds
[2019-01-25T14:53:30.346+0000][1][safepoint    ] Total time for which application threads were stopped: 0.0000694 seconds, Stopping threads took: 0.0000159 seconds
[2019-01-25T14:53:31.347+0000][1][safepoint    ] Application time: 1.0003428 seconds
[2019-01-25T14:53:31.348+0000][1][safepoint    ] Total time for which application threads were stopped: 0.0000913 seconds, Stopping threads took: 0.0000201 seconds
[2019-01-25T14:53:31.852+0000][1][safepoint    ] Application time: 0.5031999 seconds
[2019-01-25T14:53:31.853+0000][1][safepoint    ] Total time for which application threads were stopped: 0.0001992 seconds, Stopping threads took: 0.0000187 seconds
[2019-01-25T14:53:31.859+0000][1][safepoint    ] Application time: 0.0052254 seconds
[2019-01-25T14:53:31.859+0000][1][safepoint    ] Total time for which application threads were stopped: 0.0000963 seconds, Stopping threads took: 0.0000153 seconds
[2019-01-25T14:53:32.860+0000][1][safepoint    ] Application time: 1.0001610 seconds
[2019-01-25T14:53:32.861+0000][1][safepoint    ] Total time for which application threads were stopped: 0.0000695 seconds, Stopping threads took: 0.0000176 seconds
[2019-01-25T14:53:33.863+0000][1][safepoint    ] Application time: 1.0002864 seconds
[2019-01-25T14:53:33.865+0000][1][safepoint    ] Total time for which application threads were stopped: 0.0001705 seconds, Stopping threads took: 0.0000421 seconds
[2019-01-25T14:53:34.376+0000][1][safepoint    ] Application time: 0.5089401 seconds
[2019-01-25T14:53:34.378+0000][1][safepoint    ] Total time for which application threads were stopped: 0.0014799 seconds, Stopping threads took: 0.0000274 seconds
[2019-01-25T14:53:34.380+0000][1][safepoint    ] Application time: 0.0013125 seconds
[2019-01-25T14:53:34.381+0000][1][safepoint    ] Total time for which application threads were stopped: 0.0003932 seconds, Stopping threads took: 0.0000164 seconds
[2019-01-25T14:53:35.382+0000][1][safepoint    ] Application time: 1.0002473 seconds
[2019-01-25T14:53:35.383+0000][1][safepoint    ] Total time for which application threads were stopped: 0.0001531 seconds, Stopping threads took: 0.0000342 seconds
[2019-01-25T14:53:36.384+0000][1][safepoint    ] Application time: 1.0001466 seconds
[2019-01-25T14:53:36.391+0000][1][safepoint    ] Total time for which application threads were stopped: 0.0000497 seconds, Stopping threads took: 0.0000131 seconds
[2019-01-25T14:53:36.894+0000][1][safepoint    ] Application time: 0.4993283 seconds
[2019-01-25T14:53:36.895+0000][1][safepoint    ] Total time for which application threads were stopped: 0.0001089 seconds, Stopping threads took: 0.0000160 seconds
[2019-01-25T14:53:36.898+0000][1][safepoint    ] Application time: 0.0013878 seconds
[2019-01-25T14:53:36.898+0000][1][safepoint    ] Total time for which application threads were stopped: 0.0000970 seconds, Stopping threads took: 0.0000132 seconds
[2019-01-25T14:53:37.899+0000][1][safepoint    ] Application time: 1.0001903 seconds
[2019-01-25T14:53:37.900+0000][1][safepoint    ] Total time for which application threads were stopped: 0.0000494 seconds, Stopping threads took: 0.0000133 seconds
[2019-01-25T14:53:38.900+0000][1][safepoint    ] Application time: 1.0001387 seconds
[2019-01-25T14:53:38.914+0000][1][safepoint    ] Total time for which application threads were stopped: 0.0000843 seconds, Stopping threads took: 0.0000446 seconds
[2019-01-25T14:53:39.406+0000][1][safepoint    ] Application time: 0.4923412 seconds
[2019-01-25T14:53:39.408+0000][1][safepoint    ] Total time for which application threads were stopped: 0.0000935 seconds, Stopping threads took: 0.0000126 seconds
[2019-01-25T14:53:39.409+0000][1][safepoint    ] Application time: 0.0009857 seconds
[2019-01-25T14:53:39.410+0000][1][safepoint    ] Total time for which application threads were stopped: 0.0000756 seconds, Stopping threads took: 0.0000127 seconds
[2019-01-25T14:53:40.411+0000][1][safepoint    ] Application time: 1.0001502 seconds
[2019-01-25T14:53:40.411+0000][1][safepoint    ] Total time for which application threads were stopped: 0.0000706 seconds, Stopping threads took: 0.0000171 seconds
[2019-01-25T14:53:41.412+0000][1][safepoint    ] Application time: 1.0004710 seconds
[2019-01-25T14:53:41.413+0000][1][safepoint    ] Total time for which application threads were stopped: 0.0000731 seconds, Stopping threads took: 0.0000188 seconds
[2019-01-25T14:53:41.917+0000][1][safepoint    ] Application time: 0.5032429 seconds
[2019-01-25T14:53:41.917+0000][1][safepoint    ] Total time for which application threads were stopped: 0.0000733 seconds, Stopping threads took: 0.0000130 seconds
[2019-01-25T14:53:41.928+0000][1][safepoint    ] Application time: 0.0081475 seconds
[2019-01-25T14:53:41.929+0000][1][safepoint    ] Total time for which application threads were stopped: 0.0001055 seconds, Stopping threads took: 0.0000167 seconds
[2019-01-25T14:53:42.930+0000][1][safepoint    ] Application time: 1.0001601 seconds
[2019-01-25T14:53:42.930+0000][1][safepoint    ] Total time for which application threads were stopped: 0.0000667 seconds, Stopping threads took: 0.0000177 seconds
[2019-01-25T14:53:43.931+0000][1][safepoint    ] Application time: 1.0002059 seconds
[2019-01-25T14:53:43.932+0000][1][safepoint    ] Total time for which application threads were stopped: 0.0000914 seconds, Stopping threads took: 0.0000236 seconds
[2019-01-25T14:53:44.436+0000][1][safepoint    ] Application time: 0.5036306 seconds
[2019-01-25T14:53:44.437+0000][1][safepoint    ] Total time for which application threads were stopped: 0.0000966 seconds, Stopping threads took: 0.0000120 seconds
[2019-01-25T14:53:44.439+0000][1][safepoint    ] Application time: 0.0012989 seconds
[2019-01-25T14:53:44.441+0000][1][safepoint    ] Total time for which application threads were stopped: 0.0000974 seconds, Stopping threads took: 0.0000180 seconds
[2019-01-25T14:53:45.442+0000][1][safepoint    ] Application time: 1.0002029 seconds
[2019-01-25T14:53:45.443+0000][1][safepoint    ] Total time for which application threads were stopped: 0.0000569 seconds, Stopping threads took: 0.0000149 seconds
[2019-01-25T14:53:46.443+0000][1][safepoint    ] Application time: 1.0001375 seconds
[2019-01-25T14:53:46.444+0000][1][safepoint    ] Total time for which application threads were stopped: 0.0000719 seconds, Stopping threads took: 0.0000186 seconds
[2019-01-25T14:53:46.948+0000][1][safepoint    ] Application time: 0.5036748 seconds
[2019-01-25T14:53:46.948+0000][1][safepoint    ] Total time for which application threads were stopped: 0.0000706 seconds, Stopping threads took: 0.0000121 seconds
[2019-01-25T14:53:46.950+0000][1][safepoint    ] Application time: 0.0008890 seconds
[2019-01-25T14:53:46.951+0000][1][safepoint    ] Total time for which application threads were stopped: 0.0001669 seconds, Stopping threads took: 0.0001062 seconds
[2019-01-25T14:53:47.952+0000][1][safepoint    ] Application time: 1.0003585 seconds
[2019-01-25T14:53:47.953+0000][1][safepoint    ] Total time for which application threads were stopped: 0.0001105 seconds, Stopping threads took: 0.0000287 seconds
[2019-01-25T14:53:48.955+0000][1][safepoint    ] Application time: 1.0001456 seconds
[2019-01-25T14:53:48.955+0000][1][safepoint    ] Total time for which application threads were stopped: 0.0000807 seconds, Stopping threads took: 0.0000169 seconds
[2019-01-25T14:53:49.466+0000][1][safepoint    ] Application time: 0.5100791 seconds
[2019-01-25T14:53:49.468+0000][1][safepoint    ] Total time for which application threads were stopped: 0.0003551 seconds, Stopping threads took: 0.0000382 seconds
[2019-01-25T14:53:49.476+0000][1][safepoint    ] Application time: 0.0061609 seconds
[2019-01-25T14:53:49.478+0000][1][safepoint    ] Total time for which application threads were stopped: 0.0001457 seconds, Stopping threads took: 0.0000241 seconds
[2019-01-25T14:53:50.479+0000][1][safepoint    ] Application time: 1.0001457 seconds
[2019-01-25T14:53:50.479+0000][1][safepoint    ] Total time for which application threads were stopped: 0.0000488 seconds, Stopping threads took: 0.0000118 seconds
[2019-01-25T14:53:51.480+0000][1][safepoint    ] Application time: 1.0004698 seconds
[2019-01-25T14:53:51.481+0000][1][safepoint    ] Total time for which application threads were stopped: 0.0000764 seconds, Stopping threads took: 0.0000186 seconds
[2019-01-25T14:53:51.989+0000][1][safepoint    ] Application time: 0.5077134 seconds
[2019-01-25T14:53:51.990+0000][1][safepoint    ] Total time for which application threads were stopped: 0.0001064 seconds, Stopping threads took: 0.0000160 seconds
[2019-01-25T14:53:51.991+0000][1][safepoint    ] Application time: 0.0013001 seconds
[2019-01-25T14:53:51.993+0000][1][safepoint    ] Total time for which application threads were stopped: 0.0000995 seconds, Stopping threads took: 0.0000160 seconds
[2019-01-25T14:53:52.994+0000][1][safepoint    ] Application time: 1.0001338 seconds
[2019-01-25T14:53:52.995+0000][1][safepoint    ] Total time for which application threads were stopped: 0.0000815 seconds, Stopping threads took: 0.0000165 seconds
[2019-01-25T14:53:54.000+0000][1][safepoint    ] Application time: 1.0052294 seconds
[2019-01-25T14:53:54.005+0000][1][safepoint    ] Total time for which application threads were stopped: 0.0000486 seconds, Stopping threads took: 0.0000130 seconds
[2019-01-25T14:53:54.514+0000][1][safepoint    ] Application time: 0.5038585 seconds
[2019-01-25T14:53:54.515+0000][1][safepoint    ] Total time for which application threads were stopped: 0.0000977 seconds, Stopping threads took: 0.0000178 seconds
[2019-01-25T14:53:54.524+0000][1][safepoint    ] Application time: 0.0087566 seconds
[2019-01-25T14:53:54.526+0000][1][safepoint    ] Total time for which application threads were stopped: 0.0000982 seconds, Stopping threads took: 0.0000144 seconds
[2019-01-25T14:53:55.526+0000][1][safepoint    ] Application time: 1.0001943 seconds
[2019-01-25T14:53:55.528+0000][1][safepoint    ] Total time for which application threads were stopped: 0.0001894 seconds, Stopping threads took: 0.0000329 seconds
[2019-01-25T14:53:56.535+0000][1][safepoint    ] Application time: 1.0001565 seconds
[2019-01-25T14:53:56.535+0000][1][safepoint    ] Total time for which application threads were stopped: 0.0000609 seconds, Stopping threads took: 0.0000192 seconds
[2019-01-25T14:53:57.036+0000][1][safepoint    ] Application time: 0.4995853 seconds
[2019-01-25T14:53:57.036+0000][1][safepoint    ] Total time for which application threads were stopped: 0.0000731 seconds, Stopping threads took: 0.0000123 seconds
[2019-01-25T14:53:57.038+0000][1][safepoint    ] Application time: 0.0014556 seconds
[2019-01-25T14:53:57.039+0000][1][safepoint    ] Total time for which application threads were stopped: 0.0001221 seconds, Stopping threads took: 0.0000157 seconds
[2019-01-25T14:53:58.040+0000][1][safepoint    ] Application time: 1.0002033 seconds
[2019-01-25T14:53:58.041+0000][1][safepoint    ] Total time for which application threads were stopped: 0.0001274 seconds, Stopping threads took: 0.0000301 seconds
[2019-01-25T14:53:59.042+0000][1][safepoint    ] Application time: 1.0001217 seconds
[2019-01-25T14:53:59.042+0000][1][safepoint    ] Total time for which application threads were stopped: 0.0000466 seconds, Stopping threads took: 0.0000120 seconds
[2019-01-25T14:53:59.547+0000][1][safepoint    ] Application time: 0.5040737 seconds
[2019-01-25T14:53:59.548+0000][1][safepoint    ] Total time for which application threads were stopped: 0.0001230 seconds, Stopping threads took: 0.0000132 seconds
[2019-01-25T14:53:59.549+0000][1][safepoint    ] Application time: 0.0012375 seconds
[2019-01-25T14:53:59.550+0000][1][safepoint    ] Total time for which application threads were stopped: 0.0000802 seconds, Stopping threads took: 0.0000138 seconds
[2019-01-25T14:54:00.550+0000][1][safepoint    ] Application time: 1.0001899 seconds
[2019-01-25T14:54:00.551+0000][1][safepoint    ] Total time for which application threads were stopped: 0.0000513 seconds, Stopping threads took: 0.0000139 seconds
[2019-01-25T14:54:01.555+0000][1][safepoint    ] Application time: 1.0002017 seconds
[2019-01-25T14:54:01.558+0000][1][safepoint    ] Total time for which application threads were stopped: 0.0001469 seconds, Stopping threads took: 0.0000333 seconds
[2019-01-25T14:54:02.065+0000][1][safepoint    ] Application time: 0.5052617 seconds
[2019-01-25T14:54:02.067+0000][1][safepoint    ] Total time for which application threads were stopped: 0.0002603 seconds, Stopping threads took: 0.0000407 seconds
[2019-01-25T14:54:02.074+0000][1][safepoint    ] Application time: 0.0033180 seconds
[2019-01-25T14:54:02.076+0000][1][safepoint    ] Total time for which application threads were stopped: 0.0001060 seconds, Stopping threads took: 0.0000180 seconds
[2019-01-25T14:54:03.077+0000][1][safepoint    ] Application time: 1.0001625 seconds
[2019-01-25T14:54:03.078+0000][1][safepoint    ] Total time for which application threads were stopped: 0.0000461 seconds, Stopping threads took: 0.0000119 seconds
[2019-01-25T14:54:04.078+0000][1][safepoint    ] Application time: 1.0001450 seconds
[2019-01-25T14:54:04.079+0000][1][safepoint    ] Total time for which application threads were stopped: 0.0000487 seconds, Stopping threads took: 0.0000124 seconds
[2019-01-25T14:54:04.587+0000][1][safepoint    ] Application time: 0.5056389 seconds
[2019-01-25T14:54:04.587+0000][1][safepoint    ] Total time for which application threads were stopped: 0.0001089 seconds, Stopping threads took: 0.0000173 seconds
[2019-01-25T14:54:04.590+0000][1][safepoint    ] Application time: 0.0027578 seconds
[2019-01-25T14:54:04.591+0000][1][safepoint    ] Total time for which application threads were stopped: 0.0000755 seconds, Stopping threads took: 0.0000122 seconds
[2019-01-25T14:54:05.591+0000][1][safepoint    ] Application time: 1.0001541 seconds
[2019-01-25T14:54:05.592+0000][1][safepoint    ] Total time for which application threads were stopped: 0.0000736 seconds, Stopping threads took: 0.0000122 seconds
[2019-01-25T14:54:06.592+0000][1][safepoint    ] Application time: 1.0001691 seconds
[2019-01-25T14:54:06.593+0000][1][safepoint    ] Total time for which application threads were stopped: 0.0000534 seconds, Stopping threads took: 0.0000145 seconds
[2019-01-25T14:54:07.099+0000][1][safepoint    ] Application time: 0.5050729 seconds
[2019-01-25T14:54:07.099+0000][1][safepoint    ] Total time for which application threads were stopped: 0.0001119 seconds, Stopping threads took: 0.0000181 seconds
[2019-01-25T14:54:07.101+0000][1][safepoint    ] Application time: 0.0013675 seconds
[2019-01-25T14:54:07.102+0000][1][safepoint    ] Total time for which application threads were stopped: 0.0001042 seconds, Stopping threads took: 0.0000172 seconds
[2019-01-25T14:54:08.103+0000][1][safepoint    ] Application time: 1.0002454 seconds
[2019-01-25T14:54:08.104+0000][1][safepoint    ] Total time for which application threads were stopped: 0.0001213 seconds, Stopping threads took: 0.0000308 seconds
[2019-01-25T14:54:09.105+0000][1][safepoint    ] Application time: 1.0001085 seconds
[2019-01-25T14:54:09.106+0000][1][safepoint    ] Total time for which application threads were stopped: 0.0000645 seconds, Stopping threads took: 0.0000283 seconds
[2019-01-25T14:54:09.610+0000][1][safepoint    ] Application time: 0.5045158 seconds
[2019-01-25T14:54:09.611+0000][1][safepoint    ] Total time for which application threads were stopped: 0.0001277 seconds, Stopping threads took: 0.0000162 seconds
[2019-01-25T14:54:09.613+0000][1][safepoint    ] Application time: 0.0012543 seconds
[2019-01-25T14:54:09.614+0000][1][safepoint    ] Total time for which application threads were stopped: 0.0001199 seconds, Stopping threads took: 0.0000182 seconds
[2019-01-25T14:54:10.615+0000][1][safepoint    ] Application time: 1.0001964 seconds
[2019-01-25T14:54:10.616+0000][1][safepoint    ] Total time for which application threads were stopped: 0.0000468 seconds, Stopping threads took: 0.0000121 seconds
[2019-01-25T14:54:11.616+0000][1][safepoint    ] Application time: 1.0001390 seconds
[2019-01-25T14:54:11.622+0000][1][safepoint    ] Total time for which application threads were stopped: 0.0000709 seconds, Stopping threads took: 0.0000178 seconds
[2019-01-25T14:54:12.122+0000][1][safepoint    ] Application time: 0.4884678 seconds
[2019-01-25T14:54:12.123+0000][1][safepoint    ] Total time for which application threads were stopped: 0.0000724 seconds, Stopping threads took: 0.0000121 seconds
[2019-01-25T14:54:12.126+0000][1][safepoint    ] Application time: 0.0023907 seconds
[2019-01-25T14:54:12.127+0000][1][safepoint    ] Total time for which application threads were stopped: 0.0000859 seconds, Stopping threads took: 0.0000122 seconds
[2019-01-25T14:54:13.127+0000][1][safepoint    ] Application time: 1.0001706 seconds
[2019-01-25T14:54:13.128+0000][1][safepoint    ] Total time for which application threads were stopped: 0.0000493 seconds, Stopping threads took: 0.0000138 seconds
[2019-01-25T14:54:14.128+0000][1][safepoint    ] Application time: 1.0001107 seconds
[2019-01-25T14:54:14.129+0000][1][safepoint    ] Total time for which application threads were stopped: 0.0000721 seconds, Stopping threads took: 0.0000169 seconds
[2019-01-25T14:54:14.632+0000][1][safepoint    ] Application time: 0.5022046 seconds
[2019-01-25T14:54:14.632+0000][1][safepoint    ] Total time for which application threads were stopped: 0.0001129 seconds, Stopping threads took: 0.0000175 seconds
[2019-01-25T14:54:14.637+0000][1][safepoint    ] Application time: 0.0041860 seconds
[2019-01-25T14:54:14.638+0000][1][safepoint    ] Total time for which application threads were stopped: 0.0001276 seconds, Stopping threads took: 0.0000182 seconds
[2019-01-25T14:54:15.155+0000][1][safepoint    ] Application time: 0.5063849 seconds
[2019-01-25T14:54:15.156+0000][1][safepoint    ] Total time for which application threads were stopped: 0.0001077 seconds, Stopping threads took: 0.0000140 seconds
[2019-01-25T14:54:16.046+0000][1][safepoint    ] Application time: 0.8901518 seconds
[2019-01-25T14:54:16.052+0000][1][safepoint    ] Total time for which application threads were stopped: 0.0043554 seconds, Stopping threads took: 0.0042622 seconds
[2019-01-25T14:54:16.052+0000][1][safepoint    ] Application time: 0.0003991 seconds
[2019-01-25T14:54:16.056+0000][1][safepoint    ] Total time for which application threads were stopped: 0.0027821 seconds, Stopping threads took: 0.0026574 seconds
[2019-01-25T14:54:16.091+0000][1][safepoint    ] Application time: 0.0348560 seconds
[2019-01-25T14:54:16.092+0000][1][safepoint    ] Total time for which application threads were stopped: 0.0000938 seconds, Stopping threads took: 0.0000123 seconds
[2019-01-25T14:54:16.092+0000][1][safepoint    ] Application time: 0.0001032 seconds
[2019-01-25T14:54:16.093+0000][1][safepoint    ] Total time for which application threads were stopped: 0.0000812 seconds, Stopping threads took: 0.0000111 seconds
[2019-01-25T14:54:16.093+0000][1][safepoint    ] Application time: 0.0001840 seconds
[2019-01-25T14:54:16.093+0000][1][safepoint    ] Total time for which application threads were stopped: 0.0000816 seconds, Stopping threads took: 0.0000109 seconds
[2019-01-25T14:54:17.094+0000][1][safepoint    ] Application time: 1.0004594 seconds
[2019-01-25T14:54:17.095+0000][1][safepoint    ] Total time for which application threads were stopped: 0.0000700 seconds, Stopping threads took: 0.0000150 seconds
[2019-01-25T14:54:17.155+0000][1][safepoint    ] Application time: 0.0592706 seconds
[2019-01-25T14:54:17.155+0000][1][safepoint    ] Total time for which application threads were stopped: 0.0000921 seconds, Stopping threads took: 0.0000163 seconds
[2019-01-25T14:54:17.157+0000][1][safepoint    ] Application time: 0.0011748 seconds
[2019-01-25T14:54:17.158+0000][1][safepoint    ] Total time for which application threads were stopped: 0.0000912 seconds, Stopping threads took: 0.0000156 seconds
[2019-01-25T14:54:18.158+0000][1][safepoint    ] Application time: 1.0001498 seconds
[2019-01-25T14:54:18.159+0000][1][safepoint    ] Total time for which application threads were stopped: 0.0000729 seconds, Stopping threads took: 0.0000116 seconds
[2019-01-25T14:54:19.160+0000][1][safepoint    ] Application time: 1.0004357 seconds
[2019-01-25T14:54:19.161+0000][1][safepoint    ] Total time for which application threads were stopped: 0.0000538 seconds, Stopping threads took: 0.0000135 seconds
[2019-01-25T14:54:19.665+0000][1][safepoint    ] Application time: 0.5042536 seconds
[2019-01-25T14:54:19.666+0000][1][safepoint    ] Total time for which application threads were stopped: 0.0000999 seconds, Stopping threads took: 0.0000158 seconds
[2019-01-25T14:54:19.668+0000][1][safepoint    ] Application time: 0.0009907 seconds
[2019-01-25T14:54:19.668+0000][1][safepoint    ] Total time for which application threads were stopped: 0.0000966 seconds, Stopping threads took: 0.0000152 seconds
[2019-01-25T14:54:20.669+0000][1][safepoint    ] Application time: 1.0001549 seconds
[2019-01-25T14:54:20.686+0000][1][safepoint    ] Total time for which application threads were stopped: 0.0000743 seconds, Stopping threads took: 0.0000193 seconds
[2019-01-25T14:54:21.686+0000][1][safepoint    ] Application time: 1.0001089 seconds
[2019-01-25T14:54:21.687+0000][1][safepoint    ] Total time for which application threads were stopped: 0.0000509 seconds, Stopping threads took: 0.0000123 seconds
[2019-01-25T14:54:22.176+0000][1][safepoint    ] Application time: 0.4887622 seconds
[2019-01-25T14:54:22.177+0000][1][safepoint    ] Total time for which application threads were stopped: 0.0001132 seconds, Stopping threads took: 0.0000173 seconds
[2019-01-25T14:54:22.179+0000][1][safepoint    ] Application time: 0.0013164 seconds
[2019-01-25T14:54:22.182+0000][1][safepoint    ] Total time for which application threads were stopped: 0.0020925 seconds, Stopping threads took: 0.0000167 seconds
[2019-01-25T14:54:23.184+0000][1][safepoint    ] Application time: 1.0004194 seconds
[2019-01-25T14:54:23.185+0000][1][safepoint    ] Total time for which application threads were stopped: 0.0001544 seconds, Stopping threads took: 0.0000336 seconds
[2019-01-25T14:54:24.187+0000][1][safepoint    ] Application time: 1.0002210 seconds
[2019-01-25T14:54:24.187+0000][1][safepoint    ] Total time for which application threads were stopped: 0.0000816 seconds, Stopping threads took: 0.0000169 seconds
[2019-01-25T14:54:24.688+0000][1][safepoint    ] Application time: 0.5007355 seconds
[2019-01-25T14:54:24.689+0000][1][safepoint    ] Total time for which application threads were stopped: 0.0001042 seconds, Stopping threads took: 0.0000154 seconds
[2019-01-25T14:54:24.691+0000][1][safepoint    ] Application time: 0.0009629 seconds
[2019-01-25T14:54:24.691+0000][1][safepoint    ] Total time for which application threads were stopped: 0.0001029 seconds, Stopping threads took: 0.0000178 seconds
[2019-01-25T14:54:25.692+0000][1][safepoint    ] Application time: 1.0001366 seconds
[2019-01-25T14:54:25.696+0000][1][safepoint    ] Total time for which application threads were stopped: 0.0000700 seconds, Stopping threads took: 0.0000175 seconds
[2019-01-25T14:54:26.711+0000][1][safepoint    ] Application time: 1.0001540 seconds
[2019-01-25T14:54:26.712+0000][1][safepoint    ] Total time for which application threads were stopped: 0.0000492 seconds, Stopping threads took: 0.0000120 seconds
[2019-01-25T14:54:27.199+0000][1][safepoint    ] Application time: 0.4866097 seconds
[2019-01-25T14:54:27.199+0000][1][safepoint    ] Total time for which application threads were stopped: 0.0000768 seconds, Stopping threads took: 0.0000125 seconds
[2019-01-25T14:54:27.201+0000][1][safepoint    ] Application time: 0.0009444 seconds
[2019-01-25T14:54:27.201+0000][1][safepoint    ] Total time for which application threads were stopped: 0.0000788 seconds, Stopping threads took: 0.0000126 seconds
[2019-01-25T14:54:28.202+0000][1][safepoint    ] Application time: 1.0001093 seconds
[2019-01-25T14:54:28.202+0000][1][safepoint    ] Total time for which application threads were stopped: 0.0000555 seconds, Stopping threads took: 0.0000131 seconds
[2019-01-25T14:54:29.203+0000][1][safepoint    ] Application time: 1.0002834 seconds
[2019-01-25T14:54:29.205+0000][1][safepoint    ] Total time for which application threads were stopped: 0.0001252 seconds, Stopping threads took: 0.0000360 seconds
[2019-01-25T14:54:29.706+0000][1][safepoint    ] Application time: 0.5007293 seconds
[2019-01-25T14:54:29.707+0000][1][safepoint    ] Total time for which application threads were stopped: 0.0001006 seconds, Stopping threads took: 0.0000164 seconds
[2019-01-25T14:54:29.709+0000][1][safepoint    ] Application time: 0.0013987 seconds
[2019-01-25T14:54:29.709+0000][1][safepoint    ] Total time for which application threads were stopped: 0.0001006 seconds, Stopping threads took: 0.0000156 seconds
[2019-01-25T14:54:30.710+0000][1][safepoint    ] Application time: 1.0001608 seconds
[2019-01-25T14:54:30.730+0000][1][safepoint    ] Total time for which application threads were stopped: 0.0000726 seconds, Stopping threads took: 0.0000179 seconds
[2019-01-25T14:54:31.745+0000][1][safepoint    ] Application time: 1.0001620 seconds
[2019-01-25T14:54:31.746+0000][1][safepoint    ] Total time for which application threads were stopped: 0.0000968 seconds, Stopping threads took: 0.0000237 seconds
[2019-01-25T14:54:32.219+0000][1][safepoint    ] Application time: 0.4724738 seconds
[2019-01-25T14:54:32.220+0000][1][safepoint    ] Total time for which application threads were stopped: 0.0001768 seconds, Stopping threads took: 0.0000265 seconds
[2019-01-25T14:54:32.225+0000][1][safepoint    ] Application time: 0.0047532 seconds
[2019-01-25T14:54:32.226+0000][1][safepoint    ] Total time for which application threads were stopped: 0.0001238 seconds, Stopping threads took: 0.0000195 seconds
[2019-01-25T14:54:33.227+0000][1][safepoint    ] Application time: 1.0001485 seconds
[2019-01-25T14:54:33.238+0000][1][safepoint    ] Total time for which application threads were stopped: 0.0000774 seconds, Stopping threads took: 0.0000171 seconds
[2019-01-25T14:54:34.252+0000][1][safepoint    ] Application time: 1.0002637 seconds
[2019-01-25T14:54:34.254+0000][1][safepoint    ] Total time for which application threads were stopped: 0.0002036 seconds, Stopping threads took: 0.0000507 seconds
[2019-01-25T14:54:34.734+0000][1][safepoint    ] Application time: 0.4782516 seconds
[2019-01-25T14:54:34.735+0000][1][safepoint    ] Total time for which application threads were stopped: 0.0001269 seconds, Stopping threads took: 0.0000164 seconds
[2019-01-25T14:54:34.737+0000][1][safepoint    ] Application time: 0.0015277 seconds
[2019-01-25T14:54:34.737+0000][1][safepoint    ] Total time for which application threads were stopped: 0.0000931 seconds, Stopping threads took: 0.0000147 seconds
[2019-01-25T14:54:35.738+0000][1][safepoint    ] Application time: 1.0001386 seconds
[2019-01-25T14:54:35.739+0000][1][safepoint    ] Total time for which application threads were stopped: 0.0000710 seconds, Stopping threads took: 0.0000158 seconds
[2019-01-25T14:54:36.739+0000][1][safepoint    ] Application time: 1.0001141 seconds
[2019-01-25T14:54:36.739+0000][1][safepoint    ] Total time for which application threads were stopped: 0.0000716 seconds, Stopping threads took: 0.0000173 seconds
[2019-01-25T14:54:37.252+0000][1][safepoint    ] Application time: 0.5119366 seconds
[2019-01-25T14:54:37.252+0000][1][safepoint    ] Total time for which application threads were stopped: 0.0001194 seconds, Stopping threads took: 0.0000142 seconds
[2019-01-25T14:54:37.257+0000][1][safepoint    ] Application time: 0.0042994 seconds
[2019-01-25T14:54:37.258+0000][1][safepoint    ] Total time for which application threads were stopped: 0.0001375 seconds, Stopping threads took: 0.0000166 seconds
[2019-01-25T14:54:38.259+0000][1][safepoint    ] Application time: 1.0002446 seconds
[2019-01-25T14:54:38.260+0000][1][safepoint    ] Total time for which application threads were stopped: 0.0000682 seconds, Stopping threads took: 0.0000253 seconds
[2019-01-25T14:54:39.261+0000][1][safepoint    ] Application time: 1.0001266 seconds
[2019-01-25T14:54:39.261+0000][1][safepoint    ] Total time for which application threads were stopped: 0.0000972 seconds, Stopping threads took: 0.0000323 seconds
[2019-01-25T14:54:39.764+0000][1][safepoint    ] Application time: 0.5026420 seconds
[2019-01-25T14:54:39.765+0000][1][safepoint    ] Total time for which application threads were stopped: 0.0001232 seconds, Stopping threads took: 0.0000161 seconds
[2019-01-25T14:54:39.767+0000][1][safepoint    ] Application time: 0.0013781 seconds
[2019-01-25T14:54:39.768+0000][1][safepoint    ] Total time for which application threads were stopped: 0.0001063 seconds, Stopping threads took: 0.0000159 seconds
[2019-01-25T14:54:40.769+0000][1][safepoint    ] Application time: 1.0001769 seconds
[2019-01-25T14:54:40.770+0000][1][safepoint    ] Total time for which application threads were stopped: 0.0000503 seconds, Stopping threads took: 0.0000120 seconds
[2019-01-25T14:54:41.770+0000][1][safepoint    ] Application time: 1.0001548 seconds
[2019-01-25T14:54:41.774+0000][1][safepoint    ] Total time for which application threads were stopped: 0.0000553 seconds, Stopping threads took: 0.0000136 seconds
[2019-01-25T14:54:42.279+0000][1][safepoint    ] Application time: 0.5046827 seconds
[2019-01-25T14:54:42.279+0000][1][safepoint    ] Total time for which application threads were stopped: 0.0000754 seconds, Stopping threads took: 0.0000117 seconds
[2019-01-25T14:54:42.282+0000][1][safepoint    ] Application time: 0.0018731 seconds
[2019-01-25T14:54:42.282+0000][1][safepoint    ] Total time for which application threads were stopped: 0.0000993 seconds, Stopping threads took: 0.0000163 seconds
[2019-01-25T14:54:43.283+0000][1][safepoint    ] Application time: 1.0001616 seconds
[2019-01-25T14:54:43.284+0000][1][safepoint    ] Total time for which application threads were stopped: 0.0000665 seconds, Stopping threads took: 0.0000156 seconds
[2019-01-25T14:54:44.285+0000][1][safepoint    ] Application time: 1.0002223 seconds
[2019-01-25T14:54:44.286+0000][1][safepoint    ] Total time for which application threads were stopped: 0.0001059 seconds, Stopping threads took: 0.0000264 seconds
[2019-01-25T14:54:44.787+0000][1][safepoint    ] Application time: 0.5001119 seconds
[2019-01-25T14:54:44.788+0000][1][safepoint    ] Total time for which application threads were stopped: 0.0000757 seconds, Stopping threads took: 0.0000124 seconds
[2019-01-25T14:54:44.790+0000][1][safepoint    ] Application time: 0.0010056 seconds
[2019-01-25T14:54:44.791+0000][1][safepoint    ] Total time for which application threads were stopped: 0.0000902 seconds, Stopping threads took: 0.0000137 seconds
[2019-01-25T14:54:45.792+0000][1][safepoint    ] Application time: 1.0001404 seconds
[2019-01-25T14:54:45.792+0000][1][safepoint    ] Total time for which application threads were stopped: 0.0000818 seconds, Stopping threads took: 0.0000158 seconds
[2019-01-25T14:54:46.793+0000][1][safepoint    ] Application time: 1.0001751 seconds
[2019-01-25T14:54:46.794+0000][1][safepoint    ] Total time for which application threads were stopped: 0.0000872 seconds, Stopping threads took: 0.0000207 seconds
[2019-01-25T14:54:47.297+0000][1][safepoint    ] Application time: 0.5027809 seconds
[2019-01-25T14:54:47.298+0000][1][safepoint    ] Total time for which application threads were stopped: 0.0000793 seconds, Stopping threads took: 0.0000128 seconds
[2019-01-25T14:54:47.300+0000][1][safepoint    ] Application time: 0.0015134 seconds
[2019-01-25T14:54:47.301+0000][1][safepoint    ] Total time for which application threads were stopped: 0.0000954 seconds, Stopping threads took: 0.0000142 seconds
[2019-01-25T14:54:48.301+0000][1][safepoint    ] Application time: 1.0001642 seconds
[2019-01-25T14:54:48.302+0000][1][safepoint    ] Total time for which application threads were stopped: 0.0000800 seconds, Stopping threads took: 0.0000192 seconds
[2019-01-25T14:54:49.303+0000][1][safepoint    ] Application time: 1.0001448 seconds
[2019-01-25T14:54:49.304+0000][1][safepoint    ] Total time for which application threads were stopped: 0.0000540 seconds, Stopping threads took: 0.0000121 seconds
[2019-01-25T14:54:49.811+0000][1][safepoint    ] Application time: 0.5068292 seconds
[2019-01-25T14:54:49.812+0000][1][safepoint    ] Total time for which application threads were stopped: 0.0001063 seconds, Stopping threads took: 0.0000174 seconds
[2019-01-25T14:54:49.813+0000][1][safepoint    ] Application time: 0.0012527 seconds
[2019-01-25T14:54:49.814+0000][1][safepoint    ] Total time for which application threads were stopped: 0.0001176 seconds, Stopping threads took: 0.0000166 seconds
[2019-01-25T14:54:50.815+0000][1][safepoint    ] Application time: 1.0005040 seconds
[2019-01-25T14:54:50.816+0000][1][safepoint    ] Total time for which application threads were stopped: 0.0000669 seconds, Stopping threads took: 0.0000149 seconds
[2019-01-25T14:54:51.817+0000][1][safepoint    ] Application time: 1.0001529 seconds
[2019-01-25T14:54:51.818+0000][1][safepoint    ] Total time for which application threads were stopped: 0.0000533 seconds, Stopping threads took: 0.0000126 seconds
[2019-01-25T14:54:52.321+0000][1][safepoint    ] Application time: 0.5025062 seconds
[2019-01-25T14:54:52.322+0000][1][safepoint    ] Total time for which application threads were stopped: 0.0001214 seconds, Stopping threads took: 0.0000182 seconds
[2019-01-25T14:54:52.329+0000][1][safepoint    ] Application time: 0.0027161 seconds
[2019-01-25T14:54:52.330+0000][1][safepoint    ] Total time for which application threads were stopped: 0.0000854 seconds, Stopping threads took: 0.0000130 seconds
[2019-01-25T14:54:53.331+0000][1][safepoint    ] Application time: 1.0001471 seconds
[2019-01-25T14:54:53.331+0000][1][safepoint    ] Total time for which application threads were stopped: 0.0000702 seconds, Stopping threads took: 0.0000170 seconds
[2019-01-25T14:54:54.332+0000][1][safepoint    ] Application time: 1.0003973 seconds
[2019-01-25T14:54:54.333+0000][1][safepoint    ] Total time for which application threads were stopped: 0.0000503 seconds, Stopping threads took: 0.0000119 seconds
[2019-01-25T14:54:54.836+0000][1][safepoint    ] Application time: 0.5030557 seconds
[2019-01-25T14:54:54.837+0000][1][safepoint    ] Total time for which application threads were stopped: 0.0000983 seconds, Stopping threads took: 0.0000161 seconds
[2019-01-25T14:54:54.839+0000][1][safepoint    ] Application time: 0.0017644 seconds
[2019-01-25T14:54:54.840+0000][1][safepoint    ] Total time for which application threads were stopped: 0.0000861 seconds, Stopping threads took: 0.0000131 seconds
[2019-01-25T14:54:55.841+0000][1][safepoint    ] Application time: 1.0001579 seconds
[2019-01-25T14:54:55.841+0000][1][safepoint    ] Total time for which application threads were stopped: 0.0000543 seconds, Stopping threads took: 0.0000139 seconds
[2019-01-25T14:54:56.842+0000][1][safepoint    ] Application time: 1.0001823 seconds
[2019-01-25T14:54:56.843+0000][1][safepoint    ] Total time for which application threads were stopped: 0.0000901 seconds, Stopping threads took: 0.0000207 seconds
[2019-01-25T14:54:57.350+0000][1][safepoint    ] Application time: 0.5060511 seconds
[2019-01-25T14:54:57.350+0000][1][safepoint    ] Total time for which application threads were stopped: 0.0001232 seconds, Stopping threads took: 0.0000182 seconds
[2019-01-25T14:54:57.352+0000][1][safepoint    ] Application time: 0.0012075 seconds
[2019-01-25T14:54:57.357+0000][1][safepoint    ] Total time for which application threads were stopped: 0.0001299 seconds, Stopping threads took: 0.0000229 seconds
[2019-01-25T14:54:58.360+0000][1][safepoint    ] Application time: 1.0001450 seconds
[2019-01-25T14:54:58.360+0000][1][safepoint    ] Total time for which application threads were stopped: 0.0000527 seconds, Stopping threads took: 0.0000133 seconds
[2019-01-25T14:54:59.361+0000][1][safepoint    ] Application time: 1.0001157 seconds
[2019-01-25T14:54:59.362+0000][1][safepoint    ] Total time for which application threads were stopped: 0.0000518 seconds, Stopping threads took: 0.0000130 seconds
[2019-01-25T14:54:59.869+0000][1][safepoint    ] Application time: 0.5065610 seconds
[2019-01-25T14:54:59.872+0000][1][safepoint    ] Total time for which application threads were stopped: 0.0001054 seconds, Stopping threads took: 0.0000170 seconds
[2019-01-25T14:54:59.876+0000][1][safepoint    ] Application time: 0.0014804 seconds
[2019-01-25T14:54:59.886+0000][1][safepoint    ] Total time for which application threads were stopped: 0.0001165 seconds, Stopping threads took: 0.0000173 seconds
[2019-01-25T14:55:00.887+0000][1][safepoint    ] Application time: 1.0003210 seconds
[2019-01-25T14:55:00.898+0000][1][safepoint    ] Total time for which application threads were stopped: 0.0002815 seconds, Stopping threads took: 0.0000548 seconds
[2019-01-25T14:55:01.916+0000][1][safepoint    ] Application time: 1.0001689 seconds
[2019-01-25T14:55:01.923+0000][1][safepoint    ] Total time for which application threads were stopped: 0.0000830 seconds, Stopping threads took: 0.0000188 seconds
[2019-01-25T14:55:02.395+0000][1][safepoint    ] Application time: 0.4676509 seconds
[2019-01-25T14:55:02.396+0000][1][safepoint    ] Total time for which application threads were stopped: 0.0001218 seconds, Stopping threads took: 0.0000165 seconds
[2019-01-25T14:55:02.398+0000][1][safepoint    ] Application time: 0.0014331 seconds
[2019-01-25T14:55:02.401+0000][1][safepoint    ] Total time for which application threads were stopped: 0.0001683 seconds, Stopping threads took: 0.0000171 seconds
[2019-01-25T14:55:03.402+0000][1][safepoint    ] Application time: 1.0001683 seconds
[2019-01-25T14:55:03.405+0000][1][safepoint    ] Total time for which application threads were stopped: 0.0000713 seconds, Stopping threads took: 0.0000162 seconds
[2019-01-25T14:55:04.406+0000][1][safepoint    ] Application time: 1.0001781 seconds
[2019-01-25T14:55:04.406+0000][1][safepoint    ] Total time for which application threads were stopped: 0.0000544 seconds, Stopping threads took: 0.0000121 seconds
[2019-01-25T14:55:04.907+0000][1][safepoint    ] Application time: 0.5003832 seconds
[2019-01-25T14:55:04.919+0000][1][safepoint    ] Total time for which application threads were stopped: 0.0001334 seconds, Stopping threads took: 0.0000194 seconds
[2019-01-25T14:55:04.921+0000][1][safepoint    ] Application time: 0.0012105 seconds
[2019-01-25T14:55:04.929+0000][1][safepoint    ] Total time for which application threads were stopped: 0.0001015 seconds, Stopping threads took: 0.0000179 seconds
[2019-01-25T14:55:05.932+0000][1][safepoint    ] Application time: 1.0001873 seconds
[2019-01-25T14:55:05.938+0000][1][safepoint    ] Total time for which application threads were stopped: 0.0000727 seconds, Stopping threads took: 0.0000166 seconds
[2019-01-25T14:55:06.939+0000][1][safepoint    ] Application time: 1.0001264 seconds
[2019-01-25T14:55:06.940+0000][1][safepoint    ] Total time for which application threads were stopped: 0.0000712 seconds, Stopping threads took: 0.0000125 seconds
[2019-01-25T14:55:07.448+0000][1][safepoint    ] Application time: 0.5074516 seconds
[2019-01-25T14:55:07.450+0000][1][safepoint    ] Total time for which application threads were stopped: 0.0001323 seconds, Stopping threads took: 0.0000194 seconds
[2019-01-25T14:55:07.453+0000][1][safepoint    ] Application time: 0.0029128 seconds
[2019-01-25T14:55:07.454+0000][1][safepoint    ] Total time for which application threads were stopped: 0.0001229 seconds, Stopping threads took: 0.0000194 seconds
[2019-01-25T14:55:08.455+0000][1][safepoint    ] Application time: 1.0001493 seconds
[2019-01-25T14:55:08.491+0000][1][safepoint    ] Total time for which application threads were stopped: 0.0000902 seconds, Stopping threads took: 0.0000172 seconds
[2019-01-25T14:55:09.495+0000][1][safepoint    ] Application time: 1.0002789 seconds
[2019-01-25T14:55:09.496+0000][1][safepoint    ] Total time for which application threads were stopped: 0.0001673 seconds, Stopping threads took: 0.0000481 seconds
[2019-01-25T14:55:09.959+0000][1][safepoint    ] Application time: 0.4623644 seconds
[2019-01-25T14:55:09.960+0000][1][safepoint    ] Total time for which application threads were stopped: 0.0000860 seconds, Stopping threads took: 0.0000115 seconds
[2019-01-25T14:55:09.962+0000][1][safepoint    ] Application time: 0.0011899 seconds
[2019-01-25T14:55:09.963+0000][1][safepoint    ] Total time for which application threads were stopped: 0.0003200 seconds, Stopping threads took: 0.0000161 seconds
[2019-01-25T14:55:10.964+0000][1][safepoint    ] Application time: 1.0001428 seconds
[2019-01-25T14:55:10.965+0000][1][safepoint    ] Total time for which application threads were stopped: 0.0000866 seconds, Stopping threads took: 0.0000174 seconds
[2019-01-25T14:55:11.965+0000][1][safepoint    ] Application time: 1.0001427 seconds
[2019-01-25T14:55:11.966+0000][1][safepoint    ] Total time for which application threads were stopped: 0.0000502 seconds, Stopping threads took: 0.0000122 seconds
[2019-01-25T14:55:12.470+0000][1][safepoint    ] Application time: 0.5006427 seconds
[2019-01-25T14:55:12.471+0000][1][safepoint    ] Total time for which application threads were stopped: 0.0000757 seconds, Stopping threads took: 0.0000118 seconds
[2019-01-25T14:55:12.474+0000][1][safepoint    ] Application time: 0.0012098 seconds
[2019-01-25T14:55:12.475+0000][1][safepoint    ] Total time for which application threads were stopped: 0.0000972 seconds, Stopping threads took: 0.0000150 seconds
[2019-01-25T14:55:13.476+0000][1][safepoint    ] Application time: 1.0001256 seconds
[2019-01-25T14:55:13.476+0000][1][safepoint    ] Total time for which application threads were stopped: 0.0000520 seconds, Stopping threads took: 0.0000116 seconds
[2019-01-25T14:55:14.486+0000][1][safepoint    ] Application time: 1.0091129 seconds
[2019-01-25T14:55:14.487+0000][1][safepoint    ] Total time for which application threads were stopped: 0.0000503 seconds, Stopping threads took: 0.0000112 seconds
[2019-01-25T14:55:14.988+0000][1][safepoint    ] Application time: 0.5006724 seconds
[2019-01-25T14:55:14.993+0000][1][safepoint    ] Total time for which application threads were stopped: 0.0001170 seconds, Stopping threads took: 0.0000204 seconds
[2019-01-25T14:55:14.995+0000][1][safepoint    ] Application time: 0.0010498 seconds
[2019-01-25T14:55:14.995+0000][1][safepoint    ] Total time for which application threads were stopped: 0.0001392 seconds, Stopping threads took: 0.0000160 seconds
[2019-01-25T14:55:15.291+0000][1][safepoint    ] Application time: 0.2951636 seconds
[2019-01-25T14:55:15.292+0000][1][safepoint    ] Total time for which application threads were stopped: 0.0001047 seconds, Stopping threads took: 0.0000138 seconds
[2019-01-25T14:55:16.292+0000][1][safepoint    ] Application time: 1.0001668 seconds
[2019-01-25T14:55:16.294+0000][1][safepoint    ] Total time for which application threads were stopped: 0.0001027 seconds, Stopping threads took: 0.0000217 seconds
[2019-01-25T14:55:17.091+0000][1][safepoint    ] Application time: 0.7968739 seconds
[2019-01-25T14:55:17.092+0000][1][safepoint    ] Total time for which application threads were stopped: 0.0003059 seconds, Stopping threads took: 0.0001621 seconds
[2019-01-25T14:55:17.502+0000][1][safepoint    ] Application time: 0.4075423 seconds
[2019-01-25T14:55:17.502+0000][1][safepoint    ] Total time for which application threads were stopped: 0.0000976 seconds, Stopping threads took: 0.0000152 seconds
[2019-01-25T14:55:17.504+0000][1][safepoint    ] Application time: 0.0013053 seconds
[2019-01-25T14:55:17.506+0000][1][safepoint    ] Total time for which application threads were stopped: 0.0001144 seconds, Stopping threads took: 0.0000174 seconds
[2019-01-25T14:55:18.507+0000][1][safepoint    ] Application time: 1.0001640 seconds
[2019-01-25T14:55:18.507+0000][1][safepoint    ] Total time for which application threads were stopped: 0.0000810 seconds, Stopping threads took: 0.0000163 seconds
[2019-01-25T14:55:19.508+0000][1][safepoint    ] Application time: 1.0001532 seconds
[2019-01-25T14:55:19.509+0000][1][safepoint    ] Total time for which application threads were stopped: 0.0000541 seconds, Stopping threads took: 0.0000133 seconds
[2019-01-25T14:55:20.015+0000][1][safepoint    ] Application time: 0.5030229 seconds
[2019-01-25T14:55:20.021+0000][1][safepoint    ] Total time for which application threads were stopped: 0.0001234 seconds, Stopping threads took: 0.0000182 seconds
[2019-01-25T14:55:20.027+0000][1][safepoint    ] Application time: 0.0015434 seconds
[2019-01-25T14:55:20.034+0000][1][safepoint    ] Total time for which application threads were stopped: 0.0001353 seconds, Stopping threads took: 0.0000191 seconds
[2019-01-25T14:55:21.037+0000][1][safepoint    ] Application time: 1.0001565 seconds
[2019-01-25T14:55:21.038+0000][1][safepoint    ] Total time for which application threads were stopped: 0.0000527 seconds, Stopping threads took: 0.0000132 seconds
[2019-01-25T14:55:22.038+0000][1][safepoint    ] Application time: 1.0003226 seconds
[2019-01-25T14:55:22.040+0000][1][safepoint    ] Total time for which application threads were stopped: 0.0002081 seconds, Stopping threads took: 0.0000419 seconds
[2019-01-25T14:55:22.549+0000][1][safepoint    ] Application time: 0.5073696 seconds
[2019-01-25T14:55:22.550+0000][1][safepoint    ] Total time for which application threads were stopped: 0.0000737 seconds, Stopping threads took: 0.0000123 seconds
[2019-01-25T14:55:22.552+0000][1][safepoint    ] Application time: 0.0014996 seconds
[2019-01-25T14:55:22.553+0000][1][safepoint    ] Total time for which application threads were stopped: 0.0000736 seconds, Stopping threads took: 0.0000120 seconds
[2019-01-25T14:55:23.554+0000][1][safepoint    ] Application time: 1.0003672 seconds
[2019-01-25T14:55:23.555+0000][1][safepoint    ] Total time for which application threads were stopped: 0.0000658 seconds, Stopping threads took: 0.0000198 seconds
[2019-01-25T14:55:24.556+0000][1][safepoint    ] Application time: 1.0001834 seconds
[2019-01-25T14:55:24.557+0000][1][safepoint    ] Total time for which application threads were stopped: 0.0000764 seconds, Stopping threads took: 0.0000301 seconds
[2019-01-25T14:55:25.060+0000][1][safepoint    ] Application time: 0.5026706 seconds
[2019-01-25T14:55:25.061+0000][1][safepoint    ] Total time for which application threads were stopped: 0.0001085 seconds, Stopping threads took: 0.0000163 seconds
[2019-01-25T14:55:25.066+0000][1][safepoint    ] Application time: 0.0014256 seconds
[2019-01-25T14:55:25.071+0000][1][safepoint    ] Total time for which application threads were stopped: 0.0001206 seconds, Stopping threads took: 0.0000164 seconds
[2019-01-25T14:55:26.076+0000][1][safepoint    ] Application time: 1.0001433 seconds
[2019-01-25T14:55:26.077+0000][1][safepoint    ] Total time for which application threads were stopped: 0.0000884 seconds, Stopping threads took: 0.0000190 seconds
[2019-01-25T14:55:27.077+0000][1][safepoint    ] Application time: 1.0001362 seconds
[2019-01-25T14:55:27.078+0000][1][safepoint    ] Total time for which application threads were stopped: 0.0000862 seconds, Stopping threads took: 0.0000162 seconds
[2019-01-25T14:55:27.583+0000][1][safepoint    ] Application time: 0.5049939 seconds
[2019-01-25T14:55:27.584+0000][1][safepoint    ] Total time for which application threads were stopped: 0.0001034 seconds, Stopping threads took: 0.0000273 seconds
[2019-01-25T14:55:27.586+0000][1][safepoint    ] Application time: 0.0015004 seconds
[2019-01-25T14:55:27.590+0000][1][safepoint    ] Total time for which application threads were stopped: 0.0000719 seconds, Stopping threads took: 0.0000114 seconds
[2019-01-25T14:55:28.590+0000][1][safepoint    ] Application time: 1.0001860 seconds
[2019-01-25T14:55:28.591+0000][1][safepoint    ] Total time for which application threads were stopped: 0.0000514 seconds, Stopping threads took: 0.0000119 seconds
[2019-01-25T14:55:29.592+0000][1][safepoint    ] Application time: 1.0001255 seconds
[2019-01-25T14:55:29.592+0000][1][safepoint    ] Total time for which application threads were stopped: 0.0000552 seconds, Stopping threads took: 0.0000129 seconds
[2019-01-25T14:55:30.096+0000][1][safepoint    ] Application time: 0.5034690 seconds
[2019-01-25T14:55:30.104+0000][1][safepoint    ] Total time for which application threads were stopped: 0.0001098 seconds, Stopping threads took: 0.0000178 seconds
[2019-01-25T14:55:30.125+0000][1][safepoint    ] Application time: 0.0014117 seconds
[2019-01-25T14:55:30.137+0000][1][safepoint    ] Total time for which application threads were stopped: 0.0001191 seconds, Stopping threads took: 0.0000178 seconds
[2019-01-25T14:55:31.138+0000][1][safepoint    ] Application time: 1.0001117 seconds
[2019-01-25T14:55:31.139+0000][1][safepoint    ] Total time for which application threads were stopped: 0.0000674 seconds, Stopping threads took: 0.0000157 seconds
[2019-01-25T14:55:32.139+0000][1][safepoint    ] Application time: 1.0001349 seconds
[2019-01-25T14:55:32.140+0000][1][safepoint    ] Total time for which application threads were stopped: 0.0000882 seconds, Stopping threads took: 0.0000132 seconds
[2019-01-25T14:55:32.647+0000][1][safepoint    ] Application time: 0.5067687 seconds
[2019-01-25T14:55:32.648+0000][1][safepoint    ] Total time for which application threads were stopped: 0.0001069 seconds, Stopping threads took: 0.0000179 seconds
[2019-01-25T14:55:32.652+0000][1][safepoint    ] Application time: 0.0019133 seconds
[2019-01-25T14:55:32.654+0000][1][safepoint    ] Total time for which application threads were stopped: 0.0000949 seconds, Stopping threads took: 0.0000128 seconds
[2019-01-25T14:55:33.655+0000][1][safepoint    ] Application time: 1.0001565 seconds
[2019-01-25T14:55:33.655+0000][1][safepoint    ] Total time for which application threads were stopped: 0.0000534 seconds, Stopping threads took: 0.0000132 seconds
[2019-01-25T14:55:34.656+0000][1][safepoint    ] Application time: 1.0001978 seconds
[2019-01-25T14:55:34.657+0000][1][safepoint    ] Total time for which application threads were stopped: 0.0000991 seconds, Stopping threads took: 0.0000179 seconds
[2019-01-25T14:55:35.160+0000][1][safepoint    ] Application time: 0.5022321 seconds
[2019-01-25T14:55:35.160+0000][1][safepoint    ] Total time for which application threads were stopped: 0.0000983 seconds, Stopping threads took: 0.0000156 seconds
[2019-01-25T14:55:35.165+0000][1][safepoint    ] Application time: 0.0036464 seconds
[2019-01-25T14:55:35.165+0000][1][safepoint    ] Total time for which application threads were stopped: 0.0001008 seconds, Stopping threads took: 0.0000155 seconds
[2019-01-25T14:55:36.166+0000][1][safepoint    ] Application time: 1.0003405 seconds
[2019-01-25T14:55:36.168+0000][1][safepoint    ] Total time for which application threads were stopped: 0.0001497 seconds, Stopping threads took: 0.0000345 seconds
[2019-01-25T14:55:37.169+0000][1][safepoint    ] Application time: 1.0001662 seconds
[2019-01-25T14:55:37.170+0000][1][safepoint    ] Total time for which application threads were stopped: 0.0000921 seconds, Stopping threads took: 0.0000318 seconds
[2019-01-25T14:55:37.674+0000][1][safepoint    ] Application time: 0.5039302 seconds
[2019-01-25T14:55:37.674+0000][1][safepoint    ] Total time for which application threads were stopped: 0.0000762 seconds, Stopping threads took: 0.0000123 seconds
[2019-01-25T14:55:37.681+0000][1][safepoint    ] Application time: 0.0057389 seconds
[2019-01-25T14:55:37.681+0000][1][safepoint    ] Total time for which application threads were stopped: 0.0000765 seconds, Stopping threads took: 0.0000122 seconds
[2019-01-25T14:55:38.682+0000][1][safepoint    ] Application time: 1.0004376 seconds
[2019-01-25T14:55:38.683+0000][1][safepoint    ] Total time for which application threads were stopped: 0.0000720 seconds, Stopping threads took: 0.0000174 seconds
[2019-01-25T14:55:39.683+0000][1][safepoint    ] Application time: 1.0001223 seconds
[2019-01-25T14:55:39.684+0000][1][safepoint    ] Total time for which application threads were stopped: 0.0000508 seconds, Stopping threads took: 0.0000125 seconds
[2019-01-25T14:55:40.193+0000][1][safepoint    ] Application time: 0.5089872 seconds
[2019-01-25T14:55:40.194+0000][1][safepoint    ] Total time for which application threads were stopped: 0.0001521 seconds, Stopping threads took: 0.0000461 seconds
[2019-01-25T14:55:40.196+0000][1][safepoint    ] Application time: 0.0015830 seconds
[2019-01-25T14:55:40.197+0000][1][safepoint    ] Total time for which application threads were stopped: 0.0000825 seconds, Stopping threads took: 0.0000128 seconds
[2019-01-25T14:55:41.197+0000][1][safepoint    ] Application time: 1.0001444 seconds
[2019-01-25T14:55:41.198+0000][1][safepoint    ] Total time for which application threads were stopped: 0.0000659 seconds, Stopping threads took: 0.0000155 seconds
[2019-01-25T14:55:42.199+0000][1][safepoint    ] Application time: 1.0001739 seconds
[2019-01-25T14:55:42.199+0000][1][safepoint    ] Total time for which application threads were stopped: 0.0000569 seconds, Stopping threads took: 0.0000143 seconds
[2019-01-25T14:55:42.716+0000][1][safepoint    ] Application time: 0.5160487 seconds
[2019-01-25T14:55:42.723+0000][1][safepoint    ] Total time for which application threads were stopped: 0.0001071 seconds, Stopping threads took: 0.0000173 seconds
[2019-01-25T14:55:42.729+0000][1][safepoint    ] Application time: 0.0023818 seconds
[2019-01-25T14:55:42.732+0000][1][safepoint    ] Total time for which application threads were stopped: 0.0001093 seconds, Stopping threads took: 0.0000196 seconds
[2019-01-25T14:55:43.733+0000][1][safepoint    ] Application time: 1.0001789 seconds
[2019-01-25T14:55:43.734+0000][1][safepoint    ] Total time for which application threads were stopped: 0.0000851 seconds, Stopping threads took: 0.0000166 seconds
[2019-01-25T14:55:44.735+0000][1][safepoint    ] Application time: 1.0002716 seconds
[2019-01-25T14:55:44.736+0000][1][safepoint    ] Total time for which application threads were stopped: 0.0000686 seconds, Stopping threads took: 0.0000132 seconds
[2019-01-25T14:55:45.239+0000][1][safepoint    ] Application time: 0.5029945 seconds
[2019-01-25T14:55:45.239+0000][1][safepoint    ] Total time for which application threads were stopped: 0.0000783 seconds, Stopping threads took: 0.0000123 seconds
[2019-01-25T14:55:45.241+0000][1][safepoint    ] Application time: 0.0010539 seconds
[2019-01-25T14:55:45.242+0000][1][safepoint    ] Total time for which application threads were stopped: 0.0000787 seconds, Stopping threads took: 0.0000124 seconds
[2019-01-25T14:55:45.318+0000][1][safepoint    ] Application time: 0.0755231 seconds
[2019-01-25T14:55:45.318+0000][1][safepoint    ] Total time for which application threads were stopped: 0.0001058 seconds, Stopping threads took: 0.0000108 seconds
[2019-01-25T14:55:46.319+0000][1][safepoint    ] Application time: 1.0003384 seconds
[2019-01-25T14:55:46.321+0000][1][safepoint    ] Total time for which application threads were stopped: 0.0001866 seconds, Stopping threads took: 0.0000388 seconds
[2019-01-25T14:55:47.323+0000][1][safepoint    ] Application time: 1.0002337 seconds
[2019-01-25T14:55:47.324+0000][1][safepoint    ] Total time for which application threads were stopped: 0.0000517 seconds, Stopping threads took: 0.0000124 seconds
[2019-01-25T14:55:47.752+0000][1][safepoint    ] Application time: 0.4277233 seconds
[2019-01-25T14:55:47.753+0000][1][safepoint    ] Total time for which application threads were stopped: 0.0001018 seconds, Stopping threads took: 0.0000169 seconds
[2019-01-25T14:55:47.757+0000][1][safepoint    ] Application time: 0.0036016 seconds
[2019-01-25T14:55:47.758+0000][1][safepoint    ] Total time for which application threads were stopped: 0.0000764 seconds, Stopping threads took: 0.0000124 seconds
[2019-01-25T14:55:48.759+0000][1][safepoint    ] Application time: 1.0002277 seconds
[2019-01-25T14:55:48.760+0000][1][safepoint    ] Total time for which application threads were stopped: 0.0000794 seconds, Stopping threads took: 0.0000125 seconds
[2019-01-25T14:55:49.760+0000][1][safepoint    ] Application time: 1.0001984 seconds
[2019-01-25T14:55:49.761+0000][1][safepoint    ] Total time for which application threads were stopped: 0.0000758 seconds, Stopping threads took: 0.0000181 seconds
[2019-01-25T14:55:50.263+0000][1][safepoint    ] Application time: 0.5016367 seconds
[2019-01-25T14:55:50.264+0000][1][safepoint    ] Total time for which application threads were stopped: 0.0000740 seconds, Stopping threads took: 0.0000127 seconds
[2019-01-25T14:55:50.268+0000][1][safepoint    ] Application time: 0.0013821 seconds
[2019-01-25T14:55:50.269+0000][1][safepoint    ] Total time for which application threads were stopped: 0.0001065 seconds, Stopping threads took: 0.0000169 seconds
[2019-01-25T14:55:51.270+0000][1][safepoint    ] Application time: 1.0001791 seconds
[2019-01-25T14:55:51.271+0000][1][safepoint    ] Total time for which application threads were stopped: 0.0001187 seconds, Stopping threads took: 0.0000202 seconds
[2019-01-25T14:55:52.271+0000][1][safepoint    ] Application time: 1.0003991 seconds
[2019-01-25T14:55:52.274+0000][1][safepoint    ] Total time for which application threads were stopped: 0.0001711 seconds, Stopping threads took: 0.0000387 seconds
[2019-01-25T14:55:52.798+0000][1][safepoint    ] Application time: 0.5225595 seconds
[2019-01-25T14:55:52.801+0000][1][safepoint    ] Total time for which application threads were stopped: 0.0002865 seconds, Stopping threads took: 0.0000385 seconds
[2019-01-25T14:55:52.809+0000][1][safepoint    ] Application time: 0.0066259 seconds
[2019-01-25T14:55:52.810+0000][1][safepoint    ] Total time for which application threads were stopped: 0.0001611 seconds, Stopping threads took: 0.0000193 seconds
[2019-01-25T14:55:53.814+0000][1][safepoint    ] Application time: 1.0025573 seconds
[2019-01-25T14:55:53.817+0000][1][safepoint    ] Total time for which application threads were stopped: 0.0000487 seconds, Stopping threads took: 0.0000113 seconds
[2019-01-25T14:55:54.819+0000][1][safepoint    ] Application time: 1.0003050 seconds
[2019-01-25T14:55:54.821+0000][1][safepoint    ] Total time for which application threads were stopped: 0.0001698 seconds, Stopping threads took: 0.0000416 seconds
[2019-01-25T14:55:55.318+0000][1][safepoint    ] Application time: 0.4956527 seconds
[2019-01-25T14:55:55.320+0000][1][safepoint    ] Total time for which application threads were stopped: 0.0001488 seconds, Stopping threads took: 0.0000637 seconds
[2019-01-25T14:55:55.334+0000][1][safepoint    ] Application time: 0.0132365 seconds
[2019-01-25T14:55:55.335+0000][1][safepoint    ] Total time for which application threads were stopped: 0.0000733 seconds, Stopping threads took: 0.0000116 seconds
[2019-01-25T14:55:56.335+0000][1][safepoint    ] Application time: 1.0001545 seconds
[2019-01-25T14:55:56.336+0000][1][safepoint    ] Total time for which application threads were stopped: 0.0000717 seconds, Stopping threads took: 0.0000138 seconds
[2019-01-25T14:55:57.336+0000][1][safepoint    ] Application time: 1.0001524 seconds
[2019-01-25T14:55:57.338+0000][1][safepoint    ] Total time for which application threads were stopped: 0.0000729 seconds, Stopping threads took: 0.0000162 seconds
[2019-01-25T14:55:57.842+0000][1][safepoint    ] Application time: 0.5031397 seconds
[2019-01-25T14:55:57.844+0000][1][safepoint    ] Total time for which application threads were stopped: 0.0000761 seconds, Stopping threads took: 0.0000126 seconds
[2019-01-25T14:55:57.845+0000][1][safepoint    ] Application time: 0.0009191 seconds
[2019-01-25T14:55:57.846+0000][1][safepoint    ] Total time for which application threads were stopped: 0.0002506 seconds, Stopping threads took: 0.0000122 seconds
[2019-01-25T14:55:58.848+0000][1][safepoint    ] Application time: 1.0009083 seconds
[2019-01-25T14:55:58.848+0000][1][safepoint    ] Total time for which application threads were stopped: 0.0000690 seconds, Stopping threads took: 0.0000152 seconds
[2019-01-25T14:55:59.849+0000][1][safepoint    ] Application time: 1.0001778 seconds
[2019-01-25T14:55:59.856+0000][1][safepoint    ] Total time for which application threads were stopped: 0.0000749 seconds, Stopping threads took: 0.0000167 seconds
[2019-01-25T14:56:00.364+0000][1][safepoint    ] Application time: 0.5036209 seconds
[2019-01-25T14:56:00.367+0000][1][safepoint    ] Total time for which application threads were stopped: 0.0001091 seconds, Stopping threads took: 0.0000174 seconds
[2019-01-25T14:56:00.370+0000][1][safepoint    ] Application time: 0.0023056 seconds
[2019-01-25T14:56:00.377+0000][1][safepoint    ] Total time for which application threads were stopped: 0.0000959 seconds, Stopping threads took: 0.0000157 seconds
[2019-01-25T14:56:01.382+0000][1][safepoint    ] Application time: 1.0018685 seconds
[2019-01-25T14:56:01.383+0000][1][safepoint    ] Total time for which application threads were stopped: 0.0000731 seconds, Stopping threads took: 0.0000173 seconds
[2019-01-25T14:56:02.384+0000][1][safepoint    ] Application time: 1.0001313 seconds
[2019-01-25T14:56:02.385+0000][1][safepoint    ] Total time for which application threads were stopped: 0.0000708 seconds, Stopping threads took: 0.0000163 seconds
[2019-01-25T14:56:02.888+0000][1][safepoint    ] Application time: 0.5018051 seconds
[2019-01-25T14:56:02.889+0000][1][safepoint    ] Total time for which application threads were stopped: 0.0000785 seconds, Stopping threads took: 0.0000140 seconds
[2019-01-25T14:56:02.891+0000][1][safepoint    ] Application time: 0.0012496 seconds
[2019-01-25T14:56:02.893+0000][1][safepoint    ] Total time for which application threads were stopped: 0.0000924 seconds, Stopping threads took: 0.0000153 seconds
[2019-01-25T14:56:03.898+0000][1][safepoint    ] Application time: 1.0037251 seconds
[2019-01-25T14:56:03.898+0000][1][safepoint    ] Total time for which application threads were stopped: 0.0000703 seconds, Stopping threads took: 0.0000156 seconds
[2019-01-25T14:56:04.899+0000][1][safepoint    ] Application time: 1.0002197 seconds
[2019-01-25T14:56:04.902+0000][1][safepoint    ] Total time for which application threads were stopped: 0.0000816 seconds, Stopping threads took: 0.0000200 seconds
[2019-01-25T14:56:05.401+0000][1][safepoint    ] Application time: 0.4987230 seconds
[2019-01-25T14:56:05.403+0000][1][safepoint    ] Total time for which application threads were stopped: 0.0001218 seconds, Stopping threads took: 0.0000194 seconds
[2019-01-25T14:56:05.405+0000][1][safepoint    ] Application time: 0.0015305 seconds
[2019-01-25T14:56:05.406+0000][1][safepoint    ] Total time for which application threads were stopped: 0.0001107 seconds, Stopping threads took: 0.0000180 seconds
[2019-01-25T14:56:06.407+0000][1][safepoint    ] Application time: 1.0001491 seconds
[2019-01-25T14:56:06.408+0000][1][safepoint    ] Total time for which application threads were stopped: 0.0000751 seconds, Stopping threads took: 0.0000173 seconds
[2019-01-25T14:56:07.409+0000][1][safepoint    ] Application time: 1.0001456 seconds
[2019-01-25T14:56:07.409+0000][1][safepoint    ] Total time for which application threads were stopped: 0.0000819 seconds, Stopping threads took: 0.0000166 seconds
[2019-01-25T14:56:07.925+0000][1][safepoint    ] Application time: 0.5147916 seconds
[2019-01-25T14:56:07.926+0000][1][safepoint    ] Total time for which application threads were stopped: 0.0001154 seconds, Stopping threads took: 0.0000179 seconds
[2019-01-25T14:56:07.928+0000][1][safepoint    ] Application time: 0.0014782 seconds
[2019-01-25T14:56:07.930+0000][1][safepoint    ] Total time for which application threads were stopped: 0.0001136 seconds, Stopping threads took: 0.0000162 seconds
[2019-01-25T14:56:08.931+0000][1][safepoint    ] Application time: 1.0001625 seconds
[2019-01-25T14:56:08.932+0000][1][safepoint    ] Total time for which application threads were stopped: 0.0000901 seconds, Stopping threads took: 0.0000153 seconds
[2019-01-25T14:56:09.932+0000][1][safepoint    ] Application time: 1.0001492 seconds
[2019-01-25T14:56:09.971+0000][1][safepoint    ] Total time for which application threads were stopped: 0.0000935 seconds, Stopping threads took: 0.0000374 seconds
[2019-01-25T14:56:10.441+0000][1][safepoint    ] Application time: 0.4460359 seconds
[2019-01-25T14:56:10.449+0000][1][safepoint    ] Total time for which application threads were stopped: 0.0001289 seconds, Stopping threads took: 0.0000188 seconds
[2019-01-25T14:56:10.460+0000][1][safepoint    ] Application time: 0.0013789 seconds
[2019-01-25T14:56:10.462+0000][1][safepoint    ] Total time for which application threads were stopped: 0.0001298 seconds, Stopping threads took: 0.0000487 seconds
[2019-01-25T14:56:11.466+0000][1][safepoint    ] Application time: 1.0001748 seconds
[2019-01-25T14:56:11.473+0000][1][safepoint    ] Total time for which application threads were stopped: 0.0000718 seconds, Stopping threads took: 0.0000180 seconds
[2019-01-25T14:56:12.481+0000][1][safepoint    ] Application time: 1.0068173 seconds
[2019-01-25T14:56:12.482+0000][1][safepoint    ] Total time for which application threads were stopped: 0.0000716 seconds, Stopping threads took: 0.0000157 seconds
[2019-01-25T14:56:12.973+0000][1][safepoint    ] Application time: 0.4912461 seconds
[2019-01-25T14:56:12.982+0000][1][safepoint    ] Total time for which application threads were stopped: 0.0000995 seconds, Stopping threads took: 0.0000157 seconds
[2019-01-25T14:56:12.996+0000][1][safepoint    ] Application time: 0.0013015 seconds
[2019-01-25T14:56:12.998+0000][1][safepoint    ] Total time for which application threads were stopped: 0.0000986 seconds, Stopping threads took: 0.0000157 seconds
[2019-01-25T14:56:14.004+0000][1][safepoint    ] Application time: 1.0004448 seconds
[2019-01-25T14:56:14.007+0000][1][safepoint    ] Total time for which application threads were stopped: 0.0000861 seconds, Stopping threads took: 0.0000179 seconds
[2019-01-25T14:56:15.007+0000][1][safepoint    ] Application time: 1.0001717 seconds
[2019-01-25T14:56:15.008+0000][1][safepoint    ] Total time for which application threads were stopped: 0.0000770 seconds, Stopping threads took: 0.0000162 seconds
[2019-01-25T14:56:15.515+0000][1][safepoint    ] Application time: 0.5069261 seconds
[2019-01-25T14:56:15.539+0000][1][safepoint    ] Total time for which application threads were stopped: 0.0001190 seconds, Stopping threads took: 0.0000173 seconds
[2019-01-25T14:56:15.594+0000][1][safepoint    ] Application time: 0.0013424 seconds
[2019-01-25T14:56:15.613+0000][1][safepoint    ] Total time for which application threads were stopped: 0.0001373 seconds, Stopping threads took: 0.0000185 seconds
[2019-01-25T14:56:15.908+0000][1][safepoint    ] Application time: 0.2946309 seconds
[2019-01-25T14:56:15.915+0000][1][safepoint    ] Total time for which application threads were stopped: 0.0001056 seconds, Stopping threads took: 0.0000170 seconds
[2019-01-25T14:56:15.915+0000][1][safepoint    ] Application time: 0.0001246 seconds
[2019-01-25T14:56:15.916+0000][1][safepoint    ] Total time for which application threads were stopped: 0.0001329 seconds, Stopping threads took: 0.0000188 seconds
[2019-01-25T14:56:15.921+0000][1][safepoint    ] Application time: 0.0001323 seconds
[2019-01-25T14:56:15.924+0000][1][safepoint    ] Total time for which application threads were stopped: 0.0001041 seconds, Stopping threads took: 0.0000191 seconds
[2019-01-25T14:56:15.925+0000][1][safepoint    ] Application time: 0.0002530 seconds
[2019-01-25T14:56:15.934+0000][1][safepoint    ] Total time for which application threads were stopped: 0.0001129 seconds, Stopping threads took: 0.0000176 seconds
[2019-01-25T14:56:16.942+0000][1][safepoint    ] Application time: 1.0030158 seconds
[2019-01-25T14:56:16.943+0000][1][safepoint    ] Total time for which application threads were stopped: 0.0000811 seconds, Stopping threads took: 0.0000168 seconds
[2019-01-25T14:56:17.943+0000][1][safepoint    ] Application time: 1.0001323 seconds
[2019-01-25T14:56:17.944+0000][1][safepoint    ] Total time for which application threads were stopped: 0.0000751 seconds, Stopping threads took: 0.0000175 seconds
[2019-01-25T14:56:18.162+0000][1][safepoint    ] Application time: 0.2168767 seconds
[2019-01-25T14:56:18.167+0000][1][safepoint    ] Total time for which application threads were stopped: 0.0001165 seconds, Stopping threads took: 0.0000173 seconds
[2019-01-25T14:56:18.178+0000][1][safepoint    ] Application time: 0.0078416 seconds
[2019-01-25T14:56:18.183+0000][1][safepoint    ] Total time for which application threads were stopped: 0.0037283 seconds, Stopping threads took: 0.0000165 seconds
[2019-01-25T14:56:19.185+0000][1][safepoint    ] Application time: 1.0001745 seconds
[2019-01-25T14:56:19.188+0000][1][safepoint    ] Total time for which application threads were stopped: 0.0000880 seconds, Stopping threads took: 0.0000183 seconds
[2019-01-25T14:56:20.192+0000][1][safepoint    ] Application time: 1.0001650 seconds
[2019-01-25T14:56:20.198+0000][1][safepoint    ] Total time for which application threads were stopped: 0.0000895 seconds, Stopping threads took: 0.0000247 seconds
[2019-01-25T14:56:20.698+0000][1][safepoint    ] Application time: 0.4963762 seconds
[2019-01-25T14:56:20.707+0000][1][safepoint    ] Total time for which application threads were stopped: 0.0001223 seconds, Stopping threads took: 0.0000175 seconds
[2019-01-25T14:56:20.712+0000][1][safepoint    ] Application time: 0.0016079 seconds
[2019-01-25T14:56:20.716+0000][1][safepoint    ] Total time for which application threads were stopped: 0.0001432 seconds, Stopping threads took: 0.0000213 seconds
[2019-01-25T14:56:21.733+0000][1][safepoint    ] Application time: 1.0057400 seconds
[2019-01-25T14:56:21.801+0000][1][safepoint    ] Total time for which application threads were stopped: 0.0000902 seconds, Stopping threads took: 0.0000181 seconds
[2019-01-25T14:56:22.841+0000][1][safepoint    ] Application time: 1.0001399 seconds
[2019-01-25T14:56:22.957+0000][1][safepoint    ] Total time for which application threads were stopped: 0.0000818 seconds, Stopping threads took: 0.0000173 seconds
[2019-01-25T14:56:24.067+0000][1][safepoint    ] Application time: 1.0001581 seconds
[2019-01-25T14:56:24.124+0000][1][safepoint    ] Total time for which application threads were stopped: 0.0000695 seconds, Stopping threads took: 0.0000176 seconds
[2019-01-25T14:56:25.159+0000][1][safepoint    ] Application time: 1.0001631 seconds
[2019-01-25T14:56:25.166+0000][1][safepoint    ] Total time for which application threads were stopped: 0.0000836 seconds, Stopping threads took: 0.0000183 seconds
[2019-01-25T14:56:25.762+0000][1][safepoint    ] Application time: 0.5938198 seconds
[2019-01-25T14:56:25.774+0000][1][safepoint    ] Total time for which application threads were stopped: 0.0009675 seconds, Stopping threads took: 0.0000166 seconds
[2019-01-25T14:56:25.775+0000][1][safepoint    ] Application time: 0.0007557 seconds
[2019-01-25T14:56:25.780+0000][1][safepoint    ] Total time for which application threads were stopped: 0.0035923 seconds, Stopping threads took: 0.0000167 seconds
[2019-01-25T14:56:25.888+0000][1][safepoint    ] Application time: 0.1049269 seconds
[2019-01-25T14:56:25.897+0000][1][safepoint    ] Total time for which application threads were stopped: 0.0002497 seconds, Stopping threads took: 0.0000176 seconds
[2019-01-25T14:56:25.911+0000][1][safepoint    ] Application time: 0.0115533 seconds
[2019-01-25T14:56:25.918+0000][1][safepoint    ] Total time for which application threads were stopped: 0.0001080 seconds, Stopping threads took: 0.0000151 seconds
[2019-01-25T14:56:26.931+0000][1][safepoint    ] Application time: 1.0002274 seconds
[2019-01-25T14:56:26.932+0000][1][safepoint    ] Total time for which application threads were stopped: 0.0000806 seconds, Stopping threads took: 0.0000125 seconds
[2019-01-25T14:56:27.933+0000][1][safepoint    ] Application time: 1.0001961 seconds
[2019-01-25T14:56:27.933+0000][1][safepoint    ] Total time for which application threads were stopped: 0.0000853 seconds, Stopping threads took: 0.0000155 seconds
[2019-01-25T14:56:28.442+0000][1][safepoint    ] Application time: 0.5060549 seconds
[2019-01-25T14:56:28.443+0000][1][safepoint    ] Total time for which application threads were stopped: 0.0000884 seconds, Stopping threads took: 0.0000120 seconds
[2019-01-25T14:56:28.445+0000][1][safepoint    ] Application time: 0.0023596 seconds
[2019-01-25T14:56:28.446+0000][1][safepoint    ] Total time for which application threads were stopped: 0.0001108 seconds, Stopping threads took: 0.0000155 seconds
[2019-01-25T14:56:29.447+0000][1][safepoint    ] Application time: 1.0002242 seconds
[2019-01-25T14:56:29.447+0000][1][safepoint    ] Total time for which application threads were stopped: 0.0001057 seconds, Stopping threads took: 0.0000200 seconds
[2019-01-25T14:56:30.448+0000][1][safepoint    ] Application time: 1.0001396 seconds
[2019-01-25T14:56:30.449+0000][1][safepoint    ] Total time for which application threads were stopped: 0.0000733 seconds, Stopping threads took: 0.0000160 seconds
[2019-01-25T14:56:30.952+0000][1][safepoint    ] Application time: 0.5032841 seconds
[2019-01-25T14:56:30.954+0000][1][safepoint    ] Total time for which application threads were stopped: 0.0000786 seconds, Stopping threads took: 0.0000132 seconds
[2019-01-25T14:56:30.955+0000][1][safepoint    ] Application time: 0.0011853 seconds
[2019-01-25T14:56:30.956+0000][1][safepoint    ] Total time for which application threads were stopped: 0.0000777 seconds, Stopping threads took: 0.0000127 seconds
[2019-01-25T14:56:31.957+0000][1][safepoint    ] Application time: 1.0001706 seconds
[2019-01-25T14:56:31.957+0000][1][safepoint    ] Total time for which application threads were stopped: 0.0000812 seconds, Stopping threads took: 0.0000159 seconds
[2019-01-25T14:56:32.958+0000][1][safepoint    ] Application time: 1.0001736 seconds
[2019-01-25T14:56:32.958+0000][1][safepoint    ] Total time for which application threads were stopped: 0.0000702 seconds, Stopping threads took: 0.0000167 seconds
[2019-01-25T14:56:33.464+0000][1][safepoint    ] Application time: 0.5053301 seconds
[2019-01-25T14:56:33.465+0000][1][safepoint    ] Total time for which application threads were stopped: 0.0001048 seconds, Stopping threads took: 0.0000174 seconds
[2019-01-25T14:56:33.473+0000][1][safepoint    ] Application time: 0.0083759 seconds
[2019-01-25T14:56:33.474+0000][1][safepoint    ] Total time for which application threads were stopped: 0.0000793 seconds, Stopping threads took: 0.0000129 seconds
[2019-01-25T14:56:34.475+0000][1][safepoint    ] Application time: 1.0001590 seconds
[2019-01-25T14:56:34.477+0000][1][safepoint    ] Total time for which application threads were stopped: 0.0000525 seconds, Stopping threads took: 0.0000131 seconds
[2019-01-25T14:56:35.477+0000][1][safepoint    ] Application time: 1.0001438 seconds
[2019-01-25T14:56:35.478+0000][1][safepoint    ] Total time for which application threads were stopped: 0.0000760 seconds, Stopping threads took: 0.0000183 seconds
[2019-01-25T14:56:35.980+0000][1][safepoint    ] Application time: 0.5014738 seconds
[2019-01-25T14:56:35.981+0000][1][safepoint    ] Total time for which application threads were stopped: 0.0001120 seconds, Stopping threads took: 0.0000128 seconds
[2019-01-25T14:56:35.983+0000][1][safepoint    ] Application time: 0.0015575 seconds
[2019-01-25T14:56:35.983+0000][1][safepoint    ] Total time for which application threads were stopped: 0.0001194 seconds, Stopping threads took: 0.0000178 seconds
[2019-01-25T14:56:36.984+0000][1][safepoint    ] Application time: 1.0002320 seconds
[2019-01-25T14:56:36.985+0000][1][safepoint    ] Total time for which application threads were stopped: 0.0000542 seconds, Stopping threads took: 0.0000130 seconds
[2019-01-25T14:56:37.986+0000][1][safepoint    ] Application time: 1.0001800 seconds
[2019-01-25T14:56:37.986+0000][1][safepoint    ] Total time for which application threads were stopped: 0.0000495 seconds, Stopping threads took: 0.0000127 seconds
[2019-01-25T14:56:38.500+0000][1][safepoint    ] Application time: 0.5137375 seconds
[2019-01-25T14:56:38.501+0000][1][safepoint    ] Total time for which application threads were stopped: 0.0000808 seconds, Stopping threads took: 0.0000117 seconds
[2019-01-25T14:56:38.505+0000][1][safepoint    ] Application time: 0.0013864 seconds
[2019-01-25T14:56:38.505+0000][1][safepoint    ] Total time for which application threads were stopped: 0.0001004 seconds, Stopping threads took: 0.0000161 seconds
[2019-01-25T14:56:39.506+0000][1][safepoint    ] Application time: 1.0003124 seconds
[2019-01-25T14:56:39.507+0000][1][safepoint    ] Total time for which application threads were stopped: 0.0000855 seconds, Stopping threads took: 0.0000216 seconds
[2019-01-25T14:56:40.508+0000][1][safepoint    ] Application time: 1.0001526 seconds
[2019-01-25T14:56:40.508+0000][1][safepoint    ] Total time for which application threads were stopped: 0.0000744 seconds, Stopping threads took: 0.0000329 seconds
[2019-01-25T14:56:41.018+0000][1][safepoint    ] Application time: 0.5090646 seconds
[2019-01-25T14:56:41.019+0000][1][safepoint    ] Total time for which application threads were stopped: 0.0001277 seconds, Stopping threads took: 0.0000187 seconds
[2019-01-25T14:56:41.022+0000][1][safepoint    ] Application time: 0.0030018 seconds
[2019-01-25T14:56:41.023+0000][1][safepoint    ] Total time for which application threads were stopped: 0.0000958 seconds, Stopping threads took: 0.0000180 seconds
[2019-01-25T14:56:42.024+0000][1][safepoint    ] Application time: 1.0001127 seconds
[2019-01-25T14:56:42.025+0000][1][safepoint    ] Total time for which application threads were stopped: 0.0000686 seconds, Stopping threads took: 0.0000159 seconds
[2019-01-25T14:56:43.025+0000][1][safepoint    ] Application time: 1.0004097 seconds
[2019-01-25T14:56:43.027+0000][1][safepoint    ] Total time for which application threads were stopped: 0.0001211 seconds, Stopping threads took: 0.0000279 seconds
[2019-01-25T14:56:43.533+0000][1][safepoint    ] Application time: 0.5050774 seconds
[2019-01-25T14:56:43.534+0000][1][safepoint    ] Total time for which application threads were stopped: 0.0001169 seconds, Stopping threads took: 0.0000195 seconds
[2019-01-25T14:56:43.536+0000][1][safepoint    ] Application time: 0.0018560 seconds
[2019-01-25T14:56:43.538+0000][1][safepoint    ] Total time for which application threads were stopped: 0.0000773 seconds, Stopping threads took: 0.0000132 seconds
[2019-01-25T14:56:44.540+0000][1][safepoint    ] Application time: 1.0001541 seconds
[2019-01-25T14:56:44.547+0000][1][safepoint    ] Total time for which application threads were stopped: 0.0000554 seconds, Stopping threads took: 0.0000129 seconds
[2019-01-25T14:56:45.326+0000][1][safepoint    ] Application time: 0.7785566 seconds
[2019-01-25T14:56:45.328+0000][1][safepoint    ] Total time for which application threads were stopped: 0.0003285 seconds, Stopping threads took: 0.0000515 seconds
[2019-01-25T14:56:46.044+0000][1][safepoint    ] Application time: 0.7143752 seconds
[2019-01-25T14:56:46.045+0000][1][safepoint    ] Total time for which application threads were stopped: 0.0000964 seconds, Stopping threads took: 0.0000123 seconds
[2019-01-25T14:56:46.048+0000][1][safepoint    ] Application time: 0.0020800 seconds
[2019-01-25T14:56:46.048+0000][1][safepoint    ] Total time for which application threads were stopped: 0.0002930 seconds, Stopping threads took: 0.0000866 seconds
[2019-01-25T14:56:47.049+0000][1][safepoint    ] Application time: 1.0001032 seconds
[2019-01-25T14:56:47.050+0000][1][safepoint    ] Total time for which application threads were stopped: 0.0000616 seconds, Stopping threads took: 0.0000185 seconds
[2019-01-25T14:56:48.050+0000][1][safepoint    ] Application time: 1.0001319 seconds
[2019-01-25T14:56:48.051+0000][1][safepoint    ] Total time for which application threads were stopped: 0.0000935 seconds, Stopping threads took: 0.0000173 seconds
[2019-01-25T14:56:48.560+0000][1][safepoint    ] Application time: 0.5090080 seconds
[2019-01-25T14:56:48.561+0000][1][safepoint    ] Total time for which application threads were stopped: 0.0001639 seconds, Stopping threads took: 0.0000154 seconds
[2019-01-25T14:56:48.564+0000][1][safepoint    ] Application time: 0.0018611 seconds
[2019-01-25T14:56:48.565+0000][1][safepoint    ] Total time for which application threads were stopped: 0.0003184 seconds, Stopping threads took: 0.0000163 seconds
[2019-01-25T14:56:49.566+0000][1][safepoint    ] Application time: 1.0003938 seconds
[2019-01-25T14:56:49.567+0000][1][safepoint    ] Total time for which application threads were stopped: 0.0001078 seconds, Stopping threads took: 0.0000266 seconds
[2019-01-25T14:56:50.568+0000][1][safepoint    ] Application time: 1.0001570 seconds
[2019-01-25T14:56:50.569+0000][1][safepoint    ] Total time for which application threads were stopped: 0.0000549 seconds, Stopping threads took: 0.0000134 seconds
[2019-01-25T14:56:51.071+0000][1][safepoint    ] Application time: 0.5019813 seconds
[2019-01-25T14:56:51.072+0000][1][safepoint    ] Total time for which application threads were stopped: 0.0000827 seconds, Stopping threads took: 0.0000126 seconds
[2019-01-25T14:56:51.074+0000][1][safepoint    ] Application time: 0.0016824 seconds
[2019-01-25T14:56:51.075+0000][1][safepoint    ] Total time for which application threads were stopped: 0.0000960 seconds, Stopping threads took: 0.0000129 seconds
[2019-01-25T14:56:52.076+0000][1][safepoint    ] Application time: 1.0002060 seconds
[2019-01-25T14:56:52.078+0000][1][safepoint    ] Total time for which application threads were stopped: 0.0000561 seconds, Stopping threads took: 0.0000137 seconds
[2019-01-25T14:56:53.082+0000][1][safepoint    ] Application time: 1.0001591 seconds
[2019-01-25T14:56:53.082+0000][1][safepoint    ] Total time for which application threads were stopped: 0.0000893 seconds, Stopping threads took: 0.0000187 seconds
[2019-01-25T14:56:53.589+0000][1][safepoint    ] Application time: 0.5066633 seconds
[2019-01-25T14:56:53.590+0000][1][safepoint    ] Total time for which application threads were stopped: 0.0001671 seconds, Stopping threads took: 0.0000230 seconds
[2019-01-25T14:56:53.596+0000][1][safepoint    ] Application time: 0.0046694 seconds
[2019-01-25T14:56:53.596+0000][1][safepoint    ] Total time for which application threads were stopped: 0.0001122 seconds, Stopping threads took: 0.0000188 seconds
[2019-01-25T14:56:54.597+0000][1][safepoint    ] Application time: 1.0002284 seconds
[2019-01-25T14:56:54.598+0000][1][safepoint    ] Total time for which application threads were stopped: 0.0000512 seconds, Stopping threads took: 0.0000128 seconds
[2019-01-25T14:56:55.598+0000][1][safepoint    ] Application time: 1.0002404 seconds
[2019-01-25T14:56:55.599+0000][1][safepoint    ] Total time for which application threads were stopped: 0.0000588 seconds, Stopping threads took: 0.0000149 seconds
[2019-01-25T14:56:56.109+0000][1][safepoint    ] Application time: 0.5087253 seconds
[2019-01-25T14:56:56.109+0000][1][safepoint    ] Total time for which application threads were stopped: 0.0000768 seconds, Stopping threads took: 0.0000135 seconds
[2019-01-25T14:56:56.112+0000][1][safepoint    ] Application time: 0.0028139 seconds
[2019-01-25T14:56:56.113+0000][1][safepoint    ] Total time for which application threads were stopped: 0.0000915 seconds, Stopping threads took: 0.0000144 seconds
[2019-01-25T14:56:57.114+0000][1][safepoint    ] Application time: 1.0001827 seconds
[2019-01-25T14:56:57.114+0000][1][safepoint    ] Total time for which application threads were stopped: 0.0000507 seconds, Stopping threads took: 0.0000124 seconds
[2019-01-25T14:56:58.115+0000][1][safepoint    ] Application time: 1.0001855 seconds
[2019-01-25T14:56:58.116+0000][1][safepoint    ] Total time for which application threads were stopped: 0.0001201 seconds, Stopping threads took: 0.0000231 seconds
[2019-01-25T14:56:58.622+0000][1][safepoint    ] Application time: 0.5052939 seconds
[2019-01-25T14:56:58.622+0000][1][safepoint    ] Total time for which application threads were stopped: 0.0001070 seconds, Stopping threads took: 0.0000161 seconds
[2019-01-25T14:56:58.625+0000][1][safepoint    ] Application time: 0.0016115 seconds
[2019-01-25T14:56:58.625+0000][1][safepoint    ] Total time for which application threads were stopped: 0.0001066 seconds, Stopping threads took: 0.0000151 seconds
[2019-01-25T14:56:59.630+0000][1][safepoint    ] Application time: 1.0001564 seconds
[2019-01-25T14:56:59.630+0000][1][safepoint    ] Total time for which application threads were stopped: 0.0000762 seconds, Stopping threads took: 0.0000204 seconds
[2019-01-25T14:57:00.631+0000][1][safepoint    ] Application time: 1.0001488 seconds
[2019-01-25T14:57:00.632+0000][1][safepoint    ] Total time for which application threads were stopped: 0.0000914 seconds, Stopping threads took: 0.0000166 seconds
[2019-01-25T14:57:01.136+0000][1][safepoint    ] Application time: 0.5036778 seconds
[2019-01-25T14:57:01.136+0000][1][safepoint    ] Total time for which application threads were stopped: 0.0001010 seconds, Stopping threads took: 0.0000157 seconds
[2019-01-25T14:57:01.144+0000][1][safepoint    ] Application time: 0.0071393 seconds
[2019-01-25T14:57:01.145+0000][1][safepoint    ] Total time for which application threads were stopped: 0.0000738 seconds, Stopping threads took: 0.0000123 seconds
[2019-01-25T14:57:02.145+0000][1][safepoint    ] Application time: 1.0001567 seconds
[2019-01-25T14:57:02.146+0000][1][safepoint    ] Total time for which application threads were stopped: 0.0000870 seconds, Stopping threads took: 0.0000202 seconds
[2019-01-25T14:57:03.146+0000][1][safepoint    ] Application time: 1.0001081 seconds
[2019-01-25T14:57:03.147+0000][1][safepoint    ] Total time for which application threads were stopped: 0.0000705 seconds, Stopping threads took: 0.0000160 seconds
[2019-01-25T14:57:03.652+0000][1][safepoint    ] Application time: 0.5045243 seconds
[2019-01-25T14:57:03.652+0000][1][safepoint    ] Total time for which application threads were stopped: 0.0000964 seconds, Stopping threads took: 0.0000159 seconds
[2019-01-25T14:57:03.657+0000][1][safepoint    ] Application time: 0.0041556 seconds
[2019-01-25T14:57:03.660+0000][1][safepoint    ] Total time for which application threads were stopped: 0.0001037 seconds, Stopping threads took: 0.0000173 seconds
[2019-01-25T14:57:04.660+0000][1][safepoint    ] Application time: 1.0001407 seconds
[2019-01-25T14:57:04.661+0000][1][safepoint    ] Total time for which application threads were stopped: 0.0000541 seconds, Stopping threads took: 0.0000147 seconds
[2019-01-25T14:57:05.661+0000][1][safepoint    ] Application time: 1.0001751 seconds
[2019-01-25T14:57:05.662+0000][1][safepoint    ] Total time for which application threads were stopped: 0.0001027 seconds, Stopping threads took: 0.0000190 seconds
[2019-01-25T14:57:05.912+0000][1][safepoint    ] Application time: 0.2492609 seconds
[2019-01-25T14:57:05.914+0000][1][safepoint    ] Total time for which application threads were stopped: 0.0014004 seconds, Stopping threads took: 0.0012784 seconds
[2019-01-25T14:57:05.915+0000][1][safepoint    ] Application time: 0.0001408 seconds
[2019-01-25T14:57:05.916+0000][1][safepoint    ] Total time for which application threads were stopped: 0.0004872 seconds, Stopping threads took: 0.0003513 seconds
[2019-01-25T14:57:05.917+0000][1][safepoint    ] Application time: 0.0001761 seconds
[2019-01-25T14:57:05.918+0000][1][safepoint    ] Total time for which application threads were stopped: 0.0001925 seconds, Stopping threads took: 0.0000137 seconds
[2019-01-25T14:57:05.918+0000][1][safepoint    ] Application time: 0.0004461 seconds
[2019-01-25T14:57:05.919+0000][1][safepoint    ] Total time for which application threads were stopped: 0.0001835 seconds, Stopping threads took: 0.0000127 seconds
[2019-01-25T14:57:05.925+0000][1][safepoint    ] Application time: 0.0054305 seconds
[2019-01-25T14:57:05.926+0000][1][safepoint    ] Total time for which application threads were stopped: 0.0003255 seconds, Stopping threads took: 0.0000115 seconds
[2019-01-25T14:57:05.946+0000][1][safepoint    ] Application time: 0.0202620 seconds
[2019-01-25T14:57:05.950+0000][1][safepoint    ] Total time for which application threads were stopped: 0.0014343 seconds, Stopping threads took: 0.0000157 seconds
[2019-01-25T14:57:05.962+0000][1][safepoint    ] Application time: 0.0086967 seconds
[2019-01-25T14:57:05.975+0000][1][safepoint    ] Total time for which application threads were stopped: 0.0053135 seconds, Stopping threads took: 0.0049592 seconds
[2019-01-25T14:57:06.171+0000][1][safepoint    ] Application time: 0.1950924 seconds
[2019-01-25T14:57:06.171+0000][1][safepoint    ] Total time for which application threads were stopped: 0.0000722 seconds, Stopping threads took: 0.0000112 seconds
[2019-01-25T14:57:06.182+0000][1][safepoint    ] Application time: 0.0099427 seconds
[2019-01-25T14:57:06.187+0000][1][safepoint    ] Total time for which application threads were stopped: 0.0000850 seconds, Stopping threads took: 0.0000124 seconds
[2019-01-25T14:57:07.188+0000][1][safepoint    ] Application time: 1.0001518 seconds
[2019-01-25T14:57:07.189+0000][1][safepoint    ] Total time for which application threads were stopped: 0.0000776 seconds, Stopping threads took: 0.0000165 seconds
[2019-01-25T14:57:08.056+0000][1][safepoint    ] Application time: 0.8672739 seconds
[2019-01-25T14:57:08.058+0000][1][safepoint    ] Total time for which application threads were stopped: 0.0002320 seconds, Stopping threads took: 0.0000439 seconds
[2019-01-25T14:57:08.058+0000][1][safepoint    ] Application time: 0.0001096 seconds
[2019-01-25T14:57:08.059+0000][1][safepoint    ] Total time for which application threads were stopped: 0.0000841 seconds, Stopping threads took: 0.0000111 seconds
[2019-01-25T14:57:08.059+0000][1][safepoint    ] Application time: 0.0003580 seconds
[2019-01-25T14:57:08.060+0000][1][safepoint    ] Total time for which application threads were stopped: 0.0000835 seconds, Stopping threads took: 0.0000103 seconds
[2019-01-25T14:57:08.695+0000][1][safepoint    ] Application time: 0.6345229 seconds
[2019-01-25T14:57:08.697+0000][1][safepoint    ] Total time for which application threads were stopped: 0.0002732 seconds, Stopping threads took: 0.0000148 seconds
[2019-01-25T14:57:08.709+0000][1][safepoint    ] Application time: 0.0102935 seconds
[2019-01-25T14:57:08.710+0000][1][safepoint    ] Total time for which application threads were stopped: 0.0004145 seconds, Stopping threads took: 0.0000166 seconds
[2019-01-25T14:57:09.711+0000][1][safepoint    ] Application time: 1.0002068 seconds
[2019-01-25T14:57:09.712+0000][1][safepoint    ] Total time for which application threads were stopped: 0.0001430 seconds, Stopping threads took: 0.0000905 seconds
[2019-01-25T14:57:10.713+0000][1][safepoint    ] Application time: 1.0001716 seconds
[2019-01-25T14:57:10.713+0000][1][safepoint    ] Total time for which application threads were stopped: 0.0000836 seconds, Stopping threads took: 0.0000374 seconds
[2019-01-25T14:57:11.510+0000][1][safepoint    ] Application time: 0.7959618 seconds
[2019-01-25T14:57:11.513+0000][1][safepoint    ] Total time for which application threads were stopped: 0.0001859 seconds, Stopping threads took: 0.0000187 seconds
[2019-01-25T14:57:11.514+0000][1][safepoint    ] Application time: 0.0008355 seconds
[2019-01-25T14:57:11.515+0000][1][safepoint    ] Total time for which application threads were stopped: 0.0001369 seconds, Stopping threads took: 0.0000147 seconds
[2019-01-25T14:57:11.516+0000][1][safepoint    ] Application time: 0.0001984 seconds
[2019-01-25T14:57:11.516+0000][1][safepoint    ] Total time for which application threads were stopped: 0.0001168 seconds, Stopping threads took: 0.0000179 seconds
[2019-01-25T14:57:12.517+0000][1][safepoint    ] Application time: 1.0005023 seconds
[2019-01-25T14:57:12.518+0000][1][safepoint    ] Total time for which application threads were stopped: 0.0000714 seconds, Stopping threads took: 0.0000151 seconds
[2019-01-25T14:57:13.381+0000][1][safepoint    ] Application time: 0.8625635 seconds
[2019-01-25T14:57:13.385+0000][1][safepoint    ] Total time for which application threads were stopped: 0.0000990 seconds, Stopping threads took: 0.0000136 seconds
[2019-01-25T14:57:13.385+0000][1][safepoint    ] Application time: 0.0001344 seconds
[2019-01-25T14:57:13.386+0000][1][safepoint    ] Total time for which application threads were stopped: 0.0000638 seconds, Stopping threads took: 0.0000115 seconds
[2019-01-25T14:57:13.386+0000][1][safepoint    ] Application time: 0.0001360 seconds
[2019-01-25T14:57:13.387+0000][1][safepoint    ] Total time for which application threads were stopped: 0.0000660 seconds, Stopping threads took: 0.0000126 seconds
[2019-01-25T14:57:13.388+0000][1][safepoint    ] Application time: 0.0009383 seconds
[2019-01-25T14:57:13.388+0000][1][safepoint    ] Total time for which application threads were stopped: 0.0000714 seconds, Stopping threads took: 0.0000154 seconds
[2019-01-25T14:57:14.389+0000][1][safepoint    ] Application time: 1.0001573 seconds
[2019-01-25T14:57:14.390+0000][1][safepoint    ] Total time for which application threads were stopped: 0.0000650 seconds, Stopping threads took: 0.0000125 seconds
[2019-01-25T14:57:15.390+0000][1][safepoint    ] Application time: 1.0001302 seconds
[2019-01-25T14:57:15.391+0000][1][safepoint    ] Total time for which application threads were stopped: 0.0000857 seconds, Stopping threads took: 0.0000163 seconds
[2019-01-25T14:57:16.392+0000][1][safepoint    ] Application time: 1.0001580 seconds
[2019-01-25T14:57:16.400+0000][1][safepoint    ] Total time for which application threads were stopped: 0.0000940 seconds, Stopping threads took: 0.0000179 seconds
[2019-01-25T14:57:17.402+0000][1][safepoint    ] Application time: 1.0001936 seconds
[2019-01-25T14:57:17.403+0000][1][safepoint    ] Total time for which application threads were stopped: 0.0000552 seconds, Stopping threads took: 0.0000143 seconds
[2019-01-25T14:57:18.320+0000][1][safepoint    ] Application time: 0.9157467 seconds
[2019-01-25T14:57:18.321+0000][1][safepoint    ] Total time for which application threads were stopped: 0.0004750 seconds, Stopping threads took: 0.0002704 seconds
[2019-01-25T14:57:18.325+0000][1][safepoint    ] Application time: 0.0001056 seconds
[2019-01-25T14:57:18.325+0000][1][safepoint    ] Total time for which application threads were stopped: 0.0000781 seconds, Stopping threads took: 0.0000120 seconds
[2019-01-25T14:57:18.326+0000][1][safepoint    ] Application time: 0.0003795 seconds
[2019-01-25T14:57:18.328+0000][1][safepoint    ] Total time for which application threads were stopped: 0.0001556 seconds, Stopping threads took: 0.0000248 seconds
[2019-01-25T14:57:18.330+0000][1][safepoint    ] Application time: 0.0009830 seconds
[2019-01-25T14:57:18.330+0000][1][safepoint    ] Total time for which application threads were stopped: 0.0000557 seconds, Stopping threads took: 0.0000120 seconds
[2019-01-25T14:57:18.399+0000][1][safepoint    ] Application time: 0.0678262 seconds
[2019-01-25T14:57:18.399+0000][1][safepoint    ] Total time for which application threads were stopped: 0.0000749 seconds, Stopping threads took: 0.0000099 seconds
[2019-01-25T14:57:18.415+0000][1][safepoint    ] Application time: 0.0155121 seconds
[2019-01-25T14:57:18.416+0000][1][safepoint    ] Total time for which application threads were stopped: 0.0000567 seconds, Stopping threads took: 0.0000102 seconds
[2019-01-25T14:57:18.416+0000][1][safepoint    ] Application time: 0.0000678 seconds
[2019-01-25T14:57:18.417+0000][1][safepoint    ] Total time for which application threads were stopped: 0.0000806 seconds, Stopping threads took: 0.0000100 seconds
[2019-01-25T14:57:18.417+0000][1][safepoint    ] Application time: 0.0000647 seconds
[2019-01-25T14:57:18.417+0000][1][safepoint    ] Total time for which application threads were stopped: 0.0000603 seconds, Stopping threads took: 0.0000118 seconds
[2019-01-25T14:57:18.418+0000][1][safepoint    ] Application time: 0.0001923 seconds
[2019-01-25T14:57:18.418+0000][1][safepoint    ] Total time for which application threads were stopped: 0.0000558 seconds, Stopping threads took: 0.0000109 seconds
[2019-01-25T14:57:18.420+0000][1][safepoint    ] Application time: 0.0007517 seconds
[2019-01-25T14:57:18.420+0000][1][safepoint    ] Total time for which application threads were stopped: 0.0000555 seconds, Stopping threads took: 0.0000109 seconds
[2019-01-25T14:57:18.422+0000][1][safepoint    ] Application time: 0.0003753 seconds
[2019-01-25T14:57:18.423+0000][1][safepoint    ] Total time for which application threads were stopped: 0.0002611 seconds, Stopping threads took: 0.0000258 seconds
[2019-01-25T14:57:18.467+0000][1][safepoint    ] Application time: 0.0419624 seconds
[2019-01-25T14:57:18.468+0000][1][safepoint    ] Total time for which application threads were stopped: 0.0000551 seconds, Stopping threads took: 0.0000117 seconds
[2019-01-25T14:57:18.486+0000][1][safepoint    ] Application time: 0.0180905 seconds
[2019-01-25T14:57:18.492+0000][1][safepoint    ] Total time for which application threads were stopped: 0.0000827 seconds, Stopping threads took: 0.0000157 seconds
[2019-01-25T14:57:18.525+0000][1][safepoint    ] Application time: 0.0318878 seconds
[2019-01-25T14:57:18.525+0000][1][safepoint    ] Total time for which application threads were stopped: 0.0002546 seconds, Stopping threads took: 0.0000119 seconds
[2019-01-25T14:57:18.526+0000][1][safepoint    ] Application time: 0.0003677 seconds
[2019-01-25T14:57:18.527+0000][1][safepoint    ] Total time for which application threads were stopped: 0.0000894 seconds, Stopping threads took: 0.0000123 seconds
[2019-01-25T14:57:18.530+0000][1][safepoint    ] Application time: 0.0023794 seconds
[2019-01-25T14:57:18.533+0000][1][safepoint    ] Total time for which application threads were stopped: 0.0020223 seconds, Stopping threads took: 0.0019467 seconds
[2019-01-25T14:57:18.533+0000][1][safepoint    ] Application time: 0.0001906 seconds
[2019-01-25T14:57:18.535+0000][1][safepoint    ] Total time for which application threads were stopped: 0.0000862 seconds, Stopping threads took: 0.0000136 seconds
[2019-01-25T14:57:18.535+0000][1][safepoint    ] Application time: 0.0002436 seconds
[2019-01-25T14:57:18.536+0000][1][safepoint    ] Total time for which application threads were stopped: 0.0000863 seconds, Stopping threads took: 0.0000269 seconds
[2019-01-25T14:57:18.536+0000][1][safepoint    ] Application time: 0.0001324 seconds
[2019-01-25T14:57:18.537+0000][1][safepoint    ] Total time for which application threads were stopped: 0.0001168 seconds, Stopping threads took: 0.0000569 seconds
[2019-01-25T14:57:18.538+0000][1][safepoint    ] Application time: 0.0003211 seconds
[2019-01-25T14:57:18.538+0000][1][safepoint    ] Total time for which application threads were stopped: 0.0000688 seconds, Stopping threads took: 0.0000119 seconds
[2019-01-25T14:57:18.539+0000][1][safepoint    ] Application time: 0.0001707 seconds
[2019-01-25T14:57:18.540+0000][1][safepoint    ] Total time for which application threads were stopped: 0.0000672 seconds, Stopping threads took: 0.0000102 seconds
[2019-01-25T14:57:18.540+0000][1][safepoint    ] Application time: 0.0001590 seconds
[2019-01-25T14:57:18.541+0000][1][safepoint    ] Total time for which application threads were stopped: 0.0000766 seconds, Stopping threads took: 0.0000107 seconds
[2019-01-25T14:57:18.541+0000][1][safepoint    ] Application time: 0.0001552 seconds
[2019-01-25T14:57:18.542+0000][1][safepoint    ] Total time for which application threads were stopped: 0.0000602 seconds, Stopping threads took: 0.0000095 seconds
[2019-01-25T14:57:18.543+0000][1][safepoint    ] Application time: 0.0003461 seconds
[2019-01-25T14:57:18.543+0000][1][safepoint    ] Total time for which application threads were stopped: 0.0000801 seconds, Stopping threads took: 0.0000104 seconds
[2019-01-25T14:57:18.544+0000][1][safepoint    ] Application time: 0.0001640 seconds
[2019-01-25T14:57:18.544+0000][1][safepoint    ] Total time for which application threads were stopped: 0.0000734 seconds, Stopping threads took: 0.0000097 seconds
[2019-01-25T14:57:18.545+0000][1][safepoint    ] Application time: 0.0001435 seconds
[2019-01-25T14:57:18.545+0000][1][safepoint    ] Total time for which application threads were stopped: 0.0000783 seconds, Stopping threads took: 0.0000107 seconds
[2019-01-25T14:57:18.546+0000][1][safepoint    ] Application time: 0.0000887 seconds
[2019-01-25T14:57:18.547+0000][1][safepoint    ] Total time for which application threads were stopped: 0.0000930 seconds, Stopping threads took: 0.0000247 seconds
[2019-01-25T14:57:18.547+0000][1][safepoint    ] Application time: 0.0002165 seconds
[2019-01-25T14:57:18.548+0000][1][safepoint    ] Total time for which application threads were stopped: 0.0000770 seconds, Stopping threads took: 0.0000089 seconds
[2019-01-25T14:57:18.549+0000][1][safepoint    ] Application time: 0.0004548 seconds
[2019-01-25T14:57:18.549+0000][1][safepoint    ] Total time for which application threads were stopped: 0.0000663 seconds, Stopping threads took: 0.0000119 seconds
[2019-01-25T14:57:18.550+0000][1][safepoint    ] Application time: 0.0001729 seconds
[2019-01-25T14:57:18.551+0000][1][safepoint    ] Total time for which application threads were stopped: 0.0000634 seconds, Stopping threads took: 0.0000101 seconds
[2019-01-25T14:57:18.551+0000][1][safepoint    ] Application time: 0.0001389 seconds
[2019-01-25T14:57:18.552+0000][1][safepoint    ] Total time for which application threads were stopped: 0.0000746 seconds, Stopping threads took: 0.0000102 seconds
[2019-01-25T14:57:18.552+0000][1][safepoint    ] Application time: 0.0001269 seconds
[2019-01-25T14:57:18.553+0000][1][safepoint    ] Total time for which application threads were stopped: 0.0000691 seconds, Stopping threads took: 0.0000085 seconds
[2019-01-25T14:57:18.553+0000][1][safepoint    ] Application time: 0.0004090 seconds
[2019-01-25T14:57:18.554+0000][1][safepoint    ] Total time for which application threads were stopped: 0.0000762 seconds, Stopping threads took: 0.0000246 seconds
[2019-01-25T14:57:18.554+0000][1][safepoint    ] Application time: 0.0001454 seconds
[2019-01-25T14:57:18.555+0000][1][safepoint    ] Total time for which application threads were stopped: 0.0000717 seconds, Stopping threads took: 0.0000094 seconds
[2019-01-25T14:57:18.555+0000][1][safepoint    ] Application time: 0.0001766 seconds
[2019-01-25T14:57:18.556+0000][1][safepoint    ] Total time for which application threads were stopped: 0.0000575 seconds, Stopping threads took: 0.0000093 seconds
[2019-01-25T14:57:18.556+0000][1][safepoint    ] Application time: 0.0002840 seconds
[2019-01-25T14:57:18.557+0000][1][safepoint    ] Total time for which application threads were stopped: 0.0000908 seconds, Stopping threads took: 0.0000110 seconds
[2019-01-25T14:57:18.558+0000][1][safepoint    ] Application time: 0.0001697 seconds
[2019-01-25T14:57:18.558+0000][1][safepoint    ] Total time for which application threads were stopped: 0.0000743 seconds, Stopping threads took: 0.0000235 seconds
[2019-01-25T14:57:18.559+0000][1][safepoint    ] Application time: 0.0003152 seconds
[2019-01-25T14:57:18.560+0000][1][safepoint    ] Total time for which application threads were stopped: 0.0000668 seconds, Stopping threads took: 0.0000109 seconds
[2019-01-25T14:57:18.560+0000][1][safepoint    ] Application time: 0.0002523 seconds
[2019-01-25T14:57:18.561+0000][1][safepoint    ] Total time for which application threads were stopped: 0.0000637 seconds, Stopping threads took: 0.0000072 seconds
[2019-01-25T14:57:18.561+0000][1][safepoint    ] Application time: 0.0002331 seconds
[2019-01-25T14:57:18.561+0000][1][safepoint    ] Total time for which application threads were stopped: 0.0000533 seconds, Stopping threads took: 0.0000069 seconds
[2019-01-25T14:57:18.562+0000][1][safepoint    ] Application time: 0.0001115 seconds
[2019-01-25T14:57:18.562+0000][1][safepoint    ] Total time for which application threads were stopped: 0.0000639 seconds, Stopping threads took: 0.0000070 seconds
[2019-01-25T14:57:18.563+0000][1][safepoint    ] Application time: 0.0000794 seconds
[2019-01-25T14:57:18.563+0000][1][safepoint    ] Total time for which application threads were stopped: 0.0000654 seconds, Stopping threads took: 0.0000072 seconds
[2019-01-25T14:57:18.563+0000][1][safepoint    ] Application time: 0.0001394 seconds
[2019-01-25T14:57:18.564+0000][1][safepoint    ] Total time for which application threads were stopped: 0.0000687 seconds, Stopping threads took: 0.0000080 seconds
[2019-01-25T14:57:18.564+0000][1][safepoint    ] Application time: 0.0000903 seconds
[2019-01-25T14:57:18.564+0000][1][safepoint    ] Total time for which application threads were stopped: 0.0000621 seconds, Stopping threads took: 0.0000071 seconds
[2019-01-25T14:57:18.565+0000][1][safepoint    ] Application time: 0.0000922 seconds
[2019-01-25T14:57:18.565+0000][1][safepoint    ] Total time for which application threads were stopped: 0.0000579 seconds, Stopping threads took: 0.0000091 seconds
[2019-01-25T14:57:18.566+0000][1][safepoint    ] Application time: 0.0000864 seconds
[2019-01-25T14:57:18.566+0000][1][safepoint    ] Total time for which application threads were stopped: 0.0000603 seconds, Stopping threads took: 0.0000095 seconds
[2019-01-25T14:57:18.566+0000][1][safepoint    ] Application time: 0.0000808 seconds
[2019-01-25T14:57:18.567+0000][1][safepoint    ] Total time for which application threads were stopped: 0.0000725 seconds, Stopping threads took: 0.0000081 seconds
[2019-01-25T14:57:18.567+0000][1][safepoint    ] Application time: 0.0001134 seconds
[2019-01-25T14:57:18.568+0000][1][safepoint    ] Total time for which application threads were stopped: 0.0000514 seconds, Stopping threads took: 0.0000078 seconds
[2019-01-25T14:57:18.568+0000][1][safepoint    ] Application time: 0.0002616 seconds
[2019-01-25T14:57:18.569+0000][1][safepoint    ] Total time for which application threads were stopped: 0.0000718 seconds, Stopping threads took: 0.0000087 seconds
[2019-01-25T14:57:18.569+0000][1][safepoint    ] Application time: 0.0001129 seconds
[2019-01-25T14:57:18.569+0000][1][safepoint    ] Total time for which application threads were stopped: 0.0000653 seconds, Stopping threads took: 0.0000071 seconds
[2019-01-25T14:57:18.570+0000][1][safepoint    ] Application time: 0.0000932 seconds
[2019-01-25T14:57:18.570+0000][1][safepoint    ] Total time for which application threads were stopped: 0.0000540 seconds, Stopping threads took: 0.0000103 seconds
[2019-01-25T14:57:18.571+0000][1][safepoint    ] Application time: 0.0001148 seconds
[2019-01-25T14:57:18.571+0000][1][safepoint    ] Total time for which application threads were stopped: 0.0002882 seconds, Stopping threads took: 0.0000100 seconds
[2019-01-25T14:57:18.652+0000][1][safepoint    ] Application time: 0.0801671 seconds
[2019-01-25T14:57:18.653+0000][1][safepoint    ] Total time for which application threads were stopped: 0.0001418 seconds, Stopping threads took: 0.0000116 seconds
[2019-01-25T14:57:18.659+0000][1][safepoint    ] Application time: 0.0001190 seconds
[2019-01-25T14:57:18.660+0000][1][safepoint    ] Total time for which application threads were stopped: 0.0000711 seconds, Stopping threads took: 0.0000112 seconds
[2019-01-25T14:57:18.748+0000][1][safepoint    ] Application time: 0.0839015 seconds
[2019-01-25T14:57:18.751+0000][1][safepoint    ] Total time for which application threads were stopped: 0.0001423 seconds, Stopping threads took: 0.0000357 seconds
[2019-01-25T14:57:18.752+0000][1][safepoint    ] Application time: 0.0002435 seconds
[2019-01-25T14:57:18.752+0000][1][safepoint    ] Total time for which application threads were stopped: 0.0000936 seconds, Stopping threads took: 0.0000227 seconds
[2019-01-25T14:57:18.823+0000][1][safepoint    ] Application time: 0.0707814 seconds
[2019-01-25T14:57:18.825+0000][1][safepoint    ] Total time for which application threads were stopped: 0.0001094 seconds, Stopping threads took: 0.0000334 seconds
[2019-01-25T14:57:18.827+0000][1][safepoint    ] Application time: 0.0000594 seconds
[2019-01-25T14:57:18.828+0000][1][safepoint    ] Total time for which application threads were stopped: 0.0000861 seconds, Stopping threads took: 0.0000209 seconds
[2019-01-25T14:57:18.871+0000][1][safepoint    ] Application time: 0.0425217 seconds
[2019-01-25T14:57:18.875+0000][1][safepoint    ] Total time for which application threads were stopped: 0.0008935 seconds, Stopping threads took: 0.0007615 seconds
[2019-01-25T14:57:18.878+0000][1][safepoint    ] Application time: 0.0027140 seconds
[2019-01-25T14:57:18.889+0000][1][safepoint    ] Total time for which application threads were stopped: 0.0004581 seconds, Stopping threads took: 0.0000215 seconds
[2019-01-25T14:57:18.925+0000][1][safepoint    ] Application time: 0.0348015 seconds
[2019-01-25T14:57:18.927+0000][1][safepoint    ] Total time for which application threads were stopped: 0.0008649 seconds, Stopping threads took: 0.0000141 seconds
[2019-01-25T14:57:18.931+0000][1][safepoint    ] Application time: 0.0003952 seconds
[2019-01-25T14:57:18.932+0000][1][safepoint    ] Total time for which application threads were stopped: 0.0002292 seconds, Stopping threads took: 0.0001094 seconds
[2019-01-25T14:57:18.952+0000][1][safepoint    ] Application time: 0.0194369 seconds
[2019-01-25T14:57:18.954+0000][1][safepoint    ] Total time for which application threads were stopped: 0.0006219 seconds, Stopping threads took: 0.0005320 seconds
[2019-01-25T14:57:18.965+0000][1][safepoint    ] Application time: 0.0108892 seconds
[2019-01-25T14:57:18.968+0000][1][safepoint    ] Total time for which application threads were stopped: 0.0001430 seconds, Stopping threads took: 0.0000189 seconds
[2019-01-25T14:57:18.970+0000][1][safepoint    ] Application time: 0.0005980 seconds
[2019-01-25T14:57:18.979+0000][1][safepoint    ] Total time for which application threads were stopped: 0.0068604 seconds, Stopping threads took: 0.0067776 seconds
[2019-01-25T14:57:19.010+0000][1][safepoint    ] Application time: 0.0287129 seconds
[2019-01-25T14:57:19.011+0000][1][safepoint    ] Total time for which application threads were stopped: 0.0003135 seconds, Stopping threads took: 0.0001944 seconds
[2019-01-25T14:57:19.058+0000][1][safepoint    ] Application time: 0.0470552 seconds
[2019-01-25T14:57:19.064+0000][1][safepoint    ] Total time for which application threads were stopped: 0.0018721 seconds, Stopping threads took: 0.0016986 seconds
[2019-01-25T14:57:19.066+0000][1][safepoint    ] Application time: 0.0007011 seconds
[2019-01-25T14:57:19.069+0000][1][safepoint    ] Total time for which application threads were stopped: 0.0001345 seconds, Stopping threads took: 0.0000305 seconds
[2019-01-25T14:57:19.074+0000][1][safepoint    ] Application time: 0.0038842 seconds
[2019-01-25T14:57:19.075+0000][1][safepoint    ] Total time for which application threads were stopped: 0.0001523 seconds, Stopping threads took: 0.0000169 seconds
[2019-01-25T14:57:19.085+0000][1][safepoint    ] Application time: 0.0056562 seconds
[2019-01-25T14:57:19.086+0000][1][safepoint    ] Total time for which application threads were stopped: 0.0002129 seconds, Stopping threads took: 0.0000771 seconds
[2019-01-25T14:57:19.116+0000][1][safepoint    ] Application time: 0.0282979 seconds
[2019-01-25T14:57:19.117+0000][1][safepoint    ] Total time for which application threads were stopped: 0.0001810 seconds, Stopping threads took: 0.0000969 seconds
[2019-01-25T14:57:19.118+0000][1][safepoint    ] Application time: 0.0006865 seconds
[2019-01-25T14:57:19.120+0000][1][safepoint    ] Total time for which application threads were stopped: 0.0003873 seconds, Stopping threads took: 0.0000136 seconds
[2019-01-25T14:57:19.125+0000][1][safepoint    ] Application time: 0.0027733 seconds
[2019-01-25T14:57:19.129+0000][1][gc,start     ] GC(26) Pause Young (Allocation Failure)
[2019-01-25T14:57:19.130+0000][1][gc,task      ] GC(26) Using 2 workers of 2 for evacuation
[2019-01-25T14:57:19.137+0000][1][gc,age       ] GC(26) Desired survivor size 4456448 bytes, new threshold 6 (max threshold 6)
[2019-01-25T14:57:19.137+0000][1][gc,age       ] GC(26) Age table with threshold 6 (max threshold 6)
[2019-01-25T14:57:19.138+0000][1][gc,age       ] GC(26) - age   1:    1068272 bytes,    1068272 total
[2019-01-25T14:57:19.138+0000][1][gc,age       ] GC(26) - age   2:       1592 bytes,    1069864 total
[2019-01-25T14:57:19.139+0000][1][gc,age       ] GC(26) - age   3:       7336 bytes,    1077200 total
[2019-01-25T14:57:19.139+0000][1][gc,age       ] GC(26) - age   4:       7016 bytes,    1084216 total
[2019-01-25T14:57:19.139+0000][1][gc,age       ] GC(26) - age   5:       1592 bytes,    1085808 total
[2019-01-25T14:57:19.139+0000][1][gc,age       ] GC(26) - age   6:       7496 bytes,    1093304 total
[2019-01-25T14:57:19.140+0000][1][gc,heap      ] GC(26) ParNew: 70064K->1083K(78656K)
[2019-01-25T14:57:19.140+0000][1][gc,heap      ] GC(26) CMS: 83402K->83431K(174784K)
[2019-01-25T14:57:19.140+0000][1][gc,metaspace ] GC(26) Metaspace: 67005K->67005K(1110016K)
[2019-01-25T14:57:19.140+0000][1][gc           ] GC(26) Pause Young (Allocation Failure) 149M->82M(247M) 11.709ms
[2019-01-25T14:57:19.140+0000][1][gc,cpu       ] GC(26) User=0.02s Sys=0.00s Real=0.01s
[2019-01-25T14:57:19.141+0000][1][safepoint    ] Total time for which application threads were stopped: 0.0123053 seconds, Stopping threads took: 0.0000172 seconds
[2019-01-25T14:57:19.202+0000][1][safepoint    ] Application time: 0.0609486 seconds
[2019-01-25T14:57:19.207+0000][1][safepoint    ] Total time for which application threads were stopped: 0.0039163 seconds, Stopping threads took: 0.0037528 seconds
[2019-01-25T14:57:19.232+0000][1][safepoint    ] Application time: 0.0241882 seconds
[2019-01-25T14:57:19.254+0000][1][safepoint    ] Total time for which application threads were stopped: 0.0200995 seconds, Stopping threads took: 0.0193136 seconds
[2019-01-25T14:57:19.407+0000][1][safepoint    ] Application time: 0.1527691 seconds
[2019-01-25T14:57:19.411+0000][1][safepoint    ] Total time for which application threads were stopped: 0.0027815 seconds, Stopping threads took: 0.0026810 seconds
[2019-01-25T14:57:19.411+0000][1][safepoint    ] Application time: 0.0001479 seconds
[2019-01-25T14:57:19.412+0000][1][safepoint    ] Total time for which application threads were stopped: 0.0001443 seconds, Stopping threads took: 0.0000140 seconds
[2019-01-25T14:57:19.562+0000][1][safepoint    ] Application time: 0.1440127 seconds
[2019-01-25T14:57:19.568+0000][1][safepoint    ] Total time for which application threads were stopped: 0.0001857 seconds, Stopping threads took: 0.0000534 seconds
[2019-01-25T14:57:19.575+0000][1][safepoint    ] Application time: 0.0021971 seconds
[2019-01-25T14:57:19.579+0000][1][safepoint    ] Total time for which application threads were stopped: 0.0001259 seconds, Stopping threads took: 0.0000166 seconds
[2019-01-25T14:57:19.580+0000][1][safepoint    ] Application time: 0.0000862 seconds
[2019-01-25T14:57:19.584+0000][1][safepoint    ] Total time for which application threads were stopped: 0.0006305 seconds, Stopping threads took: 0.0004745 seconds
[2019-01-25T14:57:19.633+0000][1][safepoint    ] Application time: 0.0491791 seconds
[2019-01-25T14:57:19.638+0000][1][safepoint    ] Total time for which application threads were stopped: 0.0035173 seconds, Stopping threads took: 0.0033252 seconds
[2019-01-25T14:57:19.728+0000][1][safepoint    ] Application time: 0.0893827 seconds
[2019-01-25T14:57:19.729+0000][1][safepoint    ] Total time for which application threads were stopped: 0.0001244 seconds, Stopping threads took: 0.0000130 seconds
[2019-01-25T14:57:20.196+0000][1][safepoint    ] Application time: 0.4663545 seconds
[2019-01-25T14:57:20.197+0000][1][safepoint    ] Total time for which application threads were stopped: 0.0006857 seconds, Stopping threads took: 0.0000119 seconds
[2019-01-25T14:57:20.199+0000][1][safepoint    ] Application time: 0.0015772 seconds
[2019-01-25T14:57:20.203+0000][1][safepoint    ] Total time for which application threads were stopped: 0.0024055 seconds, Stopping threads took: 0.0022177 seconds
[2019-01-25T14:57:20.206+0000][1][safepoint    ] Application time: 0.0009467 seconds
[2019-01-25T14:57:20.207+0000][1][safepoint    ] Total time for which application threads were stopped: 0.0000719 seconds, Stopping threads took: 0.0000111 seconds
[2019-01-25T14:57:20.208+0000][1][safepoint    ] Application time: 0.0004649 seconds
[2019-01-25T14:57:20.216+0000][1][safepoint    ] Total time for which application threads were stopped: 0.0060774 seconds, Stopping threads took: 0.0058071 seconds
[2019-01-25T14:57:20.216+0000][1][safepoint    ] Application time: 0.0003132 seconds
[2019-01-25T14:57:20.217+0000][1][safepoint    ] Total time for which application threads were stopped: 0.0001159 seconds, Stopping threads took: 0.0000567 seconds
[2019-01-25T14:57:20.224+0000][1][safepoint    ] Application time: 0.0059834 seconds
[2019-01-25T14:57:20.225+0000][1][safepoint    ] Total time for which application threads were stopped: 0.0000980 seconds, Stopping threads took: 0.0000327 seconds
[2019-01-25T14:57:20.232+0000][1][safepoint    ] Application time: 0.0066108 seconds
[2019-01-25T14:57:20.233+0000][1][safepoint    ] Total time for which application threads were stopped: 0.0013853 seconds, Stopping threads took: 0.0012945 seconds
[2019-01-25T14:57:20.242+0000][1][safepoint    ] Application time: 0.0075299 seconds
[2019-01-25T14:57:20.243+0000][1][safepoint    ] Total time for which application threads were stopped: 0.0001033 seconds, Stopping threads took: 0.0000248 seconds
[2019-01-25T14:57:20.246+0000][1][safepoint    ] Application time: 0.0027527 seconds
[2019-01-25T14:57:20.247+0000][1][safepoint    ] Total time for which application threads were stopped: 0.0000628 seconds, Stopping threads took: 0.0000106 seconds
[2019-01-25T14:57:20.248+0000][1][safepoint    ] Application time: 0.0004036 seconds
[2019-01-25T14:57:20.248+0000][1][safepoint    ] Total time for which application threads were stopped: 0.0000592 seconds, Stopping threads took: 0.0000094 seconds
[2019-01-25T14:57:20.250+0000][1][safepoint    ] Application time: 0.0015109 seconds
[2019-01-25T14:57:20.250+0000][1][safepoint    ] Total time for which application threads were stopped: 0.0000658 seconds, Stopping threads took: 0.0000113 seconds
[2019-01-25T14:57:20.320+0000][1][safepoint    ] Application time: 0.0683937 seconds
[2019-01-25T14:57:20.321+0000][1][safepoint    ] Total time for which application threads were stopped: 0.0000759 seconds, Stopping threads took: 0.0000124 seconds
[2019-01-25T14:57:20.591+0000][1][safepoint    ] Application time: 0.2686840 seconds
[2019-01-25T14:57:20.593+0000][1][safepoint    ] Total time for which application threads were stopped: 0.0001359 seconds, Stopping threads took: 0.0000152 seconds
[2019-01-25T14:57:20.594+0000][1][safepoint    ] Application time: 0.0003590 seconds
[2019-01-25T14:57:20.595+0000][1][safepoint    ] Total time for which application threads were stopped: 0.0000748 seconds, Stopping threads took: 0.0000127 seconds
[2019-01-25T14:57:20.597+0000][1][safepoint    ] Application time: 0.0004274 seconds
[2019-01-25T14:57:20.598+0000][1][safepoint    ] Total time for which application threads were stopped: 0.0000732 seconds, Stopping threads took: 0.0000143 seconds
[2019-01-25T14:57:20.599+0000][1][safepoint    ] Application time: 0.0000709 seconds
[2019-01-25T14:57:20.607+0000][1][safepoint    ] Total time for which application threads were stopped: 0.0001096 seconds, Stopping threads took: 0.0000173 seconds
[2019-01-25T14:57:20.608+0000][1][safepoint    ] Application time: 0.0001896 seconds
[2019-01-25T14:57:20.614+0000][1][safepoint    ] Total time for which application threads were stopped: 0.0003119 seconds, Stopping threads took: 0.0000132 seconds
[2019-01-25T14:57:20.615+0000][1][safepoint    ] Application time: 0.0004067 seconds
[2019-01-25T14:57:20.615+0000][1][safepoint    ] Total time for which application threads were stopped: 0.0000681 seconds, Stopping threads took: 0.0000120 seconds
[2019-01-25T14:57:20.617+0000][1][safepoint    ] Application time: 0.0001428 seconds
[2019-01-25T14:57:20.618+0000][1][safepoint    ] Total time for which application threads were stopped: 0.0003580 seconds, Stopping threads took: 0.0000157 seconds
[2019-01-25T14:57:20.620+0000][1][safepoint    ] Application time: 0.0004072 seconds
[2019-01-25T14:57:20.622+0000][1][safepoint    ] Total time for which application threads were stopped: 0.0001683 seconds, Stopping threads took: 0.0000455 seconds
[2019-01-25T14:57:20.765+0000][1][safepoint    ] Application time: 0.1419987 seconds
[2019-01-25T14:57:20.766+0000][1][safepoint    ] Total time for which application threads were stopped: 0.0001169 seconds, Stopping threads took: 0.0000151 seconds
[2019-01-25T14:57:21.624+0000][1][safepoint    ] Application time: 0.8574989 seconds
[2019-01-25T14:57:21.625+0000][1][safepoint    ] Total time for which application threads were stopped: 0.0001916 seconds, Stopping threads took: 0.0000130 seconds
[2019-01-25T14:57:21.625+0000][1][safepoint    ] Application time: 0.0000777 seconds
[2019-01-25T14:57:21.626+0000][1][safepoint    ] Total time for which application threads were stopped: 0.0000706 seconds, Stopping threads took: 0.0000129 seconds
[2019-01-25T14:57:22.707+0000][1][safepoint    ] Application time: 1.0808664 seconds
[2019-01-25T14:57:22.708+0000][1][safepoint    ] Total time for which application threads were stopped: 0.0001120 seconds, Stopping threads took: 0.0000160 seconds
[2019-01-25T14:57:22.709+0000][1][safepoint    ] Application time: 0.0004049 seconds
[2019-01-25T14:57:22.710+0000][1][safepoint    ] Total time for which application threads were stopped: 0.0001325 seconds, Stopping threads took: 0.0000318 seconds
[2019-01-25T14:57:22.710+0000][1][safepoint    ] Application time: 0.0002003 seconds
[2019-01-25T14:57:22.711+0000][1][safepoint    ] Total time for which application threads were stopped: 0.0001027 seconds, Stopping threads took: 0.0000168 seconds
[2019-01-25T14:57:22.712+0000][1][safepoint    ] Application time: 0.0003310 seconds
[2019-01-25T14:57:22.712+0000][1][safepoint    ] Total time for which application threads were stopped: 0.0000989 seconds, Stopping threads took: 0.0000178 seconds
[2019-01-25T14:57:22.713+0000][1][safepoint    ] Application time: 0.0003042 seconds
[2019-01-25T14:57:22.714+0000][1][safepoint    ] Total time for which application threads were stopped: 0.0000953 seconds, Stopping threads took: 0.0000182 seconds
[2019-01-25T14:57:24.715+0000][1][safepoint    ] Application time: 2.0002964 seconds
[2019-01-25T14:57:24.716+0000][1][safepoint    ] Total time for which application threads were stopped: 0.0000871 seconds, Stopping threads took: 0.0000136 seconds
[2019-01-25T14:57:26.716+0000][1][safepoint    ] Application time: 2.0003166 seconds
[2019-01-25T14:57:26.717+0000][1][safepoint    ] Total time for which application threads were stopped: 0.0000649 seconds, Stopping threads took: 0.0000129 seconds
[2019-01-25T14:57:27.220+0000][1][safepoint    ] Application time: 0.5030594 seconds
[2019-01-25T14:57:27.223+0000][1][safepoint    ] Total time for which application threads were stopped: 0.0011820 seconds, Stopping threads took: 0.0000175 seconds
[2019-01-25T14:57:27.223+0000][1][safepoint    ] Application time: 0.0001144 seconds
[2019-01-25T14:57:27.224+0000][1][safepoint    ] Total time for which application threads were stopped: 0.0000983 seconds, Stopping threads took: 0.0000162 seconds
[2019-01-25T14:57:27.234+0000][1][safepoint    ] Application time: 0.0087738 seconds
[2019-01-25T14:57:27.236+0000][1][safepoint    ] Total time for which application threads were stopped: 0.0001066 seconds, Stopping threads took: 0.0000174 seconds
[2019-01-25T14:57:28.237+0000][1][safepoint    ] Application time: 1.0001992 seconds
[2019-01-25T14:57:28.237+0000][1][safepoint    ] Total time for which application threads were stopped: 0.0000651 seconds, Stopping threads took: 0.0000128 seconds
[2019-01-25T14:57:29.238+0000][1][safepoint    ] Application time: 1.0002027 seconds
[2019-01-25T14:57:29.239+0000][1][safepoint    ] Total time for which application threads were stopped: 0.0000970 seconds, Stopping threads took: 0.0000191 seconds
[2019-01-25T14:57:34.241+0000][1][safepoint    ] Application time: 5.0007113 seconds
[2019-01-25T14:57:34.241+0000][1][safepoint    ] Total time for which application threads were stopped: 0.0001195 seconds, Stopping threads took: 0.0000169 seconds
[2019-01-25T14:57:37.242+0000][1][safepoint    ] Application time: 3.0004549 seconds
[2019-01-25T14:57:37.243+0000][1][safepoint    ] Total time for which application threads were stopped: 0.0001109 seconds, Stopping threads took: 0.0000227 seconds
[2019-01-25T14:57:38.244+0000][1][safepoint    ] Application time: 1.0001287 seconds
[2019-01-25T14:57:38.244+0000][1][safepoint    ] Total time for which application threads were stopped: 0.0000629 seconds, Stopping threads took: 0.0000133 seconds
[2019-01-25T14:57:39.246+0000][1][safepoint    ] Application time: 1.0013799 seconds
[2019-01-25T14:57:39.248+0000][1][safepoint    ] Total time for which application threads were stopped: 0.0001288 seconds, Stopping threads took: 0.0000232 seconds
[2019-01-25T14:57:40.250+0000][1][safepoint    ] Application time: 1.0001584 seconds
[2019-01-25T14:57:40.250+0000][1][safepoint    ] Total time for which application threads were stopped: 0.0000590 seconds, Stopping threads took: 0.0000125 seconds
[2019-01-25T14:57:42.251+0000][1][safepoint    ] Application time: 2.0005303 seconds
[2019-01-25T14:57:42.252+0000][1][safepoint    ] Total time for which application threads were stopped: 0.0001467 seconds, Stopping threads took: 0.0000373 seconds
[2019-01-25T14:57:46.253+0000][1][safepoint    ] Application time: 4.0005532 seconds
[2019-01-25T14:57:46.253+0000][1][safepoint    ] Total time for which application threads were stopped: 0.0000639 seconds, Stopping threads took: 0.0000143 seconds
[2019-01-25T14:57:47.654+0000][1][safepoint    ] Application time: 1.3996454 seconds
[2019-01-25T14:57:47.655+0000][1][safepoint    ] Total time for which application threads were stopped: 0.0000886 seconds, Stopping threads took: 0.0000162 seconds
[2019-01-25T14:57:48.577+0000][1][safepoint    ] Application time: 0.9224174 seconds
[2019-01-25T14:57:48.578+0000][1][safepoint    ] Total time for which application threads were stopped: 0.0000870 seconds, Stopping threads took: 0.0000147 seconds
[2019-01-25T14:57:48.632+0000][1][safepoint    ] Application time: 0.0532144 seconds
[2019-01-25T14:57:48.633+0000][1][safepoint    ] Total time for which application threads were stopped: 0.0001233 seconds, Stopping threads took: 0.0000161 seconds
[2019-01-25T14:57:48.633+0000][1][safepoint    ] Application time: 0.0001941 seconds
[2019-01-25T14:57:48.634+0000][1][safepoint    ] Total time for which application threads were stopped: 0.0001010 seconds, Stopping threads took: 0.0000173 seconds
[2019-01-25T14:57:48.635+0000][1][safepoint    ] Application time: 0.0002086 seconds
[2019-01-25T14:57:48.635+0000][1][safepoint    ] Total time for which application threads were stopped: 0.0000954 seconds, Stopping threads took: 0.0000168 seconds
[2019-01-25T14:57:48.636+0000][1][safepoint    ] Application time: 0.0001937 seconds
[2019-01-25T14:57:48.637+0000][1][safepoint    ] Total time for which application threads were stopped: 0.0001192 seconds, Stopping threads took: 0.0000333 seconds
[2019-01-25T14:57:48.639+0000][1][safepoint    ] Application time: 0.0002047 seconds
[2019-01-25T14:57:48.640+0000][1][safepoint    ] Total time for which application threads were stopped: 0.0001095 seconds, Stopping threads took: 0.0000193 seconds
[2019-01-25T14:57:50.988+0000][1][safepoint    ] Application time: 2.3469899 seconds
[2019-01-25T14:57:50.990+0000][1][safepoint    ] Total time for which application threads were stopped: 0.0010905 seconds, Stopping threads took: 0.0000156 seconds
[2019-01-25T14:57:51.993+0000][1][safepoint    ] Application time: 1.0002172 seconds
[2019-01-25T14:57:51.994+0000][1][safepoint    ] Total time for which application threads were stopped: 0.0000968 seconds, Stopping threads took: 0.0000176 seconds
[2019-01-25T14:57:52.994+0000][1][safepoint    ] Application time: 1.0001417 seconds
[2019-01-25T14:57:52.996+0000][1][safepoint    ] Total time for which application threads were stopped: 0.0000997 seconds, Stopping threads took: 0.0000172 seconds
[2019-01-25T14:57:53.997+0000][1][safepoint    ] Application time: 1.0001504 seconds
[2019-01-25T14:57:53.998+0000][1][safepoint    ] Total time for which application threads were stopped: 0.0000769 seconds, Stopping threads took: 0.0000163 seconds
[2019-01-25T14:57:54.999+0000][1][safepoint    ] Application time: 1.0002407 seconds
[2019-01-25T14:57:54.999+0000][1][safepoint    ] Total time for which application threads were stopped: 0.0000830 seconds, Stopping threads took: 0.0000125 seconds
[2019-01-25T14:57:56.000+0000][1][safepoint    ] Application time: 1.0002034 seconds
[2019-01-25T14:57:56.000+0000][1][safepoint    ] Total time for which application threads were stopped: 0.0000530 seconds, Stopping threads took: 0.0000132 seconds
[2019-01-25T14:57:57.001+0000][1][safepoint    ] Application time: 1.0001589 seconds
[2019-01-25T14:57:57.002+0000][1][safepoint    ] Total time for which application threads were stopped: 0.0000617 seconds, Stopping threads took: 0.0000123 seconds
[2019-01-25T14:57:57.601+0000][1][safepoint    ] Application time: 0.5991242 seconds
[2019-01-25T14:57:57.603+0000][1][safepoint    ] Total time for which application threads were stopped: 0.0001021 seconds, Stopping threads took: 0.0000163 seconds
[2019-01-25T14:57:57.619+0000][1][safepoint    ] Application time: 0.0121874 seconds
[2019-01-25T14:57:57.619+0000][1][safepoint    ] Total time for which application threads were stopped: 0.0001130 seconds, Stopping threads took: 0.0000330 seconds
[2019-01-25T14:57:57.621+0000][1][safepoint    ] Application time: 0.0014625 seconds
[2019-01-25T14:57:57.621+0000][1][safepoint    ] Total time for which application threads were stopped: 0.0000716 seconds, Stopping threads took: 0.0000126 seconds
[2019-01-25T14:57:57.671+0000][1][safepoint    ] Application time: 0.0497171 seconds
[2019-01-25T14:57:57.672+0000][1][safepoint    ] Total time for which application threads were stopped: 0.0000896 seconds, Stopping threads took: 0.0000112 seconds
[2019-01-25T14:57:57.672+0000][1][safepoint    ] Application time: 0.0000999 seconds
[2019-01-25T14:57:57.673+0000][1][safepoint    ] Total time for which application threads were stopped: 0.0000702 seconds, Stopping threads took: 0.0000103 seconds
[2019-01-25T14:57:57.673+0000][1][safepoint    ] Application time: 0.0001019 seconds
[2019-01-25T14:57:57.674+0000][1][safepoint    ] Total time for which application threads were stopped: 0.0001223 seconds, Stopping threads took: 0.0000271 seconds
[2019-01-25T14:57:57.680+0000][1][safepoint    ] Application time: 0.0065396 seconds
[2019-01-25T14:57:57.684+0000][1][safepoint    ] Total time for which application threads were stopped: 0.0000771 seconds, Stopping threads took: 0.0000127 seconds
[2019-01-25T14:57:57.685+0000][1][safepoint    ] Application time: 0.0001478 seconds
[2019-01-25T14:57:57.686+0000][1][safepoint    ] Total time for which application threads were stopped: 0.0000764 seconds, Stopping threads took: 0.0000229 seconds
[2019-01-25T14:57:57.700+0000][1][safepoint    ] Application time: 0.0137843 seconds
[2019-01-25T14:57:57.701+0000][1][safepoint    ] Total time for which application threads were stopped: 0.0001395 seconds, Stopping threads took: 0.0000157 seconds
[2019-01-25T14:57:57.701+0000][1][safepoint    ] Application time: 0.0001378 seconds
[2019-01-25T14:57:57.702+0000][1][safepoint    ] Total time for which application threads were stopped: 0.0001148 seconds, Stopping threads took: 0.0000107 seconds
[2019-01-25T14:57:57.702+0000][1][safepoint    ] Application time: 0.0001555 seconds
[2019-01-25T14:57:57.703+0000][1][safepoint    ] Total time for which application threads were stopped: 0.0000919 seconds, Stopping threads took: 0.0000121 seconds
[2019-01-25T14:57:57.703+0000][1][safepoint    ] Application time: 0.0001414 seconds
[2019-01-25T14:57:57.703+0000][1][safepoint    ] Total time for which application threads were stopped: 0.0000765 seconds, Stopping threads took: 0.0000089 seconds
[2019-01-25T14:57:57.704+0000][1][safepoint    ] Application time: 0.0001202 seconds
[2019-01-25T14:57:57.704+0000][1][safepoint    ] Total time for which application threads were stopped: 0.0000745 seconds, Stopping threads took: 0.0000117 seconds
[2019-01-25T14:57:57.704+0000][1][safepoint    ] Application time: 0.0001244 seconds
[2019-01-25T14:57:57.705+0000][1][safepoint    ] Total time for which application threads were stopped: 0.0000597 seconds, Stopping threads took: 0.0000076 seconds
[2019-01-25T14:57:57.705+0000][1][safepoint    ] Application time: 0.0001291 seconds
[2019-01-25T14:57:57.705+0000][1][safepoint    ] Total time for which application threads were stopped: 0.0000686 seconds, Stopping threads took: 0.0000105 seconds
[2019-01-25T14:57:57.706+0000][1][safepoint    ] Application time: 0.0001052 seconds
[2019-01-25T14:57:57.706+0000][1][safepoint    ] Total time for which application threads were stopped: 0.0000831 seconds, Stopping threads took: 0.0000131 seconds
[2019-01-25T14:57:57.706+0000][1][safepoint    ] Application time: 0.0001385 seconds
[2019-01-25T14:57:57.707+0000][1][safepoint    ] Total time for which application threads were stopped: 0.0000804 seconds, Stopping threads took: 0.0000097 seconds
[2019-01-25T14:57:57.707+0000][1][safepoint    ] Application time: 0.0001294 seconds
[2019-01-25T14:57:57.707+0000][1][safepoint    ] Total time for which application threads were stopped: 0.0000828 seconds, Stopping threads took: 0.0000106 seconds
[2019-01-25T14:57:57.708+0000][1][safepoint    ] Application time: 0.0001229 seconds
[2019-01-25T14:57:57.708+0000][1][safepoint    ] Total time for which application threads were stopped: 0.0000782 seconds, Stopping threads took: 0.0000085 seconds
[2019-01-25T14:57:57.708+0000][1][safepoint    ] Application time: 0.0001432 seconds
[2019-01-25T14:57:57.710+0000][1][safepoint    ] Total time for which application threads were stopped: 0.0000880 seconds, Stopping threads took: 0.0000135 seconds
[2019-01-25T14:57:57.711+0000][1][safepoint    ] Application time: 0.0001402 seconds
[2019-01-25T14:57:57.711+0000][1][safepoint    ] Total time for which application threads were stopped: 0.0000704 seconds, Stopping threads took: 0.0000130 seconds
[2019-01-25T14:57:57.715+0000][1][safepoint    ] Application time: 0.0001440 seconds
[2019-01-25T14:57:57.715+0000][1][safepoint    ] Total time for which application threads were stopped: 0.0000821 seconds, Stopping threads took: 0.0000112 seconds
[2019-01-25T14:57:57.716+0000][1][safepoint    ] Application time: 0.0003373 seconds
[2019-01-25T14:57:57.717+0000][1][safepoint    ] Total time for which application threads were stopped: 0.0000749 seconds, Stopping threads took: 0.0000091 seconds
[2019-01-25T14:57:57.717+0000][1][safepoint    ] Application time: 0.0001241 seconds
[2019-01-25T14:57:57.718+0000][1][safepoint    ] Total time for which application threads were stopped: 0.0000735 seconds, Stopping threads took: 0.0000231 seconds
[2019-01-25T14:57:57.719+0000][1][safepoint    ] Application time: 0.0002901 seconds
[2019-01-25T14:57:57.719+0000][1][safepoint    ] Total time for which application threads were stopped: 0.0000767 seconds, Stopping threads took: 0.0000100 seconds
[2019-01-25T14:57:57.720+0000][1][safepoint    ] Application time: 0.0001591 seconds
[2019-01-25T14:57:57.720+0000][1][safepoint    ] Total time for which application threads were stopped: 0.0001064 seconds, Stopping threads took: 0.0000127 seconds
[2019-01-25T14:57:57.721+0000][1][safepoint    ] Application time: 0.0001428 seconds
[2019-01-25T14:57:57.721+0000][1][safepoint    ] Total time for which application threads were stopped: 0.0000651 seconds, Stopping threads took: 0.0000071 seconds
[2019-01-25T14:57:57.722+0000][1][safepoint    ] Application time: 0.0002799 seconds
[2019-01-25T14:57:57.723+0000][1][safepoint    ] Total time for which application threads were stopped: 0.0002311 seconds, Stopping threads took: 0.0000099 seconds
[2019-01-25T14:57:57.805+0000][1][safepoint    ] Application time: 0.0812393 seconds
[2019-01-25T14:57:57.806+0000][1][safepoint    ] Total time for which application threads were stopped: 0.0001160 seconds, Stopping threads took: 0.0000158 seconds
[2019-01-25T14:57:57.809+0000][1][safepoint    ] Application time: 0.0020755 seconds
[2019-01-25T14:57:57.810+0000][1][safepoint    ] Total time for which application threads were stopped: 0.0000614 seconds, Stopping threads took: 0.0000143 seconds
[2019-01-25T14:57:57.869+0000][1][safepoint    ] Application time: 0.0582244 seconds
[2019-01-25T14:57:57.870+0000][1][safepoint    ] Total time for which application threads were stopped: 0.0000740 seconds, Stopping threads took: 0.0000132 seconds
[2019-01-25T14:57:57.938+0000][1][safepoint    ] Application time: 0.0667443 seconds
[2019-01-25T14:57:57.944+0000][1][safepoint    ] Total time for which application threads were stopped: 0.0000740 seconds, Stopping threads took: 0.0000134 seconds
[2019-01-25T14:57:57.955+0000][1][safepoint    ] Application time: 0.0097753 seconds
[2019-01-25T14:57:57.956+0000][1][safepoint    ] Total time for which application threads were stopped: 0.0001035 seconds, Stopping threads took: 0.0000167 seconds
[2019-01-25T14:57:57.990+0000][1][safepoint    ] Application time: 0.0290854 seconds
[2019-01-25T14:57:57.991+0000][1][safepoint    ] Total time for which application threads were stopped: 0.0002957 seconds, Stopping threads took: 0.0000406 seconds
[2019-01-25T14:57:58.647+0000][1][safepoint    ] Application time: 0.6558845 seconds
[2019-01-25T14:57:58.656+0000][1][safepoint    ] Total time for which application threads were stopped: 0.0000913 seconds, Stopping threads took: 0.0000139 seconds
[2019-01-25T14:57:58.656+0000][1][safepoint    ] Application time: 0.0002797 seconds
[2019-01-25T14:57:58.657+0000][1][safepoint    ] Total time for which application threads were stopped: 0.0000627 seconds, Stopping threads took: 0.0000097 seconds
[2019-01-25T14:57:58.676+0000][1][safepoint    ] Application time: 0.0184619 seconds
[2019-01-25T14:57:58.677+0000][1][safepoint    ] Total time for which application threads were stopped: 0.0001038 seconds, Stopping threads took: 0.0000178 seconds
[2019-01-25T14:57:58.808+0000][1][safepoint    ] Application time: 0.1309113 seconds
[2019-01-25T14:57:58.809+0000][1][safepoint    ] Total time for which application threads were stopped: 0.0001317 seconds, Stopping threads took: 0.0000176 seconds
[2019-01-25T14:57:58.811+0000][1][safepoint    ] Application time: 0.0013942 seconds
[2019-01-25T14:57:58.812+0000][1][safepoint    ] Total time for which application threads were stopped: 0.0000986 seconds, Stopping threads took: 0.0000161 seconds
[2019-01-25T14:57:58.813+0000][1][safepoint    ] Application time: 0.0006447 seconds
[2019-01-25T14:57:58.813+0000][1][safepoint    ] Total time for which application threads were stopped: 0.0001002 seconds, Stopping threads took: 0.0000121 seconds
[2019-01-25T14:57:58.818+0000][1][safepoint    ] Application time: 0.0039087 seconds
[2019-01-25T14:57:58.818+0000][1][safepoint    ] Total time for which application threads were stopped: 0.0001057 seconds, Stopping threads took: 0.0000163 seconds
[2019-01-25T14:57:59.005+0000][1][safepoint    ] Application time: 0.1857536 seconds
[2019-01-25T14:57:59.006+0000][1][safepoint    ] Total time for which application threads were stopped: 0.0001072 seconds, Stopping threads took: 0.0000156 seconds
[2019-01-25T14:57:59.088+0000][1][safepoint    ] Application time: 0.0814826 seconds
[2019-01-25T14:57:59.091+0000][1][safepoint    ] Total time for which application threads were stopped: 0.0005995 seconds, Stopping threads took: 0.0000118 seconds
[2019-01-25T14:57:59.129+0000][1][safepoint    ] Application time: 0.0365709 seconds
[2019-01-25T14:57:59.129+0000][1][safepoint    ] Total time for which application threads were stopped: 0.0000722 seconds, Stopping threads took: 0.0000116 seconds
[2019-01-25T14:57:59.134+0000][1][safepoint    ] Application time: 0.0041333 seconds
[2019-01-25T14:57:59.135+0000][1][safepoint    ] Total time for which application threads were stopped: 0.0000752 seconds, Stopping threads took: 0.0000127 seconds
[2019-01-25T14:58:00.136+0000][1][safepoint    ] Application time: 1.0001584 seconds
[2019-01-25T14:58:00.137+0000][1][safepoint    ] Total time for which application threads were stopped: 0.0000760 seconds, Stopping threads took: 0.0000116 seconds
[2019-01-25T14:58:01.137+0000][1][safepoint    ] Application time: 1.0002134 seconds
[2019-01-25T14:58:01.138+0000][1][safepoint    ] Total time for which application threads were stopped: 0.0000543 seconds, Stopping threads took: 0.0000116 seconds
[2019-01-25T14:58:02.139+0000][1][safepoint    ] Application time: 1.0000910 seconds
[2019-01-25T14:58:02.139+0000][1][safepoint    ] Total time for which application threads were stopped: 0.0000875 seconds, Stopping threads took: 0.0000146 seconds
[2019-01-25T14:58:03.140+0000][1][safepoint    ] Application time: 1.0000974 seconds
[2019-01-25T14:58:03.140+0000][1][safepoint    ] Total time for which application threads were stopped: 0.0000745 seconds, Stopping threads took: 0.0000166 seconds
[2019-01-25T14:58:03.553+0000][1][safepoint    ] Application time: 0.4119358 seconds
[2019-01-25T14:58:03.554+0000][1][safepoint    ] Total time for which application threads were stopped: 0.0000889 seconds, Stopping threads took: 0.0000115 seconds
[2019-01-25T14:58:03.562+0000][1][safepoint    ] Application time: 0.0084352 seconds
[2019-01-25T14:58:03.563+0000][1][gc,start     ] GC(27) Pause Young (Allocation Failure)
[2019-01-25T14:58:03.563+0000][1][gc,task      ] GC(27) Using 2 workers of 2 for evacuation
[2019-01-25T14:58:03.569+0000][1][gc,age       ] GC(27) Desired survivor size 4456448 bytes, new threshold 6 (max threshold 6)
[2019-01-25T14:58:03.569+0000][1][gc,age       ] GC(27) Age table with threshold 6 (max threshold 6)
[2019-01-25T14:58:03.570+0000][1][gc,age       ] GC(27) - age   1:    3015000 bytes,    3015000 total
[2019-01-25T14:58:03.570+0000][1][gc,age       ] GC(27) - age   2:     927240 bytes,    3942240 total
[2019-01-25T14:58:03.570+0000][1][gc,age       ] GC(27) - age   3:       1496 bytes,    3943736 total
[2019-01-25T14:58:03.570+0000][1][gc,age       ] GC(27) - age   4:       7336 bytes,    3951072 total
[2019-01-25T14:58:03.570+0000][1][gc,age       ] GC(27) - age   5:       7016 bytes,    3958088 total
[2019-01-25T14:58:03.571+0000][1][gc,age       ] GC(27) - age   6:       1592 bytes,    3959680 total
[2019-01-25T14:58:03.571+0000][1][gc,heap      ] GC(27) ParNew: 71035K->4103K(78656K)
[2019-01-25T14:58:03.571+0000][1][gc,heap      ] GC(27) CMS: 83431K->83438K(174784K)
[2019-01-25T14:58:03.572+0000][1][gc,metaspace ] GC(27) Metaspace: 70512K->70512K(1114112K)
[2019-01-25T14:58:03.577+0000][1][gc           ] GC(27) Pause Young (Allocation Failure) 150M->85M(247M) 14.224ms
[2019-01-25T14:58:03.578+0000][1][gc,cpu       ] GC(27) User=0.01s Sys=0.00s Real=0.02s
[2019-01-25T14:58:03.579+0000][1][safepoint    ] Total time for which application threads were stopped: 0.0158937 seconds, Stopping threads took: 0.0000133 seconds
[2019-01-25T14:58:03.581+0000][1][safepoint    ] Application time: 0.0006384 seconds
[2019-01-25T14:58:03.581+0000][1][safepoint    ] Total time for which application threads were stopped: 0.0000991 seconds, Stopping threads took: 0.0000143 seconds
[2019-01-25T14:58:03.584+0000][1][safepoint    ] Application time: 0.0019106 seconds
[2019-01-25T14:58:03.586+0000][1][safepoint    ] Total time for which application threads were stopped: 0.0001041 seconds, Stopping threads took: 0.0000135 seconds
[2019-01-25T14:58:03.587+0000][1][safepoint    ] Application time: 0.0001415 seconds
[2019-01-25T14:58:03.587+0000][1][safepoint    ] Total time for which application threads were stopped: 0.0000946 seconds, Stopping threads took: 0.0000184 seconds
[2019-01-25T14:58:03.588+0000][1][safepoint    ] Application time: 0.0001330 seconds
[2019-01-25T14:58:03.588+0000][1][safepoint    ] Total time for which application threads were stopped: 0.0000982 seconds, Stopping threads took: 0.0000254 seconds
[2019-01-25T14:58:03.589+0000][1][safepoint    ] Application time: 0.0002154 seconds
[2019-01-25T14:58:03.589+0000][1][safepoint    ] Total time for which application threads were stopped: 0.0000979 seconds, Stopping threads took: 0.0000122 seconds
[2019-01-25T14:58:03.590+0000][1][safepoint    ] Application time: 0.0001200 seconds
[2019-01-25T14:58:03.590+0000][1][safepoint    ] Total time for which application threads were stopped: 0.0000755 seconds, Stopping threads took: 0.0000105 seconds
[2019-01-25T14:58:03.590+0000][1][safepoint    ] Application time: 0.0001188 seconds
[2019-01-25T14:58:03.591+0000][1][safepoint    ] Total time for which application threads were stopped: 0.0001394 seconds, Stopping threads took: 0.0000096 seconds
[2019-01-25T14:58:03.591+0000][1][safepoint    ] Application time: 0.0001359 seconds
[2019-01-25T14:58:03.592+0000][1][safepoint    ] Total time for which application threads were stopped: 0.0000793 seconds, Stopping threads took: 0.0000113 seconds
[2019-01-25T14:58:03.592+0000][1][safepoint    ] Application time: 0.0001168 seconds
[2019-01-25T14:58:03.592+0000][1][safepoint    ] Total time for which application threads were stopped: 0.0000769 seconds, Stopping threads took: 0.0000111 seconds
[2019-01-25T14:58:03.593+0000][1][safepoint    ] Application time: 0.0001979 seconds
[2019-01-25T14:58:03.593+0000][1][safepoint    ] Total time for which application threads were stopped: 0.0000906 seconds, Stopping threads took: 0.0000110 seconds
[2019-01-25T14:58:03.594+0000][1][safepoint    ] Application time: 0.0001370 seconds
[2019-01-25T14:58:03.594+0000][1][safepoint    ] Total time for which application threads were stopped: 0.0000757 seconds, Stopping threads took: 0.0000103 seconds
[2019-01-25T14:58:03.594+0000][1][safepoint    ] Application time: 0.0001328 seconds
[2019-01-25T14:58:03.595+0000][1][safepoint    ] Total time for which application threads were stopped: 0.0002154 seconds, Stopping threads took: 0.0000097 seconds
[2019-01-25T14:58:03.735+0000][1][safepoint    ] Application time: 0.1394682 seconds
[2019-01-25T14:58:03.743+0000][1][safepoint    ] Total time for which application threads were stopped: 0.0021186 seconds, Stopping threads took: 0.0007770 seconds
[2019-01-25T14:58:03.908+0000][1][safepoint    ] Application time: 0.1643201 seconds
[2019-01-25T14:58:03.916+0000][1][safepoint    ] Total time for which application threads were stopped: 0.0001589 seconds, Stopping threads took: 0.0000200 seconds
[2019-01-25T14:58:04.043+0000][1][safepoint    ] Application time: 0.1259595 seconds
[2019-01-25T14:58:04.047+0000][1][safepoint    ] Total time for which application threads were stopped: 0.0001572 seconds, Stopping threads took: 0.0000454 seconds
[2019-01-25T14:58:04.152+0000][1][safepoint    ] Application time: 0.1042935 seconds
[2019-01-25T14:58:04.157+0000][1][safepoint    ] Total time for which application threads were stopped: 0.0041116 seconds, Stopping threads took: 0.0000200 seconds
[2019-01-25T14:58:04.227+0000][1][safepoint    ] Application time: 0.0669013 seconds
[2019-01-25T14:58:04.228+0000][1][safepoint    ] Total time for which application threads were stopped: 0.0003571 seconds, Stopping threads took: 0.0000146 seconds
[2019-01-25T14:58:04.348+0000][1][safepoint    ] Application time: 0.1187602 seconds
[2019-01-25T14:58:04.352+0000][1][safepoint    ] Total time for which application threads were stopped: 0.0002225 seconds, Stopping threads took: 0.0001176 seconds
[2019-01-25T14:58:04.599+0000][1][safepoint    ] Application time: 0.2404494 seconds
[2019-01-25T14:58:04.609+0000][1][safepoint    ] Total time for which application threads were stopped: 0.0034795 seconds, Stopping threads took: 0.0031441 seconds
[2019-01-25T14:58:04.618+0000][1][safepoint    ] Application time: 0.0020396 seconds
[2019-01-25T14:58:04.619+0000][1][safepoint    ] Total time for which application threads were stopped: 0.0002105 seconds, Stopping threads took: 0.0000355 seconds
[2019-01-25T14:58:04.799+0000][1][safepoint    ] Application time: 0.1787783 seconds
[2019-01-25T14:58:04.826+0000][1][safepoint    ] Total time for which application threads were stopped: 0.0001524 seconds, Stopping threads took: 0.0000210 seconds
[2019-01-25T14:58:05.177+0000][1][safepoint    ] Application time: 0.3501501 seconds
[2019-01-25T14:58:05.186+0000][1][safepoint    ] Total time for which application threads were stopped: 0.0001924 seconds, Stopping threads took: 0.0000206 seconds
[2019-01-25T14:58:05.243+0000][1][safepoint    ] Application time: 0.0554276 seconds
[2019-01-25T14:58:05.247+0000][1][safepoint    ] Total time for which application threads were stopped: 0.0001049 seconds, Stopping threads took: 0.0000163 seconds
[2019-01-25T14:58:05.375+0000][1][safepoint    ] Application time: 0.1247835 seconds
[2019-01-25T14:58:05.389+0000][1][safepoint    ] Total time for which application threads were stopped: 0.0001387 seconds, Stopping threads took: 0.0000191 seconds
[2019-01-25T14:58:05.432+0000][1][safepoint    ] Application time: 0.0385870 seconds
[2019-01-25T14:58:05.436+0000][1][safepoint    ] Total time for which application threads were stopped: 0.0001125 seconds, Stopping threads took: 0.0000190 seconds
[2019-01-25T14:58:05.541+0000][1][safepoint    ] Application time: 0.1026321 seconds
[2019-01-25T14:58:05.544+0000][1][safepoint    ] Total time for which application threads were stopped: 0.0001484 seconds, Stopping threads took: 0.0000190 seconds
[2019-01-25T14:58:05.603+0000][1][safepoint    ] Application time: 0.0465547 seconds
[2019-01-25T14:58:05.606+0000][1][safepoint    ] Total time for which application threads were stopped: 0.0001250 seconds, Stopping threads took: 0.0000153 seconds
[2019-01-25T14:58:05.616+0000][1][safepoint    ] Application time: 0.0086467 seconds
[2019-01-25T14:58:05.625+0000][1][safepoint    ] Total time for which application threads were stopped: 0.0001219 seconds, Stopping threads took: 0.0000195 seconds
[2019-01-25T14:58:05.628+0000][1][safepoint    ] Application time: 0.0012332 seconds
[2019-01-25T14:58:05.632+0000][1][safepoint    ] Total time for which application threads were stopped: 0.0001104 seconds, Stopping threads took: 0.0000185 seconds
[2019-01-25T14:58:05.633+0000][1][safepoint    ] Application time: 0.0003112 seconds
[2019-01-25T14:58:05.640+0000][1][safepoint    ] Total time for which application threads were stopped: 0.0001198 seconds, Stopping threads took: 0.0000185 seconds
[2019-01-25T14:58:05.641+0000][1][safepoint    ] Application time: 0.0001260 seconds
[2019-01-25T14:58:05.642+0000][1][safepoint    ] Total time for which application threads were stopped: 0.0001027 seconds, Stopping threads took: 0.0000164 seconds
[2019-01-25T14:58:05.644+0000][1][safepoint    ] Application time: 0.0009952 seconds
[2019-01-25T14:58:05.646+0000][1][safepoint    ] Total time for which application threads were stopped: 0.0001087 seconds, Stopping threads took: 0.0000170 seconds
[2019-01-25T14:58:05.654+0000][1][safepoint    ] Application time: 0.0040245 seconds
[2019-01-25T14:58:05.655+0000][1][safepoint    ] Total time for which application threads were stopped: 0.0000913 seconds, Stopping threads took: 0.0000147 seconds
[2019-01-25T14:58:05.664+0000][1][safepoint    ] Application time: 0.0039963 seconds
[2019-01-25T14:58:05.666+0000][1][safepoint    ] Total time for which application threads were stopped: 0.0001017 seconds, Stopping threads took: 0.0000174 seconds
[2019-01-25T14:58:05.673+0000][1][safepoint    ] Application time: 0.0034056 seconds
[2019-01-25T14:58:05.678+0000][1][safepoint    ] Total time for which application threads were stopped: 0.0001068 seconds, Stopping threads took: 0.0000182 seconds
[2019-01-25T14:58:05.774+0000][1][safepoint    ] Application time: 0.0938259 seconds
[2019-01-25T14:58:05.775+0000][1][safepoint    ] Total time for which application threads were stopped: 0.0000815 seconds, Stopping threads took: 0.0000128 seconds
[2019-01-25T14:58:05.861+0000][1][safepoint    ] Application time: 0.0861402 seconds
[2019-01-25T14:58:05.863+0000][1][safepoint    ] Total time for which application threads were stopped: 0.0005396 seconds, Stopping threads took: 0.0004099 seconds
[2019-01-25T14:58:05.871+0000][1][safepoint    ] Application time: 0.0080999 seconds
[2019-01-25T14:58:05.873+0000][1][safepoint    ] Total time for which application threads were stopped: 0.0011000 seconds, Stopping threads took: 0.0000141 seconds
[2019-01-25T14:58:06.195+0000][1][safepoint    ] Application time: 0.3206097 seconds
[2019-01-25T14:58:06.195+0000][1][safepoint    ] Total time for which application threads were stopped: 0.0001093 seconds, Stopping threads took: 0.0000148 seconds
[2019-01-25T14:58:06.320+0000][1][safepoint    ] Application time: 0.1245149 seconds
[2019-01-25T14:58:06.320+0000][1][safepoint    ] Total time for which application threads were stopped: 0.0000719 seconds, Stopping threads took: 0.0000099 seconds
[2019-01-25T14:58:06.682+0000][1][safepoint    ] Application time: 0.3612996 seconds
[2019-01-25T14:58:06.684+0000][1][safepoint    ] Total time for which application threads were stopped: 0.0001729 seconds, Stopping threads took: 0.0000179 seconds
[2019-01-25T14:58:06.685+0000][1][safepoint    ] Application time: 0.0000950 seconds
[2019-01-25T14:58:06.688+0000][1][safepoint    ] Total time for which application threads were stopped: 0.0001056 seconds, Stopping threads took: 0.0000163 seconds
[2019-01-25T14:58:07.690+0000][1][safepoint    ] Application time: 1.0001267 seconds
[2019-01-25T14:58:07.693+0000][1][safepoint    ] Total time for which application threads were stopped: 0.0000750 seconds, Stopping threads took: 0.0000159 seconds
[2019-01-25T14:58:07.719+0000][1][safepoint    ] Application time: 0.0252142 seconds
[2019-01-25T14:58:07.720+0000][1][safepoint    ] Total time for which application threads were stopped: 0.0001024 seconds, Stopping threads took: 0.0000150 seconds
[2019-01-25T14:58:07.721+0000][1][safepoint    ] Application time: 0.0000914 seconds
[2019-01-25T14:58:07.721+0000][1][safepoint    ] Total time for which application threads were stopped: 0.0000934 seconds, Stopping threads took: 0.0000150 seconds
[2019-01-25T14:58:07.722+0000][1][safepoint    ] Application time: 0.0000659 seconds
[2019-01-25T14:58:07.722+0000][1][safepoint    ] Total time for which application threads were stopped: 0.0000829 seconds, Stopping threads took: 0.0000126 seconds
[2019-01-25T14:58:07.723+0000][1][safepoint    ] Application time: 0.0000654 seconds
[2019-01-25T14:58:07.723+0000][1][safepoint    ] Total time for which application threads were stopped: 0.0000834 seconds, Stopping threads took: 0.0000121 seconds
[2019-01-25T14:58:07.724+0000][1][safepoint    ] Application time: 0.0001017 seconds
[2019-01-25T14:58:07.724+0000][1][safepoint    ] Total time for which application threads were stopped: 0.0001137 seconds, Stopping threads took: 0.0000154 seconds
[2019-01-25T14:58:08.725+0000][1][safepoint    ] Application time: 1.0001345 seconds
[2019-01-25T14:58:08.725+0000][1][safepoint    ] Total time for which application threads were stopped: 0.0000740 seconds, Stopping threads took: 0.0000160 seconds
[2019-01-25T14:58:09.726+0000][1][safepoint    ] Application time: 1.0001640 seconds
[2019-01-25T14:58:09.727+0000][1][safepoint    ] Total time for which application threads were stopped: 0.0000672 seconds, Stopping threads took: 0.0000136 seconds
[2019-01-25T14:58:10.728+0000][1][safepoint    ] Application time: 1.0003697 seconds
[2019-01-25T14:58:10.730+0000][1][safepoint    ] Total time for which application threads were stopped: 0.0000802 seconds, Stopping threads took: 0.0000178 seconds
[2019-01-25T14:58:10.923+0000][1][safepoint    ] Application time: 0.1918758 seconds
[2019-01-25T14:58:10.926+0000][1][safepoint    ] Total time for which application threads were stopped: 0.0001268 seconds, Stopping threads took: 0.0000145 seconds
[2019-01-25T14:58:11.928+0000][1][safepoint    ] Application time: 1.0001782 seconds
[2019-01-25T14:58:11.929+0000][1][safepoint    ] Total time for which application threads were stopped: 0.0001083 seconds, Stopping threads took: 0.0000480 seconds
[2019-01-25T14:58:12.929+0000][1][safepoint    ] Application time: 1.0001692 seconds
[2019-01-25T14:58:12.930+0000][1][safepoint    ] Total time for which application threads were stopped: 0.0000563 seconds, Stopping threads took: 0.0000141 seconds
[2019-01-25T14:58:13.931+0000][1][safepoint    ] Application time: 1.0001238 seconds
[2019-01-25T14:58:13.932+0000][1][safepoint    ] Total time for which application threads were stopped: 0.0000682 seconds, Stopping threads took: 0.0000127 seconds
[2019-01-25T14:58:14.932+0000][1][safepoint    ] Application time: 1.0001433 seconds
[2019-01-25T14:58:14.933+0000][1][safepoint    ] Total time for which application threads were stopped: 0.0000829 seconds, Stopping threads took: 0.0000181 seconds
[2019-01-25T14:58:15.933+0000][1][safepoint    ] Application time: 1.0002272 seconds
[2019-01-25T14:58:15.935+0000][1][safepoint    ] Total time for which application threads were stopped: 0.0001160 seconds, Stopping threads took: 0.0000242 seconds
[2019-01-25T14:58:16.936+0000][1][safepoint    ] Application time: 1.0001700 seconds
[2019-01-25T14:58:16.936+0000][1][safepoint    ] Total time for which application threads were stopped: 0.0000844 seconds, Stopping threads took: 0.0000170 seconds
[2019-01-25T14:58:17.937+0000][1][safepoint    ] Application time: 1.0001186 seconds
[2019-01-25T14:58:17.938+0000][1][safepoint    ] Total time for which application threads were stopped: 0.0000782 seconds, Stopping threads took: 0.0000179 seconds
[2019-01-25T14:58:18.643+0000][1][safepoint    ] Application time: 0.7047730 seconds
[2019-01-25T14:58:18.645+0000][1][safepoint    ] Total time for which application threads were stopped: 0.0002418 seconds, Stopping threads took: 0.0000435 seconds
[2019-01-25T14:58:18.648+0000][1][safepoint    ] Application time: 0.0011183 seconds
[2019-01-25T14:58:18.649+0000][1][safepoint    ] Total time for which application threads were stopped: 0.0002330 seconds, Stopping threads took: 0.0000390 seconds
[2019-01-25T14:58:18.652+0000][1][safepoint    ] Application time: 0.0013518 seconds
[2019-01-25T14:58:18.655+0000][1][safepoint    ] Total time for which application threads were stopped: 0.0004212 seconds, Stopping threads took: 0.0000389 seconds
[2019-01-25T14:58:18.658+0000][1][safepoint    ] Application time: 0.0015136 seconds
[2019-01-25T14:58:18.660+0000][1][safepoint    ] Total time for which application threads were stopped: 0.0002388 seconds, Stopping threads took: 0.0000407 seconds
[2019-01-25T14:58:19.662+0000][1][safepoint    ] Application time: 1.0003111 seconds
[2019-01-25T14:58:19.663+0000][1][safepoint    ] Total time for which application threads were stopped: 0.0000867 seconds, Stopping threads took: 0.0000157 seconds
[2019-01-25T14:58:20.663+0000][1][safepoint    ] Application time: 1.0001226 seconds
[2019-01-25T14:58:20.664+0000][1][safepoint    ] Total time for which application threads were stopped: 0.0001244 seconds, Stopping threads took: 0.0000459 seconds
[2019-01-25T14:58:21.665+0000][1][safepoint    ] Application time: 1.0001178 seconds
[2019-01-25T14:58:21.665+0000][1][safepoint    ] Total time for which application threads were stopped: 0.0000588 seconds, Stopping threads took: 0.0000131 seconds
[2019-01-25T14:58:21.714+0000][1][safepoint    ] Application time: 0.0483502 seconds
[2019-01-25T14:58:21.716+0000][1][safepoint    ] Total time for which application threads were stopped: 0.0001274 seconds, Stopping threads took: 0.0000363 seconds
[2019-01-25T14:58:21.723+0000][1][safepoint    ] Application time: 0.0059821 seconds
[2019-01-25T14:58:21.723+0000][1][safepoint    ] Total time for which application threads were stopped: 0.0001229 seconds, Stopping threads took: 0.0000164 seconds
[2019-01-25T14:58:21.728+0000][1][safepoint    ] Application time: 0.0035407 seconds
[2019-01-25T14:58:21.728+0000][1][safepoint    ] Total time for which application threads were stopped: 0.0001422 seconds, Stopping threads took: 0.0000119 seconds
[2019-01-25T14:58:21.838+0000][1][safepoint    ] Application time: 0.1084323 seconds
[2019-01-25T14:58:21.838+0000][1][safepoint    ] Total time for which application threads were stopped: 0.0000894 seconds, Stopping threads took: 0.0000105 seconds
[2019-01-25T14:58:21.839+0000][1][safepoint    ] Application time: 0.0002638 seconds
[2019-01-25T14:58:21.839+0000][1][safepoint    ] Total time for which application threads were stopped: 0.0000714 seconds, Stopping threads took: 0.0000110 seconds
[2019-01-25T14:58:21.849+0000][1][safepoint    ] Application time: 0.0093774 seconds
[2019-01-25T14:58:21.849+0000][1][safepoint    ] Total time for which application threads were stopped: 0.0000798 seconds, Stopping threads took: 0.0000121 seconds
[2019-01-25T14:58:21.850+0000][1][safepoint    ] Application time: 0.0003888 seconds
[2019-01-25T14:58:21.851+0000][1][safepoint    ] Total time for which application threads were stopped: 0.0001635 seconds, Stopping threads took: 0.0000951 seconds
[2019-01-25T14:58:21.852+0000][1][safepoint    ] Application time: 0.0006967 seconds
[2019-01-25T14:58:21.852+0000][1][safepoint    ] Total time for which application threads were stopped: 0.0000726 seconds, Stopping threads took: 0.0000110 seconds
[2019-01-25T14:58:21.853+0000][1][safepoint    ] Application time: 0.0003081 seconds
[2019-01-25T14:58:21.853+0000][1][safepoint    ] Total time for which application threads were stopped: 0.0000692 seconds, Stopping threads took: 0.0000105 seconds
[2019-01-25T14:58:21.884+0000][1][safepoint    ] Application time: 0.0304480 seconds
[2019-01-25T14:58:21.884+0000][1][safepoint    ] Total time for which application threads were stopped: 0.0000958 seconds, Stopping threads took: 0.0000137 seconds
[2019-01-25T14:58:21.885+0000][1][safepoint    ] Application time: 0.0000885 seconds
[2019-01-25T14:58:21.885+0000][1][safepoint    ] Total time for which application threads were stopped: 0.0001203 seconds, Stopping threads took: 0.0000183 seconds
[2019-01-25T14:58:22.697+0000][1][safepoint    ] Application time: 0.8116091 seconds
[2019-01-25T14:58:22.698+0000][1][safepoint    ] Total time for which application threads were stopped: 0.0000973 seconds, Stopping threads took: 0.0000158 seconds
[2019-01-25T14:58:22.699+0000][1][safepoint    ] Application time: 0.0001395 seconds
[2019-01-25T14:58:22.700+0000][1][safepoint    ] Total time for which application threads were stopped: 0.0000904 seconds, Stopping threads took: 0.0000160 seconds
[2019-01-25T14:58:22.705+0000][1][safepoint    ] Application time: 0.0039138 seconds
[2019-01-25T14:58:22.706+0000][1][safepoint    ] Total time for which application threads were stopped: 0.0001154 seconds, Stopping threads took: 0.0000209 seconds
[2019-01-25T14:58:22.733+0000][1][safepoint    ] Application time: 0.0267763 seconds
[2019-01-25T14:58:22.734+0000][1][safepoint    ] Total time for which application threads were stopped: 0.0000754 seconds, Stopping threads took: 0.0000140 seconds
[2019-01-25T14:58:22.734+0000][1][safepoint    ] Application time: 0.0000993 seconds
[2019-01-25T14:58:22.735+0000][1][safepoint    ] Total time for which application threads were stopped: 0.0000729 seconds, Stopping threads took: 0.0000131 seconds
[2019-01-25T14:58:22.735+0000][1][safepoint    ] Application time: 0.0002018 seconds
[2019-01-25T14:58:22.736+0000][1][safepoint    ] Total time for which application threads were stopped: 0.0000753 seconds, Stopping threads took: 0.0000126 seconds
[2019-01-25T14:58:22.739+0000][1][safepoint    ] Application time: 0.0022082 seconds
[2019-01-25T14:58:22.739+0000][1][safepoint    ] Total time for which application threads were stopped: 0.0000822 seconds, Stopping threads took: 0.0000138 seconds
[2019-01-25T14:58:22.880+0000][1][safepoint    ] Application time: 0.1401992 seconds
[2019-01-25T14:58:22.881+0000][1][safepoint    ] Total time for which application threads were stopped: 0.0001057 seconds, Stopping threads took: 0.0000191 seconds
[2019-01-25T14:58:23.069+0000][1][safepoint    ] Application time: 0.1869482 seconds
[2019-01-25T14:58:23.070+0000][1][safepoint    ] Total time for which application threads were stopped: 0.0000758 seconds, Stopping threads took: 0.0000113 seconds
[2019-01-25T14:58:23.071+0000][1][safepoint    ] Application time: 0.0008593 seconds
[2019-01-25T14:58:23.075+0000][1][safepoint    ] Total time for which application threads were stopped: 0.0001311 seconds, Stopping threads took: 0.0000187 seconds
[2019-01-25T14:58:24.080+0000][1][safepoint    ] Application time: 1.0002143 seconds
[2019-01-25T14:58:24.081+0000][1][safepoint    ] Total time for which application threads were stopped: 0.0000611 seconds, Stopping threads took: 0.0000154 seconds
[2019-01-25T14:58:25.084+0000][1][safepoint    ] Application time: 1.0028632 seconds
[2019-01-25T14:58:25.088+0000][1][safepoint    ] Total time for which application threads were stopped: 0.0000943 seconds, Stopping threads took: 0.0000203 seconds
[2019-01-25T14:58:26.091+0000][1][safepoint    ] Application time: 1.0004226 seconds
[2019-01-25T14:58:26.092+0000][1][safepoint    ] Total time for which application threads were stopped: 0.0000833 seconds, Stopping threads took: 0.0000209 seconds
[2019-01-25T14:58:27.092+0000][1][safepoint    ] Application time: 1.0001164 seconds
[2019-01-25T14:58:27.093+0000][1][safepoint    ] Total time for which application threads were stopped: 0.0000877 seconds, Stopping threads took: 0.0000308 seconds
[2019-01-25T14:58:27.284+0000][1][safepoint    ] Application time: 0.1901681 seconds
[2019-01-25T14:58:27.288+0000][1][safepoint    ] Total time for which application threads were stopped: 0.0001181 seconds, Stopping threads took: 0.0000165 seconds
[2019-01-25T14:58:27.337+0000][1][safepoint    ] Application time: 0.0488837 seconds
[2019-01-25T14:58:27.339+0000][1][safepoint    ] Total time for which application threads were stopped: 0.0000745 seconds, Stopping threads took: 0.0000139 seconds
[2019-01-25T14:58:28.340+0000][1][safepoint    ] Application time: 1.0001109 seconds
[2019-01-25T14:58:28.340+0000][1][safepoint    ] Total time for which application threads were stopped: 0.0000902 seconds, Stopping threads took: 0.0000174 seconds
[2019-01-25T14:58:29.341+0000][1][safepoint    ] Application time: 1.0000995 seconds
[2019-01-25T14:58:29.342+0000][1][safepoint    ] Total time for which application threads were stopped: 0.0000545 seconds, Stopping threads took: 0.0000127 seconds
[2019-01-25T14:58:30.353+0000][1][safepoint    ] Application time: 1.0004619 seconds
[2019-01-25T14:58:30.354+0000][1][safepoint    ] Total time for which application threads were stopped: 0.0000987 seconds, Stopping threads took: 0.0000207 seconds
[2019-01-25T14:58:30.382+0000][1][safepoint    ] Application time: 0.0278853 seconds
[2019-01-25T14:58:30.383+0000][1][safepoint    ] Total time for which application threads were stopped: 0.0000800 seconds, Stopping threads took: 0.0000138 seconds
[2019-01-25T14:58:30.392+0000][1][safepoint    ] Application time: 0.0091036 seconds
[2019-01-25T14:58:30.393+0000][1][safepoint    ] Total time for which application threads were stopped: 0.0001041 seconds, Stopping threads took: 0.0000173 seconds
[2019-01-25T14:58:30.399+0000][1][safepoint    ] Application time: 0.0053964 seconds
[2019-01-25T14:58:30.400+0000][1][safepoint    ] Total time for which application threads were stopped: 0.0000661 seconds, Stopping threads took: 0.0000121 seconds
[2019-01-25T14:58:30.426+0000][1][safepoint    ] Application time: 0.0250571 seconds
[2019-01-25T14:58:30.427+0000][1][safepoint    ] Total time for which application threads were stopped: 0.0002753 seconds, Stopping threads took: 0.0000122 seconds
[2019-01-25T14:58:30.428+0000][1][safepoint    ] Application time: 0.0005654 seconds
[2019-01-25T14:58:30.428+0000][1][safepoint    ] Total time for which application threads were stopped: 0.0000668 seconds, Stopping threads took: 0.0000113 seconds
[2019-01-25T14:58:30.429+0000][1][safepoint    ] Application time: 0.0001656 seconds
[2019-01-25T14:58:30.429+0000][1][safepoint    ] Total time for which application threads were stopped: 0.0001869 seconds, Stopping threads took: 0.0000101 seconds
[2019-01-25T14:58:30.432+0000][1][safepoint    ] Application time: 0.0022998 seconds
[2019-01-25T14:58:30.433+0000][1][safepoint    ] Total time for which application threads were stopped: 0.0000835 seconds, Stopping threads took: 0.0000269 seconds
[2019-01-25T14:58:30.433+0000][1][safepoint    ] Application time: 0.0002014 seconds
[2019-01-25T14:58:30.434+0000][1][safepoint    ] Total time for which application threads were stopped: 0.0000814 seconds, Stopping threads took: 0.0000105 seconds
[2019-01-25T14:58:30.441+0000][1][safepoint    ] Application time: 0.0062358 seconds
[2019-01-25T14:58:30.441+0000][1][safepoint    ] Total time for which application threads were stopped: 0.0000652 seconds, Stopping threads took: 0.0000121 seconds
[2019-01-25T14:58:30.442+0000][1][safepoint    ] Application time: 0.0001296 seconds
[2019-01-25T14:58:30.442+0000][1][safepoint    ] Total time for which application threads were stopped: 0.0000729 seconds, Stopping threads took: 0.0000098 seconds
[2019-01-25T14:58:30.446+0000][1][safepoint    ] Application time: 0.0033498 seconds
[2019-01-25T14:58:30.446+0000][1][safepoint    ] Total time for which application threads were stopped: 0.0000661 seconds, Stopping threads took: 0.0000118 seconds
[2019-01-25T14:58:30.447+0000][1][safepoint    ] Application time: 0.0001219 seconds
[2019-01-25T14:58:30.448+0000][1][safepoint    ] Total time for which application threads were stopped: 0.0001241 seconds, Stopping threads took: 0.0000131 seconds
[2019-01-25T14:58:30.453+0000][1][safepoint    ] Application time: 0.0049166 seconds
[2019-01-25T14:58:30.454+0000][1][safepoint    ] Total time for which application threads were stopped: 0.0000714 seconds, Stopping threads took: 0.0000136 seconds
[2019-01-25T14:58:30.454+0000][1][safepoint    ] Application time: 0.0001447 seconds
[2019-01-25T14:58:30.455+0000][1][safepoint    ] Total time for which application threads were stopped: 0.0001512 seconds, Stopping threads took: 0.0000302 seconds
[2019-01-25T14:58:30.461+0000][1][safepoint    ] Application time: 0.0051356 seconds
[2019-01-25T14:58:30.461+0000][1][safepoint    ] Total time for which application threads were stopped: 0.0000647 seconds, Stopping threads took: 0.0000118 seconds
[2019-01-25T14:58:30.462+0000][1][safepoint    ] Application time: 0.0001973 seconds
[2019-01-25T14:58:30.462+0000][1][safepoint    ] Total time for which application threads were stopped: 0.0000593 seconds, Stopping threads took: 0.0000101 seconds
[2019-01-25T14:58:30.466+0000][1][safepoint    ] Application time: 0.0035903 seconds
[2019-01-25T14:58:30.467+0000][1][safepoint    ] Total time for which application threads were stopped: 0.0000682 seconds, Stopping threads took: 0.0000116 seconds
[2019-01-25T14:58:30.468+0000][1][safepoint    ] Application time: 0.0001289 seconds
[2019-01-25T14:58:30.468+0000][1][safepoint    ] Total time for which application threads were stopped: 0.0000752 seconds, Stopping threads took: 0.0000131 seconds
[2019-01-25T14:58:30.474+0000][1][safepoint    ] Application time: 0.0051361 seconds
[2019-01-25T14:58:30.475+0000][1][safepoint    ] Total time for which application threads were stopped: 0.0000811 seconds, Stopping threads took: 0.0000136 seconds
[2019-01-25T14:58:30.475+0000][1][safepoint    ] Application time: 0.0001220 seconds
[2019-01-25T14:58:30.476+0000][1][safepoint    ] Total time for which application threads were stopped: 0.0000595 seconds, Stopping threads took: 0.0000109 seconds
[2019-01-25T14:58:30.480+0000][1][safepoint    ] Application time: 0.0034905 seconds
[2019-01-25T14:58:30.481+0000][1][safepoint    ] Total time for which application threads were stopped: 0.0000971 seconds, Stopping threads took: 0.0000290 seconds
[2019-01-25T14:58:30.481+0000][1][safepoint    ] Application time: 0.0001481 seconds
[2019-01-25T14:58:30.482+0000][1][safepoint    ] Total time for which application threads were stopped: 0.0000589 seconds, Stopping threads took: 0.0000104 seconds
[2019-01-25T14:58:31.482+0000][1][safepoint    ] Application time: 1.0001872 seconds
[2019-01-25T14:58:31.483+0000][1][safepoint    ] Total time for which application threads were stopped: 0.0000771 seconds, Stopping threads took: 0.0000148 seconds
[2019-01-25T14:58:32.484+0000][1][safepoint    ] Application time: 1.0001217 seconds
[2019-01-25T14:58:32.484+0000][1][safepoint    ] Total time for which application threads were stopped: 0.0000777 seconds, Stopping threads took: 0.0000188 seconds
[2019-01-25T14:58:33.488+0000][1][safepoint    ] Application time: 1.0031030 seconds
[2019-01-25T14:58:33.489+0000][1][safepoint    ] Total time for which application threads were stopped: 0.0000932 seconds, Stopping threads took: 0.0000187 seconds
[2019-01-25T14:58:33.597+0000][1][safepoint    ] Application time: 0.1079470 seconds
[2019-01-25T14:58:33.599+0000][1][safepoint    ] Total time for which application threads were stopped: 0.0001128 seconds, Stopping threads took: 0.0000207 seconds
[2019-01-25T14:58:33.601+0000][1][safepoint    ] Application time: 0.0002718 seconds
[2019-01-25T14:58:33.602+0000][1][safepoint    ] Total time for which application threads were stopped: 0.0001084 seconds, Stopping threads took: 0.0000187 seconds
[2019-01-25T14:58:33.603+0000][1][safepoint    ] Application time: 0.0002494 seconds
[2019-01-25T14:58:33.604+0000][1][safepoint    ] Total time for which application threads were stopped: 0.0001117 seconds, Stopping threads took: 0.0000195 seconds
[2019-01-25T14:58:33.605+0000][1][safepoint    ] Application time: 0.0003581 seconds
[2019-01-25T14:58:33.606+0000][1][safepoint    ] Total time for which application threads were stopped: 0.0000699 seconds, Stopping threads took: 0.0000148 seconds
[2019-01-25T14:58:33.607+0000][1][safepoint    ] Application time: 0.0002937 seconds
[2019-01-25T14:58:33.607+0000][1][safepoint    ] Total time for which application threads were stopped: 0.0001159 seconds, Stopping threads took: 0.0000171 seconds
[2019-01-25T14:58:33.608+0000][1][safepoint    ] Application time: 0.0002600 seconds
[2019-01-25T14:58:33.609+0000][1][safepoint    ] Total time for which application threads were stopped: 0.0004074 seconds, Stopping threads took: 0.0000632 seconds
[2019-01-25T14:58:33.935+0000][1][safepoint    ] Application time: 0.3249383 seconds
[2019-01-25T14:58:33.939+0000][1][safepoint    ] Total time for which application threads were stopped: 0.0003120 seconds, Stopping threads took: 0.0000196 seconds
[2019-01-25T14:58:33.943+0000][1][safepoint    ] Application time: 0.0011730 seconds
[2019-01-25T14:58:33.944+0000][1][safepoint    ] Total time for which application threads were stopped: 0.0001992 seconds, Stopping threads took: 0.0000667 seconds
[2019-01-25T14:58:34.945+0000][1][safepoint    ] Application time: 1.0007054 seconds
[2019-01-25T14:58:34.949+0000][1][safepoint    ] Total time for which application threads were stopped: 0.0001047 seconds, Stopping threads took: 0.0000194 seconds
[2019-01-25T14:58:35.954+0000][1][safepoint    ] Application time: 1.0001442 seconds
[2019-01-25T14:58:35.955+0000][1][safepoint    ] Total time for which application threads were stopped: 0.0000877 seconds, Stopping threads took: 0.0000182 seconds
[2019-01-25T14:58:36.955+0000][1][safepoint    ] Application time: 1.0002974 seconds
[2019-01-25T14:58:36.956+0000][1][safepoint    ] Total time for which application threads were stopped: 0.0000659 seconds, Stopping threads took: 0.0000168 seconds
[2019-01-25T14:58:37.957+0000][1][safepoint    ] Application time: 1.0001529 seconds
[2019-01-25T14:58:37.958+0000][1][safepoint    ] Total time for which application threads were stopped: 0.0000775 seconds, Stopping threads took: 0.0000195 seconds
[2019-01-25T14:58:38.958+0000][1][safepoint    ] Application time: 1.0001311 seconds
[2019-01-25T14:58:38.959+0000][1][safepoint    ] Total time for which application threads were stopped: 0.0000811 seconds, Stopping threads took: 0.0000179 seconds
[2019-01-25T14:58:39.959+0000][1][safepoint    ] Application time: 1.0001445 seconds
[2019-01-25T14:58:39.960+0000][1][safepoint    ] Total time for which application threads were stopped: 0.0000983 seconds, Stopping threads took: 0.0000198 seconds
[2019-01-25T14:58:40.961+0000][1][safepoint    ] Application time: 1.0003827 seconds
[2019-01-25T14:58:40.964+0000][1][safepoint    ] Total time for which application threads were stopped: 0.0000621 seconds, Stopping threads took: 0.0000142 seconds
[2019-01-25T14:58:41.965+0000][1][safepoint    ] Application time: 1.0001110 seconds
[2019-01-25T14:58:41.966+0000][1][safepoint    ] Total time for which application threads were stopped: 0.0000764 seconds, Stopping threads took: 0.0000343 seconds
[2019-01-25T14:58:42.966+0000][1][safepoint    ] Application time: 1.0001565 seconds
[2019-01-25T14:58:42.967+0000][1][safepoint    ] Total time for which application threads were stopped: 0.0000843 seconds, Stopping threads took: 0.0000186 seconds
[2019-01-25T14:58:43.967+0000][1][safepoint    ] Application time: 1.0001582 seconds
[2019-01-25T14:58:43.968+0000][1][safepoint    ] Total time for which application threads were stopped: 0.0001135 seconds, Stopping threads took: 0.0000320 seconds
[2019-01-25T14:58:44.969+0000][1][safepoint    ] Application time: 1.0004285 seconds
[2019-01-25T14:58:44.970+0000][1][safepoint    ] Total time for which application threads were stopped: 0.0000613 seconds, Stopping threads took: 0.0000153 seconds
[2019-01-25T14:58:45.971+0000][1][safepoint    ] Application time: 1.0001581 seconds
[2019-01-25T14:58:45.971+0000][1][safepoint    ] Total time for which application threads were stopped: 0.0000792 seconds, Stopping threads took: 0.0000172 seconds
[2019-01-25T14:58:46.973+0000][1][safepoint    ] Application time: 1.0004620 seconds
[2019-01-25T14:58:46.974+0000][1][safepoint    ] Total time for which application threads were stopped: 0.0000713 seconds, Stopping threads took: 0.0000130 seconds
[2019-01-25T14:58:47.974+0000][1][safepoint    ] Application time: 1.0001631 seconds
[2019-01-25T14:58:47.975+0000][1][safepoint    ] Total time for which application threads were stopped: 0.0000871 seconds, Stopping threads took: 0.0000178 seconds
[2019-01-25T14:58:48.975+0000][1][safepoint    ] Application time: 1.0002320 seconds
[2019-01-25T14:58:48.977+0000][1][safepoint    ] Total time for which application threads were stopped: 0.0001157 seconds, Stopping threads took: 0.0000256 seconds
[2019-01-25T14:58:49.983+0000][1][safepoint    ] Application time: 1.0051467 seconds
[2019-01-25T14:58:49.988+0000][1][safepoint    ] Total time for which application threads were stopped: 0.0000822 seconds, Stopping threads took: 0.0000188 seconds
[2019-01-25T14:58:50.991+0000][1][safepoint    ] Application time: 1.0001526 seconds
[2019-01-25T14:58:50.992+0000][1][safepoint    ] Total time for which application threads were stopped: 0.0000616 seconds, Stopping threads took: 0.0000158 seconds
[2019-01-25T14:58:51.993+0000][1][safepoint    ] Application time: 1.0001895 seconds
[2019-01-25T14:58:51.997+0000][1][safepoint    ] Total time for which application threads were stopped: 0.0000607 seconds, Stopping threads took: 0.0000147 seconds
[2019-01-25T14:58:52.998+0000][1][safepoint    ] Application time: 1.0001635 seconds
[2019-01-25T14:58:52.999+0000][1][safepoint    ] Total time for which application threads were stopped: 0.0001134 seconds, Stopping threads took: 0.0000218 seconds
[2019-01-25T14:58:53.999+0000][1][safepoint    ] Application time: 1.0001310 seconds
[2019-01-25T14:58:54.006+0000][1][safepoint    ] Total time for which application threads were stopped: 0.0000827 seconds, Stopping threads took: 0.0000229 seconds
[2019-01-25T14:58:55.007+0000][1][safepoint    ] Application time: 1.0001473 seconds
[2019-01-25T14:58:55.012+0000][1][safepoint    ] Total time for which application threads were stopped: 0.0001254 seconds, Stopping threads took: 0.0000193 seconds
[2019-01-25T14:58:56.013+0000][1][safepoint    ] Application time: 1.0001638 seconds
[2019-01-25T14:58:56.014+0000][1][safepoint    ] Total time for which application threads were stopped: 0.0000836 seconds, Stopping threads took: 0.0000178 seconds
[2019-01-25T14:58:57.014+0000][1][safepoint    ] Application time: 1.0003189 seconds
[2019-01-25T14:58:57.015+0000][1][safepoint    ] Total time for which application threads were stopped: 0.0001275 seconds, Stopping threads took: 0.0000292 seconds
[2019-01-25T14:58:58.016+0000][1][safepoint    ] Application time: 1.0001202 seconds
[2019-01-25T14:58:58.017+0000][1][safepoint    ] Total time for which application threads were stopped: 0.0000709 seconds, Stopping threads took: 0.0000259 seconds
[2019-01-25T14:58:59.022+0000][1][safepoint    ] Application time: 1.0001308 seconds
[2019-01-25T14:58:59.029+0000][1][safepoint    ] Total time for which application threads were stopped: 0.0000817 seconds, Stopping threads took: 0.0000188 seconds
[2019-01-25T14:59:00.035+0000][1][safepoint    ] Application time: 1.0001208 seconds
[2019-01-25T14:59:00.035+0000][1][safepoint    ] Total time for which application threads were stopped: 0.0000833 seconds, Stopping threads took: 0.0000161 seconds
[2019-01-25T14:59:01.036+0000][1][safepoint    ] Application time: 1.0001557 seconds
[2019-01-25T14:59:01.036+0000][1][safepoint    ] Total time for which application threads were stopped: 0.0000558 seconds, Stopping threads took: 0.0000128 seconds
[2019-01-25T14:59:02.037+0000][1][safepoint    ] Application time: 1.0001575 seconds
[2019-01-25T14:59:02.037+0000][1][safepoint    ] Total time for which application threads were stopped: 0.0000778 seconds, Stopping threads took: 0.0000173 seconds
[2019-01-25T14:59:03.038+0000][1][safepoint    ] Application time: 1.0002757 seconds
[2019-01-25T14:59:03.040+0000][1][safepoint    ] Total time for which application threads were stopped: 0.0001479 seconds, Stopping threads took: 0.0000315 seconds
[2019-01-25T14:59:03.612+0000][1][safepoint    ] Application time: 0.5710312 seconds
[2019-01-25T14:59:03.612+0000][1][safepoint    ] Total time for which application threads were stopped: 0.0000929 seconds, Stopping threads took: 0.0000154 seconds
[2019-01-25T14:59:03.613+0000][1][safepoint    ] Application time: 0.0002026 seconds
[2019-01-25T14:59:03.613+0000][1][safepoint    ] Total time for which application threads were stopped: 0.0000877 seconds, Stopping threads took: 0.0000146 seconds
[2019-01-25T14:59:03.614+0000][1][safepoint    ] Application time: 0.0002304 seconds
[2019-01-25T14:59:03.614+0000][1][safepoint    ] Total time for which application threads were stopped: 0.0000873 seconds, Stopping threads took: 0.0000146 seconds
[2019-01-25T14:59:03.615+0000][1][safepoint    ] Application time: 0.0001705 seconds
[2019-01-25T14:59:03.615+0000][1][safepoint    ] Total time for which application threads were stopped: 0.0001076 seconds, Stopping threads took: 0.0000163 seconds
[2019-01-25T14:59:04.616+0000][1][safepoint    ] Application time: 1.0002631 seconds
[2019-01-25T14:59:04.617+0000][1][safepoint    ] Total time for which application threads were stopped: 0.0000751 seconds, Stopping threads took: 0.0000170 seconds
[2019-01-25T14:59:05.617+0000][1][safepoint    ] Application time: 1.0001105 seconds
[2019-01-25T14:59:05.618+0000][1][safepoint    ] Total time for which application threads were stopped: 0.0000722 seconds, Stopping threads took: 0.0000124 seconds
[2019-01-25T14:59:05.865+0000][1][safepoint    ] Application time: 0.2470451 seconds
[2019-01-25T14:59:05.867+0000][1][safepoint    ] Total time for which application threads were stopped: 0.0001990 seconds, Stopping threads took: 0.0000194 seconds
[2019-01-25T14:59:05.881+0000][1][safepoint    ] Application time: 0.0094793 seconds
[2019-01-25T14:59:05.881+0000][1][safepoint    ] Total time for which application threads were stopped: 0.0001051 seconds, Stopping threads took: 0.0000171 seconds
[2019-01-25T14:59:05.889+0000][1][safepoint    ] Application time: 0.0032151 seconds
[2019-01-25T14:59:05.893+0000][1][safepoint    ] Total time for which application threads were stopped: 0.0003653 seconds, Stopping threads took: 0.0001904 seconds
[2019-01-25T14:59:05.897+0000][1][safepoint    ] Application time: 0.0039847 seconds
[2019-01-25T14:59:05.900+0000][1][gc,start     ] GC(28) Pause Young (Allocation Failure)
[2019-01-25T14:59:05.901+0000][1][gc,task      ] GC(28) Using 2 workers of 2 for evacuation
[2019-01-25T14:59:05.920+0000][1][gc,age       ] GC(28) Desired survivor size 4456448 bytes, new threshold 6 (max threshold 6)
[2019-01-25T14:59:05.923+0000][1][gc,age       ] GC(28) Age table with threshold 6 (max threshold 6)
[2019-01-25T14:59:05.927+0000][1][gc,age       ] GC(28) - age   1:     532456 bytes,     532456 total
[2019-01-25T14:59:05.930+0000][1][gc,age       ] GC(28) - age   2:    2953552 bytes,    3486008 total
[2019-01-25T14:59:05.931+0000][1][gc,age       ] GC(28) - age   3:     925672 bytes,    4411680 total
[2019-01-25T14:59:05.932+0000][1][gc,age       ] GC(28) - age   4:       1496 bytes,    4413176 total
[2019-01-25T14:59:05.932+0000][1][gc,age       ] GC(28) - age   5:       7336 bytes,    4420512 total
[2019-01-25T14:59:05.933+0000][1][gc,age       ] GC(28) - age   6:       7016 bytes,    4427528 total
[2019-01-25T14:59:05.934+0000][1][gc,heap      ] GC(28) ParNew: 74055K->5097K(78656K)
[2019-01-25T14:59:05.935+0000][1][gc,heap      ] GC(28) CMS: 83438K->83439K(174784K)
[2019-01-25T14:59:05.936+0000][1][gc,metaspace ] GC(28) Metaspace: 70846K->70846K(1114112K)
[2019-01-25T14:59:05.936+0000][1][gc           ] GC(28) Pause Young (Allocation Failure) 153M->86M(247M) 36.046ms
[2019-01-25T14:59:05.936+0000][1][gc,cpu       ] GC(28) User=0.02s Sys=0.01s Real=0.04s
[2019-01-25T14:59:05.937+0000][1][safepoint    ] Total time for which application threads were stopped: 0.0370804 seconds, Stopping threads took: 0.0000482 seconds
[2019-01-25T14:59:06.938+0000][1][safepoint    ] Application time: 1.0004841 seconds
[2019-01-25T14:59:06.938+0000][1][safepoint    ] Total time for which application threads were stopped: 0.0000799 seconds, Stopping threads took: 0.0000187 seconds
[2019-01-25T14:59:07.939+0000][1][safepoint    ] Application time: 1.0000939 seconds
[2019-01-25T14:59:07.940+0000][1][safepoint    ] Total time for which application threads were stopped: 0.0001001 seconds, Stopping threads took: 0.0000180 seconds
[2019-01-25T14:59:08.940+0000][1][safepoint    ] Application time: 1.0001259 seconds
[2019-01-25T14:59:08.940+0000][1][safepoint    ] Total time for which application threads were stopped: 0.0000591 seconds, Stopping threads took: 0.0000128 seconds
[2019-01-25T14:59:09.942+0000][1][safepoint    ] Application time: 1.0015940 seconds
[2019-01-25T14:59:09.949+0000][1][safepoint    ] Total time for which application threads were stopped: 0.0000566 seconds, Stopping threads took: 0.0000142 seconds
[2019-01-25T14:59:10.950+0000][1][safepoint    ] Application time: 1.0001357 seconds
[2019-01-25T14:59:10.950+0000][1][safepoint    ] Total time for which application threads were stopped: 0.0000829 seconds, Stopping threads took: 0.0000205 seconds
[2019-01-25T14:59:11.951+0000][1][safepoint    ] Application time: 1.0004872 seconds
[2019-01-25T14:59:11.952+0000][1][safepoint    ] Total time for which application threads were stopped: 0.0001076 seconds, Stopping threads took: 0.0000424 seconds
[2019-01-25T14:59:12.953+0000][1][safepoint    ] Application time: 1.0001567 seconds
[2019-01-25T14:59:12.954+0000][1][safepoint    ] Total time for which application threads were stopped: 0.0000828 seconds, Stopping threads took: 0.0000201 seconds
[2019-01-25T14:59:13.954+0000][1][safepoint    ] Application time: 1.0001864 seconds
[2019-01-25T14:59:13.955+0000][1][safepoint    ] Total time for which application threads were stopped: 0.0000746 seconds, Stopping threads took: 0.0000195 seconds
[2019-01-25T14:59:14.956+0000][1][safepoint    ] Application time: 1.0001249 seconds
[2019-01-25T14:59:14.956+0000][1][safepoint    ] Total time for which application threads were stopped: 0.0001072 seconds, Stopping threads took: 0.0000419 seconds
[2019-01-25T14:59:15.960+0000][1][safepoint    ] Application time: 1.0001367 seconds
[2019-01-25T14:59:15.961+0000][1][safepoint    ] Total time for which application threads were stopped: 0.0000549 seconds, Stopping threads took: 0.0000132 seconds
[2019-01-25T14:59:16.963+0000][1][safepoint    ] Application time: 1.0001469 seconds
[2019-01-25T14:59:16.963+0000][1][safepoint    ] Total time for which application threads were stopped: 0.0000829 seconds, Stopping threads took: 0.0000177 seconds
[2019-01-25T14:59:17.964+0000][1][safepoint    ] Application time: 1.0001446 seconds
[2019-01-25T14:59:17.965+0000][1][safepoint    ] Total time for which application threads were stopped: 0.0000860 seconds, Stopping threads took: 0.0000186 seconds
[2019-01-25T14:59:18.965+0000][1][safepoint    ] Application time: 1.0001433 seconds
[2019-01-25T14:59:18.966+0000][1][safepoint    ] Total time for which application threads were stopped: 0.0000910 seconds, Stopping threads took: 0.0000186 seconds
[2019-01-25T14:59:19.968+0000][1][safepoint    ] Application time: 1.0018019 seconds
[2019-01-25T14:59:19.973+0000][1][safepoint    ] Total time for which application threads were stopped: 0.0000934 seconds, Stopping threads took: 0.0000190 seconds
[2019-01-25T14:59:20.981+0000][1][safepoint    ] Application time: 1.0001402 seconds
[2019-01-25T14:59:20.981+0000][1][safepoint    ] Total time for which application threads were stopped: 0.0000813 seconds, Stopping threads took: 0.0000171 seconds
[2019-01-25T14:59:21.992+0000][1][safepoint    ] Application time: 1.0077748 seconds
[2019-01-25T14:59:21.994+0000][1][safepoint    ] Total time for which application threads were stopped: 0.0000828 seconds, Stopping threads took: 0.0000175 seconds
[2019-01-25T14:59:22.999+0000][1][safepoint    ] Application time: 1.0001312 seconds
[2019-01-25T14:59:23.000+0000][1][safepoint    ] Total time for which application threads were stopped: 0.0000882 seconds, Stopping threads took: 0.0000195 seconds
[2019-01-25T14:59:24.006+0000][1][safepoint    ] Application time: 1.0001989 seconds
[2019-01-25T14:59:24.007+0000][1][safepoint    ] Total time for which application threads were stopped: 0.0000931 seconds, Stopping threads took: 0.0000181 seconds
[2019-01-25T14:59:25.008+0000][1][safepoint    ] Application time: 1.0001338 seconds
[2019-01-25T14:59:25.008+0000][1][safepoint    ] Total time for which application threads were stopped: 0.0000892 seconds, Stopping threads took: 0.0000178 seconds
[2019-01-25T14:59:26.010+0000][1][safepoint    ] Application time: 1.0011644 seconds
[2019-01-25T14:59:26.012+0000][1][safepoint    ] Total time for which application threads were stopped: 0.0000869 seconds, Stopping threads took: 0.0000196 seconds
[2019-01-25T14:59:27.014+0000][1][safepoint    ] Application time: 1.0016344 seconds
[2019-01-25T14:59:27.015+0000][1][safepoint    ] Total time for which application threads were stopped: 0.0000803 seconds, Stopping threads took: 0.0000188 seconds
[2019-01-25T14:59:28.016+0000][1][safepoint    ] Application time: 1.0007653 seconds
[2019-01-25T14:59:28.017+0000][1][safepoint    ] Total time for which application threads were stopped: 0.0000932 seconds, Stopping threads took: 0.0000173 seconds
[2019-01-25T14:59:29.018+0000][1][safepoint    ] Application time: 1.0001287 seconds
[2019-01-25T14:59:29.018+0000][1][safepoint    ] Total time for which application threads were stopped: 0.0000822 seconds, Stopping threads took: 0.0000185 seconds
[2019-01-25T14:59:30.014+0000][1][safepoint    ] Application time: 1.0001087 seconds
[2019-01-25T14:59:30.015+0000][1][safepoint    ] Total time for which application threads were stopped: 0.0000771 seconds, Stopping threads took: 0.0000174 seconds
[2019-01-25T14:59:31.015+0000][1][safepoint    ] Application time: 1.0001900 seconds
[2019-01-25T14:59:31.016+0000][1][safepoint    ] Total time for which application threads were stopped: 0.0000701 seconds, Stopping threads took: 0.0000163 seconds
[2019-01-25T14:59:32.017+0000][1][safepoint    ] Application time: 1.0001345 seconds
[2019-01-25T14:59:32.019+0000][1][safepoint    ] Total time for which application threads were stopped: 0.0000544 seconds, Stopping threads took: 0.0000135 seconds
[2019-01-25T14:59:33.019+0000][1][safepoint    ] Application time: 1.0001185 seconds
[2019-01-25T14:59:33.020+0000][1][safepoint    ] Total time for which application threads were stopped: 0.0001023 seconds, Stopping threads took: 0.0000148 seconds
[2019-01-25T14:59:34.020+0000][1][safepoint    ] Application time: 1.0000957 seconds
[2019-01-25T14:59:34.022+0000][1][safepoint    ] Total time for which application threads were stopped: 0.0000575 seconds, Stopping threads took: 0.0000145 seconds
[2019-01-25T14:59:35.027+0000][1][safepoint    ] Application time: 1.0001390 seconds
[2019-01-25T14:59:35.036+0000][1][safepoint    ] Total time for which application threads were stopped: 0.0001046 seconds, Stopping threads took: 0.0000202 seconds
[2019-01-25T14:59:36.037+0000][1][safepoint    ] Application time: 1.0001381 seconds
[2019-01-25T14:59:36.038+0000][1][safepoint    ] Total time for which application threads were stopped: 0.0001026 seconds, Stopping threads took: 0.0000181 seconds
[2019-01-25T14:59:37.038+0000][1][safepoint    ] Application time: 1.0003527 seconds
[2019-01-25T14:59:37.039+0000][1][safepoint    ] Total time for which application threads were stopped: 0.0000621 seconds, Stopping threads took: 0.0000156 seconds
[2019-01-25T14:59:38.040+0000][1][safepoint    ] Application time: 1.0001543 seconds
[2019-01-25T14:59:38.040+0000][1][safepoint    ] Total time for which application threads were stopped: 0.0000551 seconds, Stopping threads took: 0.0000125 seconds
[2019-01-25T14:59:39.041+0000][1][safepoint    ] Application time: 1.0003832 seconds
[2019-01-25T14:59:39.042+0000][1][safepoint    ] Total time for which application threads were stopped: 0.0000649 seconds, Stopping threads took: 0.0000163 seconds
[2019-01-25T14:59:40.042+0000][1][safepoint    ] Application time: 1.0001159 seconds
[2019-01-25T14:59:40.044+0000][1][safepoint    ] Total time for which application threads were stopped: 0.0000769 seconds, Stopping threads took: 0.0000178 seconds
[2019-01-25T14:59:41.048+0000][1][safepoint    ] Application time: 1.0004002 seconds
[2019-01-25T14:59:41.049+0000][1][safepoint    ] Total time for which application threads were stopped: 0.0000835 seconds, Stopping threads took: 0.0000196 seconds
[2019-01-25T14:59:42.050+0000][1][safepoint    ] Application time: 1.0001382 seconds
[2019-01-25T14:59:42.052+0000][1][safepoint    ] Total time for which application threads were stopped: 0.0001149 seconds, Stopping threads took: 0.0000413 seconds
[2019-01-25T14:59:43.054+0000][1][safepoint    ] Application time: 1.0002003 seconds
[2019-01-25T14:59:43.056+0000][1][safepoint    ] Total time for which application threads were stopped: 0.0001757 seconds, Stopping threads took: 0.0000335 seconds
[2019-01-25T14:59:44.057+0000][1][safepoint    ] Application time: 1.0001251 seconds
[2019-01-25T14:59:44.057+0000][1][safepoint    ] Total time for which application threads were stopped: 0.0000751 seconds, Stopping threads took: 0.0000180 seconds
[2019-01-25T14:59:45.058+0000][1][safepoint    ] Application time: 1.0001374 seconds
[2019-01-25T14:59:45.059+0000][1][safepoint    ] Total time for which application threads were stopped: 0.0000751 seconds, Stopping threads took: 0.0000173 seconds
[2019-01-25T14:59:46.059+0000][1][safepoint    ] Application time: 1.0001340 seconds
[2019-01-25T14:59:46.060+0000][1][safepoint    ] Total time for which application threads were stopped: 0.0000864 seconds, Stopping threads took: 0.0000231 seconds
[2019-01-25T14:59:47.064+0000][1][safepoint    ] Application time: 1.0001718 seconds
[2019-01-25T14:59:47.065+0000][1][safepoint    ] Total time for which application threads were stopped: 0.0000787 seconds, Stopping threads took: 0.0000178 seconds
[2019-01-25T14:59:48.065+0000][1][safepoint    ] Application time: 1.0001578 seconds
[2019-01-25T14:59:48.066+0000][1][safepoint    ] Total time for which application threads were stopped: 0.0001202 seconds, Stopping threads took: 0.0000264 seconds
[2019-01-25T14:59:49.067+0000][1][safepoint    ] Application time: 1.0001675 seconds
[2019-01-25T14:59:49.068+0000][1][safepoint    ] Total time for which application threads were stopped: 0.0001155 seconds, Stopping threads took: 0.0000307 seconds
[2019-01-25T14:59:50.071+0000][1][safepoint    ] Application time: 1.0024855 seconds
[2019-01-25T14:59:50.083+0000][1][safepoint    ] Total time for which application threads were stopped: 0.0001005 seconds, Stopping threads took: 0.0000193 seconds
[2019-01-25T14:59:51.084+0000][1][safepoint    ] Application time: 1.0001003 seconds
[2019-01-25T14:59:51.085+0000][1][safepoint    ] Total time for which application threads were stopped: 0.0001004 seconds, Stopping threads took: 0.0000157 seconds
[2019-01-25T14:59:52.086+0000][1][safepoint    ] Application time: 1.0001060 seconds
[2019-01-25T14:59:52.087+0000][1][safepoint    ] Total time for which application threads were stopped: 0.0000562 seconds, Stopping threads took: 0.0000131 seconds
[2019-01-25T14:59:53.088+0000][1][safepoint    ] Application time: 1.0001143 seconds
[2019-01-25T14:59:53.088+0000][1][safepoint    ] Total time for which application threads were stopped: 0.0000581 seconds, Stopping threads took: 0.0000134 seconds
[2019-01-25T14:59:54.089+0000][1][safepoint    ] Application time: 1.0001253 seconds
[2019-01-25T14:59:54.089+0000][1][safepoint    ] Total time for which application threads were stopped: 0.0000609 seconds, Stopping threads took: 0.0000144 seconds
[2019-01-25T14:59:55.091+0000][1][safepoint    ] Application time: 1.0007343 seconds
[2019-01-25T14:59:55.094+0000][1][safepoint    ] Total time for which application threads were stopped: 0.0000830 seconds, Stopping threads took: 0.0000180 seconds
[2019-01-25T14:59:56.098+0000][1][safepoint    ] Application time: 1.0001347 seconds
[2019-01-25T14:59:56.098+0000][1][safepoint    ] Total time for which application threads were stopped: 0.0000910 seconds, Stopping threads took: 0.0000189 seconds
[2019-01-25T14:59:57.099+0000][1][safepoint    ] Application time: 1.0001423 seconds
[2019-01-25T14:59:57.100+0000][1][safepoint    ] Total time for which application threads were stopped: 0.0000791 seconds, Stopping threads took: 0.0000193 seconds
[2019-01-25T14:59:58.101+0000][1][safepoint    ] Application time: 1.0001784 seconds
[2019-01-25T14:59:58.101+0000][1][safepoint    ] Total time for which application threads were stopped: 0.0000915 seconds, Stopping threads took: 0.0000177 seconds
[2019-01-25T14:59:59.102+0000][1][safepoint    ] Application time: 1.0001678 seconds
[2019-01-25T14:59:59.103+0000][1][safepoint    ] Total time for which application threads were stopped: 0.0000741 seconds, Stopping threads took: 0.0000179 seconds
[2019-01-25T15:00:00.104+0000][1][safepoint    ] Application time: 1.0001676 seconds
[2019-01-25T15:00:00.105+0000][1][safepoint    ] Total time for which application threads were stopped: 0.0000561 seconds, Stopping threads took: 0.0000133 seconds
[2019-01-25T15:00:01.105+0000][1][safepoint    ] Application time: 1.0001421 seconds
[2019-01-25T15:00:01.107+0000][1][safepoint    ] Total time for which application threads were stopped: 0.0000765 seconds, Stopping threads took: 0.0000172 seconds
[2019-01-25T15:00:02.107+0000][1][safepoint    ] Application time: 1.0001666 seconds
[2019-01-25T15:00:02.108+0000][1][safepoint    ] Total time for which application threads were stopped: 0.0000614 seconds, Stopping threads took: 0.0000145 seconds
[2019-01-25T15:00:03.109+0000][1][safepoint    ] Application time: 1.0001816 seconds
[2019-01-25T15:00:03.109+0000][1][safepoint    ] Total time for which application threads were stopped: 0.0000855 seconds, Stopping threads took: 0.0000185 seconds
[2019-01-25T15:00:04.110+0000][1][safepoint    ] Application time: 1.0001815 seconds
[2019-01-25T15:00:04.110+0000][1][safepoint    ] Total time for which application threads were stopped: 0.0000593 seconds, Stopping threads took: 0.0000146 seconds
[2019-01-25T15:00:05.111+0000][1][safepoint    ] Application time: 1.0001343 seconds
[2019-01-25T15:00:05.113+0000][1][safepoint    ] Total time for which application threads were stopped: 0.0000783 seconds, Stopping threads took: 0.0000193 seconds
[2019-01-25T15:00:05.733+0000][1][safepoint    ] Application time: 0.6189265 seconds
[2019-01-25T15:00:05.734+0000][1][safepoint    ] Total time for which application threads were stopped: 0.0004313 seconds, Stopping threads took: 0.0000294 seconds
[2019-01-25T15:00:05.877+0000][1][safepoint    ] Application time: 0.1428010 seconds
[2019-01-25T15:00:05.878+0000][1][safepoint    ] Total time for which application threads were stopped: 0.0001340 seconds, Stopping threads took: 0.0000168 seconds
[2019-01-25T15:00:06.879+0000][1][safepoint    ] Application time: 1.0003004 seconds
[2019-01-25T15:00:06.882+0000][1][safepoint    ] Total time for which application threads were stopped: 0.0000891 seconds, Stopping threads took: 0.0000156 seconds
[2019-01-25T15:00:07.882+0000][1][safepoint    ] Application time: 1.0001559 seconds
[2019-01-25T15:00:07.885+0000][1][safepoint    ] Total time for which application threads were stopped: 0.0001118 seconds, Stopping threads took: 0.0000182 seconds
[2019-01-25T15:00:08.887+0000][1][safepoint    ] Application time: 1.0005702 seconds
[2019-01-25T15:00:08.888+0000][1][safepoint    ] Total time for which application threads were stopped: 0.0000632 seconds, Stopping threads took: 0.0000154 seconds
[2019-01-25T15:00:09.888+0000][1][safepoint    ] Application time: 1.0001578 seconds
[2019-01-25T15:00:09.889+0000][1][safepoint    ] Total time for which application threads were stopped: 0.0000766 seconds, Stopping threads took: 0.0000185 seconds
[2019-01-25T15:00:10.890+0000][1][safepoint    ] Application time: 1.0002024 seconds
[2019-01-25T15:00:10.891+0000][1][safepoint    ] Total time for which application threads were stopped: 0.0000752 seconds, Stopping threads took: 0.0000180 seconds
[2019-01-25T15:00:11.891+0000][1][safepoint    ] Application time: 1.0001402 seconds
[2019-01-25T15:00:11.892+0000][1][safepoint    ] Total time for which application threads were stopped: 0.0000875 seconds, Stopping threads took: 0.0000182 seconds
[2019-01-25T15:00:12.892+0000][1][safepoint    ] Application time: 1.0001049 seconds
[2019-01-25T15:00:12.893+0000][1][safepoint    ] Total time for which application threads were stopped: 0.0000747 seconds, Stopping threads took: 0.0000323 seconds
[2019-01-25T15:00:13.894+0000][1][safepoint    ] Application time: 1.0001132 seconds
[2019-01-25T15:00:13.894+0000][1][safepoint    ] Total time for which application threads were stopped: 0.0000828 seconds, Stopping threads took: 0.0000182 seconds
[2019-01-25T15:00:13.936+0000][1][safepoint    ] Application time: 0.0302654 seconds
[2019-01-25T15:00:13.943+0000][1][safepoint    ] Total time for which application threads were stopped: 0.0061600 seconds, Stopping threads took: 0.0054461 seconds
[2019-01-25T15:00:13.950+0000][1][safepoint    ] Application time: 0.0019906 seconds
[2019-01-25T15:00:13.957+0000][1][safepoint    ] Total time for which application threads were stopped: 0.0001132 seconds, Stopping threads took: 0.0000177 seconds
[2019-01-25T15:00:13.957+0000][1][safepoint    ] Application time: 0.0001687 seconds
[2019-01-25T15:00:13.958+0000][1][safepoint    ] Total time for which application threads were stopped: 0.0000837 seconds, Stopping threads took: 0.0000155 seconds
[2019-01-25T15:00:13.959+0000][1][safepoint    ] Application time: 0.0007066 seconds
[2019-01-25T15:00:13.960+0000][1][safepoint    ] Total time for which application threads were stopped: 0.0001264 seconds, Stopping threads took: 0.0000169 seconds
[2019-01-25T15:00:13.961+0000][1][safepoint    ] Application time: 0.0002418 seconds
[2019-01-25T15:00:13.961+0000][1][safepoint    ] Total time for which application threads were stopped: 0.0000835 seconds, Stopping threads took: 0.0000125 seconds
[2019-01-25T15:00:13.963+0000][1][safepoint    ] Application time: 0.0011393 seconds
[2019-01-25T15:00:13.964+0000][1][safepoint    ] Total time for which application threads were stopped: 0.0001066 seconds, Stopping threads took: 0.0000182 seconds
[2019-01-25T15:00:13.965+0000][1][safepoint    ] Application time: 0.0003462 seconds
[2019-01-25T15:00:13.966+0000][1][safepoint    ] Total time for which application threads were stopped: 0.0000768 seconds, Stopping threads took: 0.0000140 seconds
[2019-01-25T15:00:13.966+0000][1][safepoint    ] Application time: 0.0002168 seconds
[2019-01-25T15:00:13.967+0000][1][safepoint    ] Total time for which application threads were stopped: 0.0000721 seconds, Stopping threads took: 0.0000139 seconds
[2019-01-25T15:00:13.968+0000][1][safepoint    ] Application time: 0.0001993 seconds
[2019-01-25T15:00:13.968+0000][1][safepoint    ] Total time for which application threads were stopped: 0.0001166 seconds, Stopping threads took: 0.0000284 seconds
[2019-01-25T15:00:13.978+0000][1][safepoint    ] Application time: 0.0098978 seconds
[2019-01-25T15:00:13.979+0000][1][safepoint    ] Total time for which application threads were stopped: 0.0000760 seconds, Stopping threads took: 0.0000134 seconds
[2019-01-25T15:00:13.979+0000][1][safepoint    ] Application time: 0.0001574 seconds
[2019-01-25T15:00:13.980+0000][1][safepoint    ] Total time for which application threads were stopped: 0.0000821 seconds, Stopping threads took: 0.0000123 seconds
[2019-01-25T15:00:13.980+0000][1][safepoint    ] Application time: 0.0001452 seconds
[2019-01-25T15:00:13.981+0000][1][safepoint    ] Total time for which application threads were stopped: 0.0001039 seconds, Stopping threads took: 0.0000162 seconds
[2019-01-25T15:00:13.982+0000][1][safepoint    ] Application time: 0.0008273 seconds
[2019-01-25T15:00:13.983+0000][1][safepoint    ] Total time for which application threads were stopped: 0.0000693 seconds, Stopping threads took: 0.0000126 seconds
[2019-01-25T15:00:13.989+0000][1][safepoint    ] Application time: 0.0059611 seconds
[2019-01-25T15:00:13.989+0000][1][safepoint    ] Total time for which application threads were stopped: 0.0000828 seconds, Stopping threads took: 0.0000139 seconds
[2019-01-25T15:00:13.990+0000][1][safepoint    ] Application time: 0.0001415 seconds
[2019-01-25T15:00:13.990+0000][1][safepoint    ] Total time for which application threads were stopped: 0.0000766 seconds, Stopping threads took: 0.0000126 seconds
[2019-01-25T15:00:14.065+0000][1][safepoint    ] Application time: 0.0746149 seconds
[2019-01-25T15:00:14.066+0000][1][safepoint    ] Total time for which application threads were stopped: 0.0002505 seconds, Stopping threads took: 0.0001305 seconds
[2019-01-25T15:00:14.066+0000][1][safepoint    ] Application time: 0.0000587 seconds
[2019-01-25T15:00:14.073+0000][1][safepoint    ] Total time for which application threads were stopped: 0.0001747 seconds, Stopping threads took: 0.0000647 seconds
[2019-01-25T15:00:14.080+0000][1][safepoint    ] Application time: 0.0066343 seconds
[2019-01-25T15:00:14.081+0000][1][safepoint    ] Total time for which application threads were stopped: 0.0001431 seconds, Stopping threads took: 0.0000436 seconds
[2019-01-25T15:00:14.083+0000][1][safepoint    ] Application time: 0.0015459 seconds
[2019-01-25T15:00:14.083+0000][1][safepoint    ] Total time for which application threads were stopped: 0.0000851 seconds, Stopping threads took: 0.0000121 seconds
[2019-01-25T15:00:14.085+0000][1][safepoint    ] Application time: 0.0009294 seconds
[2019-01-25T15:00:14.085+0000][1][safepoint    ] Total time for which application threads were stopped: 0.0001084 seconds, Stopping threads took: 0.0000175 seconds
[2019-01-25T15:00:14.086+0000][1][safepoint    ] Application time: 0.0000732 seconds
[2019-01-25T15:00:14.086+0000][1][safepoint    ] Total time for which application threads were stopped: 0.0000648 seconds, Stopping threads took: 0.0000111 seconds
[2019-01-25T15:00:14.087+0000][1][safepoint    ] Application time: 0.0000570 seconds
[2019-01-25T15:00:14.087+0000][1][safepoint    ] Total time for which application threads were stopped: 0.0000730 seconds, Stopping threads took: 0.0000116 seconds
[2019-01-25T15:00:14.088+0000][1][safepoint    ] Application time: 0.0000644 seconds
[2019-01-25T15:00:14.088+0000][1][safepoint    ] Total time for which application threads were stopped: 0.0000707 seconds, Stopping threads took: 0.0000111 seconds
[2019-01-25T15:00:14.095+0000][1][safepoint    ] Application time: 0.0066480 seconds
[2019-01-25T15:00:14.096+0000][1][safepoint    ] Total time for which application threads were stopped: 0.0000834 seconds, Stopping threads took: 0.0000127 seconds
[2019-01-25T15:00:14.096+0000][1][safepoint    ] Application time: 0.0000555 seconds
[2019-01-25T15:00:14.096+0000][1][safepoint    ] Total time for which application threads were stopped: 0.0000618 seconds, Stopping threads took: 0.0000099 seconds
[2019-01-25T15:00:14.097+0000][1][safepoint    ] Application time: 0.0000648 seconds
[2019-01-25T15:00:14.097+0000][1][safepoint    ] Total time for which application threads were stopped: 0.0000622 seconds, Stopping threads took: 0.0000100 seconds
[2019-01-25T15:00:14.098+0000][1][safepoint    ] Application time: 0.0006336 seconds
[2019-01-25T15:00:14.099+0000][1][safepoint    ] Total time for which application threads were stopped: 0.0000982 seconds, Stopping threads took: 0.0000167 seconds
[2019-01-25T15:00:14.194+0000][1][safepoint    ] Application time: 0.0946750 seconds
[2019-01-25T15:00:14.194+0000][1][safepoint    ] Total time for which application threads were stopped: 0.0000875 seconds, Stopping threads took: 0.0000136 seconds
[2019-01-25T15:00:14.195+0000][1][safepoint    ] Application time: 0.0000727 seconds
[2019-01-25T15:00:14.196+0000][1][safepoint    ] Total time for which application threads were stopped: 0.0000703 seconds, Stopping threads took: 0.0000142 seconds
[2019-01-25T15:00:14.196+0000][1][safepoint    ] Application time: 0.0004860 seconds
[2019-01-25T15:00:14.197+0000][1][safepoint    ] Total time for which application threads were stopped: 0.0000807 seconds, Stopping threads took: 0.0000110 seconds
[2019-01-25T15:00:14.200+0000][1][safepoint    ] Application time: 0.0000696 seconds
[2019-01-25T15:00:14.201+0000][1][safepoint    ] Total time for which application threads were stopped: 0.0001673 seconds, Stopping threads took: 0.0000165 seconds
[2019-01-25T15:00:14.214+0000][1][safepoint    ] Application time: 0.0129148 seconds
[2019-01-25T15:00:14.215+0000][1][safepoint    ] Total time for which application threads were stopped: 0.0001000 seconds, Stopping threads took: 0.0000189 seconds
[2019-01-25T15:00:14.219+0000][1][safepoint    ] Application time: 0.0000761 seconds
[2019-01-25T15:00:14.220+0000][1][safepoint    ] Total time for which application threads were stopped: 0.0000976 seconds, Stopping threads took: 0.0000137 seconds
[2019-01-25T15:00:14.220+0000][1][safepoint    ] Application time: 0.0000726 seconds
[2019-01-25T15:00:14.221+0000][1][safepoint    ] Total time for which application threads were stopped: 0.0000813 seconds, Stopping threads took: 0.0000099 seconds
[2019-01-25T15:00:14.221+0000][1][safepoint    ] Application time: 0.0000769 seconds
[2019-01-25T15:00:14.225+0000][1][safepoint    ] Total time for which application threads were stopped: 0.0000861 seconds, Stopping threads took: 0.0000132 seconds
[2019-01-25T15:00:14.239+0000][1][safepoint    ] Application time: 0.0093883 seconds
[2019-01-25T15:00:14.240+0000][1][safepoint    ] Total time for which application threads were stopped: 0.0001076 seconds, Stopping threads took: 0.0000170 seconds
[2019-01-25T15:00:14.240+0000][1][safepoint    ] Application time: 0.0001911 seconds
[2019-01-25T15:00:14.241+0000][1][safepoint    ] Total time for which application threads were stopped: 0.0001286 seconds, Stopping threads took: 0.0000149 seconds
[2019-01-25T15:00:14.241+0000][1][safepoint    ] Application time: 0.0001735 seconds
[2019-01-25T15:00:14.242+0000][1][safepoint    ] Total time for which application threads were stopped: 0.0000876 seconds, Stopping threads took: 0.0000125 seconds
[2019-01-25T15:00:14.243+0000][1][safepoint    ] Application time: 0.0007787 seconds
[2019-01-25T15:00:14.243+0000][1][safepoint    ] Total time for which application threads were stopped: 0.0001215 seconds, Stopping threads took: 0.0000287 seconds
[2019-01-25T15:00:14.305+0000][1][safepoint    ] Application time: 0.0612619 seconds
[2019-01-25T15:00:14.306+0000][1][safepoint    ] Total time for which application threads were stopped: 0.0000730 seconds, Stopping threads took: 0.0000137 seconds
[2019-01-25T15:00:14.306+0000][1][safepoint    ] Application time: 0.0001317 seconds
[2019-01-25T15:00:14.306+0000][1][safepoint    ] Total time for which application threads were stopped: 0.0000634 seconds, Stopping threads took: 0.0000119 seconds
[2019-01-25T15:00:14.307+0000][1][safepoint    ] Application time: 0.0003387 seconds
[2019-01-25T15:00:14.307+0000][1][safepoint    ] Total time for which application threads were stopped: 0.0000647 seconds, Stopping threads took: 0.0000105 seconds
[2019-01-25T15:00:14.341+0000][1][safepoint    ] Application time: 0.0330227 seconds
[2019-01-25T15:00:14.341+0000][1][safepoint    ] Total time for which application threads were stopped: 0.0001174 seconds, Stopping threads took: 0.0000169 seconds
[2019-01-25T15:00:14.342+0000][1][safepoint    ] Application time: 0.0003533 seconds
[2019-01-25T15:00:14.343+0000][1][safepoint    ] Total time for which application threads were stopped: 0.0000802 seconds, Stopping threads took: 0.0000137 seconds
[2019-01-25T15:00:14.343+0000][1][safepoint    ] Application time: 0.0005188 seconds
[2019-01-25T15:00:14.344+0000][1][safepoint    ] Total time for which application threads were stopped: 0.0000669 seconds, Stopping threads took: 0.0000122 seconds
[2019-01-25T15:00:14.366+0000][1][safepoint    ] Application time: 0.0216861 seconds
[2019-01-25T15:00:14.366+0000][1][safepoint    ] Total time for which application threads were stopped: 0.0001041 seconds, Stopping threads took: 0.0000175 seconds
[2019-01-25T15:00:14.368+0000][1][safepoint    ] Application time: 0.0017334 seconds
[2019-01-25T15:00:14.369+0000][1][safepoint    ] Total time for which application threads were stopped: 0.0000763 seconds, Stopping threads took: 0.0000130 seconds
[2019-01-25T15:00:14.372+0000][1][safepoint    ] Application time: 0.0005279 seconds
[2019-01-25T15:00:14.373+0000][1][safepoint    ] Total time for which application threads were stopped: 0.0000714 seconds, Stopping threads took: 0.0000121 seconds
[2019-01-25T15:00:14.374+0000][1][safepoint    ] Application time: 0.0007782 seconds
[2019-01-25T15:00:14.375+0000][1][safepoint    ] Total time for which application threads were stopped: 0.0001280 seconds, Stopping threads took: 0.0000212 seconds
[2019-01-25T15:00:14.376+0000][1][safepoint    ] Application time: 0.0001740 seconds
[2019-01-25T15:00:14.376+0000][1][safepoint    ] Total time for which application threads were stopped: 0.0001347 seconds, Stopping threads took: 0.0000272 seconds
[2019-01-25T15:00:14.377+0000][1][safepoint    ] Application time: 0.0001879 seconds
[2019-01-25T15:00:14.378+0000][1][safepoint    ] Total time for which application threads were stopped: 0.0001020 seconds, Stopping threads took: 0.0000196 seconds
[2019-01-25T15:00:14.378+0000][1][safepoint    ] Application time: 0.0001789 seconds
[2019-01-25T15:00:14.379+0000][1][safepoint    ] Total time for which application threads were stopped: 0.0001192 seconds, Stopping threads took: 0.0000178 seconds
[2019-01-25T15:00:14.393+0000][1][safepoint    ] Application time: 0.0138402 seconds
[2019-01-25T15:00:14.394+0000][1][safepoint    ] Total time for which application threads were stopped: 0.0001497 seconds, Stopping threads took: 0.0000879 seconds
[2019-01-25T15:00:14.494+0000][1][safepoint    ] Application time: 0.0994948 seconds
[2019-01-25T15:00:14.494+0000][1][safepoint    ] Total time for which application threads were stopped: 0.0000915 seconds, Stopping threads took: 0.0000139 seconds
[2019-01-25T15:00:14.495+0000][1][safepoint    ] Application time: 0.0000566 seconds
[2019-01-25T15:00:14.496+0000][1][safepoint    ] Total time for which application threads were stopped: 0.0003750 seconds, Stopping threads took: 0.0000173 seconds
[2019-01-25T15:00:14.497+0000][1][safepoint    ] Application time: 0.0006861 seconds
[2019-01-25T15:00:14.497+0000][1][safepoint    ] Total time for which application threads were stopped: 0.0000713 seconds, Stopping threads took: 0.0000130 seconds
[2019-01-25T15:00:14.499+0000][1][safepoint    ] Application time: 0.0006932 seconds
[2019-01-25T15:00:14.499+0000][1][safepoint    ] Total time for which application threads were stopped: 0.0000664 seconds, Stopping threads took: 0.0000125 seconds
[2019-01-25T15:00:14.505+0000][1][safepoint    ] Application time: 0.0000700 seconds
[2019-01-25T15:00:14.505+0000][1][safepoint    ] Total time for which application threads were stopped: 0.0000682 seconds, Stopping threads took: 0.0000126 seconds
[2019-01-25T15:00:14.506+0000][1][safepoint    ] Application time: 0.0000846 seconds
[2019-01-25T15:00:14.506+0000][1][safepoint    ] Total time for which application threads were stopped: 0.0000743 seconds, Stopping threads took: 0.0000157 seconds
[2019-01-25T15:00:14.507+0000][1][safepoint    ] Application time: 0.0001602 seconds
[2019-01-25T15:00:14.508+0000][1][safepoint    ] Total time for which application threads were stopped: 0.0001113 seconds, Stopping threads took: 0.0000181 seconds
[2019-01-25T15:00:14.516+0000][1][safepoint    ] Application time: 0.0071285 seconds
[2019-01-25T15:00:14.517+0000][1][safepoint    ] Total time for which application threads were stopped: 0.0001615 seconds, Stopping threads took: 0.0000134 seconds
[2019-01-25T15:00:14.517+0000][1][safepoint    ] Application time: 0.0000792 seconds
[2019-01-25T15:00:14.519+0000][1][safepoint    ] Total time for which application threads were stopped: 0.0006258 seconds, Stopping threads took: 0.0000145 seconds
[2019-01-25T15:00:14.520+0000][1][safepoint    ] Application time: 0.0006575 seconds
[2019-01-25T15:00:14.521+0000][1][safepoint    ] Total time for which application threads were stopped: 0.0000961 seconds, Stopping threads took: 0.0000178 seconds
[2019-01-25T15:00:14.578+0000][1][safepoint    ] Application time: 0.0568832 seconds
[2019-01-25T15:00:14.578+0000][1][safepoint    ] Total time for which application threads were stopped: 0.0000899 seconds, Stopping threads took: 0.0000125 seconds
[2019-01-25T15:00:14.596+0000][1][safepoint    ] Application time: 0.0176749 seconds
[2019-01-25T15:00:14.597+0000][1][safepoint    ] Total time for which application threads were stopped: 0.0001009 seconds, Stopping threads took: 0.0000117 seconds
[2019-01-25T15:00:14.598+0000][1][safepoint    ] Application time: 0.0005611 seconds
[2019-01-25T15:00:14.598+0000][1][safepoint    ] Total time for which application threads were stopped: 0.0002204 seconds, Stopping threads took: 0.0000112 seconds
[2019-01-25T15:00:14.599+0000][1][safepoint    ] Application time: 0.0005510 seconds
[2019-01-25T15:00:14.600+0000][1][safepoint    ] Total time for which application threads were stopped: 0.0000666 seconds, Stopping threads took: 0.0000116 seconds
[2019-01-25T15:00:14.600+0000][1][safepoint    ] Application time: 0.0000947 seconds
[2019-01-25T15:00:14.600+0000][1][safepoint    ] Total time for which application threads were stopped: 0.0000548 seconds, Stopping threads took: 0.0000097 seconds
[2019-01-25T15:00:14.601+0000][1][safepoint    ] Application time: 0.0001128 seconds
[2019-01-25T15:00:14.601+0000][1][safepoint    ] Total time for which application threads were stopped: 0.0001008 seconds, Stopping threads took: 0.0000141 seconds
[2019-01-25T15:00:14.601+0000][1][safepoint    ] Application time: 0.0000929 seconds
[2019-01-25T15:00:14.602+0000][1][safepoint    ] Total time for which application threads were stopped: 0.0000601 seconds, Stopping threads took: 0.0000101 seconds
[2019-01-25T15:00:14.607+0000][1][safepoint    ] Application time: 0.0045622 seconds
[2019-01-25T15:00:14.607+0000][1][safepoint    ] Total time for which application threads were stopped: 0.0000684 seconds, Stopping threads took: 0.0000126 seconds
[2019-01-25T15:00:14.608+0000][1][safepoint    ] Application time: 0.0005277 seconds
[2019-01-25T15:00:14.608+0000][1][safepoint    ] Total time for which application threads were stopped: 0.0000999 seconds, Stopping threads took: 0.0000292 seconds
[2019-01-25T15:00:14.654+0000][1][safepoint    ] Application time: 0.0453139 seconds
[2019-01-25T15:00:14.655+0000][1][safepoint    ] Total time for which application threads were stopped: 0.0001147 seconds, Stopping threads took: 0.0000316 seconds
[2019-01-25T15:00:14.655+0000][1][safepoint    ] Application time: 0.0000556 seconds
[2019-01-25T15:00:14.656+0000][1][safepoint    ] Total time for which application threads were stopped: 0.0000555 seconds, Stopping threads took: 0.0000099 seconds
[2019-01-25T15:00:14.656+0000][1][safepoint    ] Application time: 0.0001144 seconds
[2019-01-25T15:00:14.657+0000][1][safepoint    ] Total time for which application threads were stopped: 0.0000732 seconds, Stopping threads took: 0.0000147 seconds
[2019-01-25T15:00:14.658+0000][1][safepoint    ] Application time: 0.0000921 seconds
[2019-01-25T15:00:14.658+0000][1][safepoint    ] Total time for which application threads were stopped: 0.0000817 seconds, Stopping threads took: 0.0000129 seconds
[2019-01-25T15:00:14.663+0000][1][safepoint    ] Application time: 0.0039466 seconds
[2019-01-25T15:00:14.663+0000][1][safepoint    ] Total time for which application threads were stopped: 0.0000646 seconds, Stopping threads took: 0.0000114 seconds
[2019-01-25T15:00:14.664+0000][1][safepoint    ] Application time: 0.0003920 seconds
[2019-01-25T15:00:14.664+0000][1][safepoint    ] Total time for which application threads were stopped: 0.0000565 seconds, Stopping threads took: 0.0000095 seconds
[2019-01-25T15:00:14.704+0000][1][safepoint    ] Application time: 0.0394117 seconds
[2019-01-25T15:00:14.704+0000][1][safepoint    ] Total time for which application threads were stopped: 0.0000739 seconds, Stopping threads took: 0.0000150 seconds
[2019-01-25T15:00:14.704+0000][1][safepoint    ] Application time: 0.0000554 seconds
[2019-01-25T15:00:14.705+0000][1][safepoint    ] Total time for which application threads were stopped: 0.0001106 seconds, Stopping threads took: 0.0000305 seconds
[2019-01-25T15:00:14.705+0000][1][safepoint    ] Application time: 0.0001710 seconds
[2019-01-25T15:00:14.706+0000][1][safepoint    ] Total time for which application threads were stopped: 0.0000787 seconds, Stopping threads took: 0.0000107 seconds
[2019-01-25T15:00:14.739+0000][1][safepoint    ] Application time: 0.0328122 seconds
[2019-01-25T15:00:14.739+0000][1][safepoint    ] Total time for which application threads were stopped: 0.0000673 seconds, Stopping threads took: 0.0000111 seconds
[2019-01-25T15:00:14.741+0000][1][safepoint    ] Application time: 0.0015145 seconds
[2019-01-25T15:00:14.742+0000][1][safepoint    ] Total time for which application threads were stopped: 0.0000860 seconds, Stopping threads took: 0.0000124 seconds
[2019-01-25T15:00:14.742+0000][1][safepoint    ] Application time: 0.0001214 seconds
[2019-01-25T15:00:14.742+0000][1][safepoint    ] Total time for which application threads were stopped: 0.0000546 seconds, Stopping threads took: 0.0000091 seconds
[2019-01-25T15:00:14.743+0000][1][safepoint    ] Application time: 0.0001222 seconds
[2019-01-25T15:00:14.743+0000][1][safepoint    ] Total time for which application threads were stopped: 0.0000578 seconds, Stopping threads took: 0.0000091 seconds
[2019-01-25T15:00:14.743+0000][1][safepoint    ] Application time: 0.0000627 seconds
[2019-01-25T15:00:14.744+0000][1][safepoint    ] Total time for which application threads were stopped: 0.0000476 seconds, Stopping threads took: 0.0000073 seconds
[2019-01-25T15:00:14.744+0000][1][safepoint    ] Application time: 0.0000975 seconds
[2019-01-25T15:00:14.744+0000][1][safepoint    ] Total time for which application threads were stopped: 0.0000638 seconds, Stopping threads took: 0.0000080 seconds
[2019-01-25T15:00:14.810+0000][1][safepoint    ] Application time: 0.0652998 seconds
[2019-01-25T15:00:14.811+0000][1][safepoint    ] Total time for which application threads were stopped: 0.0000718 seconds, Stopping threads took: 0.0000129 seconds
[2019-01-25T15:00:14.811+0000][1][safepoint    ] Application time: 0.0000702 seconds
[2019-01-25T15:00:14.811+0000][1][safepoint    ] Total time for which application threads were stopped: 0.0000539 seconds, Stopping threads took: 0.0000089 seconds
[2019-01-25T15:00:14.812+0000][1][safepoint    ] Application time: 0.0000969 seconds
[2019-01-25T15:00:14.812+0000][1][safepoint    ] Total time for which application threads were stopped: 0.0000513 seconds, Stopping threads took: 0.0000094 seconds
[2019-01-25T15:00:14.812+0000][1][safepoint    ] Application time: 0.0000593 seconds
[2019-01-25T15:00:14.813+0000][1][safepoint    ] Total time for which application threads were stopped: 0.0000632 seconds, Stopping threads took: 0.0000086 seconds
[2019-01-25T15:00:14.818+0000][1][safepoint    ] Application time: 0.0049512 seconds
[2019-01-25T15:00:14.818+0000][1][safepoint    ] Total time for which application threads were stopped: 0.0000654 seconds, Stopping threads took: 0.0000111 seconds
[2019-01-25T15:00:14.819+0000][1][safepoint    ] Application time: 0.0004563 seconds
[2019-01-25T15:00:14.819+0000][1][safepoint    ] Total time for which application threads were stopped: 0.0000580 seconds, Stopping threads took: 0.0000099 seconds
[2019-01-25T15:00:14.869+0000][1][safepoint    ] Application time: 0.0495774 seconds
[2019-01-25T15:00:14.870+0000][1][safepoint    ] Total time for which application threads were stopped: 0.0000898 seconds, Stopping threads took: 0.0000161 seconds
[2019-01-25T15:00:14.870+0000][1][safepoint    ] Application time: 0.0000932 seconds
[2019-01-25T15:00:14.870+0000][1][safepoint    ] Total time for which application threads were stopped: 0.0000872 seconds, Stopping threads took: 0.0000250 seconds
[2019-01-25T15:00:14.871+0000][1][safepoint    ] Application time: 0.0001108 seconds
[2019-01-25T15:00:14.871+0000][1][safepoint    ] Total time for which application threads were stopped: 0.0000861 seconds, Stopping threads took: 0.0000255 seconds
[2019-01-25T15:00:14.871+0000][1][safepoint    ] Application time: 0.0000763 seconds
[2019-01-25T15:00:14.872+0000][1][safepoint    ] Total time for which application threads were stopped: 0.0000903 seconds, Stopping threads took: 0.0000119 seconds
[2019-01-25T15:00:14.878+0000][1][safepoint    ] Application time: 0.0062548 seconds
[2019-01-25T15:00:14.879+0000][1][safepoint    ] Total time for which application threads were stopped: 0.0001953 seconds, Stopping threads took: 0.0000113 seconds
[2019-01-25T15:00:14.880+0000][1][safepoint    ] Application time: 0.0005229 seconds
[2019-01-25T15:00:14.880+0000][1][safepoint    ] Total time for which application threads were stopped: 0.0000623 seconds, Stopping threads took: 0.0000106 seconds
[2019-01-25T15:00:14.974+0000][1][safepoint    ] Application time: 0.0940749 seconds
[2019-01-25T15:00:14.975+0000][1][safepoint    ] Total time for which application threads were stopped: 0.0000676 seconds, Stopping threads took: 0.0000115 seconds
[2019-01-25T15:00:15.976+0000][1][safepoint    ] Application time: 1.0001377 seconds
[2019-01-25T15:00:15.977+0000][1][safepoint    ] Total time for which application threads were stopped: 0.0001406 seconds, Stopping threads took: 0.0000173 seconds
[2019-01-25T15:00:16.978+0000][1][safepoint    ] Application time: 1.0001661 seconds
[2019-01-25T15:00:16.979+0000][1][safepoint    ] Total time for which application threads were stopped: 0.0000900 seconds, Stopping threads took: 0.0000210 seconds
[2019-01-25T15:00:17.980+0000][1][safepoint    ] Application time: 1.0001697 seconds
[2019-01-25T15:00:17.980+0000][1][safepoint    ] Total time for which application threads were stopped: 0.0000823 seconds, Stopping threads took: 0.0000167 seconds
[2019-01-25T15:00:18.361+0000][1][safepoint    ] Application time: 0.3803743 seconds
[2019-01-25T15:00:18.363+0000][1][safepoint    ] Total time for which application threads were stopped: 0.0001242 seconds, Stopping threads took: 0.0000219 seconds
[2019-01-25T15:00:18.369+0000][1][safepoint    ] Application time: 0.0032633 seconds
[2019-01-25T15:00:18.370+0000][1][safepoint    ] Total time for which application threads were stopped: 0.0001187 seconds, Stopping threads took: 0.0000188 seconds
[2019-01-25T15:00:18.390+0000][1][safepoint    ] Application time: 0.0185768 seconds
[2019-01-25T15:00:18.391+0000][1][safepoint    ] Total time for which application threads were stopped: 0.0000882 seconds, Stopping threads took: 0.0000130 seconds
[2019-01-25T15:00:18.863+0000][1][safepoint    ] Application time: 0.4716073 seconds
[2019-01-25T15:00:18.868+0000][1][safepoint    ] Total time for which application threads were stopped: 0.0039674 seconds, Stopping threads took: 0.0038346 seconds
[2019-01-25T15:00:19.188+0000][1][safepoint    ] Application time: 0.3180112 seconds
[2019-01-25T15:00:19.191+0000][1][safepoint    ] Total time for which application threads were stopped: 0.0001344 seconds, Stopping threads took: 0.0000198 seconds
[2019-01-25T15:00:19.195+0000][1][safepoint    ] Application time: 0.0026490 seconds
[2019-01-25T15:00:19.197+0000][1][safepoint    ] Total time for which application threads were stopped: 0.0008151 seconds, Stopping threads took: 0.0007032 seconds
[2019-01-25T15:00:19.281+0000][1][safepoint    ] Application time: 0.0827385 seconds
[2019-01-25T15:00:19.282+0000][1][safepoint    ] Total time for which application threads were stopped: 0.0001564 seconds, Stopping threads took: 0.0000174 seconds
[2019-01-25T15:00:19.297+0000][1][safepoint    ] Application time: 0.0148438 seconds
[2019-01-25T15:00:19.298+0000][1][safepoint    ] Total time for which application threads were stopped: 0.0000982 seconds, Stopping threads took: 0.0000266 seconds
[2019-01-25T15:00:19.355+0000][1][safepoint    ] Application time: 0.0563300 seconds
[2019-01-25T15:00:19.356+0000][1][safepoint    ] Total time for which application threads were stopped: 0.0001220 seconds, Stopping threads took: 0.0000189 seconds
[2019-01-25T15:00:19.374+0000][1][safepoint    ] Application time: 0.0122274 seconds
[2019-01-25T15:00:19.378+0000][1][safepoint    ] Total time for which application threads were stopped: 0.0002007 seconds, Stopping threads took: 0.0000202 seconds
[2019-01-25T15:00:19.396+0000][1][safepoint    ] Application time: 0.0180495 seconds
[2019-01-25T15:00:19.398+0000][1][safepoint    ] Total time for which application threads were stopped: 0.0001287 seconds, Stopping threads took: 0.0000360 seconds
[2019-01-25T15:00:19.399+0000][1][safepoint    ] Application time: 0.0002740 seconds
[2019-01-25T15:00:19.400+0000][1][safepoint    ] Total time for which application threads were stopped: 0.0001097 seconds, Stopping threads took: 0.0000171 seconds
[2019-01-25T15:00:19.401+0000][1][safepoint    ] Application time: 0.0001312 seconds
[2019-01-25T15:00:19.404+0000][1][safepoint    ] Total time for which application threads were stopped: 0.0001030 seconds, Stopping threads took: 0.0000316 seconds
[2019-01-25T15:00:19.404+0000][1][safepoint    ] Application time: 0.0000685 seconds
[2019-01-25T15:00:19.405+0000][1][safepoint    ] Total time for which application threads were stopped: 0.0000713 seconds, Stopping threads took: 0.0000121 seconds
[2019-01-25T15:00:19.407+0000][1][safepoint    ] Application time: 0.0000713 seconds
[2019-01-25T15:00:19.407+0000][1][safepoint    ] Total time for which application threads were stopped: 0.0000833 seconds, Stopping threads took: 0.0000139 seconds
[2019-01-25T15:00:19.408+0000][1][safepoint    ] Application time: 0.0000620 seconds
[2019-01-25T15:00:19.409+0000][1][safepoint    ] Total time for which application threads were stopped: 0.0001022 seconds, Stopping threads took: 0.0000150 seconds
[2019-01-25T15:00:19.409+0000][1][safepoint    ] Application time: 0.0001004 seconds
[2019-01-25T15:00:19.412+0000][1][safepoint    ] Total time for which application threads were stopped: 0.0017387 seconds, Stopping threads took: 0.0000199 seconds
[2019-01-25T15:00:19.432+0000][1][safepoint    ] Application time: 0.0193114 seconds
[2019-01-25T15:00:19.434+0000][1][safepoint    ] Total time for which application threads were stopped: 0.0001244 seconds, Stopping threads took: 0.0000176 seconds
[2019-01-25T15:00:19.446+0000][1][safepoint    ] Application time: 0.0118535 seconds
[2019-01-25T15:00:19.448+0000][1][safepoint    ] Total time for which application threads were stopped: 0.0001141 seconds, Stopping threads took: 0.0000161 seconds
[2019-01-25T15:00:19.598+0000][1][safepoint    ] Application time: 0.1502020 seconds
[2019-01-25T15:00:19.599+0000][1][gc,start     ] GC(29) Pause Young (Allocation Failure)
[2019-01-25T15:00:19.600+0000][1][gc,task      ] GC(29) Using 2 workers of 2 for evacuation
[2019-01-25T15:00:19.606+0000][1][gc,age       ] GC(29) Desired survivor size 4456448 bytes, new threshold 6 (max threshold 6)
[2019-01-25T15:00:19.607+0000][1][gc,age       ] GC(29) Age table with threshold 6 (max threshold 6)
[2019-01-25T15:00:19.607+0000][1][gc,age       ] GC(29) - age   1:     427592 bytes,     427592 total
[2019-01-25T15:00:19.607+0000][1][gc,age       ] GC(29) - age   2:     106880 bytes,     534472 total
[2019-01-25T15:00:19.608+0000][1][gc,age       ] GC(29) - age   3:    2768944 bytes,    3303416 total
[2019-01-25T15:00:19.608+0000][1][gc,age       ] GC(29) - age   4:     731264 bytes,    4034680 total
[2019-01-25T15:00:19.608+0000][1][gc,age       ] GC(29) - age   5:       1496 bytes,    4036176 total
[2019-01-25T15:00:19.609+0000][1][gc,age       ] GC(29) - age   6:       7336 bytes,    4043512 total
[2019-01-25T15:00:19.609+0000][1][gc,heap      ] GC(29) ParNew: 75049K->5140K(78656K)
[2019-01-25T15:00:19.610+0000][1][gc,heap      ] GC(29) CMS: 83439K->83446K(174784K)
[2019-01-25T15:00:19.610+0000][1][gc,metaspace ] GC(29) Metaspace: 71080K->71080K(1114112K)
[2019-01-25T15:00:19.610+0000][1][gc           ] GC(29) Pause Young (Allocation Failure) 154M->86M(247M) 10.848ms
[2019-01-25T15:00:19.610+0000][1][gc,cpu       ] GC(29) User=0.01s Sys=0.00s Real=0.01s
[2019-01-25T15:00:19.611+0000][1][safepoint    ] Total time for which application threads were stopped: 0.0114468 seconds, Stopping threads took: 0.0000152 seconds
[2019-01-25T15:00:19.641+0000][1][safepoint    ] Application time: 0.0303563 seconds
[2019-01-25T15:00:19.642+0000][1][safepoint    ] Total time for which application threads were stopped: 0.0000674 seconds, Stopping threads took: 0.0000131 seconds
[2019-01-25T15:00:19.785+0000][1][safepoint    ] Application time: 0.1433770 seconds
[2019-01-25T15:00:19.786+0000][1][safepoint    ] Total time for which application threads were stopped: 0.0001674 seconds, Stopping threads took: 0.0000471 seconds
[2019-01-25T15:00:20.413+0000][1][safepoint    ] Application time: 0.6266186 seconds
[2019-01-25T15:00:20.414+0000][1][safepoint    ] Total time for which application threads were stopped: 0.0001273 seconds, Stopping threads took: 0.0000171 seconds
[2019-01-25T15:00:20.415+0000][1][safepoint    ] Application time: 0.0000585 seconds
[2019-01-25T15:00:20.415+0000][1][safepoint    ] Total time for which application threads were stopped: 0.0000928 seconds, Stopping threads took: 0.0000161 seconds
[2019-01-25T15:00:20.416+0000][1][safepoint    ] Application time: 0.0000761 seconds
[2019-01-25T15:00:20.416+0000][1][safepoint    ] Total time for which application threads were stopped: 0.0000815 seconds, Stopping threads took: 0.0000114 seconds
[2019-01-25T15:00:20.417+0000][1][safepoint    ] Application time: 0.0000472 seconds
[2019-01-25T15:00:20.417+0000][1][safepoint    ] Total time for which application threads were stopped: 0.0000658 seconds, Stopping threads took: 0.0000112 seconds
[2019-01-25T15:00:21.418+0000][1][safepoint    ] Application time: 1.0003428 seconds
[2019-01-25T15:00:21.419+0000][1][safepoint    ] Total time for which application threads were stopped: 0.0001114 seconds, Stopping threads took: 0.0000231 seconds
[2019-01-25T15:00:22.420+0000][1][safepoint    ] Application time: 1.0001357 seconds
[2019-01-25T15:00:22.421+0000][1][safepoint    ] Total time for which application threads were stopped: 0.0000976 seconds, Stopping threads took: 0.0000189 seconds
[2019-01-25T15:00:22.735+0000][1][safepoint    ] Application time: 0.3132777 seconds
[2019-01-25T15:00:22.736+0000][1][safepoint    ] Total time for which application threads were stopped: 0.0000913 seconds, Stopping threads took: 0.0000180 seconds
[2019-01-25T15:00:22.736+0000][1][safepoint    ] Application time: 0.0000752 seconds
[2019-01-25T15:00:22.737+0000][1][safepoint    ] Total time for which application threads were stopped: 0.0000943 seconds, Stopping threads took: 0.0000178 seconds
[2019-01-25T15:00:22.737+0000][1][safepoint    ] Application time: 0.0000670 seconds
[2019-01-25T15:00:22.738+0000][1][safepoint    ] Total time for which application threads were stopped: 0.0000809 seconds, Stopping threads took: 0.0000143 seconds
[2019-01-25T15:00:22.739+0000][1][safepoint    ] Application time: 0.0001007 seconds
[2019-01-25T15:00:22.739+0000][1][safepoint    ] Total time for which application threads were stopped: 0.0002275 seconds, Stopping threads took: 0.0000166 seconds
[2019-01-25T15:00:22.740+0000][1][safepoint    ] Application time: 0.0001087 seconds
[2019-01-25T15:00:22.741+0000][1][safepoint    ] Total time for which application threads were stopped: 0.0000780 seconds, Stopping threads took: 0.0000192 seconds
[2019-01-25T15:00:23.742+0000][1][safepoint    ] Application time: 1.0003084 seconds
[2019-01-25T15:00:23.745+0000][1][safepoint    ] Total time for which application threads were stopped: 0.0002616 seconds, Stopping threads took: 0.0000561 seconds
[2019-01-25T15:00:24.747+0000][1][safepoint    ] Application time: 1.0001835 seconds
[2019-01-25T15:00:24.747+0000][1][safepoint    ] Total time for which application threads were stopped: 0.0000703 seconds, Stopping threads took: 0.0000275 seconds
[2019-01-25T15:00:25.748+0000][1][safepoint    ] Application time: 1.0004401 seconds
[2019-01-25T15:00:25.751+0000][1][safepoint    ] Total time for which application threads were stopped: 0.0003271 seconds, Stopping threads took: 0.0000462 seconds
[2019-01-25T15:00:26.753+0000][1][safepoint    ] Application time: 1.0002419 seconds
[2019-01-25T15:00:26.753+0000][1][safepoint    ] Total time for which application threads were stopped: 0.0000922 seconds, Stopping threads took: 0.0000181 seconds
[2019-01-25T15:00:27.394+0000][1][safepoint    ] Application time: 0.6406498 seconds
[2019-01-25T15:00:27.397+0000][1][safepoint    ] Total time for which application threads were stopped: 0.0010907 seconds, Stopping threads took: 0.0000727 seconds
[2019-01-25T15:00:27.430+0000][1][safepoint    ] Application time: 0.0287760 seconds
[2019-01-25T15:00:27.431+0000][1][safepoint    ] Total time for which application threads were stopped: 0.0001448 seconds, Stopping threads took: 0.0000259 seconds
[2019-01-25T15:00:27.438+0000][1][safepoint    ] Application time: 0.0061665 seconds
[2019-01-25T15:00:27.438+0000][1][safepoint    ] Total time for which application threads were stopped: 0.0000790 seconds, Stopping threads took: 0.0000139 seconds
[2019-01-25T15:00:27.444+0000][1][safepoint    ] Application time: 0.0052557 seconds
[2019-01-25T15:00:27.445+0000][1][safepoint    ] Total time for which application threads were stopped: 0.0001208 seconds, Stopping threads took: 0.0000498 seconds
[2019-01-25T15:00:27.451+0000][1][safepoint    ] Application time: 0.0054972 seconds
[2019-01-25T15:00:27.451+0000][1][safepoint    ] Total time for which application threads were stopped: 0.0000771 seconds, Stopping threads took: 0.0000138 seconds
[2019-01-25T15:00:28.452+0000][1][safepoint    ] Application time: 1.0001523 seconds
[2019-01-25T15:00:28.453+0000][1][safepoint    ] Total time for which application threads were stopped: 0.0000826 seconds, Stopping threads took: 0.0000173 seconds
[2019-01-25T15:00:29.453+0000][1][safepoint    ] Application time: 1.0003376 seconds
[2019-01-25T15:00:29.454+0000][1][safepoint    ] Total time for which application threads were stopped: 0.0000583 seconds, Stopping threads took: 0.0000138 seconds
[2019-01-25T15:00:30.455+0000][1][safepoint    ] Application time: 1.0001473 seconds
[2019-01-25T15:00:30.455+0000][1][safepoint    ] Total time for which application threads were stopped: 0.0000691 seconds, Stopping threads took: 0.0000167 seconds
[2019-01-25T15:00:31.456+0000][1][safepoint    ] Application time: 1.0004316 seconds
[2019-01-25T15:00:31.457+0000][1][safepoint    ] Total time for which application threads were stopped: 0.0000650 seconds, Stopping threads took: 0.0000159 seconds
[2019-01-25T15:00:32.356+0000][1][safepoint    ] Application time: 0.8984648 seconds
[2019-01-25T15:00:32.361+0000][1][safepoint    ] Total time for which application threads were stopped: 0.0002216 seconds, Stopping threads took: 0.0000174 seconds
[2019-01-25T15:00:33.366+0000][1][safepoint    ] Application time: 1.0013243 seconds
[2019-01-25T15:00:33.369+0000][1][safepoint    ] Total time for which application threads were stopped: 0.0006815 seconds, Stopping threads took: 0.0000578 seconds
[2019-01-25T15:00:34.371+0000][1][safepoint    ] Application time: 1.0002469 seconds
[2019-01-25T15:00:34.372+0000][1][safepoint    ] Total time for which application threads were stopped: 0.0000763 seconds, Stopping threads took: 0.0000190 seconds
[2019-01-25T15:00:35.374+0000][1][safepoint    ] Application time: 1.0002073 seconds
[2019-01-25T15:00:35.375+0000][1][safepoint    ] Total time for which application threads were stopped: 0.0000898 seconds, Stopping threads took: 0.0000200 seconds
[2019-01-25T15:00:36.375+0000][1][safepoint    ] Application time: 1.0001459 seconds
[2019-01-25T15:00:36.376+0000][1][safepoint    ] Total time for which application threads were stopped: 0.0000571 seconds, Stopping threads took: 0.0000148 seconds
[2019-01-25T15:00:37.376+0000][1][safepoint    ] Application time: 1.0001141 seconds
[2019-01-25T15:00:37.377+0000][1][safepoint    ] Total time for which application threads were stopped: 0.0000743 seconds, Stopping threads took: 0.0000204 seconds
[2019-01-25T15:00:38.378+0000][1][safepoint    ] Application time: 1.0001247 seconds
[2019-01-25T15:00:38.378+0000][1][safepoint    ] Total time for which application threads were stopped: 0.0001133 seconds, Stopping threads took: 0.0000349 seconds
[2019-01-25T15:00:39.379+0000][1][safepoint    ] Application time: 1.0002249 seconds
[2019-01-25T15:00:39.380+0000][1][safepoint    ] Total time for which application threads were stopped: 0.0000627 seconds, Stopping threads took: 0.0000179 seconds
[2019-01-25T15:00:40.381+0000][1][safepoint    ] Application time: 1.0001843 seconds
[2019-01-25T15:00:40.381+0000][1][safepoint    ] Total time for which application threads were stopped: 0.0000547 seconds, Stopping threads took: 0.0000139 seconds
[2019-01-25T15:00:41.382+0000][1][safepoint    ] Application time: 1.0002728 seconds
[2019-01-25T15:00:41.382+0000][1][safepoint    ] Total time for which application threads were stopped: 0.0000584 seconds, Stopping threads took: 0.0000143 seconds
[2019-01-25T15:00:42.383+0000][1][safepoint    ] Application time: 1.0001309 seconds
[2019-01-25T15:00:42.384+0000][1][safepoint    ] Total time for which application threads were stopped: 0.0001602 seconds, Stopping threads took: 0.0000689 seconds
[2019-01-25T15:00:43.385+0000][1][safepoint    ] Application time: 1.0001487 seconds
[2019-01-25T15:00:43.386+0000][1][safepoint    ] Total time for which application threads were stopped: 0.0000554 seconds, Stopping threads took: 0.0000143 seconds
[2019-01-25T15:00:44.386+0000][1][safepoint    ] Application time: 1.0001641 seconds
[2019-01-25T15:00:44.387+0000][1][safepoint    ] Total time for which application threads were stopped: 0.0000760 seconds, Stopping threads took: 0.0000178 seconds
[2019-01-25T15:00:45.387+0000][1][safepoint    ] Application time: 1.0001201 seconds
[2019-01-25T15:00:45.388+0000][1][safepoint    ] Total time for which application threads were stopped: 0.0000844 seconds, Stopping threads took: 0.0000189 seconds
[2019-01-25T15:00:46.388+0000][1][safepoint    ] Application time: 1.0001851 seconds
[2019-01-25T15:00:46.389+0000][1][safepoint    ] Total time for which application threads were stopped: 0.0000889 seconds, Stopping threads took: 0.0000201 seconds
[2019-01-25T15:00:47.390+0000][1][safepoint    ] Application time: 1.0001057 seconds
[2019-01-25T15:00:47.390+0000][1][safepoint    ] Total time for which application threads were stopped: 0.0000578 seconds, Stopping threads took: 0.0000131 seconds
[2019-01-25T15:00:48.391+0000][1][safepoint    ] Application time: 1.0001173 seconds
[2019-01-25T15:00:48.391+0000][1][safepoint    ] Total time for which application threads were stopped: 0.0000607 seconds, Stopping threads took: 0.0000145 seconds
[2019-01-25T15:00:48.396+0000][1][safepoint    ] Application time: 0.0043995 seconds
[2019-01-25T15:00:48.397+0000][1][safepoint    ] Total time for which application threads were stopped: 0.0000687 seconds, Stopping threads took: 0.0000132 seconds
[2019-01-25T15:00:48.398+0000][1][safepoint    ] Application time: 0.0002176 seconds
[2019-01-25T15:00:48.398+0000][1][safepoint    ] Total time for which application threads were stopped: 0.0001090 seconds, Stopping threads took: 0.0000176 seconds
[2019-01-25T15:00:48.399+0000][1][safepoint    ] Application time: 0.0002097 seconds
[2019-01-25T15:00:48.399+0000][1][safepoint    ] Total time for which application threads were stopped: 0.0000678 seconds, Stopping threads took: 0.0000137 seconds
[2019-01-25T15:00:48.400+0000][1][safepoint    ] Application time: 0.0002194 seconds
[2019-01-25T15:00:48.401+0000][1][safepoint    ] Total time for which application threads were stopped: 0.0001100 seconds, Stopping threads took: 0.0000196 seconds
[2019-01-25T15:00:48.401+0000][1][safepoint    ] Application time: 0.0001996 seconds
[2019-01-25T15:00:48.402+0000][1][safepoint    ] Total time for which application threads were stopped: 0.0000693 seconds, Stopping threads took: 0.0000128 seconds
[2019-01-25T15:00:48.403+0000][1][safepoint    ] Application time: 0.0001875 seconds
[2019-01-25T15:00:48.403+0000][1][safepoint    ] Total time for which application threads were stopped: 0.0000724 seconds, Stopping threads took: 0.0000139 seconds
[2019-01-25T15:00:49.404+0000][1][safepoint    ] Application time: 1.0002858 seconds
[2019-01-25T15:00:49.404+0000][1][safepoint    ] Total time for which application threads were stopped: 0.0000534 seconds, Stopping threads took: 0.0000122 seconds
[2019-01-25T15:00:50.405+0000][1][safepoint    ] Application time: 1.0001780 seconds
[2019-01-25T15:00:50.409+0000][1][safepoint    ] Total time for which application threads were stopped: 0.0001092 seconds, Stopping threads took: 0.0000221 seconds
[2019-01-25T15:00:51.413+0000][1][safepoint    ] Application time: 1.0001824 seconds
[2019-01-25T15:00:51.414+0000][1][safepoint    ] Total time for which application threads were stopped: 0.0000678 seconds, Stopping threads took: 0.0000130 seconds
[2019-01-25T15:00:52.414+0000][1][safepoint    ] Application time: 1.0001839 seconds
[2019-01-25T15:00:52.416+0000][1][safepoint    ] Total time for which application threads were stopped: 0.0001385 seconds, Stopping threads took: 0.0000300 seconds
[2019-01-25T15:00:53.319+0000][1][safepoint    ] Application time: 0.9023778 seconds
[2019-01-25T15:00:53.320+0000][1][safepoint    ] Total time for which application threads were stopped: 0.0001204 seconds, Stopping threads took: 0.0000192 seconds
[2019-01-25T15:00:53.323+0000][1][safepoint    ] Application time: 0.0012728 seconds
[2019-01-25T15:00:53.324+0000][1][safepoint    ] Total time for which application threads were stopped: 0.0001011 seconds, Stopping threads took: 0.0000173 seconds
[2019-01-25T15:00:54.325+0000][1][safepoint    ] Application time: 1.0004312 seconds
[2019-01-25T15:00:54.326+0000][1][safepoint    ] Total time for which application threads were stopped: 0.0002083 seconds, Stopping threads took: 0.0000326 seconds
[2019-01-25T15:00:55.328+0000][1][safepoint    ] Application time: 1.0001634 seconds
[2019-01-25T15:00:55.328+0000][1][safepoint    ] Total time for which application threads were stopped: 0.0001009 seconds, Stopping threads took: 0.0000190 seconds
[2019-01-25T15:00:56.329+0000][1][safepoint    ] Application time: 1.0001431 seconds
[2019-01-25T15:00:56.332+0000][1][safepoint    ] Total time for which application threads were stopped: 0.0000864 seconds, Stopping threads took: 0.0000201 seconds
[2019-01-25T15:00:57.335+0000][1][safepoint    ] Application time: 1.0011119 seconds
[2019-01-25T15:00:57.336+0000][1][safepoint    ] Total time for which application threads were stopped: 0.0000801 seconds, Stopping threads took: 0.0000180 seconds
[2019-01-25T15:00:58.337+0000][1][safepoint    ] Application time: 1.0001473 seconds
[2019-01-25T15:00:58.337+0000][1][safepoint    ] Total time for which application threads were stopped: 0.0000524 seconds, Stopping threads took: 0.0000127 seconds
[2019-01-25T15:00:59.338+0000][1][safepoint    ] Application time: 1.0001288 seconds
[2019-01-25T15:00:59.338+0000][1][safepoint    ] Total time for which application threads were stopped: 0.0000554 seconds, Stopping threads took: 0.0000127 seconds
[2019-01-25T15:01:00.339+0000][1][safepoint    ] Application time: 1.0001229 seconds
[2019-01-25T15:01:00.340+0000][1][safepoint    ] Total time for which application threads were stopped: 0.0000630 seconds, Stopping threads took: 0.0000155 seconds
[2019-01-25T15:01:01.340+0000][1][safepoint    ] Application time: 1.0001633 seconds
[2019-01-25T15:01:01.341+0000][1][safepoint    ] Total time for which application threads were stopped: 0.0001092 seconds, Stopping threads took: 0.0000177 seconds
[2019-01-25T15:01:02.342+0000][1][safepoint    ] Application time: 1.0001876 seconds
[2019-01-25T15:01:02.342+0000][1][safepoint    ] Total time for which application threads were stopped: 0.0000625 seconds, Stopping threads took: 0.0000156 seconds
[2019-01-25T15:01:03.343+0000][1][safepoint    ] Application time: 1.0001031 seconds
[2019-01-25T15:01:03.344+0000][1][safepoint    ] Total time for which application threads were stopped: 0.0000542 seconds, Stopping threads took: 0.0000138 seconds
[2019-01-25T15:01:04.344+0000][1][safepoint    ] Application time: 1.0003022 seconds
[2019-01-25T15:01:04.345+0000][1][safepoint    ] Total time for which application threads were stopped: 0.0000579 seconds, Stopping threads took: 0.0000141 seconds
[2019-01-25T15:01:05.345+0000][1][safepoint    ] Application time: 1.0001173 seconds
[2019-01-25T15:01:05.353+0000][1][safepoint    ] Total time for which application threads were stopped: 0.0050107 seconds, Stopping threads took: 0.0049180 seconds
[2019-01-25T15:01:05.898+0000][1][safepoint    ] Application time: 0.5397285 seconds
[2019-01-25T15:01:05.899+0000][1][safepoint    ] Total time for which application threads were stopped: 0.0000940 seconds, Stopping threads took: 0.0000163 seconds
[2019-01-25T15:01:05.899+0000][1][safepoint    ] Application time: 0.0002913 seconds
[2019-01-25T15:01:05.903+0000][1][safepoint    ] Total time for which application threads were stopped: 0.0014915 seconds, Stopping threads took: 0.0013335 seconds
[2019-01-25T15:01:06.904+0000][1][safepoint    ] Application time: 1.0001805 seconds
[2019-01-25T15:01:06.904+0000][1][safepoint    ] Total time for which application threads were stopped: 0.0000613 seconds, Stopping threads took: 0.0000183 seconds
[2019-01-25T15:01:07.210+0000][1][safepoint    ] Application time: 0.3053826 seconds
[2019-01-25T15:01:07.215+0000][1][safepoint    ] Total time for which application threads were stopped: 0.0002116 seconds, Stopping threads took: 0.0000182 seconds
[2019-01-25T15:01:07.225+0000][1][safepoint    ] Application time: 0.0056195 seconds
[2019-01-25T15:01:07.231+0000][1][safepoint    ] Total time for which application threads were stopped: 0.0001062 seconds, Stopping threads took: 0.0000176 seconds
[2019-01-25T15:01:07.246+0000][1][safepoint    ] Application time: 0.0143743 seconds
[2019-01-25T15:01:07.247+0000][1][safepoint    ] Total time for which application threads were stopped: 0.0001930 seconds, Stopping threads took: 0.0000660 seconds
[2019-01-25T15:01:07.347+0000][1][safepoint    ] Application time: 0.0997078 seconds
[2019-01-25T15:01:07.348+0000][1][safepoint    ] Total time for which application threads were stopped: 0.0000887 seconds, Stopping threads took: 0.0000131 seconds
[2019-01-25T15:01:07.349+0000][1][safepoint    ] Application time: 0.0002293 seconds
[2019-01-25T15:01:07.349+0000][1][safepoint    ] Total time for which application threads were stopped: 0.0000789 seconds, Stopping threads took: 0.0000134 seconds
[2019-01-25T15:01:07.363+0000][1][safepoint    ] Application time: 0.0116901 seconds
[2019-01-25T15:01:07.363+0000][1][safepoint    ] Total time for which application threads were stopped: 0.0001016 seconds, Stopping threads took: 0.0000148 seconds
[2019-01-25T15:01:07.364+0000][1][safepoint    ] Application time: 0.0003658 seconds
[2019-01-25T15:01:07.364+0000][1][safepoint    ] Total time for which application threads were stopped: 0.0001432 seconds, Stopping threads took: 0.0000278 seconds
[2019-01-25T15:01:07.365+0000][1][safepoint    ] Application time: 0.0004650 seconds
[2019-01-25T15:01:07.366+0000][1][safepoint    ] Total time for which application threads were stopped: 0.0001267 seconds, Stopping threads took: 0.0000172 seconds
[2019-01-25T15:01:07.433+0000][1][safepoint    ] Application time: 0.0638882 seconds
[2019-01-25T15:01:07.434+0000][1][safepoint    ] Total time for which application threads were stopped: 0.0001136 seconds, Stopping threads took: 0.0000178 seconds
[2019-01-25T15:01:07.435+0000][1][safepoint    ] Application time: 0.0002728 seconds
[2019-01-25T15:01:07.436+0000][1][safepoint    ] Total time for which application threads were stopped: 0.0000938 seconds, Stopping threads took: 0.0000176 seconds
[2019-01-25T15:01:07.444+0000][1][safepoint    ] Application time: 0.0070122 seconds
[2019-01-25T15:01:07.445+0000][1][safepoint    ] Total time for which application threads were stopped: 0.0000764 seconds, Stopping threads took: 0.0000148 seconds
[2019-01-25T15:01:07.488+0000][1][safepoint    ] Application time: 0.0425074 seconds
[2019-01-25T15:01:07.488+0000][1][safepoint    ] Total time for which application threads were stopped: 0.0001050 seconds, Stopping threads took: 0.0000172 seconds
[2019-01-25T15:01:07.491+0000][1][safepoint    ] Application time: 0.0002629 seconds
[2019-01-25T15:01:07.491+0000][1][safepoint    ] Total time for which application threads were stopped: 0.0001284 seconds, Stopping threads took: 0.0000194 seconds
[2019-01-25T15:01:07.492+0000][1][safepoint    ] Application time: 0.0002149 seconds
[2019-01-25T15:01:07.492+0000][1][safepoint    ] Total time for which application threads were stopped: 0.0001253 seconds, Stopping threads took: 0.0000174 seconds
[2019-01-25T15:01:07.495+0000][1][safepoint    ] Application time: 0.0019025 seconds
[2019-01-25T15:01:07.496+0000][1][safepoint    ] Total time for which application threads were stopped: 0.0001414 seconds, Stopping threads took: 0.0000175 seconds
[2019-01-25T15:01:07.613+0000][1][safepoint    ] Application time: 0.1167995 seconds
[2019-01-25T15:01:07.613+0000][1][safepoint    ] Total time for which application threads were stopped: 0.0001051 seconds, Stopping threads took: 0.0000159 seconds
[2019-01-25T15:01:07.695+0000][1][safepoint    ] Application time: 0.0814694 seconds
[2019-01-25T15:01:07.696+0000][1][safepoint    ] Total time for which application threads were stopped: 0.0000833 seconds, Stopping threads took: 0.0000134 seconds
[2019-01-25T15:01:07.698+0000][1][safepoint    ] Application time: 0.0015394 seconds
[2019-01-25T15:01:07.698+0000][1][safepoint    ] Total time for which application threads were stopped: 0.0001187 seconds, Stopping threads took: 0.0000170 seconds
[2019-01-25T15:01:08.700+0000][1][safepoint    ] Application time: 1.0007089 seconds
[2019-01-25T15:01:08.701+0000][1][safepoint    ] Total time for which application threads were stopped: 0.0001885 seconds, Stopping threads took: 0.0000412 seconds
[2019-01-25T15:01:09.703+0000][1][safepoint    ] Application time: 1.0001687 seconds
[2019-01-25T15:01:09.704+0000][1][safepoint    ] Total time for which application threads were stopped: 0.0000561 seconds, Stopping threads took: 0.0000143 seconds
[2019-01-25T15:01:10.704+0000][1][safepoint    ] Application time: 1.0003862 seconds
[2019-01-25T15:01:10.706+0000][1][safepoint    ] Total time for which application threads were stopped: 0.0000993 seconds, Stopping threads took: 0.0000237 seconds
[2019-01-25T15:01:11.709+0000][1][safepoint    ] Application time: 1.0001535 seconds
[2019-01-25T15:01:11.710+0000][1][safepoint    ] Total time for which application threads were stopped: 0.0005877 seconds, Stopping threads took: 0.0001309 seconds
[2019-01-25T15:01:12.711+0000][1][safepoint    ] Application time: 1.0001403 seconds
[2019-01-25T15:01:12.712+0000][1][safepoint    ] Total time for which application threads were stopped: 0.0000839 seconds, Stopping threads took: 0.0000309 seconds
[2019-01-25T15:01:13.712+0000][1][safepoint    ] Application time: 1.0001537 seconds
[2019-01-25T15:01:13.713+0000][1][safepoint    ] Total time for which application threads were stopped: 0.0000905 seconds, Stopping threads took: 0.0000190 seconds
[2019-01-25T15:01:14.721+0000][1][safepoint    ] Application time: 1.0002516 seconds
[2019-01-25T15:01:14.722+0000][1][safepoint    ] Total time for which application threads were stopped: 0.0001055 seconds, Stopping threads took: 0.0000249 seconds
[2019-01-25T15:01:15.723+0000][1][safepoint    ] Application time: 1.0001587 seconds
[2019-01-25T15:01:15.726+0000][1][safepoint    ] Total time for which application threads were stopped: 0.0000768 seconds, Stopping threads took: 0.0000178 seconds
[2019-01-25T15:01:16.728+0000][1][safepoint    ] Application time: 1.0004103 seconds
[2019-01-25T15:01:16.729+0000][1][safepoint    ] Total time for which application threads were stopped: 0.0001661 seconds, Stopping threads took: 0.0000367 seconds
[2019-01-25T15:01:17.731+0000][1][safepoint    ] Application time: 1.0001448 seconds
[2019-01-25T15:01:17.731+0000][1][safepoint    ] Total time for which application threads were stopped: 0.0000525 seconds, Stopping threads took: 0.0000129 seconds
[2019-01-25T15:01:18.405+0000][1][safepoint    ] Application time: 0.6731412 seconds
[2019-01-25T15:01:18.408+0000][1][safepoint    ] Total time for which application threads were stopped: 0.0003866 seconds, Stopping threads took: 0.0000590 seconds
[2019-01-25T15:01:18.411+0000][1][safepoint    ] Application time: 0.0014856 seconds
[2019-01-25T15:01:18.413+0000][1][safepoint    ] Total time for which application threads were stopped: 0.0003249 seconds, Stopping threads took: 0.0000538 seconds
[2019-01-25T15:01:18.416+0000][1][safepoint    ] Application time: 0.0009240 seconds
[2019-01-25T15:01:18.418+0000][1][safepoint    ] Total time for which application threads were stopped: 0.0003327 seconds, Stopping threads took: 0.0000526 seconds
[2019-01-25T15:01:18.421+0000][1][safepoint    ] Application time: 0.0014061 seconds
[2019-01-25T15:01:18.423+0000][1][safepoint    ] Total time for which application threads were stopped: 0.0003644 seconds, Stopping threads took: 0.0000540 seconds
[2019-01-25T15:01:19.428+0000][1][safepoint    ] Application time: 1.0003448 seconds
[2019-01-25T15:01:19.437+0000][1][safepoint    ] Total time for which application threads were stopped: 0.0000574 seconds, Stopping threads took: 0.0000146 seconds
[2019-01-25T15:01:20.437+0000][1][safepoint    ] Application time: 1.0001890 seconds
[2019-01-25T15:01:20.438+0000][1][safepoint    ] Total time for which application threads were stopped: 0.0000809 seconds, Stopping threads took: 0.0000285 seconds
[2019-01-25T15:01:21.439+0000][1][safepoint    ] Application time: 1.0001018 seconds
[2019-01-25T15:01:21.439+0000][1][safepoint    ] Total time for which application threads were stopped: 0.0000850 seconds, Stopping threads took: 0.0000152 seconds
[2019-01-25T15:01:22.440+0000][1][safepoint    ] Application time: 1.0001203 seconds
[2019-01-25T15:01:22.441+0000][1][safepoint    ] Total time for which application threads were stopped: 0.0001205 seconds, Stopping threads took: 0.0000256 seconds
[2019-01-25T15:01:23.442+0000][1][safepoint    ] Application time: 1.0001426 seconds
[2019-01-25T15:01:23.442+0000][1][safepoint    ] Total time for which application threads were stopped: 0.0000553 seconds, Stopping threads took: 0.0000135 seconds
[2019-01-25T15:01:24.439+0000][1][safepoint    ] Application time: 1.0001811 seconds
[2019-01-25T15:01:24.439+0000][1][safepoint    ] Total time for which application threads were stopped: 0.0000809 seconds, Stopping threads took: 0.0000188 seconds
[2019-01-25T15:01:25.440+0000][1][safepoint    ] Application time: 1.0001243 seconds
[2019-01-25T15:01:25.441+0000][1][safepoint    ] Total time for which application threads were stopped: 0.0000519 seconds, Stopping threads took: 0.0000132 seconds
[2019-01-25T15:01:26.290+0000][1][safepoint    ] Application time: 0.8486887 seconds
[2019-01-25T15:01:26.291+0000][1][safepoint    ] Total time for which application threads were stopped: 0.0000958 seconds, Stopping threads took: 0.0000127 seconds
[2019-01-25T15:01:26.315+0000][1][safepoint    ] Application time: 0.0232901 seconds
[2019-01-25T15:01:26.321+0000][1][safepoint    ] Total time for which application threads were stopped: 0.0047966 seconds, Stopping threads took: 0.0000497 seconds
[2019-01-25T15:01:26.340+0000][1][safepoint    ] Application time: 0.0149821 seconds
[2019-01-25T15:01:26.341+0000][1][safepoint    ] Total time for which application threads were stopped: 0.0000897 seconds, Stopping threads took: 0.0000132 seconds
[2019-01-25T15:01:26.464+0000][1][safepoint    ] Application time: 0.1232326 seconds
[2019-01-25T15:01:26.469+0000][1][safepoint    ] Total time for which application threads were stopped: 0.0001278 seconds, Stopping threads took: 0.0000180 seconds
[2019-01-25T15:01:26.589+0000][1][safepoint    ] Application time: 0.1197056 seconds
[2019-01-25T15:01:26.592+0000][1][safepoint    ] Total time for which application threads were stopped: 0.0001123 seconds, Stopping threads took: 0.0000165 seconds
[2019-01-25T15:01:26.699+0000][1][safepoint    ] Application time: 0.1059827 seconds
[2019-01-25T15:01:26.701+0000][1][safepoint    ] Total time for which application threads were stopped: 0.0010015 seconds, Stopping threads took: 0.0008838 seconds
[2019-01-25T15:01:26.707+0000][1][safepoint    ] Application time: 0.0039196 seconds
[2019-01-25T15:01:26.708+0000][1][safepoint    ] Total time for which application threads were stopped: 0.0001313 seconds, Stopping threads took: 0.0000209 seconds
[2019-01-25T15:01:26.769+0000][1][safepoint    ] Application time: 0.0600826 seconds
[2019-01-25T15:01:26.771+0000][1][safepoint    ] Total time for which application threads were stopped: 0.0004858 seconds, Stopping threads took: 0.0000982 seconds
[2019-01-25T15:01:26.850+0000][1][safepoint    ] Application time: 0.0772807 seconds
[2019-01-25T15:01:26.851+0000][1][safepoint    ] Total time for which application threads were stopped: 0.0001318 seconds, Stopping threads took: 0.0000391 seconds
[2019-01-25T15:01:26.965+0000][1][safepoint    ] Application time: 0.1137136 seconds
[2019-01-25T15:01:26.969+0000][1][safepoint    ] Total time for which application threads were stopped: 0.0030468 seconds, Stopping threads took: 0.0029050 seconds
[2019-01-25T15:01:26.982+0000][1][safepoint    ] Application time: 0.0122580 seconds
[2019-01-25T15:01:26.986+0000][1][safepoint    ] Total time for which application threads were stopped: 0.0035207 seconds, Stopping threads took: 0.0034128 seconds
[2019-01-25T15:01:27.172+0000][1][safepoint    ] Application time: 0.1858186 seconds
[2019-01-25T15:01:27.178+0000][1][safepoint    ] Total time for which application threads were stopped: 0.0001720 seconds, Stopping threads took: 0.0000387 seconds
[2019-01-25T15:01:27.205+0000][1][safepoint    ] Application time: 0.0221056 seconds
[2019-01-25T15:01:27.208+0000][1][safepoint    ] Total time for which application threads were stopped: 0.0003775 seconds, Stopping threads took: 0.0002703 seconds
[2019-01-25T15:01:27.278+0000][1][safepoint    ] Application time: 0.0692910 seconds
[2019-01-25T15:01:27.278+0000][1][safepoint    ] Total time for which application threads were stopped: 0.0001461 seconds, Stopping threads took: 0.0000167 seconds
[2019-01-25T15:01:27.294+0000][1][safepoint    ] Application time: 0.0138799 seconds
[2019-01-25T15:01:27.296+0000][1][safepoint    ] Total time for which application threads were stopped: 0.0012569 seconds, Stopping threads took: 0.0011647 seconds
[2019-01-25T15:01:27.330+0000][1][safepoint    ] Application time: 0.0339435 seconds
[2019-01-25T15:01:27.331+0000][1][safepoint    ] Total time for which application threads were stopped: 0.0000982 seconds, Stopping threads took: 0.0000157 seconds
[2019-01-25T15:01:27.344+0000][1][safepoint    ] Application time: 0.0117909 seconds
[2019-01-25T15:01:27.345+0000][1][safepoint    ] Total time for which application threads were stopped: 0.0001128 seconds, Stopping threads took: 0.0000176 seconds
[2019-01-25T15:01:27.346+0000][1][safepoint    ] Application time: 0.0000598 seconds
[2019-01-25T15:01:27.351+0000][1][safepoint    ] Total time for which application threads were stopped: 0.0001023 seconds, Stopping threads took: 0.0000150 seconds
[2019-01-25T15:01:27.353+0000][1][safepoint    ] Application time: 0.0000670 seconds
[2019-01-25T15:01:27.353+0000][1][safepoint    ] Total time for which application threads were stopped: 0.0000722 seconds, Stopping threads took: 0.0000135 seconds
[2019-01-25T15:01:27.358+0000][1][safepoint    ] Application time: 0.0000746 seconds
[2019-01-25T15:01:27.359+0000][1][safepoint    ] Total time for which application threads were stopped: 0.0001209 seconds, Stopping threads took: 0.0000174 seconds
[2019-01-25T15:01:27.365+0000][1][safepoint    ] Application time: 0.0000813 seconds
[2019-01-25T15:01:27.366+0000][1][safepoint    ] Total time for which application threads were stopped: 0.0001131 seconds, Stopping threads took: 0.0000189 seconds
[2019-01-25T15:01:27.370+0000][1][safepoint    ] Application time: 0.0000736 seconds
[2019-01-25T15:01:27.375+0000][1][safepoint    ] Total time for which application threads were stopped: 0.0000738 seconds, Stopping threads took: 0.0000124 seconds
[2019-01-25T15:01:27.377+0000][1][safepoint    ] Application time: 0.0000751 seconds
[2019-01-25T15:01:27.385+0000][1][safepoint    ] Total time for which application threads were stopped: 0.0001327 seconds, Stopping threads took: 0.0000178 seconds
[2019-01-25T15:01:27.474+0000][1][safepoint    ] Application time: 0.0870066 seconds
[2019-01-25T15:01:27.474+0000][1][safepoint    ] Total time for which application threads were stopped: 0.0001136 seconds, Stopping threads took: 0.0000156 seconds
[2019-01-25T15:01:27.744+0000][1][safepoint    ] Application time: 0.2690426 seconds
[2019-01-25T15:01:27.746+0000][1][safepoint    ] Total time for which application threads were stopped: 0.0001202 seconds, Stopping threads took: 0.0000192 seconds
[2019-01-25T15:01:27.750+0000][1][safepoint    ] Application time: 0.0001398 seconds
[2019-01-25T15:01:27.754+0000][1][safepoint    ] Total time for which application threads were stopped: 0.0001238 seconds, Stopping threads took: 0.0000200 seconds
[2019-01-25T15:01:27.760+0000][1][safepoint    ] Application time: 0.0001279 seconds
[2019-01-25T15:01:27.763+0000][1][safepoint    ] Total time for which application threads were stopped: 0.0001073 seconds, Stopping threads took: 0.0000182 seconds
[2019-01-25T15:01:27.764+0000][1][safepoint    ] Application time: 0.0001230 seconds
[2019-01-25T15:01:27.771+0000][1][safepoint    ] Total time for which application threads were stopped: 0.0000790 seconds, Stopping threads took: 0.0000156 seconds
[2019-01-25T15:01:27.897+0000][1][safepoint    ] Application time: 0.1219593 seconds
[2019-01-25T15:01:27.897+0000][1][gc,start     ] GC(30) Pause Young (Allocation Failure)
[2019-01-25T15:01:27.898+0000][1][gc,task      ] GC(30) Using 2 workers of 2 for evacuation
[2019-01-25T15:01:27.905+0000][1][gc,age       ] GC(30) Desired survivor size 4456448 bytes, new threshold 6 (max threshold 6)
[2019-01-25T15:01:27.906+0000][1][gc,age       ] GC(30) Age table with threshold 6 (max threshold 6)
[2019-01-25T15:01:27.906+0000][1][gc,age       ] GC(30) - age   1:     443120 bytes,     443120 total
[2019-01-25T15:01:27.906+0000][1][gc,age       ] GC(30) - age   2:     371424 bytes,     814544 total
[2019-01-25T15:01:27.906+0000][1][gc,age       ] GC(30) - age   3:     105760 bytes,     920304 total
[2019-01-25T15:01:27.907+0000][1][gc,age       ] GC(30) - age   4:    2766744 bytes,    3687048 total
[2019-01-25T15:01:27.907+0000][1][gc,age       ] GC(30) - age   5:     730768 bytes,    4417816 total
[2019-01-25T15:01:27.907+0000][1][gc,age       ] GC(30) - age   6:       1496 bytes,    4419312 total
[2019-01-25T15:01:27.908+0000][1][gc,heap      ] GC(30) ParNew: 75092K->5072K(78656K)
[2019-01-25T15:01:27.908+0000][1][gc,heap      ] GC(30) CMS: 83446K->83453K(174784K)
[2019-01-25T15:01:27.908+0000][1][gc,metaspace ] GC(30) Metaspace: 71211K->71211K(1114112K)
[2019-01-25T15:01:27.909+0000][1][gc           ] GC(30) Pause Young (Allocation Failure) 154M->86M(247M) 11.502ms
[2019-01-25T15:01:27.909+0000][1][gc,cpu       ] GC(30) User=0.01s Sys=0.00s Real=0.01s
[2019-01-25T15:01:27.910+0000][1][safepoint    ] Total time for which application threads were stopped: 0.0123112 seconds, Stopping threads took: 0.0000583 seconds
[2019-01-25T15:01:27.925+0000][1][safepoint    ] Application time: 0.0155169 seconds
[2019-01-25T15:01:27.926+0000][1][safepoint    ] Total time for which application threads were stopped: 0.0004802 seconds, Stopping threads took: 0.0000430 seconds
[2019-01-25T15:01:28.113+0000][1][safepoint    ] Application time: 0.1854635 seconds
[2019-01-25T15:01:28.114+0000][1][safepoint    ] Total time for which application threads were stopped: 0.0003131 seconds, Stopping threads took: 0.0000182 seconds
[2019-01-25T15:01:28.117+0000][1][safepoint    ] Application time: 0.0033104 seconds
[2019-01-25T15:01:28.118+0000][1][safepoint    ] Total time for which application threads were stopped: 0.0000672 seconds, Stopping threads took: 0.0000110 seconds
[2019-01-25T15:01:28.387+0000][1][safepoint    ] Application time: 0.2688267 seconds
[2019-01-25T15:01:28.388+0000][1][safepoint    ] Total time for which application threads were stopped: 0.0001013 seconds, Stopping threads took: 0.0000155 seconds
[2019-01-25T15:01:28.388+0000][1][safepoint    ] Application time: 0.0000607 seconds
[2019-01-25T15:01:28.389+0000][1][safepoint    ] Total time for which application threads were stopped: 0.0000621 seconds, Stopping threads took: 0.0000105 seconds
[2019-01-25T15:01:28.390+0000][1][safepoint    ] Application time: 0.0000873 seconds
[2019-01-25T15:01:28.390+0000][1][safepoint    ] Total time for which application threads were stopped: 0.0000644 seconds, Stopping threads took: 0.0000117 seconds
[2019-01-25T15:01:28.391+0000][1][safepoint    ] Application time: 0.0000558 seconds
[2019-01-25T15:01:28.391+0000][1][safepoint    ] Total time for which application threads were stopped: 0.0002387 seconds, Stopping threads took: 0.0000103 seconds
[2019-01-25T15:01:29.396+0000][1][safepoint    ] Application time: 1.0001730 seconds
[2019-01-25T15:01:29.397+0000][1][safepoint    ] Total time for which application threads were stopped: 0.0001306 seconds, Stopping threads took: 0.0000696 seconds
[2019-01-25T15:01:30.398+0000][1][safepoint    ] Application time: 1.0004624 seconds
[2019-01-25T15:01:30.399+0000][1][safepoint    ] Total time for which application threads were stopped: 0.0000802 seconds, Stopping threads took: 0.0000204 seconds
[2019-01-25T15:01:31.399+0000][1][safepoint    ] Application time: 1.0001504 seconds
[2019-01-25T15:01:31.400+0000][1][safepoint    ] Total time for which application threads were stopped: 0.0000559 seconds, Stopping threads took: 0.0000144 seconds
[2019-01-25T15:01:32.401+0000][1][safepoint    ] Application time: 1.0003019 seconds
[2019-01-25T15:01:32.403+0000][1][safepoint    ] Total time for which application threads were stopped: 0.0002498 seconds, Stopping threads took: 0.0000724 seconds
[2019-01-25T15:01:32.784+0000][1][safepoint    ] Application time: 0.3787294 seconds
[2019-01-25T15:01:32.785+0000][1][safepoint    ] Total time for which application threads were stopped: 0.0002242 seconds, Stopping threads took: 0.0000113 seconds
[2019-01-25T15:01:33.786+0000][1][safepoint    ] Application time: 1.0001835 seconds
[2019-01-25T15:01:33.787+0000][1][safepoint    ] Total time for which application threads were stopped: 0.0000984 seconds, Stopping threads took: 0.0000190 seconds
[2019-01-25T15:01:34.787+0000][1][safepoint    ] Application time: 1.0001496 seconds
[2019-01-25T15:01:34.788+0000][1][safepoint    ] Total time for which application threads were stopped: 0.0000985 seconds, Stopping threads took: 0.0000162 seconds
[2019-01-25T15:01:35.789+0000][1][safepoint    ] Application time: 1.0001327 seconds
[2019-01-25T15:01:35.789+0000][1][safepoint    ] Total time for which application threads were stopped: 0.0000666 seconds, Stopping threads took: 0.0000234 seconds
[2019-01-25T15:01:36.790+0000][1][safepoint    ] Application time: 1.0001893 seconds
[2019-01-25T15:01:36.791+0000][1][safepoint    ] Total time for which application threads were stopped: 0.0001219 seconds, Stopping threads took: 0.0000201 seconds
[2019-01-25T15:01:37.792+0000][1][safepoint    ] Application time: 1.0001559 seconds
[2019-01-25T15:01:37.792+0000][1][safepoint    ] Total time for which application threads were stopped: 0.0000809 seconds, Stopping threads took: 0.0000217 seconds
[2019-01-25T15:01:38.793+0000][1][safepoint    ] Application time: 1.0002294 seconds
[2019-01-25T15:01:38.795+0000][1][safepoint    ] Total time for which application threads were stopped: 0.0001357 seconds, Stopping threads took: 0.0000290 seconds
[2019-01-25T15:01:39.796+0000][1][safepoint    ] Application time: 1.0001812 seconds
[2019-01-25T15:01:39.806+0000][1][safepoint    ] Total time for which application threads were stopped: 0.0000546 seconds, Stopping threads took: 0.0000138 seconds
[2019-01-25T15:01:40.816+0000][1][safepoint    ] Application time: 1.0000991 seconds
[2019-01-25T15:01:40.817+0000][1][safepoint    ] Total time for which application threads were stopped: 0.0000536 seconds, Stopping threads took: 0.0000134 seconds
[2019-01-25T15:01:41.817+0000][1][safepoint    ] Application time: 1.0001422 seconds
[2019-01-25T15:01:41.818+0000][1][safepoint    ] Total time for which application threads were stopped: 0.0000572 seconds, Stopping threads took: 0.0000149 seconds
[2019-01-25T15:01:42.818+0000][1][safepoint    ] Application time: 1.0002825 seconds
[2019-01-25T15:01:42.819+0000][1][safepoint    ] Total time for which application threads were stopped: 0.0001678 seconds, Stopping threads took: 0.0000677 seconds
[2019-01-25T15:01:43.820+0000][1][safepoint    ] Application time: 1.0001354 seconds
[2019-01-25T15:01:43.821+0000][1][safepoint    ] Total time for which application threads were stopped: 0.0001144 seconds, Stopping threads took: 0.0000190 seconds
[2019-01-25T15:01:44.821+0000][1][safepoint    ] Application time: 1.0003434 seconds
[2019-01-25T15:01:44.823+0000][1][safepoint    ] Total time for which application threads were stopped: 0.0002581 seconds, Stopping threads took: 0.0000549 seconds
[2019-01-25T15:01:45.825+0000][1][safepoint    ] Application time: 1.0001659 seconds
[2019-01-25T15:01:45.825+0000][1][safepoint    ] Total time for which application threads were stopped: 0.0001055 seconds, Stopping threads took: 0.0000180 seconds
[2019-01-25T15:01:46.826+0000][1][safepoint    ] Application time: 1.0001633 seconds
[2019-01-25T15:01:46.827+0000][1][safepoint    ] Total time for which application threads were stopped: 0.0001013 seconds, Stopping threads took: 0.0000135 seconds
[2019-01-25T15:01:47.827+0000][1][safepoint    ] Application time: 1.0001222 seconds
[2019-01-25T15:01:47.828+0000][1][safepoint    ] Total time for which application threads were stopped: 0.0000869 seconds, Stopping threads took: 0.0000191 seconds
[2019-01-25T15:01:48.828+0000][1][safepoint    ] Application time: 1.0004276 seconds
[2019-01-25T15:01:48.830+0000][1][safepoint    ] Total time for which application threads were stopped: 0.0001779 seconds, Stopping threads took: 0.0000376 seconds
[2019-01-25T15:01:49.831+0000][1][safepoint    ] Application time: 1.0001549 seconds
[2019-01-25T15:01:49.832+0000][1][safepoint    ] Total time for which application threads were stopped: 0.0000797 seconds, Stopping threads took: 0.0000177 seconds
[2019-01-25T15:01:50.832+0000][1][safepoint    ] Application time: 1.0002586 seconds
[2019-01-25T15:01:50.834+0000][1][safepoint    ] Total time for which application threads were stopped: 0.0001050 seconds, Stopping threads took: 0.0000261 seconds
[2019-01-25T15:01:51.835+0000][1][safepoint    ] Application time: 1.0001474 seconds
[2019-01-25T15:01:51.835+0000][1][safepoint    ] Total time for which application threads were stopped: 0.0000543 seconds, Stopping threads took: 0.0000134 seconds
[2019-01-25T15:01:52.836+0000][1][safepoint    ] Application time: 1.0002102 seconds
[2019-01-25T15:01:52.837+0000][1][safepoint    ] Total time for which application threads were stopped: 0.0000975 seconds, Stopping threads took: 0.0000244 seconds
[2019-01-25T15:01:53.838+0000][1][safepoint    ] Application time: 1.0001351 seconds
[2019-01-25T15:01:53.839+0000][1][safepoint    ] Total time for which application threads were stopped: 0.0000540 seconds, Stopping threads took: 0.0000132 seconds
[2019-01-25T15:01:54.839+0000][1][safepoint    ] Application time: 1.0003451 seconds
[2019-01-25T15:01:54.842+0000][1][safepoint    ] Total time for which application threads were stopped: 0.0003282 seconds, Stopping threads took: 0.0000600 seconds
[2019-01-25T15:01:55.844+0000][1][safepoint    ] Application time: 1.0001446 seconds
[2019-01-25T15:01:55.844+0000][1][safepoint    ] Total time for which application threads were stopped: 0.0000568 seconds, Stopping threads took: 0.0000134 seconds
[2019-01-25T15:01:56.348+0000][1][safepoint    ] Application time: 0.5033774 seconds
[2019-01-25T15:01:56.349+0000][1][safepoint    ] Total time for which application threads were stopped: 0.0000912 seconds, Stopping threads took: 0.0000156 seconds
[2019-01-25T15:01:56.349+0000][1][safepoint    ] Application time: 0.0002034 seconds
[2019-01-25T15:01:56.350+0000][1][safepoint    ] Total time for which application threads were stopped: 0.0000863 seconds, Stopping threads took: 0.0000129 seconds
[2019-01-25T15:01:56.350+0000][1][safepoint    ] Application time: 0.0001743 seconds
[2019-01-25T15:01:56.350+0000][1][safepoint    ] Total time for which application threads were stopped: 0.0001031 seconds, Stopping threads took: 0.0000138 seconds
[2019-01-25T15:01:56.351+0000][1][safepoint    ] Application time: 0.0002504 seconds
[2019-01-25T15:01:56.352+0000][1][safepoint    ] Total time for which application threads were stopped: 0.0001177 seconds, Stopping threads took: 0.0000143 seconds
[2019-01-25T15:01:56.352+0000][1][safepoint    ] Application time: 0.0002318 seconds
[2019-01-25T15:01:56.353+0000][1][safepoint    ] Total time for which application threads were stopped: 0.0001749 seconds, Stopping threads took: 0.0000139 seconds
[2019-01-25T15:01:57.353+0000][1][safepoint    ] Application time: 1.0001636 seconds
[2019-01-25T15:01:57.354+0000][1][safepoint    ] Total time for which application threads were stopped: 0.0000967 seconds, Stopping threads took: 0.0000194 seconds
[2019-01-25T15:01:57.554+0000][1][safepoint    ] Application time: 0.1996244 seconds
[2019-01-25T15:01:57.555+0000][1][safepoint    ] Total time for which application threads were stopped: 0.0002225 seconds, Stopping threads took: 0.0000231 seconds
[2019-01-25T15:01:57.555+0000][1][safepoint    ] Application time: 0.0001397 seconds
[2019-01-25T15:01:57.556+0000][1][safepoint    ] Total time for which application threads were stopped: 0.0002107 seconds, Stopping threads took: 0.0000186 seconds
[2019-01-25T15:01:58.557+0000][1][safepoint    ] Application time: 1.0001570 seconds
[2019-01-25T15:01:58.558+0000][1][safepoint    ] Total time for which application threads were stopped: 0.0000818 seconds, Stopping threads took: 0.0000186 seconds
[2019-01-25T15:01:59.559+0000][1][safepoint    ] Application time: 1.0001289 seconds
[2019-01-25T15:01:59.559+0000][1][safepoint    ] Total time for which application threads were stopped: 0.0000930 seconds, Stopping threads took: 0.0000138 seconds
[2019-01-25T15:02:00.560+0000][1][safepoint    ] Application time: 1.0001439 seconds
[2019-01-25T15:02:00.561+0000][1][safepoint    ] Total time for which application threads were stopped: 0.0000918 seconds, Stopping threads took: 0.0000194 seconds
[2019-01-25T15:02:01.561+0000][1][safepoint    ] Application time: 1.0001921 seconds
[2019-01-25T15:02:01.563+0000][1][safepoint    ] Total time for which application threads were stopped: 0.0001434 seconds, Stopping threads took: 0.0000292 seconds
[2019-01-25T15:02:01.719+0000][1][safepoint    ] Application time: 0.1555209 seconds
[2019-01-25T15:02:01.722+0000][1][safepoint    ] Total time for which application threads were stopped: 0.0000829 seconds, Stopping threads took: 0.0000194 seconds
[2019-01-25T15:02:02.725+0000][1][safepoint    ] Application time: 1.0001634 seconds
[2019-01-25T15:02:02.726+0000][1][safepoint    ] Total time for which application threads were stopped: 0.0001204 seconds, Stopping threads took: 0.0000474 seconds
[2019-01-25T15:02:03.726+0000][1][safepoint    ] Application time: 1.0002882 seconds
[2019-01-25T15:02:03.728+0000][1][safepoint    ] Total time for which application threads were stopped: 0.0001517 seconds, Stopping threads took: 0.0000378 seconds
[2019-01-25T15:02:04.729+0000][1][safepoint    ] Application time: 1.0001996 seconds
[2019-01-25T15:02:04.730+0000][1][safepoint    ] Total time for which application threads were stopped: 0.0000821 seconds, Stopping threads took: 0.0000181 seconds
[2019-01-25T15:02:05.731+0000][1][safepoint    ] Application time: 1.0000902 seconds
[2019-01-25T15:02:05.732+0000][1][safepoint    ] Total time for which application threads were stopped: 0.0000517 seconds, Stopping threads took: 0.0000117 seconds
[2019-01-25T15:02:05.889+0000][1][safepoint    ] Application time: 0.1562871 seconds
[2019-01-25T15:02:05.890+0000][1][safepoint    ] Total time for which application threads were stopped: 0.0004950 seconds, Stopping threads took: 0.0002517 seconds
[2019-01-25T15:02:05.896+0000][1][safepoint    ] Application time: 0.0050755 seconds
[2019-01-25T15:02:05.910+0000][1][safepoint    ] Total time for which application threads were stopped: 0.0004114 seconds, Stopping threads took: 0.0003368 seconds
[2019-01-25T15:02:06.911+0000][1][safepoint    ] Application time: 1.0008203 seconds
[2019-01-25T15:02:06.915+0000][1][safepoint    ] Total time for which application threads were stopped: 0.0006776 seconds, Stopping threads took: 0.0002675 seconds
[2019-01-25T15:02:07.917+0000][1][safepoint    ] Application time: 1.0001997 seconds
[2019-01-25T15:02:07.918+0000][1][safepoint    ] Total time for which application threads were stopped: 0.0000877 seconds, Stopping threads took: 0.0000170 seconds
[2019-01-25T15:02:08.920+0000][1][safepoint    ] Application time: 1.0003560 seconds
[2019-01-25T15:02:08.921+0000][1][safepoint    ] Total time for which application threads were stopped: 0.0000783 seconds, Stopping threads took: 0.0000172 seconds
[2019-01-25T15:02:09.921+0000][1][safepoint    ] Application time: 1.0002060 seconds
[2019-01-25T15:02:09.922+0000][1][safepoint    ] Total time for which application threads were stopped: 0.0001694 seconds, Stopping threads took: 0.0000306 seconds
[2019-01-25T15:02:10.923+0000][1][safepoint    ] Application time: 1.0001726 seconds
[2019-01-25T15:02:10.924+0000][1][safepoint    ] Total time for which application threads were stopped: 0.0000645 seconds, Stopping threads took: 0.0000154 seconds
[2019-01-25T15:02:11.925+0000][1][safepoint    ] Application time: 1.0001144 seconds
[2019-01-25T15:02:11.926+0000][1][safepoint    ] Total time for which application threads were stopped: 0.0000589 seconds, Stopping threads took: 0.0000145 seconds
[2019-01-25T15:02:12.926+0000][1][safepoint    ] Application time: 1.0002319 seconds
[2019-01-25T15:02:12.927+0000][1][safepoint    ] Total time for which application threads were stopped: 0.0001139 seconds, Stopping threads took: 0.0000382 seconds
[2019-01-25T15:02:13.928+0000][1][safepoint    ] Application time: 1.0001708 seconds
[2019-01-25T15:02:13.929+0000][1][safepoint    ] Total time for which application threads were stopped: 0.0000691 seconds, Stopping threads took: 0.0000150 seconds
[2019-01-25T15:02:14.929+0000][1][safepoint    ] Application time: 1.0001232 seconds
[2019-01-25T15:02:14.930+0000][1][safepoint    ] Total time for which application threads were stopped: 0.0000599 seconds, Stopping threads took: 0.0000148 seconds
[2019-01-25T15:02:15.931+0000][1][safepoint    ] Application time: 1.0002306 seconds
[2019-01-25T15:02:15.932+0000][1][safepoint    ] Total time for which application threads were stopped: 0.0001868 seconds, Stopping threads took: 0.0000426 seconds
[2019-01-25T15:02:16.933+0000][1][safepoint    ] Application time: 1.0001626 seconds
[2019-01-25T15:02:16.934+0000][1][safepoint    ] Total time for which application threads were stopped: 0.0000771 seconds, Stopping threads took: 0.0000180 seconds
[2019-01-25T15:02:17.934+0000][1][safepoint    ] Application time: 1.0002117 seconds
[2019-01-25T15:02:17.936+0000][1][safepoint    ] Total time for which application threads were stopped: 0.0001655 seconds, Stopping threads took: 0.0000341 seconds
[2019-01-25T15:02:18.746+0000][1][safepoint    ] Application time: 0.8090591 seconds
[2019-01-25T15:02:18.747+0000][1][safepoint    ] Total time for which application threads were stopped: 0.0001843 seconds, Stopping threads took: 0.0000210 seconds
[2019-01-25T15:02:18.749+0000][1][safepoint    ] Application time: 0.0011909 seconds
[2019-01-25T15:02:18.750+0000][1][safepoint    ] Total time for which application threads were stopped: 0.0001204 seconds, Stopping threads took: 0.0000134 seconds
[2019-01-25T15:02:18.752+0000][1][safepoint    ] Application time: 0.0019224 seconds
[2019-01-25T15:02:18.753+0000][1][safepoint    ] Total time for which application threads were stopped: 0.0002571 seconds, Stopping threads took: 0.0001954 seconds
[2019-01-25T15:02:18.754+0000][1][safepoint    ] Application time: 0.0004553 seconds
[2019-01-25T15:02:18.755+0000][1][safepoint    ] Total time for which application threads were stopped: 0.0000692 seconds, Stopping threads took: 0.0000137 seconds
[2019-01-25T15:02:18.755+0000][1][safepoint    ] Application time: 0.0001791 seconds
[2019-01-25T15:02:18.756+0000][1][safepoint    ] Total time for which application threads were stopped: 0.0000806 seconds, Stopping threads took: 0.0000119 seconds
[2019-01-25T15:02:18.756+0000][1][safepoint    ] Application time: 0.0001052 seconds
[2019-01-25T15:02:18.757+0000][1][safepoint    ] Total time for which application threads were stopped: 0.0000739 seconds, Stopping threads took: 0.0000127 seconds
[2019-01-25T15:02:18.759+0000][1][safepoint    ] Application time: 0.0014852 seconds
[2019-01-25T15:02:18.760+0000][1][safepoint    ] Total time for which application threads were stopped: 0.0000773 seconds, Stopping threads took: 0.0000142 seconds
[2019-01-25T15:02:18.760+0000][1][safepoint    ] Application time: 0.0001225 seconds
[2019-01-25T15:02:18.761+0000][1][safepoint    ] Total time for which application threads were stopped: 0.0000977 seconds, Stopping threads took: 0.0000165 seconds
[2019-01-25T15:02:18.764+0000][1][safepoint    ] Application time: 0.0028010 seconds
[2019-01-25T15:02:18.766+0000][1][safepoint    ] Total time for which application threads were stopped: 0.0001201 seconds, Stopping threads took: 0.0000255 seconds
[2019-01-25T15:02:18.771+0000][1][safepoint    ] Application time: 0.0041131 seconds
[2019-01-25T15:02:18.773+0000][1][safepoint    ] Total time for which application threads were stopped: 0.0001080 seconds, Stopping threads took: 0.0000182 seconds
[2019-01-25T15:02:18.776+0000][1][safepoint    ] Application time: 0.0019849 seconds
[2019-01-25T15:02:18.777+0000][1][safepoint    ] Total time for which application threads were stopped: 0.0001087 seconds, Stopping threads took: 0.0000203 seconds
[2019-01-25T15:02:18.778+0000][1][safepoint    ] Application time: 0.0001670 seconds
[2019-01-25T15:02:18.782+0000][1][safepoint    ] Total time for which application threads were stopped: 0.0001311 seconds, Stopping threads took: 0.0000188 seconds
[2019-01-25T15:02:18.833+0000][1][safepoint    ] Application time: 0.0505512 seconds
[2019-01-25T15:02:18.834+0000][1][safepoint    ] Total time for which application threads were stopped: 0.0001194 seconds, Stopping threads took: 0.0000334 seconds
[2019-01-25T15:02:18.834+0000][1][safepoint    ] Application time: 0.0001609 seconds
[2019-01-25T15:02:18.835+0000][1][safepoint    ] Total time for which application threads were stopped: 0.0001086 seconds, Stopping threads took: 0.0000173 seconds
[2019-01-25T15:02:18.835+0000][1][safepoint    ] Application time: 0.0001465 seconds
[2019-01-25T15:02:18.836+0000][1][safepoint    ] Total time for which application threads were stopped: 0.0001037 seconds, Stopping threads took: 0.0000134 seconds
[2019-01-25T15:02:18.837+0000][1][safepoint    ] Application time: 0.0005810 seconds
[2019-01-25T15:02:18.837+0000][1][safepoint    ] Total time for which application threads were stopped: 0.0000944 seconds, Stopping threads took: 0.0000155 seconds
[2019-01-25T15:02:18.926+0000][1][safepoint    ] Application time: 0.0880808 seconds
[2019-01-25T15:02:18.926+0000][1][safepoint    ] Total time for which application threads were stopped: 0.0000663 seconds, Stopping threads took: 0.0000125 seconds
[2019-01-25T15:02:18.927+0000][1][safepoint    ] Application time: 0.0003118 seconds
[2019-01-25T15:02:18.927+0000][1][safepoint    ] Total time for which application threads were stopped: 0.0001097 seconds, Stopping threads took: 0.0000181 seconds
[2019-01-25T15:02:18.928+0000][1][safepoint    ] Application time: 0.0001412 seconds
[2019-01-25T15:02:18.934+0000][1][safepoint    ] Total time for which application threads were stopped: 0.0000811 seconds, Stopping threads took: 0.0000157 seconds
[2019-01-25T15:02:18.938+0000][1][safepoint    ] Application time: 0.0001556 seconds
[2019-01-25T15:02:18.938+0000][1][safepoint    ] Total time for which application threads were stopped: 0.0002292 seconds, Stopping threads took: 0.0000169 seconds
[2019-01-25T15:02:18.939+0000][1][safepoint    ] Application time: 0.0006045 seconds
[2019-01-25T15:02:18.942+0000][1][safepoint    ] Total time for which application threads were stopped: 0.0001031 seconds, Stopping threads took: 0.0000174 seconds
[2019-01-25T15:02:18.942+0000][1][safepoint    ] Application time: 0.0001431 seconds
[2019-01-25T15:02:18.943+0000][1][safepoint    ] Total time for which application threads were stopped: 0.0001124 seconds, Stopping threads took: 0.0000179 seconds
[2019-01-25T15:02:18.944+0000][1][safepoint    ] Application time: 0.0009038 seconds
[2019-01-25T15:02:18.945+0000][1][safepoint    ] Total time for which application threads were stopped: 0.0001029 seconds, Stopping threads took: 0.0000164 seconds
[2019-01-25T15:02:18.945+0000][1][safepoint    ] Application time: 0.0001505 seconds
[2019-01-25T15:02:18.947+0000][1][safepoint    ] Total time for which application threads were stopped: 0.0000934 seconds, Stopping threads took: 0.0000173 seconds
[2019-01-25T15:02:18.950+0000][1][safepoint    ] Application time: 0.0001698 seconds
[2019-01-25T15:02:18.951+0000][1][safepoint    ] Total time for which application threads were stopped: 0.0001012 seconds, Stopping threads took: 0.0000181 seconds
[2019-01-25T15:02:18.951+0000][1][safepoint    ] Application time: 0.0001578 seconds
[2019-01-25T15:02:18.952+0000][1][safepoint    ] Total time for which application threads were stopped: 0.0001057 seconds, Stopping threads took: 0.0000175 seconds
[2019-01-25T15:02:18.981+0000][1][safepoint    ] Application time: 0.0283315 seconds
[2019-01-25T15:02:18.981+0000][1][safepoint    ] Total time for which application threads were stopped: 0.0000955 seconds, Stopping threads took: 0.0000172 seconds
[2019-01-25T15:02:18.989+0000][1][safepoint    ] Application time: 0.0041379 seconds
[2019-01-25T15:02:18.990+0000][1][safepoint    ] Total time for which application threads were stopped: 0.0000934 seconds, Stopping threads took: 0.0000164 seconds
[2019-01-25T15:02:18.990+0000][1][safepoint    ] Application time: 0.0001740 seconds
[2019-01-25T15:02:18.993+0000][1][safepoint    ] Total time for which application threads were stopped: 0.0001132 seconds, Stopping threads took: 0.0000197 seconds
[2019-01-25T15:02:18.994+0000][1][safepoint    ] Application time: 0.0006469 seconds
[2019-01-25T15:02:18.995+0000][1][safepoint    ] Total time for which application threads were stopped: 0.0001107 seconds, Stopping threads took: 0.0000161 seconds
[2019-01-25T15:02:19.063+0000][1][safepoint    ] Application time: 0.0671440 seconds
[2019-01-25T15:02:19.063+0000][1][safepoint    ] Total time for which application threads were stopped: 0.0001034 seconds, Stopping threads took: 0.0000156 seconds
[2019-01-25T15:02:19.064+0000][1][safepoint    ] Application time: 0.0002990 seconds
[2019-01-25T15:02:19.064+0000][1][safepoint    ] Total time for which application threads were stopped: 0.0000893 seconds, Stopping threads took: 0.0000154 seconds
[2019-01-25T15:02:19.065+0000][1][safepoint    ] Application time: 0.0001490 seconds
[2019-01-25T15:02:19.065+0000][1][safepoint    ] Total time for which application threads were stopped: 0.0000898 seconds, Stopping threads took: 0.0000154 seconds
[2019-01-25T15:02:19.065+0000][1][safepoint    ] Application time: 0.0001153 seconds
[2019-01-25T15:02:19.066+0000][1][safepoint    ] Total time for which application threads were stopped: 0.0001151 seconds, Stopping threads took: 0.0000270 seconds
[2019-01-25T15:02:19.067+0000][1][safepoint    ] Application time: 0.0006065 seconds
[2019-01-25T15:02:19.067+0000][1][safepoint    ] Total time for which application threads were stopped: 0.0000849 seconds, Stopping threads took: 0.0000128 seconds
[2019-01-25T15:02:19.068+0000][1][safepoint    ] Application time: 0.0001303 seconds
[2019-01-25T15:02:19.068+0000][1][safepoint    ] Total time for which application threads were stopped: 0.0001176 seconds, Stopping threads took: 0.0000154 seconds
[2019-01-25T15:02:19.069+0000][1][safepoint    ] Application time: 0.0007372 seconds
[2019-01-25T15:02:19.070+0000][1][safepoint    ] Total time for which application threads were stopped: 0.0001025 seconds, Stopping threads took: 0.0000163 seconds
[2019-01-25T15:02:19.070+0000][1][safepoint    ] Application time: 0.0001102 seconds
[2019-01-25T15:02:19.071+0000][1][safepoint    ] Total time for which application threads were stopped: 0.0000703 seconds, Stopping threads took: 0.0000088 seconds
[2019-01-25T15:02:19.071+0000][1][safepoint    ] Application time: 0.0000949 seconds
[2019-01-25T15:02:19.071+0000][1][safepoint    ] Total time for which application threads were stopped: 0.0000479 seconds, Stopping threads took: 0.0000076 seconds
[2019-01-25T15:02:19.071+0000][1][safepoint    ] Application time: 0.0000822 seconds
[2019-01-25T15:02:19.072+0000][1][safepoint    ] Total time for which application threads were stopped: 0.0000554 seconds, Stopping threads took: 0.0000064 seconds
[2019-01-25T15:02:19.078+0000][1][safepoint    ] Application time: 0.0056890 seconds
[2019-01-25T15:02:19.078+0000][1][safepoint    ] Total time for which application threads were stopped: 0.0000827 seconds, Stopping threads took: 0.0000120 seconds
[2019-01-25T15:02:19.078+0000][1][safepoint    ] Application time: 0.0000970 seconds
[2019-01-25T15:02:19.078+0000][1][safepoint    ] Total time for which application threads were stopped: 0.0000496 seconds, Stopping threads took: 0.0000075 seconds
[2019-01-25T15:02:19.079+0000][1][safepoint    ] Application time: 0.0001081 seconds
[2019-01-25T15:02:19.079+0000][1][safepoint    ] Total time for which application threads were stopped: 0.0000599 seconds, Stopping threads took: 0.0000061 seconds
[2019-01-25T15:02:19.080+0000][1][safepoint    ] Application time: 0.0004500 seconds
[2019-01-25T15:02:19.080+0000][1][safepoint    ] Total time for which application threads were stopped: 0.0000557 seconds, Stopping threads took: 0.0000103 seconds
[2019-01-25T15:02:19.123+0000][1][safepoint    ] Application time: 0.0433772 seconds
[2019-01-25T15:02:19.124+0000][1][safepoint    ] Total time for which application threads were stopped: 0.0001104 seconds, Stopping threads took: 0.0000294 seconds
[2019-01-25T15:02:19.125+0000][1][safepoint    ] Application time: 0.0001244 seconds
[2019-01-25T15:02:19.125+0000][1][safepoint    ] Total time for which application threads were stopped: 0.0000876 seconds, Stopping threads took: 0.0000200 seconds
[2019-01-25T15:02:19.125+0000][1][safepoint    ] Application time: 0.0001911 seconds
[2019-01-25T15:02:19.126+0000][1][safepoint    ] Total time for which application threads were stopped: 0.0000782 seconds, Stopping threads took: 0.0000168 seconds
[2019-01-25T15:02:19.141+0000][1][safepoint    ] Application time: 0.0146395 seconds
[2019-01-25T15:02:19.141+0000][1][safepoint    ] Total time for which application threads were stopped: 0.0000771 seconds, Stopping threads took: 0.0000135 seconds
[2019-01-25T15:02:19.142+0000][1][safepoint    ] Application time: 0.0001141 seconds
[2019-01-25T15:02:19.142+0000][1][safepoint    ] Total time for which application threads were stopped: 0.0000632 seconds, Stopping threads took: 0.0000100 seconds
[2019-01-25T15:02:19.142+0000][1][safepoint    ] Application time: 0.0000900 seconds
[2019-01-25T15:02:19.142+0000][1][safepoint    ] Total time for which application threads were stopped: 0.0000548 seconds, Stopping threads took: 0.0000090 seconds
[2019-01-25T15:02:19.143+0000][1][safepoint    ] Application time: 0.0004151 seconds
[2019-01-25T15:02:19.143+0000][1][safepoint    ] Total time for which application threads were stopped: 0.0000653 seconds, Stopping threads took: 0.0000113 seconds
[2019-01-25T15:02:19.439+0000][1][safepoint    ] Application time: 0.2956586 seconds
[2019-01-25T15:02:19.440+0000][1][safepoint    ] Total time for which application threads were stopped: 0.0000984 seconds, Stopping threads took: 0.0000150 seconds
[2019-01-25T15:02:19.442+0000][1][safepoint    ] Application time: 0.0014352 seconds
[2019-01-25T15:02:19.443+0000][1][safepoint    ] Total time for which application threads were stopped: 0.0000974 seconds, Stopping threads took: 0.0000177 seconds
[2019-01-25T15:02:19.444+0000][1][safepoint    ] Application time: 0.0003003 seconds
[2019-01-25T15:02:19.445+0000][1][safepoint    ] Total time for which application threads were stopped: 0.0000885 seconds, Stopping threads took: 0.0000151 seconds
[2019-01-25T15:02:19.445+0000][1][safepoint    ] Application time: 0.0002625 seconds
[2019-01-25T15:02:19.446+0000][1][safepoint    ] Total time for which application threads were stopped: 0.0000899 seconds, Stopping threads took: 0.0000151 seconds
[2019-01-25T15:02:19.447+0000][1][safepoint    ] Application time: 0.0002068 seconds
[2019-01-25T15:02:19.448+0000][1][safepoint    ] Total time for which application threads were stopped: 0.0001286 seconds, Stopping threads took: 0.0000216 seconds
[2019-01-25T15:02:19.449+0000][1][safepoint    ] Application time: 0.0006881 seconds
[2019-01-25T15:02:19.450+0000][1][safepoint    ] Total time for which application threads were stopped: 0.0000954 seconds, Stopping threads took: 0.0000171 seconds
[2019-01-25T15:02:19.451+0000][1][safepoint    ] Application time: 0.0002511 seconds
[2019-01-25T15:02:19.451+0000][1][safepoint    ] Total time for which application threads were stopped: 0.0000978 seconds, Stopping threads took: 0.0000178 seconds
[2019-01-25T15:02:19.520+0000][1][safepoint    ] Application time: 0.0679400 seconds
[2019-01-25T15:02:19.520+0000][1][safepoint    ] Total time for which application threads were stopped: 0.0001109 seconds, Stopping threads took: 0.0000156 seconds
[2019-01-25T15:02:19.521+0000][1][safepoint    ] Application time: 0.0001909 seconds
[2019-01-25T15:02:19.522+0000][1][safepoint    ] Total time for which application threads were stopped: 0.0000691 seconds, Stopping threads took: 0.0000131 seconds
[2019-01-25T15:02:19.522+0000][1][safepoint    ] Application time: 0.0000783 seconds
[2019-01-25T15:02:19.523+0000][1][safepoint    ] Total time for which application threads were stopped: 0.0000701 seconds, Stopping threads took: 0.0000116 seconds
[2019-01-25T15:02:19.523+0000][1][safepoint    ] Application time: 0.0000393 seconds
[2019-01-25T15:02:19.523+0000][1][safepoint    ] Total time for which application threads were stopped: 0.0000734 seconds, Stopping threads took: 0.0000095 seconds
[2019-01-25T15:02:19.524+0000][1][safepoint    ] Application time: 0.0003514 seconds
[2019-01-25T15:02:19.525+0000][1][safepoint    ] Total time for which application threads were stopped: 0.0000619 seconds, Stopping threads took: 0.0000100 seconds
[2019-01-25T15:02:19.525+0000][1][safepoint    ] Application time: 0.0000366 seconds
[2019-01-25T15:02:19.525+0000][1][safepoint    ] Total time for which application threads were stopped: 0.0000722 seconds, Stopping threads took: 0.0000093 seconds
[2019-01-25T15:02:19.526+0000][1][safepoint    ] Application time: 0.0007084 seconds
[2019-01-25T15:02:19.527+0000][1][safepoint    ] Total time for which application threads were stopped: 0.0000767 seconds, Stopping threads took: 0.0000112 seconds
[2019-01-25T15:02:19.527+0000][1][safepoint    ] Application time: 0.0000474 seconds
[2019-01-25T15:02:19.528+0000][1][safepoint    ] Total time for which application threads were stopped: 0.0000578 seconds, Stopping threads took: 0.0000096 seconds
[2019-01-25T15:02:19.528+0000][1][safepoint    ] Application time: 0.0000519 seconds
[2019-01-25T15:02:19.529+0000][1][safepoint    ] Total time for which application threads were stopped: 0.0001066 seconds, Stopping threads took: 0.0000276 seconds
[2019-01-25T15:02:19.529+0000][1][safepoint    ] Application time: 0.0000516 seconds
[2019-01-25T15:02:19.530+0000][1][safepoint    ] Total time for which application threads were stopped: 0.0001020 seconds, Stopping threads took: 0.0000180 seconds
[2019-01-25T15:02:19.536+0000][1][safepoint    ] Application time: 0.0057152 seconds
[2019-01-25T15:02:19.536+0000][1][safepoint    ] Total time for which application threads were stopped: 0.0000862 seconds, Stopping threads took: 0.0000133 seconds
[2019-01-25T15:02:19.537+0000][1][safepoint    ] Application time: 0.0000706 seconds
[2019-01-25T15:02:19.537+0000][1][safepoint    ] Total time for which application threads were stopped: 0.0000741 seconds, Stopping threads took: 0.0000109 seconds
[2019-01-25T15:02:19.538+0000][1][safepoint    ] Application time: 0.0000767 seconds
[2019-01-25T15:02:19.538+0000][1][safepoint    ] Total time for which application threads were stopped: 0.0000740 seconds, Stopping threads took: 0.0000129 seconds
[2019-01-25T15:02:19.539+0000][1][safepoint    ] Application time: 0.0004567 seconds
[2019-01-25T15:02:19.540+0000][1][safepoint    ] Total time for which application threads were stopped: 0.0000631 seconds, Stopping threads took: 0.0000111 seconds
[2019-01-25T15:02:19.619+0000][1][safepoint    ] Application time: 0.0792624 seconds
[2019-01-25T15:02:19.620+0000][1][safepoint    ] Total time for which application threads were stopped: 0.0001120 seconds, Stopping threads took: 0.0000565 seconds
[2019-01-25T15:02:19.620+0000][1][safepoint    ] Application time: 0.0002520 seconds
[2019-01-25T15:02:19.621+0000][1][safepoint    ] Total time for which application threads were stopped: 0.0000629 seconds, Stopping threads took: 0.0000121 seconds
[2019-01-25T15:02:19.621+0000][1][safepoint    ] Application time: 0.0001134 seconds
[2019-01-25T15:02:19.622+0000][1][safepoint    ] Total time for which application threads were stopped: 0.0000691 seconds, Stopping threads took: 0.0000114 seconds
[2019-01-25T15:02:19.622+0000][1][safepoint    ] Application time: 0.0000759 seconds
[2019-01-25T15:02:19.623+0000][1][safepoint    ] Total time for which application threads were stopped: 0.0000634 seconds, Stopping threads took: 0.0000113 seconds
[2019-01-25T15:02:19.624+0000][1][safepoint    ] Application time: 0.0004661 seconds
[2019-01-25T15:02:19.624+0000][1][safepoint    ] Total time for which application threads were stopped: 0.0000699 seconds, Stopping threads took: 0.0000117 seconds
[2019-01-25T15:02:19.624+0000][1][safepoint    ] Application time: 0.0000392 seconds
[2019-01-25T15:02:19.625+0000][1][safepoint    ] Total time for which application threads were stopped: 0.0000670 seconds, Stopping threads took: 0.0000108 seconds
[2019-01-25T15:02:19.626+0000][1][safepoint    ] Application time: 0.0013796 seconds
[2019-01-25T15:02:19.627+0000][1][safepoint    ] Total time for which application threads were stopped: 0.0000686 seconds, Stopping threads took: 0.0000130 seconds
[2019-01-25T15:02:19.627+0000][1][safepoint    ] Application time: 0.0000525 seconds
[2019-01-25T15:02:19.627+0000][1][safepoint    ] Total time for which application threads were stopped: 0.0000595 seconds, Stopping threads took: 0.0000113 seconds
[2019-01-25T15:02:19.628+0000][1][safepoint    ] Application time: 0.0000589 seconds
[2019-01-25T15:02:19.628+0000][1][safepoint    ] Total time for which application threads were stopped: 0.0000631 seconds, Stopping threads took: 0.0000112 seconds
[2019-01-25T15:02:19.628+0000][1][safepoint    ] Application time: 0.0000607 seconds
[2019-01-25T15:02:19.629+0000][1][safepoint    ] Total time for which application threads were stopped: 0.0000608 seconds, Stopping threads took: 0.0000111 seconds
[2019-01-25T15:02:19.634+0000][1][safepoint    ] Application time: 0.0054126 seconds
[2019-01-25T15:02:19.635+0000][1][safepoint    ] Total time for which application threads were stopped: 0.0001345 seconds, Stopping threads took: 0.0000117 seconds
[2019-01-25T15:02:19.635+0000][1][safepoint    ] Application time: 0.0000614 seconds
[2019-01-25T15:02:19.636+0000][1][safepoint    ] Total time for which application threads were stopped: 0.0001166 seconds, Stopping threads took: 0.0000124 seconds
[2019-01-25T15:02:19.636+0000][1][safepoint    ] Application time: 0.0001109 seconds
[2019-01-25T15:02:19.637+0000][1][safepoint    ] Total time for which application threads were stopped: 0.0003623 seconds, Stopping threads took: 0.0000101 seconds
[2019-01-25T15:02:19.638+0000][1][safepoint    ] Application time: 0.0005731 seconds
[2019-01-25T15:02:19.638+0000][1][safepoint    ] Total time for which application threads were stopped: 0.0000761 seconds, Stopping threads took: 0.0000104 seconds
[2019-01-25T15:02:19.692+0000][1][safepoint    ] Application time: 0.0534807 seconds
[2019-01-25T15:02:19.693+0000][1][safepoint    ] Total time for which application threads were stopped: 0.0000707 seconds, Stopping threads took: 0.0000113 seconds
[2019-01-25T15:02:19.693+0000][1][safepoint    ] Application time: 0.0001991 seconds
[2019-01-25T15:02:19.694+0000][1][safepoint    ] Total time for which application threads were stopped: 0.0000593 seconds, Stopping threads took: 0.0000103 seconds
[2019-01-25T15:02:19.695+0000][1][safepoint    ] Application time: 0.0000593 seconds
[2019-01-25T15:02:19.695+0000][1][safepoint    ] Total time for which application threads were stopped: 0.0000827 seconds, Stopping threads took: 0.0000129 seconds
[2019-01-25T15:02:19.696+0000][1][safepoint    ] Application time: 0.0004282 seconds
[2019-01-25T15:02:19.696+0000][1][safepoint    ] Total time for which application threads were stopped: 0.0002421 seconds, Stopping threads took: 0.0000121 seconds
[2019-01-25T15:02:19.698+0000][1][safepoint    ] Application time: 0.0008430 seconds
[2019-01-25T15:02:19.698+0000][1][safepoint    ] Total time for which application threads were stopped: 0.0000694 seconds, Stopping threads took: 0.0000132 seconds
[2019-01-25T15:02:19.699+0000][1][safepoint    ] Application time: 0.0000568 seconds
[2019-01-25T15:02:19.699+0000][1][safepoint    ] Total time for which application threads were stopped: 0.0000706 seconds, Stopping threads took: 0.0000227 seconds
[2019-01-25T15:02:19.699+0000][1][safepoint    ] Application time: 0.0000557 seconds
[2019-01-25T15:02:19.700+0000][1][safepoint    ] Total time for which application threads were stopped: 0.0000548 seconds, Stopping threads took: 0.0000102 seconds
[2019-01-25T15:02:19.700+0000][1][safepoint    ] Application time: 0.0000597 seconds
[2019-01-25T15:02:19.700+0000][1][safepoint    ] Total time for which application threads were stopped: 0.0000763 seconds, Stopping threads took: 0.0000148 seconds
[2019-01-25T15:02:19.707+0000][1][safepoint    ] Application time: 0.0060153 seconds
[2019-01-25T15:02:19.707+0000][1][safepoint    ] Total time for which application threads were stopped: 0.0000989 seconds, Stopping threads took: 0.0000251 seconds
[2019-01-25T15:02:19.708+0000][1][safepoint    ] Application time: 0.0004676 seconds
[2019-01-25T15:02:19.708+0000][1][safepoint    ] Total time for which application threads were stopped: 0.0000633 seconds, Stopping threads took: 0.0000103 seconds
[2019-01-25T15:02:19.759+0000][1][safepoint    ] Application time: 0.0503900 seconds
[2019-01-25T15:02:19.759+0000][1][safepoint    ] Total time for which application threads were stopped: 0.0000653 seconds, Stopping threads took: 0.0000116 seconds
[2019-01-25T15:02:19.760+0000][1][safepoint    ] Application time: 0.0002269 seconds
[2019-01-25T15:02:19.760+0000][1][safepoint    ] Total time for which application threads were stopped: 0.0000546 seconds, Stopping threads took: 0.0000097 seconds
[2019-01-25T15:02:19.761+0000][1][safepoint    ] Application time: 0.0009316 seconds
[2019-01-25T15:02:19.762+0000][1][safepoint    ] Total time for which application threads were stopped: 0.0000936 seconds, Stopping threads took: 0.0000211 seconds
[2019-01-25T15:02:19.762+0000][1][safepoint    ] Application time: 0.0000885 seconds
[2019-01-25T15:02:19.763+0000][1][safepoint    ] Total time for which application threads were stopped: 0.0001046 seconds, Stopping threads took: 0.0000175 seconds
[2019-01-25T15:02:19.764+0000][1][safepoint    ] Application time: 0.0000831 seconds
[2019-01-25T15:02:19.765+0000][1][safepoint    ] Total time for which application threads were stopped: 0.0000796 seconds, Stopping threads took: 0.0000267 seconds
[2019-01-25T15:02:19.765+0000][1][safepoint    ] Application time: 0.0000511 seconds
[2019-01-25T15:02:19.766+0000][1][safepoint    ] Total time for which application threads were stopped: 0.0000574 seconds, Stopping threads took: 0.0000099 seconds
[2019-01-25T15:02:19.773+0000][1][safepoint    ] Application time: 0.0071732 seconds
[2019-01-25T15:02:19.774+0000][1][safepoint    ] Total time for which application threads were stopped: 0.0000935 seconds, Stopping threads took: 0.0000352 seconds
[2019-01-25T15:02:19.774+0000][1][safepoint    ] Application time: 0.0004044 seconds
[2019-01-25T15:02:19.775+0000][1][safepoint    ] Total time for which application threads were stopped: 0.0000607 seconds, Stopping threads took: 0.0000113 seconds
[2019-01-25T15:02:19.826+0000][1][safepoint    ] Application time: 0.0505529 seconds
[2019-01-25T15:02:19.826+0000][1][safepoint    ] Total time for which application threads were stopped: 0.0000667 seconds, Stopping threads took: 0.0000126 seconds
[2019-01-25T15:02:19.827+0000][1][safepoint    ] Application time: 0.0001818 seconds
[2019-01-25T15:02:19.827+0000][1][safepoint    ] Total time for which application threads were stopped: 0.0000556 seconds, Stopping threads took: 0.0000099 seconds
[2019-01-25T15:02:19.828+0000][1][safepoint    ] Application time: 0.0008214 seconds
[2019-01-25T15:02:19.829+0000][1][safepoint    ] Total time for which application threads were stopped: 0.0001498 seconds, Stopping threads took: 0.0000159 seconds
[2019-01-25T15:02:19.829+0000][1][safepoint    ] Application time: 0.0000700 seconds
[2019-01-25T15:02:19.829+0000][1][safepoint    ] Total time for which application threads were stopped: 0.0000689 seconds, Stopping threads took: 0.0000133 seconds
[2019-01-25T15:02:19.830+0000][1][safepoint    ] Application time: 0.0001975 seconds
[2019-01-25T15:02:19.830+0000][1][safepoint    ] Total time for which application threads were stopped: 0.0000727 seconds, Stopping threads took: 0.0000139 seconds
[2019-01-25T15:02:19.831+0000][1][safepoint    ] Application time: 0.0000704 seconds
[2019-01-25T15:02:19.831+0000][1][safepoint    ] Total time for which application threads were stopped: 0.0000664 seconds, Stopping threads took: 0.0000111 seconds
[2019-01-25T15:02:19.836+0000][1][safepoint    ] Application time: 0.0050871 seconds
[2019-01-25T15:02:19.837+0000][1][safepoint    ] Total time for which application threads were stopped: 0.0000756 seconds, Stopping threads took: 0.0000127 seconds
[2019-01-25T15:02:19.838+0000][1][safepoint    ] Application time: 0.0005179 seconds
[2019-01-25T15:02:19.838+0000][1][safepoint    ] Total time for which application threads were stopped: 0.0000754 seconds, Stopping threads took: 0.0000127 seconds
[2019-01-25T15:02:19.885+0000][1][safepoint    ] Application time: 0.0466394 seconds
[2019-01-25T15:02:19.886+0000][1][safepoint    ] Total time for which application threads were stopped: 0.0002773 seconds, Stopping threads took: 0.0000127 seconds
[2019-01-25T15:02:19.887+0000][1][safepoint    ] Application time: 0.0002639 seconds
[2019-01-25T15:02:19.887+0000][1][safepoint    ] Total time for which application threads were stopped: 0.0002084 seconds, Stopping threads took: 0.0000122 seconds
[2019-01-25T15:02:19.889+0000][1][safepoint    ] Application time: 0.0009292 seconds
[2019-01-25T15:02:19.889+0000][1][safepoint    ] Total time for which application threads were stopped: 0.0001271 seconds, Stopping threads took: 0.0000189 seconds
[2019-01-25T15:02:19.890+0000][1][safepoint    ] Application time: 0.0000616 seconds
[2019-01-25T15:02:19.890+0000][1][safepoint    ] Total time for which application threads were stopped: 0.0003404 seconds, Stopping threads took: 0.0000290 seconds
[2019-01-25T15:02:19.891+0000][1][safepoint    ] Application time: 0.0000648 seconds
[2019-01-25T15:02:19.891+0000][1][safepoint    ] Total time for which application threads were stopped: 0.0003004 seconds, Stopping threads took: 0.0000143 seconds
[2019-01-25T15:02:19.892+0000][1][safepoint    ] Application time: 0.0000905 seconds
[2019-01-25T15:02:19.892+0000][1][safepoint    ] Total time for which application threads were stopped: 0.0004804 seconds, Stopping threads took: 0.0001760 seconds
[2019-01-25T15:02:19.893+0000][1][safepoint    ] Application time: 0.0000745 seconds
[2019-01-25T15:02:19.893+0000][1][safepoint    ] Total time for which application threads were stopped: 0.0003279 seconds, Stopping threads took: 0.0000141 seconds
[2019-01-25T15:02:19.899+0000][1][safepoint    ] Application time: 0.0054667 seconds
[2019-01-25T15:02:19.900+0000][1][safepoint    ] Total time for which application threads were stopped: 0.0000747 seconds, Stopping threads took: 0.0000130 seconds
[2019-01-25T15:02:19.900+0000][1][safepoint    ] Application time: 0.0000789 seconds
[2019-01-25T15:02:19.901+0000][1][safepoint    ] Total time for which application threads were stopped: 0.0002208 seconds, Stopping threads took: 0.0000116 seconds
[2019-01-25T15:02:19.902+0000][1][safepoint    ] Application time: 0.0005002 seconds
[2019-01-25T15:02:19.902+0000][1][safepoint    ] Total time for which application threads were stopped: 0.0002148 seconds, Stopping threads took: 0.0000117 seconds
[2019-01-25T15:02:20.250+0000][1][safepoint    ] Application time: 0.3471832 seconds
[2019-01-25T15:02:20.253+0000][1][safepoint    ] Total time for which application threads were stopped: 0.0002751 seconds, Stopping threads took: 0.0000174 seconds
[2019-01-25T15:02:21.254+0000][1][safepoint    ] Application time: 1.0001360 seconds
[2019-01-25T15:02:21.254+0000][1][safepoint    ] Total time for which application threads were stopped: 0.0000837 seconds, Stopping threads took: 0.0000192 seconds
[2019-01-25T15:02:22.255+0000][1][safepoint    ] Application time: 1.0001655 seconds
[2019-01-25T15:02:22.257+0000][1][safepoint    ] Total time for which application threads were stopped: 0.0000517 seconds, Stopping threads took: 0.0000119 seconds
[2019-01-25T15:02:23.260+0000][1][safepoint    ] Application time: 1.0001128 seconds
[2019-01-25T15:02:23.261+0000][1][safepoint    ] Total time for which application threads were stopped: 0.0000733 seconds, Stopping threads took: 0.0000279 seconds
[2019-01-25T15:02:24.261+0000][1][safepoint    ] Application time: 1.0001376 seconds
[2019-01-25T15:02:24.262+0000][1][safepoint    ] Total time for which application threads were stopped: 0.0000555 seconds, Stopping threads took: 0.0000137 seconds
[2019-01-25T15:02:25.262+0000][1][safepoint    ] Application time: 1.0001321 seconds
[2019-01-25T15:02:25.264+0000][1][safepoint    ] Total time for which application threads were stopped: 0.0000554 seconds, Stopping threads took: 0.0000135 seconds
[2019-01-25T15:02:26.265+0000][1][safepoint    ] Application time: 1.0005492 seconds
[2019-01-25T15:02:26.265+0000][1][safepoint    ] Total time for which application threads were stopped: 0.0000660 seconds, Stopping threads took: 0.0000154 seconds
[2019-01-25T15:02:27.266+0000][1][safepoint    ] Application time: 1.0001341 seconds
[2019-01-25T15:02:27.267+0000][1][safepoint    ] Total time for which application threads were stopped: 0.0000532 seconds, Stopping threads took: 0.0000131 seconds
[2019-01-25T15:02:28.267+0000][1][safepoint    ] Application time: 1.0002000 seconds
[2019-01-25T15:02:28.268+0000][1][safepoint    ] Total time for which application threads were stopped: 0.0001059 seconds, Stopping threads took: 0.0000245 seconds
[2019-01-25T15:02:29.269+0000][1][safepoint    ] Application time: 1.0001512 seconds
[2019-01-25T15:02:29.270+0000][1][safepoint    ] Total time for which application threads were stopped: 0.0000882 seconds, Stopping threads took: 0.0000188 seconds
[2019-01-25T15:02:30.271+0000][1][safepoint    ] Application time: 1.0001312 seconds
[2019-01-25T15:02:30.271+0000][1][safepoint    ] Total time for which application threads were stopped: 0.0000539 seconds, Stopping threads took: 0.0000139 seconds
[2019-01-25T15:02:31.271+0000][1][safepoint    ] Application time: 1.0001261 seconds
[2019-01-25T15:02:31.272+0000][1][safepoint    ] Total time for which application threads were stopped: 0.0000847 seconds, Stopping threads took: 0.0000183 seconds
[2019-01-25T15:02:32.279+0000][1][safepoint    ] Application time: 1.0003292 seconds
[2019-01-25T15:02:32.281+0000][1][safepoint    ] Total time for which application threads were stopped: 0.0002892 seconds, Stopping threads took: 0.0000537 seconds
[2019-01-25T15:02:33.283+0000][1][safepoint    ] Application time: 1.0001776 seconds
[2019-01-25T15:02:33.292+0000][1][safepoint    ] Total time for which application threads were stopped: 0.0000546 seconds, Stopping threads took: 0.0000144 seconds
[2019-01-25T15:02:34.297+0000][1][safepoint    ] Application time: 1.0004638 seconds
[2019-01-25T15:02:34.298+0000][1][safepoint    ] Total time for which application threads were stopped: 0.0000859 seconds, Stopping threads took: 0.0000225 seconds
[2019-01-25T15:02:35.298+0000][1][safepoint    ] Application time: 1.0001201 seconds
[2019-01-25T15:02:35.299+0000][1][safepoint    ] Total time for which application threads were stopped: 0.0000803 seconds, Stopping threads took: 0.0000142 seconds
[2019-01-25T15:02:36.299+0000][1][safepoint    ] Application time: 1.0003073 seconds
[2019-01-25T15:02:36.301+0000][1][safepoint    ] Total time for which application threads were stopped: 0.0005840 seconds, Stopping threads took: 0.0000724 seconds
[2019-01-25T15:02:37.302+0000][1][safepoint    ] Application time: 1.0001521 seconds
[2019-01-25T15:02:37.303+0000][1][safepoint    ] Total time for which application threads were stopped: 0.0001066 seconds, Stopping threads took: 0.0000161 seconds
[2019-01-25T15:02:38.304+0000][1][safepoint    ] Application time: 1.0001405 seconds
[2019-01-25T15:02:38.304+0000][1][safepoint    ] Total time for which application threads were stopped: 0.0000898 seconds, Stopping threads took: 0.0000174 seconds
[2019-01-25T15:02:39.305+0000][1][safepoint    ] Application time: 1.0001444 seconds
[2019-01-25T15:02:39.305+0000][1][safepoint    ] Total time for which application threads were stopped: 0.0000556 seconds, Stopping threads took: 0.0000135 seconds
[2019-01-25T15:02:40.306+0000][1][safepoint    ] Application time: 1.0002152 seconds
[2019-01-25T15:02:40.307+0000][1][safepoint    ] Total time for which application threads were stopped: 0.0001149 seconds, Stopping threads took: 0.0000282 seconds
[2019-01-25T15:02:41.308+0000][1][safepoint    ] Application time: 1.0001733 seconds
[2019-01-25T15:02:41.309+0000][1][safepoint    ] Total time for which application threads were stopped: 0.0000964 seconds, Stopping threads took: 0.0000182 seconds
[2019-01-25T15:02:41.503+0000][1][safepoint    ] Application time: 0.1937422 seconds
[2019-01-25T15:02:41.504+0000][1][safepoint    ] Total time for which application threads were stopped: 0.0001063 seconds, Stopping threads took: 0.0000191 seconds
[2019-01-25T15:02:42.507+0000][1][safepoint    ] Application time: 1.0001907 seconds
[2019-01-25T15:02:42.508+0000][1][safepoint    ] Total time for which application threads were stopped: 0.0001176 seconds, Stopping threads took: 0.0000246 seconds
[2019-01-25T15:02:43.509+0000][1][safepoint    ] Application time: 1.0001357 seconds
[2019-01-25T15:02:43.510+0000][1][safepoint    ] Total time for which application threads were stopped: 0.0000992 seconds, Stopping threads took: 0.0000385 seconds
[2019-01-25T15:02:44.511+0000][1][safepoint    ] Application time: 1.0002608 seconds
[2019-01-25T15:02:44.512+0000][1][safepoint    ] Total time for which application threads were stopped: 0.0001176 seconds, Stopping threads took: 0.0000479 seconds
[2019-01-25T15:02:45.512+0000][1][safepoint    ] Application time: 1.0001348 seconds
[2019-01-25T15:02:45.515+0000][1][safepoint    ] Total time for which application threads were stopped: 0.0000849 seconds, Stopping threads took: 0.0000197 seconds
[2019-01-25T15:02:46.516+0000][1][safepoint    ] Application time: 1.0001532 seconds
[2019-01-25T15:02:46.516+0000][1][safepoint    ] Total time for which application threads were stopped: 0.0000570 seconds, Stopping threads took: 0.0000140 seconds
[2019-01-25T15:02:47.517+0000][1][safepoint    ] Application time: 1.0000489 seconds
[2019-01-25T15:02:47.518+0000][1][safepoint    ] Total time for which application threads were stopped: 0.0000565 seconds, Stopping threads took: 0.0000131 seconds
[2019-01-25T15:02:48.519+0000][1][safepoint    ] Application time: 1.0002777 seconds
[2019-01-25T15:02:48.520+0000][1][safepoint    ] Total time for which application threads were stopped: 0.0001992 seconds, Stopping threads took: 0.0000226 seconds
[2019-01-25T15:02:49.521+0000][1][safepoint    ] Application time: 1.0001224 seconds
[2019-01-25T15:02:49.522+0000][1][safepoint    ] Total time for which application threads were stopped: 0.0000845 seconds, Stopping threads took: 0.0000154 seconds
[2019-01-25T15:02:50.522+0000][1][safepoint    ] Application time: 1.0002397 seconds
[2019-01-25T15:02:50.523+0000][1][safepoint    ] Total time for which application threads were stopped: 0.0000954 seconds, Stopping threads took: 0.0000157 seconds
[2019-01-25T15:02:51.524+0000][1][safepoint    ] Application time: 1.0001686 seconds
[2019-01-25T15:02:51.524+0000][1][safepoint    ] Total time for which application threads were stopped: 0.0000563 seconds, Stopping threads took: 0.0000163 seconds
[2019-01-25T15:02:52.525+0000][1][safepoint    ] Application time: 1.0003415 seconds
[2019-01-25T15:02:52.526+0000][1][safepoint    ] Total time for which application threads were stopped: 0.0002139 seconds, Stopping threads took: 0.0000596 seconds
[2019-01-25T15:02:52.810+0000][1][safepoint    ] Application time: 0.2831724 seconds
[2019-01-25T15:02:52.810+0000][1][safepoint    ] Total time for which application threads were stopped: 0.0001869 seconds, Stopping threads took: 0.0000172 seconds
[2019-01-25T15:02:52.837+0000][1][safepoint    ] Application time: 0.0266987 seconds
[2019-01-25T15:02:52.839+0000][1][safepoint    ] Total time for which application threads were stopped: 0.0001580 seconds, Stopping threads took: 0.0000133 seconds
[2019-01-25T15:02:52.997+0000][1][safepoint    ] Application time: 0.1517434 seconds
[2019-01-25T15:02:52.997+0000][1][safepoint    ] Total time for which application threads were stopped: 0.0001317 seconds, Stopping threads took: 0.0000169 seconds
[2019-01-25T15:02:53.331+0000][1][safepoint    ] Application time: 0.3327395 seconds
[2019-01-25T15:02:53.331+0000][1][safepoint    ] Total time for which application threads were stopped: 0.0001917 seconds, Stopping threads took: 0.0000193 seconds
[2019-01-25T15:02:53.476+0000][1][safepoint    ] Application time: 0.1434267 seconds
[2019-01-25T15:02:53.477+0000][1][safepoint    ] Total time for which application threads were stopped: 0.0001538 seconds, Stopping threads took: 0.0000454 seconds
[2019-01-25T15:02:53.589+0000][1][safepoint    ] Application time: 0.1103944 seconds
[2019-01-25T15:02:53.590+0000][1][safepoint    ] Total time for which application threads were stopped: 0.0002914 seconds, Stopping threads took: 0.0001299 seconds
[2019-01-25T15:02:53.847+0000][1][safepoint    ] Application time: 0.2552429 seconds
[2019-01-25T15:02:53.848+0000][1][safepoint    ] Total time for which application threads were stopped: 0.0000992 seconds, Stopping threads took: 0.0000132 seconds
[2019-01-25T15:02:53.915+0000][1][safepoint    ] Application time: 0.0626893 seconds
[2019-01-25T15:02:53.917+0000][1][safepoint    ] Total time for which application threads were stopped: 0.0006596 seconds, Stopping threads took: 0.0005910 seconds
[2019-01-25T15:02:53.922+0000][1][safepoint    ] Application time: 0.0035446 seconds
[2019-01-25T15:02:53.924+0000][1][safepoint    ] Total time for which application threads were stopped: 0.0001747 seconds, Stopping threads took: 0.0000852 seconds
[2019-01-25T15:02:53.988+0000][1][safepoint    ] Application time: 0.0623736 seconds
[2019-01-25T15:02:53.994+0000][1][safepoint    ] Total time for which application threads were stopped: 0.0001297 seconds, Stopping threads took: 0.0000203 seconds
[2019-01-25T15:02:54.004+0000][1][safepoint    ] Application time: 0.0100768 seconds
[2019-01-25T15:02:54.005+0000][1][safepoint    ] Total time for which application threads were stopped: 0.0001729 seconds, Stopping threads took: 0.0000313 seconds
[2019-01-25T15:02:54.046+0000][1][safepoint    ] Application time: 0.0412199 seconds
[2019-01-25T15:02:54.047+0000][1][safepoint    ] Total time for which application threads were stopped: 0.0001051 seconds, Stopping threads took: 0.0000124 seconds
[2019-01-25T15:02:54.049+0000][1][safepoint    ] Application time: 0.0018998 seconds
[2019-01-25T15:02:54.050+0000][1][safepoint    ] Total time for which application threads were stopped: 0.0001199 seconds, Stopping threads took: 0.0000157 seconds
[2019-01-25T15:02:54.057+0000][1][safepoint    ] Application time: 0.0061197 seconds
[2019-01-25T15:02:54.058+0000][1][safepoint    ] Total time for which application threads were stopped: 0.0001043 seconds, Stopping threads took: 0.0000179 seconds
[2019-01-25T15:02:54.076+0000][1][safepoint    ] Application time: 0.0173543 seconds
[2019-01-25T15:02:54.077+0000][1][gc,start     ] GC(31) Pause Young (Allocation Failure)
[2019-01-25T15:02:54.077+0000][1][gc,task      ] GC(31) Using 2 workers of 2 for evacuation
[2019-01-25T15:02:54.082+0000][1][gc,age       ] GC(31) Desired survivor size 4456448 bytes, new threshold 6 (max threshold 6)
[2019-01-25T15:02:54.082+0000][1][gc,age       ] GC(31) Age table with threshold 6 (max threshold 6)
[2019-01-25T15:02:54.082+0000][1][gc,age       ] GC(31) - age   1:     380224 bytes,     380224 total
[2019-01-25T15:02:54.082+0000][1][gc,age       ] GC(31) - age   2:      17128 bytes,     397352 total
[2019-01-25T15:02:54.083+0000][1][gc,age       ] GC(31) - age   3:      55072 bytes,     452424 total
[2019-01-25T15:02:54.083+0000][1][gc,age       ] GC(31) - age   4:      70368 bytes,     522792 total
[2019-01-25T15:02:54.083+0000][1][gc,age       ] GC(31) - age   5:    2713768 bytes,    3236560 total
[2019-01-25T15:02:54.084+0000][1][gc,age       ] GC(31) - age   6:     730736 bytes,    3967296 total
[2019-01-25T15:02:54.084+0000][1][gc,heap      ] GC(31) ParNew: 75024K->4070K(78656K)
[2019-01-25T15:02:54.084+0000][1][gc,heap      ] GC(31) CMS: 83453K->83455K(174784K)
[2019-01-25T15:02:54.084+0000][1][gc,metaspace ] GC(31) Metaspace: 71308K->71308K(1114112K)
[2019-01-25T15:02:54.085+0000][1][gc           ] GC(31) Pause Young (Allocation Failure) 154M->85M(247M) 8.182ms
[2019-01-25T15:02:54.085+0000][1][gc,cpu       ] GC(31) User=0.01s Sys=0.00s Real=0.00s
[2019-01-25T15:02:54.085+0000][1][safepoint    ] Total time for which application threads were stopped: 0.0089305 seconds, Stopping threads took: 0.0000214 seconds
[2019-01-25T15:02:54.124+0000][1][safepoint    ] Application time: 0.0382092 seconds
[2019-01-25T15:02:54.124+0000][1][safepoint    ] Total time for which application threads were stopped: 0.0001109 seconds, Stopping threads took: 0.0000117 seconds
[2019-01-25T15:02:54.134+0000][1][safepoint    ] Application time: 0.0086096 seconds
[2019-01-25T15:02:54.135+0000][1][safepoint    ] Total time for which application threads were stopped: 0.0001239 seconds, Stopping threads took: 0.0000179 seconds
[2019-01-25T15:02:54.345+0000][1][safepoint    ] Application time: 0.2098809 seconds
[2019-01-25T15:02:54.346+0000][1][safepoint    ] Total time for which application threads were stopped: 0.0000858 seconds, Stopping threads took: 0.0000269 seconds
[2019-01-25T15:02:54.460+0000][1][safepoint    ] Application time: 0.1128704 seconds
[2019-01-25T15:02:54.461+0000][1][safepoint    ] Total time for which application threads were stopped: 0.0000927 seconds, Stopping threads took: 0.0000117 seconds
[2019-01-25T15:02:54.853+0000][1][safepoint    ] Application time: 0.3905073 seconds
[2019-01-25T15:02:54.853+0000][1][safepoint    ] Total time for which application threads were stopped: 0.0000955 seconds, Stopping threads took: 0.0000148 seconds
[2019-01-25T15:02:54.854+0000][1][safepoint    ] Application time: 0.0000801 seconds
[2019-01-25T15:02:54.854+0000][1][safepoint    ] Total time for which application threads were stopped: 0.0001564 seconds, Stopping threads took: 0.0000731 seconds
[2019-01-25T15:02:54.855+0000][1][safepoint    ] Application time: 0.0000817 seconds
[2019-01-25T15:02:54.856+0000][1][safepoint    ] Total time for which application threads were stopped: 0.0000874 seconds, Stopping threads took: 0.0000149 seconds
[2019-01-25T15:02:54.856+0000][1][safepoint    ] Application time: 0.0000516 seconds
[2019-01-25T15:02:54.857+0000][1][safepoint    ] Total time for which application threads were stopped: 0.0001033 seconds, Stopping threads took: 0.0000139 seconds
[2019-01-25T15:02:54.857+0000][1][safepoint    ] Application time: 0.0000627 seconds
[2019-01-25T15:02:54.859+0000][1][safepoint    ] Total time for which application threads were stopped: 0.0001451 seconds, Stopping threads took: 0.0000138 seconds
[2019-01-25T15:02:54.859+0000][1][safepoint    ] Application time: 0.0000559 seconds
[2019-01-25T15:02:54.860+0000][1][safepoint    ] Total time for which application threads were stopped: 0.0000873 seconds, Stopping threads took: 0.0000268 seconds
[2019-01-25T15:02:54.860+0000][1][safepoint    ] Application time: 0.0000740 seconds
[2019-01-25T15:02:54.861+0000][1][safepoint    ] Total time for which application threads were stopped: 0.0000763 seconds, Stopping threads took: 0.0000136 seconds
[2019-01-25T15:02:54.862+0000][1][safepoint    ] Application time: 0.0000649 seconds
[2019-01-25T15:02:54.864+0000][1][safepoint    ] Total time for which application threads were stopped: 0.0001011 seconds, Stopping threads took: 0.0000134 seconds
[2019-01-25T15:02:54.864+0000][1][safepoint    ] Application time: 0.0000617 seconds
[2019-01-25T15:02:54.865+0000][1][safepoint    ] Total time for which application threads were stopped: 0.0000715 seconds, Stopping threads took: 0.0000131 seconds
[2019-01-25T15:02:54.865+0000][1][safepoint    ] Application time: 0.0000593 seconds
[2019-01-25T15:02:54.866+0000][1][safepoint    ] Total time for which application threads were stopped: 0.0000845 seconds, Stopping threads took: 0.0000139 seconds
[2019-01-25T15:02:55.867+0000][1][safepoint    ] Application time: 1.0002946 seconds
[2019-01-25T15:02:55.868+0000][1][safepoint    ] Total time for which application threads were stopped: 0.0000872 seconds, Stopping threads took: 0.0000182 seconds
[2019-01-25T15:02:56.868+0000][1][safepoint    ] Application time: 1.0001610 seconds
[2019-01-25T15:02:56.869+0000][1][safepoint    ] Total time for which application threads were stopped: 0.0000774 seconds, Stopping threads took: 0.0000157 seconds
[2019-01-25T15:02:57.586+0000][1][safepoint    ] Application time: 0.7172506 seconds
[2019-01-25T15:02:57.587+0000][1][safepoint    ] Total time for which application threads were stopped: 0.0001176 seconds, Stopping threads took: 0.0000185 seconds
[2019-01-25T15:02:57.793+0000][1][safepoint    ] Application time: 0.2056400 seconds
[2019-01-25T15:02:57.794+0000][1][safepoint    ] Total time for which application threads were stopped: 0.0001051 seconds, Stopping threads took: 0.0000211 seconds
[2019-01-25T15:02:57.799+0000][1][safepoint    ] Application time: 0.0001710 seconds
[2019-01-25T15:02:57.801+0000][1][safepoint    ] Total time for which application threads were stopped: 0.0000866 seconds, Stopping threads took: 0.0000176 seconds
[2019-01-25T15:02:57.802+0000][1][safepoint    ] Application time: 0.0000785 seconds
[2019-01-25T15:02:57.803+0000][1][safepoint    ] Total time for which application threads were stopped: 0.0000990 seconds, Stopping threads took: 0.0000184 seconds
[2019-01-25T15:02:57.811+0000][1][safepoint    ] Application time: 0.0000644 seconds
[2019-01-25T15:02:57.812+0000][1][safepoint    ] Total time for which application threads were stopped: 0.0000731 seconds, Stopping threads took: 0.0000160 seconds
[2019-01-25T15:02:57.813+0000][1][safepoint    ] Application time: 0.0000510 seconds
[2019-01-25T15:02:57.814+0000][1][safepoint    ] Total time for which application threads were stopped: 0.0001123 seconds, Stopping threads took: 0.0000195 seconds
[2019-01-25T15:02:58.514+0000][1][safepoint    ] Application time: 0.6985026 seconds
[2019-01-25T15:02:58.514+0000][1][safepoint    ] Total time for which application threads were stopped: 0.0000819 seconds, Stopping threads took: 0.0000190 seconds
[2019-01-25T15:02:59.516+0000][1][safepoint    ] Application time: 1.0001738 seconds
[2019-01-25T15:02:59.516+0000][1][safepoint    ] Total time for which application threads were stopped: 0.0000681 seconds, Stopping threads took: 0.0000145 seconds
[2019-01-25T15:03:00.518+0000][1][safepoint    ] Application time: 1.0004595 seconds
[2019-01-25T15:03:00.520+0000][1][safepoint    ] Total time for which application threads were stopped: 0.0001930 seconds, Stopping threads took: 0.0000440 seconds
[2019-01-25T15:03:01.522+0000][1][safepoint    ] Application time: 1.0002504 seconds
[2019-01-25T15:03:01.523+0000][1][safepoint    ] Total time for which application threads were stopped: 0.0000915 seconds, Stopping threads took: 0.0000205 seconds
[2019-01-25T15:03:02.524+0000][1][safepoint    ] Application time: 1.0003966 seconds
[2019-01-25T15:03:02.525+0000][1][safepoint    ] Total time for which application threads were stopped: 0.0001387 seconds, Stopping threads took: 0.0000364 seconds
[2019-01-25T15:03:03.526+0000][1][safepoint    ] Application time: 1.0001841 seconds
[2019-01-25T15:03:03.527+0000][1][safepoint    ] Total time for which application threads were stopped: 0.0000546 seconds, Stopping threads took: 0.0000139 seconds
[2019-01-25T15:03:04.528+0000][1][safepoint    ] Application time: 1.0003999 seconds
[2019-01-25T15:03:04.529+0000][1][safepoint    ] Total time for which application threads were stopped: 0.0001320 seconds, Stopping threads took: 0.0000304 seconds
[2019-01-25T15:03:05.531+0000][1][safepoint    ] Application time: 1.0002225 seconds
[2019-01-25T15:03:05.532+0000][1][safepoint    ] Total time for which application threads were stopped: 0.0000824 seconds, Stopping threads took: 0.0000215 seconds
[2019-01-25T15:03:05.899+0000][1][safepoint    ] Application time: 0.3650095 seconds
[2019-01-25T15:03:05.900+0000][1][safepoint    ] Total time for which application threads were stopped: 0.0005304 seconds, Stopping threads took: 0.0001396 seconds
[2019-01-25T15:03:06.912+0000][1][safepoint    ] Application time: 1.0112046 seconds
[2019-01-25T15:03:06.912+0000][1][safepoint    ] Total time for which application threads were stopped: 0.0000788 seconds, Stopping threads took: 0.0000172 seconds
[2019-01-25T15:03:07.913+0000][1][safepoint    ] Application time: 1.0001877 seconds
[2019-01-25T15:03:07.914+0000][1][safepoint    ] Total time for which application threads were stopped: 0.0000882 seconds, Stopping threads took: 0.0000181 seconds
[2019-01-25T15:03:08.915+0000][1][safepoint    ] Application time: 1.0001717 seconds
[2019-01-25T15:03:08.916+0000][1][safepoint    ] Total time for which application threads were stopped: 0.0000971 seconds, Stopping threads took: 0.0000229 seconds
[2019-01-25T15:03:09.916+0000][1][safepoint    ] Application time: 1.0001096 seconds
[2019-01-25T15:03:09.917+0000][1][safepoint    ] Total time for which application threads were stopped: 0.0000866 seconds, Stopping threads took: 0.0000239 seconds
[2019-01-25T15:03:10.697+0000][1][safepoint    ] Application time: 0.7793509 seconds
[2019-01-25T15:03:10.700+0000][1][safepoint    ] Total time for which application threads were stopped: 0.0003034 seconds, Stopping threads took: 0.0000184 seconds
[2019-01-25T15:03:10.711+0000][1][safepoint    ] Application time: 0.0068744 seconds
[2019-01-25T15:03:10.712+0000][1][safepoint    ] Total time for which application threads were stopped: 0.0002175 seconds, Stopping threads took: 0.0001131 seconds
[2019-01-25T15:03:10.763+0000][1][safepoint    ] Application time: 0.0499776 seconds
[2019-01-25T15:03:10.764+0000][1][safepoint    ] Total time for which application threads were stopped: 0.0002796 seconds, Stopping threads took: 0.0001986 seconds
[2019-01-25T15:03:10.765+0000][1][safepoint    ] Application time: 0.0002083 seconds
[2019-01-25T15:03:10.765+0000][1][safepoint    ] Total time for which application threads were stopped: 0.0000786 seconds, Stopping threads took: 0.0000277 seconds
[2019-01-25T15:03:10.766+0000][1][safepoint    ] Application time: 0.0002818 seconds
[2019-01-25T15:03:10.767+0000][1][safepoint    ] Total time for which application threads were stopped: 0.0000630 seconds, Stopping threads took: 0.0000113 seconds
[2019-01-25T15:03:10.775+0000][1][safepoint    ] Application time: 0.0084504 seconds
[2019-01-25T15:03:10.777+0000][1][safepoint    ] Total time for which application threads were stopped: 0.0002787 seconds, Stopping threads took: 0.0001633 seconds
[2019-01-25T15:03:10.778+0000][1][safepoint    ] Application time: 0.0004261 seconds
[2019-01-25T15:03:10.779+0000][1][safepoint    ] Total time for which application threads were stopped: 0.0001856 seconds, Stopping threads took: 0.0000155 seconds
[2019-01-25T15:03:10.781+0000][1][safepoint    ] Application time: 0.0018007 seconds
[2019-01-25T15:03:10.782+0000][1][safepoint    ] Total time for which application threads were stopped: 0.0000993 seconds, Stopping threads took: 0.0000128 seconds
[2019-01-25T15:03:10.876+0000][1][safepoint    ] Application time: 0.0932102 seconds
[2019-01-25T15:03:10.876+0000][1][safepoint    ] Total time for which application threads were stopped: 0.0001232 seconds, Stopping threads took: 0.0000192 seconds
[2019-01-25T15:03:10.877+0000][1][safepoint    ] Application time: 0.0001432 seconds
[2019-01-25T15:03:10.878+0000][1][safepoint    ] Total time for which application threads were stopped: 0.0001312 seconds, Stopping threads took: 0.0000115 seconds
[2019-01-25T15:03:10.881+0000][1][safepoint    ] Application time: 0.0024423 seconds
[2019-01-25T15:03:10.881+0000][1][safepoint    ] Total time for which application threads were stopped: 0.0000723 seconds, Stopping threads took: 0.0000122 seconds
[2019-01-25T15:03:10.904+0000][1][safepoint    ] Application time: 0.0225310 seconds
[2019-01-25T15:03:10.905+0000][1][safepoint    ] Total time for which application threads were stopped: 0.0000739 seconds, Stopping threads took: 0.0000133 seconds
[2019-01-25T15:03:10.905+0000][1][safepoint    ] Application time: 0.0001476 seconds
[2019-01-25T15:03:10.906+0000][1][safepoint    ] Total time for which application threads were stopped: 0.0001041 seconds, Stopping threads took: 0.0000184 seconds
[2019-01-25T15:03:10.906+0000][1][safepoint    ] Application time: 0.0001821 seconds
[2019-01-25T15:03:10.909+0000][1][safepoint    ] Total time for which application threads were stopped: 0.0001079 seconds, Stopping threads took: 0.0000182 seconds
[2019-01-25T15:03:10.913+0000][1][safepoint    ] Application time: 0.0020609 seconds
[2019-01-25T15:03:10.914+0000][1][safepoint    ] Total time for which application threads were stopped: 0.0008184 seconds, Stopping threads took: 0.0000171 seconds
[2019-01-25T15:03:10.998+0000][1][safepoint    ] Application time: 0.0823773 seconds
[2019-01-25T15:03:10.999+0000][1][safepoint    ] Total time for which application threads were stopped: 0.0000927 seconds, Stopping threads took: 0.0000183 seconds
[2019-01-25T15:03:11.045+0000][1][safepoint    ] Application time: 0.0452031 seconds
[2019-01-25T15:03:11.045+0000][1][safepoint    ] Total time for which application threads were stopped: 0.0000873 seconds, Stopping threads took: 0.0000133 seconds
[2019-01-25T15:03:11.046+0000][1][safepoint    ] Application time: 0.0005276 seconds
[2019-01-25T15:03:11.046+0000][1][safepoint    ] Total time for which application threads were stopped: 0.0000681 seconds, Stopping threads took: 0.0000131 seconds
[2019-01-25T15:03:12.047+0000][1][safepoint    ] Application time: 1.0001569 seconds
[2019-01-25T15:03:12.048+0000][1][safepoint    ] Total time for which application threads were stopped: 0.0000730 seconds, Stopping threads took: 0.0000187 seconds
[2019-01-25T15:03:13.048+0000][1][safepoint    ] Application time: 1.0004496 seconds
[2019-01-25T15:03:13.049+0000][1][safepoint    ] Total time for which application threads were stopped: 0.0000667 seconds, Stopping threads took: 0.0000162 seconds
[2019-01-25T15:03:14.050+0000][1][safepoint    ] Application time: 1.0001211 seconds
[2019-01-25T15:03:14.051+0000][1][safepoint    ] Total time for which application threads were stopped: 0.0001013 seconds, Stopping threads took: 0.0000270 seconds
[2019-01-25T15:03:15.051+0000][1][safepoint    ] Application time: 1.0003013 seconds
[2019-01-25T15:03:15.052+0000][1][safepoint    ] Total time for which application threads were stopped: 0.0000886 seconds, Stopping threads took: 0.0000389 seconds
[2019-01-25T15:03:16.053+0000][1][safepoint    ] Application time: 1.0001557 seconds
[2019-01-25T15:03:16.053+0000][1][safepoint    ] Total time for which application threads were stopped: 0.0000823 seconds, Stopping threads took: 0.0000189 seconds
[2019-01-25T15:03:17.054+0000][1][safepoint    ] Application time: 1.0004318 seconds
[2019-01-25T15:03:17.056+0000][1][safepoint    ] Total time for which application threads were stopped: 0.0001567 seconds, Stopping threads took: 0.0000379 seconds
[2019-01-25T15:03:18.058+0000][1][safepoint    ] Application time: 1.0002119 seconds
[2019-01-25T15:03:18.058+0000][1][safepoint    ] Total time for which application threads were stopped: 0.0000575 seconds, Stopping threads took: 0.0000139 seconds
[2019-01-25T15:03:19.059+0000][1][safepoint    ] Application time: 1.0004965 seconds
[2019-01-25T15:03:19.062+0000][1][safepoint    ] Total time for which application threads were stopped: 0.0002076 seconds, Stopping threads took: 0.0000435 seconds
[2019-01-25T15:03:20.064+0000][1][safepoint    ] Application time: 1.0001308 seconds
[2019-01-25T15:03:20.064+0000][1][safepoint    ] Total time for which application threads were stopped: 0.0000774 seconds, Stopping threads took: 0.0000175 seconds
[2019-01-25T15:03:21.065+0000][1][safepoint    ] Application time: 1.0001147 seconds
[2019-01-25T15:03:21.066+0000][1][safepoint    ] Total time for which application threads were stopped: 0.0000771 seconds, Stopping threads took: 0.0000201 seconds
[2019-01-25T15:03:22.066+0000][1][safepoint    ] Application time: 1.0001287 seconds
[2019-01-25T15:03:22.067+0000][1][safepoint    ] Total time for which application threads were stopped: 0.0000537 seconds, Stopping threads took: 0.0000133 seconds
[2019-01-25T15:03:22.848+0000][1][safepoint    ] Application time: 0.7808231 seconds
[2019-01-25T15:03:22.849+0000][1][safepoint    ] Total time for which application threads were stopped: 0.0000850 seconds, Stopping threads took: 0.0000163 seconds
[2019-01-25T15:03:22.850+0000][1][safepoint    ] Application time: 0.0001920 seconds
[2019-01-25T15:03:22.850+0000][1][safepoint    ] Total time for which application threads were stopped: 0.0000938 seconds, Stopping threads took: 0.0000180 seconds
[2019-01-25T15:03:22.851+0000][1][safepoint    ] Application time: 0.0001442 seconds
[2019-01-25T15:03:22.852+0000][1][safepoint    ] Total time for which application threads were stopped: 0.0000704 seconds, Stopping threads took: 0.0000137 seconds
[2019-01-25T15:03:22.853+0000][1][safepoint    ] Application time: 0.0001313 seconds
[2019-01-25T15:03:22.853+0000][1][safepoint    ] Total time for which application threads were stopped: 0.0000670 seconds, Stopping threads took: 0.0000121 seconds
[2019-01-25T15:03:22.855+0000][1][safepoint    ] Application time: 0.0010223 seconds
[2019-01-25T15:03:22.855+0000][1][safepoint    ] Total time for which application threads were stopped: 0.0000661 seconds, Stopping threads took: 0.0000128 seconds
[2019-01-25T15:03:22.856+0000][1][safepoint    ] Application time: 0.0001244 seconds
[2019-01-25T15:03:22.856+0000][1][safepoint    ] Total time for which application threads were stopped: 0.0000619 seconds, Stopping threads took: 0.0000108 seconds
[2019-01-25T15:03:23.857+0000][1][safepoint    ] Application time: 1.0001320 seconds
[2019-01-25T15:03:23.857+0000][1][safepoint    ] Total time for which application threads were stopped: 0.0000925 seconds, Stopping threads took: 0.0000199 seconds
[2019-01-25T15:03:24.858+0000][1][safepoint    ] Application time: 1.0001876 seconds
[2019-01-25T15:03:24.859+0000][1][safepoint    ] Total time for which application threads were stopped: 0.0000773 seconds, Stopping threads took: 0.0000191 seconds
[2019-01-25T15:03:25.469+0000][1][safepoint    ] Application time: 0.6095175 seconds
[2019-01-25T15:03:25.470+0000][1][safepoint    ] Total time for which application threads were stopped: 0.0001241 seconds, Stopping threads took: 0.0000129 seconds
[2019-01-25T15:03:25.505+0000][1][safepoint    ] Application time: 0.0340100 seconds
[2019-01-25T15:03:25.507+0000][1][safepoint    ] Total time for which application threads were stopped: 0.0000746 seconds, Stopping threads took: 0.0000143 seconds
[2019-01-25T15:03:25.520+0000][1][safepoint    ] Application time: 0.0129333 seconds
[2019-01-25T15:03:25.521+0000][1][safepoint    ] Total time for which application threads were stopped: 0.0001384 seconds, Stopping threads took: 0.0000166 seconds
[2019-01-25T15:03:25.709+0000][1][safepoint    ] Application time: 0.1873718 seconds
[2019-01-25T15:03:25.711+0000][1][safepoint    ] Total time for which application threads were stopped: 0.0002673 seconds, Stopping threads took: 0.0000174 seconds
[2019-01-25T15:03:25.833+0000][1][safepoint    ] Application time: 0.1213894 seconds
[2019-01-25T15:03:25.834+0000][1][safepoint    ] Total time for which application threads were stopped: 0.0002115 seconds, Stopping threads took: 0.0000709 seconds
[2019-01-25T15:03:25.970+0000][1][safepoint    ] Application time: 0.1353568 seconds
[2019-01-25T15:03:25.972+0000][1][safepoint    ] Total time for which application threads were stopped: 0.0001472 seconds, Stopping threads took: 0.0000175 seconds
[2019-01-25T15:03:26.017+0000][1][safepoint    ] Application time: 0.0445036 seconds
[2019-01-25T15:03:26.022+0000][1][safepoint    ] Total time for which application threads were stopped: 0.0042057 seconds, Stopping threads took: 0.0039316 seconds
[2019-01-25T15:03:26.100+0000][1][safepoint    ] Application time: 0.0773826 seconds
[2019-01-25T15:03:26.101+0000][1][safepoint    ] Total time for which application threads were stopped: 0.0001079 seconds, Stopping threads took: 0.0000120 seconds
[2019-01-25T15:03:26.127+0000][1][safepoint    ] Application time: 0.0248432 seconds
[2019-01-25T15:03:26.128+0000][1][safepoint    ] Total time for which application threads were stopped: 0.0001294 seconds, Stopping threads took: 0.0000386 seconds
[2019-01-25T15:03:26.374+0000][1][safepoint    ] Application time: 0.2449620 seconds
[2019-01-25T15:03:26.375+0000][1][safepoint    ] Total time for which application threads were stopped: 0.0002184 seconds, Stopping threads took: 0.0000326 seconds
[2019-01-25T15:03:26.392+0000][1][safepoint    ] Application time: 0.0161497 seconds
[2019-01-25T15:03:26.393+0000][1][safepoint    ] Total time for which application threads were stopped: 0.0006547 seconds, Stopping threads took: 0.0005793 seconds
[2019-01-25T15:03:26.449+0000][1][safepoint    ] Application time: 0.0555429 seconds
[2019-01-25T15:03:26.454+0000][1][safepoint    ] Total time for which application threads were stopped: 0.0001650 seconds, Stopping threads took: 0.0000173 seconds
[2019-01-25T15:03:26.512+0000][1][safepoint    ] Application time: 0.0480613 seconds
[2019-01-25T15:03:26.513+0000][1][safepoint    ] Total time for which application threads were stopped: 0.0001188 seconds, Stopping threads took: 0.0000168 seconds
[2019-01-25T15:03:26.526+0000][1][safepoint    ] Application time: 0.0077996 seconds
[2019-01-25T15:03:26.527+0000][1][safepoint    ] Total time for which application threads were stopped: 0.0001203 seconds, Stopping threads took: 0.0000356 seconds
[2019-01-25T15:03:26.528+0000][1][safepoint    ] Application time: 0.0001363 seconds
[2019-01-25T15:03:26.529+0000][1][safepoint    ] Total time for which application threads were stopped: 0.0010028 seconds, Stopping threads took: 0.0001681 seconds
[2019-01-25T15:03:26.533+0000][1][safepoint    ] Application time: 0.0028268 seconds
[2019-01-25T15:03:26.534+0000][1][safepoint    ] Total time for which application threads were stopped: 0.0001526 seconds, Stopping threads took: 0.0000168 seconds
[2019-01-25T15:03:26.538+0000][1][safepoint    ] Application time: 0.0027725 seconds
[2019-01-25T15:03:26.543+0000][1][safepoint    ] Total time for which application threads were stopped: 0.0001292 seconds, Stopping threads took: 0.0000303 seconds
[2019-01-25T15:03:26.543+0000][1][safepoint    ] Application time: 0.0001481 seconds
[2019-01-25T15:03:26.544+0000][1][safepoint    ] Total time for which application threads were stopped: 0.0001029 seconds, Stopping threads took: 0.0000144 seconds
[2019-01-25T15:03:26.586+0000][1][safepoint    ] Application time: 0.0380546 seconds
[2019-01-25T15:03:26.590+0000][1][safepoint    ] Total time for which application threads were stopped: 0.0005668 seconds, Stopping threads took: 0.0000186 seconds
[2019-01-25T15:03:26.612+0000][1][safepoint    ] Application time: 0.0216114 seconds
[2019-01-25T15:03:26.613+0000][1][safepoint    ] Total time for which application threads were stopped: 0.0004976 seconds, Stopping threads took: 0.0000170 seconds
[2019-01-25T15:03:26.641+0000][1][safepoint    ] Application time: 0.0265540 seconds
[2019-01-25T15:03:26.641+0000][1][safepoint    ] Total time for which application threads were stopped: 0.0001136 seconds, Stopping threads took: 0.0000134 seconds
[2019-01-25T15:03:26.659+0000][1][safepoint    ] Application time: 0.0175018 seconds
[2019-01-25T15:03:26.661+0000][1][safepoint    ] Total time for which application threads were stopped: 0.0004936 seconds, Stopping threads took: 0.0000196 seconds
[2019-01-25T15:03:26.734+0000][1][safepoint    ] Application time: 0.0676484 seconds
[2019-01-25T15:03:26.736+0000][1][safepoint    ] Total time for which application threads were stopped: 0.0001036 seconds, Stopping threads took: 0.0000172 seconds
[2019-01-25T15:03:26.933+0000][1][safepoint    ] Application time: 0.1969148 seconds
[2019-01-25T15:03:26.934+0000][1][safepoint    ] Total time for which application threads were stopped: 0.0000716 seconds, Stopping threads took: 0.0000103 seconds
[2019-01-25T15:03:26.959+0000][1][safepoint    ] Application time: 0.0247407 seconds
[2019-01-25T15:03:26.959+0000][1][gc,start     ] GC(32) Pause Young (Allocation Failure)
[2019-01-25T15:03:26.960+0000][1][gc,task      ] GC(32) Using 2 workers of 2 for evacuation
[2019-01-25T15:03:26.974+0000][1][gc,age       ] GC(32) Desired survivor size 4456448 bytes, new threshold 6 (max threshold 6)
[2019-01-25T15:03:26.978+0000][1][gc,age       ] GC(32) Age table with threshold 6 (max threshold 6)
[2019-01-25T15:03:26.983+0000][1][gc,age       ] GC(32) - age   1:     482640 bytes,     482640 total
[2019-01-25T15:03:26.983+0000][1][gc,age       ] GC(32) - age   2:     328736 bytes,     811376 total
[2019-01-25T15:03:26.988+0000][1][gc,age       ] GC(32) - age   3:      16712 bytes,     828088 total
[2019-01-25T15:03:26.993+0000][1][gc,age       ] GC(32) - age   4:      53264 bytes,     881352 total
[2019-01-25T15:03:26.994+0000][1][gc,age       ] GC(32) - age   5:      69816 bytes,     951168 total
[2019-01-25T15:03:26.994+0000][1][gc,age       ] GC(32) - age   6:    2713704 bytes,    3664872 total
[2019-01-25T15:03:26.995+0000][1][gc,heap      ] GC(32) ParNew: 74022K->4797K(78656K)
[2019-01-25T15:03:26.995+0000][1][gc,heap      ] GC(32) CMS: 83455K->84178K(174784K)
[2019-01-25T15:03:26.995+0000][1][gc,metaspace ] GC(32) Metaspace: 71413K->71413K(1114112K)
[2019-01-25T15:03:26.995+0000][1][gc           ] GC(32) Pause Young (Allocation Failure) 153M->86M(247M) 36.175ms
[2019-01-25T15:03:26.996+0000][1][gc,cpu       ] GC(32) User=0.01s Sys=0.01s Real=0.03s
[2019-01-25T15:03:26.996+0000][1][safepoint    ] Total time for which application threads were stopped: 0.0368968 seconds, Stopping threads took: 0.0000633 seconds
[2019-01-25T15:03:27.089+0000][1][safepoint    ] Application time: 0.0931542 seconds
[2019-01-25T15:03:27.090+0000][1][safepoint    ] Total time for which application threads were stopped: 0.0000651 seconds, Stopping threads took: 0.0000118 seconds
[2019-01-25T15:03:27.549+0000][1][safepoint    ] Application time: 0.4587146 seconds
[2019-01-25T15:03:27.553+0000][1][safepoint    ] Total time for which application threads were stopped: 0.0024875 seconds, Stopping threads took: 0.0000335 seconds
[2019-01-25T15:03:27.554+0000][1][safepoint    ] Application time: 0.0001701 seconds
[2019-01-25T15:03:27.556+0000][1][safepoint    ] Total time for which application threads were stopped: 0.0002951 seconds, Stopping threads took: 0.0000308 seconds
[2019-01-25T15:03:27.558+0000][1][safepoint    ] Application time: 0.0002147 seconds
[2019-01-25T15:03:27.560+0000][1][safepoint    ] Total time for which application threads were stopped: 0.0002044 seconds, Stopping threads took: 0.0000374 seconds
[2019-01-25T15:03:27.562+0000][1][safepoint    ] Application time: 0.0002653 seconds
[2019-01-25T15:03:27.564+0000][1][safepoint    ] Total time for which application threads were stopped: 0.0003778 seconds, Stopping threads took: 0.0000486 seconds
[2019-01-25T15:03:27.566+0000][1][safepoint    ] Application time: 0.0001641 seconds
[2019-01-25T15:03:27.568+0000][1][safepoint    ] Total time for which application threads were stopped: 0.0002272 seconds, Stopping threads took: 0.0000494 seconds
[2019-01-25T15:03:27.570+0000][1][safepoint    ] Application time: 0.0001468 seconds
[2019-01-25T15:03:27.572+0000][1][safepoint    ] Total time for which application threads were stopped: 0.0002149 seconds, Stopping threads took: 0.0000347 seconds
[2019-01-25T15:03:27.604+0000][1][safepoint    ] Application time: 0.0303215 seconds
[2019-01-25T15:03:27.606+0000][1][safepoint    ] Total time for which application threads were stopped: 0.0001284 seconds, Stopping threads took: 0.0000169 seconds
[2019-01-25T15:03:27.817+0000][1][safepoint    ] Application time: 0.2104258 seconds
[2019-01-25T15:03:27.819+0000][1][safepoint    ] Total time for which application threads were stopped: 0.0004403 seconds, Stopping threads took: 0.0000377 seconds
[2019-01-25T15:03:27.822+0000][1][safepoint    ] Application time: 0.0001670 seconds
[2019-01-25T15:03:27.825+0000][1][safepoint    ] Total time for which application threads were stopped: 0.0001565 seconds, Stopping threads took: 0.0000267 seconds
[2019-01-25T15:03:27.826+0000][1][safepoint    ] Application time: 0.0001028 seconds
[2019-01-25T15:03:27.832+0000][1][safepoint    ] Total time for which application threads were stopped: 0.0001140 seconds, Stopping threads took: 0.0000201 seconds
[2019-01-25T15:03:27.837+0000][1][safepoint    ] Application time: 0.0000874 seconds
[2019-01-25T15:03:27.839+0000][1][safepoint    ] Total time for which application threads were stopped: 0.0001132 seconds, Stopping threads took: 0.0000239 seconds
[2019-01-25T15:03:27.840+0000][1][safepoint    ] Application time: 0.0001708 seconds
[2019-01-25T15:03:27.841+0000][1][safepoint    ] Total time for which application threads were stopped: 0.0001663 seconds, Stopping threads took: 0.0000261 seconds
[2019-01-25T15:03:28.846+0000][1][safepoint    ] Application time: 1.0003513 seconds
[2019-01-25T15:03:28.847+0000][1][safepoint    ] Total time for which application threads were stopped: 0.0000911 seconds, Stopping threads took: 0.0000293 seconds
[2019-01-25T15:03:29.848+0000][1][safepoint    ] Application time: 1.0002243 seconds
[2019-01-25T15:03:29.849+0000][1][safepoint    ] Total time for which application threads were stopped: 0.0001571 seconds, Stopping threads took: 0.0000321 seconds
[2019-01-25T15:03:30.850+0000][1][safepoint    ] Application time: 1.0002192 seconds
[2019-01-25T15:03:30.851+0000][1][safepoint    ] Total time for which application threads were stopped: 0.0000762 seconds, Stopping threads took: 0.0000158 seconds
[2019-01-25T15:03:31.825+0000][1][safepoint    ] Application time: 0.9729541 seconds
[2019-01-25T15:03:31.825+0000][1][safepoint    ] Total time for which application threads were stopped: 0.0001044 seconds, Stopping threads took: 0.0000177 seconds
[2019-01-25T15:03:32.837+0000][1][safepoint    ] Application time: 1.0082082 seconds
[2019-01-25T15:03:32.837+0000][1][safepoint    ] Total time for which application threads were stopped: 0.0000860 seconds, Stopping threads took: 0.0000177 seconds
[2019-01-25T15:03:33.838+0000][1][safepoint    ] Application time: 1.0001582 seconds
[2019-01-25T15:03:33.840+0000][1][safepoint    ] Total time for which application threads were stopped: 0.0001353 seconds, Stopping threads took: 0.0000261 seconds
[2019-01-25T15:03:34.841+0000][1][safepoint    ] Application time: 1.0003362 seconds
[2019-01-25T15:03:34.842+0000][1][safepoint    ] Total time for which application threads were stopped: 0.0000852 seconds, Stopping threads took: 0.0000181 seconds
[2019-01-25T15:03:35.843+0000][1][safepoint    ] Application time: 1.0008750 seconds
[2019-01-25T15:03:35.845+0000][1][safepoint    ] Total time for which application threads were stopped: 0.0004575 seconds, Stopping threads took: 0.0000203 seconds
[2019-01-25T15:03:36.846+0000][1][safepoint    ] Application time: 1.0004303 seconds
[2019-01-25T15:03:36.847+0000][1][safepoint    ] Total time for which application threads were stopped: 0.0001179 seconds, Stopping threads took: 0.0000229 seconds
[2019-01-25T15:03:37.847+0000][1][safepoint    ] Application time: 1.0002068 seconds
[2019-01-25T15:03:37.848+0000][1][safepoint    ] Total time for which application threads were stopped: 0.0000572 seconds, Stopping threads took: 0.0000148 seconds
[2019-01-25T15:03:38.849+0000][1][safepoint    ] Application time: 1.0003576 seconds
[2019-01-25T15:03:38.849+0000][1][safepoint    ] Total time for which application threads were stopped: 0.0001153 seconds, Stopping threads took: 0.0000244 seconds
[2019-01-25T15:03:39.850+0000][1][safepoint    ] Application time: 1.0001462 seconds
[2019-01-25T15:03:39.852+0000][1][safepoint    ] Total time for which application threads were stopped: 0.0006616 seconds, Stopping threads took: 0.0000191 seconds
[2019-01-25T15:03:40.855+0000][1][safepoint    ] Application time: 1.0004879 seconds
[2019-01-25T15:03:40.855+0000][1][safepoint    ] Total time for which application threads were stopped: 0.0000802 seconds, Stopping threads took: 0.0000204 seconds
[2019-01-25T15:03:41.856+0000][1][safepoint    ] Application time: 1.0001281 seconds
[2019-01-25T15:03:41.859+0000][1][safepoint    ] Total time for which application threads were stopped: 0.0000829 seconds, Stopping threads took: 0.0000173 seconds
[2019-01-25T15:03:42.860+0000][1][safepoint    ] Application time: 1.0001530 seconds
[2019-01-25T15:03:42.861+0000][1][safepoint    ] Total time for which application threads were stopped: 0.0000568 seconds, Stopping threads took: 0.0000124 seconds
[2019-01-25T15:03:43.861+0000][1][safepoint    ] Application time: 1.0001346 seconds
[2019-01-25T15:03:43.862+0000][1][safepoint    ] Total time for which application threads were stopped: 0.0001053 seconds, Stopping threads took: 0.0000405 seconds
[2019-01-25T15:03:44.863+0000][1][safepoint    ] Application time: 1.0004454 seconds
[2019-01-25T15:03:44.864+0000][1][safepoint    ] Total time for which application threads were stopped: 0.0000595 seconds, Stopping threads took: 0.0000151 seconds
[2019-01-25T15:03:45.865+0000][1][safepoint    ] Application time: 1.0005683 seconds
[2019-01-25T15:03:45.865+0000][1][safepoint    ] Total time for which application threads were stopped: 0.0000920 seconds, Stopping threads took: 0.0000180 seconds
[2019-01-25T15:03:46.866+0000][1][safepoint    ] Application time: 1.0005757 seconds
[2019-01-25T15:03:46.867+0000][1][safepoint    ] Total time for which application threads were stopped: 0.0000859 seconds, Stopping threads took: 0.0000156 seconds
[2019-01-25T15:03:47.868+0000][1][safepoint    ] Application time: 1.0001710 seconds
[2019-01-25T15:03:47.868+0000][1][safepoint    ] Total time for which application threads were stopped: 0.0000582 seconds, Stopping threads took: 0.0000131 seconds
[2019-01-25T15:03:48.869+0000][1][safepoint    ] Application time: 1.0004572 seconds
[2019-01-25T15:03:48.870+0000][1][safepoint    ] Total time for which application threads were stopped: 0.0000730 seconds, Stopping threads took: 0.0000212 seconds
[2019-01-25T15:03:49.871+0000][1][safepoint    ] Application time: 1.0001099 seconds
[2019-01-25T15:03:49.871+0000][1][safepoint    ] Total time for which application threads were stopped: 0.0000680 seconds, Stopping threads took: 0.0000132 seconds
[2019-01-25T15:03:50.872+0000][1][safepoint    ] Application time: 1.0001174 seconds
[2019-01-25T15:03:50.872+0000][1][safepoint    ] Total time for which application threads were stopped: 0.0000875 seconds, Stopping threads took: 0.0000201 seconds
[2019-01-25T15:03:51.873+0000][1][safepoint    ] Application time: 1.0004532 seconds
[2019-01-25T15:03:51.875+0000][1][safepoint    ] Total time for which application threads were stopped: 0.0001609 seconds, Stopping threads took: 0.0000367 seconds
[2019-01-25T15:03:52.876+0000][1][safepoint    ] Application time: 1.0001676 seconds
[2019-01-25T15:03:52.877+0000][1][safepoint    ] Total time for which application threads were stopped: 0.0000551 seconds, Stopping threads took: 0.0000130 seconds
[2019-01-25T15:03:53.877+0000][1][safepoint    ] Application time: 1.0002228 seconds
[2019-01-25T15:03:53.879+0000][1][safepoint    ] Total time for which application threads were stopped: 0.0001777 seconds, Stopping threads took: 0.0000773 seconds
[2019-01-25T15:03:54.880+0000][1][safepoint    ] Application time: 1.0002577 seconds
[2019-01-25T15:03:54.881+0000][1][safepoint    ] Total time for which application threads were stopped: 0.0000571 seconds, Stopping threads took: 0.0000131 seconds
[2019-01-25T15:03:55.527+0000][1][safepoint    ] Application time: 0.6455001 seconds
[2019-01-25T15:03:55.527+0000][1][safepoint    ] Total time for which application threads were stopped: 0.0001076 seconds, Stopping threads took: 0.0000307 seconds
[2019-01-25T15:03:55.528+0000][1][safepoint    ] Application time: 0.0002421 seconds
[2019-01-25T15:03:55.528+0000][1][safepoint    ] Total time for which application threads were stopped: 0.0000968 seconds, Stopping threads took: 0.0000150 seconds
[2019-01-25T15:03:55.529+0000][1][safepoint    ] Application time: 0.0002003 seconds
[2019-01-25T15:03:55.529+0000][1][safepoint    ] Total time for which application threads were stopped: 0.0000774 seconds, Stopping threads took: 0.0000136 seconds
[2019-01-25T15:03:55.534+0000][1][safepoint    ] Application time: 0.0042868 seconds
[2019-01-25T15:03:55.534+0000][1][safepoint    ] Total time for which application threads were stopped: 0.0000648 seconds, Stopping threads took: 0.0000117 seconds
[2019-01-25T15:03:55.537+0000][1][safepoint    ] Application time: 0.0025849 seconds
[2019-01-25T15:03:55.538+0000][1][safepoint    ] Total time for which application threads were stopped: 0.0000670 seconds, Stopping threads took: 0.0000139 seconds
[2019-01-25T15:03:55.538+0000][1][safepoint    ] Application time: 0.0001811 seconds
[2019-01-25T15:03:55.539+0000][1][safepoint    ] Total time for which application threads were stopped: 0.0000645 seconds, Stopping threads took: 0.0000122 seconds
[2019-01-25T15:03:56.539+0000][1][safepoint    ] Application time: 1.0001224 seconds
[2019-01-25T15:03:56.541+0000][1][safepoint    ] Total time for which application threads were stopped: 0.0013758 seconds, Stopping threads took: 0.0013197 seconds
[2019-01-25T15:03:57.542+0000][1][safepoint    ] Application time: 1.0002154 seconds
[2019-01-25T15:03:57.543+0000][1][safepoint    ] Total time for which application threads were stopped: 0.0001266 seconds, Stopping threads took: 0.0000303 seconds
[2019-01-25T15:03:58.545+0000][1][safepoint    ] Application time: 1.0001743 seconds
[2019-01-25T15:03:58.545+0000][1][safepoint    ] Total time for which application threads were stopped: 0.0001245 seconds, Stopping threads took: 0.0000175 seconds
[2019-01-25T15:03:59.546+0000][1][safepoint    ] Application time: 1.0002104 seconds
[2019-01-25T15:03:59.547+0000][1][safepoint    ] Total time for which application threads were stopped: 0.0000890 seconds, Stopping threads took: 0.0000223 seconds
[2019-01-25T15:04:00.548+0000][1][safepoint    ] Application time: 1.0001626 seconds
[2019-01-25T15:04:00.548+0000][1][safepoint    ] Total time for which application threads were stopped: 0.0000944 seconds, Stopping threads took: 0.0000213 seconds
[2019-01-25T15:04:01.549+0000][1][safepoint    ] Application time: 1.0001982 seconds
[2019-01-25T15:04:01.549+0000][1][safepoint    ] Total time for which application threads were stopped: 0.0000783 seconds, Stopping threads took: 0.0000166 seconds
[2019-01-25T15:04:02.550+0000][1][safepoint    ] Application time: 1.0001423 seconds
[2019-01-25T15:04:02.551+0000][1][safepoint    ] Total time for which application threads were stopped: 0.0000858 seconds, Stopping threads took: 0.0000176 seconds
[2019-01-25T15:04:03.552+0000][1][safepoint    ] Application time: 1.0003798 seconds
[2019-01-25T15:04:03.553+0000][1][safepoint    ] Total time for which application threads were stopped: 0.0001250 seconds, Stopping threads took: 0.0000299 seconds
[2019-01-25T15:04:04.554+0000][1][safepoint    ] Application time: 1.0001610 seconds
[2019-01-25T15:04:04.555+0000][1][safepoint    ] Total time for which application threads were stopped: 0.0000845 seconds, Stopping threads took: 0.0000184 seconds
[2019-01-25T15:04:05.556+0000][1][safepoint    ] Application time: 1.0001126 seconds
[2019-01-25T15:04:05.556+0000][1][safepoint    ] Total time for which application threads were stopped: 0.0000613 seconds, Stopping threads took: 0.0000132 seconds
[2019-01-25T15:04:05.904+0000][1][safepoint    ] Application time: 0.3477238 seconds
[2019-01-25T15:04:05.905+0000][1][safepoint    ] Total time for which application threads were stopped: 0.0002940 seconds, Stopping threads took: 0.0000756 seconds
[2019-01-25T15:04:05.910+0000][1][safepoint    ] Application time: 0.0043477 seconds
[2019-01-25T15:04:05.910+0000][1][safepoint    ] Total time for which application threads were stopped: 0.0001605 seconds, Stopping threads took: 0.0000343 seconds
[2019-01-25T15:04:06.912+0000][1][safepoint    ] Application time: 1.0002694 seconds
[2019-01-25T15:04:06.914+0000][1][safepoint    ] Total time for which application threads were stopped: 0.0000989 seconds, Stopping threads took: 0.0000196 seconds
[2019-01-25T15:04:07.915+0000][1][safepoint    ] Application time: 1.0001652 seconds
[2019-01-25T15:04:07.915+0000][1][safepoint    ] Total time for which application threads were stopped: 0.0001131 seconds, Stopping threads took: 0.0000355 seconds
[2019-01-25T15:04:08.922+0000][1][safepoint    ] Application time: 1.0007532 seconds
[2019-01-25T15:04:08.923+0000][1][safepoint    ] Total time for which application threads were stopped: 0.0000729 seconds, Stopping threads took: 0.0000177 seconds
[2019-01-25T15:04:09.924+0000][1][safepoint    ] Application time: 1.0001044 seconds
[2019-01-25T15:04:09.924+0000][1][safepoint    ] Total time for which application threads were stopped: 0.0000548 seconds, Stopping threads took: 0.0000137 seconds
[2019-01-25T15:04:10.925+0000][1][safepoint    ] Application time: 1.0001460 seconds
[2019-01-25T15:04:10.925+0000][1][safepoint    ] Total time for which application threads were stopped: 0.0000539 seconds, Stopping threads took: 0.0000131 seconds
[2019-01-25T15:04:11.926+0000][1][safepoint    ] Application time: 1.0001183 seconds
[2019-01-25T15:04:11.927+0000][1][safepoint    ] Total time for which application threads were stopped: 0.0000541 seconds, Stopping threads took: 0.0000142 seconds
[2019-01-25T15:04:12.927+0000][1][safepoint    ] Application time: 1.0001022 seconds
[2019-01-25T15:04:12.928+0000][1][safepoint    ] Total time for which application threads were stopped: 0.0001117 seconds, Stopping threads took: 0.0000162 seconds
[2019-01-25T15:04:13.929+0000][1][safepoint    ] Application time: 1.0002625 seconds
[2019-01-25T15:04:13.931+0000][1][safepoint    ] Total time for which application threads were stopped: 0.0002421 seconds, Stopping threads took: 0.0001020 seconds
[2019-01-25T15:04:14.933+0000][1][safepoint    ] Application time: 1.0001703 seconds
[2019-01-25T15:04:14.933+0000][1][safepoint    ] Total time for which application threads were stopped: 0.0001349 seconds, Stopping threads took: 0.0000180 seconds
[2019-01-25T15:04:15.934+0000][1][safepoint    ] Application time: 1.0000955 seconds
[2019-01-25T15:04:15.935+0000][1][safepoint    ] Total time for which application threads were stopped: 0.0000889 seconds, Stopping threads took: 0.0000186 seconds
[2019-01-25T15:04:16.935+0000][1][safepoint    ] Application time: 1.0001138 seconds
[2019-01-25T15:04:16.936+0000][1][safepoint    ] Total time for which application threads were stopped: 0.0000685 seconds, Stopping threads took: 0.0000174 seconds
[2019-01-25T15:04:17.937+0000][1][safepoint    ] Application time: 1.0001380 seconds
[2019-01-25T15:04:17.937+0000][1][safepoint    ] Total time for which application threads were stopped: 0.0000655 seconds, Stopping threads took: 0.0000140 seconds
[2019-01-25T15:04:18.938+0000][1][safepoint    ] Application time: 1.0001343 seconds
[2019-01-25T15:04:18.938+0000][1][safepoint    ] Total time for which application threads were stopped: 0.0000566 seconds, Stopping threads took: 0.0000142 seconds
[2019-01-25T15:04:19.939+0000][1][safepoint    ] Application time: 1.0001117 seconds
[2019-01-25T15:04:19.939+0000][1][safepoint    ] Total time for which application threads were stopped: 0.0000596 seconds, Stopping threads took: 0.0000127 seconds
[2019-01-25T15:04:20.940+0000][1][safepoint    ] Application time: 1.0005776 seconds
[2019-01-25T15:04:20.944+0000][1][safepoint    ] Total time for which application threads were stopped: 0.0002056 seconds, Stopping threads took: 0.0000417 seconds
[2019-01-25T15:04:21.945+0000][1][safepoint    ] Application time: 1.0001515 seconds
[2019-01-25T15:04:21.946+0000][1][safepoint    ] Total time for which application threads were stopped: 0.0000538 seconds, Stopping threads took: 0.0000129 seconds
[2019-01-25T15:04:22.946+0000][1][safepoint    ] Application time: 1.0001290 seconds
[2019-01-25T15:04:22.947+0000][1][safepoint    ] Total time for which application threads were stopped: 0.0001095 seconds, Stopping threads took: 0.0000181 seconds
[2019-01-25T15:04:23.948+0000][1][safepoint    ] Application time: 1.0002869 seconds
[2019-01-25T15:04:23.948+0000][1][safepoint    ] Total time for which application threads were stopped: 0.0000586 seconds, Stopping threads took: 0.0000139 seconds
[2019-01-25T15:04:24.949+0000][1][safepoint    ] Application time: 1.0003019 seconds
[2019-01-25T15:04:24.950+0000][1][safepoint    ] Total time for which application threads were stopped: 0.0002217 seconds, Stopping threads took: 0.0000474 seconds
[2019-01-25T15:04:25.952+0000][1][safepoint    ] Application time: 1.0001586 seconds
[2019-01-25T15:04:25.953+0000][1][safepoint    ] Total time for which application threads were stopped: 0.0000561 seconds, Stopping threads took: 0.0000130 seconds
[2019-01-25T15:04:26.953+0000][1][safepoint    ] Application time: 1.0001803 seconds
[2019-01-25T15:04:26.954+0000][1][safepoint    ] Total time for which application threads were stopped: 0.0000673 seconds, Stopping threads took: 0.0000136 seconds
[2019-01-25T15:04:27.954+0000][1][safepoint    ] Application time: 1.0001185 seconds
[2019-01-25T15:04:27.955+0000][1][safepoint    ] Total time for which application threads were stopped: 0.0000816 seconds, Stopping threads took: 0.0000176 seconds
[2019-01-25T15:04:28.955+0000][1][safepoint    ] Application time: 1.0002377 seconds
[2019-01-25T15:04:28.957+0000][1][safepoint    ] Total time for which application threads were stopped: 0.0002330 seconds, Stopping threads took: 0.0000683 seconds
[2019-01-25T15:04:29.959+0000][1][safepoint    ] Application time: 1.0001897 seconds
[2019-01-25T15:04:29.960+0000][1][safepoint    ] Total time for which application threads were stopped: 0.0004035 seconds, Stopping threads took: 0.0000201 seconds
[2019-01-25T15:04:30.961+0000][1][safepoint    ] Application time: 1.0002323 seconds
[2019-01-25T15:04:30.964+0000][1][safepoint    ] Total time for which application threads were stopped: 0.0002048 seconds, Stopping threads took: 0.0000418 seconds
[2019-01-25T15:04:31.966+0000][1][safepoint    ] Application time: 1.0002002 seconds
[2019-01-25T15:04:31.967+0000][1][safepoint    ] Total time for which application threads were stopped: 0.0000561 seconds, Stopping threads took: 0.0000140 seconds
[2019-01-25T15:04:32.973+0000][1][safepoint    ] Application time: 1.0060346 seconds
[2019-01-25T15:04:32.976+0000][1][safepoint    ] Total time for which application threads were stopped: 0.0003566 seconds, Stopping threads took: 0.0000623 seconds
[2019-01-25T15:04:33.980+0000][1][safepoint    ] Application time: 1.0014363 seconds
[2019-01-25T15:04:33.981+0000][1][safepoint    ] Total time for which application threads were stopped: 0.0000818 seconds, Stopping threads took: 0.0000173 seconds
[2019-01-25T15:04:34.982+0000][1][safepoint    ] Application time: 1.0001404 seconds
[2019-01-25T15:04:34.992+0000][1][safepoint    ] Total time for which application threads were stopped: 0.0000763 seconds, Stopping threads took: 0.0000177 seconds
[2019-01-25T15:04:35.993+0000][1][safepoint    ] Application time: 1.0001625 seconds
[2019-01-25T15:04:35.993+0000][1][safepoint    ] Total time for which application threads were stopped: 0.0000537 seconds, Stopping threads took: 0.0000137 seconds
[2019-01-25T15:04:36.994+0000][1][safepoint    ] Application time: 1.0001616 seconds
[2019-01-25T15:04:36.997+0000][1][safepoint    ] Total time for which application threads were stopped: 0.0001498 seconds, Stopping threads took: 0.0000308 seconds
[2019-01-25T15:04:37.548+0000][1][safepoint    ] Application time: 0.5490129 seconds
[2019-01-25T15:04:37.548+0000][1][safepoint    ] Total time for which application threads were stopped: 0.0002355 seconds, Stopping threads took: 0.0001071 seconds
[2019-01-25T15:04:37.551+0000][1][safepoint    ] Application time: 0.0016249 seconds
[2019-01-25T15:04:37.551+0000][1][safepoint    ] Total time for which application threads were stopped: 0.0000788 seconds, Stopping threads took: 0.0000125 seconds
[2019-01-25T15:04:37.556+0000][1][safepoint    ] Application time: 0.0033807 seconds
[2019-01-25T15:04:37.556+0000][1][safepoint    ] Total time for which application threads were stopped: 0.0000735 seconds, Stopping threads took: 0.0000146 seconds
[2019-01-25T15:04:37.557+0000][1][safepoint    ] Application time: 0.0004291 seconds
[2019-01-25T15:04:37.558+0000][1][safepoint    ] Total time for which application threads were stopped: 0.0000751 seconds, Stopping threads took: 0.0000150 seconds
[2019-01-25T15:04:37.559+0000][1][safepoint    ] Application time: 0.0001945 seconds
[2019-01-25T15:04:37.560+0000][1][safepoint    ] Total time for which application threads were stopped: 0.0001367 seconds, Stopping threads took: 0.0000418 seconds
[2019-01-25T15:04:37.561+0000][1][safepoint    ] Application time: 0.0001735 seconds
[2019-01-25T15:04:37.562+0000][1][safepoint    ] Total time for which application threads were stopped: 0.0001041 seconds, Stopping threads took: 0.0000131 seconds
[2019-01-25T15:04:37.564+0000][1][safepoint    ] Application time: 0.0006084 seconds
[2019-01-25T15:04:37.565+0000][1][safepoint    ] Total time for which application threads were stopped: 0.0000940 seconds, Stopping threads took: 0.0000286 seconds
[2019-01-25T15:04:37.565+0000][1][safepoint    ] Application time: 0.0000887 seconds
[2019-01-25T15:04:37.566+0000][1][safepoint    ] Total time for which application threads were stopped: 0.0000748 seconds, Stopping threads took: 0.0000136 seconds
[2019-01-25T15:04:37.567+0000][1][safepoint    ] Application time: 0.0007609 seconds
[2019-01-25T15:04:37.568+0000][1][safepoint    ] Total time for which application threads were stopped: 0.0001014 seconds, Stopping threads took: 0.0000169 seconds
[2019-01-25T15:04:37.569+0000][1][safepoint    ] Application time: 0.0000713 seconds
[2019-01-25T15:04:37.573+0000][1][safepoint    ] Total time for which application threads were stopped: 0.0000716 seconds, Stopping threads took: 0.0000132 seconds
[2019-01-25T15:04:37.574+0000][1][safepoint    ] Application time: 0.0000615 seconds
[2019-01-25T15:04:37.575+0000][1][safepoint    ] Total time for which application threads were stopped: 0.0000683 seconds, Stopping threads took: 0.0000126 seconds
[2019-01-25T15:04:37.575+0000][1][safepoint    ] Application time: 0.0001127 seconds
[2019-01-25T15:04:37.576+0000][1][safepoint    ] Total time for which application threads were stopped: 0.0000996 seconds, Stopping threads took: 0.0000193 seconds
[2019-01-25T15:04:37.592+0000][1][safepoint    ] Application time: 0.0146141 seconds
[2019-01-25T15:04:37.592+0000][1][safepoint    ] Total time for which application threads were stopped: 0.0000707 seconds, Stopping threads took: 0.0000121 seconds
[2019-01-25T15:04:37.594+0000][1][safepoint    ] Application time: 0.0012901 seconds
[2019-01-25T15:04:37.595+0000][1][safepoint    ] Total time for which application threads were stopped: 0.0000807 seconds, Stopping threads took: 0.0000193 seconds
[2019-01-25T15:04:37.595+0000][1][safepoint    ] Application time: 0.0000740 seconds
[2019-01-25T15:04:37.596+0000][1][safepoint    ] Total time for which application threads were stopped: 0.0000728 seconds, Stopping threads took: 0.0000138 seconds
[2019-01-25T15:04:37.597+0000][1][safepoint    ] Application time: 0.0006779 seconds
[2019-01-25T15:04:37.597+0000][1][safepoint    ] Total time for which application threads were stopped: 0.0000927 seconds, Stopping threads took: 0.0000331 seconds
[2019-01-25T15:04:37.661+0000][1][safepoint    ] Application time: 0.0633015 seconds
[2019-01-25T15:04:37.662+0000][1][safepoint    ] Total time for which application threads were stopped: 0.0001195 seconds, Stopping threads took: 0.0000459 seconds
[2019-01-25T15:04:37.662+0000][1][safepoint    ] Application time: 0.0002343 seconds
[2019-01-25T15:04:37.663+0000][1][safepoint    ] Total time for which application threads were stopped: 0.0000842 seconds, Stopping threads took: 0.0000151 seconds
[2019-01-25T15:04:37.663+0000][1][safepoint    ] Application time: 0.0000867 seconds
[2019-01-25T15:04:37.664+0000][1][safepoint    ] Total time for which application threads were stopped: 0.0000708 seconds, Stopping threads took: 0.0000132 seconds
[2019-01-25T15:04:37.664+0000][1][safepoint    ] Application time: 0.0000701 seconds
[2019-01-25T15:04:37.665+0000][1][safepoint    ] Total time for which application threads were stopped: 0.0000673 seconds, Stopping threads took: 0.0000113 seconds
[2019-01-25T15:04:37.666+0000][1][safepoint    ] Application time: 0.0005241 seconds
[2019-01-25T15:04:37.666+0000][1][safepoint    ] Total time for which application threads were stopped: 0.0000608 seconds, Stopping threads took: 0.0000107 seconds
[2019-01-25T15:04:37.667+0000][1][safepoint    ] Application time: 0.0000712 seconds
[2019-01-25T15:04:37.667+0000][1][safepoint    ] Total time for which application threads were stopped: 0.0000689 seconds, Stopping threads took: 0.0000091 seconds
[2019-01-25T15:04:37.668+0000][1][safepoint    ] Application time: 0.0007266 seconds
[2019-01-25T15:04:37.672+0000][1][safepoint    ] Total time for which application threads were stopped: 0.0000840 seconds, Stopping threads took: 0.0000134 seconds
[2019-01-25T15:04:37.673+0000][1][safepoint    ] Application time: 0.0000894 seconds
[2019-01-25T15:04:37.673+0000][1][safepoint    ] Total time for which application threads were stopped: 0.0000710 seconds, Stopping threads took: 0.0000126 seconds
[2019-01-25T15:04:37.674+0000][1][safepoint    ] Application time: 0.0000611 seconds
[2019-01-25T15:04:37.674+0000][1][safepoint    ] Total time for which application threads were stopped: 0.0000700 seconds, Stopping threads took: 0.0000141 seconds
[2019-01-25T15:04:37.674+0000][1][safepoint    ] Application time: 0.0001777 seconds
[2019-01-25T15:04:37.675+0000][1][safepoint    ] Total time for which application threads were stopped: 0.0000768 seconds, Stopping threads took: 0.0000248 seconds
[2019-01-25T15:04:37.685+0000][1][safepoint    ] Application time: 0.0099778 seconds
[2019-01-25T15:04:37.686+0000][1][safepoint    ] Total time for which application threads were stopped: 0.0000790 seconds, Stopping threads took: 0.0000119 seconds
[2019-01-25T15:04:37.686+0000][1][safepoint    ] Application time: 0.0000781 seconds
[2019-01-25T15:04:37.686+0000][1][safepoint    ] Total time for which application threads were stopped: 0.0000989 seconds, Stopping threads took: 0.0000182 seconds
[2019-01-25T15:04:37.687+0000][1][safepoint    ] Application time: 0.0000667 seconds
[2019-01-25T15:04:37.687+0000][1][safepoint    ] Total time for which application threads were stopped: 0.0000957 seconds, Stopping threads took: 0.0000198 seconds
[2019-01-25T15:04:37.690+0000][1][safepoint    ] Application time: 0.0019114 seconds
[2019-01-25T15:04:37.692+0000][1][safepoint    ] Total time for which application threads were stopped: 0.0000744 seconds, Stopping threads took: 0.0000152 seconds
[2019-01-25T15:04:37.785+0000][1][safepoint    ] Application time: 0.0913765 seconds
[2019-01-25T15:04:37.785+0000][1][safepoint    ] Total time for which application threads were stopped: 0.0000714 seconds, Stopping threads took: 0.0000148 seconds
[2019-01-25T15:04:37.787+0000][1][safepoint    ] Application time: 0.0014345 seconds
[2019-01-25T15:04:37.788+0000][1][safepoint    ] Total time for which application threads were stopped: 0.0000909 seconds, Stopping threads took: 0.0000189 seconds
[2019-01-25T15:04:37.793+0000][1][safepoint    ] Application time: 0.0000897 seconds
[2019-01-25T15:04:37.794+0000][1][safepoint    ] Total time for which application threads were stopped: 0.0000708 seconds, Stopping threads took: 0.0000135 seconds
[2019-01-25T15:04:37.796+0000][1][safepoint    ] Application time: 0.0000685 seconds
[2019-01-25T15:04:37.797+0000][1][safepoint    ] Total time for which application threads were stopped: 0.0001058 seconds, Stopping threads took: 0.0000173 seconds
[2019-01-25T15:04:37.798+0000][1][safepoint    ] Application time: 0.0005462 seconds
[2019-01-25T15:04:37.798+0000][1][safepoint    ] Total time for which application threads were stopped: 0.0000741 seconds, Stopping threads took: 0.0000142 seconds
[2019-01-25T15:04:37.799+0000][1][safepoint    ] Application time: 0.0000609 seconds
[2019-01-25T15:04:37.799+0000][1][safepoint    ] Total time for which application threads were stopped: 0.0000742 seconds, Stopping threads took: 0.0000145 seconds
[2019-01-25T15:04:37.800+0000][1][safepoint    ] Application time: 0.0007571 seconds
[2019-01-25T15:04:37.801+0000][1][safepoint    ] Total time for which application threads were stopped: 0.0001073 seconds, Stopping threads took: 0.0000181 seconds
[2019-01-25T15:04:37.803+0000][1][safepoint    ] Application time: 0.0000849 seconds
[2019-01-25T15:04:37.805+0000][1][safepoint    ] Total time for which application threads were stopped: 0.0000731 seconds, Stopping threads took: 0.0000138 seconds
[2019-01-25T15:04:37.806+0000][1][safepoint    ] Application time: 0.0000790 seconds
[2019-01-25T15:04:37.806+0000][1][safepoint    ] Total time for which application threads were stopped: 0.0000717 seconds, Stopping threads took: 0.0000136 seconds
[2019-01-25T15:04:37.808+0000][1][safepoint    ] Application time: 0.0000700 seconds
[2019-01-25T15:04:37.809+0000][1][safepoint    ] Total time for which application threads were stopped: 0.0001165 seconds, Stopping threads took: 0.0000336 seconds
[2019-01-25T15:04:37.825+0000][1][safepoint    ] Application time: 0.0158004 seconds
[2019-01-25T15:04:37.826+0000][1][safepoint    ] Total time for which application threads were stopped: 0.0001072 seconds, Stopping threads took: 0.0000146 seconds
[2019-01-25T15:04:37.826+0000][1][safepoint    ] Application time: 0.0000856 seconds
[2019-01-25T15:04:37.826+0000][1][safepoint    ] Total time for which application threads were stopped: 0.0000879 seconds, Stopping threads took: 0.0000180 seconds
[2019-01-25T15:04:37.827+0000][1][safepoint    ] Application time: 0.0000833 seconds
[2019-01-25T15:04:37.827+0000][1][safepoint    ] Total time for which application threads were stopped: 0.0001069 seconds, Stopping threads took: 0.0000283 seconds
[2019-01-25T15:04:37.829+0000][1][safepoint    ] Application time: 0.0006068 seconds
[2019-01-25T15:04:37.830+0000][1][safepoint    ] Total time for which application threads were stopped: 0.0000793 seconds, Stopping threads took: 0.0000119 seconds
[2019-01-25T15:04:37.892+0000][1][safepoint    ] Application time: 0.0623913 seconds
[2019-01-25T15:04:37.893+0000][1][safepoint    ] Total time for which application threads were stopped: 0.0000777 seconds, Stopping threads took: 0.0000184 seconds
[2019-01-25T15:04:37.894+0000][1][safepoint    ] Application time: 0.0000794 seconds
[2019-01-25T15:04:37.894+0000][1][safepoint    ] Total time for which application threads were stopped: 0.0000830 seconds, Stopping threads took: 0.0000258 seconds
[2019-01-25T15:04:37.895+0000][1][safepoint    ] Application time: 0.0001964 seconds
[2019-01-25T15:04:37.895+0000][1][safepoint    ] Total time for which application threads were stopped: 0.0000698 seconds, Stopping threads took: 0.0000115 seconds
[2019-01-25T15:04:37.913+0000][1][safepoint    ] Application time: 0.0175716 seconds
[2019-01-25T15:04:37.914+0000][1][safepoint    ] Total time for which application threads were stopped: 0.0000720 seconds, Stopping threads took: 0.0000129 seconds
[2019-01-25T15:04:37.914+0000][1][safepoint    ] Application time: 0.0000653 seconds
[2019-01-25T15:04:37.914+0000][1][safepoint    ] Total time for which application threads were stopped: 0.0000659 seconds, Stopping threads took: 0.0000108 seconds
[2019-01-25T15:04:37.915+0000][1][safepoint    ] Application time: 0.0000559 seconds
[2019-01-25T15:04:37.916+0000][1][safepoint    ] Total time for which application threads were stopped: 0.0006151 seconds, Stopping threads took: 0.0000555 seconds
[2019-01-25T15:04:37.917+0000][1][safepoint    ] Application time: 0.0008939 seconds
[2019-01-25T15:04:37.919+0000][1][safepoint    ] Total time for which application threads were stopped: 0.0006686 seconds, Stopping threads took: 0.0001341 seconds
[2019-01-25T15:04:37.959+0000][1][safepoint    ] Application time: 0.0400531 seconds
[2019-01-25T15:04:37.960+0000][1][safepoint    ] Total time for which application threads were stopped: 0.0000736 seconds, Stopping threads took: 0.0000135 seconds
[2019-01-25T15:04:37.963+0000][1][safepoint    ] Application time: 0.0016024 seconds
[2019-01-25T15:04:37.964+0000][1][safepoint    ] Total time for which application threads were stopped: 0.0000741 seconds, Stopping threads took: 0.0000132 seconds
[2019-01-25T15:04:37.965+0000][1][safepoint    ] Application time: 0.0001312 seconds
[2019-01-25T15:04:37.965+0000][1][safepoint    ] Total time for which application threads were stopped: 0.0001046 seconds, Stopping threads took: 0.0000134 seconds
[2019-01-25T15:04:37.966+0000][1][safepoint    ] Application time: 0.0001413 seconds
[2019-01-25T15:04:37.966+0000][1][safepoint    ] Total time for which application threads were stopped: 0.0000936 seconds, Stopping threads took: 0.0000140 seconds
[2019-01-25T15:04:37.967+0000][1][safepoint    ] Application time: 0.0000853 seconds
[2019-01-25T15:04:37.967+0000][1][safepoint    ] Total time for which application threads were stopped: 0.0000984 seconds, Stopping threads took: 0.0000151 seconds
[2019-01-25T15:04:37.968+0000][1][safepoint    ] Application time: 0.0001289 seconds
[2019-01-25T15:04:37.969+0000][1][safepoint    ] Total time for which application threads were stopped: 0.0000895 seconds, Stopping threads took: 0.0000188 seconds
[2019-01-25T15:04:37.969+0000][1][safepoint    ] Application time: 0.0000776 seconds
[2019-01-25T15:04:37.970+0000][1][safepoint    ] Total time for which application threads were stopped: 0.0000840 seconds, Stopping threads took: 0.0000263 seconds
[2019-01-25T15:04:38.053+0000][1][safepoint    ] Application time: 0.0832007 seconds
[2019-01-25T15:04:38.054+0000][1][safepoint    ] Total time for which application threads were stopped: 0.0000847 seconds, Stopping threads took: 0.0000278 seconds
[2019-01-25T15:04:38.055+0000][1][safepoint    ] Application time: 0.0003262 seconds
[2019-01-25T15:04:38.055+0000][1][safepoint    ] Total time for which application threads were stopped: 0.0000687 seconds, Stopping threads took: 0.0000123 seconds
[2019-01-25T15:04:38.056+0000][1][safepoint    ] Application time: 0.0000873 seconds
[2019-01-25T15:04:38.056+0000][1][safepoint    ] Total time for which application threads were stopped: 0.0000802 seconds, Stopping threads took: 0.0000117 seconds
[2019-01-25T15:04:38.057+0000][1][safepoint    ] Application time: 0.0000477 seconds
[2019-01-25T15:04:38.057+0000][1][safepoint    ] Total time for which application threads were stopped: 0.0000753 seconds, Stopping threads took: 0.0000102 seconds
[2019-01-25T15:04:38.058+0000][1][safepoint    ] Application time: 0.0004422 seconds
[2019-01-25T15:04:38.058+0000][1][safepoint    ] Total time for which application threads were stopped: 0.0000784 seconds, Stopping threads took: 0.0000125 seconds
[2019-01-25T15:04:38.058+0000][1][safepoint    ] Application time: 0.0000464 seconds
[2019-01-25T15:04:38.064+0000][1][safepoint    ] Total time for which application threads were stopped: 0.0000728 seconds, Stopping threads took: 0.0000119 seconds
[2019-01-25T15:04:38.066+0000][1][safepoint    ] Application time: 0.0007248 seconds
[2019-01-25T15:04:38.066+0000][1][safepoint    ] Total time for which application threads were stopped: 0.0000633 seconds, Stopping threads took: 0.0000113 seconds
[2019-01-25T15:04:38.067+0000][1][safepoint    ] Application time: 0.0000698 seconds
[2019-01-25T15:04:38.067+0000][1][safepoint    ] Total time for which application threads were stopped: 0.0001274 seconds, Stopping threads took: 0.0000132 seconds
[2019-01-25T15:04:38.067+0000][1][safepoint    ] Application time: 0.0001014 seconds
[2019-01-25T15:04:38.068+0000][1][safepoint    ] Total time for which application threads were stopped: 0.0000663 seconds, Stopping threads took: 0.0000130 seconds
[2019-01-25T15:04:38.068+0000][1][safepoint    ] Application time: 0.0000676 seconds
[2019-01-25T15:04:38.069+0000][1][safepoint    ] Total time for which application threads were stopped: 0.0000663 seconds, Stopping threads took: 0.0000126 seconds
[2019-01-25T15:04:38.075+0000][1][safepoint    ] Application time: 0.0058276 seconds
[2019-01-25T15:04:38.075+0000][1][safepoint    ] Total time for which application threads were stopped: 0.0000927 seconds, Stopping threads took: 0.0000304 seconds
[2019-01-25T15:04:38.076+0000][1][safepoint    ] Application time: 0.0000712 seconds
[2019-01-25T15:04:38.076+0000][1][safepoint    ] Total time for which application threads were stopped: 0.0000646 seconds, Stopping threads took: 0.0000120 seconds
[2019-01-25T15:04:38.076+0000][1][safepoint    ] Application time: 0.0000706 seconds
[2019-01-25T15:04:38.077+0000][1][safepoint    ] Total time for which application threads were stopped: 0.0000676 seconds, Stopping threads took: 0.0000132 seconds
[2019-01-25T15:04:38.077+0000][1][safepoint    ] Application time: 0.0005113 seconds
[2019-01-25T15:04:38.078+0000][1][safepoint    ] Total time for which application threads were stopped: 0.0000657 seconds, Stopping threads took: 0.0000129 seconds
[2019-01-25T15:04:38.179+0000][1][safepoint    ] Application time: 0.1003285 seconds
[2019-01-25T15:04:38.179+0000][1][safepoint    ] Total time for which application threads were stopped: 0.0000745 seconds, Stopping threads took: 0.0000130 seconds
[2019-01-25T15:04:38.180+0000][1][safepoint    ] Application time: 0.0003202 seconds
[2019-01-25T15:04:38.181+0000][1][safepoint    ] Total time for which application threads were stopped: 0.0000662 seconds, Stopping threads took: 0.0000121 seconds
[2019-01-25T15:04:38.181+0000][1][safepoint    ] Application time: 0.0001198 seconds
[2019-01-25T15:04:38.182+0000][1][safepoint    ] Total time for which application threads were stopped: 0.0000669 seconds, Stopping threads took: 0.0000112 seconds
[2019-01-25T15:04:38.182+0000][1][safepoint    ] Application time: 0.0000642 seconds
[2019-01-25T15:04:38.183+0000][1][safepoint    ] Total time for which application threads were stopped: 0.0000728 seconds, Stopping threads took: 0.0000181 seconds
[2019-01-25T15:04:38.184+0000][1][safepoint    ] Application time: 0.0005472 seconds
[2019-01-25T15:04:38.184+0000][1][safepoint    ] Total time for which application threads were stopped: 0.0000673 seconds, Stopping threads took: 0.0000123 seconds
[2019-01-25T15:04:38.184+0000][1][safepoint    ] Application time: 0.0000502 seconds
[2019-01-25T15:04:38.185+0000][1][safepoint    ] Total time for which application threads were stopped: 0.0000938 seconds, Stopping threads took: 0.0000148 seconds
[2019-01-25T15:04:38.187+0000][1][safepoint    ] Application time: 0.0014915 seconds
[2019-01-25T15:04:38.189+0000][1][safepoint    ] Total time for which application threads were stopped: 0.0001190 seconds, Stopping threads took: 0.0000221 seconds
[2019-01-25T15:04:38.193+0000][1][safepoint    ] Application time: 0.0000888 seconds
[2019-01-25T15:04:38.194+0000][1][safepoint    ] Total time for which application threads were stopped: 0.0000912 seconds, Stopping threads took: 0.0000309 seconds
[2019-01-25T15:04:38.194+0000][1][safepoint    ] Application time: 0.0000613 seconds
[2019-01-25T15:04:38.195+0000][1][safepoint    ] Total time for which application threads were stopped: 0.0000809 seconds, Stopping threads took: 0.0000224 seconds
[2019-01-25T15:04:38.202+0000][1][safepoint    ] Application time: 0.0000813 seconds
[2019-01-25T15:04:38.203+0000][1][safepoint    ] Total time for which application threads were stopped: 0.0000989 seconds, Stopping threads took: 0.0000179 seconds
[2019-01-25T15:04:38.221+0000][1][safepoint    ] Application time: 0.0173533 seconds
[2019-01-25T15:04:38.222+0000][1][safepoint    ] Total time for which application threads were stopped: 0.0000879 seconds, Stopping threads took: 0.0000140 seconds
[2019-01-25T15:04:38.223+0000][1][safepoint    ] Application time: 0.0000778 seconds
[2019-01-25T15:04:38.223+0000][1][safepoint    ] Total time for which application threads were stopped: 0.0000720 seconds, Stopping threads took: 0.0000148 seconds
[2019-01-25T15:04:38.224+0000][1][safepoint    ] Application time: 0.0000755 seconds
[2019-01-25T15:04:38.224+0000][1][safepoint    ] Total time for which application threads were stopped: 0.0002285 seconds, Stopping threads took: 0.0000139 seconds
[2019-01-25T15:04:38.226+0000][1][safepoint    ] Application time: 0.0005335 seconds
[2019-01-25T15:04:38.226+0000][1][safepoint    ] Total time for which application threads were stopped: 0.0000967 seconds, Stopping threads took: 0.0000201 seconds
[2019-01-25T15:04:38.324+0000][1][safepoint    ] Application time: 0.0931889 seconds
[2019-01-25T15:04:38.324+0000][1][safepoint    ] Total time for which application threads were stopped: 0.0000716 seconds, Stopping threads took: 0.0000135 seconds
[2019-01-25T15:04:38.325+0000][1][safepoint    ] Application time: 0.0002522 seconds
[2019-01-25T15:04:38.325+0000][1][safepoint    ] Total time for which application threads were stopped: 0.0001068 seconds, Stopping threads took: 0.0000210 seconds
[2019-01-25T15:04:38.331+0000][1][safepoint    ] Application time: 0.0000942 seconds
[2019-01-25T15:04:38.335+0000][1][safepoint    ] Total time for which application threads were stopped: 0.0001010 seconds, Stopping threads took: 0.0000165 seconds
[2019-01-25T15:04:38.338+0000][1][safepoint    ] Application time: 0.0017959 seconds
[2019-01-25T15:04:38.339+0000][1][safepoint    ] Total time for which application threads were stopped: 0.0003233 seconds, Stopping threads took: 0.0000136 seconds
[2019-01-25T15:04:38.341+0000][1][safepoint    ] Application time: 0.0008444 seconds
[2019-01-25T15:04:38.341+0000][1][safepoint    ] Total time for which application threads were stopped: 0.0001089 seconds, Stopping threads took: 0.0000215 seconds
[2019-01-25T15:04:38.343+0000][1][safepoint    ] Application time: 0.0000848 seconds
[2019-01-25T15:04:38.346+0000][1][safepoint    ] Total time for which application threads were stopped: 0.0001078 seconds, Stopping threads took: 0.0000196 seconds
[2019-01-25T15:04:38.347+0000][1][safepoint    ] Application time: 0.0000811 seconds
[2019-01-25T15:04:38.348+0000][1][safepoint    ] Total time for which application threads were stopped: 0.0001402 seconds, Stopping threads took: 0.0000173 seconds
[2019-01-25T15:04:38.349+0000][1][safepoint    ] Application time: 0.0000740 seconds
[2019-01-25T15:04:38.349+0000][1][safepoint    ] Total time for which application threads were stopped: 0.0001224 seconds, Stopping threads took: 0.0000122 seconds
[2019-01-25T15:04:38.363+0000][1][safepoint    ] Application time: 0.0124346 seconds
[2019-01-25T15:04:38.364+0000][1][safepoint    ] Total time for which application threads were stopped: 0.0000982 seconds, Stopping threads took: 0.0000171 seconds
[2019-01-25T15:04:38.365+0000][1][safepoint    ] Application time: 0.0007287 seconds
[2019-01-25T15:04:38.366+0000][1][safepoint    ] Total time for which application threads were stopped: 0.0000955 seconds, Stopping threads took: 0.0000188 seconds
[2019-01-25T15:04:38.466+0000][1][safepoint    ] Application time: 0.0998430 seconds
[2019-01-25T15:04:38.469+0000][1][safepoint    ] Total time for which application threads were stopped: 0.0000948 seconds, Stopping threads took: 0.0000185 seconds
[2019-01-25T15:04:38.474+0000][1][safepoint    ] Application time: 0.0002970 seconds
[2019-01-25T15:04:38.478+0000][1][safepoint    ] Total time for which application threads were stopped: 0.0001102 seconds, Stopping threads took: 0.0000187 seconds
[2019-01-25T15:04:38.491+0000][1][safepoint    ] Application time: 0.0081263 seconds
[2019-01-25T15:04:38.494+0000][1][safepoint    ] Total time for which application threads were stopped: 0.0001064 seconds, Stopping threads took: 0.0000192 seconds
[2019-01-25T15:04:38.502+0000][1][safepoint    ] Application time: 0.0038720 seconds
[2019-01-25T15:04:38.505+0000][1][safepoint    ] Total time for which application threads were stopped: 0.0001103 seconds, Stopping threads took: 0.0000174 seconds
[2019-01-25T15:04:38.511+0000][1][safepoint    ] Application time: 0.0030128 seconds
[2019-01-25T15:04:38.512+0000][1][safepoint    ] Total time for which application threads were stopped: 0.0001074 seconds, Stopping threads took: 0.0000175 seconds
[2019-01-25T15:04:38.513+0000][1][safepoint    ] Application time: 0.0000957 seconds
[2019-01-25T15:04:38.514+0000][1][safepoint    ] Total time for which application threads were stopped: 0.0001198 seconds, Stopping threads took: 0.0000173 seconds
[2019-01-25T15:04:38.528+0000][1][safepoint    ] Application time: 0.0143294 seconds
[2019-01-25T15:04:38.529+0000][1][safepoint    ] Total time for which application threads were stopped: 0.0000864 seconds, Stopping threads took: 0.0000211 seconds
[2019-01-25T15:04:38.530+0000][1][safepoint    ] Application time: 0.0010563 seconds
[2019-01-25T15:04:38.531+0000][1][safepoint    ] Total time for which application threads were stopped: 0.0000937 seconds, Stopping threads took: 0.0000213 seconds
[2019-01-25T15:04:38.615+0000][1][safepoint    ] Application time: 0.0839836 seconds
[2019-01-25T15:04:38.616+0000][1][safepoint    ] Total time for which application threads were stopped: 0.0000932 seconds, Stopping threads took: 0.0000166 seconds
[2019-01-25T15:04:38.620+0000][1][safepoint    ] Application time: 0.0030838 seconds
[2019-01-25T15:04:38.621+0000][1][safepoint    ] Total time for which application threads were stopped: 0.0001278 seconds, Stopping threads took: 0.0000166 seconds
[2019-01-25T15:04:38.625+0000][1][safepoint    ] Application time: 0.0037729 seconds
[2019-01-25T15:04:38.625+0000][1][safepoint    ] Total time for which application threads were stopped: 0.0000860 seconds, Stopping threads took: 0.0000153 seconds
[2019-01-25T15:04:38.626+0000][1][safepoint    ] Application time: 0.0000765 seconds
[2019-01-25T15:04:38.630+0000][1][safepoint    ] Total time for which application threads were stopped: 0.0000943 seconds, Stopping threads took: 0.0000170 seconds
[2019-01-25T15:04:38.634+0000][1][safepoint    ] Application time: 0.0000673 seconds
[2019-01-25T15:04:38.638+0000][1][safepoint    ] Total time for which application threads were stopped: 0.0001026 seconds, Stopping threads took: 0.0000209 seconds
[2019-01-25T15:04:38.639+0000][1][safepoint    ] Application time: 0.0000707 seconds
[2019-01-25T15:04:38.639+0000][1][safepoint    ] Total time for which application threads were stopped: 0.0000848 seconds, Stopping threads took: 0.0000139 seconds
[2019-01-25T15:04:38.645+0000][1][safepoint    ] Application time: 0.0053318 seconds
[2019-01-25T15:04:38.651+0000][1][safepoint    ] Total time for which application threads were stopped: 0.0000998 seconds, Stopping threads took: 0.0000169 seconds
[2019-01-25T15:04:38.654+0000][1][safepoint    ] Application time: 0.0018757 seconds
[2019-01-25T15:04:38.657+0000][1][safepoint    ] Total time for which application threads were stopped: 0.0001105 seconds, Stopping threads took: 0.0000186 seconds
[2019-01-25T15:04:38.706+0000][1][safepoint    ] Application time: 0.0491242 seconds
[2019-01-25T15:04:38.711+0000][1][safepoint    ] Total time for which application threads were stopped: 0.0003811 seconds, Stopping threads took: 0.0003178 seconds
[2019-01-25T15:04:38.712+0000][1][safepoint    ] Application time: 0.0003614 seconds
[2019-01-25T15:04:38.713+0000][1][safepoint    ] Total time for which application threads were stopped: 0.0003093 seconds, Stopping threads took: 0.0001602 seconds
[2019-01-25T15:04:38.715+0000][1][safepoint    ] Application time: 0.0014922 seconds
[2019-01-25T15:04:38.716+0000][1][safepoint    ] Total time for which application threads were stopped: 0.0002778 seconds, Stopping threads took: 0.0002040 seconds
[2019-01-25T15:04:38.717+0000][1][safepoint    ] Application time: 0.0000965 seconds
[2019-01-25T15:04:38.717+0000][1][safepoint    ] Total time for which application threads were stopped: 0.0003469 seconds, Stopping threads took: 0.0002714 seconds
[2019-01-25T15:04:38.718+0000][1][safepoint    ] Application time: 0.0002119 seconds
[2019-01-25T15:04:38.720+0000][1][safepoint    ] Total time for which application threads were stopped: 0.0003488 seconds, Stopping threads took: 0.0000216 seconds
[2019-01-25T15:04:38.725+0000][1][safepoint    ] Application time: 0.0047263 seconds
[2019-01-25T15:04:38.727+0000][1][safepoint    ] Total time for which application threads were stopped: 0.0013259 seconds, Stopping threads took: 0.0012659 seconds
[2019-01-25T15:04:38.736+0000][1][safepoint    ] Application time: 0.0080499 seconds
[2019-01-25T15:04:38.736+0000][1][safepoint    ] Total time for which application threads were stopped: 0.0000762 seconds, Stopping threads took: 0.0000134 seconds
[2019-01-25T15:04:38.737+0000][1][safepoint    ] Application time: 0.0004522 seconds
[2019-01-25T15:04:38.738+0000][1][safepoint    ] Total time for which application threads were stopped: 0.0000688 seconds, Stopping threads took: 0.0000129 seconds
[2019-01-25T15:04:39.739+0000][1][safepoint    ] Application time: 1.0014072 seconds
[2019-01-25T15:04:39.741+0000][1][safepoint    ] Total time for which application threads were stopped: 0.0001537 seconds, Stopping threads took: 0.0000426 seconds
[2019-01-25T15:04:40.742+0000][1][safepoint    ] Application time: 1.0001292 seconds
[2019-01-25T15:04:40.743+0000][1][safepoint    ] Total time for which application threads were stopped: 0.0000560 seconds, Stopping threads took: 0.0000134 seconds
[2019-01-25T15:04:41.743+0000][1][safepoint    ] Application time: 1.0001611 seconds
[2019-01-25T15:04:41.744+0000][1][safepoint    ] Total time for which application threads were stopped: 0.0000542 seconds, Stopping threads took: 0.0000142 seconds
[2019-01-25T15:04:42.744+0000][1][safepoint    ] Application time: 1.0001786 seconds
[2019-01-25T15:04:42.745+0000][1][safepoint    ] Total time for which application threads were stopped: 0.0000557 seconds, Stopping threads took: 0.0000137 seconds
[2019-01-25T15:04:43.746+0000][1][safepoint    ] Application time: 1.0001245 seconds
[2019-01-25T15:04:43.746+0000][1][safepoint    ] Total time for which application threads were stopped: 0.0000518 seconds, Stopping threads took: 0.0000123 seconds
[2019-01-25T15:04:44.747+0000][1][safepoint    ] Application time: 1.0001373 seconds
[2019-01-25T15:04:44.747+0000][1][safepoint    ] Total time for which application threads were stopped: 0.0001428 seconds, Stopping threads took: 0.0000725 seconds
[2019-01-25T15:04:45.748+0000][1][safepoint    ] Application time: 1.0004717 seconds
[2019-01-25T15:04:45.750+0000][1][safepoint    ] Total time for which application threads were stopped: 0.0001297 seconds, Stopping threads took: 0.0000296 seconds
[2019-01-25T15:04:46.751+0000][1][safepoint    ] Application time: 1.0001868 seconds
[2019-01-25T15:04:46.751+0000][1][safepoint    ] Total time for which application threads were stopped: 0.0000804 seconds, Stopping threads took: 0.0000134 seconds
[2019-01-25T15:04:47.752+0000][1][safepoint    ] Application time: 1.0001253 seconds
[2019-01-25T15:04:47.752+0000][1][safepoint    ] Total time for which application threads were stopped: 0.0000803 seconds, Stopping threads took: 0.0000176 seconds
[2019-01-25T15:04:48.753+0000][1][safepoint    ] Application time: 1.0001787 seconds
[2019-01-25T15:04:48.754+0000][1][safepoint    ] Total time for which application threads were stopped: 0.0000840 seconds, Stopping threads took: 0.0000178 seconds
[2019-01-25T15:04:49.754+0000][1][safepoint    ] Application time: 1.0005183 seconds
[2019-01-25T15:04:49.756+0000][1][safepoint    ] Total time for which application threads were stopped: 0.0002308 seconds, Stopping threads took: 0.0000491 seconds
[2019-01-25T15:04:50.758+0000][1][safepoint    ] Application time: 1.0001692 seconds
[2019-01-25T15:04:50.759+0000][1][safepoint    ] Total time for which application threads were stopped: 0.0000800 seconds, Stopping threads took: 0.0000174 seconds
[2019-01-25T15:04:51.760+0000][1][safepoint    ] Application time: 1.0007152 seconds
[2019-01-25T15:04:51.760+0000][1][safepoint    ] Total time for which application threads were stopped: 0.0000788 seconds, Stopping threads took: 0.0000166 seconds
[2019-01-25T15:04:52.761+0000][1][safepoint    ] Application time: 1.0001495 seconds
[2019-01-25T15:04:52.762+0000][1][safepoint    ] Total time for which application threads were stopped: 0.0000801 seconds, Stopping threads took: 0.0000185 seconds
[2019-01-25T15:04:53.763+0000][1][safepoint    ] Application time: 1.0005589 seconds
[2019-01-25T15:04:53.763+0000][1][safepoint    ] Total time for which application threads were stopped: 0.0000694 seconds, Stopping threads took: 0.0000169 seconds
[2019-01-25T15:04:54.765+0000][1][safepoint    ] Application time: 1.0001613 seconds
[2019-01-25T15:04:54.766+0000][1][safepoint    ] Total time for which application threads were stopped: 0.0000922 seconds, Stopping threads took: 0.0000191 seconds
[2019-01-25T15:04:55.767+0000][1][safepoint    ] Application time: 1.0003927 seconds
[2019-01-25T15:04:55.768+0000][1][safepoint    ] Total time for which application threads were stopped: 0.0001382 seconds, Stopping threads took: 0.0000293 seconds
[2019-01-25T15:04:56.770+0000][1][safepoint    ] Application time: 1.0003241 seconds
[2019-01-25T15:04:56.772+0000][1][safepoint    ] Total time for which application threads were stopped: 0.0003834 seconds, Stopping threads took: 0.0000160 seconds
[2019-01-25T15:04:57.772+0000][1][safepoint    ] Application time: 1.0003886 seconds
[2019-01-25T15:04:57.774+0000][1][safepoint    ] Total time for which application threads were stopped: 0.0004541 seconds, Stopping threads took: 0.0000271 seconds
[2019-01-25T15:04:58.775+0000][1][safepoint    ] Application time: 1.0001252 seconds
[2019-01-25T15:04:58.776+0000][1][safepoint    ] Total time for which application threads were stopped: 0.0000580 seconds, Stopping threads took: 0.0000158 seconds
[2019-01-25T15:04:59.776+0000][1][safepoint    ] Application time: 1.0001319 seconds
[2019-01-25T15:04:59.777+0000][1][safepoint    ] Total time for which application threads were stopped: 0.0001037 seconds, Stopping threads took: 0.0000189 seconds
[2019-01-25T15:05:00.778+0000][1][safepoint    ] Application time: 1.0001362 seconds
[2019-01-25T15:05:00.779+0000][1][safepoint    ] Total time for which application threads were stopped: 0.0000907 seconds, Stopping threads took: 0.0000211 seconds
[2019-01-25T15:05:01.780+0000][1][safepoint    ] Application time: 1.0002022 seconds
[2019-01-25T15:05:01.781+0000][1][safepoint    ] Total time for which application threads were stopped: 0.0001035 seconds, Stopping threads took: 0.0000246 seconds
[2019-01-25T15:05:02.782+0000][1][safepoint    ] Application time: 1.0001445 seconds
[2019-01-25T15:05:02.782+0000][1][safepoint    ] Total time for which application threads were stopped: 0.0000759 seconds, Stopping threads took: 0.0000185 seconds
[2019-01-25T15:05:03.783+0000][1][safepoint    ] Application time: 1.0004416 seconds
[2019-01-25T15:05:03.784+0000][1][safepoint    ] Total time for which application threads were stopped: 0.0000538 seconds, Stopping threads took: 0.0000130 seconds
[2019-01-25T15:05:04.784+0000][1][safepoint    ] Application time: 1.0001229 seconds
[2019-01-25T15:05:04.785+0000][1][safepoint    ] Total time for which application threads were stopped: 0.0000961 seconds, Stopping threads took: 0.0000181 seconds
[2019-01-25T15:05:05.786+0000][1][safepoint    ] Application time: 1.0001736 seconds
[2019-01-25T15:05:05.787+0000][1][safepoint    ] Total time for which application threads were stopped: 0.0000662 seconds, Stopping threads took: 0.0000153 seconds
[2019-01-25T15:05:05.921+0000][1][safepoint    ] Application time: 0.1335967 seconds
[2019-01-25T15:05:05.922+0000][1][safepoint    ] Total time for which application threads were stopped: 0.0000844 seconds, Stopping threads took: 0.0000148 seconds
[2019-01-25T15:05:05.923+0000][1][safepoint    ] Application time: 0.0000596 seconds
[2019-01-25T15:05:05.924+0000][1][safepoint    ] Total time for which application threads were stopped: 0.0002031 seconds, Stopping threads took: 0.0000662 seconds
[2019-01-25T15:05:06.926+0000][1][safepoint    ] Application time: 1.0009157 seconds
[2019-01-25T15:05:06.926+0000][1][safepoint    ] Total time for which application threads were stopped: 0.0000787 seconds, Stopping threads took: 0.0000138 seconds
[2019-01-25T15:05:07.927+0000][1][safepoint    ] Application time: 1.0004487 seconds
[2019-01-25T15:05:07.928+0000][1][safepoint    ] Total time for which application threads were stopped: 0.0001073 seconds, Stopping threads took: 0.0000186 seconds
[2019-01-25T15:05:08.929+0000][1][safepoint    ] Application time: 1.0001903 seconds
[2019-01-25T15:05:08.930+0000][1][safepoint    ] Total time for which application threads were stopped: 0.0000554 seconds, Stopping threads took: 0.0000131 seconds
[2019-01-25T15:05:09.930+0000][1][safepoint    ] Application time: 1.0001686 seconds
[2019-01-25T15:05:09.931+0000][1][safepoint    ] Total time for which application threads were stopped: 0.0000657 seconds, Stopping threads took: 0.0000161 seconds
[2019-01-25T15:05:10.932+0000][1][safepoint    ] Application time: 1.0001703 seconds
[2019-01-25T15:05:10.932+0000][1][safepoint    ] Total time for which application threads were stopped: 0.0000574 seconds, Stopping threads took: 0.0000138 seconds
[2019-01-25T15:05:11.933+0000][1][safepoint    ] Application time: 1.0001923 seconds
[2019-01-25T15:05:11.933+0000][1][safepoint    ] Total time for which application threads were stopped: 0.0000538 seconds, Stopping threads took: 0.0000136 seconds
[2019-01-25T15:05:12.934+0000][1][safepoint    ] Application time: 1.0001135 seconds
[2019-01-25T15:05:12.934+0000][1][safepoint    ] Total time for which application threads were stopped: 0.0000611 seconds, Stopping threads took: 0.0000139 seconds
[2019-01-25T15:05:13.935+0000][1][safepoint    ] Application time: 1.0001383 seconds
[2019-01-25T15:05:13.936+0000][1][safepoint    ] Total time for which application threads were stopped: 0.0000723 seconds, Stopping threads took: 0.0000176 seconds
[2019-01-25T15:05:14.936+0000][1][safepoint    ] Application time: 1.0001912 seconds
[2019-01-25T15:05:14.937+0000][1][safepoint    ] Total time for which application threads were stopped: 0.0000760 seconds, Stopping threads took: 0.0000321 seconds
[2019-01-25T15:05:15.938+0000][1][safepoint    ] Application time: 1.0001616 seconds
[2019-01-25T15:05:15.938+0000][1][safepoint    ] Total time for which application threads were stopped: 0.0000789 seconds, Stopping threads took: 0.0000165 seconds
[2019-01-25T15:05:16.939+0000][1][safepoint    ] Application time: 1.0001671 seconds
[2019-01-25T15:05:16.940+0000][1][safepoint    ] Total time for which application threads were stopped: 0.0000757 seconds, Stopping threads took: 0.0000137 seconds
[2019-01-25T15:05:17.940+0000][1][safepoint    ] Application time: 1.0002490 seconds
[2019-01-25T15:05:17.942+0000][1][safepoint    ] Total time for which application threads were stopped: 0.0000898 seconds, Stopping threads took: 0.0000212 seconds
[2019-01-25T15:05:18.942+0000][1][safepoint    ] Application time: 1.0001399 seconds
[2019-01-25T15:05:18.943+0000][1][safepoint    ] Total time for which application threads were stopped: 0.0000786 seconds, Stopping threads took: 0.0000212 seconds
[2019-01-25T15:05:19.944+0000][1][safepoint    ] Application time: 1.0001793 seconds
[2019-01-25T15:05:19.965+0000][1][safepoint    ] Total time for which application threads were stopped: 0.0000814 seconds, Stopping threads took: 0.0000199 seconds
[2019-01-25T15:05:20.973+0000][1][safepoint    ] Application time: 1.0001205 seconds
[2019-01-25T15:05:20.973+0000][1][safepoint    ] Total time for which application threads were stopped: 0.0000948 seconds, Stopping threads took: 0.0000171 seconds
[2019-01-25T15:05:21.974+0000][1][safepoint    ] Application time: 1.0002014 seconds
[2019-01-25T15:05:21.974+0000][1][safepoint    ] Total time for which application threads were stopped: 0.0000758 seconds, Stopping threads took: 0.0000172 seconds
[2019-01-25T15:05:22.125+0000][1][safepoint    ] Application time: 0.1500132 seconds
[2019-01-25T15:05:22.126+0000][1][safepoint    ] Total time for which application threads were stopped: 0.0002908 seconds, Stopping threads took: 0.0000161 seconds
[2019-01-25T15:05:22.134+0000][1][safepoint    ] Application time: 0.0075763 seconds
[2019-01-25T15:05:22.135+0000][1][safepoint    ] Total time for which application threads were stopped: 0.0003668 seconds, Stopping threads took: 0.0000568 seconds
[2019-01-25T15:05:22.150+0000][1][safepoint    ] Application time: 0.0137001 seconds
[2019-01-25T15:05:22.151+0000][1][safepoint    ] Total time for which application threads were stopped: 0.0000817 seconds, Stopping threads took: 0.0000114 seconds
[2019-01-25T15:05:22.366+0000][1][safepoint    ] Application time: 0.2136230 seconds
[2019-01-25T15:05:22.366+0000][1][safepoint    ] Total time for which application threads were stopped: 0.0000897 seconds, Stopping threads took: 0.0000121 seconds
[2019-01-25T15:05:22.505+0000][1][safepoint    ] Application time: 0.1383794 seconds
[2019-01-25T15:05:22.512+0000][1][safepoint    ] Total time for which application threads were stopped: 0.0044831 seconds, Stopping threads took: 0.0043438 seconds
[2019-01-25T15:05:22.695+0000][1][safepoint    ] Application time: 0.1824185 seconds
[2019-01-25T15:05:22.703+0000][1][safepoint    ] Total time for which application threads were stopped: 0.0001735 seconds, Stopping threads took: 0.0000261 seconds
[2019-01-25T15:05:22.818+0000][1][safepoint    ] Application time: 0.1128851 seconds
[2019-01-25T15:05:22.820+0000][1][safepoint    ] Total time for which application threads were stopped: 0.0006333 seconds, Stopping threads took: 0.0000212 seconds
[2019-01-25T15:05:22.939+0000][1][safepoint    ] Application time: 0.1187686 seconds
[2019-01-25T15:05:22.940+0000][1][safepoint    ] Total time for which application threads were stopped: 0.0001146 seconds, Stopping threads took: 0.0000162 seconds
[2019-01-25T15:05:23.088+0000][1][safepoint    ] Application time: 0.1462938 seconds
[2019-01-25T15:05:23.098+0000][1][safepoint    ] Total time for which application threads were stopped: 0.0031567 seconds, Stopping threads took: 0.0030166 seconds
[2019-01-25T15:05:23.102+0000][1][safepoint    ] Application time: 0.0029435 seconds
[2019-01-25T15:05:23.109+0000][1][safepoint    ] Total time for which application threads were stopped: 0.0004990 seconds, Stopping threads took: 0.0000185 seconds
[2019-01-25T15:05:23.125+0000][1][safepoint    ] Application time: 0.0153655 seconds
[2019-01-25T15:05:23.128+0000][1][gc,start     ] GC(33) Pause Young (Allocation Failure)
[2019-01-25T15:05:23.131+0000][1][gc,task      ] GC(33) Using 2 workers of 2 for evacuation
[2019-01-25T15:05:23.151+0000][1][gc,age       ] GC(33) Desired survivor size 4456448 bytes, new threshold 6 (max threshold 6)
[2019-01-25T15:05:23.152+0000][1][gc,age       ] GC(33) Age table with threshold 6 (max threshold 6)
[2019-01-25T15:05:23.152+0000][1][gc,age       ] GC(33) - age   1:     293072 bytes,     293072 total
[2019-01-25T15:05:23.155+0000][1][gc,age       ] GC(33) - age   2:      37312 bytes,     330384 total
[2019-01-25T15:05:23.155+0000][1][gc,age       ] GC(33) - age   3:      29968 bytes,     360352 total
[2019-01-25T15:05:23.156+0000][1][gc,age       ] GC(33) - age   4:      15840 bytes,     376192 total
[2019-01-25T15:05:23.158+0000][1][gc,age       ] GC(33) - age   5:      53144 bytes,     429336 total
[2019-01-25T15:05:23.158+0000][1][gc,age       ] GC(33) - age   6:      69784 bytes,     499120 total
[2019-01-25T15:05:23.159+0000][1][gc,heap      ] GC(33) ParNew: 74749K->962K(78656K)
[2019-01-25T15:05:23.159+0000][1][gc,heap      ] GC(33) CMS: 84178K->86839K(174784K)
[2019-01-25T15:05:23.161+0000][1][gc,metaspace ] GC(33) Metaspace: 71478K->71478K(1114112K)
[2019-01-25T15:05:23.162+0000][1][gc           ] GC(33) Pause Young (Allocation Failure) 155M->85M(247M) 33.111ms
[2019-01-25T15:05:23.162+0000][1][gc,cpu       ] GC(33) User=0.02s Sys=0.01s Real=0.03s
[2019-01-25T15:05:23.162+0000][1][safepoint    ] Total time for which application threads were stopped: 0.0341415 seconds, Stopping threads took: 0.0000149 seconds
[2019-01-25T15:05:23.171+0000][1][safepoint    ] Application time: 0.0085474 seconds
[2019-01-25T15:05:23.175+0000][1][safepoint    ] Total time for which application threads were stopped: 0.0006790 seconds, Stopping threads took: 0.0000816 seconds
[2019-01-25T15:05:23.176+0000][1][safepoint    ] Application time: 0.0005043 seconds
[2019-01-25T15:05:23.180+0000][1][safepoint    ] Total time for which application threads were stopped: 0.0001320 seconds, Stopping threads took: 0.0000200 seconds
[2019-01-25T15:05:23.182+0000][1][safepoint    ] Application time: 0.0000946 seconds
[2019-01-25T15:05:23.203+0000][1][safepoint    ] Total time for which application threads were stopped: 0.0001192 seconds, Stopping threads took: 0.0000197 seconds
[2019-01-25T15:05:23.275+0000][1][safepoint    ] Application time: 0.0705439 seconds
[2019-01-25T15:05:23.277+0000][1][safepoint    ] Total time for which application threads were stopped: 0.0000901 seconds, Stopping threads took: 0.0000119 seconds
[2019-01-25T15:05:23.307+0000][1][safepoint    ] Application time: 0.0286227 seconds
[2019-01-25T15:05:23.308+0000][1][safepoint    ] Total time for which application threads were stopped: 0.0002306 seconds, Stopping threads took: 0.0000357 seconds
[2019-01-25T15:05:23.362+0000][1][safepoint    ] Application time: 0.0536390 seconds
[2019-01-25T15:05:23.364+0000][1][safepoint    ] Total time for which application threads were stopped: 0.0005244 seconds, Stopping threads took: 0.0004492 seconds
[2019-01-25T15:05:23.365+0000][1][safepoint    ] Application time: 0.0013868 seconds
[2019-01-25T15:05:23.367+0000][1][safepoint    ] Total time for which application threads were stopped: 0.0000860 seconds, Stopping threads took: 0.0000148 seconds
[2019-01-25T15:05:23.374+0000][1][safepoint    ] Application time: 0.0063876 seconds
[2019-01-25T15:05:23.377+0000][1][safepoint    ] Total time for which application threads were stopped: 0.0001157 seconds, Stopping threads took: 0.0000178 seconds
[2019-01-25T15:05:23.465+0000][1][safepoint    ] Application time: 0.0877669 seconds
[2019-01-25T15:05:23.466+0000][1][safepoint    ] Total time for which application threads were stopped: 0.0001165 seconds, Stopping threads took: 0.0000143 seconds
[2019-01-25T15:05:23.496+0000][1][safepoint    ] Application time: 0.0291353 seconds
[2019-01-25T15:05:23.497+0000][1][safepoint    ] Total time for which application threads were stopped: 0.0001225 seconds, Stopping threads took: 0.0000195 seconds
[2019-01-25T15:05:23.647+0000][1][safepoint    ] Application time: 0.1495957 seconds
[2019-01-25T15:05:23.648+0000][1][safepoint    ] Total time for which application threads were stopped: 0.0001225 seconds, Stopping threads took: 0.0000178 seconds
[2019-01-25T15:05:23.794+0000][1][safepoint    ] Application time: 0.1462429 seconds
[2019-01-25T15:05:23.795+0000][1][safepoint    ] Total time for which application threads were stopped: 0.0000677 seconds, Stopping threads took: 0.0000127 seconds
[2019-01-25T15:05:23.850+0000][1][safepoint    ] Application time: 0.0546866 seconds
[2019-01-25T15:05:23.851+0000][1][safepoint    ] Total time for which application threads were stopped: 0.0000713 seconds, Stopping threads took: 0.0000105 seconds
[2019-01-25T15:05:23.851+0000][1][safepoint    ] Application time: 0.0001558 seconds
[2019-01-25T15:05:23.852+0000][1][safepoint    ] Total time for which application threads were stopped: 0.0000637 seconds, Stopping threads took: 0.0000097 seconds
[2019-01-25T15:05:24.205+0000][1][safepoint    ] Application time: 0.3533633 seconds
[2019-01-25T15:05:24.208+0000][1][safepoint    ] Total time for which application threads were stopped: 0.0000745 seconds, Stopping threads took: 0.0000135 seconds
[2019-01-25T15:05:24.209+0000][1][safepoint    ] Application time: 0.0001274 seconds
[2019-01-25T15:05:24.209+0000][1][safepoint    ] Total time for which application threads were stopped: 0.0000934 seconds, Stopping threads took: 0.0000167 seconds
[2019-01-25T15:05:24.211+0000][1][safepoint    ] Application time: 0.0000884 seconds
[2019-01-25T15:05:24.212+0000][1][safepoint    ] Total time for which application threads were stopped: 0.0000745 seconds, Stopping threads took: 0.0000154 seconds
[2019-01-25T15:05:24.212+0000][1][safepoint    ] Application time: 0.0000620 seconds
[2019-01-25T15:05:24.213+0000][1][safepoint    ] Total time for which application threads were stopped: 0.0000763 seconds, Stopping threads took: 0.0000132 seconds
[2019-01-25T15:05:24.213+0000][1][safepoint    ] Application time: 0.0000680 seconds
[2019-01-25T15:05:24.214+0000][1][safepoint    ] Total time for which application threads were stopped: 0.0000670 seconds, Stopping threads took: 0.0000114 seconds
[2019-01-25T15:05:24.214+0000][1][safepoint    ] Application time: 0.0000558 seconds
[2019-01-25T15:05:24.215+0000][1][safepoint    ] Total time for which application threads were stopped: 0.0000724 seconds, Stopping threads took: 0.0000241 seconds
[2019-01-25T15:05:24.215+0000][1][safepoint    ] Application time: 0.0000918 seconds
[2019-01-25T15:05:24.216+0000][1][safepoint    ] Total time for which application threads were stopped: 0.0000599 seconds, Stopping threads took: 0.0000105 seconds
[2019-01-25T15:05:24.216+0000][1][safepoint    ] Application time: 0.0000829 seconds
[2019-01-25T15:05:24.217+0000][1][safepoint    ] Total time for which application threads were stopped: 0.0000935 seconds, Stopping threads took: 0.0000289 seconds
[2019-01-25T15:05:25.217+0000][1][safepoint    ] Application time: 1.0001810 seconds
[2019-01-25T15:05:25.218+0000][1][safepoint    ] Total time for which application threads were stopped: 0.0001066 seconds, Stopping threads took: 0.0000174 seconds
[2019-01-25T15:05:26.219+0000][1][safepoint    ] Application time: 1.0002007 seconds
[2019-01-25T15:05:26.220+0000][1][safepoint    ] Total time for which application threads were stopped: 0.0001938 seconds, Stopping threads took: 0.0000368 seconds
[2019-01-25T15:05:27.221+0000][1][safepoint    ] Application time: 1.0001908 seconds
[2019-01-25T15:05:27.222+0000][1][safepoint    ] Total time for which application threads were stopped: 0.0000527 seconds, Stopping threads took: 0.0000127 seconds
[2019-01-25T15:05:27.709+0000][1][safepoint    ] Application time: 0.4846733 seconds
[2019-01-25T15:05:27.712+0000][1][safepoint    ] Total time for which application threads were stopped: 0.0000862 seconds, Stopping threads took: 0.0000143 seconds
[2019-01-25T15:05:27.855+0000][1][safepoint    ] Application time: 0.1409152 seconds
[2019-01-25T15:05:27.856+0000][1][safepoint    ] Total time for which application threads were stopped: 0.0001103 seconds, Stopping threads took: 0.0000212 seconds
[2019-01-25T15:05:27.856+0000][1][safepoint    ] Application time: 0.0001782 seconds
[2019-01-25T15:05:27.857+0000][1][safepoint    ] Total time for which application threads were stopped: 0.0000936 seconds, Stopping threads took: 0.0000167 seconds
[2019-01-25T15:05:27.858+0000][1][safepoint    ] Application time: 0.0002038 seconds
[2019-01-25T15:05:27.858+0000][1][safepoint    ] Total time for which application threads were stopped: 0.0000703 seconds, Stopping threads took: 0.0000118 seconds
[2019-01-25T15:05:27.859+0000][1][safepoint    ] Application time: 0.0001753 seconds
[2019-01-25T15:05:27.859+0000][1][safepoint    ] Total time for which application threads were stopped: 0.0000893 seconds, Stopping threads took: 0.0000157 seconds
[2019-01-25T15:05:27.860+0000][1][safepoint    ] Application time: 0.0001621 seconds
[2019-01-25T15:05:27.860+0000][1][safepoint    ] Total time for which application threads were stopped: 0.0001156 seconds, Stopping threads took: 0.0000148 seconds
[2019-01-25T15:05:28.082+0000][1][safepoint    ] Application time: 0.2214137 seconds
[2019-01-25T15:05:28.083+0000][1][safepoint    ] Total time for which application threads were stopped: 0.0000983 seconds, Stopping threads took: 0.0000195 seconds
[2019-01-25T15:05:28.131+0000][1][safepoint    ] Application time: 0.0471680 seconds
[2019-01-25T15:05:28.131+0000][1][safepoint    ] Total time for which application threads were stopped: 0.0000715 seconds, Stopping threads took: 0.0000118 seconds
[2019-01-25T15:05:28.132+0000][1][safepoint    ] Application time: 0.0000995 seconds
[2019-01-25T15:05:28.133+0000][1][safepoint    ] Total time for which application threads were stopped: 0.0000574 seconds, Stopping threads took: 0.0000107 seconds
[2019-01-25T15:05:28.133+0000][1][safepoint    ] Application time: 0.0002364 seconds
[2019-01-25T15:05:28.134+0000][1][safepoint    ] Total time for which application threads were stopped: 0.0000730 seconds, Stopping threads took: 0.0000109 seconds
[2019-01-25T15:05:28.143+0000][1][safepoint    ] Application time: 0.0088590 seconds
[2019-01-25T15:05:28.144+0000][1][safepoint    ] Total time for which application threads were stopped: 0.0001109 seconds, Stopping threads took: 0.0000195 seconds
[2019-01-25T15:05:28.145+0000][1][safepoint    ] Application time: 0.0002002 seconds
[2019-01-25T15:05:28.146+0000][1][safepoint    ] Total time for which application threads were stopped: 0.0000708 seconds, Stopping threads took: 0.0000135 seconds
[2019-01-25T15:05:28.146+0000][1][safepoint    ] Application time: 0.0003042 seconds
[2019-01-25T15:05:28.147+0000][1][safepoint    ] Total time for which application threads were stopped: 0.0000721 seconds, Stopping threads took: 0.0000141 seconds
[2019-01-25T15:05:28.190+0000][1][safepoint    ] Application time: 0.0425669 seconds
[2019-01-25T15:05:28.191+0000][1][safepoint    ] Total time for which application threads were stopped: 0.0001155 seconds, Stopping threads took: 0.0000317 seconds
[2019-01-25T15:05:28.195+0000][1][safepoint    ] Application time: 0.0036772 seconds
[2019-01-25T15:05:28.197+0000][1][safepoint    ] Total time for which application threads were stopped: 0.0019886 seconds, Stopping threads took: 0.0009110 seconds
[2019-01-25T15:05:28.198+0000][1][safepoint    ] Application time: 0.0000810 seconds
[2019-01-25T15:05:28.198+0000][1][safepoint    ] Total time for which application threads were stopped: 0.0000776 seconds, Stopping threads took: 0.0000177 seconds
[2019-01-25T15:05:28.199+0000][1][safepoint    ] Application time: 0.0008983 seconds
[2019-01-25T15:05:28.201+0000][1][safepoint    ] Total time for which application threads were stopped: 0.0000998 seconds, Stopping threads took: 0.0000192 seconds
[2019-01-25T15:05:28.201+0000][1][safepoint    ] Application time: 0.0000981 seconds
[2019-01-25T15:05:28.202+0000][1][safepoint    ] Total time for which application threads were stopped: 0.0000720 seconds, Stopping threads took: 0.0000126 seconds
[2019-01-25T15:05:28.202+0000][1][safepoint    ] Application time: 0.0001764 seconds
[2019-01-25T15:05:28.202+0000][1][safepoint    ] Total time for which application threads were stopped: 0.0000690 seconds, Stopping threads took: 0.0000127 seconds
[2019-01-25T15:05:28.203+0000][1][safepoint    ] Application time: 0.0001732 seconds
[2019-01-25T15:05:28.203+0000][1][safepoint    ] Total time for which application threads were stopped: 0.0000669 seconds, Stopping threads took: 0.0000122 seconds
[2019-01-25T15:05:28.204+0000][1][safepoint    ] Application time: 0.0002705 seconds
[2019-01-25T15:05:28.205+0000][1][safepoint    ] Total time for which application threads were stopped: 0.0001029 seconds, Stopping threads took: 0.0000189 seconds
[2019-01-25T15:05:28.209+0000][1][safepoint    ] Application time: 0.0034160 seconds
[2019-01-25T15:05:28.210+0000][1][safepoint    ] Total time for which application threads were stopped: 0.0001059 seconds, Stopping threads took: 0.0000169 seconds
[2019-01-25T15:05:28.236+0000][1][safepoint    ] Application time: 0.0258832 seconds
[2019-01-25T15:05:28.237+0000][1][safepoint    ] Total time for which application threads were stopped: 0.0001051 seconds, Stopping threads took: 0.0000180 seconds
[2019-01-25T15:05:28.238+0000][1][safepoint    ] Application time: 0.0007896 seconds
[2019-01-25T15:05:28.240+0000][1][safepoint    ] Total time for which application threads were stopped: 0.0004219 seconds, Stopping threads took: 0.0001058 seconds
[2019-01-25T15:05:28.240+0000][1][safepoint    ] Application time: 0.0002090 seconds
[2019-01-25T15:05:28.243+0000][1][safepoint    ] Total time for which application threads were stopped: 0.0000822 seconds, Stopping threads took: 0.0000147 seconds
[2019-01-25T15:05:28.245+0000][1][safepoint    ] Application time: 0.0017345 seconds
[2019-01-25T15:05:28.246+0000][1][safepoint    ] Total time for which application threads were stopped: 0.0000865 seconds, Stopping threads took: 0.0000138 seconds
[2019-01-25T15:05:28.341+0000][1][safepoint    ] Application time: 0.0941354 seconds
[2019-01-25T15:05:28.341+0000][1][safepoint    ] Total time for which application threads were stopped: 0.0000928 seconds, Stopping threads took: 0.0000150 seconds
[2019-01-25T15:05:28.398+0000][1][safepoint    ] Application time: 0.0563400 seconds
[2019-01-25T15:05:28.398+0000][1][safepoint    ] Total time for which application threads were stopped: 0.0000750 seconds, Stopping threads took: 0.0000119 seconds
[2019-01-25T15:05:28.399+0000][1][safepoint    ] Application time: 0.0005446 seconds
[2019-01-25T15:05:28.400+0000][1][safepoint    ] Total time for which application threads were stopped: 0.0000879 seconds, Stopping threads took: 0.0000261 seconds
[2019-01-25T15:05:28.401+0000][1][safepoint    ] Application time: 0.0005912 seconds
[2019-01-25T15:05:28.401+0000][1][safepoint    ] Total time for which application threads were stopped: 0.0000691 seconds, Stopping threads took: 0.0000104 seconds
[2019-01-25T15:05:28.402+0000][1][safepoint    ] Application time: 0.0000806 seconds
[2019-01-25T15:05:28.402+0000][1][safepoint    ] Total time for which application threads were stopped: 0.0000585 seconds, Stopping threads took: 0.0000109 seconds
[2019-01-25T15:05:28.403+0000][1][safepoint    ] Application time: 0.0005526 seconds
[2019-01-25T15:05:28.403+0000][1][safepoint    ] Total time for which application threads were stopped: 0.0000981 seconds, Stopping threads took: 0.0000155 seconds
[2019-01-25T15:05:28.404+0000][1][safepoint    ] Application time: 0.0000686 seconds
[2019-01-25T15:05:28.404+0000][1][safepoint    ] Total time for which application threads were stopped: 0.0000851 seconds, Stopping threads took: 0.0000292 seconds
[2019-01-25T15:05:29.405+0000][1][safepoint    ] Application time: 1.0003258 seconds
[2019-01-25T15:05:29.406+0000][1][safepoint    ] Total time for which application threads were stopped: 0.0000966 seconds, Stopping threads took: 0.0000188 seconds
[2019-01-25T15:05:30.407+0000][1][safepoint    ] Application time: 1.0003512 seconds
[2019-01-25T15:05:30.410+0000][1][safepoint    ] Total time for which application threads were stopped: 0.0007438 seconds, Stopping threads took: 0.0004804 seconds
[2019-01-25T15:05:31.411+0000][1][safepoint    ] Application time: 1.0002144 seconds
[2019-01-25T15:05:31.412+0000][1][safepoint    ] Total time for which application threads were stopped: 0.0000537 seconds, Stopping threads took: 0.0000134 seconds
[2019-01-25T15:05:32.412+0000][1][safepoint    ] Application time: 1.0002485 seconds
[2019-01-25T15:05:32.415+0000][1][safepoint    ] Total time for which application threads were stopped: 0.0002661 seconds, Stopping threads took: 0.0000556 seconds
[2019-01-25T15:05:33.417+0000][1][safepoint    ] Application time: 1.0002400 seconds
[2019-01-25T15:05:33.417+0000][1][safepoint    ] Total time for which application threads were stopped: 0.0000952 seconds, Stopping threads took: 0.0000159 seconds
[2019-01-25T15:05:34.418+0000][1][safepoint    ] Application time: 1.0007266 seconds
[2019-01-25T15:05:34.420+0000][1][safepoint    ] Total time for which application threads were stopped: 0.0001530 seconds, Stopping threads took: 0.0000385 seconds
[2019-01-25T15:05:35.422+0000][1][safepoint    ] Application time: 1.0002209 seconds
[2019-01-25T15:05:35.422+0000][1][safepoint    ] Total time for which application threads were stopped: 0.0000847 seconds, Stopping threads took: 0.0000187 seconds
[2019-01-25T15:05:36.424+0000][1][safepoint    ] Application time: 1.0007841 seconds
[2019-01-25T15:05:36.424+0000][1][safepoint    ] Total time for which application threads were stopped: 0.0000602 seconds, Stopping threads took: 0.0000152 seconds
[2019-01-25T15:05:37.425+0000][1][safepoint    ] Application time: 1.0001017 seconds
[2019-01-25T15:05:37.428+0000][1][safepoint    ] Total time for which application threads were stopped: 0.0000580 seconds, Stopping threads took: 0.0000146 seconds
[2019-01-25T15:05:38.428+0000][1][safepoint    ] Application time: 1.0001330 seconds
[2019-01-25T15:05:38.429+0000][1][safepoint    ] Total time for which application threads were stopped: 0.0000607 seconds, Stopping threads took: 0.0000181 seconds
[2019-01-25T15:05:39.430+0000][1][safepoint    ] Application time: 1.0001525 seconds
[2019-01-25T15:05:39.430+0000][1][safepoint    ] Total time for which application threads were stopped: 0.0000532 seconds, Stopping threads took: 0.0000122 seconds
[2019-01-25T15:05:40.431+0000][1][safepoint    ] Application time: 1.0008175 seconds
[2019-01-25T15:05:40.433+0000][1][safepoint    ] Total time for which application threads were stopped: 0.0000884 seconds, Stopping threads took: 0.0000181 seconds
[2019-01-25T15:05:40.803+0000][1][safepoint    ] Application time: 0.3696003 seconds
[2019-01-25T15:05:40.804+0000][1][safepoint    ] Total time for which application threads were stopped: 0.0001563 seconds, Stopping threads took: 0.0000120 seconds
[2019-01-25T15:05:41.805+0000][1][safepoint    ] Application time: 1.0001509 seconds
[2019-01-25T15:05:41.805+0000][1][safepoint    ] Total time for which application threads were stopped: 0.0000985 seconds, Stopping threads took: 0.0000181 seconds
[2019-01-25T15:05:42.806+0000][1][safepoint    ] Application time: 1.0001848 seconds
[2019-01-25T15:05:42.806+0000][1][safepoint    ] Total time for which application threads were stopped: 0.0000512 seconds, Stopping threads took: 0.0000131 seconds
[2019-01-25T15:05:43.807+0000][1][safepoint    ] Application time: 1.0001062 seconds
[2019-01-25T15:05:43.808+0000][1][safepoint    ] Total time for which application threads were stopped: 0.0001322 seconds, Stopping threads took: 0.0000243 seconds
[2019-01-25T15:05:44.809+0000][1][safepoint    ] Application time: 1.0002853 seconds
[2019-01-25T15:05:44.809+0000][1][safepoint    ] Total time for which application threads were stopped: 0.0000696 seconds, Stopping threads took: 0.0000314 seconds
[2019-01-25T15:05:45.810+0000][1][safepoint    ] Application time: 1.0001283 seconds
[2019-01-25T15:05:45.811+0000][1][safepoint    ] Total time for which application threads were stopped: 0.0000740 seconds, Stopping threads took: 0.0000180 seconds
[2019-01-25T15:05:46.584+0000][1][safepoint    ] Application time: 0.7731098 seconds
[2019-01-25T15:05:46.585+0000][1][safepoint    ] Total time for which application threads were stopped: 0.0001269 seconds, Stopping threads took: 0.0000177 seconds
[2019-01-25T15:05:46.606+0000][1][safepoint    ] Application time: 0.0212136 seconds
[2019-01-25T15:05:46.607+0000][1][safepoint    ] Total time for which application threads were stopped: 0.0001893 seconds, Stopping threads took: 0.0000110 seconds
[2019-01-25T15:05:46.617+0000][1][safepoint    ] Application time: 0.0093577 seconds
[2019-01-25T15:05:46.617+0000][1][safepoint    ] Total time for which application threads were stopped: 0.0001196 seconds, Stopping threads took: 0.0000174 seconds
[2019-01-25T15:05:46.618+0000][1][safepoint    ] Application time: 0.0001622 seconds
[2019-01-25T15:05:46.618+0000][1][safepoint    ] Total time for which application threads were stopped: 0.0001019 seconds, Stopping threads took: 0.0000145 seconds
[2019-01-25T15:05:46.619+0000][1][safepoint    ] Application time: 0.0001314 seconds
[2019-01-25T15:05:46.619+0000][1][safepoint    ] Total time for which application threads were stopped: 0.0001438 seconds, Stopping threads took: 0.0000133 seconds
[2019-01-25T15:05:46.620+0000][1][safepoint    ] Application time: 0.0001000 seconds
[2019-01-25T15:05:46.620+0000][1][safepoint    ] Total time for which application threads were stopped: 0.0001206 seconds, Stopping threads took: 0.0000121 seconds
[2019-01-25T15:05:47.620+0000][1][safepoint    ] Application time: 1.0001206 seconds
[2019-01-25T15:05:47.624+0000][1][safepoint    ] Total time for which application threads were stopped: 0.0000624 seconds, Stopping threads took: 0.0000149 seconds
[2019-01-25T15:05:48.625+0000][1][safepoint    ] Application time: 1.0002287 seconds
[2019-01-25T15:05:48.625+0000][1][safepoint    ] Total time for which application threads were stopped: 0.0000622 seconds, Stopping threads took: 0.0000142 seconds
[2019-01-25T15:05:49.626+0000][1][safepoint    ] Application time: 1.0001653 seconds
[2019-01-25T15:05:49.627+0000][1][safepoint    ] Total time for which application threads were stopped: 0.0000889 seconds, Stopping threads took: 0.0000202 seconds
[2019-01-25T15:05:50.628+0000][1][safepoint    ] Application time: 1.0002203 seconds
[2019-01-25T15:05:50.629+0000][1][safepoint    ] Total time for which application threads were stopped: 0.0001115 seconds, Stopping threads took: 0.0000268 seconds
[2019-01-25T15:05:51.630+0000][1][safepoint    ] Application time: 1.0001967 seconds
[2019-01-25T15:05:51.631+0000][1][safepoint    ] Total time for which application threads were stopped: 0.0000556 seconds, Stopping threads took: 0.0000141 seconds
[2019-01-25T15:05:52.174+0000][1][safepoint    ] Application time: 0.5422820 seconds
[2019-01-25T15:05:52.174+0000][1][safepoint    ] Total time for which application threads were stopped: 0.0001069 seconds, Stopping threads took: 0.0000189 seconds
[2019-01-25T15:05:52.175+0000][1][safepoint    ] Application time: 0.0003234 seconds
[2019-01-25T15:05:52.176+0000][1][safepoint    ] Total time for which application threads were stopped: 0.0000959 seconds, Stopping threads took: 0.0000148 seconds
[2019-01-25T15:05:52.177+0000][1][safepoint    ] Application time: 0.0009118 seconds
[2019-01-25T15:05:52.177+0000][1][safepoint    ] Total time for which application threads were stopped: 0.0000990 seconds, Stopping threads took: 0.0000165 seconds
[2019-01-25T15:05:52.178+0000][1][safepoint    ] Application time: 0.0001189 seconds
[2019-01-25T15:05:52.178+0000][1][safepoint    ] Total time for which application threads were stopped: 0.0001000 seconds, Stopping threads took: 0.0000144 seconds
[2019-01-25T15:05:52.179+0000][1][safepoint    ] Application time: 0.0001667 seconds
[2019-01-25T15:05:52.180+0000][1][safepoint    ] Total time for which application threads were stopped: 0.0003077 seconds, Stopping threads took: 0.0000165 seconds
[2019-01-25T15:05:52.180+0000][1][safepoint    ] Application time: 0.0000936 seconds
[2019-01-25T15:05:52.181+0000][1][safepoint    ] Total time for which application threads were stopped: 0.0000965 seconds, Stopping threads took: 0.0000194 seconds
[2019-01-25T15:05:52.181+0000][1][safepoint    ] Application time: 0.0002045 seconds
[2019-01-25T15:05:52.182+0000][1][safepoint    ] Total time for which application threads were stopped: 0.0001140 seconds, Stopping threads took: 0.0000328 seconds
[2019-01-25T15:05:52.182+0000][1][safepoint    ] Application time: 0.0001444 seconds
[2019-01-25T15:05:52.183+0000][1][safepoint    ] Total time for which application threads were stopped: 0.0000948 seconds, Stopping threads took: 0.0000150 seconds
[2019-01-25T15:05:53.183+0000][1][safepoint    ] Application time: 1.0001917 seconds
[2019-01-25T15:05:53.185+0000][1][safepoint    ] Total time for which application threads were stopped: 0.0000549 seconds, Stopping threads took: 0.0000136 seconds
[2019-01-25T15:05:54.185+0000][1][safepoint    ] Application time: 1.0001325 seconds
[2019-01-25T15:05:54.186+0000][1][safepoint    ] Total time for which application threads were stopped: 0.0000768 seconds, Stopping threads took: 0.0000185 seconds
[2019-01-25T15:05:55.187+0000][1][safepoint    ] Application time: 1.0001835 seconds
[2019-01-25T15:05:55.188+0000][1][safepoint    ] Total time for which application threads were stopped: 0.0000662 seconds, Stopping threads took: 0.0000158 seconds
[2019-01-25T15:05:56.188+0000][1][safepoint    ] Application time: 1.0001353 seconds
[2019-01-25T15:05:56.189+0000][1][safepoint    ] Total time for which application threads were stopped: 0.0000805 seconds, Stopping threads took: 0.0000155 seconds
[2019-01-25T15:05:57.190+0000][1][safepoint    ] Application time: 1.0001207 seconds
[2019-01-25T15:05:57.190+0000][1][safepoint    ] Total time for which application threads were stopped: 0.0000775 seconds, Stopping threads took: 0.0000284 seconds
[2019-01-25T15:05:58.191+0000][1][safepoint    ] Application time: 1.0001499 seconds
[2019-01-25T15:05:58.192+0000][1][safepoint    ] Total time for which application threads were stopped: 0.0000816 seconds, Stopping threads took: 0.0000164 seconds
[2019-01-25T15:05:59.193+0000][1][safepoint    ] Application time: 1.0002946 seconds
[2019-01-25T15:05:59.194+0000][1][safepoint    ] Total time for which application threads were stopped: 0.0000983 seconds, Stopping threads took: 0.0000237 seconds
[2019-01-25T15:06:00.195+0000][1][safepoint    ] Application time: 1.0001253 seconds
[2019-01-25T15:06:00.195+0000][1][safepoint    ] Total time for which application threads were stopped: 0.0000516 seconds, Stopping threads took: 0.0000130 seconds
[2019-01-25T15:06:01.196+0000][1][safepoint    ] Application time: 1.0001680 seconds
[2019-01-25T15:06:01.197+0000][1][safepoint    ] Total time for which application threads were stopped: 0.0000628 seconds, Stopping threads took: 0.0000157 seconds
[2019-01-25T15:06:02.197+0000][1][safepoint    ] Application time: 1.0001301 seconds
[2019-01-25T15:06:02.198+0000][1][safepoint    ] Total time for which application threads were stopped: 0.0000722 seconds, Stopping threads took: 0.0000185 seconds
[2019-01-25T15:06:03.199+0000][1][safepoint    ] Application time: 1.0007443 seconds
[2019-01-25T15:06:03.199+0000][1][safepoint    ] Total time for which application threads were stopped: 0.0000536 seconds, Stopping threads took: 0.0000134 seconds
[2019-01-25T15:06:04.200+0000][1][safepoint    ] Application time: 1.0001780 seconds
[2019-01-25T15:06:04.201+0000][1][safepoint    ] Total time for which application threads were stopped: 0.0000716 seconds, Stopping threads took: 0.0000181 seconds
[2019-01-25T15:06:05.201+0000][1][safepoint    ] Application time: 1.0001600 seconds
[2019-01-25T15:06:05.202+0000][1][safepoint    ] Total time for which application threads were stopped: 0.0000680 seconds, Stopping threads took: 0.0000150 seconds
[2019-01-25T15:06:05.855+0000][1][safepoint    ] Application time: 0.6522481 seconds
[2019-01-25T15:06:05.856+0000][1][safepoint    ] Total time for which application threads were stopped: 0.0001066 seconds, Stopping threads took: 0.0000188 seconds
[2019-01-25T15:06:05.896+0000][1][safepoint    ] Application time: 0.0386361 seconds
[2019-01-25T15:06:05.898+0000][1][safepoint    ] Total time for which application threads were stopped: 0.0002208 seconds, Stopping threads took: 0.0000943 seconds
[2019-01-25T15:06:05.924+0000][1][safepoint    ] Application time: 0.0254923 seconds
[2019-01-25T15:06:05.937+0000][1][safepoint    ] Total time for which application threads were stopped: 0.0001072 seconds, Stopping threads took: 0.0000159 seconds
[2019-01-25T15:06:05.951+0000][1][safepoint    ] Application time: 0.0097537 seconds
[2019-01-25T15:06:05.956+0000][1][safepoint    ] Total time for which application threads were stopped: 0.0000715 seconds, Stopping threads took: 0.0000124 seconds
[2019-01-25T15:06:06.163+0000][1][safepoint    ] Application time: 0.2068217 seconds
[2019-01-25T15:06:06.164+0000][1][safepoint    ] Total time for which application threads were stopped: 0.0001544 seconds, Stopping threads took: 0.0000212 seconds
[2019-01-25T15:06:06.302+0000][1][safepoint    ] Application time: 0.1363006 seconds
[2019-01-25T15:06:06.308+0000][1][safepoint    ] Total time for which application threads were stopped: 0.0019917 seconds, Stopping threads took: 0.0007718 seconds
[2019-01-25T15:06:06.483+0000][1][safepoint    ] Application time: 0.1742182 seconds
[2019-01-25T15:06:06.491+0000][1][safepoint    ] Total time for which application threads were stopped: 0.0001860 seconds, Stopping threads took: 0.0000493 seconds
[2019-01-25T15:06:06.602+0000][1][safepoint    ] Application time: 0.1061134 seconds
[2019-01-25T15:06:06.606+0000][1][safepoint    ] Total time for which application threads were stopped: 0.0013820 seconds, Stopping threads took: 0.0000235 seconds
[2019-01-25T15:06:06.638+0000][1][safepoint    ] Application time: 0.0313286 seconds
[2019-01-25T15:06:06.639+0000][1][safepoint    ] Total time for which application threads were stopped: 0.0001307 seconds, Stopping threads took: 0.0000209 seconds
[2019-01-25T15:06:06.685+0000][1][safepoint    ] Application time: 0.0450198 seconds
[2019-01-25T15:06:06.687+0000][1][safepoint    ] Total time for which application threads were stopped: 0.0003351 seconds, Stopping threads took: 0.0000998 seconds
[2019-01-25T15:06:06.895+0000][1][safepoint    ] Application time: 0.2070692 seconds
[2019-01-25T15:06:06.896+0000][1][safepoint    ] Total time for which application threads were stopped: 0.0001521 seconds, Stopping threads took: 0.0000208 seconds
[2019-01-25T15:06:06.911+0000][1][safepoint    ] Application time: 0.0125404 seconds
[2019-01-25T15:06:06.912+0000][1][safepoint    ] Total time for which application threads were stopped: 0.0000972 seconds, Stopping threads took: 0.0000155 seconds
[2019-01-25T15:06:06.995+0000][1][safepoint    ] Application time: 0.0782910 seconds
[2019-01-25T15:06:06.999+0000][1][safepoint    ] Total time for which application threads were stopped: 0.0023776 seconds, Stopping threads took: 0.0000216 seconds
[2019-01-25T15:06:07.014+0000][1][safepoint    ] Application time: 0.0142501 seconds
[2019-01-25T15:06:07.015+0000][1][safepoint    ] Total time for which application threads were stopped: 0.0001207 seconds, Stopping threads took: 0.0000191 seconds
[2019-01-25T15:06:07.068+0000][1][safepoint    ] Application time: 0.0515157 seconds
[2019-01-25T15:06:07.069+0000][1][safepoint    ] Total time for which application threads were stopped: 0.0001262 seconds, Stopping threads took: 0.0000180 seconds
[2019-01-25T15:06:07.078+0000][1][safepoint    ] Application time: 0.0084216 seconds
[2019-01-25T15:06:07.079+0000][1][safepoint    ] Total time for which application threads were stopped: 0.0000767 seconds, Stopping threads took: 0.0000113 seconds
[2019-01-25T15:06:07.093+0000][1][safepoint    ] Application time: 0.0137732 seconds
[2019-01-25T15:06:07.093+0000][1][safepoint    ] Total time for which application threads were stopped: 0.0001181 seconds, Stopping threads took: 0.0000163 seconds
[2019-01-25T15:06:07.102+0000][1][safepoint    ] Application time: 0.0085567 seconds
[2019-01-25T15:06:07.105+0000][1][safepoint    ] Total time for which application threads were stopped: 0.0001209 seconds, Stopping threads took: 0.0000181 seconds
[2019-01-25T15:06:07.142+0000][1][safepoint    ] Application time: 0.0352847 seconds
[2019-01-25T15:06:07.144+0000][1][gc,start     ] GC(34) Pause Young (Allocation Failure)
[2019-01-25T15:06:07.144+0000][1][gc,task      ] GC(34) Using 2 workers of 2 for evacuation
[2019-01-25T15:06:07.148+0000][1][gc,age       ] GC(34) Desired survivor size 4456448 bytes, new threshold 6 (max threshold 6)
[2019-01-25T15:06:07.148+0000][1][gc,age       ] GC(34) Age table with threshold 6 (max threshold 6)
[2019-01-25T15:06:07.149+0000][1][gc,age       ] GC(34) - age   1:     549904 bytes,     549904 total
[2019-01-25T15:06:07.149+0000][1][gc,age       ] GC(34) - age   2:     244528 bytes,     794432 total
[2019-01-25T15:06:07.149+0000][1][gc,age       ] GC(34) - age   3:      36088 bytes,     830520 total
[2019-01-25T15:06:07.149+0000][1][gc,age       ] GC(34) - age   4:      29904 bytes,     860424 total
[2019-01-25T15:06:07.150+0000][1][gc,age       ] GC(34) - age   5:      14880 bytes,     875304 total
[2019-01-25T15:06:07.150+0000][1][gc,age       ] GC(34) - age   6:      52896 bytes,     928200 total
[2019-01-25T15:06:07.150+0000][1][gc,heap      ] GC(34) ParNew: 70914K->1270K(78656K)
[2019-01-25T15:06:07.150+0000][1][gc,heap      ] GC(34) CMS: 86839K->86907K(174784K)
[2019-01-25T15:06:07.151+0000][1][gc,metaspace ] GC(34) Metaspace: 71622K->71622K(1116160K)
[2019-01-25T15:06:07.151+0000][1][gc           ] GC(34) Pause Young (Allocation Failure) 154M->86M(247M) 7.062ms
[2019-01-25T15:06:07.151+0000][1][gc,cpu       ] GC(34) User=0.00s Sys=0.00s Real=0.01s
[2019-01-25T15:06:07.151+0000][1][safepoint    ] Total time for which application threads were stopped: 0.0081136 seconds, Stopping threads took: 0.0004998 seconds
[2019-01-25T15:06:07.154+0000][1][safepoint    ] Application time: 0.0025415 seconds
[2019-01-25T15:06:07.155+0000][1][safepoint    ] Total time for which application threads were stopped: 0.0002764 seconds, Stopping threads took: 0.0002030 seconds
[2019-01-25T15:06:07.429+0000][1][safepoint    ] Application time: 0.2737593 seconds
[2019-01-25T15:06:07.430+0000][1][safepoint    ] Total time for which application threads were stopped: 0.0002168 seconds, Stopping threads took: 0.0000090 seconds
[2019-01-25T15:06:07.643+0000][1][safepoint    ] Application time: 0.2128284 seconds
[2019-01-25T15:06:07.644+0000][1][safepoint    ] Total time for which application threads were stopped: 0.0005932 seconds, Stopping threads took: 0.0001292 seconds
[2019-01-25T15:06:07.647+0000][1][safepoint    ] Application time: 0.0025366 seconds
[2019-01-25T15:06:07.654+0000][1][safepoint    ] Total time for which application threads were stopped: 0.0056897 seconds, Stopping threads took: 0.0055695 seconds
[2019-01-25T15:06:07.870+0000][1][safepoint    ] Application time: 0.2156882 seconds
[2019-01-25T15:06:07.871+0000][1][safepoint    ] Total time for which application threads were stopped: 0.0000978 seconds, Stopping threads took: 0.0000178 seconds
[2019-01-25T15:06:07.871+0000][1][safepoint    ] Application time: 0.0000948 seconds
[2019-01-25T15:06:07.872+0000][1][safepoint    ] Total time for which application threads were stopped: 0.0001093 seconds, Stopping threads took: 0.0000167 seconds
[2019-01-25T15:06:07.872+0000][1][safepoint    ] Application time: 0.0000593 seconds
[2019-01-25T15:06:07.873+0000][1][safepoint    ] Total time for which application threads were stopped: 0.0000953 seconds, Stopping threads took: 0.0000168 seconds
[2019-01-25T15:06:07.873+0000][1][safepoint    ] Application time: 0.0000578 seconds
[2019-01-25T15:06:07.874+0000][1][safepoint    ] Total time for which application threads were stopped: 0.0003325 seconds, Stopping threads took: 0.0000192 seconds
[2019-01-25T15:06:07.919+0000][1][safepoint    ] Application time: 0.0441720 seconds
[2019-01-25T15:06:07.923+0000][1][safepoint    ] Total time for which application threads were stopped: 0.0002983 seconds, Stopping threads took: 0.0000194 seconds
[2019-01-25T15:06:07.924+0000][1][safepoint    ] Application time: 0.0002226 seconds
[2019-01-25T15:06:07.924+0000][1][safepoint    ] Total time for which application threads were stopped: 0.0000902 seconds, Stopping threads took: 0.0000162 seconds
[2019-01-25T15:06:07.925+0000][1][safepoint    ] Application time: 0.0001684 seconds
[2019-01-25T15:06:07.926+0000][1][safepoint    ] Total time for which application threads were stopped: 0.0002176 seconds, Stopping threads took: 0.0000158 seconds
[2019-01-25T15:06:07.926+0000][1][safepoint    ] Application time: 0.0001026 seconds
[2019-01-25T15:06:07.927+0000][1][safepoint    ] Total time for which application threads were stopped: 0.0000953 seconds, Stopping threads took: 0.0000155 seconds
[2019-01-25T15:06:07.929+0000][1][safepoint    ] Application time: 0.0007401 seconds
[2019-01-25T15:06:07.931+0000][1][safepoint    ] Total time for which application threads were stopped: 0.0000947 seconds, Stopping threads took: 0.0000173 seconds
[2019-01-25T15:06:07.935+0000][1][safepoint    ] Application time: 0.0001075 seconds
[2019-01-25T15:06:07.936+0000][1][safepoint    ] Total time for which application threads were stopped: 0.0000983 seconds, Stopping threads took: 0.0000162 seconds
[2019-01-25T15:06:07.937+0000][1][safepoint    ] Application time: 0.0011362 seconds
[2019-01-25T15:06:07.942+0000][1][safepoint    ] Total time for which application threads were stopped: 0.0000943 seconds, Stopping threads took: 0.0000162 seconds
[2019-01-25T15:06:07.943+0000][1][safepoint    ] Application time: 0.0000860 seconds
[2019-01-25T15:06:07.945+0000][1][safepoint    ] Total time for which application threads were stopped: 0.0008417 seconds, Stopping threads took: 0.0000187 seconds
[2019-01-25T15:06:07.946+0000][1][safepoint    ] Application time: 0.0001679 seconds
[2019-01-25T15:06:07.947+0000][1][safepoint    ] Total time for which application threads were stopped: 0.0001090 seconds, Stopping threads took: 0.0000160 seconds
[2019-01-25T15:06:08.948+0000][1][safepoint    ] Application time: 1.0002424 seconds
[2019-01-25T15:06:08.948+0000][1][safepoint    ] Total time for which application threads were stopped: 0.0000764 seconds, Stopping threads took: 0.0000204 seconds
[2019-01-25T15:06:09.951+0000][1][safepoint    ] Application time: 1.0001222 seconds
[2019-01-25T15:06:09.952+0000][1][safepoint    ] Total time for which application threads were stopped: 0.0000528 seconds, Stopping threads took: 0.0000132 seconds
[2019-01-25T15:06:10.953+0000][1][safepoint    ] Application time: 1.0001201 seconds
[2019-01-25T15:06:10.954+0000][1][safepoint    ] Total time for which application threads were stopped: 0.0001049 seconds, Stopping threads took: 0.0000210 seconds
[2019-01-25T15:06:11.955+0000][1][safepoint    ] Application time: 1.0001607 seconds
[2019-01-25T15:06:11.955+0000][1][safepoint    ] Total time for which application threads were stopped: 0.0000758 seconds, Stopping threads took: 0.0000213 seconds
[2019-01-25T15:06:12.956+0000][1][safepoint    ] Application time: 1.0001565 seconds
[2019-01-25T15:06:12.957+0000][1][safepoint    ] Total time for which application threads were stopped: 0.0000809 seconds, Stopping threads took: 0.0000177 seconds
[2019-01-25T15:06:13.957+0000][1][safepoint    ] Application time: 1.0001845 seconds
[2019-01-25T15:06:13.958+0000][1][safepoint    ] Total time for which application threads were stopped: 0.0000744 seconds, Stopping threads took: 0.0000173 seconds
[2019-01-25T15:06:14.959+0000][1][safepoint    ] Application time: 1.0001325 seconds
[2019-01-25T15:06:14.959+0000][1][safepoint    ] Total time for which application threads were stopped: 0.0001037 seconds, Stopping threads took: 0.0000433 seconds
[2019-01-25T15:06:15.960+0000][1][safepoint    ] Application time: 1.0002721 seconds
[2019-01-25T15:06:15.961+0000][1][safepoint    ] Total time for which application threads were stopped: 0.0001016 seconds, Stopping threads took: 0.0000260 seconds
[2019-01-25T15:06:16.963+0000][1][safepoint    ] Application time: 1.0002257 seconds
[2019-01-25T15:06:16.964+0000][1][safepoint    ] Total time for which application threads were stopped: 0.0007140 seconds, Stopping threads took: 0.0000200 seconds
[2019-01-25T15:06:17.966+0000][1][safepoint    ] Application time: 1.0001047 seconds
[2019-01-25T15:06:17.966+0000][1][safepoint    ] Total time for which application threads were stopped: 0.0000533 seconds, Stopping threads took: 0.0000135 seconds
[2019-01-25T15:06:18.967+0000][1][safepoint    ] Application time: 1.0000970 seconds
[2019-01-25T15:06:18.967+0000][1][safepoint    ] Total time for which application threads were stopped: 0.0000542 seconds, Stopping threads took: 0.0000148 seconds
[2019-01-25T15:06:19.968+0000][1][safepoint    ] Application time: 1.0001181 seconds
[2019-01-25T15:06:19.968+0000][1][safepoint    ] Total time for which application threads were stopped: 0.0000808 seconds, Stopping threads took: 0.0000166 seconds
[2019-01-25T15:06:20.969+0000][1][safepoint    ] Application time: 1.0001265 seconds
[2019-01-25T15:06:20.969+0000][1][safepoint    ] Total time for which application threads were stopped: 0.0000529 seconds, Stopping threads took: 0.0000136 seconds
[2019-01-25T15:06:21.970+0000][1][safepoint    ] Application time: 1.0002089 seconds
[2019-01-25T15:06:21.971+0000][1][safepoint    ] Total time for which application threads were stopped: 0.0001661 seconds, Stopping threads took: 0.0000346 seconds
[2019-01-25T15:06:22.184+0000][1][safepoint    ] Application time: 0.2123332 seconds
[2019-01-25T15:06:22.186+0000][1][safepoint    ] Total time for which application threads were stopped: 0.0001700 seconds, Stopping threads took: 0.0000175 seconds
[2019-01-25T15:06:22.187+0000][1][safepoint    ] Application time: 0.0003699 seconds
[2019-01-25T15:06:22.187+0000][1][safepoint    ] Total time for which application threads were stopped: 0.0001005 seconds, Stopping threads took: 0.0000187 seconds
[2019-01-25T15:06:23.188+0000][1][safepoint    ] Application time: 1.0001799 seconds
[2019-01-25T15:06:23.189+0000][1][safepoint    ] Total time for which application threads were stopped: 0.0000857 seconds, Stopping threads took: 0.0000182 seconds
[2019-01-25T15:06:24.191+0000][1][safepoint    ] Application time: 1.0003495 seconds
[2019-01-25T15:06:24.192+0000][1][safepoint    ] Total time for which application threads were stopped: 0.0000813 seconds, Stopping threads took: 0.0000193 seconds
[2019-01-25T15:06:25.192+0000][1][safepoint    ] Application time: 1.0001553 seconds
[2019-01-25T15:06:25.193+0000][1][safepoint    ] Total time for which application threads were stopped: 0.0000828 seconds, Stopping threads took: 0.0000187 seconds
[2019-01-25T15:06:26.193+0000][1][safepoint    ] Application time: 1.0001154 seconds
[2019-01-25T15:06:26.194+0000][1][safepoint    ] Total time for which application threads were stopped: 0.0000793 seconds, Stopping threads took: 0.0000170 seconds
[2019-01-25T15:06:27.195+0000][1][safepoint    ] Application time: 1.0002886 seconds
[2019-01-25T15:06:27.195+0000][1][safepoint    ] Total time for which application threads were stopped: 0.0000660 seconds, Stopping threads took: 0.0000141 seconds
[2019-01-25T15:06:27.781+0000][1][safepoint    ] Application time: 0.5847754 seconds
[2019-01-25T15:06:27.782+0000][1][safepoint    ] Total time for which application threads were stopped: 0.0002161 seconds, Stopping threads took: 0.0000107 seconds
[2019-01-25T15:06:28.782+0000][1][safepoint    ] Application time: 1.0001383 seconds
[2019-01-25T15:06:28.783+0000][1][safepoint    ] Total time for which application threads were stopped: 0.0000567 seconds, Stopping threads took: 0.0000132 seconds
[2019-01-25T15:06:29.783+0000][1][safepoint    ] Application time: 1.0001076 seconds
[2019-01-25T15:06:29.786+0000][1][safepoint    ] Total time for which application threads were stopped: 0.0000809 seconds, Stopping threads took: 0.0000183 seconds
[2019-01-25T15:06:30.792+0000][1][safepoint    ] Application time: 1.0001841 seconds
[2019-01-25T15:06:30.792+0000][1][safepoint    ] Total time for which application threads were stopped: 0.0000928 seconds, Stopping threads took: 0.0000202 seconds
[2019-01-25T15:06:31.794+0000][1][safepoint    ] Application time: 1.0007498 seconds
[2019-01-25T15:06:31.796+0000][1][safepoint    ] Total time for which application threads were stopped: 0.0000972 seconds, Stopping threads took: 0.0000197 seconds
[2019-01-25T15:06:32.797+0000][1][safepoint    ] Application time: 1.0001635 seconds
[2019-01-25T15:06:32.798+0000][1][safepoint    ] Total time for which application threads were stopped: 0.0001117 seconds, Stopping threads took: 0.0000198 seconds
[2019-01-25T15:06:33.798+0000][1][safepoint    ] Application time: 1.0001662 seconds
[2019-01-25T15:06:33.799+0000][1][safepoint    ] Total time for which application threads were stopped: 0.0004863 seconds, Stopping threads took: 0.0000187 seconds
[2019-01-25T15:06:34.800+0000][1][safepoint    ] Application time: 1.0005740 seconds
[2019-01-25T15:06:34.801+0000][1][safepoint    ] Total time for which application threads were stopped: 0.0001083 seconds, Stopping threads took: 0.0000329 seconds
[2019-01-25T15:06:35.802+0000][1][safepoint    ] Application time: 1.0001314 seconds
[2019-01-25T15:06:35.803+0000][1][safepoint    ] Total time for which application threads were stopped: 0.0000786 seconds, Stopping threads took: 0.0000136 seconds
[2019-01-25T15:06:35.911+0000][1][safepoint    ] Application time: 0.1064140 seconds
[2019-01-25T15:06:35.912+0000][1][safepoint    ] Total time for which application threads were stopped: 0.0002033 seconds, Stopping threads took: 0.0000200 seconds
[2019-01-25T15:06:35.914+0000][1][safepoint    ] Application time: 0.0008832 seconds
[2019-01-25T15:06:35.917+0000][1][safepoint    ] Total time for which application threads were stopped: 0.0000969 seconds, Stopping threads took: 0.0000177 seconds
[2019-01-25T15:06:35.918+0000][1][safepoint    ] Application time: 0.0003247 seconds
[2019-01-25T15:06:35.919+0000][1][safepoint    ] Total time for which application threads were stopped: 0.0001811 seconds, Stopping threads took: 0.0000184 seconds
[2019-01-25T15:06:35.921+0000][1][safepoint    ] Application time: 0.0012892 seconds
[2019-01-25T15:06:35.922+0000][1][safepoint    ] Total time for which application threads were stopped: 0.0001001 seconds, Stopping threads took: 0.0000205 seconds
[2019-01-25T15:06:35.923+0000][1][safepoint    ] Application time: 0.0002797 seconds
[2019-01-25T15:06:35.925+0000][1][safepoint    ] Total time for which application threads were stopped: 0.0004698 seconds, Stopping threads took: 0.0000175 seconds
[2019-01-25T15:06:35.927+0000][1][safepoint    ] Application time: 0.0008217 seconds
[2019-01-25T15:06:35.928+0000][1][safepoint    ] Total time for which application threads were stopped: 0.0002480 seconds, Stopping threads took: 0.0000181 seconds
[2019-01-25T15:06:36.929+0000][1][safepoint    ] Application time: 1.0003412 seconds
[2019-01-25T15:06:36.931+0000][1][safepoint    ] Total time for which application threads were stopped: 0.0002420 seconds, Stopping threads took: 0.0000494 seconds
[2019-01-25T15:06:37.577+0000][1][safepoint    ] Application time: 0.6444556 seconds
[2019-01-25T15:06:37.579+0000][1][safepoint    ] Total time for which application threads were stopped: 0.0001713 seconds, Stopping threads took: 0.0000192 seconds
[2019-01-25T15:06:37.586+0000][1][safepoint    ] Application time: 0.0055038 seconds
[2019-01-25T15:06:37.591+0000][1][safepoint    ] Total time for which application threads were stopped: 0.0000749 seconds, Stopping threads took: 0.0000143 seconds
[2019-01-25T15:06:37.593+0000][1][safepoint    ] Application time: 0.0014246 seconds
[2019-01-25T15:06:37.595+0000][1][safepoint    ] Total time for which application threads were stopped: 0.0001259 seconds, Stopping threads took: 0.0000153 seconds
[2019-01-25T15:06:37.755+0000][1][safepoint    ] Application time: 0.1581351 seconds
[2019-01-25T15:06:37.757+0000][1][safepoint    ] Total time for which application threads were stopped: 0.0000936 seconds, Stopping threads took: 0.0000174 seconds
[2019-01-25T15:06:37.765+0000][1][safepoint    ] Application time: 0.0055784 seconds
[2019-01-25T15:06:37.766+0000][1][safepoint    ] Total time for which application threads were stopped: 0.0001291 seconds, Stopping threads took: 0.0000161 seconds
[2019-01-25T15:06:37.788+0000][1][safepoint    ] Application time: 0.0214397 seconds
[2019-01-25T15:06:37.789+0000][1][safepoint    ] Total time for which application threads were stopped: 0.0001709 seconds, Stopping threads took: 0.0000809 seconds
[2019-01-25T15:06:37.790+0000][1][safepoint    ] Application time: 0.0002433 seconds
[2019-01-25T15:06:37.791+0000][1][safepoint    ] Total time for which application threads were stopped: 0.0001456 seconds, Stopping threads took: 0.0000685 seconds
[2019-01-25T15:06:37.795+0000][1][safepoint    ] Application time: 0.0033374 seconds
[2019-01-25T15:06:37.798+0000][1][safepoint    ] Total time for which application threads were stopped: 0.0019793 seconds, Stopping threads took: 0.0008561 seconds
[2019-01-25T15:06:37.958+0000][1][safepoint    ] Application time: 0.1595233 seconds
[2019-01-25T15:06:37.959+0000][1][safepoint    ] Total time for which application threads were stopped: 0.0000936 seconds, Stopping threads took: 0.0000161 seconds
[2019-01-25T15:06:37.959+0000][1][safepoint    ] Application time: 0.0001265 seconds
[2019-01-25T15:06:37.960+0000][1][safepoint    ] Total time for which application threads were stopped: 0.0000976 seconds, Stopping threads took: 0.0000181 seconds
[2019-01-25T15:06:37.965+0000][1][safepoint    ] Application time: 0.0048165 seconds
[2019-01-25T15:06:37.965+0000][1][safepoint    ] Total time for which application threads were stopped: 0.0000727 seconds, Stopping threads took: 0.0000133 seconds
[2019-01-25T15:06:37.999+0000][1][safepoint    ] Application time: 0.0333691 seconds
[2019-01-25T15:06:38.000+0000][1][safepoint    ] Total time for which application threads were stopped: 0.0001167 seconds, Stopping threads took: 0.0000175 seconds
[2019-01-25T15:06:38.001+0000][1][safepoint    ] Application time: 0.0002517 seconds
[2019-01-25T15:06:38.001+0000][1][safepoint    ] Total time for which application threads were stopped: 0.0000983 seconds, Stopping threads took: 0.0000152 seconds
[2019-01-25T15:06:38.002+0000][1][safepoint    ] Application time: 0.0002039 seconds
[2019-01-25T15:06:38.002+0000][1][safepoint    ] Total time for which application threads were stopped: 0.0001050 seconds, Stopping threads took: 0.0000144 seconds
[2019-01-25T15:06:38.005+0000][1][safepoint    ] Application time: 0.0022743 seconds
[2019-01-25T15:06:38.006+0000][1][safepoint    ] Total time for which application threads were stopped: 0.0001112 seconds, Stopping threads took: 0.0000160 seconds
[2019-01-25T15:06:38.111+0000][1][safepoint    ] Application time: 0.1049278 seconds
[2019-01-25T15:06:38.112+0000][1][safepoint    ] Total time for which application threads were stopped: 0.0001052 seconds, Stopping threads took: 0.0000163 seconds
[2019-01-25T15:06:38.233+0000][1][safepoint    ] Application time: 0.1209508 seconds
[2019-01-25T15:06:38.234+0000][1][safepoint    ] Total time for which application threads were stopped: 0.0001229 seconds, Stopping threads took: 0.0000175 seconds
[2019-01-25T15:06:38.236+0000][1][safepoint    ] Application time: 0.0008717 seconds
[2019-01-25T15:06:38.238+0000][1][safepoint    ] Total time for which application threads were stopped: 0.0000998 seconds, Stopping threads took: 0.0000184 seconds
[2019-01-25T15:06:39.245+0000][1][safepoint    ] Application time: 1.0001362 seconds
[2019-01-25T15:06:39.248+0000][1][safepoint    ] Total time for which application threads were stopped: 0.0027799 seconds, Stopping threads took: 0.0027324 seconds
[2019-01-25T15:06:40.249+0000][1][safepoint    ] Application time: 1.0001405 seconds
[2019-01-25T15:06:40.252+0000][1][safepoint    ] Total time for which application threads were stopped: 0.0028243 seconds, Stopping threads took: 0.0027792 seconds
[2019-01-25T15:06:41.253+0000][1][safepoint    ] Application time: 1.0001165 seconds
[2019-01-25T15:06:41.253+0000][1][safepoint    ] Total time for which application threads were stopped: 0.0000726 seconds, Stopping threads took: 0.0000131 seconds
[2019-01-25T15:06:42.254+0000][1][safepoint    ] Application time: 1.0001420 seconds
[2019-01-25T15:06:42.254+0000][1][safepoint    ] Total time for which application threads were stopped: 0.0000509 seconds, Stopping threads took: 0.0000125 seconds
[2019-01-25T15:06:43.255+0000][1][safepoint    ] Application time: 1.0001188 seconds
[2019-01-25T15:06:43.255+0000][1][safepoint    ] Total time for which application threads were stopped: 0.0000583 seconds, Stopping threads took: 0.0000126 seconds
[2019-01-25T15:06:44.256+0000][1][safepoint    ] Application time: 1.0001156 seconds
[2019-01-25T15:06:44.256+0000][1][safepoint    ] Total time for which application threads were stopped: 0.0000953 seconds, Stopping threads took: 0.0000172 seconds
[2019-01-25T15:06:45.257+0000][1][safepoint    ] Application time: 1.0001220 seconds
[2019-01-25T15:06:45.258+0000][1][safepoint    ] Total time for which application threads were stopped: 0.0000705 seconds, Stopping threads took: 0.0000300 seconds
[2019-01-25T15:06:46.258+0000][1][safepoint    ] Application time: 1.0001617 seconds
[2019-01-25T15:06:46.259+0000][1][safepoint    ] Total time for which application threads were stopped: 0.0000521 seconds, Stopping threads took: 0.0000129 seconds
[2019-01-25T15:06:47.259+0000][1][safepoint    ] Application time: 1.0001160 seconds
[2019-01-25T15:06:47.259+0000][1][safepoint    ] Total time for which application threads were stopped: 0.0000501 seconds, Stopping threads took: 0.0000131 seconds
[2019-01-25T15:06:48.260+0000][1][safepoint    ] Application time: 1.0001231 seconds
[2019-01-25T15:06:48.261+0000][1][safepoint    ] Total time for which application threads were stopped: 0.0005156 seconds, Stopping threads took: 0.0000649 seconds
[2019-01-25T15:06:49.263+0000][1][safepoint    ] Application time: 1.0004256 seconds
[2019-01-25T15:06:49.263+0000][1][safepoint    ] Total time for which application threads were stopped: 0.0000574 seconds, Stopping threads took: 0.0000148 seconds
[2019-01-25T15:06:50.264+0000][1][safepoint    ] Application time: 1.0001323 seconds
[2019-01-25T15:06:50.265+0000][1][safepoint    ] Total time for which application threads were stopped: 0.0000778 seconds, Stopping threads took: 0.0000210 seconds
[2019-01-25T15:06:51.266+0000][1][safepoint    ] Application time: 1.0001570 seconds
[2019-01-25T15:06:51.266+0000][1][safepoint    ] Total time for which application threads were stopped: 0.0001056 seconds, Stopping threads took: 0.0000169 seconds
[2019-01-25T15:06:52.267+0000][1][safepoint    ] Application time: 1.0003897 seconds
[2019-01-25T15:06:52.276+0000][1][safepoint    ] Total time for which application threads were stopped: 0.0001852 seconds, Stopping threads took: 0.0000349 seconds
[2019-01-25T15:06:53.277+0000][1][safepoint    ] Application time: 1.0001492 seconds
[2019-01-25T15:06:53.278+0000][1][safepoint    ] Total time for which application threads were stopped: 0.0000928 seconds, Stopping threads took: 0.0000177 seconds
[2019-01-25T15:06:54.282+0000][1][safepoint    ] Application time: 1.0001587 seconds
[2019-01-25T15:06:54.282+0000][1][safepoint    ] Total time for which application threads were stopped: 0.0001121 seconds, Stopping threads took: 0.0000455 seconds
[2019-01-25T15:06:55.283+0000][1][safepoint    ] Application time: 1.0001342 seconds
[2019-01-25T15:06:55.284+0000][1][safepoint    ] Total time for which application threads were stopped: 0.0000520 seconds, Stopping threads took: 0.0000129 seconds
[2019-01-25T15:06:55.871+0000][1][safepoint    ] Application time: 0.5869055 seconds
[2019-01-25T15:06:55.874+0000][1][safepoint    ] Total time for which application threads were stopped: 0.0001752 seconds, Stopping threads took: 0.0000203 seconds
[2019-01-25T15:06:55.897+0000][1][safepoint    ] Application time: 0.0227062 seconds
[2019-01-25T15:06:55.898+0000][1][safepoint    ] Total time for which application threads were stopped: 0.0003526 seconds, Stopping threads took: 0.0000116 seconds
[2019-01-25T15:06:55.906+0000][1][safepoint    ] Application time: 0.0072028 seconds
[2019-01-25T15:06:55.910+0000][1][safepoint    ] Total time for which application threads were stopped: 0.0014737 seconds, Stopping threads took: 0.0001592 seconds
[2019-01-25T15:06:55.933+0000][1][safepoint    ] Application time: 0.0227059 seconds
[2019-01-25T15:06:55.934+0000][1][safepoint    ] Total time for which application threads were stopped: 0.0000773 seconds, Stopping threads took: 0.0000131 seconds
[2019-01-25T15:06:55.950+0000][1][safepoint    ] Application time: 0.0154940 seconds
[2019-01-25T15:06:55.951+0000][1][safepoint    ] Total time for which application threads were stopped: 0.0001099 seconds, Stopping threads took: 0.0000165 seconds
[2019-01-25T15:06:56.951+0000][1][safepoint    ] Application time: 1.0001348 seconds
[2019-01-25T15:06:56.952+0000][1][safepoint    ] Total time for which application threads were stopped: 0.0000992 seconds, Stopping threads took: 0.0000141 seconds
[2019-01-25T15:06:57.816+0000][1][safepoint    ] Application time: 0.8635122 seconds
[2019-01-25T15:06:57.817+0000][1][safepoint    ] Total time for which application threads were stopped: 0.0001102 seconds, Stopping threads took: 0.0000178 seconds
[2019-01-25T15:06:58.818+0000][1][safepoint    ] Application time: 1.0001458 seconds
[2019-01-25T15:06:58.819+0000][1][safepoint    ] Total time for which application threads were stopped: 0.0000866 seconds, Stopping threads took: 0.0000196 seconds
[2019-01-25T15:06:59.819+0000][1][safepoint    ] Application time: 1.0000980 seconds
[2019-01-25T15:06:59.820+0000][1][safepoint    ] Total time for which application threads were stopped: 0.0000773 seconds, Stopping threads took: 0.0000131 seconds
[2019-01-25T15:07:00.821+0000][1][safepoint    ] Application time: 1.0000988 seconds
[2019-01-25T15:07:00.822+0000][1][safepoint    ] Total time for which application threads were stopped: 0.0000791 seconds, Stopping threads took: 0.0000166 seconds
[2019-01-25T15:07:01.822+0000][1][safepoint    ] Application time: 1.0001572 seconds
[2019-01-25T15:07:01.824+0000][1][safepoint    ] Total time for which application threads were stopped: 0.0000963 seconds, Stopping threads took: 0.0000150 seconds
[2019-01-25T15:07:02.825+0000][1][safepoint    ] Application time: 1.0001201 seconds
[2019-01-25T15:07:02.828+0000][1][safepoint    ] Total time for which application threads were stopped: 0.0000589 seconds, Stopping threads took: 0.0000138 seconds
[2019-01-25T15:07:03.829+0000][1][safepoint    ] Application time: 1.0001442 seconds
[2019-01-25T15:07:03.830+0000][1][safepoint    ] Total time for which application threads were stopped: 0.0000669 seconds, Stopping threads took: 0.0000162 seconds
[2019-01-25T15:07:04.830+0000][1][safepoint    ] Application time: 1.0001183 seconds
[2019-01-25T15:07:04.831+0000][1][safepoint    ] Total time for which application threads were stopped: 0.0000949 seconds, Stopping threads took: 0.0000219 seconds
[2019-01-25T15:07:05.832+0000][1][safepoint    ] Application time: 1.0002514 seconds
[2019-01-25T15:07:05.833+0000][1][safepoint    ] Total time for which application threads were stopped: 0.0000935 seconds, Stopping threads took: 0.0000196 seconds
[2019-01-25T15:07:05.936+0000][1][safepoint    ] Application time: 0.1021056 seconds
[2019-01-25T15:07:05.938+0000][1][safepoint    ] Total time for which application threads were stopped: 0.0003449 seconds, Stopping threads took: 0.0001691 seconds
[2019-01-25T15:07:05.960+0000][1][safepoint    ] Application time: 0.0219770 seconds
[2019-01-25T15:07:05.961+0000][1][safepoint    ] Total time for which application threads were stopped: 0.0002432 seconds, Stopping threads took: 0.0000173 seconds
[2019-01-25T15:07:06.962+0000][1][safepoint    ] Application time: 1.0002115 seconds
[2019-01-25T15:07:06.962+0000][1][safepoint    ] Total time for which application threads were stopped: 0.0000605 seconds, Stopping threads took: 0.0000140 seconds
[2019-01-25T15:07:07.963+0000][1][safepoint    ] Application time: 1.0001418 seconds
[2019-01-25T15:07:07.963+0000][1][safepoint    ] Total time for which application threads were stopped: 0.0000966 seconds, Stopping threads took: 0.0000190 seconds
[2019-01-25T15:07:08.964+0000][1][safepoint    ] Application time: 1.0003799 seconds
[2019-01-25T15:07:08.965+0000][1][safepoint    ] Total time for which application threads were stopped: 0.0001506 seconds, Stopping threads took: 0.0000206 seconds
[2019-01-25T15:07:09.136+0000][1][safepoint    ] Application time: 0.1709290 seconds
[2019-01-25T15:07:09.140+0000][1][safepoint    ] Total time for which application threads were stopped: 0.0001681 seconds, Stopping threads took: 0.0000204 seconds
[2019-01-25T15:07:09.150+0000][1][safepoint    ] Application time: 0.0086873 seconds
[2019-01-25T15:07:09.154+0000][1][safepoint    ] Total time for which application threads were stopped: 0.0001295 seconds, Stopping threads took: 0.0000319 seconds
[2019-01-25T15:07:10.157+0000][1][safepoint    ] Application time: 1.0001672 seconds
[2019-01-25T15:07:10.158+0000][1][safepoint    ] Total time for which application threads were stopped: 0.0000664 seconds, Stopping threads took: 0.0000159 seconds
[2019-01-25T15:07:11.158+0000][1][safepoint    ] Application time: 1.0001068 seconds
[2019-01-25T15:07:11.159+0000][1][safepoint    ] Total time for which application threads were stopped: 0.0001008 seconds, Stopping threads took: 0.0000183 seconds
[2019-01-25T15:07:12.159+0000][1][safepoint    ] Application time: 1.0001231 seconds
[2019-01-25T15:07:12.160+0000][1][safepoint    ] Total time for which application threads were stopped: 0.0000598 seconds, Stopping threads took: 0.0000133 seconds
[2019-01-25T15:07:13.160+0000][1][safepoint    ] Application time: 1.0002300 seconds
[2019-01-25T15:07:13.162+0000][1][safepoint    ] Total time for which application threads were stopped: 0.0001463 seconds, Stopping threads took: 0.0000340 seconds
[2019-01-25T15:07:14.163+0000][1][safepoint    ] Application time: 1.0001440 seconds
[2019-01-25T15:07:14.164+0000][1][safepoint    ] Total time for which application threads were stopped: 0.0000857 seconds, Stopping threads took: 0.0000193 seconds
[2019-01-25T15:07:15.165+0000][1][safepoint    ] Application time: 1.0001282 seconds
[2019-01-25T15:07:15.166+0000][1][safepoint    ] Total time for which application threads were stopped: 0.0001043 seconds, Stopping threads took: 0.0000180 seconds
[2019-01-25T15:07:16.166+0000][1][safepoint    ] Application time: 1.0003587 seconds
[2019-01-25T15:07:16.170+0000][1][safepoint    ] Total time for which application threads were stopped: 0.0027382 seconds, Stopping threads took: 0.0026779 seconds
[2019-01-25T15:07:17.170+0000][1][safepoint    ] Application time: 1.0001174 seconds
[2019-01-25T15:07:17.171+0000][1][safepoint    ] Total time for which application threads were stopped: 0.0001086 seconds, Stopping threads took: 0.0000198 seconds
[2019-01-25T15:07:18.171+0000][1][safepoint    ] Application time: 1.0001354 seconds
[2019-01-25T15:07:18.172+0000][1][safepoint    ] Total time for which application threads were stopped: 0.0000889 seconds, Stopping threads took: 0.0000177 seconds
[2019-01-25T15:07:19.172+0000][1][safepoint    ] Application time: 1.0001026 seconds
[2019-01-25T15:07:19.173+0000][1][safepoint    ] Total time for which application threads were stopped: 0.0000581 seconds, Stopping threads took: 0.0000144 seconds
[2019-01-25T15:07:20.176+0000][1][safepoint    ] Application time: 1.0032052 seconds
[2019-01-25T15:07:20.179+0000][1][safepoint    ] Total time for which application threads were stopped: 0.0000897 seconds, Stopping threads took: 0.0000210 seconds
[2019-01-25T15:07:21.181+0000][1][safepoint    ] Application time: 1.0001157 seconds
[2019-01-25T15:07:21.182+0000][1][safepoint    ] Total time for which application threads were stopped: 0.0001511 seconds, Stopping threads took: 0.0000180 seconds
[2019-01-25T15:07:22.183+0000][1][safepoint    ] Application time: 1.0001525 seconds
[2019-01-25T15:07:22.183+0000][1][safepoint    ] Total time for which application threads were stopped: 0.0000590 seconds, Stopping threads took: 0.0000150 seconds
[2019-01-25T15:07:23.184+0000][1][safepoint    ] Application time: 1.0001478 seconds
[2019-01-25T15:07:23.184+0000][1][safepoint    ] Total time for which application threads were stopped: 0.0000612 seconds, Stopping threads took: 0.0000140 seconds
[2019-01-25T15:07:24.185+0000][1][safepoint    ] Application time: 1.0001144 seconds
[2019-01-25T15:07:24.185+0000][1][safepoint    ] Total time for which application threads were stopped: 0.0000832 seconds, Stopping threads took: 0.0000209 seconds
[2019-01-25T15:07:25.186+0000][1][safepoint    ] Application time: 1.0001391 seconds
[2019-01-25T15:07:25.187+0000][1][safepoint    ] Total time for which application threads were stopped: 0.0000838 seconds, Stopping threads took: 0.0000173 seconds
[2019-01-25T15:07:26.188+0000][1][safepoint    ] Application time: 1.0001356 seconds
[2019-01-25T15:07:26.191+0000][1][safepoint    ] Total time for which application threads were stopped: 0.0001007 seconds, Stopping threads took: 0.0000182 seconds
[2019-01-25T15:07:27.191+0000][1][safepoint    ] Application time: 1.0001244 seconds
[2019-01-25T15:07:27.192+0000][1][safepoint    ] Total time for which application threads were stopped: 0.0000967 seconds, Stopping threads took: 0.0000142 seconds
[2019-01-25T15:07:28.193+0000][1][safepoint    ] Application time: 1.0001164 seconds
[2019-01-25T15:07:28.193+0000][1][safepoint    ] Total time for which application threads were stopped: 0.0001051 seconds, Stopping threads took: 0.0000199 seconds
[2019-01-25T15:07:29.194+0000][1][safepoint    ] Application time: 1.0001255 seconds
[2019-01-25T15:07:29.194+0000][1][safepoint    ] Total time for which application threads were stopped: 0.0000696 seconds, Stopping threads took: 0.0000139 seconds
[2019-01-25T15:07:30.195+0000][1][safepoint    ] Application time: 1.0001265 seconds
[2019-01-25T15:07:30.196+0000][1][safepoint    ] Total time for which application threads were stopped: 0.0001204 seconds, Stopping threads took: 0.0000191 seconds
[2019-01-25T15:07:31.196+0000][1][safepoint    ] Application time: 1.0001816 seconds
[2019-01-25T15:07:31.197+0000][1][safepoint    ] Total time for which application threads were stopped: 0.0002149 seconds, Stopping threads took: 0.0000217 seconds
[2019-01-25T15:07:32.198+0000][1][safepoint    ] Application time: 1.0001494 seconds
[2019-01-25T15:07:32.198+0000][1][safepoint    ] Total time for which application threads were stopped: 0.0000933 seconds, Stopping threads took: 0.0000184 seconds
[2019-01-25T15:07:33.199+0000][1][safepoint    ] Application time: 1.0000868 seconds
[2019-01-25T15:07:33.199+0000][1][safepoint    ] Total time for which application threads were stopped: 0.0000960 seconds, Stopping threads took: 0.0000141 seconds
[2019-01-25T15:07:34.200+0000][1][safepoint    ] Application time: 1.0001736 seconds
[2019-01-25T15:07:34.200+0000][1][safepoint    ] Total time for which application threads were stopped: 0.0000580 seconds, Stopping threads took: 0.0000147 seconds
[2019-01-25T15:07:35.201+0000][1][safepoint    ] Application time: 1.0001131 seconds
[2019-01-25T15:07:35.202+0000][1][safepoint    ] Total time for which application threads were stopped: 0.0000999 seconds, Stopping threads took: 0.0000195 seconds
[2019-01-25T15:07:36.202+0000][1][safepoint    ] Application time: 1.0001189 seconds
[2019-01-25T15:07:36.203+0000][1][safepoint    ] Total time for which application threads were stopped: 0.0000969 seconds, Stopping threads took: 0.0000207 seconds
[2019-01-25T15:07:37.205+0000][1][safepoint    ] Application time: 1.0001806 seconds
[2019-01-25T15:07:37.206+0000][1][safepoint    ] Total time for which application threads were stopped: 0.0000900 seconds, Stopping threads took: 0.0000210 seconds
[2019-01-25T15:07:38.207+0000][1][safepoint    ] Application time: 1.0001395 seconds
[2019-01-25T15:07:38.207+0000][1][safepoint    ] Total time for which application threads were stopped: 0.0000925 seconds, Stopping threads took: 0.0000191 seconds
[2019-01-25T15:07:39.209+0000][1][safepoint    ] Application time: 1.0001316 seconds
[2019-01-25T15:07:39.210+0000][1][safepoint    ] Total time for which application threads were stopped: 0.0000580 seconds, Stopping threads took: 0.0000126 seconds
[2019-01-25T15:07:40.211+0000][1][safepoint    ] Application time: 1.0001318 seconds
[2019-01-25T15:07:40.211+0000][1][safepoint    ] Total time for which application threads were stopped: 0.0000588 seconds, Stopping threads took: 0.0000143 seconds
[2019-01-25T15:07:41.212+0000][1][safepoint    ] Application time: 1.0001123 seconds
[2019-01-25T15:07:41.213+0000][1][safepoint    ] Total time for which application threads were stopped: 0.0000727 seconds, Stopping threads took: 0.0000148 seconds
[2019-01-25T15:07:42.213+0000][1][safepoint    ] Application time: 1.0001304 seconds
[2019-01-25T15:07:42.214+0000][1][safepoint    ] Total time for which application threads were stopped: 0.0001139 seconds, Stopping threads took: 0.0000177 seconds
[2019-01-25T15:07:43.215+0000][1][safepoint    ] Application time: 1.0001133 seconds
[2019-01-25T15:07:43.215+0000][1][safepoint    ] Total time for which application threads were stopped: 0.0000624 seconds, Stopping threads took: 0.0000156 seconds
[2019-01-25T15:07:44.216+0000][1][safepoint    ] Application time: 1.0002917 seconds
[2019-01-25T15:07:44.217+0000][1][safepoint    ] Total time for which application threads were stopped: 0.0000711 seconds, Stopping threads took: 0.0000215 seconds
[2019-01-25T15:07:45.218+0000][1][safepoint    ] Application time: 1.0001103 seconds
[2019-01-25T15:07:45.218+0000][1][safepoint    ] Total time for which application threads were stopped: 0.0000570 seconds, Stopping threads took: 0.0000137 seconds
[2019-01-25T15:07:46.219+0000][1][safepoint    ] Application time: 1.0001083 seconds
[2019-01-25T15:07:46.224+0000][1][safepoint    ] Total time for which application threads were stopped: 0.0040416 seconds, Stopping threads took: 0.0039648 seconds
[2019-01-25T15:07:47.225+0000][1][safepoint    ] Application time: 1.0001404 seconds
[2019-01-25T15:07:47.226+0000][1][safepoint    ] Total time for which application threads were stopped: 0.0000963 seconds, Stopping threads took: 0.0000189 seconds
[2019-01-25T15:07:48.226+0000][1][safepoint    ] Application time: 1.0002331 seconds
[2019-01-25T15:07:48.227+0000][1][safepoint    ] Total time for which application threads were stopped: 0.0001499 seconds, Stopping threads took: 0.0000196 seconds
[2019-01-25T15:07:49.229+0000][1][safepoint    ] Application time: 1.0001357 seconds
[2019-01-25T15:07:49.229+0000][1][safepoint    ] Total time for which application threads were stopped: 0.0000877 seconds, Stopping threads took: 0.0000196 seconds
[2019-01-25T15:07:50.230+0000][1][safepoint    ] Application time: 1.0002628 seconds
[2019-01-25T15:07:50.231+0000][1][safepoint    ] Total time for which application threads were stopped: 0.0000585 seconds, Stopping threads took: 0.0000148 seconds
[2019-01-25T15:07:51.232+0000][1][safepoint    ] Application time: 1.0001820 seconds
[2019-01-25T15:07:51.233+0000][1][safepoint    ] Total time for which application threads were stopped: 0.0004362 seconds, Stopping threads took: 0.0003634 seconds
[2019-01-25T15:07:52.234+0000][1][safepoint    ] Application time: 1.0002099 seconds
[2019-01-25T15:07:52.236+0000][1][safepoint    ] Total time for which application threads were stopped: 0.0001429 seconds, Stopping threads took: 0.0000332 seconds
[2019-01-25T15:07:53.237+0000][1][safepoint    ] Application time: 1.0001705 seconds
[2019-01-25T15:07:53.237+0000][1][safepoint    ] Total time for which application threads were stopped: 0.0000888 seconds, Stopping threads took: 0.0000172 seconds
[2019-01-25T15:07:54.238+0000][1][safepoint    ] Application time: 1.0001704 seconds
[2019-01-25T15:07:54.239+0000][1][safepoint    ] Total time for which application threads were stopped: 0.0000560 seconds, Stopping threads took: 0.0000140 seconds
[2019-01-25T15:07:55.239+0000][1][safepoint    ] Application time: 1.0001275 seconds
[2019-01-25T15:07:55.240+0000][1][safepoint    ] Total time for which application threads were stopped: 0.0001191 seconds, Stopping threads took: 0.0000252 seconds
[2019-01-25T15:07:56.241+0000][1][safepoint    ] Application time: 1.0000955 seconds
[2019-01-25T15:07:56.241+0000][1][safepoint    ] Total time for which application threads were stopped: 0.0000879 seconds, Stopping threads took: 0.0000228 seconds
[2019-01-25T15:07:57.242+0000][1][safepoint    ] Application time: 1.0001036 seconds
[2019-01-25T15:07:57.242+0000][1][safepoint    ] Total time for which application threads were stopped: 0.0001425 seconds, Stopping threads took: 0.0000197 seconds
[2019-01-25T15:07:58.243+0000][1][safepoint    ] Application time: 1.0002137 seconds
[2019-01-25T15:07:58.244+0000][1][safepoint    ] Total time for which application threads were stopped: 0.0001509 seconds, Stopping threads took: 0.0000333 seconds
[2019-01-25T15:07:59.246+0000][1][safepoint    ] Application time: 1.0001437 seconds
[2019-01-25T15:07:59.246+0000][1][safepoint    ] Total time for which application threads were stopped: 0.0001174 seconds, Stopping threads took: 0.0000360 seconds
[2019-01-25T15:08:00.247+0000][1][safepoint    ] Application time: 1.0001293 seconds
[2019-01-25T15:08:00.247+0000][1][safepoint    ] Total time for which application threads were stopped: 0.0000789 seconds, Stopping threads took: 0.0000189 seconds
[2019-01-25T15:08:01.248+0000][1][safepoint    ] Application time: 1.0001246 seconds
[2019-01-25T15:08:01.248+0000][1][safepoint    ] Total time for which application threads were stopped: 0.0000604 seconds, Stopping threads took: 0.0000144 seconds
[2019-01-25T15:08:02.249+0000][1][safepoint    ] Application time: 1.0003651 seconds
[2019-01-25T15:08:02.250+0000][1][safepoint    ] Total time for which application threads were stopped: 0.0001107 seconds, Stopping threads took: 0.0000260 seconds
[2019-01-25T15:08:03.251+0000][1][safepoint    ] Application time: 1.0001646 seconds
[2019-01-25T15:08:03.252+0000][1][safepoint    ] Total time for which application threads were stopped: 0.0000902 seconds, Stopping threads took: 0.0000198 seconds
[2019-01-25T15:08:04.252+0000][1][safepoint    ] Application time: 1.0001218 seconds
[2019-01-25T15:08:04.253+0000][1][safepoint    ] Total time for which application threads were stopped: 0.0000588 seconds, Stopping threads took: 0.0000146 seconds
[2019-01-25T15:08:05.253+0000][1][safepoint    ] Application time: 1.0001145 seconds
[2019-01-25T15:08:05.254+0000][1][safepoint    ] Total time for which application threads were stopped: 0.0000764 seconds, Stopping threads took: 0.0000167 seconds
[2019-01-25T15:08:05.947+0000][1][safepoint    ] Application time: 0.6926484 seconds
[2019-01-25T15:08:05.949+0000][1][safepoint    ] Total time for which application threads were stopped: 0.0002601 seconds, Stopping threads took: 0.0000798 seconds
[2019-01-25T15:08:05.953+0000][1][safepoint    ] Application time: 0.0032273 seconds
[2019-01-25T15:08:05.953+0000][1][safepoint    ] Total time for which application threads were stopped: 0.0001214 seconds, Stopping threads took: 0.0000188 seconds
[2019-01-25T15:08:06.956+0000][1][safepoint    ] Application time: 1.0001718 seconds
[2019-01-25T15:08:06.956+0000][1][safepoint    ] Total time for which application threads were stopped: 0.0000636 seconds, Stopping threads took: 0.0000133 seconds
[2019-01-25T15:08:07.957+0000][1][safepoint    ] Application time: 1.0000959 seconds
[2019-01-25T15:08:07.957+0000][1][safepoint    ] Total time for which application threads were stopped: 0.0000854 seconds, Stopping threads took: 0.0000189 seconds
[2019-01-25T15:08:08.959+0000][1][safepoint    ] Application time: 1.0004843 seconds
[2019-01-25T15:08:08.961+0000][1][safepoint    ] Total time for which application threads were stopped: 0.0002110 seconds, Stopping threads took: 0.0000380 seconds
[2019-01-25T15:08:09.962+0000][1][safepoint    ] Application time: 1.0001440 seconds
[2019-01-25T15:08:09.963+0000][1][safepoint    ] Total time for which application threads were stopped: 0.0001034 seconds, Stopping threads took: 0.0000198 seconds
[2019-01-25T15:08:10.964+0000][1][safepoint    ] Application time: 1.0002693 seconds
[2019-01-25T15:08:10.965+0000][1][safepoint    ] Total time for which application threads were stopped: 0.0001145 seconds, Stopping threads took: 0.0000231 seconds
[2019-01-25T15:08:11.965+0000][1][safepoint    ] Application time: 1.0001201 seconds
[2019-01-25T15:08:11.966+0000][1][safepoint    ] Total time for which application threads were stopped: 0.0000837 seconds, Stopping threads took: 0.0000156 seconds
[2019-01-25T15:08:12.966+0000][1][safepoint    ] Application time: 1.0001274 seconds
[2019-01-25T15:08:12.967+0000][1][safepoint    ] Total time for which application threads were stopped: 0.0000738 seconds, Stopping threads took: 0.0000179 seconds
[2019-01-25T15:08:13.967+0000][1][safepoint    ] Application time: 1.0001028 seconds
[2019-01-25T15:08:13.968+0000][1][safepoint    ] Total time for which application threads were stopped: 0.0000895 seconds, Stopping threads took: 0.0000189 seconds
[2019-01-25T15:08:14.978+0000][1][safepoint    ] Application time: 1.0001726 seconds
[2019-01-25T15:08:14.979+0000][1][safepoint    ] Total time for which application threads were stopped: 0.0000595 seconds, Stopping threads took: 0.0000149 seconds
[2019-01-25T15:08:15.983+0000][1][safepoint    ] Application time: 1.0001409 seconds
[2019-01-25T15:08:15.983+0000][1][safepoint    ] Total time for which application threads were stopped: 0.0001093 seconds, Stopping threads took: 0.0000389 seconds
[2019-01-25T15:08:16.984+0000][1][safepoint    ] Application time: 1.0001209 seconds
[2019-01-25T15:08:16.985+0000][1][safepoint    ] Total time for which application threads were stopped: 0.0000570 seconds, Stopping threads took: 0.0000141 seconds
[2019-01-25T15:08:17.991+0000][1][safepoint    ] Application time: 1.0001280 seconds
[2019-01-25T15:08:17.992+0000][1][safepoint    ] Total time for which application threads were stopped: 0.0000757 seconds, Stopping threads took: 0.0000168 seconds
[2019-01-25T15:08:18.993+0000][1][safepoint    ] Application time: 1.0001723 seconds
[2019-01-25T15:08:19.000+0000][1][safepoint    ] Total time for which application threads were stopped: 0.0001367 seconds, Stopping threads took: 0.0000711 seconds
[2019-01-25T15:08:20.000+0000][1][safepoint    ] Application time: 1.0001389 seconds
[2019-01-25T15:08:20.001+0000][1][safepoint    ] Total time for which application threads were stopped: 0.0000614 seconds, Stopping threads took: 0.0000144 seconds
[2019-01-25T15:08:21.002+0000][1][safepoint    ] Application time: 1.0001243 seconds
[2019-01-25T15:08:21.002+0000][1][safepoint    ] Total time for which application threads were stopped: 0.0000745 seconds, Stopping threads took: 0.0000171 seconds
[2019-01-25T15:08:22.003+0000][1][safepoint    ] Application time: 1.0001141 seconds
[2019-01-25T15:08:22.003+0000][1][safepoint    ] Total time for which application threads were stopped: 0.0000590 seconds, Stopping threads took: 0.0000141 seconds
[2019-01-25T15:08:23.004+0000][1][safepoint    ] Application time: 1.0001493 seconds
[2019-01-25T15:08:23.004+0000][1][safepoint    ] Total time for which application threads were stopped: 0.0000627 seconds, Stopping threads took: 0.0000150 seconds
[2019-01-25T15:08:24.005+0000][1][safepoint    ] Application time: 1.0001347 seconds
[2019-01-25T15:08:24.005+0000][1][safepoint    ] Total time for which application threads were stopped: 0.0000599 seconds, Stopping threads took: 0.0000138 seconds
[2019-01-25T15:08:25.006+0000][1][safepoint    ] Application time: 1.0001980 seconds
[2019-01-25T15:08:25.007+0000][1][safepoint    ] Total time for which application threads were stopped: 0.0002191 seconds, Stopping threads took: 0.0000348 seconds
[2019-01-25T15:08:26.008+0000][1][safepoint    ] Application time: 1.0001370 seconds
[2019-01-25T15:08:26.009+0000][1][safepoint    ] Total time for which application threads were stopped: 0.0000598 seconds, Stopping threads took: 0.0000136 seconds
[2019-01-25T15:08:27.009+0000][1][safepoint    ] Application time: 1.0003171 seconds
[2019-01-25T15:08:27.012+0000][1][safepoint    ] Total time for which application threads were stopped: 0.0002823 seconds, Stopping threads took: 0.0000577 seconds
[2019-01-25T15:08:27.850+0000][1][safepoint    ] Application time: 0.8369086 seconds
[2019-01-25T15:08:27.851+0000][1][safepoint    ] Total time for which application threads were stopped: 0.0002625 seconds, Stopping threads took: 0.0000455 seconds
[2019-01-25T15:08:28.852+0000][1][safepoint    ] Application time: 1.0003991 seconds
[2019-01-25T15:08:28.853+0000][1][safepoint    ] Total time for which application threads were stopped: 0.0002046 seconds, Stopping threads took: 0.0000477 seconds
[2019-01-25T15:08:29.856+0000][1][safepoint    ] Application time: 1.0005356 seconds
[2019-01-25T15:08:29.857+0000][1][safepoint    ] Total time for which application threads were stopped: 0.0000930 seconds, Stopping threads took: 0.0000182 seconds
[2019-01-25T15:08:30.857+0000][1][safepoint    ] Application time: 1.0003701 seconds
[2019-01-25T15:08:30.860+0000][1][safepoint    ] Total time for which application threads were stopped: 0.0002824 seconds, Stopping threads took: 0.0000612 seconds
[2019-01-25T15:08:31.862+0000][1][safepoint    ] Application time: 1.0001598 seconds
[2019-01-25T15:08:31.862+0000][1][safepoint    ] Total time for which application threads were stopped: 0.0000884 seconds, Stopping threads took: 0.0000169 seconds
[2019-01-25T15:08:32.863+0000][1][safepoint    ] Application time: 1.0002906 seconds
[2019-01-25T15:08:32.864+0000][1][safepoint    ] Total time for which application threads were stopped: 0.0000908 seconds, Stopping threads took: 0.0000233 seconds
[2019-01-25T15:08:33.865+0000][1][safepoint    ] Application time: 1.0001522 seconds
[2019-01-25T15:08:33.865+0000][1][safepoint    ] Total time for which application threads were stopped: 0.0001025 seconds, Stopping threads took: 0.0000178 seconds
[2019-01-25T15:08:34.866+0000][1][safepoint    ] Application time: 1.0002320 seconds
[2019-01-25T15:08:34.868+0000][1][safepoint    ] Total time for which application threads were stopped: 0.0002674 seconds, Stopping threads took: 0.0000660 seconds
[2019-01-25T15:08:35.869+0000][1][safepoint    ] Application time: 1.0002111 seconds
[2019-01-25T15:08:35.870+0000][1][safepoint    ] Total time for which application threads were stopped: 0.0000576 seconds, Stopping threads took: 0.0000138 seconds
[2019-01-25T15:08:36.871+0000][1][safepoint    ] Application time: 1.0002707 seconds
[2019-01-25T15:08:36.872+0000][1][safepoint    ] Total time for which application threads were stopped: 0.0003905 seconds, Stopping threads took: 0.0000419 seconds
[2019-01-25T15:08:37.874+0000][1][safepoint    ] Application time: 1.0001630 seconds
[2019-01-25T15:08:37.874+0000][1][safepoint    ] Total time for which application threads were stopped: 0.0000587 seconds, Stopping threads took: 0.0000151 seconds
[2019-01-25T15:08:38.875+0000][1][safepoint    ] Application time: 1.0002024 seconds
[2019-01-25T15:08:38.876+0000][1][safepoint    ] Total time for which application threads were stopped: 0.0000638 seconds, Stopping threads took: 0.0000160 seconds
[2019-01-25T15:08:39.565+0000][1][safepoint    ] Application time: 0.6883214 seconds
[2019-01-25T15:08:39.569+0000][1][safepoint    ] Total time for which application threads were stopped: 0.0001341 seconds, Stopping threads took: 0.0000224 seconds
[2019-01-25T15:08:39.585+0000][1][safepoint    ] Application time: 0.0156394 seconds
[2019-01-25T15:08:39.585+0000][1][safepoint    ] Total time for which application threads were stopped: 0.0000800 seconds, Stopping threads took: 0.0000147 seconds
[2019-01-25T15:08:39.592+0000][1][safepoint    ] Application time: 0.0062735 seconds
[2019-01-25T15:08:39.595+0000][1][safepoint    ] Total time for which application threads were stopped: 0.0003476 seconds, Stopping threads took: 0.0002306 seconds
[2019-01-25T15:08:39.782+0000][1][safepoint    ] Application time: 0.1870724 seconds
[2019-01-25T15:08:39.783+0000][1][safepoint    ] Total time for which application threads were stopped: 0.0001075 seconds, Stopping threads took: 0.0000148 seconds
[2019-01-25T15:08:39.972+0000][1][safepoint    ] Application time: 0.1857269 seconds
[2019-01-25T15:08:39.972+0000][1][safepoint    ] Total time for which application threads were stopped: 0.0001236 seconds, Stopping threads took: 0.0000198 seconds
[2019-01-25T15:08:40.260+0000][1][safepoint    ] Application time: 0.2874274 seconds
[2019-01-25T15:08:40.263+0000][1][safepoint    ] Total time for which application threads were stopped: 0.0002347 seconds, Stopping threads took: 0.0000221 seconds
[2019-01-25T15:08:40.317+0000][1][safepoint    ] Application time: 0.0536807 seconds
[2019-01-25T15:08:40.319+0000][1][safepoint    ] Total time for which application threads were stopped: 0.0001531 seconds, Stopping threads took: 0.0000192 seconds
[2019-01-25T15:08:40.344+0000][1][safepoint    ] Application time: 0.0218672 seconds
[2019-01-25T15:08:40.346+0000][1][gc,start     ] GC(35) Pause Young (Allocation Failure)
[2019-01-25T15:08:40.346+0000][1][gc,task      ] GC(35) Using 2 workers of 2 for evacuation
[2019-01-25T15:08:40.356+0000][1][gc,age       ] GC(35) Desired survivor size 4456448 bytes, new threshold 6 (max threshold 6)
[2019-01-25T15:08:40.357+0000][1][gc,age       ] GC(35) Age table with threshold 6 (max threshold 6)
[2019-01-25T15:08:40.358+0000][1][gc,age       ] GC(35) - age   1:     518728 bytes,     518728 total
[2019-01-25T15:08:40.359+0000][1][gc,age       ] GC(35) - age   2:     489648 bytes,    1008376 total
[2019-01-25T15:08:40.359+0000][1][gc,age       ] GC(35) - age   3:     244248 bytes,    1252624 total
[2019-01-25T15:08:40.360+0000][1][gc,age       ] GC(35) - age   4:      35688 bytes,    1288312 total
[2019-01-25T15:08:40.360+0000][1][gc,age       ] GC(35) - age   5:      29872 bytes,    1318184 total
[2019-01-25T15:08:40.363+0000][1][gc,age       ] GC(35) - age   6:      14848 bytes,    1333032 total
[2019-01-25T15:08:40.364+0000][1][gc,heap      ] GC(35) ParNew: 71222K->1964K(78656K)
[2019-01-25T15:08:40.364+0000][1][gc,heap      ] GC(35) CMS: 86907K->86959K(174784K)
[2019-01-25T15:08:40.364+0000][1][gc,metaspace ] GC(35) Metaspace: 72261K->72261K(1116160K)
[2019-01-25T15:08:40.365+0000][1][gc           ] GC(35) Pause Young (Allocation Failure) 154M->86M(247M) 18.896ms
[2019-01-25T15:08:40.365+0000][1][gc,cpu       ] GC(35) User=0.02s Sys=0.00s Real=0.02s
[2019-01-25T15:08:40.365+0000][1][safepoint    ] Total time for which application threads were stopped: 0.0196259 seconds, Stopping threads took: 0.0000303 seconds
[2019-01-25T15:08:40.447+0000][1][safepoint    ] Application time: 0.0816401 seconds
[2019-01-25T15:08:40.452+0000][1][safepoint    ] Total time for which application threads were stopped: 0.0001337 seconds, Stopping threads took: 0.0000239 seconds
[2019-01-25T15:08:40.598+0000][1][safepoint    ] Application time: 0.1448111 seconds
[2019-01-25T15:08:40.599+0000][1][safepoint    ] Total time for which application threads were stopped: 0.0002639 seconds, Stopping threads took: 0.0001437 seconds
[2019-01-25T15:08:40.607+0000][1][safepoint    ] Application time: 0.0069690 seconds
[2019-01-25T15:08:40.609+0000][1][safepoint    ] Total time for which application threads were stopped: 0.0003515 seconds, Stopping threads took: 0.0000500 seconds
[2019-01-25T15:08:40.635+0000][1][safepoint    ] Application time: 0.0225895 seconds
[2019-01-25T15:08:40.639+0000][1][safepoint    ] Total time for which application threads were stopped: 0.0008837 seconds, Stopping threads took: 0.0008016 seconds
[2019-01-25T15:08:40.644+0000][1][safepoint    ] Application time: 0.0030043 seconds
[2019-01-25T15:08:40.645+0000][1][safepoint    ] Total time for which application threads were stopped: 0.0001467 seconds, Stopping threads took: 0.0000183 seconds
[2019-01-25T15:08:40.647+0000][1][safepoint    ] Application time: 0.0002858 seconds
[2019-01-25T15:08:40.650+0000][1][safepoint    ] Total time for which application threads were stopped: 0.0012079 seconds, Stopping threads took: 0.0010575 seconds
[2019-01-25T15:08:40.658+0000][1][safepoint    ] Application time: 0.0066027 seconds
[2019-01-25T15:08:40.661+0000][1][safepoint    ] Total time for which application threads were stopped: 0.0002472 seconds, Stopping threads took: 0.0000374 seconds
[2019-01-25T15:08:40.663+0000][1][safepoint    ] Application time: 0.0018556 seconds
[2019-01-25T15:08:40.665+0000][1][safepoint    ] Total time for which application threads were stopped: 0.0003461 seconds, Stopping threads took: 0.0002299 seconds
[2019-01-25T15:08:40.878+0000][1][safepoint    ] Application time: 0.2100723 seconds
[2019-01-25T15:08:40.880+0000][1][safepoint    ] Total time for which application threads were stopped: 0.0013834 seconds, Stopping threads took: 0.0012343 seconds
[2019-01-25T15:08:40.894+0000][1][safepoint    ] Application time: 0.0132243 seconds
[2019-01-25T15:08:40.896+0000][1][safepoint    ] Total time for which application threads were stopped: 0.0019026 seconds, Stopping threads took: 0.0018180 seconds
[2019-01-25T15:08:40.955+0000][1][safepoint    ] Application time: 0.0579878 seconds
[2019-01-25T15:08:40.955+0000][1][safepoint    ] Total time for which application threads were stopped: 0.0001260 seconds, Stopping threads took: 0.0000265 seconds
[2019-01-25T15:08:41.185+0000][1][safepoint    ] Application time: 0.2291538 seconds
[2019-01-25T15:08:41.185+0000][1][safepoint    ] Total time for which application threads were stopped: 0.0001159 seconds, Stopping threads took: 0.0000187 seconds
[2019-01-25T15:08:41.369+0000][1][safepoint    ] Application time: 0.1830160 seconds
[2019-01-25T15:08:41.370+0000][1][safepoint    ] Total time for which application threads were stopped: 0.0000797 seconds, Stopping threads took: 0.0000144 seconds
[2019-01-25T15:08:41.614+0000][1][safepoint    ] Application time: 0.2434089 seconds
[2019-01-25T15:08:41.614+0000][1][safepoint    ] Total time for which application threads were stopped: 0.0001340 seconds, Stopping threads took: 0.0000222 seconds
[2019-01-25T15:08:41.615+0000][1][safepoint    ] Application time: 0.0002621 seconds
[2019-01-25T15:08:41.616+0000][1][safepoint    ] Total time for which application threads were stopped: 0.0000718 seconds, Stopping threads took: 0.0000123 seconds
[2019-01-25T15:08:41.616+0000][1][safepoint    ] Application time: 0.0002617 seconds
[2019-01-25T15:08:41.617+0000][1][safepoint    ] Total time for which application threads were stopped: 0.0000746 seconds, Stopping threads took: 0.0000139 seconds
[2019-01-25T15:08:41.618+0000][1][safepoint    ] Application time: 0.0001107 seconds
[2019-01-25T15:08:41.618+0000][1][safepoint    ] Total time for which application threads were stopped: 0.0000709 seconds, Stopping threads took: 0.0000114 seconds
[2019-01-25T15:08:41.618+0000][1][safepoint    ] Application time: 0.0000599 seconds
[2019-01-25T15:08:41.619+0000][1][safepoint    ] Total time for which application threads were stopped: 0.0000666 seconds, Stopping threads took: 0.0000119 seconds
[2019-01-25T15:08:41.619+0000][1][safepoint    ] Application time: 0.0000550 seconds
[2019-01-25T15:08:41.620+0000][1][safepoint    ] Total time for which application threads were stopped: 0.0000937 seconds, Stopping threads took: 0.0000370 seconds
[2019-01-25T15:08:41.620+0000][1][safepoint    ] Application time: 0.0000589 seconds
[2019-01-25T15:08:41.621+0000][1][safepoint    ] Total time for which application threads were stopped: 0.0000701 seconds, Stopping threads took: 0.0000133 seconds
[2019-01-25T15:08:41.621+0000][1][safepoint    ] Application time: 0.0000561 seconds
[2019-01-25T15:08:41.622+0000][1][safepoint    ] Total time for which application threads were stopped: 0.0000720 seconds, Stopping threads took: 0.0000121 seconds
[2019-01-25T15:08:41.622+0000][1][safepoint    ] Application time: 0.0000633 seconds
[2019-01-25T15:08:41.623+0000][1][safepoint    ] Total time for which application threads were stopped: 0.0000684 seconds, Stopping threads took: 0.0000119 seconds
[2019-01-25T15:08:41.623+0000][1][safepoint    ] Application time: 0.0000741 seconds
[2019-01-25T15:08:41.625+0000][1][safepoint    ] Total time for which application threads were stopped: 0.0000806 seconds, Stopping threads took: 0.0000137 seconds
[2019-01-25T15:08:42.626+0000][1][safepoint    ] Application time: 1.0001799 seconds
[2019-01-25T15:08:42.630+0000][1][safepoint    ] Total time for which application threads were stopped: 0.0000547 seconds, Stopping threads took: 0.0000120 seconds
[2019-01-25T15:08:42.895+0000][1][safepoint    ] Application time: 0.2639078 seconds
[2019-01-25T15:08:42.901+0000][1][safepoint    ] Total time for which application threads were stopped: 0.0001272 seconds, Stopping threads took: 0.0000202 seconds
[2019-01-25T15:08:42.905+0000][1][safepoint    ] Application time: 0.0001500 seconds
[2019-01-25T15:08:42.906+0000][1][safepoint    ] Total time for which application threads were stopped: 0.0001179 seconds, Stopping threads took: 0.0000228 seconds
[2019-01-25T15:08:42.907+0000][1][safepoint    ] Application time: 0.0002352 seconds
[2019-01-25T15:08:42.908+0000][1][safepoint    ] Total time for which application threads were stopped: 0.0001319 seconds, Stopping threads took: 0.0000183 seconds
[2019-01-25T15:08:42.908+0000][1][safepoint    ] Application time: 0.0001409 seconds
[2019-01-25T15:08:42.909+0000][1][safepoint    ] Total time for which application threads were stopped: 0.0001115 seconds, Stopping threads took: 0.0000160 seconds
[2019-01-25T15:08:42.909+0000][1][safepoint    ] Application time: 0.0001394 seconds
[2019-01-25T15:08:42.915+0000][1][safepoint    ] Total time for which application threads were stopped: 0.0001120 seconds, Stopping threads took: 0.0000199 seconds
[2019-01-25T15:08:43.916+0000][1][safepoint    ] Application time: 1.0001803 seconds
[2019-01-25T15:08:43.917+0000][1][safepoint    ] Total time for which application threads were stopped: 0.0000702 seconds, Stopping threads took: 0.0000123 seconds
[2019-01-25T15:08:44.918+0000][1][safepoint    ] Application time: 1.0001322 seconds
[2019-01-25T15:08:44.918+0000][1][safepoint    ] Total time for which application threads were stopped: 0.0000581 seconds, Stopping threads took: 0.0000144 seconds
[2019-01-25T15:08:45.919+0000][1][safepoint    ] Application time: 1.0004937 seconds
[2019-01-25T15:08:45.920+0000][1][safepoint    ] Total time for which application threads were stopped: 0.0000909 seconds, Stopping threads took: 0.0000196 seconds
[2019-01-25T15:08:46.921+0000][1][safepoint    ] Application time: 1.0001474 seconds
[2019-01-25T15:08:46.921+0000][1][safepoint    ] Total time for which application threads were stopped: 0.0001246 seconds, Stopping threads took: 0.0000449 seconds
[2019-01-25T15:08:47.922+0000][1][safepoint    ] Application time: 1.0002522 seconds
[2019-01-25T15:08:47.926+0000][1][safepoint    ] Total time for which application threads were stopped: 0.0002778 seconds, Stopping threads took: 0.0000546 seconds
[2019-01-25T15:08:48.928+0000][1][safepoint    ] Application time: 1.0001829 seconds
[2019-01-25T15:08:48.929+0000][1][safepoint    ] Total time for which application threads were stopped: 0.0000852 seconds, Stopping threads took: 0.0000341 seconds
[2019-01-25T15:08:49.936+0000][1][safepoint    ] Application time: 1.0069597 seconds
[2019-01-25T15:08:49.948+0000][1][safepoint    ] Total time for which application threads were stopped: 0.0000925 seconds, Stopping threads took: 0.0000209 seconds
[2019-01-25T15:08:50.960+0000][1][safepoint    ] Application time: 1.0001036 seconds
[2019-01-25T15:08:50.961+0000][1][safepoint    ] Total time for which application threads were stopped: 0.0000870 seconds, Stopping threads took: 0.0000187 seconds
[2019-01-25T15:08:51.962+0000][1][safepoint    ] Application time: 1.0001839 seconds
[2019-01-25T15:08:51.963+0000][1][safepoint    ] Total time for which application threads were stopped: 0.0001005 seconds, Stopping threads took: 0.0000213 seconds
[2019-01-25T15:08:52.964+0000][1][safepoint    ] Application time: 1.0001110 seconds
[2019-01-25T15:08:52.964+0000][1][safepoint    ] Total time for which application threads were stopped: 0.0001037 seconds, Stopping threads took: 0.0000214 seconds
[2019-01-25T15:08:53.965+0000][1][safepoint    ] Application time: 1.0002273 seconds
[2019-01-25T15:08:53.967+0000][1][safepoint    ] Total time for which application threads were stopped: 0.0002038 seconds, Stopping threads took: 0.0000412 seconds
[2019-01-25T15:08:54.870+0000][1][safepoint    ] Application time: 0.9013496 seconds
[2019-01-25T15:08:54.872+0000][1][safepoint    ] Total time for which application threads were stopped: 0.0002821 seconds, Stopping threads took: 0.0000204 seconds
[2019-01-25T15:08:55.873+0000][1][safepoint    ] Application time: 1.0001845 seconds
[2019-01-25T15:08:55.873+0000][1][safepoint    ] Total time for which application threads were stopped: 0.0000604 seconds, Stopping threads took: 0.0000148 seconds
[2019-01-25T15:08:56.874+0000][1][safepoint    ] Application time: 1.0004641 seconds
[2019-01-25T15:08:56.879+0000][1][safepoint    ] Total time for which application threads were stopped: 0.0000586 seconds, Stopping threads took: 0.0000148 seconds
[2019-01-25T15:08:57.880+0000][1][safepoint    ] Application time: 1.0001630 seconds
[2019-01-25T15:08:57.881+0000][1][safepoint    ] Total time for which application threads were stopped: 0.0002619 seconds, Stopping threads took: 0.0000412 seconds
[2019-01-25T15:08:57.903+0000][1][safepoint    ] Application time: 0.0210677 seconds
[2019-01-25T15:08:57.904+0000][1][safepoint    ] Total time for which application threads were stopped: 0.0000910 seconds, Stopping threads took: 0.0000137 seconds
[2019-01-25T15:08:58.904+0000][1][safepoint    ] Application time: 1.0001411 seconds
[2019-01-25T15:08:58.905+0000][1][safepoint    ] Total time for which application threads were stopped: 0.0000892 seconds, Stopping threads took: 0.0000190 seconds
[2019-01-25T15:08:59.906+0000][1][safepoint    ] Application time: 1.0004867 seconds
[2019-01-25T15:08:59.906+0000][1][safepoint    ] Total time for which application threads were stopped: 0.0000589 seconds, Stopping threads took: 0.0000153 seconds
[2019-01-25T15:09:00.907+0000][1][safepoint    ] Application time: 1.0001407 seconds
[2019-01-25T15:09:00.908+0000][1][safepoint    ] Total time for which application threads were stopped: 0.0001045 seconds, Stopping threads took: 0.0000191 seconds
[2019-01-25T15:09:01.909+0000][1][safepoint    ] Application time: 1.0005646 seconds
[2019-01-25T15:09:01.910+0000][1][safepoint    ] Total time for which application threads were stopped: 0.0002185 seconds, Stopping threads took: 0.0001192 seconds
[2019-01-25T15:09:02.911+0000][1][safepoint    ] Application time: 1.0001690 seconds
[2019-01-25T15:09:02.912+0000][1][safepoint    ] Total time for which application threads were stopped: 0.0000864 seconds, Stopping threads took: 0.0000179 seconds
[2019-01-25T15:09:03.912+0000][1][safepoint    ] Application time: 1.0001640 seconds
[2019-01-25T15:09:03.913+0000][1][safepoint    ] Total time for which application threads were stopped: 0.0000718 seconds, Stopping threads took: 0.0000169 seconds
[2019-01-25T15:09:04.914+0000][1][safepoint    ] Application time: 1.0001656 seconds
[2019-01-25T15:09:04.915+0000][1][safepoint    ] Total time for which application threads were stopped: 0.0000820 seconds, Stopping threads took: 0.0000210 seconds
[2019-01-25T15:09:05.916+0000][1][safepoint    ] Application time: 1.0006331 seconds
[2019-01-25T15:09:05.918+0000][1][safepoint    ] Total time for which application threads were stopped: 0.0000612 seconds, Stopping threads took: 0.0000141 seconds
[2019-01-25T15:09:05.942+0000][1][safepoint    ] Application time: 0.0219285 seconds
[2019-01-25T15:09:05.943+0000][1][safepoint    ] Total time for which application threads were stopped: 0.0002613 seconds, Stopping threads took: 0.0001739 seconds
[2019-01-25T15:09:05.944+0000][1][safepoint    ] Application time: 0.0001777 seconds
[2019-01-25T15:09:05.944+0000][1][safepoint    ] Total time for which application threads were stopped: 0.0001469 seconds, Stopping threads took: 0.0000110 seconds
[2019-01-25T15:09:05.945+0000][1][safepoint    ] Application time: 0.0001870 seconds
[2019-01-25T15:09:05.945+0000][1][safepoint    ] Total time for which application threads were stopped: 0.0000933 seconds, Stopping threads took: 0.0000112 seconds
[2019-01-25T15:09:05.946+0000][1][safepoint    ] Application time: 0.0003150 seconds
[2019-01-25T15:09:05.947+0000][1][safepoint    ] Total time for which application threads were stopped: 0.0000794 seconds, Stopping threads took: 0.0000114 seconds
[2019-01-25T15:09:05.949+0000][1][safepoint    ] Application time: 0.0015601 seconds
[2019-01-25T15:09:05.950+0000][1][safepoint    ] Total time for which application threads were stopped: 0.0000879 seconds, Stopping threads took: 0.0000112 seconds
[2019-01-25T15:09:06.950+0000][1][safepoint    ] Application time: 1.0001255 seconds
[2019-01-25T15:09:06.951+0000][1][safepoint    ] Total time for which application threads were stopped: 0.0000743 seconds, Stopping threads took: 0.0000149 seconds
[2019-01-25T15:09:07.952+0000][1][safepoint    ] Application time: 1.0005620 seconds
[2019-01-25T15:09:07.953+0000][1][safepoint    ] Total time for which application threads were stopped: 0.0002508 seconds, Stopping threads took: 0.0000401 seconds
[2019-01-25T15:09:08.955+0000][1][safepoint    ] Application time: 1.0002219 seconds
[2019-01-25T15:09:08.955+0000][1][safepoint    ] Total time for which application threads were stopped: 0.0001070 seconds, Stopping threads took: 0.0000194 seconds
[2019-01-25T15:09:09.603+0000][1][safepoint    ] Application time: 0.6467836 seconds
[2019-01-25T15:09:09.605+0000][1][safepoint    ] Total time for which application threads were stopped: 0.0002803 seconds, Stopping threads took: 0.0000445 seconds
[2019-01-25T15:09:09.607+0000][1][safepoint    ] Application time: 0.0004928 seconds
[2019-01-25T15:09:09.609+0000][1][safepoint    ] Total time for which application threads were stopped: 0.0002479 seconds, Stopping threads took: 0.0000413 seconds
[2019-01-25T15:09:09.612+0000][1][safepoint    ] Application time: 0.0005755 seconds
[2019-01-25T15:09:09.614+0000][1][safepoint    ] Total time for which application threads were stopped: 0.0003334 seconds, Stopping threads took: 0.0001264 seconds
[2019-01-25T15:09:09.616+0000][1][safepoint    ] Application time: 0.0005023 seconds
[2019-01-25T15:09:09.618+0000][1][safepoint    ] Total time for which application threads were stopped: 0.0001619 seconds, Stopping threads took: 0.0000282 seconds
[2019-01-25T15:09:09.619+0000][1][safepoint    ] Application time: 0.0003255 seconds
[2019-01-25T15:09:09.623+0000][1][safepoint    ] Total time for which application threads were stopped: 0.0001762 seconds, Stopping threads took: 0.0000315 seconds
[2019-01-25T15:09:09.625+0000][1][safepoint    ] Application time: 0.0002823 seconds
[2019-01-25T15:09:09.626+0000][1][safepoint    ] Total time for which application threads were stopped: 0.0001855 seconds, Stopping threads took: 0.0000286 seconds
[2019-01-25T15:09:10.628+0000][1][safepoint    ] Application time: 1.0002718 seconds
[2019-01-25T15:09:10.629+0000][1][safepoint    ] Total time for which application threads were stopped: 0.0000791 seconds, Stopping threads took: 0.0000185 seconds
[2019-01-25T15:09:11.629+0000][1][safepoint    ] Application time: 1.0003887 seconds
[2019-01-25T15:09:11.632+0000][1][safepoint    ] Total time for which application threads were stopped: 0.0002847 seconds, Stopping threads took: 0.0000607 seconds
[2019-01-25T15:09:12.634+0000][1][safepoint    ] Application time: 1.0002410 seconds
[2019-01-25T15:09:12.635+0000][1][safepoint    ] Total time for which application threads were stopped: 0.0000587 seconds, Stopping threads took: 0.0000152 seconds
[2019-01-25T15:09:13.636+0000][1][safepoint    ] Application time: 1.0003974 seconds
[2019-01-25T15:09:13.637+0000][1][safepoint    ] Total time for which application threads were stopped: 0.0000733 seconds, Stopping threads took: 0.0000178 seconds
[2019-01-25T15:09:14.637+0000][1][safepoint    ] Application time: 1.0001667 seconds
[2019-01-25T15:09:14.638+0000][1][safepoint    ] Total time for which application threads were stopped: 0.0000915 seconds, Stopping threads took: 0.0000188 seconds
[2019-01-25T15:09:15.639+0000][1][safepoint    ] Application time: 1.0004452 seconds
[2019-01-25T15:09:15.640+0000][1][safepoint    ] Total time for which application threads were stopped: 0.0002098 seconds, Stopping threads took: 0.0000898 seconds
[2019-01-25T15:09:16.642+0000][1][safepoint    ] Application time: 1.0001479 seconds
[2019-01-25T15:09:16.642+0000][1][safepoint    ] Total time for which application threads were stopped: 0.0001068 seconds, Stopping threads took: 0.0000648 seconds
[2019-01-25T15:09:17.643+0000][1][safepoint    ] Application time: 1.0001584 seconds
[2019-01-25T15:09:17.644+0000][1][safepoint    ] Total time for which application threads were stopped: 0.0000716 seconds, Stopping threads took: 0.0000151 seconds
[2019-01-25T15:09:18.645+0000][1][safepoint    ] Application time: 1.0001134 seconds
[2019-01-25T15:09:18.645+0000][1][safepoint    ] Total time for which application threads were stopped: 0.0000979 seconds, Stopping threads took: 0.0000195 seconds
[2019-01-25T15:09:19.646+0000][1][safepoint    ] Application time: 1.0003595 seconds
[2019-01-25T15:09:19.648+0000][1][safepoint    ] Total time for which application threads were stopped: 0.0001916 seconds, Stopping threads took: 0.0000443 seconds
[2019-01-25T15:09:20.649+0000][1][safepoint    ] Application time: 1.0002648 seconds
[2019-01-25T15:09:20.650+0000][1][safepoint    ] Total time for which application threads were stopped: 0.0000551 seconds, Stopping threads took: 0.0000132 seconds
[2019-01-25T15:09:21.651+0000][1][safepoint    ] Application time: 1.0006324 seconds
[2019-01-25T15:09:21.653+0000][1][safepoint    ] Total time for which application threads were stopped: 0.0001997 seconds, Stopping threads took: 0.0000532 seconds
[2019-01-25T15:09:22.655+0000][1][safepoint    ] Application time: 1.0001472 seconds
[2019-01-25T15:09:22.656+0000][1][safepoint    ] Total time for which application threads were stopped: 0.0000560 seconds, Stopping threads took: 0.0000137 seconds
[2019-01-25T15:09:23.656+0000][1][safepoint    ] Application time: 1.0001073 seconds
[2019-01-25T15:09:23.657+0000][1][safepoint    ] Total time for which application threads were stopped: 0.0000578 seconds, Stopping threads took: 0.0000146 seconds
[2019-01-25T15:09:24.657+0000][1][safepoint    ] Application time: 1.0001077 seconds
[2019-01-25T15:09:24.658+0000][1][safepoint    ] Total time for which application threads were stopped: 0.0000563 seconds, Stopping threads took: 0.0000128 seconds
[2019-01-25T15:09:25.659+0000][1][safepoint    ] Application time: 1.0001815 seconds
[2019-01-25T15:09:25.660+0000][1][safepoint    ] Total time for which application threads were stopped: 0.0001752 seconds, Stopping threads took: 0.0000321 seconds
[2019-01-25T15:09:26.661+0000][1][safepoint    ] Application time: 1.0001241 seconds
[2019-01-25T15:09:26.661+0000][1][safepoint    ] Total time for which application threads were stopped: 0.0000602 seconds, Stopping threads took: 0.0000133 seconds
[2019-01-25T15:09:27.662+0000][1][safepoint    ] Application time: 1.0003576 seconds
[2019-01-25T15:09:27.663+0000][1][safepoint    ] Total time for which application threads were stopped: 0.0001553 seconds, Stopping threads took: 0.0000297 seconds
[2019-01-25T15:09:28.665+0000][1][safepoint    ] Application time: 1.0001187 seconds
[2019-01-25T15:09:28.665+0000][1][safepoint    ] Total time for which application threads were stopped: 0.0000695 seconds, Stopping threads took: 0.0000144 seconds
[2019-01-25T15:09:29.666+0000][1][safepoint    ] Application time: 1.0002144 seconds
[2019-01-25T15:09:29.667+0000][1][safepoint    ] Total time for which application threads were stopped: 0.0001011 seconds, Stopping threads took: 0.0000243 seconds
[2019-01-25T15:09:30.668+0000][1][safepoint    ] Application time: 1.0001398 seconds
[2019-01-25T15:09:30.668+0000][1][safepoint    ] Total time for which application threads were stopped: 0.0000957 seconds, Stopping threads took: 0.0000185 seconds
[2019-01-25T15:09:31.669+0000][1][safepoint    ] Application time: 1.0002661 seconds
[2019-01-25T15:09:31.673+0000][1][safepoint    ] Total time for which application threads were stopped: 0.0002128 seconds, Stopping threads took: 0.0000411 seconds
[2019-01-25T15:09:32.676+0000][1][safepoint    ] Application time: 1.0001725 seconds
[2019-01-25T15:09:32.685+0000][1][safepoint    ] Total time for which application threads were stopped: 0.0000554 seconds, Stopping threads took: 0.0000141 seconds
[2019-01-25T15:09:33.686+0000][1][safepoint    ] Application time: 1.0001345 seconds
[2019-01-25T15:09:33.686+0000][1][safepoint    ] Total time for which application threads were stopped: 0.0000633 seconds, Stopping threads took: 0.0000154 seconds
[2019-01-25T15:09:34.687+0000][1][safepoint    ] Application time: 1.0001237 seconds
[2019-01-25T15:09:34.687+0000][1][safepoint    ] Total time for which application threads were stopped: 0.0000569 seconds, Stopping threads took: 0.0000129 seconds
[2019-01-25T15:09:35.688+0000][1][safepoint    ] Application time: 1.0001272 seconds
[2019-01-25T15:09:35.692+0000][1][safepoint    ] Total time for which application threads were stopped: 0.0000825 seconds, Stopping threads took: 0.0000211 seconds
[2019-01-25T15:09:36.696+0000][1][safepoint    ] Application time: 1.0036647 seconds
[2019-01-25T15:09:36.698+0000][1][safepoint    ] Total time for which application threads were stopped: 0.0000831 seconds, Stopping threads took: 0.0000141 seconds
[2019-01-25T15:09:37.698+0000][1][safepoint    ] Application time: 1.0001611 seconds
[2019-01-25T15:09:37.699+0000][1][safepoint    ] Total time for which application threads were stopped: 0.0001109 seconds, Stopping threads took: 0.0000191 seconds
[2019-01-25T15:09:38.700+0000][1][safepoint    ] Application time: 1.0001216 seconds
[2019-01-25T15:09:38.701+0000][1][safepoint    ] Total time for which application threads were stopped: 0.0000824 seconds, Stopping threads took: 0.0000187 seconds
[2019-01-25T15:09:39.628+0000][1][safepoint    ] Application time: 0.9264516 seconds
[2019-01-25T15:09:39.629+0000][1][safepoint    ] Total time for which application threads were stopped: 0.0001665 seconds, Stopping threads took: 0.0000279 seconds
[2019-01-25T15:09:39.630+0000][1][safepoint    ] Application time: 0.0004462 seconds
[2019-01-25T15:09:39.631+0000][1][safepoint    ] Total time for which application threads were stopped: 0.0001755 seconds, Stopping threads took: 0.0000254 seconds
[2019-01-25T15:09:39.632+0000][1][safepoint    ] Application time: 0.0003722 seconds
[2019-01-25T15:09:39.633+0000][1][safepoint    ] Total time for which application threads were stopped: 0.0001451 seconds, Stopping threads took: 0.0000224 seconds
[2019-01-25T15:09:39.634+0000][1][safepoint    ] Application time: 0.0004187 seconds
[2019-01-25T15:09:39.635+0000][1][safepoint    ] Total time for which application threads were stopped: 0.0001748 seconds, Stopping threads took: 0.0000255 seconds
[2019-01-25T15:09:39.636+0000][1][safepoint    ] Application time: 0.0004379 seconds
[2019-01-25T15:09:39.637+0000][1][safepoint    ] Total time for which application threads were stopped: 0.0001742 seconds, Stopping threads took: 0.0000252 seconds
[2019-01-25T15:09:40.638+0000][1][safepoint    ] Application time: 1.0002242 seconds
[2019-01-25T15:09:40.638+0000][1][safepoint    ] Total time for which application threads were stopped: 0.0000548 seconds, Stopping threads took: 0.0000138 seconds
[2019-01-25T15:09:41.639+0000][1][safepoint    ] Application time: 1.0001452 seconds
[2019-01-25T15:09:41.639+0000][1][safepoint    ] Total time for which application threads were stopped: 0.0000807 seconds, Stopping threads took: 0.0000188 seconds
[2019-01-25T15:09:42.640+0000][1][safepoint    ] Application time: 1.0001348 seconds
[2019-01-25T15:09:42.641+0000][1][safepoint    ] Total time for which application threads were stopped: 0.0000880 seconds, Stopping threads took: 0.0000190 seconds
[2019-01-25T15:09:43.641+0000][1][safepoint    ] Application time: 1.0003664 seconds
[2019-01-25T15:09:43.642+0000][1][safepoint    ] Total time for which application threads were stopped: 0.0000728 seconds, Stopping threads took: 0.0000150 seconds
[2019-01-25T15:09:44.643+0000][1][safepoint    ] Application time: 1.0001773 seconds
[2019-01-25T15:09:44.644+0000][1][safepoint    ] Total time for which application threads were stopped: 0.0000772 seconds, Stopping threads took: 0.0000194 seconds
[2019-01-25T15:09:45.644+0000][1][safepoint    ] Application time: 1.0003488 seconds
[2019-01-25T15:09:45.645+0000][1][safepoint    ] Total time for which application threads were stopped: 0.0000627 seconds, Stopping threads took: 0.0000154 seconds
[2019-01-25T15:09:46.646+0000][1][safepoint    ] Application time: 1.0001814 seconds
[2019-01-25T15:09:46.646+0000][1][safepoint    ] Total time for which application threads were stopped: 0.0000787 seconds, Stopping threads took: 0.0000332 seconds
[2019-01-25T15:09:47.647+0000][1][safepoint    ] Application time: 1.0002467 seconds
[2019-01-25T15:09:47.649+0000][1][safepoint    ] Total time for which application threads were stopped: 0.0003137 seconds, Stopping threads took: 0.0000563 seconds
[2019-01-25T15:09:48.651+0000][1][safepoint    ] Application time: 1.0001576 seconds
[2019-01-25T15:09:48.652+0000][1][safepoint    ] Total time for which application threads were stopped: 0.0000598 seconds, Stopping threads took: 0.0000147 seconds
[2019-01-25T15:09:49.652+0000][1][safepoint    ] Application time: 1.0001523 seconds
[2019-01-25T15:09:49.653+0000][1][safepoint    ] Total time for which application threads were stopped: 0.0001010 seconds, Stopping threads took: 0.0000221 seconds
[2019-01-25T15:09:50.656+0000][1][safepoint    ] Application time: 1.0018633 seconds
[2019-01-25T15:09:50.659+0000][1][safepoint    ] Total time for which application threads were stopped: 0.0000843 seconds, Stopping threads took: 0.0000218 seconds
[2019-01-25T15:09:51.660+0000][1][safepoint    ] Application time: 1.0003352 seconds
[2019-01-25T15:09:51.662+0000][1][safepoint    ] Total time for which application threads were stopped: 0.0001698 seconds, Stopping threads took: 0.0000443 seconds
[2019-01-25T15:09:52.663+0000][1][safepoint    ] Application time: 1.0001705 seconds
[2019-01-25T15:09:52.665+0000][1][safepoint    ] Total time for which application threads were stopped: 0.0000610 seconds, Stopping threads took: 0.0000140 seconds
[2019-01-25T15:09:53.666+0000][1][safepoint    ] Application time: 1.0004577 seconds
[2019-01-25T15:09:53.667+0000][1][safepoint    ] Total time for which application threads were stopped: 0.0001076 seconds, Stopping threads took: 0.0000267 seconds
[2019-01-25T15:09:54.668+0000][1][safepoint    ] Application time: 1.0001738 seconds
[2019-01-25T15:09:54.669+0000][1][safepoint    ] Total time for which application threads were stopped: 0.0000866 seconds, Stopping threads took: 0.0000184 seconds
[2019-01-25T15:09:55.669+0000][1][safepoint    ] Application time: 1.0001888 seconds
[2019-01-25T15:09:55.670+0000][1][safepoint    ] Total time for which application threads were stopped: 0.0000878 seconds, Stopping threads took: 0.0000213 seconds
[2019-01-25T15:09:56.671+0000][1][safepoint    ] Application time: 1.0001289 seconds
[2019-01-25T15:09:56.671+0000][1][safepoint    ] Total time for which application threads were stopped: 0.0000581 seconds, Stopping threads took: 0.0000129 seconds
[2019-01-25T15:09:57.672+0000][1][safepoint    ] Application time: 1.0002674 seconds
[2019-01-25T15:09:57.673+0000][1][safepoint    ] Total time for which application threads were stopped: 0.0001637 seconds, Stopping threads took: 0.0000392 seconds
[2019-01-25T15:09:58.675+0000][1][safepoint    ] Application time: 1.0001575 seconds
[2019-01-25T15:09:58.676+0000][1][safepoint    ] Total time for which application threads were stopped: 0.0001019 seconds, Stopping threads took: 0.0000171 seconds
[2019-01-25T15:09:59.676+0000][1][safepoint    ] Application time: 1.0002850 seconds
[2019-01-25T15:09:59.677+0000][1][safepoint    ] Total time for which application threads were stopped: 0.0000758 seconds, Stopping threads took: 0.0000165 seconds
[2019-01-25T15:10:00.678+0000][1][safepoint    ] Application time: 1.0001195 seconds
[2019-01-25T15:10:00.682+0000][1][safepoint    ] Total time for which application threads were stopped: 0.0000606 seconds, Stopping threads took: 0.0000156 seconds
[2019-01-25T15:10:01.683+0000][1][safepoint    ] Application time: 1.0001779 seconds
[2019-01-25T15:10:01.684+0000][1][safepoint    ] Total time for which application threads were stopped: 0.0001514 seconds, Stopping threads took: 0.0000253 seconds
[2019-01-25T15:10:02.685+0000][1][safepoint    ] Application time: 1.0001734 seconds
[2019-01-25T15:10:02.685+0000][1][safepoint    ] Total time for which application threads were stopped: 0.0000790 seconds, Stopping threads took: 0.0000146 seconds
[2019-01-25T15:10:03.686+0000][1][safepoint    ] Application time: 1.0002181 seconds
[2019-01-25T15:10:03.688+0000][1][safepoint    ] Total time for which application threads were stopped: 0.0001741 seconds, Stopping threads took: 0.0000371 seconds
[2019-01-25T15:10:04.689+0000][1][safepoint    ] Application time: 1.0001401 seconds
[2019-01-25T15:10:04.689+0000][1][safepoint    ] Total time for which application threads were stopped: 0.0000576 seconds, Stopping threads took: 0.0000140 seconds
[2019-01-25T15:10:05.690+0000][1][safepoint    ] Application time: 1.0001405 seconds
[2019-01-25T15:10:05.691+0000][1][safepoint    ] Total time for which application threads were stopped: 0.0001120 seconds, Stopping threads took: 0.0000187 seconds
[2019-01-25T15:10:05.947+0000][1][safepoint    ] Application time: 0.2562743 seconds
[2019-01-25T15:10:05.948+0000][1][safepoint    ] Total time for which application threads were stopped: 0.0001203 seconds, Stopping threads took: 0.0000513 seconds
[2019-01-25T15:10:05.950+0000][1][safepoint    ] Application time: 0.0016647 seconds
[2019-01-25T15:10:05.951+0000][1][safepoint    ] Total time for which application threads were stopped: 0.0001855 seconds, Stopping threads took: 0.0000698 seconds
[2019-01-25T15:10:06.952+0000][1][safepoint    ] Application time: 1.0001456 seconds
[2019-01-25T15:10:06.953+0000][1][safepoint    ] Total time for which application threads were stopped: 0.0000902 seconds, Stopping threads took: 0.0000193 seconds
[2019-01-25T15:10:07.953+0000][1][safepoint    ] Application time: 1.0002472 seconds
[2019-01-25T15:10:07.956+0000][1][safepoint    ] Total time for which application threads were stopped: 0.0009497 seconds, Stopping threads took: 0.0001483 seconds
[2019-01-25T15:10:08.958+0000][1][safepoint    ] Application time: 1.0002282 seconds
[2019-01-25T15:10:08.958+0000][1][safepoint    ] Total time for which application threads were stopped: 0.0000729 seconds, Stopping threads took: 0.0000186 seconds
[2019-01-25T15:10:09.959+0000][1][safepoint    ] Application time: 1.0004200 seconds
[2019-01-25T15:10:09.960+0000][1][safepoint    ] Total time for which application threads were stopped: 0.0000864 seconds, Stopping threads took: 0.0000199 seconds
[2019-01-25T15:10:10.961+0000][1][safepoint    ] Application time: 1.0001359 seconds
[2019-01-25T15:10:10.967+0000][1][safepoint    ] Total time for which application threads were stopped: 0.0000698 seconds, Stopping threads took: 0.0000141 seconds
[2019-01-25T15:10:11.969+0000][1][safepoint    ] Application time: 1.0006937 seconds
[2019-01-25T15:10:11.972+0000][1][safepoint    ] Total time for which application threads were stopped: 0.0001976 seconds, Stopping threads took: 0.0000413 seconds
[2019-01-25T15:10:12.974+0000][1][safepoint    ] Application time: 1.0002380 seconds
[2019-01-25T15:10:12.974+0000][1][safepoint    ] Total time for which application threads were stopped: 0.0000563 seconds, Stopping threads took: 0.0000137 seconds
[2019-01-25T15:10:13.975+0000][1][safepoint    ] Application time: 1.0002431 seconds
[2019-01-25T15:10:13.975+0000][1][safepoint    ] Total time for which application threads were stopped: 0.0000629 seconds, Stopping threads took: 0.0000152 seconds
[2019-01-25T15:10:14.976+0000][1][safepoint    ] Application time: 1.0001620 seconds
[2019-01-25T15:10:14.977+0000][1][safepoint    ] Total time for which application threads were stopped: 0.0000570 seconds, Stopping threads took: 0.0000146 seconds
[2019-01-25T15:10:15.977+0000][1][safepoint    ] Application time: 1.0004101 seconds
[2019-01-25T15:10:15.980+0000][1][safepoint    ] Total time for which application threads were stopped: 0.0002629 seconds, Stopping threads took: 0.0000440 seconds
[2019-01-25T15:10:16.981+0000][1][safepoint    ] Application time: 1.0001656 seconds
[2019-01-25T15:10:16.982+0000][1][safepoint    ] Total time for which application threads were stopped: 0.0000733 seconds, Stopping threads took: 0.0000299 seconds
[2019-01-25T15:10:17.983+0000][1][safepoint    ] Application time: 1.0005871 seconds
[2019-01-25T15:10:17.985+0000][1][safepoint    ] Total time for which application threads were stopped: 0.0002808 seconds, Stopping threads took: 0.0000603 seconds
[2019-01-25T15:10:18.987+0000][1][safepoint    ] Application time: 1.0001687 seconds
[2019-01-25T15:10:18.988+0000][1][safepoint    ] Total time for which application threads were stopped: 0.0000786 seconds, Stopping threads took: 0.0000172 seconds
[2019-01-25T15:10:19.992+0000][1][safepoint    ] Application time: 1.0032318 seconds
[2019-01-25T15:10:19.996+0000][1][safepoint    ] Total time for which application threads were stopped: 0.0000826 seconds, Stopping threads took: 0.0000195 seconds
[2019-01-25T15:10:21.010+0000][1][safepoint    ] Application time: 1.0001356 seconds
[2019-01-25T15:10:21.011+0000][1][safepoint    ] Total time for which application threads were stopped: 0.0000599 seconds, Stopping threads took: 0.0000145 seconds
[2019-01-25T15:10:22.011+0000][1][safepoint    ] Application time: 1.0001538 seconds
[2019-01-25T15:10:22.012+0000][1][safepoint    ] Total time for which application threads were stopped: 0.0000981 seconds, Stopping threads took: 0.0000185 seconds
[2019-01-25T15:10:22.927+0000][1][safepoint    ] Application time: 0.9145278 seconds
[2019-01-25T15:10:22.928+0000][1][safepoint    ] Total time for which application threads were stopped: 0.0000744 seconds, Stopping threads took: 0.0000132 seconds
[2019-01-25T15:10:22.931+0000][1][safepoint    ] Application time: 0.0031056 seconds
[2019-01-25T15:10:22.932+0000][1][safepoint    ] Total time for which application threads were stopped: 0.0000697 seconds, Stopping threads took: 0.0000130 seconds
[2019-01-25T15:10:22.932+0000][1][safepoint    ] Application time: 0.0000497 seconds
[2019-01-25T15:10:22.933+0000][1][safepoint    ] Total time for which application threads were stopped: 0.0000838 seconds, Stopping threads took: 0.0000126 seconds
[2019-01-25T15:10:22.933+0000][1][safepoint    ] Application time: 0.0000624 seconds
[2019-01-25T15:10:22.934+0000][1][safepoint    ] Total time for which application threads were stopped: 0.0000661 seconds, Stopping threads took: 0.0000123 seconds
[2019-01-25T15:10:22.934+0000][1][safepoint    ] Application time: 0.0000505 seconds
[2019-01-25T15:10:22.934+0000][1][safepoint    ] Total time for which application threads were stopped: 0.0001534 seconds, Stopping threads took: 0.0000106 seconds
[2019-01-25T15:10:22.935+0000][1][safepoint    ] Application time: 0.0000529 seconds
[2019-01-25T15:10:22.935+0000][1][safepoint    ] Total time for which application threads were stopped: 0.0000854 seconds, Stopping threads took: 0.0000131 seconds
[2019-01-25T15:10:22.936+0000][1][safepoint    ] Application time: 0.0001417 seconds
[2019-01-25T15:10:22.936+0000][1][safepoint    ] Total time for which application threads were stopped: 0.0001035 seconds, Stopping threads took: 0.0000330 seconds
[2019-01-25T15:10:22.969+0000][1][safepoint    ] Application time: 0.0316577 seconds
[2019-01-25T15:10:22.969+0000][1][safepoint    ] Total time for which application threads were stopped: 0.0000772 seconds, Stopping threads took: 0.0000161 seconds
[2019-01-25T15:10:22.970+0000][1][safepoint    ] Application time: 0.0005231 seconds
[2019-01-25T15:10:22.971+0000][1][safepoint    ] Total time for which application threads were stopped: 0.0000821 seconds, Stopping threads took: 0.0000157 seconds
[2019-01-25T15:10:23.972+0000][1][safepoint    ] Application time: 1.0001690 seconds
[2019-01-25T15:10:23.973+0000][1][safepoint    ] Total time for which application threads were stopped: 0.0000975 seconds, Stopping threads took: 0.0000188 seconds
[2019-01-25T15:10:24.973+0000][1][safepoint    ] Application time: 1.0001576 seconds
[2019-01-25T15:10:24.974+0000][1][safepoint    ] Total time for which application threads were stopped: 0.0000586 seconds, Stopping threads took: 0.0000147 seconds
[2019-01-25T15:10:25.975+0000][1][safepoint    ] Application time: 1.0001545 seconds
[2019-01-25T15:10:25.976+0000][1][safepoint    ] Total time for which application threads were stopped: 0.0000822 seconds, Stopping threads took: 0.0000208 seconds
[2019-01-25T15:10:26.976+0000][1][safepoint    ] Application time: 1.0001104 seconds
[2019-01-25T15:10:26.977+0000][1][safepoint    ] Total time for which application threads were stopped: 0.0000590 seconds, Stopping threads took: 0.0000138 seconds
[2019-01-25T15:10:27.930+0000][1][safepoint    ] Application time: 0.9531490 seconds
[2019-01-25T15:10:27.933+0000][1][safepoint    ] Total time for which application threads were stopped: 0.0003148 seconds, Stopping threads took: 0.0000452 seconds
[2019-01-25T15:10:27.934+0000][1][safepoint    ] Application time: 0.0002308 seconds
[2019-01-25T15:10:27.937+0000][1][safepoint    ] Total time for which application threads were stopped: 0.0008062 seconds, Stopping threads took: 0.0000417 seconds
[2019-01-25T15:10:27.939+0000][1][safepoint    ] Application time: 0.0002546 seconds
[2019-01-25T15:10:27.941+0000][1][safepoint    ] Total time for which application threads were stopped: 0.0002520 seconds, Stopping threads took: 0.0000414 seconds
[2019-01-25T15:10:27.942+0000][1][safepoint    ] Application time: 0.0002196 seconds
[2019-01-25T15:10:27.944+0000][1][safepoint    ] Total time for which application threads were stopped: 0.0002361 seconds, Stopping threads took: 0.0000399 seconds
[2019-01-25T15:10:27.945+0000][1][safepoint    ] Application time: 0.0002215 seconds
[2019-01-25T15:10:27.950+0000][1][safepoint    ] Total time for which application threads were stopped: 0.0036948 seconds, Stopping threads took: 0.0035571 seconds
[2019-01-25T15:10:27.956+0000][1][safepoint    ] Application time: 0.0002378 seconds
[2019-01-25T15:10:27.962+0000][1][safepoint    ] Total time for which application threads were stopped: 0.0001592 seconds, Stopping threads took: 0.0000267 seconds
[2019-01-25T15:10:28.024+0000][1][safepoint    ] Application time: 0.0591861 seconds
[2019-01-25T15:10:28.028+0000][1][safepoint    ] Total time for which application threads were stopped: 0.0001100 seconds, Stopping threads took: 0.0000198 seconds
[2019-01-25T15:10:28.029+0000][1][safepoint    ] Application time: 0.0003274 seconds
[2019-01-25T15:10:28.030+0000][1][safepoint    ] Total time for which application threads were stopped: 0.0001114 seconds, Stopping threads took: 0.0000196 seconds
[2019-01-25T15:10:28.058+0000][1][safepoint    ] Application time: 0.0211441 seconds
[2019-01-25T15:10:28.058+0000][1][safepoint    ] Total time for which application threads were stopped: 0.0001332 seconds, Stopping threads took: 0.0000194 seconds
[2019-01-25T15:10:28.065+0000][1][safepoint    ] Application time: 0.0000597 seconds
[2019-01-25T15:10:28.065+0000][1][safepoint    ] Total time for which application threads were stopped: 0.0001012 seconds, Stopping threads took: 0.0000280 seconds
[2019-01-25T15:10:28.066+0000][1][safepoint    ] Application time: 0.0000924 seconds
[2019-01-25T15:10:28.067+0000][1][safepoint    ] Total time for which application threads were stopped: 0.0000739 seconds, Stopping threads took: 0.0000138 seconds
[2019-01-25T15:10:28.067+0000][1][safepoint    ] Application time: 0.0000779 seconds
[2019-01-25T15:10:28.068+0000][1][safepoint    ] Total time for which application threads were stopped: 0.0001013 seconds, Stopping threads took: 0.0000146 seconds
[2019-01-25T15:10:28.068+0000][1][safepoint    ] Application time: 0.0000644 seconds
[2019-01-25T15:10:28.069+0000][1][safepoint    ] Total time for which application threads were stopped: 0.0000746 seconds, Stopping threads took: 0.0000148 seconds
[2019-01-25T15:10:28.070+0000][1][safepoint    ] Application time: 0.0001245 seconds
[2019-01-25T15:10:28.070+0000][1][safepoint    ] Total time for which application threads were stopped: 0.0000785 seconds, Stopping threads took: 0.0000135 seconds
[2019-01-25T15:10:28.104+0000][1][safepoint    ] Application time: 0.0338195 seconds
[2019-01-25T15:10:28.105+0000][1][safepoint    ] Total time for which application threads were stopped: 0.0000723 seconds, Stopping threads took: 0.0000129 seconds
[2019-01-25T15:10:28.105+0000][1][safepoint    ] Application time: 0.0002421 seconds
[2019-01-25T15:10:28.106+0000][1][safepoint    ] Total time for which application threads were stopped: 0.0000628 seconds, Stopping threads took: 0.0000103 seconds
[2019-01-25T15:10:28.116+0000][1][safepoint    ] Application time: 0.0103261 seconds
[2019-01-25T15:10:28.117+0000][1][safepoint    ] Total time for which application threads were stopped: 0.0000948 seconds, Stopping threads took: 0.0000250 seconds
[2019-01-25T15:10:28.117+0000][1][safepoint    ] Application time: 0.0000402 seconds
[2019-01-25T15:10:28.117+0000][1][safepoint    ] Total time for which application threads were stopped: 0.0000494 seconds, Stopping threads took: 0.0000081 seconds
[2019-01-25T15:10:28.118+0000][1][safepoint    ] Application time: 0.0000477 seconds
[2019-01-25T15:10:28.118+0000][1][safepoint    ] Total time for which application threads were stopped: 0.0000480 seconds, Stopping threads took: 0.0000075 seconds
[2019-01-25T15:10:28.118+0000][1][safepoint    ] Application time: 0.0000382 seconds
[2019-01-25T15:10:28.118+0000][1][safepoint    ] Total time for which application threads were stopped: 0.0000778 seconds, Stopping threads took: 0.0000365 seconds
[2019-01-25T15:10:28.119+0000][1][safepoint    ] Application time: 0.0000365 seconds
[2019-01-25T15:10:28.119+0000][1][safepoint    ] Total time for which application threads were stopped: 0.0000444 seconds, Stopping threads took: 0.0000065 seconds
[2019-01-25T15:10:28.120+0000][1][safepoint    ] Application time: 0.0003900 seconds
[2019-01-25T15:10:28.120+0000][1][safepoint    ] Total time for which application threads were stopped: 0.0001094 seconds, Stopping threads took: 0.0000176 seconds
[2019-01-25T15:10:28.145+0000][1][safepoint    ] Application time: 0.0245922 seconds
[2019-01-25T15:10:28.146+0000][1][safepoint    ] Total time for which application threads were stopped: 0.0001108 seconds, Stopping threads took: 0.0000165 seconds
[2019-01-25T15:10:28.147+0000][1][safepoint    ] Application time: 0.0002394 seconds
[2019-01-25T15:10:28.147+0000][1][safepoint    ] Total time for which application threads were stopped: 0.0000704 seconds, Stopping threads took: 0.0000130 seconds
[2019-01-25T15:10:29.148+0000][1][safepoint    ] Application time: 1.0001214 seconds
[2019-01-25T15:10:29.149+0000][1][safepoint    ] Total time for which application threads were stopped: 0.0000887 seconds, Stopping threads took: 0.0000188 seconds
[2019-01-25T15:10:30.149+0000][1][safepoint    ] Application time: 1.0002897 seconds
[2019-01-25T15:10:30.150+0000][1][safepoint    ] Total time for which application threads were stopped: 0.0000672 seconds, Stopping threads took: 0.0000164 seconds
[2019-01-25T15:10:31.151+0000][1][safepoint    ] Application time: 1.0001065 seconds
[2019-01-25T15:10:31.152+0000][1][safepoint    ] Total time for which application threads were stopped: 0.0000599 seconds, Stopping threads took: 0.0000153 seconds
[2019-01-25T15:10:32.153+0000][1][safepoint    ] Application time: 1.0001544 seconds
[2019-01-25T15:10:32.154+0000][1][safepoint    ] Total time for which application threads were stopped: 0.0000742 seconds, Stopping threads took: 0.0000188 seconds
[2019-01-25T15:10:32.929+0000][1][safepoint    ] Application time: 0.7739897 seconds
[2019-01-25T15:10:32.929+0000][1][safepoint    ] Total time for which application threads were stopped: 0.0001541 seconds, Stopping threads took: 0.0000148 seconds
[2019-01-25T15:10:32.992+0000][1][safepoint    ] Application time: 0.0601064 seconds
[2019-01-25T15:10:32.992+0000][1][safepoint    ] Total time for which application threads were stopped: 0.0001296 seconds, Stopping threads took: 0.0000185 seconds
[2019-01-25T15:10:32.993+0000][1][safepoint    ] Application time: 0.0001189 seconds
[2019-01-25T15:10:32.993+0000][1][safepoint    ] Total time for which application threads were stopped: 0.0001329 seconds, Stopping threads took: 0.0000156 seconds
[2019-01-25T15:10:33.037+0000][1][safepoint    ] Application time: 0.0430887 seconds
[2019-01-25T15:10:33.038+0000][1][safepoint    ] Total time for which application threads were stopped: 0.0001062 seconds, Stopping threads took: 0.0000190 seconds
[2019-01-25T15:10:33.039+0000][1][safepoint    ] Application time: 0.0009694 seconds
[2019-01-25T15:10:33.040+0000][1][safepoint    ] Total time for which application threads were stopped: 0.0000756 seconds, Stopping threads took: 0.0000153 seconds
[2019-01-25T15:10:33.051+0000][1][safepoint    ] Application time: 0.0108151 seconds
[2019-01-25T15:10:33.055+0000][1][safepoint    ] Total time for which application threads were stopped: 0.0003475 seconds, Stopping threads took: 0.0000196 seconds
[2019-01-25T15:10:33.056+0000][1][safepoint    ] Application time: 0.0001878 seconds
[2019-01-25T15:10:33.057+0000][1][safepoint    ] Total time for which application threads were stopped: 0.0000979 seconds, Stopping threads took: 0.0000164 seconds
[2019-01-25T15:10:33.088+0000][1][safepoint    ] Application time: 0.0294302 seconds
[2019-01-25T15:10:33.088+0000][1][safepoint    ] Total time for which application threads were stopped: 0.0001620 seconds, Stopping threads took: 0.0000173 seconds
[2019-01-25T15:10:33.529+0000][1][safepoint    ] Application time: 0.4397284 seconds
[2019-01-25T15:10:33.530+0000][1][safepoint    ] Total time for which application threads were stopped: 0.0000812 seconds, Stopping threads took: 0.0000142 seconds
[2019-01-25T15:10:34.531+0000][1][safepoint    ] Application time: 1.0001827 seconds
[2019-01-25T15:10:34.531+0000][1][safepoint    ] Total time for which application threads were stopped: 0.0001023 seconds, Stopping threads took: 0.0000169 seconds
[2019-01-25T15:10:35.532+0000][1][safepoint    ] Application time: 1.0000974 seconds
[2019-01-25T15:10:35.533+0000][1][safepoint    ] Total time for which application threads were stopped: 0.0000889 seconds, Stopping threads took: 0.0000193 seconds
[2019-01-25T15:10:36.534+0000][1][safepoint    ] Application time: 1.0003940 seconds
[2019-01-25T15:10:36.536+0000][1][safepoint    ] Total time for which application threads were stopped: 0.0002023 seconds, Stopping threads took: 0.0000553 seconds
[2019-01-25T15:10:37.537+0000][1][safepoint    ] Application time: 1.0001802 seconds
[2019-01-25T15:10:37.538+0000][1][safepoint    ] Total time for which application threads were stopped: 0.0000735 seconds, Stopping threads took: 0.0000194 seconds
[2019-01-25T15:10:38.538+0000][1][safepoint    ] Application time: 1.0001219 seconds
[2019-01-25T15:10:38.539+0000][1][safepoint    ] Total time for which application threads were stopped: 0.0000871 seconds, Stopping threads took: 0.0000189 seconds
[2019-01-25T15:10:39.540+0000][1][safepoint    ] Application time: 1.0001343 seconds
[2019-01-25T15:10:39.541+0000][1][safepoint    ] Total time for which application threads were stopped: 0.0000974 seconds, Stopping threads took: 0.0000203 seconds
[2019-01-25T15:10:40.542+0000][1][safepoint    ] Application time: 1.0001837 seconds
[2019-01-25T15:10:40.543+0000][1][safepoint    ] Total time for which application threads were stopped: 0.0001240 seconds, Stopping threads took: 0.0000271 seconds
[2019-01-25T15:10:41.544+0000][1][safepoint    ] Application time: 1.0001129 seconds
[2019-01-25T15:10:41.545+0000][1][safepoint    ] Total time for which application threads were stopped: 0.0000768 seconds, Stopping threads took: 0.0000173 seconds
[2019-01-25T15:10:42.546+0000][1][safepoint    ] Application time: 1.0001193 seconds
[2019-01-25T15:10:42.547+0000][1][safepoint    ] Total time for which application threads were stopped: 0.0000574 seconds, Stopping threads took: 0.0000133 seconds
[2019-01-25T15:10:43.547+0000][1][safepoint    ] Application time: 1.0001460 seconds
[2019-01-25T15:10:43.548+0000][1][safepoint    ] Total time for which application threads were stopped: 0.0000918 seconds, Stopping threads took: 0.0000186 seconds
[2019-01-25T15:10:44.550+0000][1][safepoint    ] Application time: 1.0016360 seconds
[2019-01-25T15:10:44.551+0000][1][safepoint    ] Total time for which application threads were stopped: 0.0000913 seconds, Stopping threads took: 0.0000186 seconds
[2019-01-25T15:10:45.551+0000][1][safepoint    ] Application time: 1.0000908 seconds
[2019-01-25T15:10:45.553+0000][1][safepoint    ] Total time for which application threads were stopped: 0.0000909 seconds, Stopping threads took: 0.0000189 seconds
[2019-01-25T15:10:46.553+0000][1][safepoint    ] Application time: 1.0001432 seconds
[2019-01-25T15:10:46.554+0000][1][safepoint    ] Total time for which application threads were stopped: 0.0000740 seconds, Stopping threads took: 0.0000161 seconds
[2019-01-25T15:10:47.555+0000][1][safepoint    ] Application time: 1.0001545 seconds
[2019-01-25T15:10:47.555+0000][1][safepoint    ] Total time for which application threads were stopped: 0.0000739 seconds, Stopping threads took: 0.0000317 seconds
[2019-01-25T15:10:48.556+0000][1][safepoint    ] Application time: 1.0003442 seconds
[2019-01-25T15:10:48.558+0000][1][safepoint    ] Total time for which application threads were stopped: 0.0001160 seconds, Stopping threads took: 0.0000251 seconds
[2019-01-25T15:10:49.558+0000][1][safepoint    ] Application time: 1.0001340 seconds
[2019-01-25T15:10:49.559+0000][1][safepoint    ] Total time for which application threads were stopped: 0.0000577 seconds, Stopping threads took: 0.0000148 seconds
[2019-01-25T15:10:50.559+0000][1][safepoint    ] Application time: 1.0002069 seconds
[2019-01-25T15:10:50.561+0000][1][safepoint    ] Total time for which application threads were stopped: 0.0004390 seconds, Stopping threads took: 0.0000361 seconds
[2019-01-25T15:10:51.563+0000][1][safepoint    ] Application time: 1.0001534 seconds
[2019-01-25T15:10:51.563+0000][1][safepoint    ] Total time for which application threads were stopped: 0.0001003 seconds, Stopping threads took: 0.0000214 seconds
[2019-01-25T15:10:52.564+0000][1][safepoint    ] Application time: 1.0003351 seconds
[2019-01-25T15:10:52.566+0000][1][safepoint    ] Total time for which application threads were stopped: 0.0002125 seconds, Stopping threads took: 0.0000565 seconds
[2019-01-25T15:10:53.568+0000][1][safepoint    ] Application time: 1.0002033 seconds
[2019-01-25T15:10:53.568+0000][1][safepoint    ] Total time for which application threads were stopped: 0.0000584 seconds, Stopping threads took: 0.0000147 seconds
[2019-01-25T15:10:54.569+0000][1][safepoint    ] Application time: 1.0003602 seconds
[2019-01-25T15:10:54.570+0000][1][safepoint    ] Total time for which application threads were stopped: 0.0000943 seconds, Stopping threads took: 0.0000221 seconds
[2019-01-25T15:10:55.571+0000][1][safepoint    ] Application time: 1.0001896 seconds
[2019-01-25T15:10:55.571+0000][1][safepoint    ] Total time for which application threads were stopped: 0.0001046 seconds, Stopping threads took: 0.0000316 seconds
[2019-01-25T15:10:56.572+0000][1][safepoint    ] Application time: 1.0002210 seconds
[2019-01-25T15:10:56.573+0000][1][safepoint    ] Total time for which application threads were stopped: 0.0001352 seconds, Stopping threads took: 0.0000346 seconds
[2019-01-25T15:10:57.574+0000][1][safepoint    ] Application time: 1.0001551 seconds
[2019-01-25T15:10:57.575+0000][1][safepoint    ] Total time for which application threads were stopped: 0.0000616 seconds, Stopping threads took: 0.0000149 seconds
[2019-01-25T15:10:58.067+0000][1][safepoint    ] Application time: 0.4913652 seconds
[2019-01-25T15:10:58.067+0000][1][gc,start     ] GC(36) Pause Young (Allocation Failure)
[2019-01-25T15:10:58.068+0000][1][gc,task      ] GC(36) Using 2 workers of 2 for evacuation
[2019-01-25T15:10:58.073+0000][1][gc,age       ] GC(36) Desired survivor size 4456448 bytes, new threshold 6 (max threshold 6)
[2019-01-25T15:10:58.073+0000][1][gc,age       ] GC(36) Age table with threshold 6 (max threshold 6)
[2019-01-25T15:10:58.074+0000][1][gc,age       ] GC(36) - age   1:     289128 bytes,     289128 total
[2019-01-25T15:10:58.074+0000][1][gc,age       ] GC(36) - age   2:     435736 bytes,     724864 total
[2019-01-25T15:10:58.075+0000][1][gc,age       ] GC(36) - age   3:     456648 bytes,    1181512 total
[2019-01-25T15:10:58.076+0000][1][gc,age       ] GC(36) - age   4:     239016 bytes,    1420528 total
[2019-01-25T15:10:58.076+0000][1][gc,age       ] GC(36) - age   5:      35656 bytes,    1456184 total
[2019-01-25T15:10:58.077+0000][1][gc,age       ] GC(36) - age   6:      29872 bytes,    1486056 total
[2019-01-25T15:10:58.078+0000][1][gc,heap      ] GC(36) ParNew: 71916K->2345K(78656K)
[2019-01-25T15:10:58.078+0000][1][gc,heap      ] GC(36) CMS: 86959K->86974K(174784K)
[2019-01-25T15:10:58.080+0000][1][gc,metaspace ] GC(36) Metaspace: 72402K->72402K(1116160K)
[2019-01-25T15:10:58.080+0000][1][gc           ] GC(36) Pause Young (Allocation Failure) 155M->87M(247M) 12.892ms
[2019-01-25T15:10:58.080+0000][1][gc,cpu       ] GC(36) User=0.01s Sys=0.00s Real=0.01s
[2019-01-25T15:10:58.081+0000][1][safepoint    ] Total time for which application threads were stopped: 0.0135486 seconds, Stopping threads took: 0.0000131 seconds
[2019-01-25T15:10:58.081+0000][1][safepoint    ] Application time: 0.0003716 seconds
[2019-01-25T15:10:58.083+0000][1][safepoint    ] Total time for which application threads were stopped: 0.0006769 seconds, Stopping threads took: 0.0000193 seconds
[2019-01-25T15:10:59.084+0000][1][safepoint    ] Application time: 1.0003032 seconds
[2019-01-25T15:10:59.085+0000][1][safepoint    ] Total time for which application threads were stopped: 0.0001254 seconds, Stopping threads took: 0.0000278 seconds
[2019-01-25T15:11:00.086+0000][1][safepoint    ] Application time: 1.0001496 seconds
[2019-01-25T15:11:00.087+0000][1][safepoint    ] Total time for which application threads were stopped: 0.0001102 seconds, Stopping threads took: 0.0000205 seconds
[2019-01-25T15:11:01.088+0000][1][safepoint    ] Application time: 1.0003699 seconds
[2019-01-25T15:11:01.088+0000][1][safepoint    ] Total time for which application threads were stopped: 0.0000764 seconds, Stopping threads took: 0.0000148 seconds
[2019-01-25T15:11:02.089+0000][1][safepoint    ] Application time: 1.0001306 seconds
[2019-01-25T15:11:02.089+0000][1][safepoint    ] Total time for which application threads were stopped: 0.0000557 seconds, Stopping threads took: 0.0000132 seconds
[2019-01-25T15:11:03.090+0000][1][safepoint    ] Application time: 1.0003101 seconds
[2019-01-25T15:11:03.102+0000][1][safepoint    ] Total time for which application threads were stopped: 0.0023410 seconds, Stopping threads took: 0.0000596 seconds
[2019-01-25T15:11:04.104+0000][1][safepoint    ] Application time: 1.0001966 seconds
[2019-01-25T15:11:04.105+0000][1][safepoint    ] Total time for which application threads were stopped: 0.0000912 seconds, Stopping threads took: 0.0000190 seconds
[2019-01-25T15:11:05.105+0000][1][safepoint    ] Application time: 1.0002584 seconds
[2019-01-25T15:11:05.106+0000][1][safepoint    ] Total time for which application threads were stopped: 0.0000805 seconds, Stopping threads took: 0.0000198 seconds
[2019-01-25T15:11:05.953+0000][1][safepoint    ] Application time: 0.8465972 seconds
[2019-01-25T15:11:05.955+0000][1][safepoint    ] Total time for which application threads were stopped: 0.0001815 seconds, Stopping threads took: 0.0000441 seconds
[2019-01-25T15:11:06.963+0000][1][safepoint    ] Application time: 1.0029993 seconds
[2019-01-25T15:11:06.964+0000][1][safepoint    ] Total time for which application threads were stopped: 0.0001070 seconds, Stopping threads took: 0.0000263 seconds
[2019-01-25T15:11:07.931+0000][1][safepoint    ] Application time: 0.9665255 seconds
[2019-01-25T15:11:07.932+0000][1][safepoint    ] Total time for which application threads were stopped: 0.0000720 seconds, Stopping threads took: 0.0000129 seconds
[2019-01-25T15:11:07.932+0000][1][safepoint    ] Application time: 0.0000639 seconds
[2019-01-25T15:11:07.933+0000][1][safepoint    ] Total time for which application threads were stopped: 0.0000636 seconds, Stopping threads took: 0.0000112 seconds
[2019-01-25T15:11:07.934+0000][1][safepoint    ] Application time: 0.0003179 seconds
[2019-01-25T15:11:07.934+0000][1][safepoint    ] Total time for which application threads were stopped: 0.0000745 seconds, Stopping threads took: 0.0000140 seconds
[2019-01-25T15:11:07.935+0000][1][safepoint    ] Application time: 0.0000656 seconds
[2019-01-25T15:11:07.935+0000][1][safepoint    ] Total time for which application threads were stopped: 0.0000847 seconds, Stopping threads took: 0.0000131 seconds
[2019-01-25T15:11:07.936+0000][1][safepoint    ] Application time: 0.0002842 seconds
[2019-01-25T15:11:07.936+0000][1][safepoint    ] Total time for which application threads were stopped: 0.0000856 seconds, Stopping threads took: 0.0000119 seconds
[2019-01-25T15:11:07.937+0000][1][safepoint    ] Application time: 0.0000885 seconds
[2019-01-25T15:11:07.937+0000][1][safepoint    ] Total time for which application threads were stopped: 0.0000697 seconds, Stopping threads took: 0.0000123 seconds
[2019-01-25T15:11:07.938+0000][1][safepoint    ] Application time: 0.0000611 seconds
[2019-01-25T15:11:07.938+0000][1][safepoint    ] Total time for which application threads were stopped: 0.0000693 seconds, Stopping threads took: 0.0000118 seconds
[2019-01-25T15:11:07.939+0000][1][safepoint    ] Application time: 0.0000526 seconds
[2019-01-25T15:11:07.939+0000][1][safepoint    ] Total time for which application threads were stopped: 0.0000650 seconds, Stopping threads took: 0.0000109 seconds
[2019-01-25T15:11:07.940+0000][1][safepoint    ] Application time: 0.0002661 seconds
[2019-01-25T15:11:07.940+0000][1][safepoint    ] Total time for which application threads were stopped: 0.0000711 seconds, Stopping threads took: 0.0000128 seconds
[2019-01-25T15:11:07.941+0000][1][safepoint    ] Application time: 0.0000794 seconds
[2019-01-25T15:11:07.941+0000][1][safepoint    ] Total time for which application threads were stopped: 0.0000943 seconds, Stopping threads took: 0.0000325 seconds
[2019-01-25T15:11:07.942+0000][1][safepoint    ] Application time: 0.0000720 seconds
[2019-01-25T15:11:07.942+0000][1][safepoint    ] Total time for which application threads were stopped: 0.0003349 seconds, Stopping threads took: 0.0000148 seconds
[2019-01-25T15:11:07.943+0000][1][safepoint    ] Application time: 0.0000603 seconds
[2019-01-25T15:11:07.943+0000][1][safepoint    ] Total time for which application threads were stopped: 0.0002539 seconds, Stopping threads took: 0.0000124 seconds
[2019-01-25T15:11:07.944+0000][1][safepoint    ] Application time: 0.0003819 seconds
[2019-01-25T15:11:07.945+0000][1][safepoint    ] Total time for which application threads were stopped: 0.0000749 seconds, Stopping threads took: 0.0000129 seconds
[2019-01-25T15:11:07.945+0000][1][safepoint    ] Application time: 0.0000499 seconds
[2019-01-25T15:11:07.946+0000][1][safepoint    ] Total time for which application threads were stopped: 0.0000733 seconds, Stopping threads took: 0.0000133 seconds
[2019-01-25T15:11:07.946+0000][1][safepoint    ] Application time: 0.0000642 seconds
[2019-01-25T15:11:07.946+0000][1][safepoint    ] Total time for which application threads were stopped: 0.0000739 seconds, Stopping threads took: 0.0000133 seconds
[2019-01-25T15:11:07.947+0000][1][safepoint    ] Application time: 0.0000528 seconds
[2019-01-25T15:11:07.947+0000][1][safepoint    ] Total time for which application threads were stopped: 0.0000746 seconds, Stopping threads took: 0.0000150 seconds
[2019-01-25T15:11:07.948+0000][1][safepoint    ] Application time: 0.0000564 seconds
[2019-01-25T15:11:07.948+0000][1][safepoint    ] Total time for which application threads were stopped: 0.0000703 seconds, Stopping threads took: 0.0000137 seconds
[2019-01-25T15:11:07.949+0000][1][safepoint    ] Application time: 0.0001170 seconds
[2019-01-25T15:11:07.950+0000][1][safepoint    ] Total time for which application threads were stopped: 0.0002612 seconds, Stopping threads took: 0.0000578 seconds
[2019-01-25T15:11:07.976+0000][1][safepoint    ] Application time: 0.0258114 seconds
[2019-01-25T15:11:07.977+0000][1][safepoint    ] Total time for which application threads were stopped: 0.0001051 seconds, Stopping threads took: 0.0000187 seconds
[2019-01-25T15:11:07.977+0000][1][safepoint    ] Application time: 0.0002229 seconds
[2019-01-25T15:11:07.978+0000][1][safepoint    ] Total time for which application threads were stopped: 0.0000721 seconds, Stopping threads took: 0.0000120 seconds
[2019-01-25T15:11:07.993+0000][1][safepoint    ] Application time: 0.0144690 seconds
[2019-01-25T15:11:07.994+0000][1][safepoint    ] Total time for which application threads were stopped: 0.0000722 seconds, Stopping threads took: 0.0000143 seconds
[2019-01-25T15:11:07.995+0000][1][safepoint    ] Application time: 0.0000598 seconds
[2019-01-25T15:11:07.995+0000][1][safepoint    ] Total time for which application threads were stopped: 0.0001220 seconds, Stopping threads took: 0.0000136 seconds
[2019-01-25T15:11:07.995+0000][1][safepoint    ] Application time: 0.0000670 seconds
[2019-01-25T15:11:07.996+0000][1][safepoint    ] Total time for which application threads were stopped: 0.0000725 seconds, Stopping threads took: 0.0000119 seconds
[2019-01-25T15:11:07.996+0000][1][safepoint    ] Application time: 0.0000673 seconds
[2019-01-25T15:11:07.997+0000][1][safepoint    ] Total time for which application threads were stopped: 0.0001056 seconds, Stopping threads took: 0.0000176 seconds
[2019-01-25T15:11:07.997+0000][1][safepoint    ] Application time: 0.0000896 seconds
[2019-01-25T15:11:07.998+0000][1][safepoint    ] Total time for which application threads were stopped: 0.0000771 seconds, Stopping threads took: 0.0000138 seconds
[2019-01-25T15:11:07.999+0000][1][safepoint    ] Application time: 0.0001105 seconds
[2019-01-25T15:11:07.999+0000][1][safepoint    ] Total time for which application threads were stopped: 0.0001209 seconds, Stopping threads took: 0.0000193 seconds
[2019-01-25T15:11:08.019+0000][1][safepoint    ] Application time: 0.0197465 seconds
[2019-01-25T15:11:08.020+0000][1][safepoint    ] Total time for which application threads were stopped: 0.0000698 seconds, Stopping threads took: 0.0000114 seconds
[2019-01-25T15:11:08.020+0000][1][safepoint    ] Application time: 0.0001897 seconds
[2019-01-25T15:11:08.021+0000][1][safepoint    ] Total time for which application threads were stopped: 0.0000703 seconds, Stopping threads took: 0.0000121 seconds
[2019-01-25T15:11:08.034+0000][1][safepoint    ] Application time: 0.0129773 seconds
[2019-01-25T15:11:08.035+0000][1][safepoint    ] Total time for which application threads were stopped: 0.0002161 seconds, Stopping threads took: 0.0001274 seconds
[2019-01-25T15:11:08.035+0000][1][safepoint    ] Application time: 0.0000787 seconds
[2019-01-25T15:11:08.036+0000][1][safepoint    ] Total time for which application threads were stopped: 0.0002176 seconds, Stopping threads took: 0.0000140 seconds
[2019-01-25T15:11:08.036+0000][1][safepoint    ] Application time: 0.0000961 seconds
[2019-01-25T15:11:08.037+0000][1][safepoint    ] Total time for which application threads were stopped: 0.0000941 seconds, Stopping threads took: 0.0000146 seconds
[2019-01-25T15:11:08.037+0000][1][safepoint    ] Application time: 0.0000787 seconds
[2019-01-25T15:11:08.038+0000][1][safepoint    ] Total time for which application threads were stopped: 0.0000746 seconds, Stopping threads took: 0.0000163 seconds
[2019-01-25T15:11:08.038+0000][1][safepoint    ] Application time: 0.0000772 seconds
[2019-01-25T15:11:08.039+0000][1][safepoint    ] Total time for which application threads were stopped: 0.0001041 seconds, Stopping threads took: 0.0000512 seconds
[2019-01-25T15:11:08.039+0000][1][safepoint    ] Application time: 0.0001565 seconds
[2019-01-25T15:11:08.040+0000][1][safepoint    ] Total time for which application threads were stopped: 0.0000974 seconds, Stopping threads took: 0.0000146 seconds
[2019-01-25T15:11:08.064+0000][1][safepoint    ] Application time: 0.0240743 seconds
[2019-01-25T15:11:08.065+0000][1][safepoint    ] Total time for which application threads were stopped: 0.0001023 seconds, Stopping threads took: 0.0000180 seconds
[2019-01-25T15:11:08.065+0000][1][safepoint    ] Application time: 0.0002403 seconds
[2019-01-25T15:11:08.066+0000][1][safepoint    ] Total time for which application threads were stopped: 0.0001324 seconds, Stopping threads took: 0.0000371 seconds
[2019-01-25T15:11:08.096+0000][1][safepoint    ] Application time: 0.0294178 seconds
[2019-01-25T15:11:08.097+0000][1][safepoint    ] Total time for which application threads were stopped: 0.0009756 seconds, Stopping threads took: 0.0000167 seconds
[2019-01-25T15:11:08.098+0000][1][safepoint    ] Application time: 0.0000890 seconds
[2019-01-25T15:11:08.099+0000][1][safepoint    ] Total time for which application threads were stopped: 0.0006272 seconds, Stopping threads took: 0.0000132 seconds
[2019-01-25T15:11:08.100+0000][1][safepoint    ] Application time: 0.0000877 seconds
[2019-01-25T15:11:08.101+0000][1][safepoint    ] Total time for which application threads were stopped: 0.0004877 seconds, Stopping threads took: 0.0000168 seconds
[2019-01-25T15:11:08.101+0000][1][safepoint    ] Application time: 0.0000769 seconds
[2019-01-25T15:11:08.102+0000][1][safepoint    ] Total time for which application threads were stopped: 0.0004633 seconds, Stopping threads took: 0.0000160 seconds
[2019-01-25T15:11:08.103+0000][1][safepoint    ] Application time: 0.0000695 seconds
[2019-01-25T15:11:08.104+0000][1][safepoint    ] Total time for which application threads were stopped: 0.0001015 seconds, Stopping threads took: 0.0000175 seconds
[2019-01-25T15:11:08.108+0000][1][safepoint    ] Application time: 0.0001058 seconds
[2019-01-25T15:11:08.109+0000][1][safepoint    ] Total time for which application threads were stopped: 0.0000697 seconds, Stopping threads took: 0.0000134 seconds
[2019-01-25T15:11:08.148+0000][1][safepoint    ] Application time: 0.0383925 seconds
[2019-01-25T15:11:08.149+0000][1][safepoint    ] Total time for which application threads were stopped: 0.0001173 seconds, Stopping threads took: 0.0000324 seconds
[2019-01-25T15:11:08.149+0000][1][safepoint    ] Application time: 0.0002001 seconds
[2019-01-25T15:11:08.150+0000][1][safepoint    ] Total time for which application threads were stopped: 0.0000646 seconds, Stopping threads took: 0.0000122 seconds
[2019-01-25T15:11:08.362+0000][1][safepoint    ] Application time: 0.2118728 seconds
[2019-01-25T15:11:08.363+0000][1][safepoint    ] Total time for which application threads were stopped: 0.0001206 seconds, Stopping threads took: 0.0000190 seconds
[2019-01-25T15:11:08.363+0000][1][safepoint    ] Application time: 0.0000748 seconds
[2019-01-25T15:11:08.363+0000][1][safepoint    ] Total time for which application threads were stopped: 0.0001009 seconds, Stopping threads took: 0.0000156 seconds
[2019-01-25T15:11:08.364+0000][1][safepoint    ] Application time: 0.0001755 seconds
[2019-01-25T15:11:08.364+0000][1][safepoint    ] Total time for which application threads were stopped: 0.0000706 seconds, Stopping threads took: 0.0000112 seconds
[2019-01-25T15:11:08.365+0000][1][safepoint    ] Application time: 0.0000552 seconds
[2019-01-25T15:11:08.365+0000][1][safepoint    ] Total time for which application threads were stopped: 0.0000721 seconds, Stopping threads took: 0.0000129 seconds
[2019-01-25T15:11:08.366+0000][1][safepoint    ] Application time: 0.0003634 seconds
[2019-01-25T15:11:08.367+0000][1][safepoint    ] Total time for which application threads were stopped: 0.0001089 seconds, Stopping threads took: 0.0000131 seconds
[2019-01-25T15:11:08.370+0000][1][safepoint    ] Application time: 0.0000633 seconds
[2019-01-25T15:11:08.371+0000][1][safepoint    ] Total time for which application threads were stopped: 0.0000730 seconds, Stopping threads took: 0.0000140 seconds
[2019-01-25T15:11:09.376+0000][1][safepoint    ] Application time: 1.0002026 seconds
[2019-01-25T15:11:09.377+0000][1][safepoint    ] Total time for which application threads were stopped: 0.0001052 seconds, Stopping threads took: 0.0000225 seconds
[2019-01-25T15:11:10.377+0000][1][safepoint    ] Application time: 1.0001323 seconds
[2019-01-25T15:11:10.379+0000][1][safepoint    ] Total time for which application threads were stopped: 0.0000885 seconds, Stopping threads took: 0.0000194 seconds
[2019-01-25T15:11:11.379+0000][1][safepoint    ] Application time: 1.0002549 seconds
[2019-01-25T15:11:11.381+0000][1][safepoint    ] Total time for which application threads were stopped: 0.0001703 seconds, Stopping threads took: 0.0000401 seconds
[2019-01-25T15:11:12.382+0000][1][safepoint    ] Application time: 1.0001390 seconds
[2019-01-25T15:11:12.383+0000][1][safepoint    ] Total time for which application threads were stopped: 0.0000985 seconds, Stopping threads took: 0.0000208 seconds
[2019-01-25T15:11:13.384+0000][1][safepoint    ] Application time: 1.0002295 seconds
[2019-01-25T15:11:13.385+0000][1][safepoint    ] Total time for which application threads were stopped: 0.0001490 seconds, Stopping threads took: 0.0000349 seconds
[2019-01-25T15:11:14.387+0000][1][safepoint    ] Application time: 1.0001666 seconds
[2019-01-25T15:11:14.387+0000][1][safepoint    ] Total time for which application threads were stopped: 0.0000806 seconds, Stopping threads took: 0.0000194 seconds
[2019-01-25T15:11:15.388+0000][1][safepoint    ] Application time: 1.0003107 seconds
[2019-01-25T15:11:15.390+0000][1][safepoint    ] Total time for which application threads were stopped: 0.0002198 seconds, Stopping threads took: 0.0000401 seconds
[2019-01-25T15:11:16.392+0000][1][safepoint    ] Application time: 1.0001686 seconds
[2019-01-25T15:11:16.392+0000][1][safepoint    ] Total time for which application threads were stopped: 0.0000567 seconds, Stopping threads took: 0.0000140 seconds
[2019-01-25T15:11:17.393+0000][1][safepoint    ] Application time: 1.0001428 seconds
[2019-01-25T15:11:17.394+0000][1][safepoint    ] Total time for which application threads were stopped: 0.0001992 seconds, Stopping threads took: 0.0000719 seconds
[2019-01-25T15:11:18.395+0000][1][safepoint    ] Application time: 1.0001974 seconds
[2019-01-25T15:11:18.395+0000][1][safepoint    ] Total time for which application threads were stopped: 0.0000803 seconds, Stopping threads took: 0.0000189 seconds
[2019-01-25T15:11:19.396+0000][1][safepoint    ] Application time: 1.0001981 seconds
[2019-01-25T15:11:19.397+0000][1][safepoint    ] Total time for which application threads were stopped: 0.0001426 seconds, Stopping threads took: 0.0000304 seconds
[2019-01-25T15:11:20.398+0000][1][safepoint    ] Application time: 1.0001425 seconds
[2019-01-25T15:11:20.399+0000][1][safepoint    ] Total time for which application threads were stopped: 0.0000779 seconds, Stopping threads took: 0.0000212 seconds
[2019-01-25T15:11:21.400+0000][1][safepoint    ] Application time: 1.0001447 seconds
[2019-01-25T15:11:21.400+0000][1][safepoint    ] Total time for which application threads were stopped: 0.0000672 seconds, Stopping threads took: 0.0000146 seconds
[2019-01-25T15:11:22.401+0000][1][safepoint    ] Application time: 1.0001147 seconds
[2019-01-25T15:11:22.401+0000][1][safepoint    ] Total time for which application threads were stopped: 0.0000574 seconds, Stopping threads took: 0.0000135 seconds
[2019-01-25T15:11:23.402+0000][1][safepoint    ] Application time: 1.0002442 seconds
[2019-01-25T15:11:23.404+0000][1][safepoint    ] Total time for which application threads were stopped: 0.0003131 seconds, Stopping threads took: 0.0000806 seconds
[2019-01-25T15:11:24.406+0000][1][safepoint    ] Application time: 1.0001547 seconds
[2019-01-25T15:11:24.406+0000][1][safepoint    ] Total time for which application threads were stopped: 0.0000612 seconds, Stopping threads took: 0.0000154 seconds
[2019-01-25T15:11:25.407+0000][1][safepoint    ] Application time: 1.0001837 seconds
[2019-01-25T15:11:25.407+0000][1][safepoint    ] Total time for which application threads were stopped: 0.0000874 seconds, Stopping threads took: 0.0000199 seconds
[2019-01-25T15:11:26.408+0000][1][safepoint    ] Application time: 1.0001713 seconds
[2019-01-25T15:11:26.409+0000][1][safepoint    ] Total time for which application threads were stopped: 0.0000665 seconds, Stopping threads took: 0.0000152 seconds
[2019-01-25T15:11:27.410+0000][1][safepoint    ] Application time: 1.0004823 seconds
[2019-01-25T15:11:27.412+0000][1][safepoint    ] Total time for which application threads were stopped: 0.0002858 seconds, Stopping threads took: 0.0000604 seconds
[2019-01-25T15:11:28.414+0000][1][safepoint    ] Application time: 1.0001307 seconds
[2019-01-25T15:11:28.415+0000][1][safepoint    ] Total time for which application threads were stopped: 0.0000622 seconds, Stopping threads took: 0.0000155 seconds
[2019-01-25T15:11:29.415+0000][1][safepoint    ] Application time: 1.0001945 seconds
[2019-01-25T15:11:29.416+0000][1][safepoint    ] Total time for which application threads were stopped: 0.0001241 seconds, Stopping threads took: 0.0000323 seconds
[2019-01-25T15:11:30.417+0000][1][safepoint    ] Application time: 1.0001175 seconds
[2019-01-25T15:11:30.417+0000][1][safepoint    ] Total time for which application threads were stopped: 0.0000578 seconds, Stopping threads took: 0.0000142 seconds
[2019-01-25T15:11:31.418+0000][1][safepoint    ] Application time: 1.0001673 seconds
[2019-01-25T15:11:31.418+0000][1][safepoint    ] Total time for which application threads were stopped: 0.0000569 seconds, Stopping threads took: 0.0000143 seconds
[2019-01-25T15:11:32.419+0000][1][safepoint    ] Application time: 1.0001181 seconds
[2019-01-25T15:11:32.419+0000][1][safepoint    ] Total time for which application threads were stopped: 0.0000689 seconds, Stopping threads took: 0.0000155 seconds
[2019-01-25T15:11:33.420+0000][1][safepoint    ] Application time: 1.0004646 seconds
[2019-01-25T15:11:33.422+0000][1][safepoint    ] Total time for which application threads were stopped: 0.0001502 seconds, Stopping threads took: 0.0000423 seconds
[2019-01-25T15:11:34.423+0000][1][safepoint    ] Application time: 1.0001238 seconds
[2019-01-25T15:11:34.424+0000][1][safepoint    ] Total time for which application threads were stopped: 0.0001163 seconds, Stopping threads took: 0.0000187 seconds
[2019-01-25T15:11:35.424+0000][1][safepoint    ] Application time: 1.0001387 seconds
[2019-01-25T15:11:35.425+0000][1][safepoint    ] Total time for which application threads were stopped: 0.0000855 seconds, Stopping threads took: 0.0000204 seconds
[2019-01-25T15:11:36.425+0000][1][safepoint    ] Application time: 1.0001455 seconds
[2019-01-25T15:11:36.426+0000][1][safepoint    ] Total time for which application threads were stopped: 0.0000931 seconds, Stopping threads took: 0.0000203 seconds
[2019-01-25T15:11:37.427+0000][1][safepoint    ] Application time: 1.0001853 seconds
[2019-01-25T15:11:37.428+0000][1][safepoint    ] Total time for which application threads were stopped: 0.0000974 seconds, Stopping threads took: 0.0000237 seconds
[2019-01-25T15:11:37.939+0000][1][safepoint    ] Application time: 0.5106412 seconds
[2019-01-25T15:11:37.940+0000][1][safepoint    ] Total time for which application threads were stopped: 0.0000752 seconds, Stopping threads took: 0.0000141 seconds
[2019-01-25T15:11:38.010+0000][1][safepoint    ] Application time: 0.0702183 seconds
[2019-01-25T15:11:38.011+0000][1][safepoint    ] Total time for which application threads were stopped: 0.0001186 seconds, Stopping threads took: 0.0000208 seconds
[2019-01-25T15:11:38.011+0000][1][safepoint    ] Application time: 0.0000644 seconds
[2019-01-25T15:11:38.012+0000][1][safepoint    ] Total time for which application threads were stopped: 0.0000917 seconds, Stopping threads took: 0.0000173 seconds
[2019-01-25T15:11:38.056+0000][1][safepoint    ] Application time: 0.0425266 seconds
[2019-01-25T15:11:38.057+0000][1][safepoint    ] Total time for which application threads were stopped: 0.0001018 seconds, Stopping threads took: 0.0000186 seconds
[2019-01-25T15:11:38.058+0000][1][safepoint    ] Application time: 0.0003280 seconds
[2019-01-25T15:11:38.059+0000][1][safepoint    ] Total time for which application threads were stopped: 0.0003473 seconds, Stopping threads took: 0.0000155 seconds
[2019-01-25T15:11:38.068+0000][1][safepoint    ] Application time: 0.0064705 seconds
[2019-01-25T15:11:38.068+0000][1][safepoint    ] Total time for which application threads were stopped: 0.0000790 seconds, Stopping threads took: 0.0000158 seconds
[2019-01-25T15:11:38.083+0000][1][safepoint    ] Application time: 0.0137852 seconds
[2019-01-25T15:11:38.083+0000][1][safepoint    ] Total time for which application threads were stopped: 0.0001321 seconds, Stopping threads took: 0.0000314 seconds
[2019-01-25T15:11:38.393+0000][1][safepoint    ] Application time: 0.3095219 seconds
[2019-01-25T15:11:38.394+0000][1][safepoint    ] Total time for which application threads were stopped: 0.0000929 seconds, Stopping threads took: 0.0000143 seconds
[2019-01-25T15:11:39.396+0000][1][safepoint    ] Application time: 1.0001214 seconds
[2019-01-25T15:11:39.396+0000][1][safepoint    ] Total time for which application threads were stopped: 0.0000637 seconds, Stopping threads took: 0.0000148 seconds
[2019-01-25T15:11:40.397+0000][1][safepoint    ] Application time: 1.0001015 seconds
[2019-01-25T15:11:40.397+0000][1][safepoint    ] Total time for which application threads were stopped: 0.0000802 seconds, Stopping threads took: 0.0000159 seconds
[2019-01-25T15:11:41.398+0000][1][safepoint    ] Application time: 1.0001497 seconds
[2019-01-25T15:11:41.399+0000][1][safepoint    ] Total time for which application threads were stopped: 0.0000909 seconds, Stopping threads took: 0.0000189 seconds
[2019-01-25T15:11:42.399+0000][1][safepoint    ] Application time: 1.0001274 seconds
[2019-01-25T15:11:42.400+0000][1][safepoint    ] Total time for which application threads were stopped: 0.0001010 seconds, Stopping threads took: 0.0000229 seconds
[2019-01-25T15:11:43.400+0000][1][safepoint    ] Application time: 1.0002455 seconds
[2019-01-25T15:11:43.401+0000][1][safepoint    ] Total time for which application threads were stopped: 0.0001043 seconds, Stopping threads took: 0.0000253 seconds
[2019-01-25T15:11:44.402+0000][1][safepoint    ] Application time: 1.0001383 seconds
[2019-01-25T15:11:44.403+0000][1][safepoint    ] Total time for which application threads were stopped: 0.0000575 seconds, Stopping threads took: 0.0000149 seconds
[2019-01-25T15:11:45.404+0000][1][safepoint    ] Application time: 1.0003046 seconds
[2019-01-25T15:11:45.407+0000][1][safepoint    ] Total time for which application threads were stopped: 0.0002210 seconds, Stopping threads took: 0.0000621 seconds
[2019-01-25T15:11:46.408+0000][1][safepoint    ] Application time: 1.0001867 seconds
[2019-01-25T15:11:46.408+0000][1][safepoint    ] Total time for which application threads were stopped: 0.0000584 seconds, Stopping threads took: 0.0000156 seconds
[2019-01-25T15:11:47.409+0000][1][safepoint    ] Application time: 1.0001134 seconds
[2019-01-25T15:11:47.410+0000][1][safepoint    ] Total time for which application threads were stopped: 0.0000600 seconds, Stopping threads took: 0.0000142 seconds
[2019-01-25T15:11:48.410+0000][1][safepoint    ] Application time: 1.0001165 seconds
[2019-01-25T15:11:48.411+0000][1][safepoint    ] Total time for which application threads were stopped: 0.0000783 seconds, Stopping threads took: 0.0000326 seconds
[2019-01-25T15:11:49.411+0000][1][safepoint    ] Application time: 1.0003919 seconds
[2019-01-25T15:11:49.413+0000][1][safepoint    ] Total time for which application threads were stopped: 0.0001761 seconds, Stopping threads took: 0.0000403 seconds
[2019-01-25T15:11:50.415+0000][1][safepoint    ] Application time: 1.0001804 seconds
[2019-01-25T15:11:50.415+0000][1][safepoint    ] Total time for which application threads were stopped: 0.0000913 seconds, Stopping threads took: 0.0000215 seconds
[2019-01-25T15:11:51.416+0000][1][safepoint    ] Application time: 1.0001907 seconds
[2019-01-25T15:11:51.417+0000][1][safepoint    ] Total time for which application threads were stopped: 0.0001933 seconds, Stopping threads took: 0.0000328 seconds
[2019-01-25T15:11:52.419+0000][1][safepoint    ] Application time: 1.0001898 seconds
[2019-01-25T15:11:52.419+0000][1][safepoint    ] Total time for which application threads were stopped: 0.0000753 seconds, Stopping threads took: 0.0000149 seconds
[2019-01-25T15:11:53.420+0000][1][safepoint    ] Application time: 1.0001711 seconds
[2019-01-25T15:11:53.421+0000][1][safepoint    ] Total time for which application threads were stopped: 0.0000758 seconds, Stopping threads took: 0.0000184 seconds
[2019-01-25T15:11:54.421+0000][1][safepoint    ] Application time: 1.0000941 seconds
[2019-01-25T15:11:54.422+0000][1][safepoint    ] Total time for which application threads were stopped: 0.0000590 seconds, Stopping threads took: 0.0000138 seconds
[2019-01-25T15:11:55.422+0000][1][safepoint    ] Application time: 1.0003011 seconds
[2019-01-25T15:11:55.424+0000][1][safepoint    ] Total time for which application threads were stopped: 0.0001970 seconds, Stopping threads took: 0.0000471 seconds
[2019-01-25T15:11:56.426+0000][1][safepoint    ] Application time: 1.0002387 seconds
[2019-01-25T15:11:56.427+0000][1][safepoint    ] Total time for which application threads were stopped: 0.0000874 seconds, Stopping threads took: 0.0000181 seconds
[2019-01-25T15:11:57.287+0000][1][safepoint    ] Application time: 0.8597438 seconds
[2019-01-25T15:11:57.288+0000][1][safepoint    ] Total time for which application threads were stopped: 0.0001060 seconds, Stopping threads took: 0.0000185 seconds
[2019-01-25T15:11:57.297+0000][1][safepoint    ] Application time: 0.0053309 seconds
[2019-01-25T15:11:57.318+0000][1][safepoint    ] Total time for which application threads were stopped: 0.0000982 seconds, Stopping threads took: 0.0000183 seconds
[2019-01-25T15:11:57.332+0000][1][safepoint    ] Application time: 0.0020165 seconds
[2019-01-25T15:11:57.334+0000][1][safepoint    ] Total time for which application threads were stopped: 0.0001962 seconds, Stopping threads took: 0.0000452 seconds
[2019-01-25T15:11:57.343+0000][1][safepoint    ] Application time: 0.0001386 seconds
[2019-01-25T15:11:57.343+0000][1][safepoint    ] Total time for which application threads were stopped: 0.0000795 seconds, Stopping threads took: 0.0000150 seconds
[2019-01-25T15:11:57.344+0000][1][safepoint    ] Application time: 0.0005451 seconds
[2019-01-25T15:11:57.345+0000][1][safepoint    ] Total time for which application threads were stopped: 0.0000921 seconds, Stopping threads took: 0.0000131 seconds
[2019-01-25T15:11:57.345+0000][1][safepoint    ] Application time: 0.0001191 seconds
[2019-01-25T15:11:57.345+0000][1][safepoint    ] Total time for which application threads were stopped: 0.0000703 seconds, Stopping threads took: 0.0000122 seconds
[2019-01-25T15:11:57.372+0000][1][safepoint    ] Application time: 0.0262828 seconds
[2019-01-25T15:11:57.373+0000][1][safepoint    ] Total time for which application threads were stopped: 0.0001108 seconds, Stopping threads took: 0.0000204 seconds
[2019-01-25T15:11:57.373+0000][1][safepoint    ] Application time: 0.0004717 seconds
[2019-01-25T15:11:57.374+0000][1][safepoint    ] Total time for which application threads were stopped: 0.0000901 seconds, Stopping threads took: 0.0000138 seconds
[2019-01-25T15:11:57.375+0000][1][safepoint    ] Application time: 0.0001895 seconds
[2019-01-25T15:11:57.375+0000][1][safepoint    ] Total time for which application threads were stopped: 0.0000922 seconds, Stopping threads took: 0.0000138 seconds
[2019-01-25T15:11:57.419+0000][1][safepoint    ] Application time: 0.0432989 seconds
[2019-01-25T15:11:57.419+0000][1][safepoint    ] Total time for which application threads were stopped: 0.0000863 seconds, Stopping threads took: 0.0000141 seconds
[2019-01-25T15:11:57.420+0000][1][safepoint    ] Application time: 0.0001296 seconds
[2019-01-25T15:11:57.420+0000][1][safepoint    ] Total time for which application threads were stopped: 0.0000894 seconds, Stopping threads took: 0.0000283 seconds
[2019-01-25T15:11:57.421+0000][1][safepoint    ] Application time: 0.0004585 seconds
[2019-01-25T15:11:57.421+0000][1][safepoint    ] Total time for which application threads were stopped: 0.0000618 seconds, Stopping threads took: 0.0000102 seconds
[2019-01-25T15:11:57.421+0000][1][safepoint    ] Application time: 0.0000977 seconds
[2019-01-25T15:11:57.422+0000][1][safepoint    ] Total time for which application threads were stopped: 0.0000578 seconds, Stopping threads took: 0.0000080 seconds
[2019-01-25T15:11:57.434+0000][1][safepoint    ] Application time: 0.0124017 seconds
[2019-01-25T15:11:57.435+0000][1][safepoint    ] Total time for which application threads were stopped: 0.0000801 seconds, Stopping threads took: 0.0000126 seconds
[2019-01-25T15:11:57.435+0000][1][safepoint    ] Application time: 0.0001169 seconds
[2019-01-25T15:11:57.435+0000][1][safepoint    ] Total time for which application threads were stopped: 0.0000626 seconds, Stopping threads took: 0.0000094 seconds
[2019-01-25T15:11:57.436+0000][1][safepoint    ] Application time: 0.0001099 seconds
[2019-01-25T15:11:57.436+0000][1][safepoint    ] Total time for which application threads were stopped: 0.0000645 seconds, Stopping threads took: 0.0000085 seconds
[2019-01-25T15:11:57.480+0000][1][safepoint    ] Application time: 0.0439134 seconds
[2019-01-25T15:11:57.480+0000][1][safepoint    ] Total time for which application threads were stopped: 0.0001174 seconds, Stopping threads took: 0.0000556 seconds
[2019-01-25T15:11:57.481+0000][1][safepoint    ] Application time: 0.0000470 seconds
[2019-01-25T15:11:57.481+0000][1][safepoint    ] Total time for which application threads were stopped: 0.0001031 seconds, Stopping threads took: 0.0000511 seconds
[2019-01-25T15:11:57.482+0000][1][safepoint    ] Application time: 0.0003599 seconds
[2019-01-25T15:11:57.482+0000][1][safepoint    ] Total time for which application threads were stopped: 0.0003843 seconds, Stopping threads took: 0.0000586 seconds
[2019-01-25T15:11:57.483+0000][1][safepoint    ] Application time: 0.0000469 seconds
[2019-01-25T15:11:57.483+0000][1][safepoint    ] Total time for which application threads were stopped: 0.0001123 seconds, Stopping threads took: 0.0000576 seconds
[2019-01-25T15:11:57.489+0000][1][safepoint    ] Application time: 0.0055625 seconds
[2019-01-25T15:11:57.489+0000][1][safepoint    ] Total time for which application threads were stopped: 0.0000818 seconds, Stopping threads took: 0.0000254 seconds
[2019-01-25T15:11:57.490+0000][1][safepoint    ] Application time: 0.0000817 seconds
[2019-01-25T15:11:57.490+0000][1][safepoint    ] Total time for which application threads were stopped: 0.0001418 seconds, Stopping threads took: 0.0000599 seconds
[2019-01-25T15:11:57.536+0000][1][safepoint    ] Application time: 0.0457448 seconds
[2019-01-25T15:11:57.537+0000][1][safepoint    ] Total time for which application threads were stopped: 0.0000804 seconds, Stopping threads took: 0.0000131 seconds
[2019-01-25T15:11:57.538+0000][1][safepoint    ] Application time: 0.0005553 seconds
[2019-01-25T15:11:57.538+0000][1][safepoint    ] Total time for which application threads were stopped: 0.0000840 seconds, Stopping threads took: 0.0000131 seconds
[2019-01-25T15:11:57.545+0000][1][safepoint    ] Application time: 0.0059586 seconds
[2019-01-25T15:11:57.545+0000][1][safepoint    ] Total time for which application threads were stopped: 0.0000860 seconds, Stopping threads took: 0.0000138 seconds
[2019-01-25T15:11:57.546+0000][1][safepoint    ] Application time: 0.0001022 seconds
[2019-01-25T15:11:57.546+0000][1][safepoint    ] Total time for which application threads were stopped: 0.0000641 seconds, Stopping threads took: 0.0000092 seconds
[2019-01-25T15:11:57.590+0000][1][safepoint    ] Application time: 0.0438449 seconds
[2019-01-25T15:11:57.591+0000][1][safepoint    ] Total time for which application threads were stopped: 0.0000786 seconds, Stopping threads took: 0.0000138 seconds
[2019-01-25T15:11:57.591+0000][1][safepoint    ] Application time: 0.0004449 seconds
[2019-01-25T15:11:57.592+0000][1][safepoint    ] Total time for which application threads were stopped: 0.0001100 seconds, Stopping threads took: 0.0000389 seconds
[2019-01-25T15:11:57.598+0000][1][safepoint    ] Application time: 0.0059896 seconds
[2019-01-25T15:11:57.598+0000][1][safepoint    ] Total time for which application threads were stopped: 0.0000841 seconds, Stopping threads took: 0.0000130 seconds
[2019-01-25T15:11:57.599+0000][1][safepoint    ] Application time: 0.0000591 seconds
[2019-01-25T15:11:57.599+0000][1][safepoint    ] Total time for which application threads were stopped: 0.0001029 seconds, Stopping threads took: 0.0000379 seconds
[2019-01-25T15:11:57.663+0000][1][safepoint    ] Application time: 0.0636256 seconds
[2019-01-25T15:11:57.664+0000][1][safepoint    ] Total time for which application threads were stopped: 0.0000999 seconds, Stopping threads took: 0.0000130 seconds
[2019-01-25T15:11:57.664+0000][1][safepoint    ] Application time: 0.0000485 seconds
[2019-01-25T15:11:57.665+0000][1][safepoint    ] Total time for which application threads were stopped: 0.0000620 seconds, Stopping threads took: 0.0000113 seconds
[2019-01-25T15:11:57.665+0000][1][safepoint    ] Application time: 0.0001502 seconds
[2019-01-25T15:11:57.666+0000][1][safepoint    ] Total time for which application threads were stopped: 0.0003220 seconds, Stopping threads took: 0.0000266 seconds
[2019-01-25T15:11:57.672+0000][1][safepoint    ] Application time: 0.0061238 seconds
[2019-01-25T15:11:57.673+0000][1][safepoint    ] Total time for which application threads were stopped: 0.0000719 seconds, Stopping threads took: 0.0000122 seconds
[2019-01-25T15:11:57.727+0000][1][safepoint    ] Application time: 0.0535403 seconds
[2019-01-25T15:11:57.727+0000][1][safepoint    ] Total time for which application threads were stopped: 0.0000859 seconds, Stopping threads took: 0.0000135 seconds
[2019-01-25T15:11:57.728+0000][1][safepoint    ] Application time: 0.0000846 seconds
[2019-01-25T15:11:57.728+0000][1][safepoint    ] Total time for which application threads were stopped: 0.0000634 seconds, Stopping threads took: 0.0000107 seconds
[2019-01-25T15:11:57.738+0000][1][safepoint    ] Application time: 0.0093814 seconds
[2019-01-25T15:11:57.739+0000][1][safepoint    ] Total time for which application threads were stopped: 0.0000704 seconds, Stopping threads took: 0.0000121 seconds
[2019-01-25T15:11:57.801+0000][1][safepoint    ] Application time: 0.0621829 seconds
[2019-01-25T15:11:57.802+0000][1][safepoint    ] Total time for which application threads were stopped: 0.0000712 seconds, Stopping threads took: 0.0000126 seconds
[2019-01-25T15:11:57.803+0000][1][safepoint    ] Application time: 0.0000843 seconds
[2019-01-25T15:11:57.803+0000][1][safepoint    ] Total time for which application threads were stopped: 0.0000660 seconds, Stopping threads took: 0.0000122 seconds
[2019-01-25T15:11:57.813+0000][1][safepoint    ] Application time: 0.0087068 seconds
[2019-01-25T15:11:57.813+0000][1][safepoint    ] Total time for which application threads were stopped: 0.0001136 seconds, Stopping threads took: 0.0000130 seconds
[2019-01-25T15:11:57.894+0000][1][safepoint    ] Application time: 0.0806439 seconds
[2019-01-25T15:11:57.895+0000][1][safepoint    ] Total time for which application threads were stopped: 0.0000864 seconds, Stopping threads took: 0.0000270 seconds
[2019-01-25T15:11:57.896+0000][1][safepoint    ] Application time: 0.0001492 seconds
[2019-01-25T15:11:57.896+0000][1][safepoint    ] Total time for which application threads were stopped: 0.0000658 seconds, Stopping threads took: 0.0000112 seconds
[2019-01-25T15:11:57.897+0000][1][safepoint    ] Application time: 0.0001412 seconds
[2019-01-25T15:11:57.898+0000][1][safepoint    ] Total time for which application threads were stopped: 0.0004529 seconds, Stopping threads took: 0.0000125 seconds
[2019-01-25T15:11:57.976+0000][1][safepoint    ] Application time: 0.0774300 seconds
[2019-01-25T15:11:57.976+0000][1][safepoint    ] Total time for which application threads were stopped: 0.0000837 seconds, Stopping threads took: 0.0000120 seconds
[2019-01-25T15:11:57.977+0000][1][safepoint    ] Application time: 0.0000653 seconds
[2019-01-25T15:11:57.977+0000][1][safepoint    ] Total time for which application threads were stopped: 0.0000782 seconds, Stopping threads took: 0.0000106 seconds
[2019-01-25T15:11:57.986+0000][1][safepoint    ] Application time: 0.0084555 seconds
[2019-01-25T15:11:57.987+0000][1][safepoint    ] Total time for which application threads were stopped: 0.0002953 seconds, Stopping threads took: 0.0000127 seconds
[2019-01-25T15:11:58.070+0000][1][safepoint    ] Application time: 0.0824381 seconds
[2019-01-25T15:11:58.070+0000][1][safepoint    ] Total time for which application threads were stopped: 0.0000853 seconds, Stopping threads took: 0.0000127 seconds
[2019-01-25T15:11:58.071+0000][1][safepoint    ] Application time: 0.0000698 seconds
[2019-01-25T15:11:58.072+0000][1][safepoint    ] Total time for which application threads were stopped: 0.0001210 seconds, Stopping threads took: 0.0000354 seconds
[2019-01-25T15:11:58.170+0000][1][safepoint    ] Application time: 0.0981136 seconds
[2019-01-25T15:11:58.171+0000][1][safepoint    ] Total time for which application threads were stopped: 0.0001167 seconds, Stopping threads took: 0.0000183 seconds
[2019-01-25T15:11:58.172+0000][1][safepoint    ] Application time: 0.0000964 seconds
[2019-01-25T15:11:58.173+0000][1][safepoint    ] Total time for which application threads were stopped: 0.0001147 seconds, Stopping threads took: 0.0000170 seconds
[2019-01-25T15:11:58.274+0000][1][safepoint    ] Application time: 0.1012300 seconds
[2019-01-25T15:11:58.275+0000][1][safepoint    ] Total time for which application threads were stopped: 0.0001200 seconds, Stopping threads took: 0.0000205 seconds
[2019-01-25T15:11:58.298+0000][1][safepoint    ] Application time: 0.0222807 seconds
[2019-01-25T15:11:58.298+0000][1][safepoint    ] Total time for which application threads were stopped: 0.0001181 seconds, Stopping threads took: 0.0000202 seconds
[2019-01-25T15:11:58.300+0000][1][safepoint    ] Application time: 0.0005754 seconds
[2019-01-25T15:11:58.300+0000][1][safepoint    ] Total time for which application threads were stopped: 0.0001143 seconds, Stopping threads took: 0.0000190 seconds
[2019-01-25T15:11:58.301+0000][1][safepoint    ] Application time: 0.0000859 seconds
[2019-01-25T15:11:58.302+0000][1][safepoint    ] Total time for which application threads were stopped: 0.0001214 seconds, Stopping threads took: 0.0000193 seconds
[2019-01-25T15:11:58.302+0000][1][safepoint    ] Application time: 0.0000850 seconds
[2019-01-25T15:11:58.303+0000][1][safepoint    ] Total time for which application threads were stopped: 0.0001236 seconds, Stopping threads took: 0.0000171 seconds
[2019-01-25T15:11:58.303+0000][1][safepoint    ] Application time: 0.0001041 seconds
[2019-01-25T15:11:58.304+0000][1][safepoint    ] Total time for which application threads were stopped: 0.0001217 seconds, Stopping threads took: 0.0000173 seconds
[2019-01-25T15:11:58.305+0000][1][safepoint    ] Application time: 0.0001115 seconds
[2019-01-25T15:11:58.305+0000][1][safepoint    ] Total time for which application threads were stopped: 0.0001035 seconds, Stopping threads took: 0.0000158 seconds
[2019-01-25T15:11:58.306+0000][1][safepoint    ] Application time: 0.0000956 seconds
[2019-01-25T15:11:58.306+0000][1][safepoint    ] Total time for which application threads were stopped: 0.0001050 seconds, Stopping threads took: 0.0000146 seconds
[2019-01-25T15:11:58.400+0000][1][safepoint    ] Application time: 0.0927996 seconds
[2019-01-25T15:11:58.400+0000][1][safepoint    ] Total time for which application threads were stopped: 0.0000759 seconds, Stopping threads took: 0.0000141 seconds
[2019-01-25T15:11:58.401+0000][1][safepoint    ] Application time: 0.0001075 seconds
[2019-01-25T15:11:58.401+0000][1][safepoint    ] Total time for which application threads were stopped: 0.0000773 seconds, Stopping threads took: 0.0000194 seconds
[2019-01-25T15:11:58.507+0000][1][safepoint    ] Application time: 0.1058269 seconds
[2019-01-25T15:11:58.508+0000][1][safepoint    ] Total time for which application threads were stopped: 0.0000758 seconds, Stopping threads took: 0.0000138 seconds
[2019-01-25T15:11:58.508+0000][1][safepoint    ] Application time: 0.0000519 seconds
[2019-01-25T15:11:58.509+0000][1][safepoint    ] Total time for which application threads were stopped: 0.0000968 seconds, Stopping threads took: 0.0000138 seconds
[2019-01-25T15:11:58.544+0000][1][safepoint    ] Application time: 0.0346286 seconds
[2019-01-25T15:11:58.544+0000][1][safepoint    ] Total time for which application threads were stopped: 0.0001474 seconds, Stopping threads took: 0.0000174 seconds
[2019-01-25T15:11:58.661+0000][1][safepoint    ] Application time: 0.1164890 seconds
[2019-01-25T15:11:58.662+0000][1][safepoint    ] Total time for which application threads were stopped: 0.0001301 seconds, Stopping threads took: 0.0000161 seconds
[2019-01-25T15:11:59.662+0000][1][safepoint    ] Application time: 1.0002266 seconds
[2019-01-25T15:11:59.663+0000][1][safepoint    ] Total time for which application threads were stopped: 0.0000874 seconds, Stopping threads took: 0.0000210 seconds
[2019-01-25T15:12:00.664+0000][1][safepoint    ] Application time: 1.0001441 seconds
[2019-01-25T15:12:00.665+0000][1][safepoint    ] Total time for which application threads were stopped: 0.0000586 seconds, Stopping threads took: 0.0000141 seconds
[2019-01-25T15:12:01.665+0000][1][safepoint    ] Application time: 1.0002329 seconds
[2019-01-25T15:12:01.667+0000][1][safepoint    ] Total time for which application threads were stopped: 0.0001794 seconds, Stopping threads took: 0.0000367 seconds
[2019-01-25T15:12:02.668+0000][1][safepoint    ] Application time: 1.0001703 seconds
[2019-01-25T15:12:02.668+0000][1][safepoint    ] Total time for which application threads were stopped: 0.0001085 seconds, Stopping threads took: 0.0000325 seconds
[2019-01-25T15:12:03.670+0000][1][safepoint    ] Application time: 1.0003551 seconds
[2019-01-25T15:12:03.673+0000][1][safepoint    ] Total time for which application threads were stopped: 0.0001719 seconds, Stopping threads took: 0.0000414 seconds
[2019-01-25T15:12:04.675+0000][1][safepoint    ] Application time: 1.0002016 seconds
[2019-01-25T15:12:04.675+0000][1][safepoint    ] Total time for which application threads were stopped: 0.0000949 seconds, Stopping threads took: 0.0000227 seconds
[2019-01-25T15:12:05.676+0000][1][safepoint    ] Application time: 1.0001266 seconds
[2019-01-25T15:12:05.677+0000][1][safepoint    ] Total time for which application threads were stopped: 0.0001078 seconds, Stopping threads took: 0.0000235 seconds
[2019-01-25T15:12:05.985+0000][1][safepoint    ] Application time: 0.3076788 seconds
[2019-01-25T15:12:05.988+0000][1][safepoint    ] Total time for which application threads were stopped: 0.0001387 seconds, Stopping threads took: 0.0000211 seconds
[2019-01-25T15:12:06.003+0000][1][safepoint    ] Application time: 0.0148846 seconds
[2019-01-25T15:12:06.006+0000][1][safepoint    ] Total time for which application threads were stopped: 0.0012254 seconds, Stopping threads took: 0.0009841 seconds
[2019-01-25T15:12:06.113+0000][1][safepoint    ] Application time: 0.1047036 seconds
[2019-01-25T15:12:06.117+0000][1][safepoint    ] Total time for which application threads were stopped: 0.0001641 seconds, Stopping threads took: 0.0000204 seconds
[2019-01-25T15:12:06.122+0000][1][safepoint    ] Application time: 0.0052781 seconds
[2019-01-25T15:12:06.125+0000][1][safepoint    ] Total time for which application threads were stopped: 0.0001213 seconds, Stopping threads took: 0.0000232 seconds
[2019-01-25T15:12:07.128+0000][1][safepoint    ] Application time: 1.0025556 seconds
[2019-01-25T15:12:07.129+0000][1][safepoint    ] Total time for which application threads were stopped: 0.0000755 seconds, Stopping threads took: 0.0000157 seconds
[2019-01-25T15:12:08.129+0000][1][safepoint    ] Application time: 1.0002686 seconds
[2019-01-25T15:12:08.130+0000][1][safepoint    ] Total time for which application threads were stopped: 0.0000599 seconds, Stopping threads took: 0.0000149 seconds
[2019-01-25T15:12:09.131+0000][1][safepoint    ] Application time: 1.0001229 seconds
[2019-01-25T15:12:09.131+0000][1][safepoint    ] Total time for which application threads were stopped: 0.0000958 seconds, Stopping threads took: 0.0000155 seconds
[2019-01-25T15:12:10.132+0000][1][safepoint    ] Application time: 1.0002155 seconds
[2019-01-25T15:12:10.133+0000][1][safepoint    ] Total time for which application threads were stopped: 0.0001321 seconds, Stopping threads took: 0.0000248 seconds
[2019-01-25T15:12:11.134+0000][1][safepoint    ] Application time: 1.0001830 seconds
[2019-01-25T15:12:11.134+0000][1][safepoint    ] Total time for which application threads were stopped: 0.0000980 seconds, Stopping threads took: 0.0000200 seconds
[2019-01-25T15:12:12.135+0000][1][safepoint    ] Application time: 1.0002283 seconds
[2019-01-25T15:12:12.136+0000][1][safepoint    ] Total time for which application threads were stopped: 0.0000830 seconds, Stopping threads took: 0.0000201 seconds
[2019-01-25T15:12:13.137+0000][1][safepoint    ] Application time: 1.0001083 seconds
[2019-01-25T15:12:13.137+0000][1][safepoint    ] Total time for which application threads were stopped: 0.0000577 seconds, Stopping threads took: 0.0000147 seconds
[2019-01-25T15:12:14.138+0000][1][safepoint    ] Application time: 1.0002067 seconds
[2019-01-25T15:12:14.139+0000][1][safepoint    ] Total time for which application threads were stopped: 0.0000603 seconds, Stopping threads took: 0.0000152 seconds
[2019-01-25T15:12:15.139+0000][1][safepoint    ] Application time: 1.0001145 seconds
[2019-01-25T15:12:15.140+0000][1][safepoint    ] Total time for which application threads were stopped: 0.0001027 seconds, Stopping threads took: 0.0000196 seconds
[2019-01-25T15:12:16.141+0000][1][safepoint    ] Application time: 1.0001731 seconds
[2019-01-25T15:12:16.141+0000][1][safepoint    ] Total time for which application threads were stopped: 0.0000631 seconds, Stopping threads took: 0.0000160 seconds
[2019-01-25T15:12:17.142+0000][1][safepoint    ] Application time: 1.0000964 seconds
[2019-01-25T15:12:17.142+0000][1][safepoint    ] Total time for which application threads were stopped: 0.0001247 seconds, Stopping threads took: 0.0000177 seconds
[2019-01-25T15:12:18.143+0000][1][safepoint    ] Application time: 1.0001672 seconds
[2019-01-25T15:12:18.144+0000][1][safepoint    ] Total time for which application threads were stopped: 0.0000782 seconds, Stopping threads took: 0.0000328 seconds
[2019-01-25T15:12:19.144+0000][1][safepoint    ] Application time: 1.0001337 seconds
[2019-01-25T15:12:19.145+0000][1][safepoint    ] Total time for which application threads were stopped: 0.0001041 seconds, Stopping threads took: 0.0000189 seconds
[2019-01-25T15:12:20.146+0000][1][safepoint    ] Application time: 1.0001286 seconds
[2019-01-25T15:12:20.147+0000][1][safepoint    ] Total time for which application threads were stopped: 0.0000857 seconds, Stopping threads took: 0.0000212 seconds
[2019-01-25T15:12:21.147+0000][1][safepoint    ] Application time: 1.0001247 seconds
[2019-01-25T15:12:21.148+0000][1][safepoint    ] Total time for which application threads were stopped: 0.0001256 seconds, Stopping threads took: 0.0000192 seconds
[2019-01-25T15:12:22.148+0000][1][safepoint    ] Application time: 1.0001608 seconds
[2019-01-25T15:12:22.149+0000][1][safepoint    ] Total time for which application threads were stopped: 0.0000582 seconds, Stopping threads took: 0.0000152 seconds
[2019-01-25T15:12:23.150+0000][1][safepoint    ] Application time: 1.0001328 seconds
[2019-01-25T15:12:23.160+0000][1][safepoint    ] Total time for which application threads were stopped: 0.0000858 seconds, Stopping threads took: 0.0000200 seconds
[2019-01-25T15:12:24.161+0000][1][safepoint    ] Application time: 1.0001306 seconds
[2019-01-25T15:12:24.162+0000][1][safepoint    ] Total time for which application threads were stopped: 0.0000680 seconds, Stopping threads took: 0.0000163 seconds
[2019-01-25T15:12:25.163+0000][1][safepoint    ] Application time: 1.0001293 seconds
[2019-01-25T15:12:25.164+0000][1][safepoint    ] Total time for which application threads were stopped: 0.0001030 seconds, Stopping threads took: 0.0000227 seconds
[2019-01-25T15:12:26.166+0000][1][safepoint    ] Application time: 1.0017854 seconds
[2019-01-25T15:12:26.167+0000][1][safepoint    ] Total time for which application threads were stopped: 0.0000917 seconds, Stopping threads took: 0.0000203 seconds
[2019-01-25T15:12:27.168+0000][1][safepoint    ] Application time: 1.0001442 seconds
[2019-01-25T15:12:27.169+0000][1][safepoint    ] Total time for which application threads were stopped: 0.0001151 seconds, Stopping threads took: 0.0000186 seconds
[2019-01-25T15:12:28.173+0000][1][safepoint    ] Application time: 1.0003887 seconds
[2019-01-25T15:12:28.174+0000][1][safepoint    ] Total time for which application threads were stopped: 0.0000678 seconds, Stopping threads took: 0.0000166 seconds
[2019-01-25T15:12:29.175+0000][1][safepoint    ] Application time: 1.0001990 seconds
[2019-01-25T15:12:29.175+0000][1][safepoint    ] Total time for which application threads were stopped: 0.0000611 seconds, Stopping threads took: 0.0000161 seconds
[2019-01-25T15:12:30.176+0000][1][safepoint    ] Application time: 1.0004770 seconds
[2019-01-25T15:12:30.177+0000][1][safepoint    ] Total time for which application threads were stopped: 0.0000780 seconds, Stopping threads took: 0.0000157 seconds
[2019-01-25T15:12:31.178+0000][1][safepoint    ] Application time: 1.0001232 seconds
[2019-01-25T15:12:31.178+0000][1][safepoint    ] Total time for which application threads were stopped: 0.0001093 seconds, Stopping threads took: 0.0000357 seconds
[2019-01-25T15:12:32.179+0000][1][safepoint    ] Application time: 1.0001475 seconds
[2019-01-25T15:12:32.179+0000][1][safepoint    ] Total time for which application threads were stopped: 0.0000590 seconds, Stopping threads took: 0.0000148 seconds
[2019-01-25T15:12:33.180+0000][1][safepoint    ] Application time: 1.0001286 seconds
[2019-01-25T15:12:33.181+0000][1][safepoint    ] Total time for which application threads were stopped: 0.0000591 seconds, Stopping threads took: 0.0000140 seconds
[2019-01-25T15:12:34.181+0000][1][safepoint    ] Application time: 1.0002525 seconds
[2019-01-25T15:12:34.182+0000][1][safepoint    ] Total time for which application threads were stopped: 0.0001046 seconds, Stopping threads took: 0.0000240 seconds
[2019-01-25T15:12:35.183+0000][1][safepoint    ] Application time: 1.0001205 seconds
[2019-01-25T15:12:35.184+0000][1][safepoint    ] Total time for which application threads were stopped: 0.0000832 seconds, Stopping threads took: 0.0000215 seconds
[2019-01-25T15:12:36.184+0000][1][safepoint    ] Application time: 1.0001312 seconds
[2019-01-25T15:12:36.185+0000][1][safepoint    ] Total time for which application threads were stopped: 0.0001002 seconds, Stopping threads took: 0.0000219 seconds
[2019-01-25T15:12:37.186+0000][1][safepoint    ] Application time: 1.0001037 seconds
[2019-01-25T15:12:37.186+0000][1][safepoint    ] Total time for which application threads were stopped: 0.0000615 seconds, Stopping threads took: 0.0000145 seconds
[2019-01-25T15:12:38.187+0000][1][safepoint    ] Application time: 1.0001707 seconds
[2019-01-25T15:12:38.188+0000][1][safepoint    ] Total time for which application threads were stopped: 0.0001832 seconds, Stopping threads took: 0.0000417 seconds
[2019-01-25T15:12:39.190+0000][1][safepoint    ] Application time: 1.0001746 seconds
[2019-01-25T15:12:39.190+0000][1][safepoint    ] Total time for which application threads were stopped: 0.0000931 seconds, Stopping threads took: 0.0000195 seconds
[2019-01-25T15:12:40.190+0000][1][safepoint    ] Application time: 1.0001708 seconds
[2019-01-25T15:12:40.190+0000][1][safepoint    ] Total time for which application threads were stopped: 0.0001139 seconds, Stopping threads took: 0.0000141 seconds
[2019-01-25T15:12:41.191+0000][1][safepoint    ] Application time: 1.0001299 seconds
[2019-01-25T15:12:41.191+0000][1][safepoint    ] Total time for which application threads were stopped: 0.0000624 seconds, Stopping threads took: 0.0000146 seconds
[2019-01-25T15:12:42.192+0000][1][safepoint    ] Application time: 1.0001672 seconds
[2019-01-25T15:12:42.193+0000][1][safepoint    ] Total time for which application threads were stopped: 0.0000820 seconds, Stopping threads took: 0.0000192 seconds
[2019-01-25T15:12:43.175+0000][1][safepoint    ] Application time: 0.9821543 seconds
[2019-01-25T15:12:43.176+0000][1][safepoint    ] Total time for which application threads were stopped: 0.0000955 seconds, Stopping threads took: 0.0000153 seconds
[2019-01-25T15:12:43.177+0000][1][safepoint    ] Application time: 0.0006529 seconds
[2019-01-25T15:12:43.178+0000][1][safepoint    ] Total time for which application threads were stopped: 0.0001013 seconds, Stopping threads took: 0.0000198 seconds
[2019-01-25T15:12:43.210+0000][1][safepoint    ] Application time: 0.0312115 seconds
[2019-01-25T15:12:43.215+0000][1][safepoint    ] Total time for which application threads were stopped: 0.0042612 seconds, Stopping threads took: 0.0000169 seconds
[2019-01-25T15:12:43.375+0000][1][safepoint    ] Application time: 0.1598430 seconds
[2019-01-25T15:12:43.376+0000][1][safepoint    ] Total time for which application threads were stopped: 0.0002300 seconds, Stopping threads took: 0.0000200 seconds
[2019-01-25T15:12:43.516+0000][1][safepoint    ] Application time: 0.1386735 seconds
[2019-01-25T15:12:43.518+0000][1][safepoint    ] Total time for which application threads were stopped: 0.0001659 seconds, Stopping threads took: 0.0000202 seconds
[2019-01-25T15:12:43.647+0000][1][safepoint    ] Application time: 0.1291543 seconds
[2019-01-25T15:12:43.652+0000][1][safepoint    ] Total time for which application threads were stopped: 0.0036070 seconds, Stopping threads took: 0.0000173 seconds
[2019-01-25T15:12:43.740+0000][1][safepoint    ] Application time: 0.0845005 seconds
[2019-01-25T15:12:43.742+0000][1][safepoint    ] Total time for which application threads were stopped: 0.0001753 seconds, Stopping threads took: 0.0000240 seconds
[2019-01-25T15:12:43.774+0000][1][safepoint    ] Application time: 0.0306629 seconds
[2019-01-25T15:12:43.775+0000][1][safepoint    ] Total time for which application threads were stopped: 0.0006407 seconds, Stopping threads took: 0.0000222 seconds
[2019-01-25T15:12:43.876+0000][1][safepoint    ] Application time: 0.0980872 seconds
[2019-01-25T15:12:43.877+0000][1][gc,start     ] GC(37) Pause Young (Allocation Failure)
[2019-01-25T15:12:43.879+0000][1][gc,task      ] GC(37) Using 2 workers of 2 for evacuation
[2019-01-25T15:12:43.884+0000][1][gc,age       ] GC(37) Desired survivor size 4456448 bytes, new threshold 6 (max threshold 6)
[2019-01-25T15:12:43.885+0000][1][gc,age       ] GC(37) Age table with threshold 6 (max threshold 6)
[2019-01-25T15:12:43.885+0000][1][gc,age       ] GC(37) - age   1:     287200 bytes,     287200 total
[2019-01-25T15:12:43.885+0000][1][gc,age       ] GC(37) - age   2:      30856 bytes,     318056 total
[2019-01-25T15:12:43.886+0000][1][gc,age       ] GC(37) - age   3:     108048 bytes,     426104 total
[2019-01-25T15:12:43.886+0000][1][gc,age       ] GC(37) - age   4:      36416 bytes,     462520 total
[2019-01-25T15:12:43.887+0000][1][gc,age       ] GC(37) - age   5:       5112 bytes,     467632 total
[2019-01-25T15:12:43.887+0000][1][gc,age       ] GC(37) - age   6:       2992 bytes,     470624 total
[2019-01-25T15:12:43.887+0000][1][gc,heap      ] GC(37) ParNew: 72297K->1381K(78656K)
[2019-01-25T15:12:43.888+0000][1][gc,heap      ] GC(37) CMS: 86974K->86980K(174784K)
[2019-01-25T15:12:43.888+0000][1][gc,metaspace ] GC(37) Metaspace: 72479K->72479K(1116160K)
[2019-01-25T15:12:43.888+0000][1][gc           ] GC(37) Pause Young (Allocation Failure) 155M->86M(247M) 11.082ms
[2019-01-25T15:12:43.889+0000][1][gc,cpu       ] GC(37) User=0.01s Sys=0.00s Real=0.01s
[2019-01-25T15:12:43.889+0000][1][safepoint    ] Total time for which application threads were stopped: 0.0117537 seconds, Stopping threads took: 0.0000155 seconds
[2019-01-25T15:12:44.035+0000][1][safepoint    ] Application time: 0.1460513 seconds
[2019-01-25T15:12:44.039+0000][1][safepoint    ] Total time for which application threads were stopped: 0.0028887 seconds, Stopping threads took: 0.0027600 seconds
[2019-01-25T15:12:44.047+0000][1][safepoint    ] Application time: 0.0066608 seconds
[2019-01-25T15:12:44.049+0000][1][safepoint    ] Total time for which application threads were stopped: 0.0001431 seconds, Stopping threads took: 0.0000184 seconds
[2019-01-25T15:12:44.191+0000][1][safepoint    ] Application time: 0.1413626 seconds
[2019-01-25T15:12:44.192+0000][1][safepoint    ] Total time for which application threads were stopped: 0.0002499 seconds, Stopping threads took: 0.0000325 seconds
[2019-01-25T15:12:44.202+0000][1][safepoint    ] Application time: 0.0088133 seconds
[2019-01-25T15:12:44.203+0000][1][safepoint    ] Total time for which application threads were stopped: 0.0003451 seconds, Stopping threads took: 0.0000143 seconds
[2019-01-25T15:12:44.220+0000][1][safepoint    ] Application time: 0.0174215 seconds
[2019-01-25T15:12:44.222+0000][1][safepoint    ] Total time for which application threads were stopped: 0.0001376 seconds, Stopping threads took: 0.0000378 seconds
[2019-01-25T15:12:44.223+0000][1][safepoint    ] Application time: 0.0000809 seconds
[2019-01-25T15:12:44.223+0000][1][safepoint    ] Total time for which application threads were stopped: 0.0001264 seconds, Stopping threads took: 0.0000118 seconds
[2019-01-25T15:12:44.224+0000][1][safepoint    ] Application time: 0.0001155 seconds
[2019-01-25T15:12:44.225+0000][1][safepoint    ] Total time for which application threads were stopped: 0.0001310 seconds, Stopping threads took: 0.0000350 seconds
[2019-01-25T15:12:44.226+0000][1][safepoint    ] Application time: 0.0000753 seconds
[2019-01-25T15:12:44.227+0000][1][safepoint    ] Total time for which application threads were stopped: 0.0000884 seconds, Stopping threads took: 0.0000169 seconds
[2019-01-25T15:12:44.228+0000][1][safepoint    ] Application time: 0.0001430 seconds
[2019-01-25T15:12:44.233+0000][1][safepoint    ] Total time for which application threads were stopped: 0.0000934 seconds, Stopping threads took: 0.0000161 seconds
[2019-01-25T15:12:44.235+0000][1][safepoint    ] Application time: 0.0013221 seconds
[2019-01-25T15:12:44.236+0000][1][safepoint    ] Total time for which application threads were stopped: 0.0000887 seconds, Stopping threads took: 0.0000131 seconds
[2019-01-25T15:12:44.239+0000][1][safepoint    ] Application time: 0.0029332 seconds
[2019-01-25T15:12:44.241+0000][1][safepoint    ] Total time for which application threads were stopped: 0.0001356 seconds, Stopping threads took: 0.0000228 seconds
[2019-01-25T15:12:44.252+0000][1][safepoint    ] Application time: 0.0092271 seconds
[2019-01-25T15:12:44.253+0000][1][safepoint    ] Total time for which application threads were stopped: 0.0001235 seconds, Stopping threads took: 0.0000211 seconds
[2019-01-25T15:12:44.339+0000][1][safepoint    ] Application time: 0.0859584 seconds
[2019-01-25T15:12:44.340+0000][1][safepoint    ] Total time for which application threads were stopped: 0.0001702 seconds, Stopping threads took: 0.0000346 seconds
[2019-01-25T15:12:44.353+0000][1][safepoint    ] Application time: 0.0119436 seconds
[2019-01-25T15:12:44.355+0000][1][safepoint    ] Total time for which application threads were stopped: 0.0001602 seconds, Stopping threads took: 0.0000217 seconds
[2019-01-25T15:12:44.505+0000][1][safepoint    ] Application time: 0.1475013 seconds
[2019-01-25T15:12:44.506+0000][1][safepoint    ] Total time for which application threads were stopped: 0.0000717 seconds, Stopping threads took: 0.0000119 seconds
[2019-01-25T15:12:44.638+0000][1][safepoint    ] Application time: 0.1322714 seconds
[2019-01-25T15:12:44.638+0000][1][safepoint    ] Total time for which application threads were stopped: 0.0000699 seconds, Stopping threads took: 0.0000126 seconds
[2019-01-25T15:12:45.236+0000][1][safepoint    ] Application time: 0.5973095 seconds
[2019-01-25T15:12:45.237+0000][1][safepoint    ] Total time for which application threads were stopped: 0.0001126 seconds, Stopping threads took: 0.0000188 seconds
[2019-01-25T15:12:45.239+0000][1][safepoint    ] Application time: 0.0000730 seconds
[2019-01-25T15:12:45.240+0000][1][safepoint    ] Total time for which application threads were stopped: 0.0001072 seconds, Stopping threads took: 0.0000195 seconds
[2019-01-25T15:12:45.241+0000][1][safepoint    ] Application time: 0.0000872 seconds
[2019-01-25T15:12:45.242+0000][1][safepoint    ] Total time for which application threads were stopped: 0.0001256 seconds, Stopping threads took: 0.0000204 seconds
[2019-01-25T15:12:45.243+0000][1][safepoint    ] Application time: 0.0000656 seconds
[2019-01-25T15:12:45.244+0000][1][safepoint    ] Total time for which application threads were stopped: 0.0001139 seconds, Stopping threads took: 0.0000198 seconds
[2019-01-25T15:12:45.246+0000][1][safepoint    ] Application time: 0.0000746 seconds
[2019-01-25T15:12:45.247+0000][1][safepoint    ] Total time for which application threads were stopped: 0.0001074 seconds, Stopping threads took: 0.0000208 seconds
[2019-01-25T15:12:45.248+0000][1][safepoint    ] Application time: 0.0000717 seconds
[2019-01-25T15:12:45.249+0000][1][safepoint    ] Total time for which application threads were stopped: 0.0001067 seconds, Stopping threads took: 0.0000187 seconds
[2019-01-25T15:12:46.249+0000][1][safepoint    ] Application time: 1.0001424 seconds
[2019-01-25T15:12:46.250+0000][1][safepoint    ] Total time for which application threads were stopped: 0.0000581 seconds, Stopping threads took: 0.0000128 seconds
[2019-01-25T15:12:47.251+0000][1][safepoint    ] Application time: 1.0001328 seconds
[2019-01-25T15:12:47.251+0000][1][safepoint    ] Total time for which application threads were stopped: 0.0000914 seconds, Stopping threads took: 0.0000173 seconds
[2019-01-25T15:12:47.944+0000][1][safepoint    ] Application time: 0.6923765 seconds
[2019-01-25T15:12:47.946+0000][1][safepoint    ] Total time for which application threads were stopped: 0.0001564 seconds, Stopping threads took: 0.0000473 seconds
[2019-01-25T15:12:47.947+0000][1][safepoint    ] Application time: 0.0002036 seconds
[2019-01-25T15:12:47.948+0000][1][safepoint    ] Total time for which application threads were stopped: 0.0000895 seconds, Stopping threads took: 0.0000183 seconds
[2019-01-25T15:12:47.949+0000][1][safepoint    ] Application time: 0.0011407 seconds
[2019-01-25T15:12:47.950+0000][1][safepoint    ] Total time for which application threads were stopped: 0.0001023 seconds, Stopping threads took: 0.0000186 seconds
[2019-01-25T15:12:47.951+0000][1][safepoint    ] Application time: 0.0001212 seconds
[2019-01-25T15:12:47.951+0000][1][safepoint    ] Total time for which application threads were stopped: 0.0001017 seconds, Stopping threads took: 0.0000178 seconds
[2019-01-25T15:12:47.952+0000][1][safepoint    ] Application time: 0.0001369 seconds
[2019-01-25T15:12:47.952+0000][1][safepoint    ] Total time for which application threads were stopped: 0.0001001 seconds, Stopping threads took: 0.0000178 seconds
[2019-01-25T15:12:48.953+0000][1][safepoint    ] Application time: 1.0001895 seconds
[2019-01-25T15:12:48.953+0000][1][safepoint    ] Total time for which application threads were stopped: 0.0000578 seconds, Stopping threads took: 0.0000146 seconds
[2019-01-25T15:12:49.954+0000][1][safepoint    ] Application time: 1.0001600 seconds
[2019-01-25T15:12:49.955+0000][1][safepoint    ] Total time for which application threads were stopped: 0.0000809 seconds, Stopping threads took: 0.0000204 seconds
[2019-01-25T15:12:50.955+0000][1][safepoint    ] Application time: 1.0001397 seconds
[2019-01-25T15:12:50.956+0000][1][safepoint    ] Total time for which application threads were stopped: 0.0000584 seconds, Stopping threads took: 0.0000150 seconds
[2019-01-25T15:12:51.956+0000][1][safepoint    ] Application time: 1.0001523 seconds
[2019-01-25T15:12:51.958+0000][1][safepoint    ] Total time for which application threads were stopped: 0.0000933 seconds, Stopping threads took: 0.0000228 seconds
[2019-01-25T15:12:52.958+0000][1][safepoint    ] Application time: 1.0001457 seconds
[2019-01-25T15:12:52.959+0000][1][safepoint    ] Total time for which application threads were stopped: 0.0000819 seconds, Stopping threads took: 0.0000189 seconds
[2019-01-25T15:12:53.960+0000][1][safepoint    ] Application time: 1.0001255 seconds
[2019-01-25T15:12:53.960+0000][1][safepoint    ] Total time for which application threads were stopped: 0.0000595 seconds, Stopping threads took: 0.0000154 seconds
[2019-01-25T15:12:54.961+0000][1][safepoint    ] Application time: 1.0001327 seconds
[2019-01-25T15:12:54.962+0000][1][safepoint    ] Total time for which application threads were stopped: 0.0000956 seconds, Stopping threads took: 0.0000204 seconds
[2019-01-25T15:12:55.962+0000][1][safepoint    ] Application time: 1.0001372 seconds
[2019-01-25T15:12:55.963+0000][1][safepoint    ] Total time for which application threads were stopped: 0.0000615 seconds, Stopping threads took: 0.0000149 seconds
[2019-01-25T15:12:56.963+0000][1][safepoint    ] Application time: 1.0001390 seconds
[2019-01-25T15:12:56.964+0000][1][safepoint    ] Total time for which application threads were stopped: 0.0001056 seconds, Stopping threads took: 0.0000197 seconds
[2019-01-25T15:12:57.964+0000][1][safepoint    ] Application time: 1.0000984 seconds
[2019-01-25T15:12:57.965+0000][1][safepoint    ] Total time for which application threads were stopped: 0.0000617 seconds, Stopping threads took: 0.0000139 seconds
[2019-01-25T15:12:58.196+0000][1][safepoint    ] Application time: 0.2308196 seconds
[2019-01-25T15:12:58.196+0000][1][safepoint    ] Total time for which application threads were stopped: 0.0001000 seconds, Stopping threads took: 0.0000154 seconds
[2019-01-25T15:12:59.197+0000][1][safepoint    ] Application time: 1.0001285 seconds
[2019-01-25T15:12:59.197+0000][1][safepoint    ] Total time for which application threads were stopped: 0.0000633 seconds, Stopping threads took: 0.0000142 seconds
[2019-01-25T15:13:00.198+0000][1][safepoint    ] Application time: 1.0001632 seconds
[2019-01-25T15:13:00.198+0000][1][safepoint    ] Total time for which application threads were stopped: 0.0000575 seconds, Stopping threads took: 0.0000135 seconds
[2019-01-25T15:13:01.199+0000][1][safepoint    ] Application time: 1.0001218 seconds
[2019-01-25T15:13:01.200+0000][1][safepoint    ] Total time for which application threads were stopped: 0.0000976 seconds, Stopping threads took: 0.0000217 seconds
[2019-01-25T15:13:01.651+0000][1][safepoint    ] Application time: 0.4507026 seconds
[2019-01-25T15:13:01.653+0000][1][safepoint    ] Total time for which application threads were stopped: 0.0001770 seconds, Stopping threads took: 0.0000215 seconds
[2019-01-25T15:13:02.656+0000][1][safepoint    ] Application time: 1.0001364 seconds
[2019-01-25T15:13:02.656+0000][1][safepoint    ] Total time for which application threads were stopped: 0.0000945 seconds, Stopping threads took: 0.0000252 seconds
[2019-01-25T15:13:03.657+0000][1][safepoint    ] Application time: 1.0001308 seconds
[2019-01-25T15:13:03.658+0000][1][safepoint    ] Total time for which application threads were stopped: 0.0000837 seconds, Stopping threads took: 0.0000193 seconds
[2019-01-25T15:13:04.658+0000][1][safepoint    ] Application time: 1.0001642 seconds
[2019-01-25T15:13:04.659+0000][1][safepoint    ] Total time for which application threads were stopped: 0.0000586 seconds, Stopping threads took: 0.0000142 seconds
[2019-01-25T15:13:05.659+0000][1][safepoint    ] Application time: 1.0001195 seconds
[2019-01-25T15:13:05.660+0000][1][safepoint    ] Total time for which application threads were stopped: 0.0000859 seconds, Stopping threads took: 0.0000199 seconds
[2019-01-25T15:13:05.999+0000][1][safepoint    ] Application time: 0.3391463 seconds
[2019-01-25T15:13:06.003+0000][1][safepoint    ] Total time for which application threads were stopped: 0.0029618 seconds, Stopping threads took: 0.0000252 seconds
[2019-01-25T15:13:06.013+0000][1][safepoint    ] Application time: 0.0085561 seconds
[2019-01-25T15:13:06.015+0000][1][safepoint    ] Total time for which application threads were stopped: 0.0001090 seconds, Stopping threads took: 0.0000220 seconds
[2019-01-25T15:13:07.018+0000][1][safepoint    ] Application time: 1.0001802 seconds
[2019-01-25T15:13:07.018+0000][1][safepoint    ] Total time for which application threads were stopped: 0.0000687 seconds, Stopping threads took: 0.0000143 seconds
[2019-01-25T15:13:08.019+0000][1][safepoint    ] Application time: 1.0001305 seconds
[2019-01-25T15:13:08.020+0000][1][safepoint    ] Total time for which application threads were stopped: 0.0001006 seconds, Stopping threads took: 0.0000222 seconds
[2019-01-25T15:13:09.020+0000][1][safepoint    ] Application time: 1.0001048 seconds
[2019-01-25T15:13:09.021+0000][1][safepoint    ] Total time for which application threads were stopped: 0.0000587 seconds, Stopping threads took: 0.0000148 seconds
[2019-01-25T15:13:10.021+0000][1][safepoint    ] Application time: 1.0001317 seconds
[2019-01-25T15:13:10.023+0000][1][safepoint    ] Total time for which application threads were stopped: 0.0000909 seconds, Stopping threads took: 0.0000218 seconds
[2019-01-25T15:13:11.025+0000][1][safepoint    ] Application time: 1.0001515 seconds
[2019-01-25T15:13:11.025+0000][1][safepoint    ] Total time for which application threads were stopped: 0.0000574 seconds, Stopping threads took: 0.0000147 seconds
[2019-01-25T15:13:12.026+0000][1][safepoint    ] Application time: 1.0001261 seconds
[2019-01-25T15:13:12.026+0000][1][safepoint    ] Total time for which application threads were stopped: 0.0000782 seconds, Stopping threads took: 0.0000339 seconds
[2019-01-25T15:13:13.027+0000][1][safepoint    ] Application time: 1.0001276 seconds
[2019-01-25T15:13:13.027+0000][1][safepoint    ] Total time for which application threads were stopped: 0.0000575 seconds, Stopping threads took: 0.0000144 seconds
[2019-01-25T15:13:13.222+0000][1][safepoint    ] Application time: 0.1943237 seconds
[2019-01-25T15:13:13.224+0000][1][safepoint    ] Total time for which application threads were stopped: 0.0001042 seconds, Stopping threads took: 0.0000176 seconds
[2019-01-25T15:13:13.227+0000][1][safepoint    ] Application time: 0.0002841 seconds
[2019-01-25T15:13:13.227+0000][1][safepoint    ] Total time for which application threads were stopped: 0.0001040 seconds, Stopping threads took: 0.0000178 seconds
[2019-01-25T15:13:13.233+0000][1][safepoint    ] Application time: 0.0002694 seconds
[2019-01-25T15:13:13.234+0000][1][safepoint    ] Total time for which application threads were stopped: 0.0000769 seconds, Stopping threads took: 0.0000138 seconds
[2019-01-25T15:13:13.235+0000][1][safepoint    ] Application time: 0.0002004 seconds
[2019-01-25T15:13:13.235+0000][1][safepoint    ] Total time for which application threads were stopped: 0.0000747 seconds, Stopping threads took: 0.0000132 seconds
[2019-01-25T15:13:13.236+0000][1][safepoint    ] Application time: 0.0002511 seconds
[2019-01-25T15:13:13.237+0000][1][safepoint    ] Total time for which application threads were stopped: 0.0001378 seconds, Stopping threads took: 0.0000689 seconds
[2019-01-25T15:13:13.238+0000][1][safepoint    ] Application time: 0.0002439 seconds
[2019-01-25T15:13:13.239+0000][1][safepoint    ] Total time for which application threads were stopped: 0.0000988 seconds, Stopping threads took: 0.0000170 seconds
[2019-01-25T15:13:14.240+0000][1][safepoint    ] Application time: 1.0001710 seconds
[2019-01-25T15:13:14.241+0000][1][safepoint    ] Total time for which application threads were stopped: 0.0000828 seconds, Stopping threads took: 0.0000178 seconds
[2019-01-25T15:13:15.241+0000][1][safepoint    ] Application time: 1.0001444 seconds
[2019-01-25T15:13:15.242+0000][1][safepoint    ] Total time for which application threads were stopped: 0.0001019 seconds, Stopping threads took: 0.0000221 seconds
[2019-01-25T15:13:16.242+0000][1][safepoint    ] Application time: 1.0001178 seconds
[2019-01-25T15:13:16.243+0000][1][safepoint    ] Total time for which application threads were stopped: 0.0000839 seconds, Stopping threads took: 0.0000191 seconds
[2019-01-25T15:13:17.245+0000][1][safepoint    ] Application time: 1.0001378 seconds
[2019-01-25T15:13:17.245+0000][1][safepoint    ] Total time for which application threads were stopped: 0.0000603 seconds, Stopping threads took: 0.0000143 seconds
[2019-01-25T15:13:18.246+0000][1][safepoint    ] Application time: 1.0002227 seconds
[2019-01-25T15:13:18.246+0000][1][safepoint    ] Total time for which application threads were stopped: 0.0001461 seconds, Stopping threads took: 0.0000400 seconds
[2019-01-25T15:13:19.247+0000][1][safepoint    ] Application time: 1.0001577 seconds
[2019-01-25T15:13:19.248+0000][1][safepoint    ] Total time for which application threads were stopped: 0.0000849 seconds, Stopping threads took: 0.0000194 seconds
[2019-01-25T15:13:20.257+0000][1][safepoint    ] Application time: 1.0001234 seconds
[2019-01-25T15:13:20.257+0000][1][safepoint    ] Total time for which application threads were stopped: 0.0000819 seconds, Stopping threads took: 0.0000185 seconds
[2019-01-25T15:13:21.258+0000][1][safepoint    ] Application time: 1.0001467 seconds
[2019-01-25T15:13:21.259+0000][1][safepoint    ] Total time for which application threads were stopped: 0.0000909 seconds, Stopping threads took: 0.0000230 seconds
[2019-01-25T15:13:22.259+0000][1][safepoint    ] Application time: 1.0001286 seconds
[2019-01-25T15:13:22.260+0000][1][safepoint    ] Total time for which application threads were stopped: 0.0000837 seconds, Stopping threads took: 0.0000199 seconds
[2019-01-25T15:13:23.133+0000][1][safepoint    ] Application time: 0.8727296 seconds
[2019-01-25T15:13:23.145+0000][1][safepoint    ] Total time for which application threads were stopped: 0.0001529 seconds, Stopping threads took: 0.0000208 seconds
[2019-01-25T15:13:23.160+0000][1][safepoint    ] Application time: 0.0031913 seconds
[2019-01-25T15:13:23.167+0000][1][safepoint    ] Total time for which application threads were stopped: 0.0052080 seconds, Stopping threads took: 0.0050623 seconds
[2019-01-25T15:13:23.208+0000][1][safepoint    ] Application time: 0.0388098 seconds
[2019-01-25T15:13:23.209+0000][1][safepoint    ] Total time for which application threads were stopped: 0.0001322 seconds, Stopping threads took: 0.0000210 seconds
[2019-01-25T15:13:23.745+0000][1][safepoint    ] Application time: 0.5361528 seconds
[2019-01-25T15:13:23.746+0000][1][safepoint    ] Total time for which application threads were stopped: 0.0000816 seconds, Stopping threads took: 0.0000127 seconds
[2019-01-25T15:13:23.863+0000][1][safepoint    ] Application time: 0.1170868 seconds
[2019-01-25T15:13:23.864+0000][1][safepoint    ] Total time for which application threads were stopped: 0.0000699 seconds, Stopping threads took: 0.0000147 seconds
[2019-01-25T15:13:23.867+0000][1][safepoint    ] Application time: 0.0033221 seconds
[2019-01-25T15:13:23.868+0000][1][safepoint    ] Total time for which application threads were stopped: 0.0003468 seconds, Stopping threads took: 0.0002349 seconds
[2019-01-25T15:13:23.909+0000][1][safepoint    ] Application time: 0.0403401 seconds
[2019-01-25T15:13:23.909+0000][1][safepoint    ] Total time for which application threads were stopped: 0.0000899 seconds, Stopping threads took: 0.0000152 seconds
[2019-01-25T15:13:24.213+0000][1][safepoint    ] Application time: 0.3029951 seconds
[2019-01-25T15:13:24.213+0000][1][safepoint    ] Total time for which application threads were stopped: 0.0000738 seconds, Stopping threads took: 0.0000144 seconds
[2019-01-25T15:13:24.215+0000][1][safepoint    ] Application time: 0.0000799 seconds
[2019-01-25T15:13:24.218+0000][1][safepoint    ] Total time for which application threads were stopped: 0.0000779 seconds, Stopping threads took: 0.0000140 seconds
[2019-01-25T15:13:24.219+0000][1][safepoint    ] Application time: 0.0000604 seconds
[2019-01-25T15:13:24.219+0000][1][safepoint    ] Total time for which application threads were stopped: 0.0000663 seconds, Stopping threads took: 0.0000126 seconds
[2019-01-25T15:13:25.220+0000][1][safepoint    ] Application time: 1.0002578 seconds
[2019-01-25T15:13:25.221+0000][1][safepoint    ] Total time for which application threads were stopped: 0.0000648 seconds, Stopping threads took: 0.0000142 seconds
[2019-01-25T15:13:26.226+0000][1][safepoint    ] Application time: 1.0001023 seconds
[2019-01-25T15:13:26.226+0000][1][safepoint    ] Total time for which application threads were stopped: 0.0000598 seconds, Stopping threads took: 0.0000150 seconds
[2019-01-25T15:13:27.227+0000][1][safepoint    ] Application time: 1.0001371 seconds
[2019-01-25T15:13:27.227+0000][1][safepoint    ] Total time for which application threads were stopped: 0.0000856 seconds, Stopping threads took: 0.0000199 seconds
[2019-01-25T15:13:27.955+0000][1][safepoint    ] Application time: 0.7241948 seconds
[2019-01-25T15:13:27.955+0000][1][safepoint    ] Total time for which application threads were stopped: 0.0000746 seconds, Stopping threads took: 0.0000135 seconds
[2019-01-25T15:13:28.201+0000][1][safepoint    ] Application time: 0.2457368 seconds
[2019-01-25T15:13:28.203+0000][1][safepoint    ] Total time for which application threads were stopped: 0.0001022 seconds, Stopping threads took: 0.0000130 seconds
[2019-01-25T15:13:29.205+0000][1][safepoint    ] Application time: 1.0001502 seconds
[2019-01-25T15:13:29.206+0000][1][safepoint    ] Total time for which application threads were stopped: 0.0000940 seconds, Stopping threads took: 0.0000188 seconds
[2019-01-25T15:13:30.206+0000][1][safepoint    ] Application time: 1.0001299 seconds
[2019-01-25T15:13:30.207+0000][1][safepoint    ] Total time for which application threads were stopped: 0.0000560 seconds, Stopping threads took: 0.0000133 seconds
[2019-01-25T15:13:31.207+0000][1][safepoint    ] Application time: 1.0001404 seconds
[2019-01-25T15:13:31.208+0000][1][safepoint    ] Total time for which application threads were stopped: 0.0000975 seconds, Stopping threads took: 0.0000219 seconds
[2019-01-25T15:13:32.208+0000][1][safepoint    ] Application time: 1.0001477 seconds
[2019-01-25T15:13:32.211+0000][1][safepoint    ] Total time for which application threads were stopped: 0.0000990 seconds, Stopping threads took: 0.0000184 seconds
[2019-01-25T15:13:33.217+0000][1][safepoint    ] Application time: 1.0010709 seconds
[2019-01-25T15:13:33.229+0000][1][safepoint    ] Total time for which application threads were stopped: 0.0000846 seconds, Stopping threads took: 0.0000188 seconds
[2019-01-25T15:13:34.248+0000][1][safepoint    ] Application time: 1.0044450 seconds
[2019-01-25T15:13:34.250+0000][1][safepoint    ] Total time for which application threads were stopped: 0.0001013 seconds, Stopping threads took: 0.0000202 seconds
[2019-01-25T15:13:35.252+0000][1][safepoint    ] Application time: 1.0001354 seconds
[2019-01-25T15:13:35.254+0000][1][safepoint    ] Total time for which application threads were stopped: 0.0000892 seconds, Stopping threads took: 0.0000211 seconds
[2019-01-25T15:13:36.261+0000][1][safepoint    ] Application time: 1.0048907 seconds
[2019-01-25T15:13:36.263+0000][1][safepoint    ] Total time for which application threads were stopped: 0.0000841 seconds, Stopping threads took: 0.0000197 seconds
[2019-01-25T15:13:37.267+0000][1][safepoint    ] Application time: 1.0001415 seconds
[2019-01-25T15:13:37.268+0000][1][safepoint    ] Total time for which application threads were stopped: 0.0000910 seconds, Stopping threads took: 0.0000179 seconds
[2019-01-25T15:13:38.268+0000][1][safepoint    ] Application time: 1.0001172 seconds
[2019-01-25T15:13:38.270+0000][1][safepoint    ] Total time for which application threads were stopped: 0.0000761 seconds, Stopping threads took: 0.0000157 seconds
[2019-01-25T15:13:39.270+0000][1][safepoint    ] Application time: 1.0001291 seconds
[2019-01-25T15:13:39.271+0000][1][safepoint    ] Total time for which application threads were stopped: 0.0001193 seconds, Stopping threads took: 0.0000206 seconds
[2019-01-25T15:13:40.274+0000][1][safepoint    ] Application time: 1.0001346 seconds
[2019-01-25T15:13:40.274+0000][1][safepoint    ] Total time for which application threads were stopped: 0.0000623 seconds, Stopping threads took: 0.0000132 seconds
[2019-01-25T15:13:41.275+0000][1][safepoint    ] Application time: 1.0001237 seconds
[2019-01-25T15:13:41.276+0000][1][safepoint    ] Total time for which application threads were stopped: 0.0000606 seconds, Stopping threads took: 0.0000148 seconds
[2019-01-25T15:13:42.281+0000][1][safepoint    ] Application time: 1.0001739 seconds
[2019-01-25T15:13:42.281+0000][1][safepoint    ] Total time for which application threads were stopped: 0.0000730 seconds, Stopping threads took: 0.0000151 seconds
[2019-01-25T15:13:43.282+0000][1][safepoint    ] Application time: 1.0001312 seconds
[2019-01-25T15:13:43.282+0000][1][safepoint    ] Total time for which application threads were stopped: 0.0000890 seconds, Stopping threads took: 0.0000180 seconds
[2019-01-25T15:13:43.652+0000][1][safepoint    ] Application time: 0.3697830 seconds
[2019-01-25T15:13:43.655+0000][1][safepoint    ] Total time for which application threads were stopped: 0.0006090 seconds, Stopping threads took: 0.0000195 seconds
[2019-01-25T15:13:43.669+0000][1][safepoint    ] Application time: 0.0101430 seconds
[2019-01-25T15:13:43.671+0000][1][safepoint    ] Total time for which application threads were stopped: 0.0001554 seconds, Stopping threads took: 0.0000187 seconds
[2019-01-25T15:13:43.672+0000][1][safepoint    ] Application time: 0.0002765 seconds
[2019-01-25T15:13:43.673+0000][1][safepoint    ] Total time for which application threads were stopped: 0.0001021 seconds, Stopping threads took: 0.0000183 seconds
[2019-01-25T15:13:43.674+0000][1][safepoint    ] Application time: 0.0002182 seconds
[2019-01-25T15:13:43.675+0000][1][safepoint    ] Total time for which application threads were stopped: 0.0001025 seconds, Stopping threads took: 0.0000171 seconds
[2019-01-25T15:13:43.675+0000][1][safepoint    ] Application time: 0.0000522 seconds
[2019-01-25T15:13:43.676+0000][1][safepoint    ] Total time for which application threads were stopped: 0.0001051 seconds, Stopping threads took: 0.0000175 seconds
[2019-01-25T15:13:43.678+0000][1][safepoint    ] Application time: 0.0016789 seconds
[2019-01-25T15:13:43.678+0000][1][safepoint    ] Total time for which application threads were stopped: 0.0001009 seconds, Stopping threads took: 0.0000163 seconds
[2019-01-25T15:13:43.679+0000][1][safepoint    ] Application time: 0.0000492 seconds
[2019-01-25T15:13:43.679+0000][1][safepoint    ] Total time for which application threads were stopped: 0.0000779 seconds, Stopping threads took: 0.0000138 seconds
[2019-01-25T15:13:43.682+0000][1][safepoint    ] Application time: 0.0023238 seconds
[2019-01-25T15:13:43.683+0000][1][safepoint    ] Total time for which application threads were stopped: 0.0000776 seconds, Stopping threads took: 0.0000155 seconds
[2019-01-25T15:13:43.684+0000][1][safepoint    ] Application time: 0.0000818 seconds
[2019-01-25T15:13:43.685+0000][1][safepoint    ] Total time for which application threads were stopped: 0.0001253 seconds, Stopping threads took: 0.0000191 seconds
[2019-01-25T15:13:43.686+0000][1][safepoint    ] Application time: 0.0000806 seconds
[2019-01-25T15:13:43.687+0000][1][safepoint    ] Total time for which application threads were stopped: 0.0000795 seconds, Stopping threads took: 0.0000152 seconds
[2019-01-25T15:13:43.687+0000][1][safepoint    ] Application time: 0.0000822 seconds
[2019-01-25T15:13:43.689+0000][1][safepoint    ] Total time for which application threads were stopped: 0.0001069 seconds, Stopping threads took: 0.0000192 seconds
[2019-01-25T15:13:43.719+0000][1][safepoint    ] Application time: 0.0279948 seconds
[2019-01-25T15:13:43.720+0000][1][safepoint    ] Total time for which application threads were stopped: 0.0001275 seconds, Stopping threads took: 0.0000192 seconds
[2019-01-25T15:13:43.720+0000][1][safepoint    ] Application time: 0.0000810 seconds
[2019-01-25T15:13:43.720+0000][1][safepoint    ] Total time for which application threads were stopped: 0.0000713 seconds, Stopping threads took: 0.0000146 seconds
[2019-01-25T15:13:43.721+0000][1][safepoint    ] Application time: 0.0000956 seconds
[2019-01-25T15:13:43.721+0000][1][safepoint    ] Total time for which application threads were stopped: 0.0000774 seconds, Stopping threads took: 0.0000147 seconds
[2019-01-25T15:13:43.722+0000][1][safepoint    ] Application time: 0.0005729 seconds
[2019-01-25T15:13:43.723+0000][1][safepoint    ] Total time for which application threads were stopped: 0.0000714 seconds, Stopping threads took: 0.0000130 seconds
[2019-01-25T15:13:43.826+0000][1][safepoint    ] Application time: 0.1028403 seconds
[2019-01-25T15:13:43.827+0000][1][safepoint    ] Total time for which application threads were stopped: 0.0000836 seconds, Stopping threads took: 0.0000177 seconds
[2019-01-25T15:13:43.827+0000][1][safepoint    ] Application time: 0.0002141 seconds
[2019-01-25T15:13:43.829+0000][1][safepoint    ] Total time for which application threads were stopped: 0.0001012 seconds, Stopping threads took: 0.0000183 seconds
[2019-01-25T15:13:43.829+0000][1][safepoint    ] Application time: 0.0000739 seconds
[2019-01-25T15:13:43.830+0000][1][safepoint    ] Total time for which application threads were stopped: 0.0001017 seconds, Stopping threads took: 0.0000153 seconds
[2019-01-25T15:13:43.832+0000][1][safepoint    ] Application time: 0.0000759 seconds
[2019-01-25T15:13:43.833+0000][1][safepoint    ] Total time for which application threads were stopped: 0.0001307 seconds, Stopping threads took: 0.0000186 seconds
[2019-01-25T15:13:43.837+0000][1][safepoint    ] Application time: 0.0022564 seconds
[2019-01-25T15:13:43.839+0000][1][safepoint    ] Total time for which application threads were stopped: 0.0001046 seconds, Stopping threads took: 0.0000191 seconds
[2019-01-25T15:13:43.840+0000][1][safepoint    ] Application time: 0.0000700 seconds
[2019-01-25T15:13:43.841+0000][1][safepoint    ] Total time for which application threads were stopped: 0.0001225 seconds, Stopping threads took: 0.0000184 seconds
[2019-01-25T15:13:43.844+0000][1][safepoint    ] Application time: 0.0007370 seconds
[2019-01-25T15:13:43.844+0000][1][safepoint    ] Total time for which application threads were stopped: 0.0001128 seconds, Stopping threads took: 0.0000191 seconds
[2019-01-25T15:13:43.845+0000][1][safepoint    ] Application time: 0.0000760 seconds
[2019-01-25T15:13:43.846+0000][1][safepoint    ] Total time for which application threads were stopped: 0.0001155 seconds, Stopping threads took: 0.0000180 seconds
[2019-01-25T15:13:43.847+0000][1][safepoint    ] Application time: 0.0000640 seconds
[2019-01-25T15:13:43.849+0000][1][safepoint    ] Total time for which application threads were stopped: 0.0000846 seconds, Stopping threads took: 0.0000193 seconds
[2019-01-25T15:13:43.850+0000][1][safepoint    ] Application time: 0.0000920 seconds
[2019-01-25T15:13:43.854+0000][1][safepoint    ] Total time for which application threads were stopped: 0.0001006 seconds, Stopping threads took: 0.0000180 seconds
[2019-01-25T15:13:43.865+0000][1][safepoint    ] Application time: 0.0109223 seconds
[2019-01-25T15:13:43.865+0000][1][safepoint    ] Total time for which application threads were stopped: 0.0001009 seconds, Stopping threads took: 0.0000169 seconds
[2019-01-25T15:13:43.866+0000][1][safepoint    ] Application time: 0.0000984 seconds
[2019-01-25T15:13:43.866+0000][1][safepoint    ] Total time for which application threads were stopped: 0.0001061 seconds, Stopping threads took: 0.0000154 seconds
[2019-01-25T15:13:43.867+0000][1][safepoint    ] Application time: 0.0000678 seconds
[2019-01-25T15:13:43.867+0000][1][safepoint    ] Total time for which application threads were stopped: 0.0000991 seconds, Stopping threads took: 0.0000148 seconds
[2019-01-25T15:13:43.869+0000][1][safepoint    ] Application time: 0.0012047 seconds
[2019-01-25T15:13:43.870+0000][1][safepoint    ] Total time for which application threads were stopped: 0.0001180 seconds, Stopping threads took: 0.0000175 seconds
[2019-01-25T15:13:43.970+0000][1][safepoint    ] Application time: 0.0994061 seconds
[2019-01-25T15:13:43.970+0000][1][safepoint    ] Total time for which application threads were stopped: 0.0001012 seconds, Stopping threads took: 0.0000171 seconds
[2019-01-25T15:13:43.972+0000][1][safepoint    ] Application time: 0.0002519 seconds
[2019-01-25T15:13:43.973+0000][1][safepoint    ] Total time for which application threads were stopped: 0.0000782 seconds, Stopping threads took: 0.0000151 seconds
[2019-01-25T15:13:43.973+0000][1][safepoint    ] Application time: 0.0000819 seconds
[2019-01-25T15:13:43.974+0000][1][safepoint    ] Total time for which application threads were stopped: 0.0001068 seconds, Stopping threads took: 0.0000187 seconds
[2019-01-25T15:13:43.975+0000][1][safepoint    ] Application time: 0.0000660 seconds
[2019-01-25T15:13:43.975+0000][1][safepoint    ] Total time for which application threads were stopped: 0.0001164 seconds, Stopping threads took: 0.0000172 seconds
[2019-01-25T15:13:43.976+0000][1][safepoint    ] Application time: 0.0009796 seconds
[2019-01-25T15:13:43.977+0000][1][safepoint    ] Total time for which application threads were stopped: 0.0001091 seconds, Stopping threads took: 0.0000185 seconds
[2019-01-25T15:13:43.978+0000][1][safepoint    ] Application time: 0.0000663 seconds
[2019-01-25T15:13:43.979+0000][1][safepoint    ] Total time for which application threads were stopped: 0.0001238 seconds, Stopping threads took: 0.0000192 seconds
[2019-01-25T15:13:43.981+0000][1][safepoint    ] Application time: 0.0019616 seconds
[2019-01-25T15:13:43.982+0000][1][safepoint    ] Total time for which application threads were stopped: 0.0000977 seconds, Stopping threads took: 0.0000186 seconds
[2019-01-25T15:13:43.985+0000][1][safepoint    ] Application time: 0.0000871 seconds
[2019-01-25T15:13:43.988+0000][1][safepoint    ] Total time for which application threads were stopped: 0.0001048 seconds, Stopping threads took: 0.0000178 seconds
[2019-01-25T15:13:43.990+0000][1][safepoint    ] Application time: 0.0000782 seconds
[2019-01-25T15:13:43.996+0000][1][safepoint    ] Total time for which application threads were stopped: 0.0001323 seconds, Stopping threads took: 0.0000197 seconds
[2019-01-25T15:13:44.002+0000][1][safepoint    ] Application time: 0.0000790 seconds
[2019-01-25T15:13:44.003+0000][1][safepoint    ] Total time for which application threads were stopped: 0.0001105 seconds, Stopping threads took: 0.0000186 seconds
[2019-01-25T15:13:44.028+0000][1][safepoint    ] Application time: 0.0236216 seconds
[2019-01-25T15:13:44.033+0000][1][safepoint    ] Total time for which application threads were stopped: 0.0001194 seconds, Stopping threads took: 0.0000201 seconds
[2019-01-25T15:13:44.035+0000][1][safepoint    ] Application time: 0.0000951 seconds
[2019-01-25T15:13:44.036+0000][1][safepoint    ] Total time for which application threads were stopped: 0.0001057 seconds, Stopping threads took: 0.0000184 seconds
[2019-01-25T15:13:44.037+0000][1][safepoint    ] Application time: 0.0000982 seconds
[2019-01-25T15:13:44.044+0000][1][safepoint    ] Total time for which application threads were stopped: 0.0001089 seconds, Stopping threads took: 0.0000191 seconds
[2019-01-25T15:13:44.055+0000][1][safepoint    ] Application time: 0.0068757 seconds
[2019-01-25T15:13:44.059+0000][1][safepoint    ] Total time for which application threads were stopped: 0.0001220 seconds, Stopping threads took: 0.0000195 seconds
[2019-01-25T15:13:44.234+0000][1][safepoint    ] Application time: 0.1712999 seconds
[2019-01-25T15:13:44.236+0000][1][safepoint    ] Total time for which application threads were stopped: 0.0001174 seconds, Stopping threads took: 0.0000200 seconds
[2019-01-25T15:13:44.238+0000][1][safepoint    ] Application time: 0.0002731 seconds
[2019-01-25T15:13:44.239+0000][1][safepoint    ] Total time for which application threads were stopped: 0.0001678 seconds, Stopping threads took: 0.0000348 seconds
[2019-01-25T15:13:44.240+0000][1][safepoint    ] Application time: 0.0000881 seconds
[2019-01-25T15:13:44.241+0000][1][safepoint    ] Total time for which application threads were stopped: 0.0002133 seconds, Stopping threads took: 0.0000206 seconds
[2019-01-25T15:13:44.241+0000][1][safepoint    ] Application time: 0.0000637 seconds
[2019-01-25T15:13:44.242+0000][1][safepoint    ] Total time for which application threads were stopped: 0.0001373 seconds, Stopping threads took: 0.0000155 seconds
[2019-01-25T15:13:44.243+0000][1][safepoint    ] Application time: 0.0005997 seconds
[2019-01-25T15:13:44.243+0000][1][safepoint    ] Total time for which application threads were stopped: 0.0001079 seconds, Stopping threads took: 0.0000199 seconds
[2019-01-25T15:13:44.243+0000][1][safepoint    ] Application time: 0.0000929 seconds
[2019-01-25T15:13:44.244+0000][1][safepoint    ] Total time for which application threads were stopped: 0.0001160 seconds, Stopping threads took: 0.0000158 seconds
[2019-01-25T15:13:44.245+0000][1][safepoint    ] Application time: 0.0006909 seconds
[2019-01-25T15:13:44.246+0000][1][safepoint    ] Total time for which application threads were stopped: 0.0001163 seconds, Stopping threads took: 0.0000194 seconds
[2019-01-25T15:13:44.246+0000][1][safepoint    ] Application time: 0.0001219 seconds
[2019-01-25T15:13:44.247+0000][1][safepoint    ] Total time for which application threads were stopped: 0.0001194 seconds, Stopping threads took: 0.0000164 seconds
[2019-01-25T15:13:44.249+0000][1][safepoint    ] Application time: 0.0000965 seconds
[2019-01-25T15:13:44.250+0000][1][safepoint    ] Total time for which application threads were stopped: 0.0001205 seconds, Stopping threads took: 0.0000176 seconds
[2019-01-25T15:13:44.250+0000][1][safepoint    ] Application time: 0.0000892 seconds
[2019-01-25T15:13:44.251+0000][1][safepoint    ] Total time for which application threads were stopped: 0.0001286 seconds, Stopping threads took: 0.0000205 seconds
[2019-01-25T15:13:44.271+0000][1][safepoint    ] Application time: 0.0172907 seconds
[2019-01-25T15:13:44.271+0000][1][safepoint    ] Total time for which application threads were stopped: 0.0001069 seconds, Stopping threads took: 0.0000188 seconds
[2019-01-25T15:13:44.272+0000][1][safepoint    ] Application time: 0.0001003 seconds
[2019-01-25T15:13:44.273+0000][1][safepoint    ] Total time for which application threads were stopped: 0.0001101 seconds, Stopping threads took: 0.0000219 seconds
[2019-01-25T15:13:44.273+0000][1][safepoint    ] Application time: 0.0000799 seconds
[2019-01-25T15:13:44.274+0000][1][safepoint    ] Total time for which application threads were stopped: 0.0001013 seconds, Stopping threads took: 0.0000174 seconds
[2019-01-25T15:13:44.275+0000][1][safepoint    ] Application time: 0.0005925 seconds
[2019-01-25T15:13:44.276+0000][1][safepoint    ] Total time for which application threads were stopped: 0.0001045 seconds, Stopping threads took: 0.0000211 seconds
[2019-01-25T15:13:44.341+0000][1][safepoint    ] Application time: 0.0652150 seconds
[2019-01-25T15:13:44.342+0000][1][safepoint    ] Total time for which application threads were stopped: 0.0001010 seconds, Stopping threads took: 0.0000137 seconds
[2019-01-25T15:13:44.342+0000][1][safepoint    ] Application time: 0.0002087 seconds
[2019-01-25T15:13:44.343+0000][1][safepoint    ] Total time for which application threads were stopped: 0.0000654 seconds, Stopping threads took: 0.0000113 seconds
[2019-01-25T15:13:44.343+0000][1][safepoint    ] Application time: 0.0000521 seconds
[2019-01-25T15:13:44.343+0000][1][safepoint    ] Total time for which application threads were stopped: 0.0000641 seconds, Stopping threads took: 0.0000108 seconds
[2019-01-25T15:13:44.344+0000][1][safepoint    ] Application time: 0.0000580 seconds
[2019-01-25T15:13:44.344+0000][1][safepoint    ] Total time for which application threads were stopped: 0.0000553 seconds, Stopping threads took: 0.0000084 seconds
[2019-01-25T15:13:44.345+0000][1][safepoint    ] Application time: 0.0003841 seconds
[2019-01-25T15:13:44.345+0000][1][safepoint    ] Total time for which application threads were stopped: 0.0000635 seconds, Stopping threads took: 0.0000111 seconds
[2019-01-25T15:13:44.345+0000][1][safepoint    ] Application time: 0.0000380 seconds
[2019-01-25T15:13:44.346+0000][1][safepoint    ] Total time for which application threads were stopped: 0.0000578 seconds, Stopping threads took: 0.0000090 seconds
[2019-01-25T15:13:44.346+0000][1][safepoint    ] Application time: 0.0005188 seconds
[2019-01-25T15:13:44.347+0000][1][safepoint    ] Total time for which application threads were stopped: 0.0000703 seconds, Stopping threads took: 0.0000140 seconds
[2019-01-25T15:13:44.347+0000][1][safepoint    ] Application time: 0.0000656 seconds
[2019-01-25T15:13:44.348+0000][1][safepoint    ] Total time for which application threads were stopped: 0.0000591 seconds, Stopping threads took: 0.0000100 seconds
[2019-01-25T15:13:44.348+0000][1][safepoint    ] Application time: 0.0000492 seconds
[2019-01-25T15:13:44.348+0000][1][safepoint    ] Total time for which application threads were stopped: 0.0000503 seconds, Stopping threads took: 0.0000079 seconds
[2019-01-25T15:13:44.349+0000][1][safepoint    ] Application time: 0.0000396 seconds
[2019-01-25T15:13:44.349+0000][1][safepoint    ] Total time for which application threads were stopped: 0.0000512 seconds, Stopping threads took: 0.0000081 seconds
[2019-01-25T15:13:44.360+0000][1][safepoint    ] Application time: 0.0106567 seconds
[2019-01-25T15:13:44.360+0000][1][safepoint    ] Total time for which application threads were stopped: 0.0001124 seconds, Stopping threads took: 0.0000165 seconds
[2019-01-25T15:13:44.361+0000][1][safepoint    ] Application time: 0.0000900 seconds
[2019-01-25T15:13:44.361+0000][1][safepoint    ] Total time for which application threads were stopped: 0.0000809 seconds, Stopping threads took: 0.0000124 seconds
[2019-01-25T15:13:44.361+0000][1][safepoint    ] Application time: 0.0000639 seconds
[2019-01-25T15:13:44.362+0000][1][safepoint    ] Total time for which application threads were stopped: 0.0002116 seconds, Stopping threads took: 0.0000102 seconds
[2019-01-25T15:13:44.363+0000][1][safepoint    ] Application time: 0.0004326 seconds
[2019-01-25T15:13:44.363+0000][1][safepoint    ] Total time for which application threads were stopped: 0.0000969 seconds, Stopping threads took: 0.0000131 seconds
[2019-01-25T15:13:45.361+0000][1][safepoint    ] Application time: 1.0001542 seconds
[2019-01-25T15:13:45.362+0000][1][safepoint    ] Total time for which application threads were stopped: 0.0000934 seconds, Stopping threads took: 0.0000186 seconds
[2019-01-25T15:13:46.362+0000][1][safepoint    ] Application time: 1.0001407 seconds
[2019-01-25T15:13:46.373+0000][1][safepoint    ] Total time for which application threads were stopped: 0.0001070 seconds, Stopping threads took: 0.0000225 seconds
[2019-01-25T15:13:47.378+0000][1][safepoint    ] Application time: 1.0001281 seconds
[2019-01-25T15:13:47.379+0000][1][safepoint    ] Total time for which application threads were stopped: 0.0000581 seconds, Stopping threads took: 0.0000140 seconds
[2019-01-25T15:13:48.380+0000][1][safepoint    ] Application time: 1.0001188 seconds
[2019-01-25T15:13:48.382+0000][1][safepoint    ] Total time for which application threads were stopped: 0.0009405 seconds, Stopping threads took: 0.0008867 seconds
[2019-01-25T15:13:48.518+0000][1][safepoint    ] Application time: 0.1350689 seconds
[2019-01-25T15:13:48.521+0000][1][safepoint    ] Total time for which application threads were stopped: 0.0002049 seconds, Stopping threads took: 0.0000197 seconds
[2019-01-25T15:13:49.530+0000][1][safepoint    ] Application time: 1.0003826 seconds
[2019-01-25T15:13:49.532+0000][1][safepoint    ] Total time for which application threads were stopped: 0.0001198 seconds, Stopping threads took: 0.0000219 seconds
[2019-01-25T15:13:50.533+0000][1][safepoint    ] Application time: 1.0001677 seconds
[2019-01-25T15:13:50.533+0000][1][safepoint    ] Total time for which application threads were stopped: 0.0000968 seconds, Stopping threads took: 0.0000191 seconds
[2019-01-25T15:13:51.534+0000][1][safepoint    ] Application time: 1.0004545 seconds
[2019-01-25T15:13:51.535+0000][1][safepoint    ] Total time for which application threads were stopped: 0.0001110 seconds, Stopping threads took: 0.0000270 seconds
[2019-01-25T15:13:52.536+0000][1][safepoint    ] Application time: 1.0001667 seconds
[2019-01-25T15:13:52.537+0000][1][safepoint    ] Total time for which application threads were stopped: 0.0000616 seconds, Stopping threads took: 0.0000157 seconds
[2019-01-25T15:13:53.213+0000][1][safepoint    ] Application time: 0.6757675 seconds
[2019-01-25T15:13:53.214+0000][1][safepoint    ] Total time for which application threads were stopped: 0.0000957 seconds, Stopping threads took: 0.0000159 seconds
[2019-01-25T15:13:53.214+0000][1][safepoint    ] Application time: 0.0001770 seconds
[2019-01-25T15:13:53.215+0000][1][safepoint    ] Total time for which application threads were stopped: 0.0000736 seconds, Stopping threads took: 0.0000139 seconds
[2019-01-25T15:13:54.216+0000][1][safepoint    ] Application time: 1.0001728 seconds
[2019-01-25T15:13:54.216+0000][1][safepoint    ] Total time for which application threads were stopped: 0.0000692 seconds, Stopping threads took: 0.0000156 seconds
[2019-01-25T15:13:55.217+0000][1][safepoint    ] Application time: 1.0001924 seconds
[2019-01-25T15:13:55.218+0000][1][safepoint    ] Total time for which application threads were stopped: 0.0000568 seconds, Stopping threads took: 0.0000148 seconds
[2019-01-25T15:13:56.218+0000][1][safepoint    ] Application time: 1.0001306 seconds
[2019-01-25T15:13:56.219+0000][1][safepoint    ] Total time for which application threads were stopped: 0.0000859 seconds, Stopping threads took: 0.0000175 seconds
[2019-01-25T15:13:57.220+0000][1][safepoint    ] Application time: 1.0001650 seconds
[2019-01-25T15:13:57.220+0000][1][safepoint    ] Total time for which application threads were stopped: 0.0000806 seconds, Stopping threads took: 0.0000234 seconds
[2019-01-25T15:13:58.221+0000][1][safepoint    ] Application time: 1.0001605 seconds
[2019-01-25T15:13:58.233+0000][1][safepoint    ] Total time for which application threads were stopped: 0.0000834 seconds, Stopping threads took: 0.0000188 seconds
[2019-01-25T15:13:59.236+0000][1][safepoint    ] Application time: 1.0001310 seconds
[2019-01-25T15:13:59.236+0000][1][safepoint    ] Total time for which application threads were stopped: 0.0000596 seconds, Stopping threads took: 0.0000147 seconds
[2019-01-25T15:14:00.237+0000][1][safepoint    ] Application time: 1.0001493 seconds
[2019-01-25T15:14:00.238+0000][1][safepoint    ] Total time for which application threads were stopped: 0.0002945 seconds, Stopping threads took: 0.0000187 seconds
[2019-01-25T15:14:01.239+0000][1][safepoint    ] Application time: 1.0002374 seconds
[2019-01-25T15:14:01.244+0000][1][safepoint    ] Total time for which application threads were stopped: 0.0002767 seconds, Stopping threads took: 0.0000474 seconds
[2019-01-25T15:14:02.245+0000][1][safepoint    ] Application time: 1.0001678 seconds
[2019-01-25T15:14:02.256+0000][1][safepoint    ] Total time for which application threads were stopped: 0.0000978 seconds, Stopping threads took: 0.0000213 seconds
[2019-01-25T15:14:03.261+0000][1][safepoint    ] Application time: 1.0001410 seconds
[2019-01-25T15:14:03.265+0000][1][safepoint    ] Total time for which application threads were stopped: 0.0000989 seconds, Stopping threads took: 0.0000219 seconds
[2019-01-25T15:14:04.268+0000][1][safepoint    ] Application time: 1.0026691 seconds
[2019-01-25T15:14:04.270+0000][1][safepoint    ] Total time for which application threads were stopped: 0.0000647 seconds, Stopping threads took: 0.0000166 seconds
[2019-01-25T15:14:05.275+0000][1][safepoint    ] Application time: 1.0045966 seconds
[2019-01-25T15:14:05.280+0000][1][safepoint    ] Total time for which application threads were stopped: 0.0000844 seconds, Stopping threads took: 0.0000197 seconds
[2019-01-25T15:14:06.284+0000][1][safepoint    ] Application time: 1.0001411 seconds
