[2019-02-01T12:55:49.777+0000][1][gc] Using Concurrent Mark Sweep
[2019-02-01T12:55:49.777+0000][1][gc,heap,coops] Heap address: 0x00000000f0000000, size: 256 MB, Compressed Oops mode: 32-bit
[2019-02-01T12:55:49.926+0000][1][safepoint    ] Total time for which application threads were stopped: 0.0000599 seconds, Stopping threads took: 0.0000138 seconds
[2019-02-01T12:55:49.955+0000][1][safepoint    ] Application time: 0.0287846 seconds
[2019-02-01T12:55:49.955+0000][1][safepoint    ] Total time for which application threads were stopped: 0.0000526 seconds, Stopping threads took: 0.0000103 seconds
[2019-02-01T12:55:49.964+0000][1][safepoint    ] Application time: 0.0076386 seconds
[2019-02-01T12:55:49.964+0000][1][safepoint    ] Total time for which application threads were stopped: 0.0006441 seconds, Stopping threads took: 0.0006031 seconds
[2019-02-01T12:55:50.395+0000][1][safepoint    ] Application time: 0.4306093 seconds
[2019-02-01T12:55:50.395+0000][1][safepoint    ] Total time for which application threads were stopped: 0.0000973 seconds, Stopping threads took: 0.0000136 seconds
[2019-02-01T12:55:50.504+0000][1][safepoint    ] Application time: 0.1093582 seconds
[2019-02-01T12:55:50.504+0000][1][safepoint    ] Total time for which application threads were stopped: 0.0000584 seconds, Stopping threads took: 0.0000114 seconds
[2019-02-01T12:55:50.979+0000][1][safepoint    ] Application time: 0.4747422 seconds
[2019-02-01T12:55:50.979+0000][1][safepoint    ] Total time for which application threads were stopped: 0.0000837 seconds, Stopping threads took: 0.0000125 seconds
[2019-02-01T12:55:51.285+0000][1][safepoint    ] Application time: 0.3052706 seconds
[2019-02-01T12:55:51.285+0000][1][safepoint    ] Total time for which application threads were stopped: 0.0000893 seconds, Stopping threads took: 0.0000130 seconds
[2019-02-01T12:55:52.285+0000][1][safepoint    ] Application time: 1.0003206 seconds
[2019-02-01T12:55:52.285+0000][1][safepoint    ] Total time for which application threads were stopped: 0.0000690 seconds, Stopping threads took: 0.0000086 seconds
[2019-02-01T12:55:52.624+0000][1][safepoint    ] Application time: 0.3390889 seconds
[2019-02-01T12:55:52.625+0000][1][safepoint    ] Total time for which application threads were stopped: 0.0001315 seconds, Stopping threads took: 0.0000163 seconds
[2019-02-01T12:55:52.629+0000][1][safepoint    ] Application time: 0.0044714 seconds
[2019-02-01T12:55:52.629+0000][1][safepoint    ] Total time for which application threads were stopped: 0.0001156 seconds, Stopping threads took: 0.0000154 seconds
[2019-02-01T12:55:53.081+0000][1][safepoint    ] Application time: 0.4522559 seconds
[2019-02-01T12:55:53.082+0000][1][safepoint    ] Total time for which application threads were stopped: 0.0001489 seconds, Stopping threads took: 0.0000048 seconds
[2019-02-01T12:55:53.922+0000][1][safepoint    ] Application time: 0.8405394 seconds
[2019-02-01T12:55:53.922+0000][1][safepoint    ] Total time for which application threads were stopped: 0.0001266 seconds, Stopping threads took: 0.0000125 seconds
[2019-02-01T12:55:54.923+0000][1][safepoint    ] Application time: 1.0002856 seconds
[2019-02-01T12:55:54.923+0000][1][safepoint    ] Total time for which application threads were stopped: 0.0002009 seconds, Stopping threads took: 0.0001331 seconds
[2019-02-01T12:55:55.692+0000][1][safepoint    ] Application time: 0.7690707 seconds
[2019-02-01T12:55:55.692+0000][1][safepoint    ] Total time for which application threads were stopped: 0.0001758 seconds, Stopping threads took: 0.0000043 seconds
[2019-02-01T12:55:55.793+0000][1][safepoint    ] Application time: 0.1006371 seconds
[2019-02-01T12:55:55.793+0000][1][safepoint    ] Total time for which application threads were stopped: 0.0001588 seconds, Stopping threads took: 0.0000052 seconds
[2019-02-01T12:55:55.890+0000][1][safepoint    ] Application time: 0.0969556 seconds
[2019-02-01T12:55:55.890+0000][1][safepoint    ] Total time for which application threads were stopped: 0.0002498 seconds, Stopping threads took: 0.0000078 seconds
[2019-02-01T12:55:55.960+0000][1][safepoint    ] Application time: 0.0700877 seconds
[2019-02-01T12:55:55.960+0000][1][safepoint    ] Total time for which application threads were stopped: 0.0000349 seconds, Stopping threads took: 0.0000055 seconds
[2019-02-01T12:55:55.961+0000][1][safepoint    ] Application time: 0.0000822 seconds
[2019-02-01T12:55:55.961+0000][1][safepoint    ] Total time for which application threads were stopped: 0.0000843 seconds, Stopping threads took: 0.0000034 seconds
[2019-02-01T12:55:55.961+0000][1][safepoint    ] Application time: 0.0001109 seconds
[2019-02-01T12:55:55.961+0000][1][safepoint    ] Total time for which application threads were stopped: 0.0000241 seconds, Stopping threads took: 0.0000038 seconds
[2019-02-01T12:55:55.961+0000][1][safepoint    ] Application time: 0.0004297 seconds
[2019-02-01T12:55:55.961+0000][1][safepoint    ] Total time for which application threads were stopped: 0.0000894 seconds, Stopping threads took: 0.0000046 seconds
[2019-02-01T12:55:56.941+0000][1][safepoint    ] Application time: 0.9800500 seconds
[2019-02-01T12:55:56.949+0000][1][safepoint    ] Total time for which application threads were stopped: 0.0075043 seconds, Stopping threads took: 0.0068903 seconds
[2019-02-01T12:55:57.053+0000][1][safepoint    ] Application time: 0.1044729 seconds
[2019-02-01T12:55:57.054+0000][1][safepoint    ] Total time for which application threads were stopped: 0.0001852 seconds, Stopping threads took: 0.0000139 seconds
[2019-02-01T12:55:57.182+0000][1][safepoint    ] Application time: 0.1282759 seconds
[2019-02-01T12:55:57.182+0000][1][safepoint    ] Total time for which application threads were stopped: 0.0002606 seconds, Stopping threads took: 0.0000087 seconds
[2019-02-01T12:55:57.377+0000][1][safepoint    ] Application time: 0.1944985 seconds
[2019-02-01T12:55:57.377+0000][1][safepoint    ] Total time for which application threads were stopped: 0.0001961 seconds, Stopping threads took: 0.0000099 seconds
[2019-02-01T12:55:57.416+0000][1][safepoint    ] Application time: 0.0392312 seconds
[2019-02-01T12:55:57.417+0000][1][safepoint    ] Total time for which application threads were stopped: 0.0004373 seconds, Stopping threads took: 0.0000086 seconds
[2019-02-01T12:55:57.887+0000][1][safepoint    ] Application time: 0.4701177 seconds
[2019-02-01T12:55:57.887+0000][1][gc,start     ] GC(0) Pause Initial Mark
[2019-02-01T12:55:57.935+0000][1][gc           ] GC(0) Pause Initial Mark 60M->60M(247M) 47.989ms
[2019-02-01T12:55:57.935+0000][1][gc,cpu       ] GC(0) User=0.03s Sys=0.01s Real=0.05s
[2019-02-01T12:55:57.935+0000][1][safepoint    ] Total time for which application threads were stopped: 0.0481003 seconds, Stopping threads took: 0.0000082 seconds
[2019-02-01T12:55:57.935+0000][1][gc           ] GC(0) Concurrent Mark
[2019-02-01T12:55:57.937+0000][1][gc           ] GC(0) Concurrent Mark 1.496ms
[2019-02-01T12:55:57.937+0000][1][gc,cpu       ] GC(0) User=0.00s Sys=0.00s Real=0.00s
[2019-02-01T12:55:57.937+0000][1][gc           ] GC(0) Concurrent Preclean
[2019-02-01T12:55:57.937+0000][1][gc           ] GC(0) Concurrent Preclean 0.318ms
[2019-02-01T12:55:57.937+0000][1][gc,cpu       ] GC(0) User=0.00s Sys=0.00s Real=0.00s
[2019-02-01T12:55:57.937+0000][1][gc           ] GC(0) Concurrent Abortable Preclean
[2019-02-01T12:55:58.464+0000][1][safepoint    ] Application time: 0.5294407 seconds
[2019-02-01T12:55:58.465+0000][1][safepoint    ] Total time for which application threads were stopped: 0.0001950 seconds, Stopping threads took: 0.0000060 seconds
[2019-02-01T12:55:59.465+0000][1][safepoint    ] Application time: 1.0008376 seconds
[2019-02-01T12:55:59.466+0000][1][safepoint    ] Total time for which application threads were stopped: 0.0000342 seconds, Stopping threads took: 0.0000085 seconds
[2019-02-01T12:56:00.466+0000][1][safepoint    ] Application time: 1.0001229 seconds
[2019-02-01T12:56:00.466+0000][1][safepoint    ] Total time for which application threads were stopped: 0.0000409 seconds, Stopping threads took: 0.0000093 seconds
[2019-02-01T12:56:00.927+0000][1][safepoint    ] Application time: 0.4611684 seconds
[2019-02-01T12:56:00.927+0000][1][gc,start     ] GC(1) Pause Young (Allocation Failure)
[2019-02-01T12:56:00.927+0000][1][gc,task      ] GC(1) Using 2 workers of 2 for evacuation
[2019-02-01T12:56:00.968+0000][1][gc,age       ] GC(1) Desired survivor size 4456448 bytes, new threshold 1 (max threshold 6)
[2019-02-01T12:56:00.968+0000][1][gc,age       ] GC(1) Age table with threshold 1 (max threshold 6)
[2019-02-01T12:56:00.968+0000][1][gc,age       ] GC(1) - age   1:    6234648 bytes,    6234648 total
[2019-02-01T12:56:00.968+0000][1][gc,heap      ] GC(1) ParNew: 69952K->6133K(78656K)
[2019-02-01T12:56:00.968+0000][1][gc,heap      ] GC(1) CMS: 0K->0K(174784K)
[2019-02-01T12:56:00.968+0000][1][gc,metaspace ] GC(1) Metaspace: 21773K->21773K(1069056K)
[2019-02-01T12:56:00.968+0000][1][gc           ] GC(1) Pause Young (Allocation Failure) 68M->5M(247M) 41.017ms
[2019-02-01T12:56:00.968+0000][1][gc,cpu       ] GC(1) User=0.01s Sys=0.02s Real=0.04s
[2019-02-01T12:56:00.968+0000][1][safepoint    ] Total time for which application threads were stopped: 0.0411354 seconds, Stopping threads took: 0.0000061 seconds
[2019-02-01T12:56:00.971+0000][1][safepoint    ] Application time: 0.0032353 seconds
[2019-02-01T12:56:00.972+0000][1][safepoint    ] Total time for which application threads were stopped: 0.0001905 seconds, Stopping threads took: 0.0001374 seconds
[2019-02-01T12:56:00.972+0000][1][safepoint    ] Application time: 0.0003893 seconds
[2019-02-01T12:56:00.972+0000][1][safepoint    ] Total time for which application threads were stopped: 0.0000502 seconds, Stopping threads took: 0.0000044 seconds
[2019-02-01T12:56:01.442+0000][1][safepoint    ] Application time: 0.4698608 seconds
[2019-02-01T12:56:01.442+0000][1][safepoint    ] Total time for which application threads were stopped: 0.0001714 seconds, Stopping threads took: 0.0000072 seconds
[2019-02-01T12:56:01.541+0000][1][safepoint    ] Application time: 0.0984809 seconds
[2019-02-01T12:56:01.541+0000][1][safepoint    ] Total time for which application threads were stopped: 0.0001000 seconds, Stopping threads took: 0.0000064 seconds
[2019-02-01T12:56:01.626+0000][1][safepoint    ] Application time: 0.0856455 seconds
[2019-02-01T12:56:01.627+0000][1][safepoint    ] Total time for which application threads were stopped: 0.0001539 seconds, Stopping threads took: 0.0000068 seconds
[2019-02-01T12:56:01.810+0000][1][safepoint    ] Application time: 0.1832401 seconds
[2019-02-01T12:56:01.810+0000][1][safepoint    ] Total time for which application threads were stopped: 0.0001188 seconds, Stopping threads took: 0.0000228 seconds
[2019-02-01T12:56:01.817+0000][1][safepoint    ] Application time: 0.0068387 seconds
[2019-02-01T12:56:01.817+0000][1][safepoint    ] Total time for which application threads were stopped: 0.0000447 seconds, Stopping threads took: 0.0000050 seconds
[2019-02-01T12:56:01.837+0000][1][safepoint    ] Application time: 0.0198847 seconds
[2019-02-01T12:56:01.837+0000][1][safepoint    ] Total time for which application threads were stopped: 0.0000555 seconds, Stopping threads took: 0.0000056 seconds
[2019-02-01T12:56:01.837+0000][1][gc           ] GC(0) Concurrent Abortable Preclean 3900.363ms
[2019-02-01T12:56:01.837+0000][1][gc,cpu       ] GC(0) User=1.13s Sys=0.26s Real=3.90s
[2019-02-01T12:56:01.837+0000][1][safepoint    ] Application time: 0.0003687 seconds
[2019-02-01T12:56:01.837+0000][1][gc,start     ] GC(0) Pause Remark
[2019-02-01T12:56:01.886+0000][1][gc           ] GC(0) Pause Remark 47M->47M(247M) 48.199ms
[2019-02-01T12:56:01.886+0000][1][gc,cpu       ] GC(0) User=0.03s Sys=0.00s Real=0.05s
[2019-02-01T12:56:01.886+0000][1][safepoint    ] Total time for which application threads were stopped: 0.0482880 seconds, Stopping threads took: 0.0000200 seconds
[2019-02-01T12:56:01.894+0000][1][gc           ] GC(0) Concurrent Sweep
[2019-02-01T12:56:01.894+0000][1][gc           ] GC(0) Concurrent Sweep 0.048ms
[2019-02-01T12:56:01.894+0000][1][gc,cpu       ] GC(0) User=0.00s Sys=0.00s Real=0.00s
[2019-02-01T12:56:01.894+0000][1][gc           ] GC(0) Concurrent Reset
[2019-02-01T12:56:01.894+0000][1][gc           ] GC(0) Concurrent Reset 0.236ms
[2019-02-01T12:56:01.894+0000][1][gc,cpu       ] GC(0) User=0.00s Sys=0.00s Real=0.00s
[2019-02-01T12:56:01.894+0000][1][gc,heap      ] GC(0) Old: 0K->0K(174784K)
[2019-02-01T12:56:02.157+0000][1][safepoint    ] Application time: 0.2718108 seconds
[2019-02-01T12:56:02.163+0000][1][gc,start     ] GC(2) Pause Young (Allocation Failure)
[2019-02-01T12:56:02.163+0000][1][gc,task      ] GC(2) Using 2 workers of 2 for evacuation
[2019-02-01T12:56:02.278+0000][1][gc,age       ] GC(2) Desired survivor size 4456448 bytes, new threshold 6 (max threshold 6)
[2019-02-01T12:56:02.278+0000][1][gc,age       ] GC(2) Age table with threshold 6 (max threshold 6)
[2019-02-01T12:56:02.278+0000][1][gc,age       ] GC(2) - age   1:    1533328 bytes,    1533328 total
[2019-02-01T12:56:02.278+0000][1][gc,heap      ] GC(2) ParNew: 76085K->4098K(78656K)
[2019-02-01T12:56:02.278+0000][1][gc,heap      ] GC(2) CMS: 0K->6672K(174784K)
[2019-02-01T12:56:02.278+0000][1][gc,metaspace ] GC(2) Metaspace: 22835K->22835K(1071104K)
[2019-02-01T12:56:02.278+0000][1][gc           ] GC(2) Pause Young (Allocation Failure) 74M->10M(247M) 115.064ms
[2019-02-01T12:56:02.278+0000][1][gc,cpu       ] GC(2) User=0.07s Sys=0.01s Real=0.11s
[2019-02-01T12:56:02.278+0000][1][safepoint    ] Total time for which application threads were stopped: 0.1204628 seconds, Stopping threads took: 0.0052515 seconds
[2019-02-01T12:56:03.280+0000][1][safepoint    ] Application time: 1.0017373 seconds
[2019-02-01T12:56:03.280+0000][1][safepoint    ] Total time for which application threads were stopped: 0.0001045 seconds, Stopping threads took: 0.0000099 seconds
[2019-02-01T12:56:03.591+0000][1][safepoint    ] Application time: 0.3102935 seconds
[2019-02-01T12:56:03.591+0000][1][safepoint    ] Total time for which application threads were stopped: 0.0003420 seconds, Stopping threads took: 0.0000087 seconds
[2019-02-01T12:56:04.591+0000][1][safepoint    ] Application time: 1.0001581 seconds
[2019-02-01T12:56:04.591+0000][1][safepoint    ] Total time for which application threads were stopped: 0.0001446 seconds, Stopping threads took: 0.0000268 seconds
[2019-02-01T12:56:04.808+0000][1][safepoint    ] Application time: 0.2165268 seconds
[2019-02-01T12:56:04.808+0000][1][gc,start     ] GC(3) Pause Young (Allocation Failure)
[2019-02-01T12:56:04.808+0000][1][gc,task      ] GC(3) Using 2 workers of 2 for evacuation
[2019-02-01T12:56:04.813+0000][1][gc,age       ] GC(3) Desired survivor size 4456448 bytes, new threshold 6 (max threshold 6)
[2019-02-01T12:56:04.813+0000][1][gc,age       ] GC(3) Age table with threshold 6 (max threshold 6)
[2019-02-01T12:56:04.813+0000][1][gc,age       ] GC(3) - age   1:    2443992 bytes,    2443992 total
[2019-02-01T12:56:04.813+0000][1][gc,age       ] GC(3) - age   2:     526200 bytes,    2970192 total
[2019-02-01T12:56:04.814+0000][1][gc,heap      ] GC(3) ParNew: 74050K->3631K(78656K)
[2019-02-01T12:56:04.814+0000][1][gc,heap      ] GC(3) CMS: 6672K->6672K(174784K)
[2019-02-01T12:56:04.814+0000][1][gc,metaspace ] GC(3) Metaspace: 25410K->25410K(1073152K)
[2019-02-01T12:56:04.814+0000][1][gc           ] GC(3) Pause Young (Allocation Failure) 78M->10M(247M) 5.596ms
[2019-02-01T12:56:04.814+0000][1][gc,cpu       ] GC(3) User=0.01s Sys=0.00s Real=0.01s
[2019-02-01T12:56:04.814+0000][1][safepoint    ] Total time for which application threads were stopped: 0.0057322 seconds, Stopping threads took: 0.0000085 seconds
[2019-02-01T12:56:04.820+0000][1][safepoint    ] Application time: 0.0064596 seconds
[2019-02-01T12:56:04.820+0000][1][safepoint    ] Total time for which application threads were stopped: 0.0000698 seconds, Stopping threads took: 0.0000077 seconds
[2019-02-01T12:56:04.820+0000][1][safepoint    ] Application time: 0.0000355 seconds
[2019-02-01T12:56:04.820+0000][1][safepoint    ] Total time for which application threads were stopped: 0.0000491 seconds, Stopping threads took: 0.0000042 seconds
[2019-02-01T12:56:04.820+0000][1][safepoint    ] Application time: 0.0000939 seconds
[2019-02-01T12:56:04.821+0000][1][safepoint    ] Total time for which application threads were stopped: 0.0000559 seconds, Stopping threads took: 0.0000067 seconds
[2019-02-01T12:56:04.821+0000][1][safepoint    ] Application time: 0.0000376 seconds
[2019-02-01T12:56:04.821+0000][1][safepoint    ] Total time for which application threads were stopped: 0.0000628 seconds, Stopping threads took: 0.0000041 seconds
[2019-02-01T12:56:04.823+0000][1][safepoint    ] Application time: 0.0026579 seconds
[2019-02-01T12:56:04.824+0000][1][safepoint    ] Total time for which application threads were stopped: 0.0000833 seconds, Stopping threads took: 0.0000104 seconds
[2019-02-01T12:56:04.824+0000][1][safepoint    ] Application time: 0.0000625 seconds
[2019-02-01T12:56:04.824+0000][1][safepoint    ] Total time for which application threads were stopped: 0.0000520 seconds, Stopping threads took: 0.0000047 seconds
[2019-02-01T12:56:04.824+0000][1][safepoint    ] Application time: 0.0000546 seconds
[2019-02-01T12:56:04.824+0000][1][safepoint    ] Total time for which application threads were stopped: 0.0000486 seconds, Stopping threads took: 0.0000039 seconds
[2019-02-01T12:56:04.824+0000][1][safepoint    ] Application time: 0.0000661 seconds
[2019-02-01T12:56:04.824+0000][1][safepoint    ] Total time for which application threads were stopped: 0.0000606 seconds, Stopping threads took: 0.0000067 seconds
[2019-02-01T12:56:04.824+0000][1][safepoint    ] Application time: 0.0000412 seconds
[2019-02-01T12:56:04.824+0000][1][safepoint    ] Total time for which application threads were stopped: 0.0000471 seconds, Stopping threads took: 0.0000041 seconds
[2019-02-01T12:56:04.824+0000][1][safepoint    ] Application time: 0.0000321 seconds
[2019-02-01T12:56:04.824+0000][1][safepoint    ] Total time for which application threads were stopped: 0.0000432 seconds, Stopping threads took: 0.0000042 seconds
[2019-02-01T12:56:04.824+0000][1][safepoint    ] Application time: 0.0000390 seconds
[2019-02-01T12:56:04.824+0000][1][safepoint    ] Total time for which application threads were stopped: 0.0000431 seconds, Stopping threads took: 0.0000043 seconds
[2019-02-01T12:56:04.824+0000][1][safepoint    ] Application time: 0.0000261 seconds
[2019-02-01T12:56:04.824+0000][1][safepoint    ] Total time for which application threads were stopped: 0.0000487 seconds, Stopping threads took: 0.0000046 seconds
[2019-02-01T12:56:04.825+0000][1][safepoint    ] Application time: 0.0000396 seconds
[2019-02-01T12:56:04.825+0000][1][safepoint    ] Total time for which application threads were stopped: 0.0000430 seconds, Stopping threads took: 0.0000039 seconds
[2019-02-01T12:56:04.825+0000][1][safepoint    ] Application time: 0.0000209 seconds
[2019-02-01T12:56:04.825+0000][1][safepoint    ] Total time for which application threads were stopped: 0.0000450 seconds, Stopping threads took: 0.0000042 seconds
[2019-02-01T12:56:04.825+0000][1][safepoint    ] Application time: 0.0000310 seconds
[2019-02-01T12:56:04.825+0000][1][safepoint    ] Total time for which application threads were stopped: 0.0000450 seconds, Stopping threads took: 0.0000038 seconds
[2019-02-01T12:56:05.826+0000][1][safepoint    ] Application time: 1.0009980 seconds
[2019-02-01T12:56:05.826+0000][1][safepoint    ] Total time for which application threads were stopped: 0.0000806 seconds, Stopping threads took: 0.0000078 seconds
[2019-02-01T12:56:05.876+0000][1][safepoint    ] Application time: 0.0503977 seconds
[2019-02-01T12:56:05.876+0000][1][gc,start     ] GC(4) Pause Young (Allocation Failure)
[2019-02-01T12:56:05.876+0000][1][gc,task      ] GC(4) Using 2 workers of 2 for evacuation
[2019-02-01T12:56:05.890+0000][1][gc,age       ] GC(4) Desired survivor size 4456448 bytes, new threshold 3 (max threshold 6)
[2019-02-01T12:56:05.890+0000][1][gc,age       ] GC(4) Age table with threshold 3 (max threshold 6)
[2019-02-01T12:56:05.890+0000][1][gc,age       ] GC(4) - age   1:    1992888 bytes,    1992888 total
[2019-02-01T12:56:05.890+0000][1][gc,age       ] GC(4) - age   2:    2126120 bytes,    4119008 total
[2019-02-01T12:56:05.890+0000][1][gc,age       ] GC(4) - age   3:     526176 bytes,    4645184 total
[2019-02-01T12:56:05.890+0000][1][gc,heap      ] GC(4) ParNew: 73583K->6061K(78656K)
[2019-02-01T12:56:05.890+0000][1][gc,heap      ] GC(4) CMS: 6672K->6672K(174784K)
[2019-02-01T12:56:05.890+0000][1][gc,metaspace ] GC(4) Metaspace: 25676K->25676K(1073152K)
[2019-02-01T12:56:05.890+0000][1][gc           ] GC(4) Pause Young (Allocation Failure) 78M->12M(247M) 13.581ms
[2019-02-01T12:56:05.890+0000][1][gc,cpu       ] GC(4) User=0.02s Sys=0.01s Real=0.02s
[2019-02-01T12:56:05.890+0000][1][safepoint    ] Total time for which application threads were stopped: 0.0137042 seconds, Stopping threads took: 0.0000154 seconds
[2019-02-01T12:56:05.890+0000][1][safepoint    ] Application time: 0.0001964 seconds
[2019-02-01T12:56:05.890+0000][1][safepoint    ] Total time for which application threads were stopped: 0.0000624 seconds, Stopping threads took: 0.0000152 seconds
[2019-02-01T12:56:05.890+0000][1][safepoint    ] Application time: 0.0000411 seconds
[2019-02-01T12:56:05.890+0000][1][safepoint    ] Total time for which application threads were stopped: 0.0000315 seconds, Stopping threads took: 0.0000031 seconds
[2019-02-01T12:56:06.746+0000][1][safepoint    ] Application time: 0.8554871 seconds
[2019-02-01T12:56:06.746+0000][1][safepoint    ] Total time for which application threads were stopped: 0.0002546 seconds, Stopping threads took: 0.0000140 seconds
[2019-02-01T12:56:06.850+0000][1][safepoint    ] Application time: 0.1036466 seconds
[2019-02-01T12:56:06.850+0000][1][gc,start     ] GC(5) Pause Young (Allocation Failure)
[2019-02-01T12:56:06.850+0000][1][gc,task      ] GC(5) Using 2 workers of 2 for evacuation
[2019-02-01T12:56:06.870+0000][1][gc,age       ] GC(5) Desired survivor size 4456448 bytes, new threshold 3 (max threshold 6)
[2019-02-01T12:56:06.870+0000][1][gc,age       ] GC(5) Age table with threshold 3 (max threshold 6)
[2019-02-01T12:56:06.870+0000][1][gc,age       ] GC(5) - age   1:    1553520 bytes,    1553520 total
[2019-02-01T12:56:06.870+0000][1][gc,age       ] GC(5) - age   2:     997752 bytes,    2551272 total
[2019-02-01T12:56:06.870+0000][1][gc,age       ] GC(5) - age   3:    2125624 bytes,    4676896 total
[2019-02-01T12:56:06.870+0000][1][gc,heap      ] GC(5) ParNew: 76013K->6012K(78656K)
[2019-02-01T12:56:06.870+0000][1][gc,heap      ] GC(5) CMS: 6672K->7196K(174784K)
[2019-02-01T12:56:06.870+0000][1][gc,metaspace ] GC(5) Metaspace: 25996K->25996K(1073152K)
[2019-02-01T12:56:06.870+0000][1][gc           ] GC(5) Pause Young (Allocation Failure) 80M->12M(247M) 20.035ms
[2019-02-01T12:56:06.870+0000][1][gc,cpu       ] GC(5) User=0.01s Sys=0.00s Real=0.02s
[2019-02-01T12:56:06.870+0000][1][safepoint    ] Total time for which application threads were stopped: 0.0201696 seconds, Stopping threads took: 0.0000185 seconds
[2019-02-01T12:56:07.495+0000][1][safepoint    ] Application time: 0.6250654 seconds
[2019-02-01T12:56:07.502+0000][1][gc,start     ] GC(6) Pause Young (Allocation Failure)
[2019-02-01T12:56:07.502+0000][1][gc,task      ] GC(6) Using 2 workers of 2 for evacuation
[2019-02-01T12:56:07.561+0000][1][gc,age       ] GC(6) Desired survivor size 4456448 bytes, new threshold 6 (max threshold 6)
[2019-02-01T12:56:07.561+0000][1][gc,age       ] GC(6) Age table with threshold 6 (max threshold 6)
[2019-02-01T12:56:07.561+0000][1][gc,age       ] GC(6) - age   1:    1797432 bytes,    1797432 total
[2019-02-01T12:56:07.561+0000][1][gc,age       ] GC(6) - age   2:    1542184 bytes,    3339616 total
[2019-02-01T12:56:07.561+0000][1][gc,age       ] GC(6) - age   3:     997752 bytes,    4337368 total
[2019-02-01T12:56:07.561+0000][1][gc,heap      ] GC(6) ParNew: 75964K->6641K(78656K)
[2019-02-01T12:56:07.561+0000][1][gc,heap      ] GC(6) CMS: 7196K->9294K(174784K)
[2019-02-01T12:56:07.561+0000][1][gc,metaspace ] GC(6) Metaspace: 26161K->26161K(1073152K)
[2019-02-01T12:56:07.561+0000][1][gc           ] GC(6) Pause Young (Allocation Failure) 81M->15M(247M) 58.760ms
[2019-02-01T12:56:07.561+0000][1][gc,cpu       ] GC(6) User=0.06s Sys=0.01s Real=0.06s
[2019-02-01T12:56:07.561+0000][1][safepoint    ] Total time for which application threads were stopped: 0.0656351 seconds, Stopping threads took: 0.0066767 seconds
[2019-02-01T12:56:08.561+0000][1][safepoint    ] Application time: 1.0001832 seconds
[2019-02-01T12:56:08.561+0000][1][safepoint    ] Total time for which application threads were stopped: 0.0000551 seconds, Stopping threads took: 0.0000088 seconds
[2019-02-01T12:56:09.038+0000][1][safepoint    ] Application time: 0.4767203 seconds
[2019-02-01T12:56:09.042+0000][1][gc,start     ] GC(7) Pause Young (Allocation Failure)
[2019-02-01T12:56:09.042+0000][1][gc,task      ] GC(7) Using 2 workers of 2 for evacuation
[2019-02-01T12:56:09.101+0000][1][gc,age       ] GC(7) Desired survivor size 4456448 bytes, new threshold 3 (max threshold 6)
[2019-02-01T12:56:09.101+0000][1][gc,age       ] GC(7) Age table with threshold 3 (max threshold 6)
[2019-02-01T12:56:09.101+0000][1][gc,age       ] GC(7) - age   1:    2604672 bytes,    2604672 total
[2019-02-01T12:56:09.101+0000][1][gc,age       ] GC(7) - age   2:     598360 bytes,    3203032 total
[2019-02-01T12:56:09.101+0000][1][gc,age       ] GC(7) - age   3:    1542184 bytes,    4745216 total
[2019-02-01T12:56:09.101+0000][1][gc,age       ] GC(7) - age   4:     997752 bytes,    5742968 total
[2019-02-01T12:56:09.101+0000][1][gc,heap      ] GC(7) ParNew: 76593K->8567K(78656K)
[2019-02-01T12:56:09.101+0000][1][gc,heap      ] GC(7) CMS: 9294K->9294K(174784K)
[2019-02-01T12:56:09.101+0000][1][gc,metaspace ] GC(7) Metaspace: 26652K->26652K(1073152K)
[2019-02-01T12:56:09.101+0000][1][gc           ] GC(7) Pause Young (Allocation Failure) 83M->17M(247M) 58.494ms
[2019-02-01T12:56:09.101+0000][1][gc,cpu       ] GC(7) User=0.06s Sys=0.00s Real=0.06s
[2019-02-01T12:56:09.101+0000][1][safepoint    ] Total time for which application threads were stopped: 0.0626017 seconds, Stopping threads took: 0.0039955 seconds
[2019-02-01T12:56:09.118+0000][1][safepoint    ] Application time: 0.0168733 seconds
[2019-02-01T12:56:09.129+0000][1][safepoint    ] Total time for which application threads were stopped: 0.0117582 seconds, Stopping threads took: 0.0116977 seconds
[2019-02-01T12:56:09.129+0000][1][safepoint    ] Application time: 0.0000420 seconds
[2019-02-01T12:56:09.129+0000][1][safepoint    ] Total time for which application threads were stopped: 0.0000381 seconds, Stopping threads took: 0.0000030 seconds
[2019-02-01T12:56:09.130+0000][1][safepoint    ] Application time: 0.0001208 seconds
[2019-02-01T12:56:09.130+0000][1][safepoint    ] Total time for which application threads were stopped: 0.0000375 seconds, Stopping threads took: 0.0000029 seconds
[2019-02-01T12:56:09.130+0000][1][safepoint    ] Application time: 0.0000231 seconds
[2019-02-01T12:56:09.130+0000][1][safepoint    ] Total time for which application threads were stopped: 0.0000329 seconds, Stopping threads took: 0.0000024 seconds
[2019-02-01T12:56:09.130+0000][1][safepoint    ] Application time: 0.0000250 seconds
[2019-02-01T12:56:09.130+0000][1][safepoint    ] Total time for which application threads were stopped: 0.0000322 seconds, Stopping threads took: 0.0000024 seconds
[2019-02-01T12:56:09.130+0000][1][safepoint    ] Application time: 0.0000206 seconds
[2019-02-01T12:56:09.130+0000][1][safepoint    ] Total time for which application threads were stopped: 0.0000298 seconds, Stopping threads took: 0.0000024 seconds
[2019-02-01T12:56:09.130+0000][1][safepoint    ] Application time: 0.0000228 seconds
[2019-02-01T12:56:09.130+0000][1][safepoint    ] Total time for which application threads were stopped: 0.0000484 seconds, Stopping threads took: 0.0000022 seconds
[2019-02-01T12:56:09.130+0000][1][safepoint    ] Application time: 0.0000245 seconds
[2019-02-01T12:56:09.130+0000][1][safepoint    ] Total time for which application threads were stopped: 0.0000313 seconds, Stopping threads took: 0.0000028 seconds
[2019-02-01T12:56:09.130+0000][1][safepoint    ] Application time: 0.0000291 seconds
[2019-02-01T12:56:09.130+0000][1][safepoint    ] Total time for which application threads were stopped: 0.0000273 seconds, Stopping threads took: 0.0000023 seconds
[2019-02-01T12:56:09.130+0000][1][safepoint    ] Application time: 0.0000221 seconds
[2019-02-01T12:56:09.130+0000][1][safepoint    ] Total time for which application threads were stopped: 0.0000272 seconds, Stopping threads took: 0.0000023 seconds
[2019-02-01T12:56:09.130+0000][1][safepoint    ] Application time: 0.0000239 seconds
[2019-02-01T12:56:09.130+0000][1][safepoint    ] Total time for which application threads were stopped: 0.0000270 seconds, Stopping threads took: 0.0000023 seconds
[2019-02-01T12:56:09.130+0000][1][safepoint    ] Application time: 0.0000210 seconds
[2019-02-01T12:56:09.130+0000][1][safepoint    ] Total time for which application threads were stopped: 0.0000264 seconds, Stopping threads took: 0.0000021 seconds
[2019-02-01T12:56:09.130+0000][1][safepoint    ] Application time: 0.0000232 seconds
[2019-02-01T12:56:09.130+0000][1][safepoint    ] Total time for which application threads were stopped: 0.0000260 seconds, Stopping threads took: 0.0000022 seconds
[2019-02-01T12:56:10.131+0000][1][safepoint    ] Application time: 1.0000858 seconds
[2019-02-01T12:56:10.133+0000][1][safepoint    ] Total time for which application threads were stopped: 0.0027488 seconds, Stopping threads took: 0.0026941 seconds
[2019-02-01T12:56:10.213+0000][1][safepoint    ] Application time: 0.0799677 seconds
[2019-02-01T12:56:10.214+0000][1][gc,start     ] GC(8) Pause Young (Allocation Failure)
[2019-02-01T12:56:10.214+0000][1][gc,task      ] GC(8) Using 2 workers of 2 for evacuation
[2019-02-01T12:56:10.246+0000][1][gc,age       ] GC(8) Desired survivor size 4456448 bytes, new threshold 6 (max threshold 6)
[2019-02-01T12:56:10.246+0000][1][gc,age       ] GC(8) Age table with threshold 6 (max threshold 6)
[2019-02-01T12:56:10.246+0000][1][gc,age       ] GC(8) - age   1:     548248 bytes,     548248 total
[2019-02-01T12:56:10.246+0000][1][gc,age       ] GC(8) - age   2:    1346432 bytes,    1894680 total
[2019-02-01T12:56:10.246+0000][1][gc,age       ] GC(8) - age   3:     598072 bytes,    2492752 total
[2019-02-01T12:56:10.246+0000][1][gc,heap      ] GC(8) ParNew: 78519K->5277K(78656K)
[2019-02-01T12:56:10.246+0000][1][gc,heap      ] GC(8) CMS: 9294K->11790K(174784K)
[2019-02-01T12:56:10.246+0000][1][gc,metaspace ] GC(8) Metaspace: 27445K->27445K(1075200K)
[2019-02-01T12:56:10.246+0000][1][gc           ] GC(8) Pause Young (Allocation Failure) 85M->16M(247M) 31.923ms
[2019-02-01T12:56:10.246+0000][1][gc,cpu       ] GC(8) User=0.01s Sys=0.00s Real=0.03s
[2019-02-01T12:56:10.246+0000][1][safepoint    ] Total time for which application threads were stopped: 0.0330907 seconds, Stopping threads took: 0.0010806 seconds
[2019-02-01T12:56:10.328+0000][1][safepoint    ] Application time: 0.0814169 seconds
[2019-02-01T12:56:10.339+0000][1][safepoint    ] Total time for which application threads were stopped: 0.0115872 seconds, Stopping threads took: 0.0115072 seconds
[2019-02-01T12:56:10.835+0000][1][safepoint    ] Application time: 0.4959196 seconds
[2019-02-01T12:56:10.835+0000][1][gc,start     ] GC(9) Pause Young (Allocation Failure)
[2019-02-01T12:56:10.836+0000][1][gc,task      ] GC(9) Using 2 workers of 2 for evacuation
[2019-02-01T12:56:10.852+0000][1][gc,age       ] GC(9) Desired survivor size 4456448 bytes, new threshold 6 (max threshold 6)
[2019-02-01T12:56:10.852+0000][1][gc,age       ] GC(9) Age table with threshold 6 (max threshold 6)
[2019-02-01T12:56:10.852+0000][1][gc,age       ] GC(9) - age   1:     803504 bytes,     803504 total
[2019-02-01T12:56:10.852+0000][1][gc,age       ] GC(9) - age   2:     525008 bytes,    1328512 total
[2019-02-01T12:56:10.852+0000][1][gc,age       ] GC(9) - age   3:    1346320 bytes,    2674832 total
[2019-02-01T12:56:10.852+0000][1][gc,age       ] GC(9) - age   4:     598072 bytes,    3272904 total
[2019-02-01T12:56:10.853+0000][1][gc,heap      ] GC(9) ParNew: 75229K->4464K(78656K)
[2019-02-01T12:56:10.853+0000][1][gc,heap      ] GC(9) CMS: 11790K->11790K(174784K)
[2019-02-01T12:56:10.853+0000][1][gc,metaspace ] GC(9) Metaspace: 27502K->27502K(1075200K)
[2019-02-01T12:56:10.853+0000][1][gc           ] GC(9) Pause Young (Allocation Failure) 84M->15M(247M) 17.059ms
[2019-02-01T12:56:10.853+0000][1][gc,cpu       ] GC(9) User=0.00s Sys=0.00s Real=0.01s
[2019-02-01T12:56:10.853+0000][1][safepoint    ] Total time for which application threads were stopped: 0.0171612 seconds, Stopping threads took: 0.0000059 seconds
[2019-02-01T12:56:11.265+0000][1][safepoint    ] Application time: 0.4126045 seconds
[2019-02-01T12:56:11.265+0000][1][gc,start     ] GC(10) Pause Young (Allocation Failure)
[2019-02-01T12:56:11.265+0000][1][gc,task      ] GC(10) Using 2 workers of 2 for evacuation
[2019-02-01T12:56:11.285+0000][1][gc,age       ] GC(10) Desired survivor size 4456448 bytes, new threshold 6 (max threshold 6)
[2019-02-01T12:56:11.285+0000][1][gc,age       ] GC(10) Age table with threshold 6 (max threshold 6)
[2019-02-01T12:56:11.285+0000][1][gc,age       ] GC(10) - age   1:    1722224 bytes,    1722224 total
[2019-02-01T12:56:11.285+0000][1][gc,age       ] GC(10) - age   2:     241480 bytes,    1963704 total
[2019-02-01T12:56:11.285+0000][1][gc,age       ] GC(10) - age   3:     525008 bytes,    2488712 total
[2019-02-01T12:56:11.285+0000][1][gc,age       ] GC(10) - age   4:    1346216 bytes,    3834928 total
[2019-02-01T12:56:11.285+0000][1][gc,age       ] GC(10) - age   5:     597784 bytes,    4432712 total
[2019-02-01T12:56:11.285+0000][1][gc,heap      ] GC(10) ParNew: 74416K->5909K(78656K)
[2019-02-01T12:56:11.285+0000][1][gc,heap      ] GC(10) CMS: 11790K->11790K(174784K)
[2019-02-01T12:56:11.285+0000][1][gc,metaspace ] GC(10) Metaspace: 27729K->27729K(1075200K)
[2019-02-01T12:56:11.286+0000][1][gc           ] GC(10) Pause Young (Allocation Failure) 84M->17M(247M) 20.208ms
[2019-02-01T12:56:11.286+0000][1][gc,cpu       ] GC(10) User=0.02s Sys=0.01s Real=0.02s
[2019-02-01T12:56:11.286+0000][1][safepoint    ] Total time for which application threads were stopped: 0.0203517 seconds, Stopping threads took: 0.0000356 seconds
[2019-02-01T12:56:12.286+0000][1][safepoint    ] Application time: 1.0001568 seconds
[2019-02-01T12:56:12.286+0000][1][safepoint    ] Total time for which application threads were stopped: 0.0001252 seconds, Stopping threads took: 0.0000343 seconds
[2019-02-01T12:56:13.291+0000][1][safepoint    ] Application time: 1.0051092 seconds
[2019-02-01T12:56:13.291+0000][1][safepoint    ] Total time for which application threads were stopped: 0.0000646 seconds, Stopping threads took: 0.0000083 seconds
[2019-02-01T12:56:13.694+0000][1][safepoint    ] Application time: 0.4032696 seconds
[2019-02-01T12:56:13.695+0000][1][safepoint    ] Total time for which application threads were stopped: 0.0000457 seconds, Stopping threads took: 0.0000066 seconds
[2019-02-01T12:56:14.695+0000][1][safepoint    ] Application time: 1.0002291 seconds
[2019-02-01T12:56:14.695+0000][1][safepoint    ] Total time for which application threads were stopped: 0.0000861 seconds, Stopping threads took: 0.0000110 seconds
[2019-02-01T12:56:15.135+0000][1][safepoint    ] Application time: 0.4404496 seconds
[2019-02-01T12:56:15.136+0000][1][safepoint    ] Total time for which application threads were stopped: 0.0006852 seconds, Stopping threads took: 0.0000964 seconds
[2019-02-01T12:56:15.226+0000][1][safepoint    ] Application time: 0.0896845 seconds
[2019-02-01T12:56:15.226+0000][1][safepoint    ] Total time for which application threads were stopped: 0.0003419 seconds, Stopping threads took: 0.0000184 seconds
[2019-02-01T12:56:15.915+0000][1][safepoint    ] Application time: 0.6885742 seconds
[2019-02-01T12:56:15.915+0000][1][gc,start     ] GC(11) Pause Young (Allocation Failure)
[2019-02-01T12:56:15.915+0000][1][gc,task      ] GC(11) Using 2 workers of 2 for evacuation
[2019-02-01T12:56:15.956+0000][1][gc,age       ] GC(11) Desired survivor size 4456448 bytes, new threshold 1 (max threshold 6)
[2019-02-01T12:56:15.956+0000][1][gc,age       ] GC(11) Age table with threshold 1 (max threshold 6)
[2019-02-01T12:56:15.956+0000][1][gc,age       ] GC(11) - age   1:    5866984 bytes,    5866984 total
[2019-02-01T12:56:15.956+0000][1][gc,age       ] GC(11) - age   2:     186064 bytes,    6053048 total
[2019-02-01T12:56:15.956+0000][1][gc,age       ] GC(11) - age   3:     240928 bytes,    6293976 total
[2019-02-01T12:56:15.956+0000][1][gc,age       ] GC(11) - age   4:     510984 bytes,    6804960 total
[2019-02-01T12:56:15.956+0000][1][gc,age       ] GC(11) - age   5:    1342240 bytes,    8147200 total
[2019-02-01T12:56:15.956+0000][1][gc,age       ] GC(11) - age   6:     597328 bytes,    8744528 total
[2019-02-01T12:56:15.956+0000][1][gc,heap      ] GC(11) ParNew: 75861K->8704K(78656K)
[2019-02-01T12:56:15.956+0000][1][gc,heap      ] GC(11) CMS: 11790K->11861K(174784K)
[2019-02-01T12:56:15.956+0000][1][gc,metaspace ] GC(11) Metaspace: 33995K->33995K(1081344K)
[2019-02-01T12:56:15.956+0000][1][gc           ] GC(11) Pause Young (Allocation Failure) 85M->20M(247M) 41.218ms
[2019-02-01T12:56:15.956+0000][1][gc,cpu       ] GC(11) User=0.05s Sys=0.00s Real=0.04s
[2019-02-01T12:56:15.956+0000][1][safepoint    ] Total time for which application threads were stopped: 0.0414632 seconds, Stopping threads took: 0.0000045 seconds
[2019-02-01T12:56:16.966+0000][1][safepoint    ] Application time: 1.0097715 seconds
[2019-02-01T12:56:16.974+0000][1][safepoint    ] Total time for which application threads were stopped: 0.0081146 seconds, Stopping threads took: 0.0080724 seconds
[2019-02-01T12:56:17.180+0000][1][safepoint    ] Application time: 0.2056851 seconds
[2019-02-01T12:56:17.180+0000][1][gc,start     ] GC(12) Pause Young (Allocation Failure)
[2019-02-01T12:56:17.180+0000][1][gc,task      ] GC(12) Using 2 workers of 2 for evacuation
[2019-02-01T12:56:17.221+0000][1][gc,age       ] GC(12) Desired survivor size 4456448 bytes, new threshold 1 (max threshold 6)
[2019-02-01T12:56:17.221+0000][1][gc,age       ] GC(12) Age table with threshold 1 (max threshold 6)
[2019-02-01T12:56:17.221+0000][1][gc,age       ] GC(12) - age   1:    7618128 bytes,    7618128 total
[2019-02-01T12:56:17.221+0000][1][gc,heap      ] GC(12) ParNew: 78656K->8704K(78656K)
[2019-02-01T12:56:17.221+0000][1][gc,heap      ] GC(12) CMS: 11861K->22425K(174784K)
[2019-02-01T12:56:17.221+0000][1][gc,metaspace ] GC(12) Metaspace: 34027K->34027K(1081344K)
[2019-02-01T12:56:17.222+0000][1][gc           ] GC(12) Pause Young (Allocation Failure) 88M->30M(247M) 41.510ms
[2019-02-01T12:56:17.222+0000][1][gc,cpu       ] GC(12) User=0.07s Sys=0.00s Real=0.04s
[2019-02-01T12:56:17.222+0000][1][safepoint    ] Total time for which application threads were stopped: 0.0416400 seconds, Stopping threads took: 0.0000129 seconds
[2019-02-01T12:56:17.794+0000][1][safepoint    ] Application time: 0.5723819 seconds
[2019-02-01T12:56:17.794+0000][1][gc,start     ] GC(13) Pause Young (Allocation Failure)
[2019-02-01T12:56:17.794+0000][1][gc,task      ] GC(13) Using 2 workers of 2 for evacuation
[2019-02-01T12:56:17.850+0000][1][gc,age       ] GC(13) Desired survivor size 4456448 bytes, new threshold 1 (max threshold 6)
[2019-02-01T12:56:17.850+0000][1][gc,age       ] GC(13) Age table with threshold 1 (max threshold 6)
[2019-02-01T12:56:17.850+0000][1][gc,age       ] GC(13) - age   1:    5398320 bytes,    5398320 total
[2019-02-01T12:56:17.851+0000][1][gc,heap      ] GC(13) ParNew: 78656K->8704K(78656K)
[2019-02-01T12:56:17.851+0000][1][gc,heap      ] GC(13) CMS: 22425K->34039K(174784K)
[2019-02-01T12:56:17.851+0000][1][gc,metaspace ] GC(13) Metaspace: 34063K->34063K(1081344K)
[2019-02-01T12:56:17.851+0000][1][gc           ] GC(13) Pause Young (Allocation Failure) 98M->41M(247M) 56.512ms
[2019-02-01T12:56:17.851+0000][1][gc,cpu       ] GC(13) User=0.06s Sys=0.00s Real=0.06s
[2019-02-01T12:56:17.851+0000][1][safepoint    ] Total time for which application threads were stopped: 0.0566452 seconds, Stopping threads took: 0.0000144 seconds
[2019-02-01T12:56:18.303+0000][1][safepoint    ] Application time: 0.4526107 seconds
[2019-02-01T12:56:18.303+0000][1][safepoint    ] Total time for which application threads were stopped: 0.0000787 seconds, Stopping threads took: 0.0000051 seconds
[2019-02-01T12:56:18.878+0000][1][safepoint    ] Application time: 0.5742305 seconds
[2019-02-01T12:56:18.878+0000][1][safepoint    ] Total time for which application threads were stopped: 0.0000801 seconds, Stopping threads took: 0.0000124 seconds
[2019-02-01T12:56:18.940+0000][1][safepoint    ] Application time: 0.0620269 seconds
[2019-02-01T12:56:18.940+0000][1][safepoint    ] Total time for which application threads were stopped: 0.0001726 seconds, Stopping threads took: 0.0000063 seconds
[2019-02-01T12:56:18.961+0000][1][safepoint    ] Application time: 0.0208822 seconds
[2019-02-01T12:56:18.961+0000][1][safepoint    ] Total time for which application threads were stopped: 0.0003609 seconds, Stopping threads took: 0.0000149 seconds
[2019-02-01T12:56:18.972+0000][1][safepoint    ] Application time: 0.0108653 seconds
[2019-02-01T12:56:18.972+0000][1][safepoint    ] Total time for which application threads were stopped: 0.0001692 seconds, Stopping threads took: 0.0000212 seconds
[2019-02-01T12:56:19.030+0000][1][safepoint    ] Application time: 0.0578465 seconds
[2019-02-01T12:56:19.030+0000][1][safepoint    ] Total time for which application threads were stopped: 0.0001492 seconds, Stopping threads took: 0.0000059 seconds
[2019-02-01T12:56:19.114+0000][1][safepoint    ] Application time: 0.0830152 seconds
[2019-02-01T12:56:19.114+0000][1][safepoint    ] Total time for which application threads were stopped: 0.0000908 seconds, Stopping threads took: 0.0000055 seconds
[2019-02-01T12:56:19.169+0000][1][safepoint    ] Application time: 0.0556784 seconds
[2019-02-01T12:56:19.170+0000][1][safepoint    ] Total time for which application threads were stopped: 0.0001490 seconds, Stopping threads took: 0.0000156 seconds
[2019-02-01T12:56:19.210+0000][1][safepoint    ] Application time: 0.0407841 seconds
[2019-02-01T12:56:19.210+0000][1][safepoint    ] Total time for which application threads were stopped: 0.0001397 seconds, Stopping threads took: 0.0000137 seconds
[2019-02-01T12:56:19.328+0000][1][safepoint    ] Application time: 0.1170120 seconds
[2019-02-01T12:56:19.328+0000][1][safepoint    ] Total time for which application threads were stopped: 0.0001311 seconds, Stopping threads took: 0.0000141 seconds
[2019-02-01T12:56:19.413+0000][1][safepoint    ] Application time: 0.0849049 seconds
[2019-02-01T12:56:19.413+0000][1][safepoint    ] Total time for which application threads were stopped: 0.0000759 seconds, Stopping threads took: 0.0000168 seconds
[2019-02-01T12:56:19.530+0000][1][safepoint    ] Application time: 0.1175177 seconds
[2019-02-01T12:56:19.530+0000][1][safepoint    ] Total time for which application threads were stopped: 0.0001384 seconds, Stopping threads took: 0.0000067 seconds
[2019-02-01T12:56:19.619+0000][1][safepoint    ] Application time: 0.0885824 seconds
[2019-02-01T12:56:19.619+0000][1][safepoint    ] Total time for which application threads were stopped: 0.0003089 seconds, Stopping threads took: 0.0002486 seconds
[2019-02-01T12:56:19.649+0000][1][safepoint    ] Application time: 0.0298081 seconds
[2019-02-01T12:56:19.649+0000][1][safepoint    ] Total time for which application threads were stopped: 0.0001585 seconds, Stopping threads took: 0.0000057 seconds
[2019-02-01T12:56:19.862+0000][1][safepoint    ] Application time: 0.2127862 seconds
[2019-02-01T12:56:19.871+0000][1][gc,start     ] GC(14) Pause Initial Mark
[2019-02-01T12:56:19.915+0000][1][gc           ] GC(14) Pause Initial Mark 99M->99M(247M) 43.513ms
[2019-02-01T12:56:19.915+0000][1][gc,cpu       ] GC(14) User=0.05s Sys=0.00s Real=0.04s
[2019-02-01T12:56:19.915+0000][1][safepoint    ] Total time for which application threads were stopped: 0.0525575 seconds, Stopping threads took: 0.0089245 seconds
[2019-02-01T12:56:19.915+0000][1][gc           ] GC(14) Concurrent Mark
[2019-02-01T12:56:20.182+0000][1][gc           ] GC(14) Concurrent Mark 267.264ms
[2019-02-01T12:56:20.182+0000][1][gc,cpu       ] GC(14) User=0.17s Sys=0.02s Real=0.27s
[2019-02-01T12:56:20.182+0000][1][gc           ] GC(14) Concurrent Preclean
[2019-02-01T12:56:20.209+0000][1][gc           ] GC(14) Concurrent Preclean 26.442ms
[2019-02-01T12:56:20.209+0000][1][gc,cpu       ] GC(14) User=0.02s Sys=0.00s Real=0.02s
[2019-02-01T12:56:20.209+0000][1][gc           ] GC(14) Concurrent Abortable Preclean
[2019-02-01T12:56:20.249+0000][1][safepoint    ] Application time: 0.3346991 seconds
[2019-02-01T12:56:20.250+0000][1][safepoint    ] Total time for which application threads were stopped: 0.0001978 seconds, Stopping threads took: 0.0000109 seconds
[2019-02-01T12:56:20.631+0000][1][safepoint    ] Application time: 0.3811020 seconds
[2019-02-01T12:56:20.631+0000][1][safepoint    ] Total time for which application threads were stopped: 0.0000638 seconds, Stopping threads took: 0.0000060 seconds
[2019-02-01T12:56:20.631+0000][1][safepoint    ] Application time: 0.0000310 seconds
[2019-02-01T12:56:20.631+0000][1][safepoint    ] Total time for which application threads were stopped: 0.0000372 seconds, Stopping threads took: 0.0000028 seconds
[2019-02-01T12:56:20.631+0000][1][safepoint    ] Application time: 0.0000643 seconds
[2019-02-01T12:56:20.631+0000][1][safepoint    ] Total time for which application threads were stopped: 0.0000333 seconds, Stopping threads took: 0.0000028 seconds
[2019-02-01T12:56:20.631+0000][1][safepoint    ] Application time: 0.0000240 seconds
[2019-02-01T12:56:20.631+0000][1][safepoint    ] Total time for which application threads were stopped: 0.0000288 seconds, Stopping threads took: 0.0000023 seconds
[2019-02-01T12:56:20.631+0000][1][safepoint    ] Application time: 0.0001097 seconds
[2019-02-01T12:56:20.631+0000][1][safepoint    ] Total time for which application threads were stopped: 0.0000355 seconds, Stopping threads took: 0.0000028 seconds
[2019-02-01T12:56:20.631+0000][1][safepoint    ] Application time: 0.0001057 seconds
[2019-02-01T12:56:20.632+0000][1][safepoint    ] Total time for which application threads were stopped: 0.0000595 seconds, Stopping threads took: 0.0000043 seconds
[2019-02-01T12:56:20.632+0000][1][safepoint    ] Application time: 0.0000208 seconds
[2019-02-01T12:56:20.632+0000][1][safepoint    ] Total time for which application threads were stopped: 0.0000296 seconds, Stopping threads took: 0.0000025 seconds
[2019-02-01T12:56:20.632+0000][1][safepoint    ] Application time: 0.0000219 seconds
[2019-02-01T12:56:20.632+0000][1][safepoint    ] Total time for which application threads were stopped: 0.0000268 seconds, Stopping threads took: 0.0000023 seconds
[2019-02-01T12:56:20.632+0000][1][safepoint    ] Application time: 0.0000571 seconds
[2019-02-01T12:56:20.632+0000][1][safepoint    ] Total time for which application threads were stopped: 0.0000337 seconds, Stopping threads took: 0.0000024 seconds
[2019-02-01T12:56:20.632+0000][1][safepoint    ] Application time: 0.0000170 seconds
[2019-02-01T12:56:20.632+0000][1][safepoint    ] Total time for which application threads were stopped: 0.0000271 seconds, Stopping threads took: 0.0000022 seconds
[2019-02-01T12:56:20.632+0000][1][safepoint    ] Application time: 0.0000226 seconds
[2019-02-01T12:56:20.632+0000][1][safepoint    ] Total time for which application threads were stopped: 0.0000394 seconds, Stopping threads took: 0.0000031 seconds
[2019-02-01T12:56:20.632+0000][1][safepoint    ] Application time: 0.0000171 seconds
[2019-02-01T12:56:20.632+0000][1][safepoint    ] Total time for which application threads were stopped: 0.0000360 seconds, Stopping threads took: 0.0000025 seconds
[2019-02-01T12:56:20.632+0000][1][safepoint    ] Application time: 0.0000169 seconds
[2019-02-01T12:56:20.632+0000][1][safepoint    ] Total time for which application threads were stopped: 0.0000270 seconds, Stopping threads took: 0.0000022 seconds
[2019-02-01T12:56:20.632+0000][1][safepoint    ] Application time: 0.0000151 seconds
[2019-02-01T12:56:20.632+0000][1][safepoint    ] Total time for which application threads were stopped: 0.0000262 seconds, Stopping threads took: 0.0000022 seconds
[2019-02-01T12:56:20.632+0000][1][safepoint    ] Application time: 0.0000148 seconds
[2019-02-01T12:56:20.632+0000][1][safepoint    ] Total time for which application threads were stopped: 0.0000539 seconds, Stopping threads took: 0.0000024 seconds
[2019-02-01T12:56:20.632+0000][1][safepoint    ] Application time: 0.0000220 seconds
[2019-02-01T12:56:20.632+0000][1][safepoint    ] Total time for which application threads were stopped: 0.0000544 seconds, Stopping threads took: 0.0000028 seconds
[2019-02-01T12:56:20.632+0000][1][safepoint    ] Application time: 0.0000238 seconds
[2019-02-01T12:56:20.632+0000][1][safepoint    ] Total time for which application threads were stopped: 0.0000458 seconds, Stopping threads took: 0.0000038 seconds
[2019-02-01T12:56:20.632+0000][1][safepoint    ] Application time: 0.0000255 seconds
[2019-02-01T12:56:20.632+0000][1][safepoint    ] Total time for which application threads were stopped: 0.0000455 seconds, Stopping threads took: 0.0000028 seconds
[2019-02-01T12:56:20.632+0000][1][safepoint    ] Application time: 0.0000194 seconds
[2019-02-01T12:56:20.633+0000][1][safepoint    ] Total time for which application threads were stopped: 0.0000423 seconds, Stopping threads took: 0.0000028 seconds
[2019-02-01T12:56:20.656+0000][1][safepoint    ] Application time: 0.0234781 seconds
[2019-02-01T12:56:20.674+0000][1][safepoint    ] Total time for which application threads were stopped: 0.0181633 seconds, Stopping threads took: 0.0180234 seconds
[2019-02-01T12:56:20.674+0000][1][safepoint    ] Application time: 0.0000863 seconds
[2019-02-01T12:56:20.675+0000][1][safepoint    ] Total time for which application threads were stopped: 0.0003994 seconds, Stopping threads took: 0.0003385 seconds
[2019-02-01T12:56:20.675+0000][1][safepoint    ] Application time: 0.0000542 seconds
[2019-02-01T12:56:20.675+0000][1][safepoint    ] Total time for which application threads were stopped: 0.0000363 seconds, Stopping threads took: 0.0000030 seconds
[2019-02-01T12:56:20.675+0000][1][safepoint    ] Application time: 0.0000328 seconds
[2019-02-01T12:56:20.678+0000][1][safepoint    ] Total time for which application threads were stopped: 0.0029961 seconds, Stopping threads took: 0.0029042 seconds
[2019-02-01T12:56:20.681+0000][1][safepoint    ] Application time: 0.0026289 seconds
[2019-02-01T12:56:20.681+0000][1][safepoint    ] Total time for which application threads were stopped: 0.0000644 seconds, Stopping threads took: 0.0000064 seconds
[2019-02-01T12:56:20.691+0000][1][safepoint    ] Application time: 0.0099263 seconds
[2019-02-01T12:56:20.691+0000][1][safepoint    ] Total time for which application threads were stopped: 0.0000683 seconds, Stopping threads took: 0.0000088 seconds
[2019-02-01T12:56:20.693+0000][1][safepoint    ] Application time: 0.0026327 seconds
[2019-02-01T12:56:20.693+0000][1][safepoint    ] Total time for which application threads were stopped: 0.0000862 seconds, Stopping threads took: 0.0000091 seconds
[2019-02-01T12:56:20.721+0000][1][safepoint    ] Application time: 0.0269145 seconds
[2019-02-01T12:56:20.732+0000][1][safepoint    ] Total time for which application threads were stopped: 0.0114929 seconds, Stopping threads took: 0.0112992 seconds
[2019-02-01T12:56:20.733+0000][1][safepoint    ] Application time: 0.0009544 seconds
[2019-02-01T12:56:20.733+0000][1][safepoint    ] Total time for which application threads were stopped: 0.0000737 seconds, Stopping threads took: 0.0000046 seconds
[2019-02-01T12:56:20.734+0000][1][safepoint    ] Application time: 0.0003999 seconds
[2019-02-01T12:56:20.734+0000][1][safepoint    ] Total time for which application threads were stopped: 0.0000792 seconds, Stopping threads took: 0.0000068 seconds
[2019-02-01T12:56:20.734+0000][1][safepoint    ] Application time: 0.0000449 seconds
[2019-02-01T12:56:20.734+0000][1][safepoint    ] Total time for which application threads were stopped: 0.0000451 seconds, Stopping threads took: 0.0000040 seconds
[2019-02-01T12:56:20.734+0000][1][safepoint    ] Application time: 0.0001146 seconds
[2019-02-01T12:56:20.734+0000][1][safepoint    ] Total time for which application threads were stopped: 0.0000383 seconds, Stopping threads took: 0.0000031 seconds
[2019-02-01T12:56:20.735+0000][1][safepoint    ] Application time: 0.0004694 seconds
[2019-02-01T12:56:20.735+0000][1][safepoint    ] Total time for which application threads were stopped: 0.0000546 seconds, Stopping threads took: 0.0000047 seconds
[2019-02-01T12:56:20.760+0000][1][safepoint    ] Application time: 0.0258726 seconds
[2019-02-01T12:56:20.770+0000][1][safepoint    ] Total time for which application threads were stopped: 0.0097119 seconds, Stopping threads took: 0.0096503 seconds
[2019-02-01T12:56:20.770+0000][1][safepoint    ] Application time: 0.0000611 seconds
[2019-02-01T12:56:20.770+0000][1][safepoint    ] Total time for which application threads were stopped: 0.0000306 seconds, Stopping threads took: 0.0000074 seconds
[2019-02-01T12:56:20.771+0000][1][safepoint    ] Application time: 0.0002824 seconds
[2019-02-01T12:56:20.771+0000][1][safepoint    ] Total time for which application threads were stopped: 0.0001954 seconds, Stopping threads took: 0.0001234 seconds
[2019-02-01T12:56:20.772+0000][1][safepoint    ] Application time: 0.0007419 seconds
[2019-02-01T12:56:20.772+0000][1][safepoint    ] Total time for which application threads were stopped: 0.0000557 seconds, Stopping threads took: 0.0000045 seconds
[2019-02-01T12:56:20.772+0000][1][safepoint    ] Application time: 0.0000227 seconds
[2019-02-01T12:56:20.772+0000][1][safepoint    ] Total time for which application threads were stopped: 0.0000276 seconds, Stopping threads took: 0.0000023 seconds
[2019-02-01T12:56:20.823+0000][1][safepoint    ] Application time: 0.0507347 seconds
[2019-02-01T12:56:20.830+0000][1][safepoint    ] Total time for which application threads were stopped: 0.0076290 seconds, Stopping threads took: 0.0075559 seconds
[2019-02-01T12:56:21.130+0000][1][safepoint    ] Application time: 0.2996351 seconds
[2019-02-01T12:56:21.130+0000][1][safepoint    ] Total time for which application threads were stopped: 0.0002064 seconds, Stopping threads took: 0.0000064 seconds
[2019-02-01T12:56:21.333+0000][1][safepoint    ] Application time: 0.2024850 seconds
[2019-02-01T12:56:21.333+0000][1][gc,start     ] GC(15) Pause Young (Allocation Failure)
[2019-02-01T12:56:21.333+0000][1][gc,task      ] GC(15) Using 2 workers of 2 for evacuation
[2019-02-01T12:56:21.395+0000][1][gc,age       ] GC(15) Desired survivor size 4456448 bytes, new threshold 6 (max threshold 6)
[2019-02-01T12:56:21.395+0000][1][gc,age       ] GC(15) Age table with threshold 6 (max threshold 6)
[2019-02-01T12:56:21.395+0000][1][gc,age       ] GC(15) - age   1:    4152208 bytes,    4152208 total
[2019-02-01T12:56:21.395+0000][1][gc,heap      ] GC(15) ParNew: 78656K->5811K(78656K)
[2019-02-01T12:56:21.395+0000][1][gc,heap      ] GC(15) CMS: 34039K->39316K(174784K)
[2019-02-01T12:56:21.395+0000][1][gc,metaspace ] GC(15) Metaspace: 40759K->40759K(1087488K)
[2019-02-01T12:56:21.395+0000][1][gc           ] GC(15) Pause Young (Allocation Failure) 110M->44M(247M) 62.413ms
[2019-02-01T12:56:21.395+0000][1][gc,cpu       ] GC(15) User=0.04s Sys=0.00s Real=0.06s
[2019-02-01T12:56:21.395+0000][1][safepoint    ] Total time for which application threads were stopped: 0.0625277 seconds, Stopping threads took: 0.0000074 seconds
[2019-02-01T12:56:21.458+0000][1][safepoint    ] Application time: 0.0627135 seconds
[2019-02-01T12:56:21.458+0000][1][safepoint    ] Total time for which application threads were stopped: 0.0001494 seconds, Stopping threads took: 0.0000077 seconds
[2019-02-01T12:56:21.624+0000][1][safepoint    ] Application time: 0.1659017 seconds
[2019-02-01T12:56:21.625+0000][1][safepoint    ] Total time for which application threads were stopped: 0.0012830 seconds, Stopping threads took: 0.0000074 seconds
[2019-02-01T12:56:21.773+0000][1][safepoint    ] Application time: 0.1476468 seconds
[2019-02-01T12:56:21.773+0000][1][safepoint    ] Total time for which application threads were stopped: 0.0000686 seconds, Stopping threads took: 0.0000190 seconds
[2019-02-01T12:56:21.773+0000][1][safepoint    ] Application time: 0.0002440 seconds
[2019-02-01T12:56:21.773+0000][1][safepoint    ] Total time for which application threads were stopped: 0.0000490 seconds, Stopping threads took: 0.0000038 seconds
[2019-02-01T12:56:21.775+0000][1][safepoint    ] Application time: 0.0018491 seconds
[2019-02-01T12:56:21.775+0000][1][safepoint    ] Total time for which application threads were stopped: 0.0000599 seconds, Stopping threads took: 0.0000063 seconds
[2019-02-01T12:56:21.775+0000][1][safepoint    ] Application time: 0.0000807 seconds
[2019-02-01T12:56:21.776+0000][1][safepoint    ] Total time for which application threads were stopped: 0.0000790 seconds, Stopping threads took: 0.0000036 seconds
[2019-02-01T12:56:22.029+0000][1][safepoint    ] Application time: 0.2532188 seconds
[2019-02-01T12:56:22.029+0000][1][safepoint    ] Total time for which application threads were stopped: 0.0003994 seconds, Stopping threads took: 0.0000212 seconds
[2019-02-01T12:56:22.409+0000][1][safepoint    ] Application time: 0.3795936 seconds
[2019-02-01T12:56:22.409+0000][1][safepoint    ] Total time for which application threads were stopped: 0.0001660 seconds, Stopping threads took: 0.0000075 seconds
[2019-02-01T12:56:22.450+0000][1][safepoint    ] Application time: 0.0409719 seconds
[2019-02-01T12:56:22.450+0000][1][safepoint    ] Total time for which application threads were stopped: 0.0000487 seconds, Stopping threads took: 0.0000074 seconds
[2019-02-01T12:56:22.647+0000][1][safepoint    ] Application time: 0.1969266 seconds
[2019-02-01T12:56:22.647+0000][1][safepoint    ] Total time for which application threads were stopped: 0.0001056 seconds, Stopping threads took: 0.0000072 seconds
[2019-02-01T12:56:22.776+0000][1][safepoint    ] Application time: 0.1284957 seconds
[2019-02-01T12:56:22.776+0000][1][safepoint    ] Total time for which application threads were stopped: 0.0000594 seconds, Stopping threads took: 0.0000082 seconds
[2019-02-01T12:56:22.907+0000][1][safepoint    ] Application time: 0.1316452 seconds
[2019-02-01T12:56:22.908+0000][1][safepoint    ] Total time for which application threads were stopped: 0.0000993 seconds, Stopping threads took: 0.0000064 seconds
[2019-02-01T12:56:23.186+0000][1][safepoint    ] Application time: 0.2779872 seconds
[2019-02-01T12:56:23.186+0000][1][safepoint    ] Total time for which application threads were stopped: 0.0001413 seconds, Stopping threads took: 0.0000062 seconds
[2019-02-01T12:56:23.252+0000][1][safepoint    ] Application time: 0.0660241 seconds
[2019-02-01T12:56:23.252+0000][1][safepoint    ] Total time for which application threads were stopped: 0.0000463 seconds, Stopping threads took: 0.0000093 seconds
[2019-02-01T12:56:23.389+0000][1][safepoint    ] Application time: 0.1372874 seconds
[2019-02-01T12:56:23.389+0000][1][safepoint    ] Total time for which application threads were stopped: 0.0001387 seconds, Stopping threads took: 0.0000072 seconds
[2019-02-01T12:56:23.468+0000][1][safepoint    ] Application time: 0.0786045 seconds
[2019-02-01T12:56:23.468+0000][1][safepoint    ] Total time for which application threads were stopped: 0.0001495 seconds, Stopping threads took: 0.0000078 seconds
[2019-02-01T12:56:23.611+0000][1][safepoint    ] Application time: 0.1425881 seconds
[2019-02-01T12:56:23.611+0000][1][safepoint    ] Total time for which application threads were stopped: 0.0001117 seconds, Stopping threads took: 0.0000063 seconds
[2019-02-01T12:56:23.782+0000][1][safepoint    ] Application time: 0.1706981 seconds
[2019-02-01T12:56:23.782+0000][1][safepoint    ] Total time for which application threads were stopped: 0.0000472 seconds, Stopping threads took: 0.0000065 seconds
[2019-02-01T12:56:23.839+0000][1][safepoint    ] Application time: 0.0577456 seconds
[2019-02-01T12:56:23.840+0000][1][safepoint    ] Total time for which application threads were stopped: 0.0002316 seconds, Stopping threads took: 0.0000209 seconds
[2019-02-01T12:56:24.019+0000][1][safepoint    ] Application time: 0.1772458 seconds
[2019-02-01T12:56:24.019+0000][1][safepoint    ] Total time for which application threads were stopped: 0.0000677 seconds, Stopping threads took: 0.0000082 seconds
[2019-02-01T12:56:24.069+0000][1][safepoint    ] Application time: 0.0495742 seconds
[2019-02-01T12:56:24.069+0000][1][safepoint    ] Total time for which application threads were stopped: 0.0000980 seconds, Stopping threads took: 0.0000154 seconds
[2019-02-01T12:56:24.112+0000][1][safepoint    ] Application time: 0.0430057 seconds
[2019-02-01T12:56:24.115+0000][1][safepoint    ] Total time for which application threads were stopped: 0.0034201 seconds, Stopping threads took: 0.0000098 seconds
[2019-02-01T12:56:24.208+0000][1][safepoint    ] Application time: 0.0928160 seconds
[2019-02-01T12:56:24.208+0000][1][safepoint    ] Total time for which application threads were stopped: 0.0002215 seconds, Stopping threads took: 0.0000156 seconds
[2019-02-01T12:56:24.436+0000][1][safepoint    ] Application time: 0.2276837 seconds
[2019-02-01T12:56:24.436+0000][1][safepoint    ] Total time for which application threads were stopped: 0.0001970 seconds, Stopping threads took: 0.0000216 seconds
[2019-02-01T12:56:24.604+0000][1][safepoint    ] Application time: 0.1674587 seconds
[2019-02-01T12:56:24.604+0000][1][safepoint    ] Total time for which application threads were stopped: 0.0001492 seconds, Stopping threads took: 0.0000170 seconds
[2019-02-01T12:56:24.716+0000][1][safepoint    ] Application time: 0.1119679 seconds
[2019-02-01T12:56:24.716+0000][1][safepoint    ] Total time for which application threads were stopped: 0.0002914 seconds, Stopping threads took: 0.0000301 seconds
[2019-02-01T12:56:24.811+0000][1][safepoint    ] Application time: 0.0941696 seconds
[2019-02-01T12:56:24.811+0000][1][safepoint    ] Total time for which application threads were stopped: 0.0001392 seconds, Stopping threads took: 0.0000072 seconds
[2019-02-01T12:56:24.936+0000][1][safepoint    ] Application time: 0.1250681 seconds
[2019-02-01T12:56:24.936+0000][1][safepoint    ] Total time for which application threads were stopped: 0.0001879 seconds, Stopping threads took: 0.0000079 seconds
[2019-02-01T12:56:25.071+0000][1][safepoint    ] Application time: 0.1350349 seconds
[2019-02-01T12:56:25.071+0000][1][safepoint    ] Total time for which application threads were stopped: 0.0001001 seconds, Stopping threads took: 0.0000149 seconds
[2019-02-01T12:56:25.118+0000][1][safepoint    ] Application time: 0.0462826 seconds
[2019-02-01T12:56:25.118+0000][1][safepoint    ] Total time for which application threads were stopped: 0.0001579 seconds, Stopping threads took: 0.0000160 seconds
[2019-02-01T12:56:25.296+0000][1][safepoint    ] Application time: 0.1782512 seconds
[2019-02-01T12:56:25.296+0000][1][safepoint    ] Total time for which application threads were stopped: 0.0001269 seconds, Stopping threads took: 0.0000085 seconds
[2019-02-01T12:56:25.331+0000][1][gc           ] GC(14) Concurrent Abortable Preclean 5122.082ms
[2019-02-01T12:56:25.331+0000][1][gc,cpu       ] GC(14) User=3.47s Sys=0.42s Real=5.13s
[2019-02-01T12:56:25.331+0000][1][safepoint    ] Application time: 0.0347041 seconds
[2019-02-01T12:56:25.331+0000][1][gc,start     ] GC(14) Pause Remark
[2019-02-01T12:56:25.362+0000][1][gc           ] GC(14) Pause Remark 75M->75M(247M) 30.934ms
[2019-02-01T12:56:25.362+0000][1][gc,cpu       ] GC(14) User=0.03s Sys=0.00s Real=0.03s
[2019-02-01T12:56:25.362+0000][1][safepoint    ] Total time for which application threads were stopped: 0.0311304 seconds, Stopping threads took: 0.0001076 seconds
[2019-02-01T12:56:25.365+0000][1][gc           ] GC(14) Concurrent Sweep
[2019-02-01T12:56:25.381+0000][1][gc           ] GC(14) Concurrent Sweep 16.742ms
[2019-02-01T12:56:25.382+0000][1][gc,cpu       ] GC(14) User=0.03s Sys=0.00s Real=0.02s
[2019-02-01T12:56:25.382+0000][1][gc           ] GC(14) Concurrent Reset
[2019-02-01T12:56:25.382+0000][1][gc           ] GC(14) Concurrent Reset 0.241ms
[2019-02-01T12:56:25.382+0000][1][gc,cpu       ] GC(14) User=0.00s Sys=0.00s Real=0.00s
[2019-02-01T12:56:25.382+0000][1][gc,heap      ] GC(14) Old: 34039K->39119K(174784K)
[2019-02-01T12:56:26.365+0000][1][safepoint    ] Application time: 1.0026033 seconds
[2019-02-01T12:56:26.365+0000][1][safepoint    ] Total time for which application threads were stopped: 0.0005666 seconds, Stopping threads took: 0.0000116 seconds
[2019-02-01T12:56:27.300+0000][1][safepoint    ] Application time: 0.9344630 seconds
[2019-02-01T12:56:27.300+0000][1][safepoint    ] Total time for which application threads were stopped: 0.0001060 seconds, Stopping threads took: 0.0000077 seconds
[2019-02-01T12:56:28.224+0000][1][safepoint    ] Application time: 0.9240950 seconds
[2019-02-01T12:56:28.224+0000][1][gc,start     ] GC(16) Pause Young (Allocation Failure)
[2019-02-01T12:56:28.224+0000][1][gc,task      ] GC(16) Using 2 workers of 2 for evacuation
[2019-02-01T12:56:28.245+0000][1][gc,age       ] GC(16) Desired survivor size 4456448 bytes, new threshold 2 (max threshold 6)
[2019-02-01T12:56:28.245+0000][1][gc,age       ] GC(16) Age table with threshold 2 (max threshold 6)
[2019-02-01T12:56:28.245+0000][1][gc,age       ] GC(16) - age   1:    2453768 bytes,    2453768 total
[2019-02-01T12:56:28.245+0000][1][gc,age       ] GC(16) - age   2:    4056160 bytes,    6509928 total
[2019-02-01T12:56:28.245+0000][1][gc,heap      ] GC(16) ParNew: 75763K->8704K(78656K)
[2019-02-01T12:56:28.245+0000][1][gc,heap      ] GC(16) CMS: 39119K->39119K(174784K)
[2019-02-01T12:56:28.245+0000][1][gc,metaspace ] GC(16) Metaspace: 51194K->51194K(1095680K)
[2019-02-01T12:56:28.245+0000][1][gc           ] GC(16) Pause Young (Allocation Failure) 112M->46M(247M) 20.641ms
[2019-02-01T12:56:28.245+0000][1][gc,cpu       ] GC(16) User=0.03s Sys=0.00s Real=0.02s
[2019-02-01T12:56:28.245+0000][1][safepoint    ] Total time for which application threads were stopped: 0.0207799 seconds, Stopping threads took: 0.0000079 seconds
[2019-02-01T12:56:28.537+0000][1][safepoint    ] Application time: 0.2923396 seconds
[2019-02-01T12:56:28.542+0000][1][safepoint    ] Total time for which application threads were stopped: 0.0046285 seconds, Stopping threads took: 0.0045491 seconds
[2019-02-01T12:56:29.210+0000][1][safepoint    ] Application time: 0.6677827 seconds
[2019-02-01T12:56:29.210+0000][1][safepoint    ] Total time for which application threads were stopped: 0.0001130 seconds, Stopping threads took: 0.0000225 seconds
[2019-02-01T12:56:30.210+0000][1][safepoint    ] Application time: 1.0000915 seconds
[2019-02-01T12:56:30.211+0000][1][safepoint    ] Total time for which application threads were stopped: 0.0000700 seconds, Stopping threads took: 0.0000086 seconds
[2019-02-01T12:56:30.544+0000][1][safepoint    ] Application time: 0.3329935 seconds
[2019-02-01T12:56:30.544+0000][1][safepoint    ] Total time for which application threads were stopped: 0.0001454 seconds, Stopping threads took: 0.0000091 seconds
[2019-02-01T12:56:30.593+0000][1][safepoint    ] Application time: 0.0493635 seconds
[2019-02-01T12:56:30.621+0000][1][safepoint    ] Total time for which application threads were stopped: 0.0273667 seconds, Stopping threads took: 0.0273040 seconds
[2019-02-01T12:56:30.622+0000][1][safepoint    ] Application time: 0.0014214 seconds
[2019-02-01T12:56:30.622+0000][1][safepoint    ] Total time for which application threads were stopped: 0.0000685 seconds, Stopping threads took: 0.0000155 seconds
[2019-02-01T12:56:30.622+0000][1][safepoint    ] Application time: 0.0001480 seconds
[2019-02-01T12:56:30.622+0000][1][safepoint    ] Total time for which application threads were stopped: 0.0000560 seconds, Stopping threads took: 0.0000125 seconds
[2019-02-01T12:56:30.625+0000][1][safepoint    ] Application time: 0.0031638 seconds
[2019-02-01T12:56:30.626+0000][1][safepoint    ] Total time for which application threads were stopped: 0.0000554 seconds, Stopping threads took: 0.0000151 seconds
[2019-02-01T12:56:30.884+0000][1][safepoint    ] Application time: 0.2585041 seconds
[2019-02-01T12:56:30.884+0000][1][safepoint    ] Total time for which application threads were stopped: 0.0003905 seconds, Stopping threads took: 0.0000152 seconds
[2019-02-01T12:56:31.889+0000][1][safepoint    ] Application time: 1.0041986 seconds
[2019-02-01T12:56:31.890+0000][1][safepoint    ] Total time for which application threads were stopped: 0.0011499 seconds, Stopping threads took: 0.0001399 seconds
[2019-02-01T12:56:31.921+0000][1][safepoint    ] Application time: 0.0307931 seconds
[2019-02-01T12:56:31.921+0000][1][safepoint    ] Total time for which application threads were stopped: 0.0003657 seconds, Stopping threads took: 0.0000145 seconds
[2019-02-01T12:56:31.924+0000][1][safepoint    ] Application time: 0.0032723 seconds
[2019-02-01T12:56:31.924+0000][1][safepoint    ] Total time for which application threads were stopped: 0.0000519 seconds, Stopping threads took: 0.0000192 seconds
[2019-02-01T12:56:32.375+0000][1][safepoint    ] Application time: 0.4500824 seconds
[2019-02-01T12:56:32.375+0000][1][safepoint    ] Total time for which application threads were stopped: 0.0000958 seconds, Stopping threads took: 0.0000157 seconds
[2019-02-01T12:56:32.523+0000][1][safepoint    ] Application time: 0.1487179 seconds
[2019-02-01T12:56:32.524+0000][1][safepoint    ] Total time for which application threads were stopped: 0.0007912 seconds, Stopping threads took: 0.0000074 seconds
[2019-02-01T12:56:32.561+0000][1][safepoint    ] Application time: 0.0366962 seconds
[2019-02-01T12:56:32.562+0000][1][safepoint    ] Total time for which application threads were stopped: 0.0011598 seconds, Stopping threads took: 0.0000339 seconds
[2019-02-01T12:56:32.563+0000][1][safepoint    ] Application time: 0.0004753 seconds
[2019-02-01T12:56:32.564+0000][1][safepoint    ] Total time for which application threads were stopped: 0.0014781 seconds, Stopping threads took: 0.0012744 seconds
[2019-02-01T12:56:32.567+0000][1][safepoint    ] Application time: 0.0008293 seconds
[2019-02-01T12:56:32.567+0000][1][safepoint    ] Total time for which application threads were stopped: 0.0000947 seconds, Stopping threads took: 0.0000163 seconds
[2019-02-01T12:56:32.567+0000][1][safepoint    ] Application time: 0.0005975 seconds
[2019-02-01T12:56:32.567+0000][1][safepoint    ] Total time for which application threads were stopped: 0.0000973 seconds, Stopping threads took: 0.0000160 seconds
[2019-02-01T12:56:32.568+0000][1][safepoint    ] Application time: 0.0002365 seconds
[2019-02-01T12:56:32.568+0000][1][safepoint    ] Total time for which application threads were stopped: 0.0000942 seconds, Stopping threads took: 0.0000137 seconds
[2019-02-01T12:56:32.568+0000][1][safepoint    ] Application time: 0.0000555 seconds
[2019-02-01T12:56:32.568+0000][1][safepoint    ] Total time for which application threads were stopped: 0.0000802 seconds, Stopping threads took: 0.0000144 seconds
[2019-02-01T12:56:32.568+0000][1][safepoint    ] Application time: 0.0000335 seconds
[2019-02-01T12:56:32.568+0000][1][safepoint    ] Total time for which application threads were stopped: 0.0000402 seconds, Stopping threads took: 0.0000101 seconds
[2019-02-01T12:56:32.568+0000][1][safepoint    ] Application time: 0.0000309 seconds
[2019-02-01T12:56:32.568+0000][1][safepoint    ] Total time for which application threads were stopped: 0.0000386 seconds, Stopping threads took: 0.0000100 seconds
[2019-02-01T12:56:32.568+0000][1][safepoint    ] Application time: 0.0000309 seconds
[2019-02-01T12:56:32.568+0000][1][safepoint    ] Total time for which application threads were stopped: 0.0000540 seconds, Stopping threads took: 0.0000105 seconds
[2019-02-01T12:56:32.577+0000][1][safepoint    ] Application time: 0.0085302 seconds
[2019-02-01T12:56:32.577+0000][1][safepoint    ] Total time for which application threads were stopped: 0.0000458 seconds, Stopping threads took: 0.0000057 seconds
[2019-02-01T12:56:32.577+0000][1][safepoint    ] Application time: 0.0000494 seconds
[2019-02-01T12:56:32.577+0000][1][safepoint    ] Total time for which application threads were stopped: 0.0000396 seconds, Stopping threads took: 0.0000095 seconds
[2019-02-01T12:56:32.577+0000][1][safepoint    ] Application time: 0.0000243 seconds
[2019-02-01T12:56:32.577+0000][1][safepoint    ] Total time for which application threads were stopped: 0.0000229 seconds, Stopping threads took: 0.0000025 seconds
[2019-02-01T12:56:32.577+0000][1][safepoint    ] Application time: 0.0000230 seconds
[2019-02-01T12:56:32.577+0000][1][safepoint    ] Total time for which application threads were stopped: 0.0000215 seconds, Stopping threads took: 0.0000024 seconds
[2019-02-01T12:56:32.577+0000][1][safepoint    ] Application time: 0.0000222 seconds
[2019-02-01T12:56:32.577+0000][1][safepoint    ] Total time for which application threads were stopped: 0.0000210 seconds, Stopping threads took: 0.0000023 seconds
[2019-02-01T12:56:32.577+0000][1][safepoint    ] Application time: 0.0000256 seconds
[2019-02-01T12:56:32.577+0000][1][safepoint    ] Total time for which application threads were stopped: 0.0000249 seconds, Stopping threads took: 0.0000024 seconds
[2019-02-01T12:56:32.577+0000][1][safepoint    ] Application time: 0.0000230 seconds
[2019-02-01T12:56:32.577+0000][1][safepoint    ] Total time for which application threads were stopped: 0.0000215 seconds, Stopping threads took: 0.0000022 seconds
[2019-02-01T12:56:32.577+0000][1][safepoint    ] Application time: 0.0000241 seconds
[2019-02-01T12:56:32.577+0000][1][safepoint    ] Total time for which application threads were stopped: 0.0000239 seconds, Stopping threads took: 0.0000023 seconds
[2019-02-01T12:56:32.578+0000][1][safepoint    ] Application time: 0.0003605 seconds
[2019-02-01T12:56:32.578+0000][1][safepoint    ] Total time for which application threads were stopped: 0.0000320 seconds, Stopping threads took: 0.0000035 seconds
[2019-02-01T12:56:32.578+0000][1][safepoint    ] Application time: 0.0000268 seconds
[2019-02-01T12:56:32.578+0000][1][safepoint    ] Total time for which application threads were stopped: 0.0000258 seconds, Stopping threads took: 0.0000024 seconds
[2019-02-01T12:56:32.578+0000][1][safepoint    ] Application time: 0.0000217 seconds
[2019-02-01T12:56:32.578+0000][1][safepoint    ] Total time for which application threads were stopped: 0.0000223 seconds, Stopping threads took: 0.0000023 seconds
[2019-02-01T12:56:32.578+0000][1][safepoint    ] Application time: 0.0000231 seconds
[2019-02-01T12:56:32.578+0000][1][safepoint    ] Total time for which application threads were stopped: 0.0000846 seconds, Stopping threads took: 0.0000022 seconds
[2019-02-01T12:56:32.578+0000][1][safepoint    ] Application time: 0.0000661 seconds
[2019-02-01T12:56:32.578+0000][1][safepoint    ] Total time for which application threads were stopped: 0.0000269 seconds, Stopping threads took: 0.0000024 seconds
[2019-02-01T12:56:32.578+0000][1][safepoint    ] Application time: 0.0000463 seconds
[2019-02-01T12:56:32.578+0000][1][safepoint    ] Total time for which application threads were stopped: 0.0000266 seconds, Stopping threads took: 0.0000025 seconds
[2019-02-01T12:56:32.578+0000][1][safepoint    ] Application time: 0.0000235 seconds
[2019-02-01T12:56:32.578+0000][1][safepoint    ] Total time for which application threads were stopped: 0.0000217 seconds, Stopping threads took: 0.0000023 seconds
[2019-02-01T12:56:32.578+0000][1][safepoint    ] Application time: 0.0000251 seconds
[2019-02-01T12:56:32.578+0000][1][safepoint    ] Total time for which application threads were stopped: 0.0000208 seconds, Stopping threads took: 0.0000022 seconds
[2019-02-01T12:56:32.579+0000][1][safepoint    ] Application time: 0.0001191 seconds
[2019-02-01T12:56:32.579+0000][1][safepoint    ] Total time for which application threads were stopped: 0.0000274 seconds, Stopping threads took: 0.0000027 seconds
[2019-02-01T12:56:32.579+0000][1][safepoint    ] Application time: 0.0000296 seconds
[2019-02-01T12:56:32.579+0000][1][safepoint    ] Total time for which application threads were stopped: 0.0000238 seconds, Stopping threads took: 0.0000025 seconds
[2019-02-01T12:56:32.579+0000][1][safepoint    ] Application time: 0.0001394 seconds
[2019-02-01T12:56:32.579+0000][1][safepoint    ] Total time for which application threads were stopped: 0.0000255 seconds, Stopping threads took: 0.0000027 seconds
[2019-02-01T12:56:32.579+0000][1][safepoint    ] Application time: 0.0000355 seconds
[2019-02-01T12:56:32.579+0000][1][safepoint    ] Total time for which application threads were stopped: 0.0000210 seconds, Stopping threads took: 0.0000024 seconds
[2019-02-01T12:56:32.579+0000][1][safepoint    ] Application time: 0.0000219 seconds
[2019-02-01T12:56:32.579+0000][1][safepoint    ] Total time for which application threads were stopped: 0.0000213 seconds, Stopping threads took: 0.0000022 seconds
[2019-02-01T12:56:32.579+0000][1][safepoint    ] Application time: 0.0000205 seconds
[2019-02-01T12:56:32.579+0000][1][safepoint    ] Total time for which application threads were stopped: 0.0000230 seconds, Stopping threads took: 0.0000023 seconds
[2019-02-01T12:56:32.583+0000][1][safepoint    ] Application time: 0.0039078 seconds
[2019-02-01T12:56:32.583+0000][1][safepoint    ] Total time for which application threads were stopped: 0.0000485 seconds, Stopping threads took: 0.0000077 seconds
[2019-02-01T12:56:32.583+0000][1][safepoint    ] Application time: 0.0001063 seconds
[2019-02-01T12:56:32.583+0000][1][safepoint    ] Total time for which application threads were stopped: 0.0000289 seconds, Stopping threads took: 0.0000028 seconds
[2019-02-01T12:56:32.583+0000][1][safepoint    ] Application time: 0.0000330 seconds
[2019-02-01T12:56:32.583+0000][1][safepoint    ] Total time for which application threads were stopped: 0.0000225 seconds, Stopping threads took: 0.0000026 seconds
[2019-02-01T12:56:32.583+0000][1][safepoint    ] Application time: 0.0000262 seconds
[2019-02-01T12:56:32.583+0000][1][safepoint    ] Total time for which application threads were stopped: 0.0000206 seconds, Stopping threads took: 0.0000025 seconds
[2019-02-01T12:56:32.583+0000][1][safepoint    ] Application time: 0.0001408 seconds
[2019-02-01T12:56:32.583+0000][1][safepoint    ] Total time for which application threads were stopped: 0.0000401 seconds, Stopping threads took: 0.0000042 seconds
[2019-02-01T12:56:32.584+0000][1][safepoint    ] Application time: 0.0000329 seconds
[2019-02-01T12:56:32.584+0000][1][safepoint    ] Total time for which application threads were stopped: 0.0000330 seconds, Stopping threads took: 0.0000034 seconds
[2019-02-01T12:56:32.584+0000][1][safepoint    ] Application time: 0.0000332 seconds
[2019-02-01T12:56:32.584+0000][1][safepoint    ] Total time for which application threads were stopped: 0.0000915 seconds, Stopping threads took: 0.0000026 seconds
[2019-02-01T12:56:32.584+0000][1][safepoint    ] Application time: 0.0000271 seconds
[2019-02-01T12:56:32.584+0000][1][safepoint    ] Total time for which application threads were stopped: 0.0000247 seconds, Stopping threads took: 0.0000024 seconds
[2019-02-01T12:56:32.584+0000][1][safepoint    ] Application time: 0.0002553 seconds
[2019-02-01T12:56:32.584+0000][1][safepoint    ] Total time for which application threads were stopped: 0.0000289 seconds, Stopping threads took: 0.0000029 seconds
[2019-02-01T12:56:32.593+0000][1][safepoint    ] Application time: 0.0090787 seconds
[2019-02-01T12:56:32.593+0000][1][safepoint    ] Total time for which application threads were stopped: 0.0001580 seconds, Stopping threads took: 0.0000663 seconds
[2019-02-01T12:56:32.594+0000][1][safepoint    ] Application time: 0.0002352 seconds
[2019-02-01T12:56:32.594+0000][1][safepoint    ] Total time for which application threads were stopped: 0.0000858 seconds, Stopping threads took: 0.0000534 seconds
[2019-02-01T12:56:32.594+0000][1][safepoint    ] Application time: 0.0000446 seconds
[2019-02-01T12:56:32.594+0000][1][safepoint    ] Total time for which application threads were stopped: 0.0000538 seconds, Stopping threads took: 0.0000283 seconds
[2019-02-01T12:56:32.594+0000][1][safepoint    ] Application time: 0.0005304 seconds
[2019-02-01T12:56:32.595+0000][1][safepoint    ] Total time for which application threads were stopped: 0.0003517 seconds, Stopping threads took: 0.0002985 seconds
[2019-02-01T12:56:32.595+0000][1][safepoint    ] Application time: 0.0005935 seconds
[2019-02-01T12:56:32.595+0000][1][safepoint    ] Total time for which application threads were stopped: 0.0000742 seconds, Stopping threads took: 0.0000135 seconds
[2019-02-01T12:56:32.603+0000][1][safepoint    ] Application time: 0.0073338 seconds
[2019-02-01T12:56:32.603+0000][1][safepoint    ] Total time for which application threads were stopped: 0.0000603 seconds, Stopping threads took: 0.0000167 seconds
[2019-02-01T12:56:32.606+0000][1][safepoint    ] Application time: 0.0028345 seconds
[2019-02-01T12:56:32.606+0000][1][safepoint    ] Total time for which application threads were stopped: 0.0000605 seconds, Stopping threads took: 0.0000106 seconds
[2019-02-01T12:56:32.606+0000][1][safepoint    ] Application time: 0.0001677 seconds
[2019-02-01T12:56:32.606+0000][1][safepoint    ] Total time for which application threads were stopped: 0.0000345 seconds, Stopping threads took: 0.0000055 seconds
[2019-02-01T12:56:32.606+0000][1][safepoint    ] Application time: 0.0002802 seconds
[2019-02-01T12:56:32.606+0000][1][safepoint    ] Total time for which application threads were stopped: 0.0000356 seconds, Stopping threads took: 0.0000054 seconds
[2019-02-01T12:56:32.607+0000][1][safepoint    ] Application time: 0.0004440 seconds
[2019-02-01T12:56:32.607+0000][1][safepoint    ] Total time for which application threads were stopped: 0.0000603 seconds, Stopping threads took: 0.0000093 seconds
[2019-02-01T12:56:32.607+0000][1][safepoint    ] Application time: 0.0005093 seconds
[2019-02-01T12:56:32.608+0000][1][safepoint    ] Total time for which application threads were stopped: 0.0000407 seconds, Stopping threads took: 0.0000070 seconds
[2019-02-01T12:56:32.608+0000][1][safepoint    ] Application time: 0.0000829 seconds
[2019-02-01T12:56:32.608+0000][1][safepoint    ] Total time for which application threads were stopped: 0.0000215 seconds, Stopping threads took: 0.0000032 seconds
[2019-02-01T12:56:32.608+0000][1][safepoint    ] Application time: 0.0001058 seconds
[2019-02-01T12:56:32.608+0000][1][safepoint    ] Total time for which application threads were stopped: 0.0000185 seconds, Stopping threads took: 0.0000031 seconds
[2019-02-01T12:56:32.608+0000][1][safepoint    ] Application time: 0.0001050 seconds
[2019-02-01T12:56:32.608+0000][1][safepoint    ] Total time for which application threads were stopped: 0.0000181 seconds, Stopping threads took: 0.0000030 seconds
[2019-02-01T12:56:32.608+0000][1][safepoint    ] Application time: 0.0001049 seconds
[2019-02-01T12:56:32.608+0000][1][safepoint    ] Total time for which application threads were stopped: 0.0000181 seconds, Stopping threads took: 0.0000030 seconds
[2019-02-01T12:56:32.608+0000][1][safepoint    ] Application time: 0.0001049 seconds
[2019-02-01T12:56:32.608+0000][1][safepoint    ] Total time for which application threads were stopped: 0.0000181 seconds, Stopping threads took: 0.0000031 seconds
[2019-02-01T12:56:32.608+0000][1][safepoint    ] Application time: 0.0001060 seconds
[2019-02-01T12:56:32.608+0000][1][safepoint    ] Total time for which application threads were stopped: 0.0000180 seconds, Stopping threads took: 0.0000030 seconds
[2019-02-01T12:56:32.609+0000][1][safepoint    ] Application time: 0.0001977 seconds
[2019-02-01T12:56:32.609+0000][1][safepoint    ] Total time for which application threads were stopped: 0.0000225 seconds, Stopping threads took: 0.0000038 seconds
[2019-02-01T12:56:32.609+0000][1][safepoint    ] Application time: 0.0001083 seconds
[2019-02-01T12:56:32.609+0000][1][safepoint    ] Total time for which application threads were stopped: 0.0000192 seconds, Stopping threads took: 0.0000033 seconds
[2019-02-01T12:56:32.609+0000][1][safepoint    ] Application time: 0.0001058 seconds
[2019-02-01T12:56:32.609+0000][1][safepoint    ] Total time for which application threads were stopped: 0.0000183 seconds, Stopping threads took: 0.0000030 seconds
[2019-02-01T12:56:32.609+0000][1][safepoint    ] Application time: 0.0001059 seconds
[2019-02-01T12:56:32.609+0000][1][safepoint    ] Total time for which application threads were stopped: 0.0000181 seconds, Stopping threads took: 0.0000030 seconds
[2019-02-01T12:56:32.609+0000][1][safepoint    ] Application time: 0.0001062 seconds
[2019-02-01T12:56:32.609+0000][1][safepoint    ] Total time for which application threads were stopped: 0.0000183 seconds, Stopping threads took: 0.0000031 seconds
[2019-02-01T12:56:32.609+0000][1][safepoint    ] Application time: 0.0001052 seconds
[2019-02-01T12:56:32.609+0000][1][safepoint    ] Total time for which application threads were stopped: 0.0000179 seconds, Stopping threads took: 0.0000029 seconds
[2019-02-01T12:56:32.609+0000][1][safepoint    ] Application time: 0.0001098 seconds
[2019-02-01T12:56:32.609+0000][1][safepoint    ] Total time for which application threads were stopped: 0.0000185 seconds, Stopping threads took: 0.0000031 seconds
[2019-02-01T12:56:32.610+0000][1][safepoint    ] Application time: 0.0000625 seconds
[2019-02-01T12:56:32.610+0000][1][safepoint    ] Total time for which application threads were stopped: 0.0000182 seconds, Stopping threads took: 0.0000030 seconds
[2019-02-01T12:56:32.610+0000][1][safepoint    ] Application time: 0.0000892 seconds
[2019-02-01T12:56:32.610+0000][1][safepoint    ] Total time for which application threads were stopped: 0.0000899 seconds, Stopping threads took: 0.0000030 seconds
[2019-02-01T12:56:32.611+0000][1][safepoint    ] Application time: 0.0011968 seconds
[2019-02-01T12:56:32.611+0000][1][safepoint    ] Total time for which application threads were stopped: 0.0000284 seconds, Stopping threads took: 0.0000042 seconds
[2019-02-01T12:56:32.611+0000][1][safepoint    ] Application time: 0.0003068 seconds
[2019-02-01T12:56:32.612+0000][1][safepoint    ] Total time for which application threads were stopped: 0.0003427 seconds, Stopping threads took: 0.0000032 seconds
[2019-02-01T12:56:32.617+0000][1][safepoint    ] Application time: 0.0053257 seconds
[2019-02-01T12:56:32.617+0000][1][safepoint    ] Total time for which application threads were stopped: 0.0001855 seconds, Stopping threads took: 0.0001398 seconds
[2019-02-01T12:56:33.071+0000][1][safepoint    ] Application time: 0.4540378 seconds
[2019-02-01T12:56:33.072+0000][1][safepoint    ] Total time for which application threads were stopped: 0.0002455 seconds, Stopping threads took: 0.0001573 seconds
[2019-02-01T12:56:33.072+0000][1][safepoint    ] Application time: 0.0002179 seconds
[2019-02-01T12:56:33.072+0000][1][safepoint    ] Total time for which application threads were stopped: 0.0000949 seconds, Stopping threads took: 0.0000481 seconds
[2019-02-01T12:56:33.072+0000][1][safepoint    ] Application time: 0.0003969 seconds
[2019-02-01T12:56:33.073+0000][1][safepoint    ] Total time for which application threads were stopped: 0.0003486 seconds, Stopping threads took: 0.0002389 seconds
[2019-02-01T12:56:33.074+0000][1][safepoint    ] Application time: 0.0008219 seconds
[2019-02-01T12:56:33.074+0000][1][safepoint    ] Total time for which application threads were stopped: 0.0000717 seconds, Stopping threads took: 0.0000167 seconds
[2019-02-01T12:56:33.077+0000][1][safepoint    ] Application time: 0.0029613 seconds
[2019-02-01T12:56:33.077+0000][1][safepoint    ] Total time for which application threads were stopped: 0.0000670 seconds, Stopping threads took: 0.0000152 seconds
[2019-02-01T12:56:33.107+0000][1][safepoint    ] Application time: 0.0305189 seconds
[2019-02-01T12:56:33.107+0000][1][safepoint    ] Total time for which application threads were stopped: 0.0001136 seconds, Stopping threads took: 0.0000171 seconds
[2019-02-01T12:56:33.108+0000][1][safepoint    ] Application time: 0.0000708 seconds
[2019-02-01T12:56:33.108+0000][1][safepoint    ] Total time for which application threads were stopped: 0.0000678 seconds, Stopping threads took: 0.0000090 seconds
[2019-02-01T12:56:33.108+0000][1][safepoint    ] Application time: 0.0000513 seconds
[2019-02-01T12:56:33.108+0000][1][safepoint    ] Total time for which application threads were stopped: 0.0000577 seconds, Stopping threads took: 0.0000083 seconds
[2019-02-01T12:56:33.112+0000][1][safepoint    ] Application time: 0.0044459 seconds
[2019-02-01T12:56:33.115+0000][1][safepoint    ] Total time for which application threads were stopped: 0.0030813 seconds, Stopping threads took: 0.0029733 seconds
[2019-02-01T12:56:33.115+0000][1][safepoint    ] Application time: 0.0000495 seconds
[2019-02-01T12:56:33.115+0000][1][safepoint    ] Total time for which application threads were stopped: 0.0000780 seconds, Stopping threads took: 0.0000038 seconds
[2019-02-01T12:56:33.116+0000][1][safepoint    ] Application time: 0.0000385 seconds
[2019-02-01T12:56:33.116+0000][1][safepoint    ] Total time for which application threads were stopped: 0.0001042 seconds, Stopping threads took: 0.0000367 seconds
[2019-02-01T12:56:33.119+0000][1][safepoint    ] Application time: 0.0031648 seconds
[2019-02-01T12:56:33.119+0000][1][safepoint    ] Total time for which application threads were stopped: 0.0000751 seconds, Stopping threads took: 0.0000330 seconds
[2019-02-01T12:56:33.119+0000][1][safepoint    ] Application time: 0.0004121 seconds
[2019-02-01T12:56:33.123+0000][1][safepoint    ] Total time for which application threads were stopped: 0.0032159 seconds, Stopping threads took: 0.0031070 seconds
[2019-02-01T12:56:33.123+0000][1][safepoint    ] Application time: 0.0003187 seconds
[2019-02-01T12:56:33.124+0000][1][safepoint    ] Total time for which application threads were stopped: 0.0005619 seconds, Stopping threads took: 0.0001345 seconds
[2019-02-01T12:56:33.127+0000][1][safepoint    ] Application time: 0.0029135 seconds
[2019-02-01T12:56:33.127+0000][1][safepoint    ] Total time for which application threads were stopped: 0.0001449 seconds, Stopping threads took: 0.0000231 seconds
[2019-02-01T12:56:33.162+0000][1][safepoint    ] Application time: 0.0347323 seconds
[2019-02-01T12:56:33.162+0000][1][gc,start     ] GC(17) Pause Young (Allocation Failure)
[2019-02-01T12:56:33.162+0000][1][gc,task      ] GC(17) Using 2 workers of 2 for evacuation
[2019-02-01T12:56:33.183+0000][1][gc,age       ] GC(17) Desired survivor size 4456448 bytes, new threshold 1 (max threshold 6)
[2019-02-01T12:56:33.183+0000][1][gc,age       ] GC(17) Age table with threshold 1 (max threshold 6)
[2019-02-01T12:56:33.183+0000][1][gc,age       ] GC(17) - age   1:    4472592 bytes,    4472592 total
[2019-02-01T12:56:33.183+0000][1][gc,age       ] GC(17) - age   2:    2212888 bytes,    6685480 total
[2019-02-01T12:56:33.183+0000][1][gc,heap      ] GC(17) ParNew: 78656K->8704K(78656K)
[2019-02-01T12:56:33.183+0000][1][gc,heap      ] GC(17) CMS: 39119K->43067K(174784K)
[2019-02-01T12:56:33.183+0000][1][gc,metaspace ] GC(17) Metaspace: 60521K->60521K(1103872K)
[2019-02-01T12:56:33.183+0000][1][gc           ] GC(17) Pause Young (Allocation Failure) 115M->50M(247M) 21.427ms
[2019-02-01T12:56:33.183+0000][1][gc,cpu       ] GC(17) User=0.03s Sys=0.00s Real=0.02s
[2019-02-01T12:56:33.183+0000][1][safepoint    ] Total time for which application threads were stopped: 0.0215367 seconds, Stopping threads took: 0.0000079 seconds
[2019-02-01T12:56:33.210+0000][1][safepoint    ] Application time: 0.0268612 seconds
[2019-02-01T12:56:33.210+0000][1][safepoint    ] Total time for which application threads were stopped: 0.0000768 seconds, Stopping threads took: 0.0000215 seconds
[2019-02-01T12:56:33.210+0000][1][safepoint    ] Application time: 0.0001255 seconds
[2019-02-01T12:56:33.210+0000][1][safepoint    ] Total time for which application threads were stopped: 0.0000698 seconds, Stopping threads took: 0.0000159 seconds
[2019-02-01T12:56:33.210+0000][1][safepoint    ] Application time: 0.0000623 seconds
[2019-02-01T12:56:33.210+0000][1][safepoint    ] Total time for which application threads were stopped: 0.0000325 seconds, Stopping threads took: 0.0000090 seconds
[2019-02-01T12:56:33.211+0000][1][safepoint    ] Application time: 0.0001065 seconds
[2019-02-01T12:56:33.211+0000][1][safepoint    ] Total time for which application threads were stopped: 0.0000546 seconds, Stopping threads took: 0.0000246 seconds
[2019-02-01T12:56:33.211+0000][1][safepoint    ] Application time: 0.0000823 seconds
[2019-02-01T12:56:33.211+0000][1][safepoint    ] Total time for which application threads were stopped: 0.0000346 seconds, Stopping threads took: 0.0000091 seconds
[2019-02-01T12:56:33.675+0000][1][safepoint    ] Application time: 0.4639411 seconds
[2019-02-01T12:56:33.675+0000][1][safepoint    ] Total time for which application threads were stopped: 0.0000545 seconds, Stopping threads took: 0.0000066 seconds
[2019-02-01T12:56:33.675+0000][1][safepoint    ] Application time: 0.0002768 seconds
[2019-02-01T12:56:33.675+0000][1][safepoint    ] Total time for which application threads were stopped: 0.0000267 seconds, Stopping threads took: 0.0000054 seconds
[2019-02-01T12:56:33.675+0000][1][safepoint    ] Application time: 0.0001267 seconds
[2019-02-01T12:56:33.675+0000][1][safepoint    ] Total time for which application threads were stopped: 0.0000207 seconds, Stopping threads took: 0.0000044 seconds
[2019-02-01T12:56:33.677+0000][1][safepoint    ] Application time: 0.0012334 seconds
[2019-02-01T12:56:33.677+0000][1][safepoint    ] Total time for which application threads were stopped: 0.0000427 seconds, Stopping threads took: 0.0000072 seconds
[2019-02-01T12:56:33.714+0000][1][safepoint    ] Application time: 0.0372639 seconds
[2019-02-01T12:56:33.714+0000][1][safepoint    ] Total time for which application threads were stopped: 0.0001368 seconds, Stopping threads took: 0.0000559 seconds
[2019-02-01T12:56:33.720+0000][1][safepoint    ] Application time: 0.0055772 seconds
[2019-02-01T12:56:33.720+0000][1][safepoint    ] Total time for which application threads were stopped: 0.0000374 seconds, Stopping threads took: 0.0000084 seconds
[2019-02-01T12:56:33.720+0000][1][safepoint    ] Application time: 0.0001594 seconds
[2019-02-01T12:56:33.720+0000][1][safepoint    ] Total time for which application threads were stopped: 0.0000846 seconds, Stopping threads took: 0.0000184 seconds
[2019-02-01T12:56:34.005+0000][1][safepoint    ] Application time: 0.2850429 seconds
[2019-02-01T12:56:34.005+0000][1][safepoint    ] Total time for which application threads were stopped: 0.0000454 seconds, Stopping threads took: 0.0000101 seconds
[2019-02-01T12:56:34.138+0000][1][safepoint    ] Application time: 0.1327453 seconds
[2019-02-01T12:56:34.138+0000][1][safepoint    ] Total time for which application threads were stopped: 0.0000461 seconds, Stopping threads took: 0.0000086 seconds
[2019-02-01T12:56:34.138+0000][1][safepoint    ] Application time: 0.0002763 seconds
[2019-02-01T12:56:34.138+0000][1][safepoint    ] Total time for which application threads were stopped: 0.0000295 seconds, Stopping threads took: 0.0000120 seconds
[2019-02-01T12:56:34.175+0000][1][safepoint    ] Application time: 0.0365264 seconds
[2019-02-01T12:56:34.175+0000][1][safepoint    ] Total time for which application threads were stopped: 0.0000699 seconds, Stopping threads took: 0.0000276 seconds
[2019-02-01T12:56:34.175+0000][1][safepoint    ] Application time: 0.0000754 seconds
[2019-02-01T12:56:34.175+0000][1][safepoint    ] Total time for which application threads were stopped: 0.0000360 seconds, Stopping threads took: 0.0000130 seconds
[2019-02-01T12:56:34.175+0000][1][safepoint    ] Application time: 0.0000347 seconds
[2019-02-01T12:56:34.175+0000][1][safepoint    ] Total time for which application threads were stopped: 0.0000290 seconds, Stopping threads took: 0.0000113 seconds
[2019-02-01T12:56:34.175+0000][1][safepoint    ] Application time: 0.0000394 seconds
[2019-02-01T12:56:34.175+0000][1][safepoint    ] Total time for which application threads were stopped: 0.0000312 seconds, Stopping threads took: 0.0000118 seconds
[2019-02-01T12:56:34.176+0000][1][safepoint    ] Application time: 0.0002253 seconds
[2019-02-01T12:56:34.176+0000][1][safepoint    ] Total time for which application threads were stopped: 0.0000402 seconds, Stopping threads took: 0.0000146 seconds
[2019-02-01T12:56:34.176+0000][1][safepoint    ] Application time: 0.0004094 seconds
[2019-02-01T12:56:34.176+0000][1][safepoint    ] Total time for which application threads were stopped: 0.0000453 seconds, Stopping threads took: 0.0000163 seconds
[2019-02-01T12:56:34.177+0000][1][safepoint    ] Application time: 0.0007226 seconds
[2019-02-01T12:56:34.180+0000][1][safepoint    ] Total time for which application threads were stopped: 0.0033141 seconds, Stopping threads took: 0.0031511 seconds
[2019-02-01T12:56:34.181+0000][1][safepoint    ] Application time: 0.0006893 seconds
[2019-02-01T12:56:34.181+0000][1][safepoint    ] Total time for which application threads were stopped: 0.0001664 seconds, Stopping threads took: 0.0000193 seconds
[2019-02-01T12:56:34.181+0000][1][safepoint    ] Application time: 0.0000415 seconds
[2019-02-01T12:56:34.181+0000][1][safepoint    ] Total time for which application threads were stopped: 0.0000310 seconds, Stopping threads took: 0.0000117 seconds
[2019-02-01T12:56:34.181+0000][1][safepoint    ] Application time: 0.0000384 seconds
[2019-02-01T12:56:34.181+0000][1][safepoint    ] Total time for which application threads were stopped: 0.0000270 seconds, Stopping threads took: 0.0000106 seconds
[2019-02-01T12:56:34.505+0000][1][safepoint    ] Application time: 0.3230828 seconds
[2019-02-01T12:56:34.505+0000][1][safepoint    ] Total time for which application threads were stopped: 0.0000504 seconds, Stopping threads took: 0.0000149 seconds
[2019-02-01T12:56:34.505+0000][1][safepoint    ] Application time: 0.0000304 seconds
[2019-02-01T12:56:34.505+0000][1][safepoint    ] Total time for which application threads were stopped: 0.0000196 seconds, Stopping threads took: 0.0000077 seconds
[2019-02-01T12:56:34.811+0000][1][safepoint    ] Application time: 0.3059502 seconds
[2019-02-01T12:56:34.811+0000][1][safepoint    ] Total time for which application threads were stopped: 0.0000542 seconds, Stopping threads took: 0.0000153 seconds
[2019-02-01T12:56:34.824+0000][1][safepoint    ] Application time: 0.0131858 seconds
[2019-02-01T12:56:34.824+0000][1][safepoint    ] Total time for which application threads were stopped: 0.0000475 seconds, Stopping threads took: 0.0000134 seconds
[2019-02-01T12:56:34.841+0000][1][safepoint    ] Application time: 0.0169921 seconds
[2019-02-01T12:56:34.841+0000][1][safepoint    ] Total time for which application threads were stopped: 0.0000596 seconds, Stopping threads took: 0.0000093 seconds
[2019-02-01T12:56:34.850+0000][1][safepoint    ] Application time: 0.0091072 seconds
[2019-02-01T12:56:34.850+0000][1][safepoint    ] Total time for which application threads were stopped: 0.0000546 seconds, Stopping threads took: 0.0000119 seconds
[2019-02-01T12:56:34.870+0000][1][safepoint    ] Application time: 0.0193792 seconds
[2019-02-01T12:56:34.870+0000][1][safepoint    ] Total time for which application threads were stopped: 0.0000575 seconds, Stopping threads took: 0.0000117 seconds
[2019-02-01T12:56:34.944+0000][1][safepoint    ] Application time: 0.0740077 seconds
[2019-02-01T12:56:34.944+0000][1][safepoint    ] Total time for which application threads were stopped: 0.0000544 seconds, Stopping threads took: 0.0000102 seconds
[2019-02-01T12:56:34.959+0000][1][safepoint    ] Application time: 0.0153919 seconds
[2019-02-01T12:56:34.959+0000][1][safepoint    ] Total time for which application threads were stopped: 0.0000547 seconds, Stopping threads took: 0.0000195 seconds
[2019-02-01T12:56:34.979+0000][1][safepoint    ] Application time: 0.0196336 seconds
[2019-02-01T12:56:34.979+0000][1][safepoint    ] Total time for which application threads were stopped: 0.0002238 seconds, Stopping threads took: 0.0000088 seconds
[2019-02-01T12:56:35.047+0000][1][safepoint    ] Application time: 0.0681012 seconds
[2019-02-01T12:56:35.048+0000][1][safepoint    ] Total time for which application threads were stopped: 0.0000844 seconds, Stopping threads took: 0.0000106 seconds
[2019-02-01T12:56:35.163+0000][1][safepoint    ] Application time: 0.1156838 seconds
[2019-02-01T12:56:35.165+0000][1][safepoint    ] Total time for which application threads were stopped: 0.0013231 seconds, Stopping threads took: 0.0000386 seconds
[2019-02-01T12:56:35.239+0000][1][safepoint    ] Application time: 0.0740292 seconds
[2019-02-01T12:56:35.239+0000][1][safepoint    ] Total time for which application threads were stopped: 0.0003899 seconds, Stopping threads took: 0.0003317 seconds
[2019-02-01T12:56:35.245+0000][1][safepoint    ] Application time: 0.0058064 seconds
[2019-02-01T12:56:35.245+0000][1][safepoint    ] Total time for which application threads were stopped: 0.0000673 seconds, Stopping threads took: 0.0000288 seconds
[2019-02-01T12:56:35.277+0000][1][safepoint    ] Application time: 0.0324106 seconds
[2019-02-01T12:56:35.278+0000][1][safepoint    ] Total time for which application threads were stopped: 0.0000900 seconds, Stopping threads took: 0.0000206 seconds
[2019-02-01T12:56:35.279+0000][1][safepoint    ] Application time: 0.0018355 seconds
[2019-02-01T12:56:35.280+0000][1][safepoint    ] Total time for which application threads were stopped: 0.0000387 seconds, Stopping threads took: 0.0000149 seconds
[2019-02-01T12:56:35.306+0000][1][safepoint    ] Application time: 0.0269719 seconds
[2019-02-01T12:56:35.307+0000][1][safepoint    ] Total time for which application threads were stopped: 0.0008769 seconds, Stopping threads took: 0.0008115 seconds
[2019-02-01T12:56:35.376+0000][1][safepoint    ] Application time: 0.0685362 seconds
[2019-02-01T12:56:35.376+0000][1][safepoint    ] Total time for which application threads were stopped: 0.0000761 seconds, Stopping threads took: 0.0000125 seconds
[2019-02-01T12:56:35.410+0000][1][safepoint    ] Application time: 0.0336131 seconds
[2019-02-01T12:56:35.410+0000][1][safepoint    ] Total time for which application threads were stopped: 0.0000728 seconds, Stopping threads took: 0.0000116 seconds
[2019-02-01T12:56:35.415+0000][1][safepoint    ] Application time: 0.0056247 seconds
[2019-02-01T12:56:35.420+0000][1][safepoint    ] Total time for which application threads were stopped: 0.0047318 seconds, Stopping threads took: 0.0046347 seconds
[2019-02-01T12:56:35.474+0000][1][safepoint    ] Application time: 0.0536219 seconds
[2019-02-01T12:56:35.474+0000][1][safepoint    ] Total time for which application threads were stopped: 0.0000431 seconds, Stopping threads took: 0.0000143 seconds
[2019-02-01T12:56:35.475+0000][1][safepoint    ] Application time: 0.0010134 seconds
[2019-02-01T12:56:35.475+0000][1][safepoint    ] Total time for which application threads were stopped: 0.0000329 seconds, Stopping threads took: 0.0000124 seconds
[2019-02-01T12:56:35.479+0000][1][safepoint    ] Application time: 0.0036673 seconds
[2019-02-01T12:56:35.479+0000][1][safepoint    ] Total time for which application threads were stopped: 0.0000396 seconds, Stopping threads took: 0.0000121 seconds
[2019-02-01T12:56:35.479+0000][1][safepoint    ] Application time: 0.0000515 seconds
[2019-02-01T12:56:35.479+0000][1][safepoint    ] Total time for which application threads were stopped: 0.0000224 seconds, Stopping threads took: 0.0000081 seconds
[2019-02-01T12:56:35.569+0000][1][safepoint    ] Application time: 0.0899844 seconds
[2019-02-01T12:56:35.569+0000][1][safepoint    ] Total time for which application threads were stopped: 0.0000647 seconds, Stopping threads took: 0.0000217 seconds
[2019-02-01T12:56:35.686+0000][1][safepoint    ] Application time: 0.1173845 seconds
[2019-02-01T12:56:35.686+0000][1][safepoint    ] Total time for which application threads were stopped: 0.0000622 seconds, Stopping threads took: 0.0000088 seconds
[2019-02-01T12:56:35.729+0000][1][safepoint    ] Application time: 0.0424931 seconds
[2019-02-01T12:56:35.729+0000][1][safepoint    ] Total time for which application threads were stopped: 0.0002969 seconds, Stopping threads took: 0.0001487 seconds
[2019-02-01T12:56:35.745+0000][1][safepoint    ] Application time: 0.0159020 seconds
[2019-02-01T12:56:35.750+0000][1][safepoint    ] Total time for which application threads were stopped: 0.0050063 seconds, Stopping threads took: 0.0049560 seconds
[2019-02-01T12:56:35.751+0000][1][safepoint    ] Application time: 0.0008636 seconds
[2019-02-01T12:56:35.751+0000][1][safepoint    ] Total time for which application threads were stopped: 0.0000642 seconds, Stopping threads took: 0.0000068 seconds
[2019-02-01T12:56:35.752+0000][1][safepoint    ] Application time: 0.0003788 seconds
[2019-02-01T12:56:35.752+0000][1][safepoint    ] Total time for which application threads were stopped: 0.0000850 seconds, Stopping threads took: 0.0000241 seconds
[2019-02-01T12:56:35.815+0000][1][safepoint    ] Application time: 0.0635329 seconds
[2019-02-01T12:56:35.815+0000][1][safepoint    ] Total time for which application threads were stopped: 0.0000578 seconds, Stopping threads took: 0.0000161 seconds
[2019-02-01T12:56:35.830+0000][1][safepoint    ] Application time: 0.0144335 seconds
[2019-02-01T12:56:35.830+0000][1][safepoint    ] Total time for which application threads were stopped: 0.0000644 seconds, Stopping threads took: 0.0000261 seconds
[2019-02-01T12:56:35.832+0000][1][safepoint    ] Application time: 0.0022609 seconds
[2019-02-01T12:56:35.832+0000][1][safepoint    ] Total time for which application threads were stopped: 0.0000723 seconds, Stopping threads took: 0.0000211 seconds
[2019-02-01T12:56:35.896+0000][1][safepoint    ] Application time: 0.0635038 seconds
[2019-02-01T12:56:35.897+0000][1][safepoint    ] Total time for which application threads were stopped: 0.0009073 seconds, Stopping threads took: 0.0008203 seconds
[2019-02-01T12:56:35.923+0000][1][safepoint    ] Application time: 0.0260456 seconds
[2019-02-01T12:56:35.923+0000][1][safepoint    ] Total time for which application threads were stopped: 0.0000995 seconds, Stopping threads took: 0.0000113 seconds
[2019-02-01T12:56:35.949+0000][1][safepoint    ] Application time: 0.0258592 seconds
[2019-02-01T12:56:35.953+0000][1][safepoint    ] Total time for which application threads were stopped: 0.0039722 seconds, Stopping threads took: 0.0038729 seconds
[2019-02-01T12:56:36.023+0000][1][safepoint    ] Application time: 0.0703291 seconds
[2019-02-01T12:56:36.023+0000][1][safepoint    ] Total time for which application threads were stopped: 0.0000779 seconds, Stopping threads took: 0.0000114 seconds
[2019-02-01T12:56:36.077+0000][1][safepoint    ] Application time: 0.0538191 seconds
[2019-02-01T12:56:36.077+0000][1][safepoint    ] Total time for which application threads were stopped: 0.0000889 seconds, Stopping threads took: 0.0000101 seconds
[2019-02-01T12:56:36.080+0000][1][safepoint    ] Application time: 0.0023483 seconds
[2019-02-01T12:56:36.080+0000][1][safepoint    ] Total time for which application threads were stopped: 0.0000745 seconds, Stopping threads took: 0.0000082 seconds
[2019-02-01T12:56:36.200+0000][1][safepoint    ] Application time: 0.1203540 seconds
[2019-02-01T12:56:36.200+0000][1][safepoint    ] Total time for which application threads were stopped: 0.0001352 seconds, Stopping threads took: 0.0000084 seconds
[2019-02-01T12:56:36.220+0000][1][safepoint    ] Application time: 0.0198115 seconds
[2019-02-01T12:56:36.220+0000][1][safepoint    ] Total time for which application threads were stopped: 0.0002043 seconds, Stopping threads took: 0.0000785 seconds
[2019-02-01T12:56:36.270+0000][1][safepoint    ] Application time: 0.0494202 seconds
[2019-02-01T12:56:36.273+0000][1][safepoint    ] Total time for which application threads were stopped: 0.0029038 seconds, Stopping threads took: 0.0028396 seconds
[2019-02-01T12:56:36.372+0000][1][safepoint    ] Application time: 0.0986524 seconds
[2019-02-01T12:56:36.373+0000][1][safepoint    ] Total time for which application threads were stopped: 0.0015857 seconds, Stopping threads took: 0.0015200 seconds
[2019-02-01T12:56:36.375+0000][1][safepoint    ] Application time: 0.0013431 seconds
[2019-02-01T12:56:36.375+0000][1][safepoint    ] Total time for which application threads were stopped: 0.0000732 seconds, Stopping threads took: 0.0000277 seconds
[2019-02-01T12:56:36.375+0000][1][safepoint    ] Application time: 0.0001555 seconds
[2019-02-01T12:56:36.378+0000][1][safepoint    ] Total time for which application threads were stopped: 0.0036506 seconds, Stopping threads took: 0.0035793 seconds
[2019-02-01T12:56:36.385+0000][1][safepoint    ] Application time: 0.0068827 seconds
[2019-02-01T12:56:36.386+0000][1][safepoint    ] Total time for which application threads were stopped: 0.0001651 seconds, Stopping threads took: 0.0001206 seconds
[2019-02-01T12:56:36.508+0000][1][safepoint    ] Application time: 0.1224138 seconds
[2019-02-01T12:56:36.508+0000][1][safepoint    ] Total time for which application threads were stopped: 0.0001516 seconds, Stopping threads took: 0.0000619 seconds
[2019-02-01T12:56:36.510+0000][1][safepoint    ] Application time: 0.0014262 seconds
[2019-02-01T12:56:36.510+0000][1][safepoint    ] Total time for which application threads were stopped: 0.0000529 seconds, Stopping threads took: 0.0000093 seconds
[2019-02-01T12:56:36.529+0000][1][safepoint    ] Application time: 0.0194628 seconds
[2019-02-01T12:56:36.529+0000][1][safepoint    ] Total time for which application threads were stopped: 0.0000816 seconds, Stopping threads took: 0.0000142 seconds
[2019-02-01T12:56:36.552+0000][1][safepoint    ] Application time: 0.0225101 seconds
[2019-02-01T12:56:36.552+0000][1][gc,start     ] GC(18) Pause Young (Allocation Failure)
[2019-02-01T12:56:36.552+0000][1][gc,task      ] GC(18) Using 2 workers of 2 for evacuation
[2019-02-01T12:56:36.589+0000][1][gc,age       ] GC(18) Desired survivor size 4456448 bytes, new threshold 6 (max threshold 6)
[2019-02-01T12:56:36.589+0000][1][gc,age       ] GC(18) Age table with threshold 6 (max threshold 6)
[2019-02-01T12:56:36.589+0000][1][gc,age       ] GC(18) - age   1:     789920 bytes,     789920 total
[2019-02-01T12:56:36.589+0000][1][gc,heap      ] GC(18) ParNew: 78656K->6369K(78656K)
[2019-02-01T12:56:36.589+0000][1][gc,heap      ] GC(18) CMS: 43067K->49546K(174784K)
[2019-02-01T12:56:36.589+0000][1][gc,metaspace ] GC(18) Metaspace: 63127K->63127K(1107968K)
[2019-02-01T12:56:36.589+0000][1][gc           ] GC(18) Pause Young (Allocation Failure) 118M->54M(247M) 37.153ms
[2019-02-01T12:56:36.589+0000][1][gc,cpu       ] GC(18) User=0.03s Sys=0.02s Real=0.03s
[2019-02-01T12:56:36.589+0000][1][safepoint    ] Total time for which application threads were stopped: 0.0375265 seconds, Stopping threads took: 0.0000122 seconds
[2019-02-01T12:56:36.652+0000][1][safepoint    ] Application time: 0.0621277 seconds
[2019-02-01T12:56:36.652+0000][1][safepoint    ] Total time for which application threads were stopped: 0.0001344 seconds, Stopping threads took: 0.0000221 seconds
[2019-02-01T12:56:36.656+0000][1][safepoint    ] Application time: 0.0039738 seconds
[2019-02-01T12:56:36.656+0000][1][safepoint    ] Total time for which application threads were stopped: 0.0000796 seconds, Stopping threads took: 0.0000180 seconds
[2019-02-01T12:56:36.657+0000][1][safepoint    ] Application time: 0.0007446 seconds
[2019-02-01T12:56:36.661+0000][1][safepoint    ] Total time for which application threads were stopped: 0.0038987 seconds, Stopping threads took: 0.0037991 seconds
[2019-02-01T12:56:36.668+0000][1][safepoint    ] Application time: 0.0075948 seconds
[2019-02-01T12:56:36.668+0000][1][safepoint    ] Total time for which application threads were stopped: 0.0001627 seconds, Stopping threads took: 0.0000916 seconds
[2019-02-01T12:56:36.753+0000][1][safepoint    ] Application time: 0.0845613 seconds
[2019-02-01T12:56:36.753+0000][1][safepoint    ] Total time for which application threads were stopped: 0.0000679 seconds, Stopping threads took: 0.0000103 seconds
[2019-02-01T12:56:36.857+0000][1][safepoint    ] Application time: 0.1040110 seconds
[2019-02-01T12:56:36.857+0000][1][safepoint    ] Total time for which application threads were stopped: 0.0000805 seconds, Stopping threads took: 0.0000122 seconds
[2019-02-01T12:56:36.864+0000][1][safepoint    ] Application time: 0.0072733 seconds
[2019-02-01T12:56:36.865+0000][1][safepoint    ] Total time for which application threads were stopped: 0.0000653 seconds, Stopping threads took: 0.0000154 seconds
[2019-02-01T12:56:36.867+0000][1][safepoint    ] Application time: 0.0022469 seconds
[2019-02-01T12:56:36.867+0000][1][safepoint    ] Total time for which application threads were stopped: 0.0000795 seconds, Stopping threads took: 0.0000124 seconds
[2019-02-01T12:56:36.941+0000][1][safepoint    ] Application time: 0.0742594 seconds
[2019-02-01T12:56:36.942+0000][1][safepoint    ] Total time for which application threads were stopped: 0.0003324 seconds, Stopping threads took: 0.0000875 seconds
[2019-02-01T12:56:37.942+0000][1][safepoint    ] Application time: 1.0007885 seconds
[2019-02-01T12:56:37.942+0000][1][safepoint    ] Total time for which application threads were stopped: 0.0000906 seconds, Stopping threads took: 0.0000138 seconds
[2019-02-01T12:56:38.943+0000][1][safepoint    ] Application time: 1.0001069 seconds
[2019-02-01T12:56:38.943+0000][1][safepoint    ] Total time for which application threads were stopped: 0.0000426 seconds, Stopping threads took: 0.0000095 seconds
[2019-02-01T12:56:39.635+0000][1][safepoint    ] Application time: 0.6917737 seconds
[2019-02-01T12:56:39.635+0000][1][safepoint    ] Total time for which application threads were stopped: 0.0000806 seconds, Stopping threads took: 0.0000261 seconds
[2019-02-01T12:56:39.635+0000][1][safepoint    ] Application time: 0.0002808 seconds
[2019-02-01T12:56:39.635+0000][1][safepoint    ] Total time for which application threads were stopped: 0.0000475 seconds, Stopping threads took: 0.0000080 seconds
[2019-02-01T12:56:39.640+0000][1][safepoint    ] Application time: 0.0054209 seconds
[2019-02-01T12:56:39.641+0000][1][safepoint    ] Total time for which application threads were stopped: 0.0000612 seconds, Stopping threads took: 0.0000156 seconds
[2019-02-01T12:56:39.643+0000][1][safepoint    ] Application time: 0.0020566 seconds
[2019-02-01T12:56:39.643+0000][1][safepoint    ] Total time for which application threads were stopped: 0.0000464 seconds, Stopping threads took: 0.0000095 seconds
[2019-02-01T12:56:39.643+0000][1][safepoint    ] Application time: 0.0000844 seconds
[2019-02-01T12:56:39.643+0000][1][safepoint    ] Total time for which application threads were stopped: 0.0000232 seconds, Stopping threads took: 0.0000039 seconds
[2019-02-01T12:56:39.646+0000][1][safepoint    ] Application time: 0.0033419 seconds
[2019-02-01T12:56:39.646+0000][1][safepoint    ] Total time for which application threads were stopped: 0.0000777 seconds, Stopping threads took: 0.0000249 seconds
[2019-02-01T12:56:39.664+0000][1][safepoint    ] Application time: 0.0176496 seconds
[2019-02-01T12:56:39.664+0000][1][safepoint    ] Total time for which application threads were stopped: 0.0002125 seconds, Stopping threads took: 0.0000121 seconds
[2019-02-01T12:56:39.672+0000][1][safepoint    ] Application time: 0.0075087 seconds
[2019-02-01T12:56:39.672+0000][1][safepoint    ] Total time for which application threads were stopped: 0.0000548 seconds, Stopping threads took: 0.0000178 seconds
[2019-02-01T12:56:39.672+0000][1][safepoint    ] Application time: 0.0004886 seconds
[2019-02-01T12:56:39.673+0000][1][safepoint    ] Total time for which application threads were stopped: 0.0009896 seconds, Stopping threads took: 0.0004203 seconds
[2019-02-01T12:56:39.678+0000][1][safepoint    ] Application time: 0.0043361 seconds
[2019-02-01T12:56:39.678+0000][1][safepoint    ] Total time for which application threads were stopped: 0.0000412 seconds, Stopping threads took: 0.0000096 seconds
[2019-02-01T12:56:39.678+0000][1][safepoint    ] Application time: 0.0000967 seconds
[2019-02-01T12:56:39.678+0000][1][safepoint    ] Total time for which application threads were stopped: 0.0000175 seconds, Stopping threads took: 0.0000033 seconds
[2019-02-01T12:56:39.678+0000][1][safepoint    ] Application time: 0.0003017 seconds
[2019-02-01T12:56:39.678+0000][1][safepoint    ] Total time for which application threads were stopped: 0.0000226 seconds, Stopping threads took: 0.0000036 seconds
[2019-02-01T12:56:39.678+0000][1][safepoint    ] Application time: 0.0000766 seconds
[2019-02-01T12:56:39.678+0000][1][safepoint    ] Total time for which application threads were stopped: 0.0000162 seconds, Stopping threads took: 0.0000029 seconds
[2019-02-01T12:56:39.679+0000][1][safepoint    ] Application time: 0.0001563 seconds
[2019-02-01T12:56:39.679+0000][1][safepoint    ] Total time for which application threads were stopped: 0.0000189 seconds, Stopping threads took: 0.0000037 seconds
[2019-02-01T12:56:39.679+0000][1][safepoint    ] Application time: 0.0000933 seconds
[2019-02-01T12:56:39.679+0000][1][safepoint    ] Total time for which application threads were stopped: 0.0000163 seconds, Stopping threads took: 0.0000029 seconds
[2019-02-01T12:56:39.679+0000][1][safepoint    ] Application time: 0.0000579 seconds
[2019-02-01T12:56:39.679+0000][1][safepoint    ] Total time for which application threads were stopped: 0.0000154 seconds, Stopping threads took: 0.0000029 seconds
[2019-02-01T12:56:39.679+0000][1][safepoint    ] Application time: 0.0000574 seconds
[2019-02-01T12:56:39.679+0000][1][safepoint    ] Total time for which application threads were stopped: 0.0000155 seconds, Stopping threads took: 0.0000027 seconds
[2019-02-01T12:56:39.710+0000][1][safepoint    ] Application time: 0.0308135 seconds
[2019-02-01T12:56:39.710+0000][1][safepoint    ] Total time for which application threads were stopped: 0.0000839 seconds, Stopping threads took: 0.0000105 seconds
[2019-02-01T12:56:39.728+0000][1][safepoint    ] Application time: 0.0183339 seconds
[2019-02-01T12:56:39.728+0000][1][safepoint    ] Total time for which application threads were stopped: 0.0000548 seconds, Stopping threads took: 0.0000153 seconds
[2019-02-01T12:56:39.733+0000][1][safepoint    ] Application time: 0.0050575 seconds
[2019-02-01T12:56:39.734+0000][1][safepoint    ] Total time for which application threads were stopped: 0.0003762 seconds, Stopping threads took: 0.0003355 seconds
[2019-02-01T12:56:39.734+0000][1][safepoint    ] Application time: 0.0001821 seconds
[2019-02-01T12:56:39.734+0000][1][safepoint    ] Total time for which application threads were stopped: 0.0000315 seconds, Stopping threads took: 0.0000103 seconds
[2019-02-01T12:56:39.734+0000][1][safepoint    ] Application time: 0.0001087 seconds
[2019-02-01T12:56:39.734+0000][1][safepoint    ] Total time for which application threads were stopped: 0.0000264 seconds, Stopping threads took: 0.0000090 seconds
[2019-02-01T12:56:39.757+0000][1][safepoint    ] Application time: 0.0230864 seconds
[2019-02-01T12:56:39.757+0000][1][safepoint    ] Total time for which application threads were stopped: 0.0000469 seconds, Stopping threads took: 0.0000075 seconds
[2019-02-01T12:56:39.762+0000][1][safepoint    ] Application time: 0.0048592 seconds
[2019-02-01T12:56:39.762+0000][1][safepoint    ] Total time for which application threads were stopped: 0.0000423 seconds, Stopping threads took: 0.0000078 seconds
[2019-02-01T12:56:39.766+0000][1][safepoint    ] Application time: 0.0038871 seconds
[2019-02-01T12:56:39.766+0000][1][safepoint    ] Total time for which application threads were stopped: 0.0000453 seconds, Stopping threads took: 0.0000085 seconds
[2019-02-01T12:56:39.767+0000][1][safepoint    ] Application time: 0.0003633 seconds
[2019-02-01T12:56:39.767+0000][1][safepoint    ] Total time for which application threads were stopped: 0.0000391 seconds, Stopping threads took: 0.0000079 seconds
[2019-02-01T12:56:39.772+0000][1][safepoint    ] Application time: 0.0055101 seconds
[2019-02-01T12:56:39.772+0000][1][safepoint    ] Total time for which application threads were stopped: 0.0000457 seconds, Stopping threads took: 0.0000092 seconds
[2019-02-01T12:56:39.777+0000][1][safepoint    ] Application time: 0.0048672 seconds
[2019-02-01T12:56:39.777+0000][1][safepoint    ] Total time for which application threads were stopped: 0.0000689 seconds, Stopping threads took: 0.0000105 seconds
[2019-02-01T12:56:39.777+0000][1][safepoint    ] Application time: 0.0000960 seconds
[2019-02-01T12:56:39.777+0000][1][safepoint    ] Total time for which application threads were stopped: 0.0000259 seconds, Stopping threads took: 0.0000037 seconds
[2019-02-01T12:56:39.778+0000][1][safepoint    ] Application time: 0.0000621 seconds
[2019-02-01T12:56:39.778+0000][1][safepoint    ] Total time for which application threads were stopped: 0.0000465 seconds, Stopping threads took: 0.0000281 seconds
[2019-02-01T12:56:39.778+0000][1][safepoint    ] Application time: 0.0000940 seconds
[2019-02-01T12:56:39.778+0000][1][safepoint    ] Total time for which application threads were stopped: 0.0000268 seconds, Stopping threads took: 0.0000038 seconds
[2019-02-01T12:56:39.778+0000][1][safepoint    ] Application time: 0.0002028 seconds
[2019-02-01T12:56:39.778+0000][1][safepoint    ] Total time for which application threads were stopped: 0.0000265 seconds, Stopping threads took: 0.0000042 seconds
[2019-02-01T12:56:39.778+0000][1][safepoint    ] Application time: 0.0000580 seconds
[2019-02-01T12:56:39.778+0000][1][safepoint    ] Total time for which application threads were stopped: 0.0000315 seconds, Stopping threads took: 0.0000043 seconds
[2019-02-01T12:56:39.778+0000][1][safepoint    ] Application time: 0.0000658 seconds
[2019-02-01T12:56:39.778+0000][1][safepoint    ] Total time for which application threads were stopped: 0.0000213 seconds, Stopping threads took: 0.0000034 seconds
[2019-02-01T12:56:39.778+0000][1][safepoint    ] Application time: 0.0000521 seconds
[2019-02-01T12:56:39.778+0000][1][safepoint    ] Total time for which application threads were stopped: 0.0000189 seconds, Stopping threads took: 0.0000027 seconds
[2019-02-01T12:56:39.778+0000][1][safepoint    ] Application time: 0.0000498 seconds
[2019-02-01T12:56:39.778+0000][1][safepoint    ] Total time for which application threads were stopped: 0.0000183 seconds, Stopping threads took: 0.0000027 seconds
[2019-02-01T12:56:39.779+0000][1][safepoint    ] Application time: 0.0001640 seconds
[2019-02-01T12:56:39.779+0000][1][safepoint    ] Total time for which application threads were stopped: 0.0000251 seconds, Stopping threads took: 0.0000037 seconds
[2019-02-01T12:56:39.779+0000][1][safepoint    ] Application time: 0.0000690 seconds
[2019-02-01T12:56:39.779+0000][1][safepoint    ] Total time for which application threads were stopped: 0.0000300 seconds, Stopping threads took: 0.0000040 seconds
[2019-02-01T12:56:39.779+0000][1][safepoint    ] Application time: 0.0007190 seconds
[2019-02-01T12:56:39.780+0000][1][safepoint    ] Total time for which application threads were stopped: 0.0001543 seconds, Stopping threads took: 0.0000070 seconds
[2019-02-01T12:56:39.780+0000][1][safepoint    ] Application time: 0.0000876 seconds
[2019-02-01T12:56:39.780+0000][1][safepoint    ] Total time for which application threads were stopped: 0.0000290 seconds, Stopping threads took: 0.0000041 seconds
[2019-02-01T12:56:39.780+0000][1][safepoint    ] Application time: 0.0003442 seconds
[2019-02-01T12:56:39.780+0000][1][safepoint    ] Total time for which application threads were stopped: 0.0000857 seconds, Stopping threads took: 0.0000576 seconds
[2019-02-01T12:56:39.780+0000][1][safepoint    ] Application time: 0.0000983 seconds
[2019-02-01T12:56:39.780+0000][1][safepoint    ] Total time for which application threads were stopped: 0.0000336 seconds, Stopping threads took: 0.0000048 seconds
[2019-02-01T12:56:39.780+0000][1][safepoint    ] Application time: 0.0000648 seconds
[2019-02-01T12:56:39.781+0000][1][safepoint    ] Total time for which application threads were stopped: 0.0000208 seconds, Stopping threads took: 0.0000030 seconds
[2019-02-01T12:56:39.781+0000][1][safepoint    ] Application time: 0.0001049 seconds
[2019-02-01T12:56:39.781+0000][1][safepoint    ] Total time for which application threads were stopped: 0.0000223 seconds, Stopping threads took: 0.0000033 seconds
[2019-02-01T12:56:39.781+0000][1][safepoint    ] Application time: 0.0000599 seconds
[2019-02-01T12:56:39.781+0000][1][safepoint    ] Total time for which application threads were stopped: 0.0000265 seconds, Stopping threads took: 0.0000046 seconds
[2019-02-01T12:56:39.781+0000][1][safepoint    ] Application time: 0.0002312 seconds
[2019-02-01T12:56:39.781+0000][1][safepoint    ] Total time for which application threads were stopped: 0.0000290 seconds, Stopping threads took: 0.0000045 seconds
[2019-02-01T12:56:39.781+0000][1][safepoint    ] Application time: 0.0001438 seconds
[2019-02-01T12:56:39.781+0000][1][safepoint    ] Total time for which application threads were stopped: 0.0000237 seconds, Stopping threads took: 0.0000038 seconds
[2019-02-01T12:56:39.781+0000][1][safepoint    ] Application time: 0.0001199 seconds
[2019-02-01T12:56:39.781+0000][1][safepoint    ] Total time for which application threads were stopped: 0.0000332 seconds, Stopping threads took: 0.0000038 seconds
[2019-02-01T12:56:39.782+0000][1][safepoint    ] Application time: 0.0000836 seconds
[2019-02-01T12:56:39.782+0000][1][safepoint    ] Total time for which application threads were stopped: 0.0000560 seconds, Stopping threads took: 0.0000050 seconds
[2019-02-01T12:56:39.782+0000][1][safepoint    ] Application time: 0.0005256 seconds
[2019-02-01T12:56:39.782+0000][1][safepoint    ] Total time for which application threads were stopped: 0.0000344 seconds, Stopping threads took: 0.0000055 seconds
[2019-02-01T12:56:39.782+0000][1][safepoint    ] Application time: 0.0000683 seconds
[2019-02-01T12:56:39.782+0000][1][safepoint    ] Total time for which application threads were stopped: 0.0000341 seconds, Stopping threads took: 0.0000049 seconds
[2019-02-01T12:56:39.782+0000][1][safepoint    ] Application time: 0.0000637 seconds
[2019-02-01T12:56:39.782+0000][1][safepoint    ] Total time for which application threads were stopped: 0.0000230 seconds, Stopping threads took: 0.0000038 seconds
[2019-02-01T12:56:39.782+0000][1][safepoint    ] Application time: 0.0000542 seconds
[2019-02-01T12:56:39.782+0000][1][safepoint    ] Total time for which application threads were stopped: 0.0000189 seconds, Stopping threads took: 0.0000030 seconds
[2019-02-01T12:56:39.783+0000][1][safepoint    ] Application time: 0.0001035 seconds
[2019-02-01T12:56:39.783+0000][1][safepoint    ] Total time for which application threads were stopped: 0.0000227 seconds, Stopping threads took: 0.0000034 seconds
[2019-02-01T12:56:39.783+0000][1][safepoint    ] Application time: 0.0000747 seconds
[2019-02-01T12:56:39.783+0000][1][safepoint    ] Total time for which application threads were stopped: 0.0000212 seconds, Stopping threads took: 0.0000029 seconds
[2019-02-01T12:56:39.783+0000][1][safepoint    ] Application time: 0.0000582 seconds
[2019-02-01T12:56:39.783+0000][1][safepoint    ] Total time for which application threads were stopped: 0.0000287 seconds, Stopping threads took: 0.0000042 seconds
[2019-02-01T12:56:39.783+0000][1][safepoint    ] Application time: 0.0002196 seconds
[2019-02-01T12:56:39.783+0000][1][safepoint    ] Total time for which application threads were stopped: 0.0000251 seconds, Stopping threads took: 0.0000039 seconds
[2019-02-01T12:56:39.783+0000][1][safepoint    ] Application time: 0.0000598 seconds
[2019-02-01T12:56:39.783+0000][1][safepoint    ] Total time for which application threads were stopped: 0.0000307 seconds, Stopping threads took: 0.0000041 seconds
[2019-02-01T12:56:39.783+0000][1][safepoint    ] Application time: 0.0001011 seconds
[2019-02-01T12:56:39.783+0000][1][safepoint    ] Total time for which application threads were stopped: 0.0000304 seconds, Stopping threads took: 0.0000047 seconds
[2019-02-01T12:56:39.783+0000][1][safepoint    ] Application time: 0.0000665 seconds
[2019-02-01T12:56:39.784+0000][1][safepoint    ] Total time for which application threads were stopped: 0.0001615 seconds, Stopping threads took: 0.0000034 seconds
[2019-02-01T12:56:40.134+0000][1][safepoint    ] Application time: 0.3504596 seconds
[2019-02-01T12:56:40.134+0000][1][safepoint    ] Total time for which application threads were stopped: 0.0000876 seconds, Stopping threads took: 0.0000102 seconds
[2019-02-01T12:56:40.136+0000][1][safepoint    ] Application time: 0.0012674 seconds
[2019-02-01T12:56:40.136+0000][1][safepoint    ] Total time for which application threads were stopped: 0.0000577 seconds, Stopping threads took: 0.0000140 seconds
[2019-02-01T12:56:40.331+0000][1][safepoint    ] Application time: 0.1956208 seconds
[2019-02-01T12:56:40.331+0000][1][safepoint    ] Total time for which application threads were stopped: 0.0002279 seconds, Stopping threads took: 0.0000293 seconds
[2019-02-01T12:56:40.416+0000][1][safepoint    ] Application time: 0.0839834 seconds
[2019-02-01T12:56:40.420+0000][1][safepoint    ] Total time for which application threads were stopped: 0.0038804 seconds, Stopping threads took: 0.0038059 seconds
[2019-02-01T12:56:40.427+0000][1][safepoint    ] Application time: 0.0072086 seconds
[2019-02-01T12:56:40.428+0000][1][safepoint    ] Total time for which application threads were stopped: 0.0010345 seconds, Stopping threads took: 0.0000263 seconds
[2019-02-01T12:56:40.489+0000][1][safepoint    ] Application time: 0.0612340 seconds
[2019-02-01T12:56:40.489+0000][1][safepoint    ] Total time for which application threads were stopped: 0.0000801 seconds, Stopping threads took: 0.0000094 seconds
[2019-02-01T12:56:40.537+0000][1][safepoint    ] Application time: 0.0474910 seconds
[2019-02-01T12:56:40.537+0000][1][safepoint    ] Total time for which application threads were stopped: 0.0002099 seconds, Stopping threads took: 0.0000132 seconds
[2019-02-01T12:56:40.539+0000][1][safepoint    ] Application time: 0.0019458 seconds
[2019-02-01T12:56:40.540+0000][1][safepoint    ] Total time for which application threads were stopped: 0.0004869 seconds, Stopping threads took: 0.0003850 seconds
[2019-02-01T12:56:40.542+0000][1][safepoint    ] Application time: 0.0019173 seconds
[2019-02-01T12:56:40.543+0000][1][safepoint    ] Total time for which application threads were stopped: 0.0016878 seconds, Stopping threads took: 0.0015968 seconds
[2019-02-01T12:56:40.679+0000][1][safepoint    ] Application time: 0.1358240 seconds
[2019-02-01T12:56:40.679+0000][1][safepoint    ] Total time for which application threads were stopped: 0.0002831 seconds, Stopping threads took: 0.0001473 seconds
[2019-02-01T12:56:40.682+0000][1][safepoint    ] Application time: 0.0029341 seconds
[2019-02-01T12:56:40.682+0000][1][safepoint    ] Total time for which application threads were stopped: 0.0000785 seconds, Stopping threads took: 0.0000249 seconds
[2019-02-01T12:56:40.683+0000][1][safepoint    ] Application time: 0.0007081 seconds
[2019-02-01T12:56:40.684+0000][1][safepoint    ] Total time for which application threads were stopped: 0.0004269 seconds, Stopping threads took: 0.0003677 seconds
[2019-02-01T12:56:40.729+0000][1][safepoint    ] Application time: 0.0448496 seconds
[2019-02-01T12:56:40.740+0000][1][safepoint    ] Total time for which application threads were stopped: 0.0117760 seconds, Stopping threads took: 0.0116867 seconds
[2019-02-01T12:56:40.786+0000][1][safepoint    ] Application time: 0.0451770 seconds
[2019-02-01T12:56:40.786+0000][1][safepoint    ] Total time for which application threads were stopped: 0.0000852 seconds, Stopping threads took: 0.0000188 seconds
[2019-02-01T12:56:40.786+0000][1][safepoint    ] Application time: 0.0001236 seconds
[2019-02-01T12:56:40.786+0000][1][safepoint    ] Total time for which application threads were stopped: 0.0005056 seconds, Stopping threads took: 0.0000112 seconds
[2019-02-01T12:56:40.801+0000][1][safepoint    ] Application time: 0.0149224 seconds
[2019-02-01T12:56:40.801+0000][1][safepoint    ] Total time for which application threads were stopped: 0.0000852 seconds, Stopping threads took: 0.0000212 seconds
[2019-02-01T12:56:40.846+0000][1][safepoint    ] Application time: 0.0443034 seconds
[2019-02-01T12:56:40.862+0000][1][safepoint    ] Total time for which application threads were stopped: 0.0163487 seconds, Stopping threads took: 0.0162713 seconds
[2019-02-01T12:56:40.915+0000][1][safepoint    ] Application time: 0.0531682 seconds
[2019-02-01T12:56:40.916+0000][1][gc,start     ] GC(19) Pause Young (Allocation Failure)
[2019-02-01T12:56:40.916+0000][1][gc,task      ] GC(19) Using 2 workers of 2 for evacuation
[2019-02-01T12:56:40.935+0000][1][gc,age       ] GC(19) Desired survivor size 4456448 bytes, new threshold 6 (max threshold 6)
[2019-02-01T12:56:40.935+0000][1][gc,age       ] GC(19) Age table with threshold 6 (max threshold 6)
[2019-02-01T12:56:40.935+0000][1][gc,age       ] GC(19) - age   1:     656600 bytes,     656600 total
[2019-02-01T12:56:40.935+0000][1][gc,age       ] GC(19) - age   2:     728120 bytes,    1384720 total
[2019-02-01T12:56:40.935+0000][1][gc,heap      ] GC(19) ParNew: 76321K->1737K(78656K)
[2019-02-01T12:56:40.935+0000][1][gc,heap      ] GC(19) CMS: 49546K->49546K(174784K)
[2019-02-01T12:56:40.935+0000][1][gc,metaspace ] GC(19) Metaspace: 64084K->64084K(1107968K)
[2019-02-01T12:56:40.935+0000][1][gc           ] GC(19) Pause Young (Allocation Failure) 122M->50M(247M) 19.529ms
[2019-02-01T12:56:40.935+0000][1][gc,cpu       ] GC(19) User=0.02s Sys=0.00s Real=0.02s
[2019-02-01T12:56:40.935+0000][1][safepoint    ] Total time for which application threads were stopped: 0.0197393 seconds, Stopping threads took: 0.0000598 seconds
[2019-02-01T12:56:41.121+0000][1][safepoint    ] Application time: 0.1857647 seconds
[2019-02-01T12:56:41.121+0000][1][safepoint    ] Total time for which application threads were stopped: 0.0003983 seconds, Stopping threads took: 0.0000441 seconds
[2019-02-01T12:56:41.122+0000][1][safepoint    ] Application time: 0.0004571 seconds
[2019-02-01T12:56:41.122+0000][1][safepoint    ] Total time for which application threads were stopped: 0.0000784 seconds, Stopping threads took: 0.0000232 seconds
[2019-02-01T12:56:41.985+0000][1][safepoint    ] Application time: 0.8633480 seconds
[2019-02-01T12:56:41.986+0000][1][safepoint    ] Total time for which application threads were stopped: 0.0002915 seconds, Stopping threads took: 0.0000591 seconds
[2019-02-01T12:56:42.034+0000][1][safepoint    ] Application time: 0.0485309 seconds
[2019-02-01T12:56:42.034+0000][1][safepoint    ] Total time for which application threads were stopped: 0.0000742 seconds, Stopping threads took: 0.0000111 seconds
[2019-02-01T12:56:42.089+0000][1][safepoint    ] Application time: 0.0549845 seconds
[2019-02-01T12:56:42.092+0000][1][safepoint    ] Total time for which application threads were stopped: 0.0028862 seconds, Stopping threads took: 0.0023799 seconds
[2019-02-01T12:56:42.129+0000][1][safepoint    ] Application time: 0.0364812 seconds
[2019-02-01T12:56:42.136+0000][1][safepoint    ] Total time for which application threads were stopped: 0.0064331 seconds, Stopping threads took: 0.0057374 seconds
[2019-02-01T12:56:42.144+0000][1][safepoint    ] Application time: 0.0082084 seconds
[2019-02-01T12:56:42.144+0000][1][safepoint    ] Total time for which application threads were stopped: 0.0000680 seconds, Stopping threads took: 0.0000096 seconds
[2019-02-01T12:56:42.146+0000][1][safepoint    ] Application time: 0.0017996 seconds
[2019-02-01T12:56:42.147+0000][1][safepoint    ] Total time for which application threads were stopped: 0.0008931 seconds, Stopping threads took: 0.0008365 seconds
[2019-02-01T12:56:42.161+0000][1][safepoint    ] Application time: 0.0142694 seconds
[2019-02-01T12:56:42.161+0000][1][safepoint    ] Total time for which application threads were stopped: 0.0001367 seconds, Stopping threads took: 0.0000826 seconds
[2019-02-01T12:56:42.163+0000][1][safepoint    ] Application time: 0.0015591 seconds
[2019-02-01T12:56:42.163+0000][1][safepoint    ] Total time for which application threads were stopped: 0.0001250 seconds, Stopping threads took: 0.0000752 seconds
[2019-02-01T12:56:42.171+0000][1][safepoint    ] Application time: 0.0085674 seconds
[2019-02-01T12:56:42.176+0000][1][safepoint    ] Total time for which application threads were stopped: 0.0046832 seconds, Stopping threads took: 0.0046064 seconds
[2019-02-01T12:56:42.310+0000][1][safepoint    ] Application time: 0.1335499 seconds
[2019-02-01T12:56:42.310+0000][1][safepoint    ] Total time for which application threads were stopped: 0.0000976 seconds, Stopping threads took: 0.0000117 seconds
[2019-02-01T12:56:42.313+0000][1][safepoint    ] Application time: 0.0033806 seconds
[2019-02-01T12:56:42.313+0000][1][safepoint    ] Total time for which application threads were stopped: 0.0000897 seconds, Stopping threads took: 0.0000496 seconds
[2019-02-01T12:56:42.329+0000][1][safepoint    ] Application time: 0.0158385 seconds
[2019-02-01T12:56:42.330+0000][1][safepoint    ] Total time for which application threads were stopped: 0.0004195 seconds, Stopping threads took: 0.0002241 seconds
[2019-02-01T12:56:42.360+0000][1][safepoint    ] Application time: 0.0304118 seconds
[2019-02-01T12:56:42.371+0000][1][safepoint    ] Total time for which application threads were stopped: 0.0106741 seconds, Stopping threads took: 0.0105941 seconds
[2019-02-01T12:56:42.408+0000][1][safepoint    ] Application time: 0.0375621 seconds
[2019-02-01T12:56:42.409+0000][1][safepoint    ] Total time for which application threads were stopped: 0.0000862 seconds, Stopping threads took: 0.0000154 seconds
[2019-02-01T12:56:42.540+0000][1][safepoint    ] Application time: 0.1313446 seconds
[2019-02-01T12:56:42.540+0000][1][safepoint    ] Total time for which application threads were stopped: 0.0000483 seconds, Stopping threads took: 0.0000080 seconds
[2019-02-01T12:56:42.790+0000][1][safepoint    ] Application time: 0.2500690 seconds
[2019-02-01T12:56:42.790+0000][1][safepoint    ] Total time for which application threads were stopped: 0.0002285 seconds, Stopping threads took: 0.0001792 seconds
[2019-02-01T12:56:42.791+0000][1][safepoint    ] Application time: 0.0000860 seconds
[2019-02-01T12:56:42.791+0000][1][safepoint    ] Total time for which application threads were stopped: 0.0000242 seconds, Stopping threads took: 0.0000037 seconds
[2019-02-01T12:56:42.802+0000][1][safepoint    ] Application time: 0.0117291 seconds
[2019-02-01T12:56:42.802+0000][1][safepoint    ] Total time for which application threads were stopped: 0.0000455 seconds, Stopping threads took: 0.0000085 seconds
[2019-02-01T12:56:42.802+0000][1][safepoint    ] Application time: 0.0000880 seconds
[2019-02-01T12:56:42.803+0000][1][safepoint    ] Total time for which application threads were stopped: 0.0000447 seconds, Stopping threads took: 0.0000103 seconds
[2019-02-01T12:56:42.803+0000][1][safepoint    ] Application time: 0.0000352 seconds
[2019-02-01T12:56:42.803+0000][1][safepoint    ] Total time for which application threads were stopped: 0.0000331 seconds, Stopping threads took: 0.0000030 seconds
[2019-02-01T12:56:42.803+0000][1][safepoint    ] Application time: 0.0000736 seconds
[2019-02-01T12:56:42.803+0000][1][safepoint    ] Total time for which application threads were stopped: 0.0000471 seconds, Stopping threads took: 0.0000031 seconds
[2019-02-01T12:56:42.803+0000][1][safepoint    ] Application time: 0.0000853 seconds
[2019-02-01T12:56:42.803+0000][1][safepoint    ] Total time for which application threads were stopped: 0.0000190 seconds, Stopping threads took: 0.0000029 seconds
[2019-02-01T12:56:42.803+0000][1][safepoint    ] Application time: 0.0000655 seconds
[2019-02-01T12:56:42.803+0000][1][safepoint    ] Total time for which application threads were stopped: 0.0000185 seconds, Stopping threads took: 0.0000028 seconds
[2019-02-01T12:56:42.803+0000][1][safepoint    ] Application time: 0.0000449 seconds
[2019-02-01T12:56:42.803+0000][1][safepoint    ] Total time for which application threads were stopped: 0.0000466 seconds, Stopping threads took: 0.0000167 seconds
[2019-02-01T12:56:42.803+0000][1][safepoint    ] Application time: 0.0000371 seconds
[2019-02-01T12:56:42.803+0000][1][safepoint    ] Total time for which application threads were stopped: 0.0000327 seconds, Stopping threads took: 0.0000029 seconds
[2019-02-01T12:56:43.420+0000][1][safepoint    ] Application time: 0.6169306 seconds
[2019-02-01T12:56:43.420+0000][1][safepoint    ] Total time for which application threads were stopped: 0.0001648 seconds, Stopping threads took: 0.0000253 seconds
[2019-02-01T12:56:43.462+0000][1][safepoint    ] Application time: 0.0415948 seconds
[2019-02-01T12:56:43.462+0000][1][safepoint    ] Total time for which application threads were stopped: 0.0000999 seconds, Stopping threads took: 0.0000137 seconds
[2019-02-01T12:56:43.804+0000][1][safepoint    ] Application time: 0.3418440 seconds
[2019-02-01T12:56:43.804+0000][1][safepoint    ] Total time for which application threads were stopped: 0.0003124 seconds, Stopping threads took: 0.0000791 seconds
[2019-02-01T12:56:43.805+0000][1][safepoint    ] Application time: 0.0001383 seconds
[2019-02-01T12:56:43.805+0000][1][safepoint    ] Total time for which application threads were stopped: 0.0000934 seconds, Stopping threads took: 0.0000148 seconds
[2019-02-01T12:56:43.805+0000][1][safepoint    ] Application time: 0.0004375 seconds
[2019-02-01T12:56:43.805+0000][1][safepoint    ] Total time for which application threads were stopped: 0.0001007 seconds, Stopping threads took: 0.0000174 seconds
[2019-02-01T12:56:43.895+0000][1][safepoint    ] Application time: 0.0896278 seconds
[2019-02-01T12:56:43.895+0000][1][safepoint    ] Total time for which application threads were stopped: 0.0000687 seconds, Stopping threads took: 0.0000086 seconds
[2019-02-01T12:56:43.908+0000][1][safepoint    ] Application time: 0.0132028 seconds
[2019-02-01T12:56:43.908+0000][1][safepoint    ] Total time for which application threads were stopped: 0.0000576 seconds, Stopping threads took: 0.0000095 seconds
[2019-02-01T12:56:43.928+0000][1][safepoint    ] Application time: 0.0198376 seconds
[2019-02-01T12:56:43.928+0000][1][safepoint    ] Total time for which application threads were stopped: 0.0001947 seconds, Stopping threads took: 0.0000073 seconds
[2019-02-01T12:56:44.203+0000][1][safepoint    ] Application time: 0.2749718 seconds
[2019-02-01T12:56:44.203+0000][1][safepoint    ] Total time for which application threads were stopped: 0.0000755 seconds, Stopping threads took: 0.0000170 seconds
[2019-02-01T12:56:44.593+0000][1][safepoint    ] Application time: 0.3891312 seconds
[2019-02-01T12:56:44.593+0000][1][safepoint    ] Total time for which application threads were stopped: 0.0000630 seconds, Stopping threads took: 0.0000090 seconds
[2019-02-01T12:56:44.600+0000][1][safepoint    ] Application time: 0.0067840 seconds
[2019-02-01T12:56:44.605+0000][1][safepoint    ] Total time for which application threads were stopped: 0.0057264 seconds, Stopping threads took: 0.0056414 seconds
[2019-02-01T12:56:44.755+0000][1][safepoint    ] Application time: 0.1491907 seconds
[2019-02-01T12:56:44.755+0000][1][safepoint    ] Total time for which application threads were stopped: 0.0001366 seconds, Stopping threads took: 0.0000117 seconds
[2019-02-01T12:56:44.812+0000][1][safepoint    ] Application time: 0.0571237 seconds
[2019-02-01T12:56:44.815+0000][1][safepoint    ] Total time for which application threads were stopped: 0.0026357 seconds, Stopping threads took: 0.0025729 seconds
[2019-02-01T12:56:44.815+0000][1][safepoint    ] Application time: 0.0000705 seconds
[2019-02-01T12:56:44.815+0000][1][safepoint    ] Total time for which application threads were stopped: 0.0000309 seconds, Stopping threads took: 0.0000049 seconds
[2019-02-01T12:56:44.895+0000][1][safepoint    ] Application time: 0.0797960 seconds
[2019-02-01T12:56:44.895+0000][1][safepoint    ] Total time for which application threads were stopped: 0.0001738 seconds, Stopping threads took: 0.0001155 seconds
[2019-02-01T12:56:44.896+0000][1][safepoint    ] Application time: 0.0004475 seconds
[2019-02-01T12:56:44.901+0000][1][safepoint    ] Total time for which application threads were stopped: 0.0050268 seconds, Stopping threads took: 0.0049574 seconds
[2019-02-01T12:56:44.901+0000][1][safepoint    ] Application time: 0.0001012 seconds
[2019-02-01T12:56:44.901+0000][1][safepoint    ] Total time for which application threads were stopped: 0.0000370 seconds, Stopping threads took: 0.0000043 seconds
[2019-02-01T12:56:44.930+0000][1][safepoint    ] Application time: 0.0293699 seconds
[2019-02-01T12:56:44.930+0000][1][safepoint    ] Total time for which application threads were stopped: 0.0000808 seconds, Stopping threads took: 0.0000254 seconds
[2019-02-01T12:56:45.490+0000][1][safepoint    ] Application time: 0.5601837 seconds
[2019-02-01T12:56:45.491+0000][1][safepoint    ] Total time for which application threads were stopped: 0.0005975 seconds, Stopping threads took: 0.0005161 seconds
[2019-02-01T12:56:45.505+0000][1][safepoint    ] Application time: 0.0134915 seconds
[2019-02-01T12:56:45.505+0000][1][safepoint    ] Total time for which application threads were stopped: 0.0000615 seconds, Stopping threads took: 0.0000114 seconds
[2019-02-01T12:56:45.508+0000][1][safepoint    ] Application time: 0.0030178 seconds
[2019-02-01T12:56:45.508+0000][1][safepoint    ] Total time for which application threads were stopped: 0.0000999 seconds, Stopping threads took: 0.0000279 seconds
[2019-02-01T12:56:45.518+0000][1][safepoint    ] Application time: 0.0103722 seconds
[2019-02-01T12:56:45.519+0000][1][safepoint    ] Total time for which application threads were stopped: 0.0003677 seconds, Stopping threads took: 0.0000274 seconds
[2019-02-01T12:56:45.632+0000][1][safepoint    ] Application time: 0.1137850 seconds
[2019-02-01T12:56:45.633+0000][1][safepoint    ] Total time for which application threads were stopped: 0.0000558 seconds, Stopping threads took: 0.0000138 seconds
[2019-02-01T12:56:45.633+0000][1][safepoint    ] Application time: 0.0001466 seconds
[2019-02-01T12:56:45.633+0000][1][safepoint    ] Total time for which application threads were stopped: 0.0000295 seconds, Stopping threads took: 0.0000044 seconds
[2019-02-01T12:56:45.633+0000][1][safepoint    ] Application time: 0.0000693 seconds
[2019-02-01T12:56:45.633+0000][1][safepoint    ] Total time for which application threads were stopped: 0.0000376 seconds, Stopping threads took: 0.0000033 seconds
[2019-02-01T12:56:45.633+0000][1][safepoint    ] Application time: 0.0000605 seconds
[2019-02-01T12:56:45.633+0000][1][safepoint    ] Total time for which application threads were stopped: 0.0000231 seconds, Stopping threads took: 0.0000034 seconds
[2019-02-01T12:56:45.633+0000][1][safepoint    ] Application time: 0.0000578 seconds
[2019-02-01T12:56:45.633+0000][1][safepoint    ] Total time for which application threads were stopped: 0.0000203 seconds, Stopping threads took: 0.0000030 seconds
[2019-02-01T12:56:45.633+0000][1][safepoint    ] Application time: 0.0000576 seconds
[2019-02-01T12:56:45.633+0000][1][safepoint    ] Total time for which application threads were stopped: 0.0000206 seconds, Stopping threads took: 0.0000030 seconds
[2019-02-01T12:56:45.633+0000][1][safepoint    ] Application time: 0.0000592 seconds
[2019-02-01T12:56:45.633+0000][1][safepoint    ] Total time for which application threads were stopped: 0.0000201 seconds, Stopping threads took: 0.0000029 seconds
[2019-02-01T12:56:45.633+0000][1][safepoint    ] Application time: 0.0000827 seconds
[2019-02-01T12:56:45.633+0000][1][safepoint    ] Total time for which application threads were stopped: 0.0000260 seconds, Stopping threads took: 0.0000037 seconds
[2019-02-01T12:56:45.634+0000][1][safepoint    ] Application time: 0.0000984 seconds
[2019-02-01T12:56:45.634+0000][1][safepoint    ] Total time for which application threads were stopped: 0.0000259 seconds, Stopping threads took: 0.0000039 seconds
[2019-02-01T12:56:45.634+0000][1][safepoint    ] Application time: 0.0000725 seconds
[2019-02-01T12:56:45.634+0000][1][safepoint    ] Total time for which application threads were stopped: 0.0000360 seconds, Stopping threads took: 0.0000034 seconds
[2019-02-01T12:56:45.832+0000][1][safepoint    ] Application time: 0.1983599 seconds
[2019-02-01T12:56:45.832+0000][1][safepoint    ] Total time for which application threads were stopped: 0.0000956 seconds, Stopping threads took: 0.0000209 seconds
[2019-02-01T12:56:45.901+0000][1][safepoint    ] Application time: 0.0689366 seconds
[2019-02-01T12:56:45.901+0000][1][safepoint    ] Total time for which application threads were stopped: 0.0000491 seconds, Stopping threads took: 0.0000098 seconds
[2019-02-01T12:56:45.901+0000][1][safepoint    ] Application time: 0.0000415 seconds
[2019-02-01T12:56:45.901+0000][1][safepoint    ] Total time for which application threads were stopped: 0.0000241 seconds, Stopping threads took: 0.0000038 seconds
[2019-02-01T12:56:45.901+0000][1][safepoint    ] Application time: 0.0000217 seconds
[2019-02-01T12:56:45.901+0000][1][safepoint    ] Total time for which application threads were stopped: 0.0000200 seconds, Stopping threads took: 0.0000029 seconds
[2019-02-01T12:56:45.901+0000][1][safepoint    ] Application time: 0.0000416 seconds
[2019-02-01T12:56:45.901+0000][1][safepoint    ] Total time for which application threads were stopped: 0.0000208 seconds, Stopping threads took: 0.0000031 seconds
[2019-02-01T12:56:45.901+0000][1][safepoint    ] Application time: 0.0000250 seconds
[2019-02-01T12:56:45.902+0000][1][safepoint    ] Total time for which application threads were stopped: 0.0000352 seconds, Stopping threads took: 0.0000067 seconds
[2019-02-01T12:56:45.902+0000][1][safepoint    ] Application time: 0.0000467 seconds
[2019-02-01T12:56:45.902+0000][1][safepoint    ] Total time for which application threads were stopped: 0.0000228 seconds, Stopping threads took: 0.0000034 seconds
[2019-02-01T12:56:45.902+0000][1][safepoint    ] Application time: 0.0000252 seconds
[2019-02-01T12:56:45.902+0000][1][safepoint    ] Total time for which application threads were stopped: 0.0000199 seconds, Stopping threads took: 0.0000029 seconds
[2019-02-01T12:56:45.902+0000][1][safepoint    ] Application time: 0.0000205 seconds
[2019-02-01T12:56:45.902+0000][1][safepoint    ] Total time for which application threads were stopped: 0.0000199 seconds, Stopping threads took: 0.0000026 seconds
[2019-02-01T12:56:46.023+0000][1][safepoint    ] Application time: 0.1211868 seconds
[2019-02-01T12:56:46.023+0000][1][gc,start     ] GC(20) Pause Young (Allocation Failure)
[2019-02-01T12:56:46.023+0000][1][gc,task      ] GC(20) Using 2 workers of 2 for evacuation
[2019-02-01T12:56:46.039+0000][1][gc,age       ] GC(20) Desired survivor size 4456448 bytes, new threshold 6 (max threshold 6)
[2019-02-01T12:56:46.039+0000][1][gc,age       ] GC(20) Age table with threshold 6 (max threshold 6)
[2019-02-01T12:56:46.039+0000][1][gc,age       ] GC(20) - age   1:    1100688 bytes,    1100688 total
[2019-02-01T12:56:46.039+0000][1][gc,age       ] GC(20) - age   2:     600720 bytes,    1701408 total
[2019-02-01T12:56:46.039+0000][1][gc,age       ] GC(20) - age   3:     721888 bytes,    2423296 total
[2019-02-01T12:56:46.039+0000][1][gc,heap      ] GC(20) ParNew: 71689K->2896K(78656K)
[2019-02-01T12:56:46.039+0000][1][gc,heap      ] GC(20) CMS: 49546K->49546K(174784K)
[2019-02-01T12:56:46.039+0000][1][gc,metaspace ] GC(20) Metaspace: 65414K->65414K(1110016K)
[2019-02-01T12:56:46.039+0000][1][gc           ] GC(20) Pause Young (Allocation Failure) 118M->51M(247M) 16.404ms
[2019-02-01T12:56:46.039+0000][1][gc,cpu       ] GC(20) User=0.02s Sys=0.00s Real=0.01s
[2019-02-01T12:56:46.039+0000][1][safepoint    ] Total time for which application threads were stopped: 0.0165474 seconds, Stopping threads took: 0.0000164 seconds
[2019-02-01T12:56:46.154+0000][1][safepoint    ] Application time: 0.1144100 seconds
[2019-02-01T12:56:46.154+0000][1][safepoint    ] Total time for which application threads were stopped: 0.0000602 seconds, Stopping threads took: 0.0000096 seconds
[2019-02-01T12:56:46.461+0000][1][safepoint    ] Application time: 0.3065369 seconds
[2019-02-01T12:56:46.461+0000][1][safepoint    ] Total time for which application threads were stopped: 0.0002764 seconds, Stopping threads took: 0.0000399 seconds
[2019-02-01T12:56:47.135+0000][1][safepoint    ] Application time: 0.6738352 seconds
[2019-02-01T12:56:47.135+0000][1][safepoint    ] Total time for which application threads were stopped: 0.0000653 seconds, Stopping threads took: 0.0000138 seconds
[2019-02-01T12:56:47.155+0000][1][safepoint    ] Application time: 0.0197421 seconds
[2019-02-01T12:56:47.155+0000][1][safepoint    ] Total time for which application threads were stopped: 0.0003544 seconds, Stopping threads took: 0.0002981 seconds
[2019-02-01T12:56:47.155+0000][1][safepoint    ] Application time: 0.0000753 seconds
[2019-02-01T12:56:47.155+0000][1][safepoint    ] Total time for which application threads were stopped: 0.0001461 seconds, Stopping threads took: 0.0001058 seconds
[2019-02-01T12:56:47.155+0000][1][safepoint    ] Application time: 0.0000400 seconds
[2019-02-01T12:56:47.155+0000][1][safepoint    ] Total time for which application threads were stopped: 0.0000883 seconds, Stopping threads took: 0.0000497 seconds
[2019-02-01T12:56:47.161+0000][1][safepoint    ] Application time: 0.0055133 seconds
[2019-02-01T12:56:47.161+0000][1][safepoint    ] Total time for which application threads were stopped: 0.0000696 seconds, Stopping threads took: 0.0000210 seconds
[2019-02-01T12:56:47.463+0000][1][safepoint    ] Application time: 0.3020756 seconds
[2019-02-01T12:56:47.463+0000][1][safepoint    ] Total time for which application threads were stopped: 0.0000789 seconds, Stopping threads took: 0.0000118 seconds
[2019-02-01T12:56:47.463+0000][1][safepoint    ] Application time: 0.0001607 seconds
[2019-02-01T12:56:47.464+0000][1][safepoint    ] Total time for which application threads were stopped: 0.0001263 seconds, Stopping threads took: 0.0000634 seconds
[2019-02-01T12:56:47.473+0000][1][safepoint    ] Application time: 0.0091330 seconds
[2019-02-01T12:56:47.473+0000][1][safepoint    ] Total time for which application threads were stopped: 0.0001786 seconds, Stopping threads took: 0.0000143 seconds
[2019-02-01T12:56:47.477+0000][1][safepoint    ] Application time: 0.0044841 seconds
[2019-02-01T12:56:47.478+0000][1][safepoint    ] Total time for which application threads were stopped: 0.0000799 seconds, Stopping threads took: 0.0000258 seconds
[2019-02-01T12:56:47.713+0000][1][safepoint    ] Application time: 0.2354102 seconds
[2019-02-01T12:56:47.713+0000][1][safepoint    ] Total time for which application threads were stopped: 0.0000713 seconds, Stopping threads took: 0.0000083 seconds
[2019-02-01T12:56:47.904+0000][1][safepoint    ] Application time: 0.1906657 seconds
[2019-02-01T12:56:47.904+0000][1][safepoint    ] Total time for which application threads were stopped: 0.0000943 seconds, Stopping threads took: 0.0000299 seconds
[2019-02-01T12:56:47.904+0000][1][safepoint    ] Application time: 0.0001190 seconds
[2019-02-01T12:56:47.905+0000][1][safepoint    ] Total time for which application threads were stopped: 0.0004850 seconds, Stopping threads took: 0.0004227 seconds
[2019-02-01T12:56:47.905+0000][1][safepoint    ] Application time: 0.0000933 seconds
[2019-02-01T12:56:47.908+0000][1][safepoint    ] Total time for which application threads were stopped: 0.0032325 seconds, Stopping threads took: 0.0031611 seconds
[2019-02-01T12:56:48.014+0000][1][safepoint    ] Application time: 0.1060191 seconds
[2019-02-01T12:56:48.014+0000][1][safepoint    ] Total time for which application threads were stopped: 0.0001498 seconds, Stopping threads took: 0.0000128 seconds
[2019-02-01T12:56:48.196+0000][1][safepoint    ] Application time: 0.1820320 seconds
[2019-02-01T12:56:48.197+0000][1][safepoint    ] Total time for which application threads were stopped: 0.0003057 seconds, Stopping threads took: 0.0002075 seconds
[2019-02-01T12:56:48.474+0000][1][safepoint    ] Application time: 0.2772069 seconds
[2019-02-01T12:56:48.474+0000][1][safepoint    ] Total time for which application threads were stopped: 0.0000622 seconds, Stopping threads took: 0.0000138 seconds
[2019-02-01T12:56:48.474+0000][1][safepoint    ] Application time: 0.0001913 seconds
[2019-02-01T12:56:48.474+0000][1][safepoint    ] Total time for which application threads were stopped: 0.0000414 seconds, Stopping threads took: 0.0000072 seconds
[2019-02-01T12:56:48.474+0000][1][safepoint    ] Application time: 0.0000728 seconds
[2019-02-01T12:56:48.475+0000][1][safepoint    ] Total time for which application threads were stopped: 0.0000557 seconds, Stopping threads took: 0.0000068 seconds
[2019-02-01T12:56:48.481+0000][1][safepoint    ] Application time: 0.0062023 seconds
[2019-02-01T12:56:48.481+0000][1][safepoint    ] Total time for which application threads were stopped: 0.0000686 seconds, Stopping threads took: 0.0000089 seconds
[2019-02-01T12:56:48.485+0000][1][safepoint    ] Application time: 0.0037283 seconds
[2019-02-01T12:56:48.486+0000][1][safepoint    ] Total time for which application threads were stopped: 0.0018465 seconds, Stopping threads took: 0.0000110 seconds
[2019-02-01T12:56:48.502+0000][1][safepoint    ] Application time: 0.0157824 seconds
[2019-02-01T12:56:48.502+0000][1][safepoint    ] Total time for which application threads were stopped: 0.0001097 seconds, Stopping threads took: 0.0000339 seconds
[2019-02-01T12:56:48.652+0000][1][safepoint    ] Application time: 0.1491620 seconds
[2019-02-01T12:56:48.652+0000][1][safepoint    ] Total time for which application threads were stopped: 0.0000536 seconds, Stopping threads took: 0.0000133 seconds
[2019-02-01T12:56:48.943+0000][1][safepoint    ] Application time: 0.2913176 seconds
[2019-02-01T12:56:48.943+0000][1][safepoint    ] Total time for which application threads were stopped: 0.0000774 seconds, Stopping threads took: 0.0000080 seconds
[2019-02-01T12:56:49.043+0000][1][safepoint    ] Application time: 0.0998218 seconds
[2019-02-01T12:56:49.043+0000][1][safepoint    ] Total time for which application threads were stopped: 0.0000680 seconds, Stopping threads took: 0.0000094 seconds
[2019-02-01T12:56:49.058+0000][1][safepoint    ] Application time: 0.0150789 seconds
[2019-02-01T12:56:49.059+0000][1][safepoint    ] Total time for which application threads were stopped: 0.0004003 seconds, Stopping threads took: 0.0003320 seconds
[2019-02-01T12:56:49.114+0000][1][safepoint    ] Application time: 0.0551989 seconds
[2019-02-01T12:56:49.114+0000][1][safepoint    ] Total time for which application threads were stopped: 0.0000720 seconds, Stopping threads took: 0.0000195 seconds
[2019-02-01T12:56:49.465+0000][1][safepoint    ] Application time: 0.3506756 seconds
[2019-02-01T12:56:49.465+0000][1][safepoint    ] Total time for which application threads were stopped: 0.0000881 seconds, Stopping threads took: 0.0000163 seconds
[2019-02-01T12:56:49.465+0000][1][safepoint    ] Application time: 0.0003297 seconds
[2019-02-01T12:56:49.465+0000][1][safepoint    ] Total time for which application threads were stopped: 0.0000736 seconds, Stopping threads took: 0.0000122 seconds
[2019-02-01T12:56:49.465+0000][1][safepoint    ] Application time: 0.0001844 seconds
[2019-02-01T12:56:49.465+0000][1][safepoint    ] Total time for which application threads were stopped: 0.0000486 seconds, Stopping threads took: 0.0000085 seconds
[2019-02-01T12:56:50.079+0000][1][safepoint    ] Application time: 0.6138362 seconds
[2019-02-01T12:56:50.090+0000][1][safepoint    ] Total time for which application threads were stopped: 0.0108528 seconds, Stopping threads took: 0.0107141 seconds
[2019-02-01T12:56:50.091+0000][1][safepoint    ] Application time: 0.0001529 seconds
[2019-02-01T12:56:50.091+0000][1][safepoint    ] Total time for which application threads were stopped: 0.0000829 seconds, Stopping threads took: 0.0000243 seconds
[2019-02-01T12:56:50.172+0000][1][safepoint    ] Application time: 0.0811139 seconds
[2019-02-01T12:56:50.172+0000][1][safepoint    ] Total time for which application threads were stopped: 0.0002523 seconds, Stopping threads took: 0.0000157 seconds
[2019-02-01T12:56:50.370+0000][1][safepoint    ] Application time: 0.1976367 seconds
[2019-02-01T12:56:50.374+0000][1][safepoint    ] Total time for which application threads were stopped: 0.0042773 seconds, Stopping threads took: 0.0042066 seconds
[2019-02-01T12:56:50.375+0000][1][safepoint    ] Application time: 0.0009483 seconds
[2019-02-01T12:56:50.375+0000][1][safepoint    ] Total time for which application threads were stopped: 0.0000636 seconds, Stopping threads took: 0.0000228 seconds
[2019-02-01T12:56:50.558+0000][1][safepoint    ] Application time: 0.1823871 seconds
[2019-02-01T12:56:50.558+0000][1][safepoint    ] Total time for which application threads were stopped: 0.0001013 seconds, Stopping threads took: 0.0000140 seconds
[2019-02-01T12:56:50.636+0000][1][safepoint    ] Application time: 0.0783364 seconds
[2019-02-01T12:56:50.639+0000][1][safepoint    ] Total time for which application threads were stopped: 0.0013612 seconds, Stopping threads took: 0.0012502 seconds
[2019-02-01T12:56:50.640+0000][1][safepoint    ] Application time: 0.0014297 seconds
[2019-02-01T12:56:50.651+0000][1][safepoint    ] Total time for which application threads were stopped: 0.0108493 seconds, Stopping threads took: 0.0105310 seconds
[2019-02-01T12:56:50.652+0000][1][safepoint    ] Application time: 0.0006585 seconds
[2019-02-01T12:56:50.652+0000][1][safepoint    ] Total time for which application threads were stopped: 0.0002402 seconds, Stopping threads took: 0.0000313 seconds
[2019-02-01T12:56:50.656+0000][1][safepoint    ] Application time: 0.0035667 seconds
[2019-02-01T12:56:50.657+0000][1][safepoint    ] Total time for which application threads were stopped: 0.0008053 seconds, Stopping threads took: 0.0004857 seconds
[2019-02-01T12:56:50.669+0000][1][safepoint    ] Application time: 0.0115219 seconds
[2019-02-01T12:56:50.669+0000][1][safepoint    ] Total time for which application threads were stopped: 0.0002518 seconds, Stopping threads took: 0.0000105 seconds
[2019-02-01T12:56:50.670+0000][1][safepoint    ] Application time: 0.0002264 seconds
[2019-02-01T12:56:50.670+0000][1][safepoint    ] Total time for which application threads were stopped: 0.0001079 seconds, Stopping threads took: 0.0000544 seconds
[2019-02-01T12:56:50.752+0000][1][safepoint    ] Application time: 0.0819974 seconds
[2019-02-01T12:56:50.752+0000][1][safepoint    ] Total time for which application threads were stopped: 0.0001004 seconds, Stopping threads took: 0.0000158 seconds
[2019-02-01T12:56:50.766+0000][1][safepoint    ] Application time: 0.0141848 seconds
[2019-02-01T12:56:50.766+0000][1][safepoint    ] Total time for which application threads were stopped: 0.0000785 seconds, Stopping threads took: 0.0000104 seconds
[2019-02-01T12:56:50.787+0000][1][safepoint    ] Application time: 0.0207467 seconds
[2019-02-01T12:56:50.788+0000][1][safepoint    ] Total time for which application threads were stopped: 0.0005751 seconds, Stopping threads took: 0.0002510 seconds
[2019-02-01T12:56:50.890+0000][1][safepoint    ] Application time: 0.1028395 seconds
[2019-02-01T12:56:50.891+0000][1][safepoint    ] Total time for which application threads were stopped: 0.0001002 seconds, Stopping threads took: 0.0000149 seconds
[2019-02-01T12:56:51.043+0000][1][safepoint    ] Application time: 0.1521216 seconds
[2019-02-01T12:56:51.043+0000][1][safepoint    ] Total time for which application threads were stopped: 0.0001108 seconds, Stopping threads took: 0.0000114 seconds
[2019-02-01T12:56:51.061+0000][1][safepoint    ] Application time: 0.0182680 seconds
[2019-02-01T12:56:51.061+0000][1][safepoint    ] Total time for which application threads were stopped: 0.0000557 seconds, Stopping threads took: 0.0000093 seconds
[2019-02-01T12:56:51.061+0000][1][safepoint    ] Application time: 0.0000515 seconds
[2019-02-01T12:56:51.061+0000][1][safepoint    ] Total time for which application threads were stopped: 0.0000611 seconds, Stopping threads took: 0.0000033 seconds
[2019-02-01T12:56:51.061+0000][1][safepoint    ] Application time: 0.0000301 seconds
[2019-02-01T12:56:51.061+0000][1][safepoint    ] Total time for which application threads were stopped: 0.0000263 seconds, Stopping threads took: 0.0000038 seconds
[2019-02-01T12:56:51.632+0000][1][safepoint    ] Application time: 0.5700233 seconds
[2019-02-01T12:56:51.632+0000][1][safepoint    ] Total time for which application threads were stopped: 0.0000976 seconds, Stopping threads took: 0.0000150 seconds
[2019-02-01T12:56:51.703+0000][1][safepoint    ] Application time: 0.0711708 seconds
[2019-02-01T12:56:51.703+0000][1][safepoint    ] Total time for which application threads were stopped: 0.0000788 seconds, Stopping threads took: 0.0000159 seconds
[2019-02-01T12:56:51.767+0000][1][safepoint    ] Application time: 0.0639014 seconds
[2019-02-01T12:56:51.767+0000][1][safepoint    ] Total time for which application threads were stopped: 0.0001479 seconds, Stopping threads took: 0.0000751 seconds
[2019-02-01T12:56:51.767+0000][1][safepoint    ] Application time: 0.0001248 seconds
[2019-02-01T12:56:51.767+0000][1][safepoint    ] Total time for which application threads were stopped: 0.0000480 seconds, Stopping threads took: 0.0000081 seconds
[2019-02-01T12:56:51.767+0000][1][safepoint    ] Application time: 0.0000563 seconds
[2019-02-01T12:56:51.767+0000][1][safepoint    ] Total time for which application threads were stopped: 0.0000403 seconds, Stopping threads took: 0.0000064 seconds
[2019-02-01T12:56:51.877+0000][1][safepoint    ] Application time: 0.1098525 seconds
[2019-02-01T12:56:51.880+0000][1][gc,start     ] GC(21) Pause Young (Allocation Failure)
[2019-02-01T12:56:51.880+0000][1][gc,task      ] GC(21) Using 2 workers of 2 for evacuation
[2019-02-01T12:56:51.895+0000][1][gc,age       ] GC(21) Desired survivor size 4456448 bytes, new threshold 6 (max threshold 6)
[2019-02-01T12:56:51.895+0000][1][gc,age       ] GC(21) Age table with threshold 6 (max threshold 6)
[2019-02-01T12:56:51.895+0000][1][gc,age       ] GC(21) - age   1:    1722800 bytes,    1722800 total
[2019-02-01T12:56:51.895+0000][1][gc,age       ] GC(21) - age   2:     999256 bytes,    2722056 total
[2019-02-01T12:56:51.895+0000][1][gc,age       ] GC(21) - age   3:     598016 bytes,    3320072 total
[2019-02-01T12:56:51.895+0000][1][gc,age       ] GC(21) - age   4:     707728 bytes,    4027800 total
[2019-02-01T12:56:51.895+0000][1][gc,heap      ] GC(21) ParNew: 72848K->5342K(78656K)
[2019-02-01T12:56:51.895+0000][1][gc,heap      ] GC(21) CMS: 49546K->49546K(174784K)
[2019-02-01T12:56:51.895+0000][1][gc,metaspace ] GC(21) Metaspace: 65603K->65603K(1110016K)
[2019-02-01T12:56:51.895+0000][1][gc           ] GC(21) Pause Young (Allocation Failure) 119M->53M(247M) 14.715ms
[2019-02-01T12:56:51.895+0000][1][gc,cpu       ] GC(21) User=0.02s Sys=0.00s Real=0.02s
[2019-02-01T12:56:51.895+0000][1][safepoint    ] Total time for which application threads were stopped: 0.0175057 seconds, Stopping threads took: 0.0026431 seconds
[2019-02-01T12:56:51.895+0000][1][safepoint    ] Application time: 0.0004698 seconds
[2019-02-01T12:56:51.895+0000][1][safepoint    ] Total time for which application threads were stopped: 0.0001289 seconds, Stopping threads took: 0.0000579 seconds
[2019-02-01T12:56:51.896+0000][1][safepoint    ] Application time: 0.0001510 seconds
[2019-02-01T12:56:51.896+0000][1][safepoint    ] Total time for which application threads were stopped: 0.0000334 seconds, Stopping threads took: 0.0000048 seconds
[2019-02-01T12:56:51.896+0000][1][safepoint    ] Application time: 0.0001267 seconds
[2019-02-01T12:56:51.896+0000][1][safepoint    ] Total time for which application threads were stopped: 0.0000468 seconds, Stopping threads took: 0.0000236 seconds
[2019-02-01T12:56:51.912+0000][1][safepoint    ] Application time: 0.0159260 seconds
[2019-02-01T12:56:51.912+0000][1][safepoint    ] Total time for which application threads were stopped: 0.0006191 seconds, Stopping threads took: 0.0000185 seconds
[2019-02-01T12:56:51.939+0000][1][safepoint    ] Application time: 0.0268697 seconds
[2019-02-01T12:56:51.969+0000][1][safepoint    ] Total time for which application threads were stopped: 0.0300640 seconds, Stopping threads took: 0.0300014 seconds
[2019-02-01T12:56:52.276+0000][1][safepoint    ] Application time: 0.3067248 seconds
[2019-02-01T12:56:52.276+0000][1][safepoint    ] Total time for which application threads were stopped: 0.0000716 seconds, Stopping threads took: 0.0000164 seconds
[2019-02-01T12:56:52.478+0000][1][safepoint    ] Application time: 0.2014066 seconds
[2019-02-01T12:56:52.478+0000][1][safepoint    ] Total time for which application threads were stopped: 0.0001072 seconds, Stopping threads took: 0.0000137 seconds
[2019-02-01T12:56:52.629+0000][1][safepoint    ] Application time: 0.1515490 seconds
[2019-02-01T12:56:52.629+0000][1][safepoint    ] Total time for which application threads were stopped: 0.0000771 seconds, Stopping threads took: 0.0000163 seconds
[2019-02-01T12:56:52.789+0000][1][safepoint    ] Application time: 0.1595967 seconds
[2019-02-01T12:56:52.789+0000][1][safepoint    ] Total time for which application threads were stopped: 0.0000645 seconds, Stopping threads took: 0.0000105 seconds
[2019-02-01T12:56:52.789+0000][1][safepoint    ] Application time: 0.0002572 seconds
[2019-02-01T12:56:52.790+0000][1][safepoint    ] Total time for which application threads were stopped: 0.0000566 seconds, Stopping threads took: 0.0000087 seconds
[2019-02-01T12:56:52.790+0000][1][safepoint    ] Application time: 0.0002157 seconds
[2019-02-01T12:56:52.790+0000][1][safepoint    ] Total time for which application threads were stopped: 0.0000366 seconds, Stopping threads took: 0.0000057 seconds
[2019-02-01T12:56:52.904+0000][1][safepoint    ] Application time: 0.1144041 seconds
[2019-02-01T12:56:52.904+0000][1][safepoint    ] Total time for which application threads were stopped: 0.0000983 seconds, Stopping threads took: 0.0000132 seconds
[2019-02-01T12:56:52.921+0000][1][safepoint    ] Application time: 0.0164598 seconds
[2019-02-01T12:56:52.921+0000][1][safepoint    ] Total time for which application threads were stopped: 0.0000915 seconds, Stopping threads took: 0.0000127 seconds
[2019-02-01T12:56:52.938+0000][1][safepoint    ] Application time: 0.0169568 seconds
[2019-02-01T12:56:52.938+0000][1][safepoint    ] Total time for which application threads were stopped: 0.0003091 seconds, Stopping threads took: 0.0000140 seconds
[2019-02-01T12:56:52.940+0000][1][safepoint    ] Application time: 0.0016932 seconds
[2019-02-01T12:56:52.940+0000][1][safepoint    ] Total time for which application threads were stopped: 0.0000965 seconds, Stopping threads took: 0.0000261 seconds
[2019-02-01T12:56:53.155+0000][1][safepoint    ] Application time: 0.2143642 seconds
[2019-02-01T12:56:53.155+0000][1][safepoint    ] Total time for which application threads were stopped: 0.0001205 seconds, Stopping threads took: 0.0000482 seconds
[2019-02-01T12:56:53.166+0000][1][safepoint    ] Application time: 0.0109708 seconds
[2019-02-01T12:56:53.166+0000][1][safepoint    ] Total time for which application threads were stopped: 0.0001545 seconds, Stopping threads took: 0.0000754 seconds
[2019-02-01T12:56:53.166+0000][1][safepoint    ] Application time: 0.0000896 seconds
[2019-02-01T12:56:53.166+0000][1][safepoint    ] Total time for which application threads were stopped: 0.0000926 seconds, Stopping threads took: 0.0000336 seconds
[2019-02-01T12:56:53.313+0000][1][safepoint    ] Application time: 0.1464909 seconds
[2019-02-01T12:56:53.313+0000][1][safepoint    ] Total time for which application threads were stopped: 0.0002413 seconds, Stopping threads took: 0.0000196 seconds
[2019-02-01T12:56:53.913+0000][1][safepoint    ] Application time: 0.6009690 seconds
[2019-02-01T12:56:53.914+0000][1][safepoint    ] Total time for which application threads were stopped: 0.0005605 seconds, Stopping threads took: 0.0000087 seconds
[2019-02-01T12:56:53.914+0000][1][safepoint    ] Application time: 0.0001038 seconds
[2019-02-01T12:56:53.914+0000][1][safepoint    ] Total time for which application threads were stopped: 0.0002383 seconds, Stopping threads took: 0.0000064 seconds
[2019-02-01T12:56:53.915+0000][1][safepoint    ] Application time: 0.0001171 seconds
[2019-02-01T12:56:53.915+0000][1][safepoint    ] Total time for which application threads were stopped: 0.0000413 seconds, Stopping threads took: 0.0000058 seconds
[2019-02-01T12:56:54.090+0000][1][safepoint    ] Application time: 0.1749757 seconds
[2019-02-01T12:56:54.090+0000][1][safepoint    ] Total time for which application threads were stopped: 0.0002461 seconds, Stopping threads took: 0.0000098 seconds
[2019-02-01T12:56:54.098+0000][1][safepoint    ] Application time: 0.0085859 seconds
[2019-02-01T12:56:54.099+0000][1][safepoint    ] Total time for which application threads were stopped: 0.0000583 seconds, Stopping threads took: 0.0000089 seconds
[2019-02-01T12:56:54.496+0000][1][safepoint    ] Application time: 0.3978314 seconds
[2019-02-01T12:56:54.497+0000][1][safepoint    ] Total time for which application threads were stopped: 0.0001205 seconds, Stopping threads took: 0.0000138 seconds
[2019-02-01T12:56:54.497+0000][1][safepoint    ] Application time: 0.0008021 seconds
[2019-02-01T12:56:54.497+0000][1][safepoint    ] Total time for which application threads were stopped: 0.0000649 seconds, Stopping threads took: 0.0000228 seconds
[2019-02-01T12:56:54.498+0000][1][safepoint    ] Application time: 0.0001010 seconds
[2019-02-01T12:56:54.498+0000][1][safepoint    ] Total time for which application threads were stopped: 0.0000430 seconds, Stopping threads took: 0.0000169 seconds
[2019-02-01T12:56:54.683+0000][1][safepoint    ] Application time: 0.1852322 seconds
[2019-02-01T12:56:54.683+0000][1][safepoint    ] Total time for which application threads were stopped: 0.0000583 seconds, Stopping threads took: 0.0000088 seconds
[2019-02-01T12:56:54.683+0000][1][safepoint    ] Application time: 0.0000647 seconds
[2019-02-01T12:56:54.683+0000][1][safepoint    ] Total time for which application threads were stopped: 0.0000281 seconds, Stopping threads took: 0.0000045 seconds
[2019-02-01T12:56:54.683+0000][1][safepoint    ] Application time: 0.0000563 seconds
[2019-02-01T12:56:54.683+0000][1][safepoint    ] Total time for which application threads were stopped: 0.0000227 seconds, Stopping threads took: 0.0000039 seconds
[2019-02-01T12:56:54.750+0000][1][safepoint    ] Application time: 0.0665022 seconds
[2019-02-01T12:56:54.750+0000][1][safepoint    ] Total time for which application threads were stopped: 0.0000492 seconds, Stopping threads took: 0.0000074 seconds
[2019-02-01T12:56:54.750+0000][1][safepoint    ] Application time: 0.0001058 seconds
[2019-02-01T12:56:54.750+0000][1][safepoint    ] Total time for which application threads were stopped: 0.0000337 seconds, Stopping threads took: 0.0000044 seconds
[2019-02-01T12:56:54.750+0000][1][safepoint    ] Application time: 0.0000545 seconds
[2019-02-01T12:56:54.750+0000][1][safepoint    ] Total time for which application threads were stopped: 0.0000270 seconds, Stopping threads took: 0.0000039 seconds
[2019-02-01T12:56:54.750+0000][1][safepoint    ] Application time: 0.0000525 seconds
[2019-02-01T12:56:54.750+0000][1][safepoint    ] Total time for which application threads were stopped: 0.0000260 seconds, Stopping threads took: 0.0000039 seconds
[2019-02-01T12:56:54.780+0000][1][safepoint    ] Application time: 0.0297474 seconds
[2019-02-01T12:56:54.780+0000][1][safepoint    ] Total time for which application threads were stopped: 0.0000494 seconds, Stopping threads took: 0.0000088 seconds
[2019-02-01T12:56:54.780+0000][1][safepoint    ] Application time: 0.0000684 seconds
[2019-02-01T12:56:54.780+0000][1][safepoint    ] Total time for which application threads were stopped: 0.0000279 seconds, Stopping threads took: 0.0000045 seconds
[2019-02-01T12:56:54.781+0000][1][safepoint    ] Application time: 0.0012886 seconds
[2019-02-01T12:56:54.781+0000][1][safepoint    ] Total time for which application threads were stopped: 0.0000464 seconds, Stopping threads took: 0.0000076 seconds
[2019-02-01T12:56:54.843+0000][1][safepoint    ] Application time: 0.0611338 seconds
[2019-02-01T12:56:54.843+0000][1][safepoint    ] Total time for which application threads were stopped: 0.0000525 seconds, Stopping threads took: 0.0000085 seconds
[2019-02-01T12:56:54.843+0000][1][safepoint    ] Application time: 0.0001432 seconds
[2019-02-01T12:56:54.843+0000][1][safepoint    ] Total time for which application threads were stopped: 0.0000574 seconds, Stopping threads took: 0.0000066 seconds
[2019-02-01T12:56:54.843+0000][1][safepoint    ] Application time: 0.0001755 seconds
[2019-02-01T12:56:54.843+0000][1][safepoint    ] Total time for which application threads were stopped: 0.0000245 seconds, Stopping threads took: 0.0000040 seconds
[2019-02-01T12:56:54.844+0000][1][safepoint    ] Application time: 0.0007040 seconds
[2019-02-01T12:56:54.844+0000][1][safepoint    ] Total time for which application threads were stopped: 0.0000749 seconds, Stopping threads took: 0.0000210 seconds
[2019-02-01T12:56:54.849+0000][1][safepoint    ] Application time: 0.0046310 seconds
[2019-02-01T12:56:54.849+0000][1][safepoint    ] Total time for which application threads were stopped: 0.0000390 seconds, Stopping threads took: 0.0000073 seconds
[2019-02-01T12:56:54.874+0000][1][safepoint    ] Application time: 0.0254672 seconds
[2019-02-01T12:56:54.874+0000][1][safepoint    ] Total time for which application threads were stopped: 0.0000683 seconds, Stopping threads took: 0.0000082 seconds
[2019-02-01T12:56:54.890+0000][1][safepoint    ] Application time: 0.0153212 seconds
[2019-02-01T12:56:54.890+0000][1][safepoint    ] Total time for which application threads were stopped: 0.0000750 seconds, Stopping threads took: 0.0000098 seconds
[2019-02-01T12:56:54.890+0000][1][safepoint    ] Application time: 0.0001007 seconds
[2019-02-01T12:56:54.890+0000][1][safepoint    ] Total time for which application threads were stopped: 0.0000280 seconds, Stopping threads took: 0.0000042 seconds
[2019-02-01T12:56:54.927+0000][1][safepoint    ] Application time: 0.0372103 seconds
[2019-02-01T12:56:54.928+0000][1][safepoint    ] Total time for which application threads were stopped: 0.0002119 seconds, Stopping threads took: 0.0000794 seconds
[2019-02-01T12:56:54.928+0000][1][safepoint    ] Application time: 0.0000909 seconds
[2019-02-01T12:56:54.928+0000][1][safepoint    ] Total time for which application threads were stopped: 0.0002611 seconds, Stopping threads took: 0.0001406 seconds
[2019-02-01T12:56:54.929+0000][1][safepoint    ] Application time: 0.0007237 seconds
[2019-02-01T12:56:54.929+0000][1][safepoint    ] Total time for which application threads were stopped: 0.0000620 seconds, Stopping threads took: 0.0000100 seconds
[2019-02-01T12:56:54.929+0000][1][safepoint    ] Application time: 0.0001684 seconds
[2019-02-01T12:56:54.929+0000][1][safepoint    ] Total time for which application threads were stopped: 0.0001134 seconds, Stopping threads took: 0.0000652 seconds
[2019-02-01T12:56:54.930+0000][1][safepoint    ] Application time: 0.0011260 seconds
[2019-02-01T12:56:54.933+0000][1][safepoint    ] Total time for which application threads were stopped: 0.0031561 seconds, Stopping threads took: 0.0030796 seconds
[2019-02-01T12:56:54.934+0000][1][safepoint    ] Application time: 0.0001108 seconds
[2019-02-01T12:56:54.934+0000][1][safepoint    ] Total time for which application threads were stopped: 0.0000903 seconds, Stopping threads took: 0.0000406 seconds
[2019-02-01T12:56:54.934+0000][1][safepoint    ] Application time: 0.0000853 seconds
[2019-02-01T12:56:54.934+0000][1][safepoint    ] Total time for which application threads were stopped: 0.0000648 seconds, Stopping threads took: 0.0000277 seconds
[2019-02-01T12:56:54.935+0000][1][safepoint    ] Application time: 0.0012853 seconds
[2019-02-01T12:56:54.936+0000][1][safepoint    ] Total time for which application threads were stopped: 0.0002943 seconds, Stopping threads took: 0.0000118 seconds
[2019-02-01T12:56:54.939+0000][1][safepoint    ] Application time: 0.0034723 seconds
[2019-02-01T12:56:54.940+0000][1][safepoint    ] Total time for which application threads were stopped: 0.0000855 seconds, Stopping threads took: 0.0000200 seconds
[2019-02-01T12:56:54.969+0000][1][safepoint    ] Application time: 0.0290473 seconds
[2019-02-01T12:56:54.969+0000][1][safepoint    ] Total time for which application threads were stopped: 0.0001408 seconds, Stopping threads took: 0.0000128 seconds
[2019-02-01T12:56:54.980+0000][1][safepoint    ] Application time: 0.0105236 seconds
[2019-02-01T12:56:54.980+0000][1][safepoint    ] Total time for which application threads were stopped: 0.0000576 seconds, Stopping threads took: 0.0000087 seconds
[2019-02-01T12:56:54.986+0000][1][safepoint    ] Application time: 0.0061050 seconds
[2019-02-01T12:56:54.986+0000][1][safepoint    ] Total time for which application threads were stopped: 0.0005675 seconds, Stopping threads took: 0.0000081 seconds
[2019-02-01T12:56:54.993+0000][1][safepoint    ] Application time: 0.0069352 seconds
[2019-02-01T12:56:54.994+0000][1][safepoint    ] Total time for which application threads were stopped: 0.0004918 seconds, Stopping threads took: 0.0000093 seconds
[2019-02-01T12:56:55.031+0000][1][safepoint    ] Application time: 0.0369234 seconds
[2019-02-01T12:56:55.031+0000][1][safepoint    ] Total time for which application threads were stopped: 0.0000563 seconds, Stopping threads took: 0.0000085 seconds
[2019-02-01T12:56:55.031+0000][1][safepoint    ] Application time: 0.0004003 seconds
[2019-02-01T12:56:55.031+0000][1][safepoint    ] Total time for which application threads were stopped: 0.0000373 seconds, Stopping threads took: 0.0000050 seconds
[2019-02-01T12:56:55.032+0000][1][safepoint    ] Application time: 0.0006017 seconds
[2019-02-01T12:56:55.032+0000][1][gc,start     ] GC(22) Pause Young (Allocation Failure)
[2019-02-01T12:56:55.032+0000][1][gc,task      ] GC(22) Using 2 workers of 2 for evacuation
[2019-02-01T12:56:55.043+0000][1][gc,age       ] GC(22) Desired survivor size 4456448 bytes, new threshold 4 (max threshold 6)
[2019-02-01T12:56:55.043+0000][1][gc,age       ] GC(22) Age table with threshold 4 (max threshold 6)
[2019-02-01T12:56:55.043+0000][1][gc,age       ] GC(22) - age   1:    1487976 bytes,    1487976 total
[2019-02-01T12:56:55.043+0000][1][gc,age       ] GC(22) - age   2:    1629968 bytes,    3117944 total
[2019-02-01T12:56:55.043+0000][1][gc,age       ] GC(22) - age   3:     997552 bytes,    4115496 total
[2019-02-01T12:56:55.043+0000][1][gc,age       ] GC(22) - age   4:     596936 bytes,    4712432 total
[2019-02-01T12:56:55.043+0000][1][gc,age       ] GC(22) - age   5:     701592 bytes,    5414024 total
[2019-02-01T12:56:55.044+0000][1][gc,heap      ] GC(22) ParNew: 62522K->6968K(78656K)
[2019-02-01T12:56:55.044+0000][1][gc,heap      ] GC(22) CMS: 49546K->65930K(174784K)
[2019-02-01T12:56:55.044+0000][1][gc,metaspace ] GC(22) Metaspace: 67240K->67240K(1112064K)
[2019-02-01T12:56:55.044+0000][1][gc           ] GC(22) Pause Young (Allocation Failure) 109M->71M(247M) 11.533ms
[2019-02-01T12:56:55.044+0000][1][gc,cpu       ] GC(22) User=0.02s Sys=0.00s Real=0.01s
[2019-02-01T12:56:55.044+0000][1][safepoint    ] Total time for which application threads were stopped: 0.0116881 seconds, Stopping threads took: 0.0000094 seconds
[2019-02-01T12:56:55.052+0000][1][safepoint    ] Application time: 0.0082419 seconds
[2019-02-01T12:56:55.052+0000][1][safepoint    ] Total time for which application threads were stopped: 0.0000890 seconds, Stopping threads took: 0.0000137 seconds
[2019-02-01T12:56:55.060+0000][1][safepoint    ] Application time: 0.0078426 seconds
[2019-02-01T12:56:55.060+0000][1][safepoint    ] Total time for which application threads were stopped: 0.0000835 seconds, Stopping threads took: 0.0000118 seconds
[2019-02-01T12:56:55.062+0000][1][safepoint    ] Application time: 0.0016068 seconds
[2019-02-01T12:56:55.062+0000][1][safepoint    ] Total time for which application threads were stopped: 0.0000843 seconds, Stopping threads took: 0.0000136 seconds
[2019-02-01T12:56:55.242+0000][1][safepoint    ] Application time: 0.1800980 seconds
[2019-02-01T12:56:55.242+0000][1][safepoint    ] Total time for which application threads were stopped: 0.0001230 seconds, Stopping threads took: 0.0000500 seconds
[2019-02-01T12:56:55.244+0000][1][safepoint    ] Application time: 0.0017859 seconds
[2019-02-01T12:56:55.244+0000][1][safepoint    ] Total time for which application threads were stopped: 0.0002071 seconds, Stopping threads took: 0.0000246 seconds
[2019-02-01T12:56:55.670+0000][1][safepoint    ] Application time: 0.4253686 seconds
[2019-02-01T12:56:55.670+0000][1][safepoint    ] Total time for which application threads were stopped: 0.0000619 seconds, Stopping threads took: 0.0000075 seconds
[2019-02-01T12:56:55.670+0000][1][safepoint    ] Application time: 0.0000403 seconds
[2019-02-01T12:56:55.670+0000][1][safepoint    ] Total time for which application threads were stopped: 0.0000245 seconds, Stopping threads took: 0.0000032 seconds
[2019-02-01T12:56:55.670+0000][1][safepoint    ] Application time: 0.0000253 seconds
[2019-02-01T12:56:55.670+0000][1][safepoint    ] Total time for which application threads were stopped: 0.0000236 seconds, Stopping threads took: 0.0000031 seconds
[2019-02-01T12:56:55.670+0000][1][safepoint    ] Application time: 0.0000268 seconds
[2019-02-01T12:56:55.670+0000][1][safepoint    ] Total time for which application threads were stopped: 0.0001421 seconds, Stopping threads took: 0.0000030 seconds
[2019-02-01T12:56:55.962+0000][1][safepoint    ] Application time: 0.2921000 seconds
[2019-02-01T12:56:55.962+0000][1][safepoint    ] Total time for which application threads were stopped: 0.0000434 seconds, Stopping threads took: 0.0000086 seconds
[2019-02-01T12:56:56.962+0000][1][safepoint    ] Application time: 1.0001308 seconds
[2019-02-01T12:56:56.962+0000][1][safepoint    ] Total time for which application threads were stopped: 0.0000484 seconds, Stopping threads took: 0.0000102 seconds
[2019-02-01T12:56:57.541+0000][1][safepoint    ] Application time: 0.5790393 seconds
[2019-02-01T12:56:57.542+0000][1][safepoint    ] Total time for which application threads were stopped: 0.0001164 seconds, Stopping threads took: 0.0000281 seconds
[2019-02-01T12:56:57.546+0000][1][safepoint    ] Application time: 0.0048415 seconds
[2019-02-01T12:56:57.547+0000][1][safepoint    ] Total time for which application threads were stopped: 0.0000793 seconds, Stopping threads took: 0.0000133 seconds
[2019-02-01T12:56:58.547+0000][1][safepoint    ] Application time: 1.0001683 seconds
[2019-02-01T12:56:58.548+0000][1][safepoint    ] Total time for which application threads were stopped: 0.0000514 seconds, Stopping threads took: 0.0000116 seconds
[2019-02-01T12:56:59.548+0000][1][safepoint    ] Application time: 1.0002121 seconds
[2019-02-01T12:56:59.548+0000][1][safepoint    ] Total time for which application threads were stopped: 0.0001141 seconds, Stopping threads took: 0.0000211 seconds
[2019-02-01T12:57:00.063+0000][1][safepoint    ] Application time: 0.5152490 seconds
[2019-02-01T12:57:00.068+0000][1][safepoint    ] Total time for which application threads were stopped: 0.0045125 seconds, Stopping threads took: 0.0044275 seconds
[2019-02-01T12:57:00.074+0000][1][safepoint    ] Application time: 0.0062651 seconds
[2019-02-01T12:57:00.074+0000][1][safepoint    ] Total time for which application threads were stopped: 0.0000818 seconds, Stopping threads took: 0.0000235 seconds
[2019-02-01T12:57:01.074+0000][1][safepoint    ] Application time: 1.0002257 seconds
[2019-02-01T12:57:01.074+0000][1][safepoint    ] Total time for which application threads were stopped: 0.0000676 seconds, Stopping threads took: 0.0000115 seconds
[2019-02-01T12:57:02.075+0000][1][safepoint    ] Application time: 1.0001215 seconds
[2019-02-01T12:57:02.075+0000][1][safepoint    ] Total time for which application threads were stopped: 0.0000447 seconds, Stopping threads took: 0.0000107 seconds
[2019-02-01T12:57:02.609+0000][1][safepoint    ] Application time: 0.5347015 seconds
[2019-02-01T12:57:02.610+0000][1][safepoint    ] Total time for which application threads were stopped: 0.0000946 seconds, Stopping threads took: 0.0000289 seconds
[2019-02-01T12:57:02.616+0000][1][safepoint    ] Application time: 0.0061393 seconds
[2019-02-01T12:57:02.616+0000][1][safepoint    ] Total time for which application threads were stopped: 0.0001012 seconds, Stopping threads took: 0.0000324 seconds
[2019-02-01T12:57:03.125+0000][1][safepoint    ] Application time: 0.5089359 seconds
[2019-02-01T12:57:03.125+0000][1][safepoint    ] Total time for which application threads were stopped: 0.0000590 seconds, Stopping threads took: 0.0000080 seconds
[2019-02-01T12:57:03.130+0000][1][safepoint    ] Application time: 0.0055118 seconds
[2019-02-01T12:57:03.131+0000][1][safepoint    ] Total time for which application threads were stopped: 0.0003432 seconds, Stopping threads took: 0.0000146 seconds
[2019-02-01T12:57:03.427+0000][1][safepoint    ] Application time: 0.2956973 seconds
[2019-02-01T12:57:03.427+0000][1][safepoint    ] Total time for which application threads were stopped: 0.0000947 seconds, Stopping threads took: 0.0000240 seconds
[2019-02-01T12:57:03.498+0000][1][safepoint    ] Application time: 0.0716520 seconds
[2019-02-01T12:57:03.499+0000][1][safepoint    ] Total time for which application threads were stopped: 0.0000878 seconds, Stopping threads took: 0.0000237 seconds
[2019-02-01T12:57:03.689+0000][1][safepoint    ] Application time: 0.1902851 seconds
[2019-02-01T12:57:03.689+0000][1][safepoint    ] Total time for which application threads were stopped: 0.0001469 seconds, Stopping threads took: 0.0000709 seconds
[2019-02-01T12:57:03.690+0000][1][safepoint    ] Application time: 0.0008861 seconds
[2019-02-01T12:57:03.690+0000][1][safepoint    ] Total time for which application threads were stopped: 0.0000526 seconds, Stopping threads took: 0.0000078 seconds
[2019-02-01T12:57:03.693+0000][1][safepoint    ] Application time: 0.0024186 seconds
[2019-02-01T12:57:03.693+0000][1][safepoint    ] Total time for which application threads were stopped: 0.0001200 seconds, Stopping threads took: 0.0000661 seconds
[2019-02-01T12:57:03.694+0000][1][safepoint    ] Application time: 0.0012012 seconds
[2019-02-01T12:57:03.694+0000][1][safepoint    ] Total time for which application threads were stopped: 0.0000541 seconds, Stopping threads took: 0.0000081 seconds
[2019-02-01T12:57:03.696+0000][1][safepoint    ] Application time: 0.0016684 seconds
[2019-02-01T12:57:03.696+0000][1][safepoint    ] Total time for which application threads were stopped: 0.0000581 seconds, Stopping threads took: 0.0000070 seconds
[2019-02-01T12:57:03.705+0000][1][safepoint    ] Application time: 0.0091752 seconds
[2019-02-01T12:57:03.705+0000][1][safepoint    ] Total time for which application threads were stopped: 0.0001179 seconds, Stopping threads took: 0.0000084 seconds
[2019-02-01T12:57:03.707+0000][1][safepoint    ] Application time: 0.0012052 seconds
[2019-02-01T12:57:03.707+0000][1][safepoint    ] Total time for which application threads were stopped: 0.0000781 seconds, Stopping threads took: 0.0000183 seconds
[2019-02-01T12:57:03.709+0000][1][safepoint    ] Application time: 0.0022697 seconds
[2019-02-01T12:57:03.709+0000][1][safepoint    ] Total time for which application threads were stopped: 0.0000908 seconds, Stopping threads took: 0.0000343 seconds
[2019-02-01T12:57:03.713+0000][1][safepoint    ] Application time: 0.0036164 seconds
[2019-02-01T12:57:03.720+0000][1][safepoint    ] Total time for which application threads were stopped: 0.0067848 seconds, Stopping threads took: 0.0067105 seconds
[2019-02-01T12:57:03.731+0000][1][safepoint    ] Application time: 0.0109544 seconds
[2019-02-01T12:57:03.731+0000][1][safepoint    ] Total time for which application threads were stopped: 0.0000891 seconds, Stopping threads took: 0.0000322 seconds
[2019-02-01T12:57:03.731+0000][1][safepoint    ] Application time: 0.0004621 seconds
[2019-02-01T12:57:03.735+0000][1][safepoint    ] Total time for which application threads were stopped: 0.0039689 seconds, Stopping threads took: 0.0038539 seconds
[2019-02-01T12:57:03.740+0000][1][safepoint    ] Application time: 0.0052086 seconds
[2019-02-01T12:57:03.755+0000][1][safepoint    ] Total time for which application threads were stopped: 0.0144459 seconds, Stopping threads took: 0.0143762 seconds
[2019-02-01T12:57:03.756+0000][1][safepoint    ] Application time: 0.0007993 seconds
[2019-02-01T12:57:03.758+0000][1][safepoint    ] Total time for which application threads were stopped: 0.0025930 seconds, Stopping threads took: 0.0025407 seconds
[2019-02-01T12:57:03.759+0000][1][safepoint    ] Application time: 0.0001700 seconds
[2019-02-01T12:57:03.759+0000][1][safepoint    ] Total time for which application threads were stopped: 0.0005274 seconds, Stopping threads took: 0.0004844 seconds
[2019-02-01T12:57:04.760+0000][1][safepoint    ] Application time: 1.0006948 seconds
[2019-02-01T12:57:04.760+0000][1][safepoint    ] Total time for which application threads were stopped: 0.0000512 seconds, Stopping threads took: 0.0000097 seconds
[2019-02-01T12:57:05.131+0000][1][safepoint    ] Application time: 0.3712586 seconds
[2019-02-01T12:57:05.131+0000][1][safepoint    ] Total time for which application threads were stopped: 0.0000709 seconds, Stopping threads took: 0.0000100 seconds
[2019-02-01T12:57:05.136+0000][1][safepoint    ] Application time: 0.0048528 seconds
[2019-02-01T12:57:05.136+0000][1][safepoint    ] Total time for which application threads were stopped: 0.0000624 seconds, Stopping threads took: 0.0000099 seconds
[2019-02-01T12:57:06.136+0000][1][safepoint    ] Application time: 1.0001171 seconds
[2019-02-01T12:57:06.136+0000][1][safepoint    ] Total time for which application threads were stopped: 0.0000482 seconds, Stopping threads took: 0.0000103 seconds
[2019-02-01T12:57:07.137+0000][1][safepoint    ] Application time: 1.0001095 seconds
[2019-02-01T12:57:07.137+0000][1][safepoint    ] Total time for which application threads were stopped: 0.0000479 seconds, Stopping threads took: 0.0000101 seconds
[2019-02-01T12:57:07.649+0000][1][safepoint    ] Application time: 0.5126811 seconds
[2019-02-01T12:57:07.649+0000][1][safepoint    ] Total time for which application threads were stopped: 0.0000989 seconds, Stopping threads took: 0.0000148 seconds
[2019-02-01T12:57:07.669+0000][1][safepoint    ] Application time: 0.0195302 seconds
[2019-02-01T12:57:07.669+0000][1][safepoint    ] Total time for which application threads were stopped: 0.0000656 seconds, Stopping threads took: 0.0000110 seconds
[2019-02-01T12:57:08.669+0000][1][safepoint    ] Application time: 1.0001171 seconds
[2019-02-01T12:57:08.669+0000][1][safepoint    ] Total time for which application threads were stopped: 0.0000575 seconds, Stopping threads took: 0.0000106 seconds
[2019-02-01T12:57:09.670+0000][1][safepoint    ] Application time: 1.0001623 seconds
[2019-02-01T12:57:09.670+0000][1][safepoint    ] Total time for which application threads were stopped: 0.0000656 seconds, Stopping threads took: 0.0000246 seconds
[2019-02-01T12:57:09.790+0000][1][safepoint    ] Application time: 0.1199880 seconds
[2019-02-01T12:57:09.790+0000][1][safepoint    ] Total time for which application threads were stopped: 0.0002308 seconds, Stopping threads took: 0.0000290 seconds
[2019-02-01T12:57:09.802+0000][1][safepoint    ] Application time: 0.0120168 seconds
[2019-02-01T12:57:09.803+0000][1][safepoint    ] Total time for which application threads were stopped: 0.0005401 seconds, Stopping threads took: 0.0004110 seconds
[2019-02-01T12:57:09.813+0000][1][safepoint    ] Application time: 0.0105605 seconds
[2019-02-01T12:57:09.813+0000][1][safepoint    ] Total time for which application threads were stopped: 0.0000796 seconds, Stopping threads took: 0.0000200 seconds
[2019-02-01T12:57:09.814+0000][1][safepoint    ] Application time: 0.0008432 seconds
[2019-02-01T12:57:09.814+0000][1][safepoint    ] Total time for which application threads were stopped: 0.0000595 seconds, Stopping threads took: 0.0000088 seconds
[2019-02-01T12:57:09.814+0000][1][safepoint    ] Application time: 0.0001385 seconds
[2019-02-01T12:57:09.814+0000][1][safepoint    ] Total time for which application threads were stopped: 0.0000369 seconds, Stopping threads took: 0.0000052 seconds
[2019-02-01T12:57:09.815+0000][1][safepoint    ] Application time: 0.0001092 seconds
[2019-02-01T12:57:09.815+0000][1][safepoint    ] Total time for which application threads were stopped: 0.0000315 seconds, Stopping threads took: 0.0000045 seconds
[2019-02-01T12:57:09.815+0000][1][safepoint    ] Application time: 0.0000875 seconds
[2019-02-01T12:57:09.815+0000][1][safepoint    ] Total time for which application threads were stopped: 0.0000301 seconds, Stopping threads took: 0.0000041 seconds
[2019-02-01T12:57:10.193+0000][1][safepoint    ] Application time: 0.3782876 seconds
[2019-02-01T12:57:10.193+0000][1][safepoint    ] Total time for which application threads were stopped: 0.0001598 seconds, Stopping threads took: 0.0000596 seconds
[2019-02-01T12:57:10.208+0000][1][safepoint    ] Application time: 0.0144799 seconds
[2019-02-01T12:57:10.208+0000][1][safepoint    ] Total time for which application threads were stopped: 0.0002144 seconds, Stopping threads took: 0.0000087 seconds
[2019-02-01T12:57:11.208+0000][1][safepoint    ] Application time: 1.0001258 seconds
[2019-02-01T12:57:11.208+0000][1][safepoint    ] Total time for which application threads were stopped: 0.0000689 seconds, Stopping threads took: 0.0000107 seconds
[2019-02-01T12:57:12.208+0000][1][safepoint    ] Application time: 1.0001242 seconds
[2019-02-01T12:57:12.208+0000][1][safepoint    ] Total time for which application threads were stopped: 0.0000492 seconds, Stopping threads took: 0.0000107 seconds
[2019-02-01T12:57:12.721+0000][1][safepoint    ] Application time: 0.5129718 seconds
[2019-02-01T12:57:12.722+0000][1][safepoint    ] Total time for which application threads were stopped: 0.0000731 seconds, Stopping threads took: 0.0000096 seconds
[2019-02-01T12:57:12.729+0000][1][safepoint    ] Application time: 0.0076943 seconds
[2019-02-01T12:57:12.729+0000][1][safepoint    ] Total time for which application threads were stopped: 0.0000830 seconds, Stopping threads took: 0.0000346 seconds
[2019-02-01T12:57:12.895+0000][1][safepoint    ] Application time: 0.1655946 seconds
[2019-02-01T12:57:12.895+0000][1][safepoint    ] Total time for which application threads were stopped: 0.0000704 seconds, Stopping threads took: 0.0000098 seconds
[2019-02-01T12:57:12.895+0000][1][safepoint    ] Application time: 0.0001866 seconds
[2019-02-01T12:57:12.895+0000][1][safepoint    ] Total time for which application threads were stopped: 0.0000609 seconds, Stopping threads took: 0.0000278 seconds
[2019-02-01T12:57:12.895+0000][1][safepoint    ] Application time: 0.0001249 seconds
[2019-02-01T12:57:12.896+0000][1][safepoint    ] Total time for which application threads were stopped: 0.0000328 seconds, Stopping threads took: 0.0000045 seconds
[2019-02-01T12:57:12.896+0000][1][safepoint    ] Application time: 0.0001730 seconds
[2019-02-01T12:57:12.896+0000][1][safepoint    ] Total time for which application threads were stopped: 0.0000861 seconds, Stopping threads took: 0.0000376 seconds
[2019-02-01T12:57:12.896+0000][1][safepoint    ] Application time: 0.0001291 seconds
[2019-02-01T12:57:12.896+0000][1][safepoint    ] Total time for which application threads were stopped: 0.0000805 seconds, Stopping threads took: 0.0000467 seconds
[2019-02-01T12:57:12.896+0000][1][safepoint    ] Application time: 0.0001063 seconds
[2019-02-01T12:57:12.896+0000][1][safepoint    ] Total time for which application threads were stopped: 0.0000469 seconds, Stopping threads took: 0.0000066 seconds
[2019-02-01T12:57:13.896+0000][1][safepoint    ] Application time: 1.0001282 seconds
[2019-02-01T12:57:13.896+0000][1][safepoint    ] Total time for which application threads were stopped: 0.0000549 seconds, Stopping threads took: 0.0000107 seconds
[2019-02-01T12:57:14.897+0000][1][safepoint    ] Application time: 1.0001110 seconds
[2019-02-01T12:57:14.897+0000][1][safepoint    ] Total time for which application threads were stopped: 0.0000968 seconds, Stopping threads took: 0.0000139 seconds
[2019-02-01T12:57:15.154+0000][1][safepoint    ] Application time: 0.2573358 seconds
[2019-02-01T12:57:15.154+0000][1][safepoint    ] Total time for which application threads were stopped: 0.0000646 seconds, Stopping threads took: 0.0000101 seconds
[2019-02-01T12:57:15.154+0000][1][safepoint    ] Application time: 0.0002460 seconds
[2019-02-01T12:57:15.155+0000][1][safepoint    ] Total time for which application threads were stopped: 0.0000617 seconds, Stopping threads took: 0.0000098 seconds
[2019-02-01T12:57:15.247+0000][1][safepoint    ] Application time: 0.0926860 seconds
[2019-02-01T12:57:15.247+0000][1][safepoint    ] Total time for which application threads were stopped: 0.0000932 seconds, Stopping threads took: 0.0000377 seconds
[2019-02-01T12:57:15.251+0000][1][safepoint    ] Application time: 0.0032595 seconds
[2019-02-01T12:57:15.251+0000][1][safepoint    ] Total time for which application threads were stopped: 0.0000789 seconds, Stopping threads took: 0.0000202 seconds
[2019-02-01T12:57:16.251+0000][1][safepoint    ] Application time: 1.0001779 seconds
[2019-02-01T12:57:16.251+0000][1][safepoint    ] Total time for which application threads were stopped: 0.0000526 seconds, Stopping threads took: 0.0000113 seconds
[2019-02-01T12:57:16.463+0000][1][safepoint    ] Application time: 0.2124047 seconds
[2019-02-01T12:57:16.464+0000][1][safepoint    ] Total time for which application threads were stopped: 0.0001030 seconds, Stopping threads took: 0.0000201 seconds
[2019-02-01T12:57:16.464+0000][1][safepoint    ] Application time: 0.0003571 seconds
[2019-02-01T12:57:16.464+0000][1][safepoint    ] Total time for which application threads were stopped: 0.0000702 seconds, Stopping threads took: 0.0000105 seconds
[2019-02-01T12:57:16.473+0000][1][safepoint    ] Application time: 0.0087330 seconds
[2019-02-01T12:57:16.473+0000][1][safepoint    ] Total time for which application threads were stopped: 0.0000591 seconds, Stopping threads took: 0.0000090 seconds
[2019-02-01T12:57:16.473+0000][1][safepoint    ] Application time: 0.0001223 seconds
[2019-02-01T12:57:16.473+0000][1][safepoint    ] Total time for which application threads were stopped: 0.0000334 seconds, Stopping threads took: 0.0000045 seconds
[2019-02-01T12:57:17.473+0000][1][safepoint    ] Application time: 1.0002428 seconds
[2019-02-01T12:57:17.474+0000][1][safepoint    ] Total time for which application threads were stopped: 0.0001529 seconds, Stopping threads took: 0.0000298 seconds
[2019-02-01T12:57:17.772+0000][1][safepoint    ] Application time: 0.2980336 seconds
[2019-02-01T12:57:17.772+0000][1][safepoint    ] Total time for which application threads were stopped: 0.0001864 seconds, Stopping threads took: 0.0000166 seconds
[2019-02-01T12:57:17.781+0000][1][safepoint    ] Application time: 0.0092744 seconds
[2019-02-01T12:57:17.781+0000][1][safepoint    ] Total time for which application threads were stopped: 0.0001625 seconds, Stopping threads took: 0.0000421 seconds
[2019-02-01T12:57:18.021+0000][1][safepoint    ] Application time: 0.2390767 seconds
[2019-02-01T12:57:18.021+0000][1][safepoint    ] Total time for which application threads were stopped: 0.0001901 seconds, Stopping threads took: 0.0000287 seconds
[2019-02-01T12:57:18.022+0000][1][safepoint    ] Application time: 0.0007837 seconds
[2019-02-01T12:57:18.022+0000][1][safepoint    ] Total time for which application threads were stopped: 0.0002108 seconds, Stopping threads took: 0.0000299 seconds
[2019-02-01T12:57:18.031+0000][1][safepoint    ] Application time: 0.0093442 seconds
[2019-02-01T12:57:18.032+0000][1][safepoint    ] Total time for which application threads were stopped: 0.0002628 seconds, Stopping threads took: 0.0000395 seconds
[2019-02-01T12:57:18.033+0000][1][safepoint    ] Application time: 0.0006776 seconds
[2019-02-01T12:57:18.033+0000][1][safepoint    ] Total time for which application threads were stopped: 0.0002178 seconds, Stopping threads took: 0.0000258 seconds
[2019-02-01T12:57:19.033+0000][1][safepoint    ] Application time: 1.0004929 seconds
[2019-02-01T12:57:19.034+0000][1][safepoint    ] Total time for which application threads were stopped: 0.0001411 seconds, Stopping threads took: 0.0000290 seconds
[2019-02-01T12:57:19.766+0000][1][safepoint    ] Application time: 0.7318574 seconds
[2019-02-01T12:57:19.766+0000][1][safepoint    ] Total time for which application threads were stopped: 0.0000668 seconds, Stopping threads took: 0.0000102 seconds
[2019-02-01T12:57:19.766+0000][1][safepoint    ] Application time: 0.0001713 seconds
[2019-02-01T12:57:19.766+0000][1][safepoint    ] Total time for which application threads were stopped: 0.0000628 seconds, Stopping threads took: 0.0000063 seconds
[2019-02-01T12:57:19.786+0000][1][safepoint    ] Application time: 0.0195950 seconds
[2019-02-01T12:57:19.786+0000][1][safepoint    ] Total time for which application threads were stopped: 0.0000683 seconds, Stopping threads took: 0.0000112 seconds
[2019-02-01T12:57:19.786+0000][1][safepoint    ] Application time: 0.0006750 seconds
[2019-02-01T12:57:19.786+0000][1][safepoint    ] Total time for which application threads were stopped: 0.0000589 seconds, Stopping threads took: 0.0000082 seconds
[2019-02-01T12:57:19.882+0000][1][safepoint    ] Application time: 0.0955510 seconds
[2019-02-01T12:57:19.882+0000][1][safepoint    ] Total time for which application threads were stopped: 0.0000737 seconds, Stopping threads took: 0.0000104 seconds
[2019-02-01T12:57:19.882+0000][1][safepoint    ] Application time: 0.0003911 seconds
[2019-02-01T12:57:19.883+0000][1][safepoint    ] Total time for which application threads were stopped: 0.0000719 seconds, Stopping threads took: 0.0000113 seconds
[2019-02-01T12:57:20.298+0000][1][safepoint    ] Application time: 0.4149036 seconds
[2019-02-01T12:57:20.298+0000][1][safepoint    ] Total time for which application threads were stopped: 0.0001221 seconds, Stopping threads took: 0.0000595 seconds
[2019-02-01T12:57:20.302+0000][1][safepoint    ] Application time: 0.0039306 seconds
[2019-02-01T12:57:20.303+0000][1][safepoint    ] Total time for which application threads were stopped: 0.0012276 seconds, Stopping threads took: 0.0011631 seconds
[2019-02-01T12:57:21.307+0000][1][safepoint    ] Application time: 1.0040655 seconds
[2019-02-01T12:57:21.307+0000][1][safepoint    ] Total time for which application threads were stopped: 0.0000860 seconds, Stopping threads took: 0.0000152 seconds
[2019-02-01T12:57:21.908+0000][1][safepoint    ] Application time: 0.6009056 seconds
[2019-02-01T12:57:21.909+0000][1][safepoint    ] Total time for which application threads were stopped: 0.0008350 seconds, Stopping threads took: 0.0000166 seconds
[2019-02-01T12:57:21.909+0000][1][safepoint    ] Application time: 0.0004902 seconds
[2019-02-01T12:57:21.910+0000][1][safepoint    ] Total time for which application threads were stopped: 0.0000924 seconds, Stopping threads took: 0.0000132 seconds
[2019-02-01T12:57:21.921+0000][1][safepoint    ] Application time: 0.0109185 seconds
[2019-02-01T12:57:21.921+0000][1][safepoint    ] Total time for which application threads were stopped: 0.0000989 seconds, Stopping threads took: 0.0000165 seconds
[2019-02-01T12:57:21.939+0000][1][safepoint    ] Application time: 0.0180686 seconds
[2019-02-01T12:57:21.939+0000][1][safepoint    ] Total time for which application threads were stopped: 0.0001024 seconds, Stopping threads took: 0.0000149 seconds
[2019-02-01T12:57:22.814+0000][1][safepoint    ] Application time: 0.8747991 seconds
[2019-02-01T12:57:22.814+0000][1][safepoint    ] Total time for which application threads were stopped: 0.0001754 seconds, Stopping threads took: 0.0000951 seconds
[2019-02-01T12:57:22.821+0000][1][safepoint    ] Application time: 0.0073544 seconds
[2019-02-01T12:57:22.821+0000][1][safepoint    ] Total time for which application threads were stopped: 0.0000670 seconds, Stopping threads took: 0.0000084 seconds
[2019-02-01T12:57:23.822+0000][1][safepoint    ] Application time: 1.0004689 seconds
[2019-02-01T12:57:23.822+0000][1][safepoint    ] Total time for which application threads were stopped: 0.0001074 seconds, Stopping threads took: 0.0000190 seconds
[2019-02-01T12:57:24.822+0000][1][safepoint    ] Application time: 1.0001517 seconds
[2019-02-01T12:57:24.822+0000][1][safepoint    ] Total time for which application threads were stopped: 0.0000618 seconds, Stopping threads took: 0.0000127 seconds
[2019-02-01T12:57:25.341+0000][1][safepoint    ] Application time: 0.5190453 seconds
[2019-02-01T12:57:25.341+0000][1][safepoint    ] Total time for which application threads were stopped: 0.0000777 seconds, Stopping threads took: 0.0000091 seconds
[2019-02-01T12:57:25.345+0000][1][safepoint    ] Application time: 0.0038517 seconds
[2019-02-01T12:57:25.345+0000][1][safepoint    ] Total time for which application threads were stopped: 0.0000726 seconds, Stopping threads took: 0.0000080 seconds
[2019-02-01T12:57:26.346+0000][1][safepoint    ] Application time: 1.0001783 seconds
[2019-02-01T12:57:26.346+0000][1][safepoint    ] Total time for which application threads were stopped: 0.0001296 seconds, Stopping threads took: 0.0000236 seconds
[2019-02-01T12:57:27.346+0000][1][safepoint    ] Application time: 1.0001627 seconds
[2019-02-01T12:57:27.346+0000][1][safepoint    ] Total time for which application threads were stopped: 0.0000595 seconds, Stopping threads took: 0.0000107 seconds
[2019-02-01T12:57:27.860+0000][1][safepoint    ] Application time: 0.5136067 seconds
[2019-02-01T12:57:27.860+0000][1][safepoint    ] Total time for which application threads were stopped: 0.0000959 seconds, Stopping threads took: 0.0000135 seconds
[2019-02-01T12:57:27.875+0000][1][safepoint    ] Application time: 0.0145985 seconds
[2019-02-01T12:57:27.875+0000][1][safepoint    ] Total time for which application threads were stopped: 0.0000687 seconds, Stopping threads took: 0.0000080 seconds
[2019-02-01T12:57:28.875+0000][1][safepoint    ] Application time: 1.0004346 seconds
[2019-02-01T12:57:28.875+0000][1][safepoint    ] Total time for which application threads were stopped: 0.0000689 seconds, Stopping threads took: 0.0000135 seconds
[2019-02-01T12:57:29.875+0000][1][safepoint    ] Application time: 1.0001260 seconds
[2019-02-01T12:57:29.876+0000][1][safepoint    ] Total time for which application threads were stopped: 0.0001130 seconds, Stopping threads took: 0.0000153 seconds
[2019-02-01T12:57:30.387+0000][1][safepoint    ] Application time: 0.5115884 seconds
[2019-02-01T12:57:30.387+0000][1][safepoint    ] Total time for which application threads were stopped: 0.0000828 seconds, Stopping threads took: 0.0000204 seconds
[2019-02-01T12:57:30.391+0000][1][safepoint    ] Application time: 0.0037187 seconds
[2019-02-01T12:57:30.392+0000][1][safepoint    ] Total time for which application threads were stopped: 0.0011077 seconds, Stopping threads took: 0.0010436 seconds
[2019-02-01T12:57:31.392+0000][1][safepoint    ] Application time: 1.0001810 seconds
[2019-02-01T12:57:31.393+0000][1][safepoint    ] Total time for which application threads were stopped: 0.0001189 seconds, Stopping threads took: 0.0000209 seconds
[2019-02-01T12:57:32.393+0000][1][safepoint    ] Application time: 1.0004755 seconds
[2019-02-01T12:57:32.393+0000][1][safepoint    ] Total time for which application threads were stopped: 0.0000733 seconds, Stopping threads took: 0.0000199 seconds
[2019-02-01T12:57:32.902+0000][1][safepoint    ] Application time: 0.5084579 seconds
[2019-02-01T12:57:32.903+0000][1][safepoint    ] Total time for which application threads were stopped: 0.0013355 seconds, Stopping threads took: 0.0012394 seconds
[2019-02-01T12:57:32.906+0000][1][safepoint    ] Application time: 0.0025227 seconds
[2019-02-01T12:57:32.906+0000][1][safepoint    ] Total time for which application threads were stopped: 0.0000774 seconds, Stopping threads took: 0.0000187 seconds
[2019-02-01T12:57:33.572+0000][1][safepoint    ] Application time: 0.6665727 seconds
[2019-02-01T12:57:33.573+0000][1][safepoint    ] Total time for which application threads were stopped: 0.0003419 seconds, Stopping threads took: 0.0000327 seconds
[2019-02-01T12:57:33.573+0000][1][safepoint    ] Application time: 0.0003213 seconds
[2019-02-01T12:57:33.573+0000][1][safepoint    ] Total time for which application threads were stopped: 0.0000870 seconds, Stopping threads took: 0.0000216 seconds
[2019-02-01T12:57:33.573+0000][1][safepoint    ] Application time: 0.0002780 seconds
[2019-02-01T12:57:33.574+0000][1][safepoint    ] Total time for which application threads were stopped: 0.0000665 seconds, Stopping threads took: 0.0000069 seconds
[2019-02-01T12:57:33.574+0000][1][safepoint    ] Application time: 0.0002792 seconds
[2019-02-01T12:57:33.574+0000][1][safepoint    ] Total time for which application threads were stopped: 0.0000648 seconds, Stopping threads took: 0.0000070 seconds
[2019-02-01T12:57:33.574+0000][1][safepoint    ] Application time: 0.0005759 seconds
[2019-02-01T12:57:33.575+0000][1][safepoint    ] Total time for which application threads were stopped: 0.0000880 seconds, Stopping threads took: 0.0000112 seconds
[2019-02-01T12:57:33.575+0000][1][safepoint    ] Application time: 0.0006940 seconds
[2019-02-01T12:57:33.575+0000][1][safepoint    ] Total time for which application threads were stopped: 0.0000965 seconds, Stopping threads took: 0.0000118 seconds
[2019-02-01T12:57:33.576+0000][1][safepoint    ] Application time: 0.0004006 seconds
[2019-02-01T12:57:33.576+0000][1][safepoint    ] Total time for which application threads were stopped: 0.0001232 seconds, Stopping threads took: 0.0000138 seconds
[2019-02-01T12:57:33.577+0000][1][safepoint    ] Application time: 0.0004846 seconds
[2019-02-01T12:57:33.577+0000][1][safepoint    ] Total time for which application threads were stopped: 0.0002634 seconds, Stopping threads took: 0.0000120 seconds
[2019-02-01T12:57:33.578+0000][1][safepoint    ] Application time: 0.0007203 seconds
[2019-02-01T12:57:33.578+0000][1][safepoint    ] Total time for which application threads were stopped: 0.0000895 seconds, Stopping threads took: 0.0000102 seconds
[2019-02-01T12:57:33.578+0000][1][safepoint    ] Application time: 0.0004882 seconds
[2019-02-01T12:57:33.579+0000][1][safepoint    ] Total time for which application threads were stopped: 0.0003254 seconds, Stopping threads took: 0.0000146 seconds
[2019-02-01T12:57:33.580+0000][1][safepoint    ] Application time: 0.0011661 seconds
[2019-02-01T12:57:33.580+0000][1][safepoint    ] Total time for which application threads were stopped: 0.0001177 seconds, Stopping threads took: 0.0000155 seconds
[2019-02-01T12:57:33.580+0000][1][safepoint    ] Application time: 0.0003842 seconds
[2019-02-01T12:57:33.581+0000][1][safepoint    ] Total time for which application threads were stopped: 0.0000865 seconds, Stopping threads took: 0.0000102 seconds
[2019-02-01T12:57:33.581+0000][1][safepoint    ] Application time: 0.0003574 seconds
[2019-02-01T12:57:33.581+0000][1][safepoint    ] Total time for which application threads were stopped: 0.0001044 seconds, Stopping threads took: 0.0000102 seconds
[2019-02-01T12:57:33.582+0000][1][safepoint    ] Application time: 0.0006352 seconds
[2019-02-01T12:57:33.582+0000][1][safepoint    ] Total time for which application threads were stopped: 0.0000891 seconds, Stopping threads took: 0.0000118 seconds
[2019-02-01T12:57:33.582+0000][1][safepoint    ] Application time: 0.0003901 seconds
[2019-02-01T12:57:33.583+0000][1][safepoint    ] Total time for which application threads were stopped: 0.0002565 seconds, Stopping threads took: 0.0000133 seconds
[2019-02-01T12:57:33.584+0000][1][safepoint    ] Application time: 0.0007853 seconds
[2019-02-01T12:57:33.584+0000][1][safepoint    ] Total time for which application threads were stopped: 0.0000877 seconds, Stopping threads took: 0.0000110 seconds
[2019-02-01T12:57:33.584+0000][1][safepoint    ] Application time: 0.0004192 seconds
[2019-02-01T12:57:33.584+0000][1][safepoint    ] Total time for which application threads were stopped: 0.0002362 seconds, Stopping threads took: 0.0000123 seconds
[2019-02-01T12:57:33.585+0000][1][safepoint    ] Application time: 0.0003255 seconds
[2019-02-01T12:57:33.585+0000][1][safepoint    ] Total time for which application threads were stopped: 0.0003762 seconds, Stopping threads took: 0.0000100 seconds
[2019-02-01T12:57:33.591+0000][1][safepoint    ] Application time: 0.0061354 seconds
[2019-02-01T12:57:33.591+0000][1][safepoint    ] Total time for which application threads were stopped: 0.0001043 seconds, Stopping threads took: 0.0000134 seconds
[2019-02-01T12:57:33.592+0000][1][safepoint    ] Application time: 0.0002317 seconds
[2019-02-01T12:57:33.592+0000][1][safepoint    ] Total time for which application threads were stopped: 0.0001105 seconds, Stopping threads took: 0.0000361 seconds
[2019-02-01T12:57:33.592+0000][1][safepoint    ] Application time: 0.0001285 seconds
[2019-02-01T12:57:33.592+0000][1][safepoint    ] Total time for which application threads were stopped: 0.0003130 seconds, Stopping threads took: 0.0002172 seconds
[2019-02-01T12:57:33.592+0000][1][safepoint    ] Application time: 0.0001446 seconds
[2019-02-01T12:57:33.593+0000][1][safepoint    ] Total time for which application threads were stopped: 0.0000767 seconds, Stopping threads took: 0.0000304 seconds
[2019-02-01T12:57:33.593+0000][1][safepoint    ] Application time: 0.0000668 seconds
[2019-02-01T12:57:33.593+0000][1][safepoint    ] Total time for which application threads were stopped: 0.0000653 seconds, Stopping threads took: 0.0000059 seconds
[2019-02-01T12:57:33.593+0000][1][safepoint    ] Application time: 0.0001127 seconds
[2019-02-01T12:57:33.594+0000][1][safepoint    ] Total time for which application threads were stopped: 0.0008254 seconds, Stopping threads took: 0.0001642 seconds
[2019-02-01T12:57:33.594+0000][1][safepoint    ] Application time: 0.0002490 seconds
[2019-02-01T12:57:33.594+0000][1][safepoint    ] Total time for which application threads were stopped: 0.0001100 seconds, Stopping threads took: 0.0000113 seconds
[2019-02-01T12:57:34.594+0000][1][safepoint    ] Application time: 1.0001380 seconds
[2019-02-01T12:57:34.594+0000][1][safepoint    ] Total time for which application threads were stopped: 0.0000856 seconds, Stopping threads took: 0.0000114 seconds
[2019-02-01T12:57:35.423+0000][1][safepoint    ] Application time: 0.8282394 seconds
[2019-02-01T12:57:35.423+0000][1][safepoint    ] Total time for which application threads were stopped: 0.0001640 seconds, Stopping threads took: 0.0000480 seconds
[2019-02-01T12:57:35.429+0000][1][safepoint    ] Application time: 0.0063992 seconds
[2019-02-01T12:57:35.430+0000][1][safepoint    ] Total time for which application threads were stopped: 0.0010148 seconds, Stopping threads took: 0.0000263 seconds
[2019-02-01T12:57:36.431+0000][1][safepoint    ] Application time: 1.0010155 seconds
[2019-02-01T12:57:36.432+0000][1][safepoint    ] Total time for which application threads were stopped: 0.0000636 seconds, Stopping threads took: 0.0000120 seconds
[2019-02-01T12:57:37.432+0000][1][safepoint    ] Application time: 1.0004217 seconds
[2019-02-01T12:57:37.432+0000][1][safepoint    ] Total time for which application threads were stopped: 0.0000634 seconds, Stopping threads took: 0.0000118 seconds
[2019-02-01T12:57:37.943+0000][1][safepoint    ] Application time: 0.5112513 seconds
[2019-02-01T12:57:37.944+0000][1][safepoint    ] Total time for which application threads were stopped: 0.0011272 seconds, Stopping threads took: 0.0010351 seconds
[2019-02-01T12:57:37.948+0000][1][safepoint    ] Application time: 0.0039458 seconds
[2019-02-01T12:57:37.949+0000][1][safepoint    ] Total time for which application threads were stopped: 0.0000845 seconds, Stopping threads took: 0.0000283 seconds
[2019-02-01T12:57:38.949+0000][1][safepoint    ] Application time: 1.0001318 seconds
[2019-02-01T12:57:38.949+0000][1][safepoint    ] Total time for which application threads were stopped: 0.0000652 seconds, Stopping threads took: 0.0000109 seconds
[2019-02-01T12:57:39.814+0000][1][safepoint    ] Application time: 0.8651204 seconds
[2019-02-01T12:57:39.814+0000][1][safepoint    ] Total time for which application threads were stopped: 0.0000799 seconds, Stopping threads took: 0.0000157 seconds
[2019-02-01T12:57:39.815+0000][1][safepoint    ] Application time: 0.0012789 seconds
[2019-02-01T12:57:39.816+0000][1][safepoint    ] Total time for which application threads were stopped: 0.0000842 seconds, Stopping threads took: 0.0000132 seconds
[2019-02-01T12:57:39.816+0000][1][safepoint    ] Application time: 0.0002244 seconds
[2019-02-01T12:57:39.816+0000][1][safepoint    ] Total time for which application threads were stopped: 0.0000479 seconds, Stopping threads took: 0.0000070 seconds
[2019-02-01T12:57:39.816+0000][1][safepoint    ] Application time: 0.0002037 seconds
[2019-02-01T12:57:39.816+0000][1][safepoint    ] Total time for which application threads were stopped: 0.0000378 seconds, Stopping threads took: 0.0000063 seconds
[2019-02-01T12:57:39.816+0000][1][safepoint    ] Application time: 0.0002169 seconds
[2019-02-01T12:57:39.816+0000][1][safepoint    ] Total time for which application threads were stopped: 0.0000765 seconds, Stopping threads took: 0.0000053 seconds
[2019-02-01T12:57:39.817+0000][1][safepoint    ] Application time: 0.0001737 seconds
[2019-02-01T12:57:39.817+0000][1][safepoint    ] Total time for which application threads were stopped: 0.0000731 seconds, Stopping threads took: 0.0000062 seconds
[2019-02-01T12:57:40.465+0000][1][safepoint    ] Application time: 0.6478674 seconds
[2019-02-01T12:57:40.465+0000][1][safepoint    ] Total time for which application threads were stopped: 0.0001328 seconds, Stopping threads took: 0.0000315 seconds
[2019-02-01T12:57:40.470+0000][1][safepoint    ] Application time: 0.0053905 seconds
[2019-02-01T12:57:40.470+0000][1][safepoint    ] Total time for which application threads were stopped: 0.0000818 seconds, Stopping threads took: 0.0000209 seconds
[2019-02-01T12:57:41.471+0000][1][safepoint    ] Application time: 1.0003335 seconds
[2019-02-01T12:57:41.471+0000][1][safepoint    ] Total time for which application threads were stopped: 0.0000681 seconds, Stopping threads took: 0.0000128 seconds
[2019-02-01T12:57:42.471+0000][1][safepoint    ] Application time: 1.0001908 seconds
[2019-02-01T12:57:42.471+0000][1][safepoint    ] Total time for which application threads were stopped: 0.0000727 seconds, Stopping threads took: 0.0000153 seconds
[2019-02-01T12:57:42.897+0000][1][safepoint    ] Application time: 0.4259645 seconds
[2019-02-01T12:57:42.897+0000][1][safepoint    ] Total time for which application threads were stopped: 0.0001038 seconds, Stopping threads took: 0.0000260 seconds
[2019-02-01T12:57:42.897+0000][1][safepoint    ] Application time: 0.0002235 seconds
[2019-02-01T12:57:42.898+0000][1][safepoint    ] Total time for which application threads were stopped: 0.0000698 seconds, Stopping threads took: 0.0000095 seconds
[2019-02-01T12:57:42.898+0000][1][safepoint    ] Application time: 0.0001427 seconds
[2019-02-01T12:57:42.898+0000][1][safepoint    ] Total time for which application threads were stopped: 0.0001237 seconds, Stopping threads took: 0.0000663 seconds
[2019-02-01T12:57:42.898+0000][1][safepoint    ] Application time: 0.0001822 seconds
[2019-02-01T12:57:42.898+0000][1][safepoint    ] Total time for which application threads were stopped: 0.0000505 seconds, Stopping threads took: 0.0000068 seconds
[2019-02-01T12:57:42.898+0000][1][safepoint    ] Application time: 0.0000908 seconds
[2019-02-01T12:57:42.898+0000][1][safepoint    ] Total time for which application threads were stopped: 0.0000435 seconds, Stopping threads took: 0.0000052 seconds
[2019-02-01T12:57:42.984+0000][1][safepoint    ] Application time: 0.0860835 seconds
[2019-02-01T12:57:42.985+0000][1][safepoint    ] Total time for which application threads were stopped: 0.0000860 seconds, Stopping threads took: 0.0000105 seconds
[2019-02-01T12:57:42.988+0000][1][safepoint    ] Application time: 0.0037268 seconds
[2019-02-01T12:57:42.988+0000][1][safepoint    ] Total time for which application threads were stopped: 0.0000950 seconds, Stopping threads took: 0.0000222 seconds
[2019-02-01T12:57:43.989+0000][1][safepoint    ] Application time: 1.0001744 seconds
[2019-02-01T12:57:43.989+0000][1][safepoint    ] Total time for which application threads were stopped: 0.0000628 seconds, Stopping threads took: 0.0000134 seconds
[2019-02-01T12:57:44.989+0000][1][safepoint    ] Application time: 1.0002149 seconds
[2019-02-01T12:57:44.989+0000][1][safepoint    ] Total time for which application threads were stopped: 0.0000976 seconds, Stopping threads took: 0.0000198 seconds
[2019-02-01T12:57:45.155+0000][1][safepoint    ] Application time: 0.1663674 seconds
[2019-02-01T12:57:45.156+0000][1][safepoint    ] Total time for which application threads were stopped: 0.0002903 seconds, Stopping threads took: 0.0000776 seconds
[2019-02-01T12:57:45.500+0000][1][safepoint    ] Application time: 0.3439553 seconds
[2019-02-01T12:57:45.500+0000][1][safepoint    ] Total time for which application threads were stopped: 0.0000893 seconds, Stopping threads took: 0.0000290 seconds
[2019-02-01T12:57:45.507+0000][1][safepoint    ] Application time: 0.0065122 seconds
[2019-02-01T12:57:45.507+0000][1][safepoint    ] Total time for which application threads were stopped: 0.0001071 seconds, Stopping threads took: 0.0000265 seconds
[2019-02-01T12:57:46.465+0000][1][safepoint    ] Application time: 0.9582827 seconds
[2019-02-01T12:57:46.465+0000][1][safepoint    ] Total time for which application threads were stopped: 0.0000870 seconds, Stopping threads took: 0.0000146 seconds
[2019-02-01T12:57:46.474+0000][1][safepoint    ] Application time: 0.0088005 seconds
[2019-02-01T12:57:46.474+0000][1][safepoint    ] Total time for which application threads were stopped: 0.0000802 seconds, Stopping threads took: 0.0000124 seconds
[2019-02-01T12:57:47.474+0000][1][safepoint    ] Application time: 1.0002971 seconds
[2019-02-01T12:57:47.475+0000][1][safepoint    ] Total time for which application threads were stopped: 0.0000586 seconds, Stopping threads took: 0.0000124 seconds
[2019-02-01T12:57:48.023+0000][1][safepoint    ] Application time: 0.5482018 seconds
[2019-02-01T12:57:48.023+0000][1][safepoint    ] Total time for which application threads were stopped: 0.0000919 seconds, Stopping threads took: 0.0000156 seconds
[2019-02-01T12:57:48.024+0000][1][safepoint    ] Application time: 0.0007092 seconds
[2019-02-01T12:57:48.024+0000][1][safepoint    ] Total time for which application threads were stopped: 0.0000867 seconds, Stopping threads took: 0.0000191 seconds
[2019-02-01T12:57:48.030+0000][1][safepoint    ] Application time: 0.0060444 seconds
[2019-02-01T12:57:48.030+0000][1][safepoint    ] Total time for which application threads were stopped: 0.0000920 seconds, Stopping threads took: 0.0000210 seconds
[2019-02-01T12:57:48.034+0000][1][safepoint    ] Application time: 0.0035768 seconds
[2019-02-01T12:57:48.034+0000][1][safepoint    ] Total time for which application threads were stopped: 0.0000835 seconds, Stopping threads took: 0.0000136 seconds
[2019-02-01T12:57:49.034+0000][1][safepoint    ] Application time: 1.0001113 seconds
[2019-02-01T12:57:49.034+0000][1][safepoint    ] Total time for which application threads were stopped: 0.0000919 seconds, Stopping threads took: 0.0000150 seconds
[2019-02-01T12:57:49.766+0000][1][safepoint    ] Application time: 0.7325266 seconds
[2019-02-01T12:57:49.767+0000][1][safepoint    ] Total time for which application threads were stopped: 0.0000732 seconds, Stopping threads took: 0.0000111 seconds
[2019-02-01T12:57:49.787+0000][1][safepoint    ] Application time: 0.0203833 seconds
[2019-02-01T12:57:49.787+0000][1][safepoint    ] Total time for which application threads were stopped: 0.0000678 seconds, Stopping threads took: 0.0000107 seconds
[2019-02-01T12:57:49.883+0000][1][safepoint    ] Application time: 0.0961852 seconds
[2019-02-01T12:57:49.883+0000][1][safepoint    ] Total time for which application threads were stopped: 0.0000675 seconds, Stopping threads took: 0.0000103 seconds
[2019-02-01T12:57:50.539+0000][1][safepoint    ] Application time: 0.6552984 seconds
[2019-02-01T12:57:50.539+0000][1][safepoint    ] Total time for which application threads were stopped: 0.0001239 seconds, Stopping threads took: 0.0000430 seconds
[2019-02-01T12:57:50.543+0000][1][safepoint    ] Application time: 0.0040989 seconds
[2019-02-01T12:57:50.545+0000][1][safepoint    ] Total time for which application threads were stopped: 0.0024164 seconds, Stopping threads took: 0.0023418 seconds
[2019-02-01T12:57:51.548+0000][1][safepoint    ] Application time: 1.0030643 seconds
[2019-02-01T12:57:51.549+0000][1][safepoint    ] Total time for which application threads were stopped: 0.0000719 seconds, Stopping threads took: 0.0000115 seconds
[2019-02-01T12:57:51.911+0000][1][safepoint    ] Application time: 0.3619731 seconds
[2019-02-01T12:57:51.911+0000][1][safepoint    ] Total time for which application threads were stopped: 0.0002543 seconds, Stopping threads took: 0.0000123 seconds
[2019-02-01T12:57:52.911+0000][1][safepoint    ] Application time: 1.0001814 seconds
[2019-02-01T12:57:52.911+0000][1][safepoint    ] Total time for which application threads were stopped: 0.0000962 seconds, Stopping threads took: 0.0000302 seconds
[2019-02-01T12:57:53.057+0000][1][safepoint    ] Application time: 0.1457862 seconds
[2019-02-01T12:57:53.057+0000][1][safepoint    ] Total time for which application threads were stopped: 0.0000839 seconds, Stopping threads took: 0.0000201 seconds
[2019-02-01T12:57:53.062+0000][1][safepoint    ] Application time: 0.0050344 seconds
[2019-02-01T12:57:53.062+0000][1][safepoint    ] Total time for which application threads were stopped: 0.0000794 seconds, Stopping threads took: 0.0000204 seconds
[2019-02-01T12:57:54.063+0000][1][safepoint    ] Application time: 1.0002099 seconds
[2019-02-01T12:57:54.063+0000][1][safepoint    ] Total time for which application threads were stopped: 0.0000872 seconds, Stopping threads took: 0.0000182 seconds
[2019-02-01T12:57:55.063+0000][1][safepoint    ] Application time: 1.0005146 seconds
[2019-02-01T12:57:55.063+0000][1][safepoint    ] Total time for which application threads were stopped: 0.0000776 seconds, Stopping threads took: 0.0000140 seconds
[2019-02-01T12:57:55.576+0000][1][safepoint    ] Application time: 0.5124964 seconds
[2019-02-01T12:57:55.576+0000][1][safepoint    ] Total time for which application threads were stopped: 0.0001898 seconds, Stopping threads took: 0.0000400 seconds
[2019-02-01T12:57:55.583+0000][1][safepoint    ] Application time: 0.0069815 seconds
[2019-02-01T12:57:55.583+0000][1][safepoint    ] Total time for which application threads were stopped: 0.0001647 seconds, Stopping threads took: 0.0000406 seconds
[2019-02-01T12:57:56.584+0000][1][safepoint    ] Application time: 1.0001682 seconds
[2019-02-01T12:57:56.584+0000][1][safepoint    ] Total time for which application threads were stopped: 0.0000756 seconds, Stopping threads took: 0.0000121 seconds
[2019-02-01T12:57:57.584+0000][1][safepoint    ] Application time: 1.0001123 seconds
[2019-02-01T12:57:57.584+0000][1][safepoint    ] Total time for which application threads were stopped: 0.0000925 seconds, Stopping threads took: 0.0000162 seconds
[2019-02-01T12:57:58.100+0000][1][safepoint    ] Application time: 0.5163959 seconds
[2019-02-01T12:57:58.100+0000][1][safepoint    ] Total time for which application threads were stopped: 0.0000788 seconds, Stopping threads took: 0.0000202 seconds
[2019-02-01T12:57:58.110+0000][1][safepoint    ] Application time: 0.0094593 seconds
[2019-02-01T12:57:58.110+0000][1][safepoint    ] Total time for which application threads were stopped: 0.0004509 seconds, Stopping threads took: 0.0000292 seconds
[2019-02-01T12:57:59.111+0000][1][safepoint    ] Application time: 1.0002689 seconds
[2019-02-01T12:57:59.111+0000][1][safepoint    ] Total time for which application threads were stopped: 0.0001149 seconds, Stopping threads took: 0.0000226 seconds
[2019-02-01T12:58:00.111+0000][1][safepoint    ] Application time: 1.0001242 seconds
[2019-02-01T12:58:00.111+0000][1][safepoint    ] Total time for which application threads were stopped: 0.0000780 seconds, Stopping threads took: 0.0000148 seconds
[2019-02-01T12:58:00.632+0000][1][safepoint    ] Application time: 0.5213343 seconds
[2019-02-01T12:58:00.633+0000][1][safepoint    ] Total time for which application threads were stopped: 0.0002093 seconds, Stopping threads took: 0.0000610 seconds
[2019-02-01T12:58:00.645+0000][1][safepoint    ] Application time: 0.0118855 seconds
[2019-02-01T12:58:00.645+0000][1][safepoint    ] Total time for which application threads were stopped: 0.0002299 seconds, Stopping threads took: 0.0000517 seconds
[2019-02-01T12:58:01.646+0000][1][safepoint    ] Application time: 1.0003714 seconds
[2019-02-01T12:58:01.646+0000][1][safepoint    ] Total time for which application threads were stopped: 0.0002031 seconds, Stopping threads took: 0.0000409 seconds
[2019-02-01T12:58:02.646+0000][1][safepoint    ] Application time: 1.0002669 seconds
[2019-02-01T12:58:02.647+0000][1][safepoint    ] Total time for which application threads were stopped: 0.0001130 seconds, Stopping threads took: 0.0000262 seconds
[2019-02-01T12:58:03.162+0000][1][safepoint    ] Application time: 0.5152440 seconds
[2019-02-01T12:58:03.162+0000][1][safepoint    ] Total time for which application threads were stopped: 0.0001469 seconds, Stopping threads took: 0.0000168 seconds
[2019-02-01T12:58:03.167+0000][1][safepoint    ] Application time: 0.0051853 seconds
[2019-02-01T12:58:03.167+0000][1][safepoint    ] Total time for which application threads were stopped: 0.0000981 seconds, Stopping threads took: 0.0000145 seconds
[2019-02-01T12:58:03.662+0000][1][safepoint    ] Application time: 0.4940869 seconds
[2019-02-01T12:58:03.662+0000][1][safepoint    ] Total time for which application threads were stopped: 0.0000892 seconds, Stopping threads took: 0.0000094 seconds
[2019-02-01T12:58:03.662+0000][1][safepoint    ] Application time: 0.0005746 seconds
[2019-02-01T12:58:03.662+0000][1][safepoint    ] Total time for which application threads were stopped: 0.0000650 seconds, Stopping threads took: 0.0000072 seconds
[2019-02-01T12:58:03.663+0000][1][safepoint    ] Application time: 0.0001895 seconds
[2019-02-01T12:58:03.663+0000][1][safepoint    ] Total time for which application threads were stopped: 0.0000859 seconds, Stopping threads took: 0.0000434 seconds
[2019-02-01T12:58:03.676+0000][1][safepoint    ] Application time: 0.0134246 seconds
[2019-02-01T12:58:03.676+0000][1][safepoint    ] Total time for which application threads were stopped: 0.0001454 seconds, Stopping threads took: 0.0000284 seconds
[2019-02-01T12:58:04.676+0000][1][safepoint    ] Application time: 1.0001750 seconds
[2019-02-01T12:58:04.677+0000][1][safepoint    ] Total time for which application threads were stopped: 0.0000640 seconds, Stopping threads took: 0.0000136 seconds
[2019-02-01T12:58:05.677+0000][1][safepoint    ] Application time: 1.0004973 seconds
[2019-02-01T12:58:05.677+0000][1][safepoint    ] Total time for which application threads were stopped: 0.0001230 seconds, Stopping threads took: 0.0000194 seconds
[2019-02-01T12:58:05.682+0000][1][safepoint    ] Application time: 0.0048346 seconds
[2019-02-01T12:58:05.682+0000][1][safepoint    ] Total time for which application threads were stopped: 0.0001019 seconds, Stopping threads took: 0.0000238 seconds
[2019-02-01T12:58:05.686+0000][1][safepoint    ] Application time: 0.0039908 seconds
[2019-02-01T12:58:05.686+0000][1][safepoint    ] Total time for which application threads were stopped: 0.0001365 seconds, Stopping threads took: 0.0000238 seconds
[2019-02-01T12:58:06.687+0000][1][safepoint    ] Application time: 1.0001736 seconds
[2019-02-01T12:58:06.687+0000][1][safepoint    ] Total time for which application threads were stopped: 0.0000940 seconds, Stopping threads took: 0.0000178 seconds
[2019-02-01T12:58:07.687+0000][1][safepoint    ] Application time: 1.0001251 seconds
[2019-02-01T12:58:07.687+0000][1][safepoint    ] Total time for which application threads were stopped: 0.0000761 seconds, Stopping threads took: 0.0000157 seconds
[2019-02-01T12:58:08.201+0000][1][safepoint    ] Application time: 0.5138912 seconds
[2019-02-01T12:58:08.201+0000][1][safepoint    ] Total time for which application threads were stopped: 0.0001149 seconds, Stopping threads took: 0.0000262 seconds
[2019-02-01T12:58:08.216+0000][1][safepoint    ] Application time: 0.0152240 seconds
[2019-02-01T12:58:08.217+0000][1][safepoint    ] Total time for which application threads were stopped: 0.0001498 seconds, Stopping threads took: 0.0000289 seconds
[2019-02-01T12:58:09.217+0000][1][safepoint    ] Application time: 1.0005309 seconds
[2019-02-01T12:58:09.217+0000][1][safepoint    ] Total time for which application threads were stopped: 0.0000851 seconds, Stopping threads took: 0.0000159 seconds
[2019-02-01T12:58:10.217+0000][1][safepoint    ] Application time: 1.0001702 seconds
[2019-02-01T12:58:10.218+0000][1][safepoint    ] Total time for which application threads were stopped: 0.0001040 seconds, Stopping threads took: 0.0000174 seconds
[2019-02-01T12:58:10.728+0000][1][safepoint    ] Application time: 0.5099929 seconds
[2019-02-01T12:58:10.728+0000][1][safepoint    ] Total time for which application threads were stopped: 0.0000918 seconds, Stopping threads took: 0.0000207 seconds
[2019-02-01T12:58:10.734+0000][1][safepoint    ] Application time: 0.0059925 seconds
[2019-02-01T12:58:10.734+0000][1][safepoint    ] Total time for which application threads were stopped: 0.0000971 seconds, Stopping threads took: 0.0000224 seconds
[2019-02-01T12:58:11.734+0000][1][safepoint    ] Application time: 1.0001863 seconds
[2019-02-01T12:58:11.734+0000][1][safepoint    ] Total time for which application threads were stopped: 0.0002126 seconds, Stopping threads took: 0.0000412 seconds
[2019-02-01T12:58:12.735+0000][1][safepoint    ] Application time: 1.0001548 seconds
[2019-02-01T12:58:12.735+0000][1][safepoint    ] Total time for which application threads were stopped: 0.0000569 seconds, Stopping threads took: 0.0000127 seconds
[2019-02-01T12:58:13.254+0000][1][safepoint    ] Application time: 0.5188872 seconds
[2019-02-01T12:58:13.254+0000][1][safepoint    ] Total time for which application threads were stopped: 0.0001901 seconds, Stopping threads took: 0.0000393 seconds
[2019-02-01T12:58:13.264+0000][1][safepoint    ] Application time: 0.0106382 seconds
[2019-02-01T12:58:13.265+0000][1][safepoint    ] Total time for which application threads were stopped: 0.0001057 seconds, Stopping threads took: 0.0000257 seconds
[2019-02-01T12:58:14.265+0000][1][safepoint    ] Application time: 1.0002254 seconds
[2019-02-01T12:58:14.265+0000][1][safepoint    ] Total time for which application threads were stopped: 0.0000678 seconds, Stopping threads took: 0.0000185 seconds
[2019-02-01T12:58:15.265+0000][1][safepoint    ] Application time: 1.0003431 seconds
[2019-02-01T12:58:15.265+0000][1][safepoint    ] Total time for which application threads were stopped: 0.0000892 seconds, Stopping threads took: 0.0000179 seconds
[2019-02-01T12:58:15.781+0000][1][safepoint    ] Application time: 0.5155203 seconds
[2019-02-01T12:58:15.781+0000][1][safepoint    ] Total time for which application threads were stopped: 0.0001397 seconds, Stopping threads took: 0.0000317 seconds
[2019-02-01T12:58:15.786+0000][1][safepoint    ] Application time: 0.0049927 seconds
[2019-02-01T12:58:15.786+0000][1][safepoint    ] Total time for which application threads were stopped: 0.0000831 seconds, Stopping threads took: 0.0000197 seconds
[2019-02-01T12:58:16.786+0000][1][safepoint    ] Application time: 1.0001525 seconds
[2019-02-01T12:58:16.787+0000][1][safepoint    ] Total time for which application threads were stopped: 0.0000665 seconds, Stopping threads took: 0.0000150 seconds
[2019-02-01T12:58:17.787+0000][1][safepoint    ] Application time: 1.0001333 seconds
[2019-02-01T12:58:17.787+0000][1][safepoint    ] Total time for which application threads were stopped: 0.0000575 seconds, Stopping threads took: 0.0000123 seconds
[2019-02-01T12:58:18.299+0000][1][safepoint    ] Application time: 0.5119831 seconds
[2019-02-01T12:58:18.299+0000][1][safepoint    ] Total time for which application threads were stopped: 0.0001131 seconds, Stopping threads took: 0.0000242 seconds
[2019-02-01T12:58:18.302+0000][1][safepoint    ] Application time: 0.0033433 seconds
[2019-02-01T12:58:18.302+0000][1][safepoint    ] Total time for which application threads were stopped: 0.0000851 seconds, Stopping threads took: 0.0000185 seconds
[2019-02-01T12:58:19.303+0000][1][safepoint    ] Application time: 1.0002935 seconds
[2019-02-01T12:58:19.303+0000][1][safepoint    ] Total time for which application threads were stopped: 0.0001073 seconds, Stopping threads took: 0.0000210 seconds
[2019-02-01T12:58:20.303+0000][1][safepoint    ] Application time: 1.0004264 seconds
[2019-02-01T12:58:20.304+0000][1][safepoint    ] Total time for which application threads were stopped: 0.0001634 seconds, Stopping threads took: 0.0000307 seconds
[2019-02-01T12:58:20.847+0000][1][safepoint    ] Application time: 0.5435213 seconds
[2019-02-01T12:58:20.853+0000][1][safepoint    ] Total time for which application threads were stopped: 0.0057292 seconds, Stopping threads took: 0.0055898 seconds
[2019-02-01T12:58:20.858+0000][1][safepoint    ] Application time: 0.0052317 seconds
[2019-02-01T12:58:20.859+0000][1][safepoint    ] Total time for which application threads were stopped: 0.0008198 seconds, Stopping threads took: 0.0000355 seconds
[2019-02-01T12:58:21.860+0000][1][safepoint    ] Application time: 1.0006468 seconds
[2019-02-01T12:58:21.860+0000][1][safepoint    ] Total time for which application threads were stopped: 0.0000780 seconds, Stopping threads took: 0.0000149 seconds
[2019-02-01T12:58:21.913+0000][1][safepoint    ] Application time: 0.0530031 seconds
[2019-02-01T12:58:21.913+0000][1][safepoint    ] Total time for which application threads were stopped: 0.0001035 seconds, Stopping threads took: 0.0000167 seconds
[2019-02-01T12:58:21.922+0000][1][safepoint    ] Application time: 0.0084625 seconds
[2019-02-01T12:58:21.922+0000][1][safepoint    ] Total time for which application threads were stopped: 0.0001055 seconds, Stopping threads took: 0.0000256 seconds
[2019-02-01T12:58:21.940+0000][1][safepoint    ] Application time: 0.0180874 seconds
[2019-02-01T12:58:21.940+0000][1][safepoint    ] Total time for which application threads were stopped: 0.0001172 seconds, Stopping threads took: 0.0000300 seconds
[2019-02-01T12:58:22.940+0000][1][safepoint    ] Application time: 1.0001751 seconds
[2019-02-01T12:58:22.940+0000][1][safepoint    ] Total time for which application threads were stopped: 0.0001175 seconds, Stopping threads took: 0.0000535 seconds
[2019-02-01T12:58:23.941+0000][1][safepoint    ] Application time: 1.0001253 seconds
[2019-02-01T12:58:23.941+0000][1][safepoint    ] Total time for which application threads were stopped: 0.0001843 seconds, Stopping threads took: 0.0000172 seconds
[2019-02-01T12:58:24.941+0000][1][safepoint    ] Application time: 1.0004318 seconds
[2019-02-01T12:58:24.941+0000][1][safepoint    ] Total time for which application threads were stopped: 0.0000610 seconds, Stopping threads took: 0.0000125 seconds
[2019-02-01T12:58:25.942+0000][1][safepoint    ] Application time: 1.0004071 seconds
[2019-02-01T12:58:25.942+0000][1][safepoint    ] Total time for which application threads were stopped: 0.0000828 seconds, Stopping threads took: 0.0000269 seconds
[2019-02-01T12:58:26.942+0000][1][safepoint    ] Application time: 1.0004412 seconds
[2019-02-01T12:58:26.943+0000][1][safepoint    ] Total time for which application threads were stopped: 0.0001458 seconds, Stopping threads took: 0.0000361 seconds
[2019-02-01T12:58:27.943+0000][1][safepoint    ] Application time: 1.0001766 seconds
[2019-02-01T12:58:27.943+0000][1][safepoint    ] Total time for which application threads were stopped: 0.0000702 seconds, Stopping threads took: 0.0000151 seconds
[2019-02-01T12:58:28.943+0000][1][safepoint    ] Application time: 1.0001555 seconds
[2019-02-01T12:58:28.943+0000][1][safepoint    ] Total time for which application threads were stopped: 0.0000636 seconds, Stopping threads took: 0.0000127 seconds
[2019-02-01T12:58:29.943+0000][1][safepoint    ] Application time: 1.0001098 seconds
[2019-02-01T12:58:29.944+0000][1][safepoint    ] Total time for which application threads were stopped: 0.0000703 seconds, Stopping threads took: 0.0000115 seconds
[2019-02-01T12:58:30.945+0000][1][safepoint    ] Application time: 1.0010569 seconds
[2019-02-01T12:58:30.945+0000][1][safepoint    ] Total time for which application threads were stopped: 0.0001227 seconds, Stopping threads took: 0.0000531 seconds
[2019-02-01T12:58:31.945+0000][1][safepoint    ] Application time: 1.0001461 seconds
[2019-02-01T12:58:31.945+0000][1][safepoint    ] Total time for which application threads were stopped: 0.0000570 seconds, Stopping threads took: 0.0000119 seconds
[2019-02-01T12:58:32.945+0000][1][safepoint    ] Application time: 1.0001222 seconds
[2019-02-01T12:58:32.945+0000][1][safepoint    ] Total time for which application threads were stopped: 0.0000667 seconds, Stopping threads took: 0.0000154 seconds
[2019-02-01T12:58:33.945+0000][1][safepoint    ] Application time: 1.0001280 seconds
[2019-02-01T12:58:33.946+0000][1][safepoint    ] Total time for which application threads were stopped: 0.0003447 seconds, Stopping threads took: 0.0000181 seconds
[2019-02-01T12:58:34.946+0000][1][safepoint    ] Application time: 1.0001521 seconds
[2019-02-01T12:58:34.946+0000][1][safepoint    ] Total time for which application threads were stopped: 0.0000710 seconds, Stopping threads took: 0.0000115 seconds
[2019-02-01T12:58:35.946+0000][1][safepoint    ] Application time: 1.0000886 seconds
[2019-02-01T12:58:35.946+0000][1][safepoint    ] Total time for which application threads were stopped: 0.0000597 seconds, Stopping threads took: 0.0000119 seconds
[2019-02-01T12:58:36.947+0000][1][safepoint    ] Application time: 1.0001137 seconds
[2019-02-01T12:58:36.947+0000][1][safepoint    ] Total time for which application threads were stopped: 0.0000841 seconds, Stopping threads took: 0.0000159 seconds
[2019-02-01T12:58:37.947+0000][1][safepoint    ] Application time: 1.0002223 seconds
[2019-02-01T12:58:37.947+0000][1][safepoint    ] Total time for which application threads were stopped: 0.0000555 seconds, Stopping threads took: 0.0000120 seconds
[2019-02-01T12:58:38.947+0000][1][safepoint    ] Application time: 1.0001380 seconds
[2019-02-01T12:58:38.947+0000][1][safepoint    ] Total time for which application threads were stopped: 0.0000889 seconds, Stopping threads took: 0.0000164 seconds
[2019-02-01T12:58:39.947+0000][1][safepoint    ] Application time: 1.0001122 seconds
[2019-02-01T12:58:39.948+0000][1][safepoint    ] Total time for which application threads were stopped: 0.0000549 seconds, Stopping threads took: 0.0000122 seconds
[2019-02-01T12:58:40.948+0000][1][safepoint    ] Application time: 1.0001649 seconds
[2019-02-01T12:58:40.948+0000][1][safepoint    ] Total time for which application threads were stopped: 0.0000731 seconds, Stopping threads took: 0.0000161 seconds
[2019-02-01T12:58:41.948+0000][1][safepoint    ] Application time: 1.0001697 seconds
[2019-02-01T12:58:41.948+0000][1][safepoint    ] Total time for which application threads were stopped: 0.0000549 seconds, Stopping threads took: 0.0000122 seconds
[2019-02-01T12:58:42.948+0000][1][safepoint    ] Application time: 1.0001640 seconds
[2019-02-01T12:58:42.948+0000][1][safepoint    ] Total time for which application threads were stopped: 0.0000559 seconds, Stopping threads took: 0.0000126 seconds
[2019-02-01T12:58:43.949+0000][1][safepoint    ] Application time: 1.0001397 seconds
[2019-02-01T12:58:43.949+0000][1][safepoint    ] Total time for which application threads were stopped: 0.0000675 seconds, Stopping threads took: 0.0000125 seconds
[2019-02-01T12:58:44.949+0000][1][safepoint    ] Application time: 1.0001198 seconds
[2019-02-01T12:58:44.949+0000][1][safepoint    ] Total time for which application threads were stopped: 0.0000800 seconds, Stopping threads took: 0.0000159 seconds
[2019-02-01T12:58:45.953+0000][1][safepoint    ] Application time: 1.0035657 seconds
[2019-02-01T12:58:45.953+0000][1][safepoint    ] Total time for which application threads were stopped: 0.0001260 seconds, Stopping threads took: 0.0000758 seconds
[2019-02-01T12:58:46.953+0000][1][safepoint    ] Application time: 1.0000916 seconds
[2019-02-01T12:58:46.953+0000][1][safepoint    ] Total time for which application threads were stopped: 0.0000494 seconds, Stopping threads took: 0.0000087 seconds
[2019-02-01T12:58:47.953+0000][1][safepoint    ] Application time: 1.0000950 seconds
[2019-02-01T12:58:47.953+0000][1][safepoint    ] Total time for which application threads were stopped: 0.0000571 seconds, Stopping threads took: 0.0000091 seconds
[2019-02-01T12:58:48.953+0000][1][safepoint    ] Application time: 1.0000883 seconds
[2019-02-01T12:58:48.953+0000][1][safepoint    ] Total time for which application threads were stopped: 0.0000638 seconds, Stopping threads took: 0.0000101 seconds
[2019-02-01T12:58:49.953+0000][1][safepoint    ] Application time: 1.0001401 seconds
[2019-02-01T12:58:49.954+0000][1][safepoint    ] Total time for which application threads were stopped: 0.0000744 seconds, Stopping threads took: 0.0000155 seconds
[2019-02-01T12:58:50.954+0000][1][safepoint    ] Application time: 1.0001347 seconds
[2019-02-01T12:58:50.954+0000][1][safepoint    ] Total time for which application threads were stopped: 0.0000552 seconds, Stopping threads took: 0.0000121 seconds
[2019-02-01T12:58:51.954+0000][1][safepoint    ] Application time: 1.0001594 seconds
[2019-02-01T12:58:51.954+0000][1][safepoint    ] Total time for which application threads were stopped: 0.0000955 seconds, Stopping threads took: 0.0000157 seconds
[2019-02-01T12:58:52.954+0000][1][safepoint    ] Application time: 1.0001165 seconds
[2019-02-01T12:58:52.954+0000][1][safepoint    ] Total time for which application threads were stopped: 0.0000783 seconds, Stopping threads took: 0.0000290 seconds
[2019-02-01T12:58:53.955+0000][1][safepoint    ] Application time: 1.0001238 seconds
[2019-02-01T12:58:53.955+0000][1][safepoint    ] Total time for which application threads were stopped: 0.0000631 seconds, Stopping threads took: 0.0000116 seconds
[2019-02-01T12:58:54.955+0000][1][safepoint    ] Application time: 1.0001356 seconds
[2019-02-01T12:58:54.955+0000][1][safepoint    ] Total time for which application threads were stopped: 0.0000571 seconds, Stopping threads took: 0.0000120 seconds
[2019-02-01T12:58:55.955+0000][1][safepoint    ] Application time: 1.0001734 seconds
[2019-02-01T12:58:55.955+0000][1][safepoint    ] Total time for which application threads were stopped: 0.0000559 seconds, Stopping threads took: 0.0000125 seconds
[2019-02-01T12:58:56.955+0000][1][safepoint    ] Application time: 1.0001167 seconds
[2019-02-01T12:58:56.955+0000][1][safepoint    ] Total time for which application threads were stopped: 0.0000798 seconds, Stopping threads took: 0.0000158 seconds
[2019-02-01T12:58:57.956+0000][1][safepoint    ] Application time: 1.0001233 seconds
[2019-02-01T12:58:57.956+0000][1][safepoint    ] Total time for which application threads were stopped: 0.0000550 seconds, Stopping threads took: 0.0000117 seconds
[2019-02-01T12:58:58.956+0000][1][safepoint    ] Application time: 1.0001667 seconds
[2019-02-01T12:58:58.956+0000][1][safepoint    ] Total time for which application threads were stopped: 0.0000596 seconds, Stopping threads took: 0.0000120 seconds
[2019-02-01T12:58:59.956+0000][1][safepoint    ] Application time: 1.0001429 seconds
[2019-02-01T12:58:59.956+0000][1][safepoint    ] Total time for which application threads were stopped: 0.0000571 seconds, Stopping threads took: 0.0000122 seconds
[2019-02-01T12:59:00.956+0000][1][safepoint    ] Application time: 1.0001596 seconds
[2019-02-01T12:59:00.956+0000][1][safepoint    ] Total time for which application threads were stopped: 0.0000578 seconds, Stopping threads took: 0.0000125 seconds
[2019-02-01T12:59:01.957+0000][1][safepoint    ] Application time: 1.0001090 seconds
[2019-02-01T12:59:01.957+0000][1][safepoint    ] Total time for which application threads were stopped: 0.0000845 seconds, Stopping threads took: 0.0000164 seconds
[2019-02-01T12:59:02.957+0000][1][safepoint    ] Application time: 1.0001481 seconds
[2019-02-01T12:59:02.957+0000][1][safepoint    ] Total time for which application threads were stopped: 0.0000574 seconds, Stopping threads took: 0.0000123 seconds
[2019-02-01T12:59:03.620+0000][1][safepoint    ] Application time: 0.6633433 seconds
[2019-02-01T12:59:03.621+0000][1][safepoint    ] Total time for which application threads were stopped: 0.0001235 seconds, Stopping threads took: 0.0000367 seconds
[2019-02-01T12:59:03.621+0000][1][safepoint    ] Application time: 0.0001465 seconds
[2019-02-01T12:59:03.621+0000][1][safepoint    ] Total time for which application threads were stopped: 0.0000900 seconds, Stopping threads took: 0.0000086 seconds
[2019-02-01T12:59:03.621+0000][1][safepoint    ] Application time: 0.0001385 seconds
[2019-02-01T12:59:03.621+0000][1][safepoint    ] Total time for which application threads were stopped: 0.0002819 seconds, Stopping threads took: 0.0000070 seconds
[2019-02-01T12:59:03.688+0000][1][safepoint    ] Application time: 0.0671392 seconds
[2019-02-01T12:59:03.689+0000][1][safepoint    ] Total time for which application threads were stopped: 0.0001327 seconds, Stopping threads took: 0.0000389 seconds
[2019-02-01T12:59:03.689+0000][1][safepoint    ] Application time: 0.0003329 seconds
[2019-02-01T12:59:03.689+0000][1][safepoint    ] Total time for which application threads were stopped: 0.0001288 seconds, Stopping threads took: 0.0000539 seconds
[2019-02-01T12:59:03.690+0000][1][safepoint    ] Application time: 0.0005669 seconds
[2019-02-01T12:59:03.690+0000][1][safepoint    ] Total time for which application threads were stopped: 0.0000660 seconds, Stopping threads took: 0.0000127 seconds
[2019-02-01T12:59:04.690+0000][1][safepoint    ] Application time: 1.0001359 seconds
[2019-02-01T12:59:04.690+0000][1][safepoint    ] Total time for which application threads were stopped: 0.0001126 seconds, Stopping threads took: 0.0000161 seconds
[2019-02-01T12:59:05.690+0000][1][safepoint    ] Application time: 1.0000438 seconds
[2019-02-01T12:59:05.690+0000][1][safepoint    ] Total time for which application threads were stopped: 0.0000538 seconds, Stopping threads took: 0.0000104 seconds
[2019-02-01T12:59:06.690+0000][1][safepoint    ] Application time: 1.0001272 seconds
[2019-02-01T12:59:06.691+0000][1][safepoint    ] Total time for which application threads were stopped: 0.0001139 seconds, Stopping threads took: 0.0000192 seconds
[2019-02-01T12:59:07.691+0000][1][safepoint    ] Application time: 1.0001189 seconds
[2019-02-01T12:59:07.691+0000][1][safepoint    ] Total time for which application threads were stopped: 0.0000602 seconds, Stopping threads took: 0.0000118 seconds
[2019-02-01T12:59:08.691+0000][1][safepoint    ] Application time: 1.0001548 seconds
[2019-02-01T12:59:08.691+0000][1][safepoint    ] Total time for which application threads were stopped: 0.0003744 seconds, Stopping threads took: 0.0002109 seconds
[2019-02-01T12:59:09.692+0000][1][safepoint    ] Application time: 1.0001632 seconds
[2019-02-01T12:59:09.692+0000][1][safepoint    ] Total time for which application threads were stopped: 0.0000715 seconds, Stopping threads took: 0.0000138 seconds
[2019-02-01T12:59:10.692+0000][1][safepoint    ] Application time: 1.0000990 seconds
[2019-02-01T12:59:10.692+0000][1][safepoint    ] Total time for which application threads were stopped: 0.0000611 seconds, Stopping threads took: 0.0000149 seconds
[2019-02-01T12:59:11.692+0000][1][safepoint    ] Application time: 1.0002460 seconds
[2019-02-01T12:59:11.693+0000][1][safepoint    ] Total time for which application threads were stopped: 0.0001532 seconds, Stopping threads took: 0.0000309 seconds
[2019-02-01T12:59:12.693+0000][1][safepoint    ] Application time: 1.0002158 seconds
[2019-02-01T12:59:12.693+0000][1][safepoint    ] Total time for which application threads were stopped: 0.0000576 seconds, Stopping threads took: 0.0000121 seconds
[2019-02-01T12:59:13.693+0000][1][safepoint    ] Application time: 1.0001676 seconds
[2019-02-01T12:59:13.693+0000][1][safepoint    ] Total time for which application threads were stopped: 0.0001378 seconds, Stopping threads took: 0.0000407 seconds
[2019-02-01T12:59:14.239+0000][1][safepoint    ] Application time: 0.5456074 seconds
[2019-02-01T12:59:14.239+0000][1][safepoint    ] Total time for which application threads were stopped: 0.0001613 seconds, Stopping threads took: 0.0000576 seconds
[2019-02-01T12:59:14.249+0000][1][safepoint    ] Application time: 0.0102049 seconds
[2019-02-01T12:59:14.250+0000][1][safepoint    ] Total time for which application threads were stopped: 0.0000971 seconds, Stopping threads took: 0.0000134 seconds
[2019-02-01T12:59:15.250+0000][1][safepoint    ] Application time: 1.0001117 seconds
[2019-02-01T12:59:15.250+0000][1][safepoint    ] Total time for which application threads were stopped: 0.0000641 seconds, Stopping threads took: 0.0000114 seconds
[2019-02-01T12:59:16.250+0000][1][safepoint    ] Application time: 1.0001430 seconds
[2019-02-01T12:59:16.250+0000][1][safepoint    ] Total time for which application threads were stopped: 0.0000569 seconds, Stopping threads took: 0.0000126 seconds
[2019-02-01T12:59:16.989+0000][1][safepoint    ] Application time: 0.7385859 seconds
[2019-02-01T12:59:16.989+0000][1][safepoint    ] Total time for which application threads were stopped: 0.0005582 seconds, Stopping threads took: 0.0000202 seconds
[2019-02-01T12:59:16.993+0000][1][safepoint    ] Application time: 0.0035016 seconds
[2019-02-01T12:59:16.994+0000][1][safepoint    ] Total time for which application threads were stopped: 0.0007207 seconds, Stopping threads took: 0.0000224 seconds
[2019-02-01T12:59:16.999+0000][1][safepoint    ] Application time: 0.0042321 seconds
[2019-02-01T12:59:16.999+0000][1][safepoint    ] Total time for which application threads were stopped: 0.0006039 seconds, Stopping threads took: 0.0000290 seconds
[2019-02-01T12:59:17.046+0000][1][safepoint    ] Application time: 0.0469152 seconds
[2019-02-01T12:59:17.047+0000][1][safepoint    ] Total time for which application threads were stopped: 0.0001516 seconds, Stopping threads took: 0.0000108 seconds
[2019-02-01T12:59:17.077+0000][1][safepoint    ] Application time: 0.0301335 seconds
[2019-02-01T12:59:17.078+0000][1][safepoint    ] Total time for which application threads were stopped: 0.0009009 seconds, Stopping threads took: 0.0000264 seconds
[2019-02-01T12:59:17.095+0000][1][safepoint    ] Application time: 0.0169910 seconds
[2019-02-01T12:59:17.095+0000][1][safepoint    ] Total time for which application threads were stopped: 0.0001106 seconds, Stopping threads took: 0.0000273 seconds
[2019-02-01T12:59:17.108+0000][1][safepoint    ] Application time: 0.0132785 seconds
[2019-02-01T12:59:17.108+0000][1][safepoint    ] Total time for which application threads were stopped: 0.0001195 seconds, Stopping threads took: 0.0000244 seconds
[2019-02-01T12:59:17.115+0000][1][safepoint    ] Application time: 0.0068670 seconds
[2019-02-01T12:59:17.115+0000][1][safepoint    ] Total time for which application threads were stopped: 0.0001137 seconds, Stopping threads took: 0.0000244 seconds
[2019-02-01T12:59:17.440+0000][1][safepoint    ] Application time: 0.3246240 seconds
[2019-02-01T12:59:17.440+0000][1][safepoint    ] Total time for which application threads were stopped: 0.0001497 seconds, Stopping threads took: 0.0000279 seconds
[2019-02-01T12:59:17.448+0000][1][safepoint    ] Application time: 0.0080414 seconds
[2019-02-01T12:59:17.449+0000][1][safepoint    ] Total time for which application threads were stopped: 0.0001734 seconds, Stopping threads took: 0.0000161 seconds
[2019-02-01T12:59:17.461+0000][1][safepoint    ] Application time: 0.0119811 seconds
[2019-02-01T12:59:17.465+0000][1][safepoint    ] Total time for which application threads were stopped: 0.0045275 seconds, Stopping threads took: 0.0043878 seconds
[2019-02-01T12:59:18.469+0000][1][safepoint    ] Application time: 1.0039769 seconds
[2019-02-01T12:59:18.469+0000][1][safepoint    ] Total time for which application threads were stopped: 0.0000911 seconds, Stopping threads took: 0.0000161 seconds
[2019-02-01T12:59:19.470+0000][1][safepoint    ] Application time: 1.0001955 seconds
[2019-02-01T12:59:19.470+0000][1][safepoint    ] Total time for which application threads were stopped: 0.0000777 seconds, Stopping threads took: 0.0000148 seconds
[2019-02-01T12:59:20.225+0000][1][safepoint    ] Application time: 0.7556520 seconds
[2019-02-01T12:59:20.226+0000][1][safepoint    ] Total time for which application threads were stopped: 0.0002313 seconds, Stopping threads took: 0.0000388 seconds
[2019-02-01T12:59:20.237+0000][1][safepoint    ] Application time: 0.0113540 seconds
[2019-02-01T12:59:20.237+0000][1][safepoint    ] Total time for which application threads were stopped: 0.0001441 seconds, Stopping threads took: 0.0000207 seconds
[2019-02-01T12:59:20.252+0000][1][safepoint    ] Application time: 0.0149561 seconds
[2019-02-01T12:59:20.252+0000][1][safepoint    ] Total time for which application threads were stopped: 0.0001116 seconds, Stopping threads took: 0.0000272 seconds
[2019-02-01T12:59:20.256+0000][1][safepoint    ] Application time: 0.0033624 seconds
[2019-02-01T12:59:20.256+0000][1][safepoint    ] Total time for which application threads were stopped: 0.0000908 seconds, Stopping threads took: 0.0000098 seconds
[2019-02-01T12:59:20.279+0000][1][safepoint    ] Application time: 0.0235543 seconds
[2019-02-01T12:59:20.280+0000][1][safepoint    ] Total time for which application threads were stopped: 0.0002848 seconds, Stopping threads took: 0.0000096 seconds
[2019-02-01T12:59:20.280+0000][1][safepoint    ] Application time: 0.0002099 seconds
[2019-02-01T12:59:20.280+0000][1][safepoint    ] Total time for which application threads were stopped: 0.0000397 seconds, Stopping threads took: 0.0000049 seconds
[2019-02-01T12:59:20.288+0000][1][safepoint    ] Application time: 0.0076076 seconds
[2019-02-01T12:59:20.288+0000][1][safepoint    ] Total time for which application threads were stopped: 0.0002067 seconds, Stopping threads took: 0.0000115 seconds
[2019-02-01T12:59:20.295+0000][1][safepoint    ] Application time: 0.0067304 seconds
[2019-02-01T12:59:20.295+0000][1][safepoint    ] Total time for which application threads were stopped: 0.0000700 seconds, Stopping threads took: 0.0000098 seconds
[2019-02-01T12:59:20.295+0000][1][safepoint    ] Application time: 0.0007610 seconds
[2019-02-01T12:59:20.296+0000][1][safepoint    ] Total time for which application threads were stopped: 0.0000675 seconds, Stopping threads took: 0.0000128 seconds
[2019-02-01T12:59:20.298+0000][1][safepoint    ] Application time: 0.0025638 seconds
[2019-02-01T12:59:20.298+0000][1][safepoint    ] Total time for which application threads were stopped: 0.0001038 seconds, Stopping threads took: 0.0000154 seconds
[2019-02-01T12:59:20.306+0000][1][safepoint    ] Application time: 0.0076762 seconds
[2019-02-01T12:59:20.306+0000][1][safepoint    ] Total time for which application threads were stopped: 0.0000850 seconds, Stopping threads took: 0.0000105 seconds
[2019-02-01T12:59:20.306+0000][1][safepoint    ] Application time: 0.0002592 seconds
[2019-02-01T12:59:20.306+0000][1][safepoint    ] Total time for which application threads were stopped: 0.0000410 seconds, Stopping threads took: 0.0000055 seconds
[2019-02-01T12:59:20.309+0000][1][safepoint    ] Application time: 0.0023994 seconds
[2019-02-01T12:59:20.309+0000][1][safepoint    ] Total time for which application threads were stopped: 0.0000697 seconds, Stopping threads took: 0.0000101 seconds
[2019-02-01T12:59:20.325+0000][1][safepoint    ] Application time: 0.0162906 seconds
[2019-02-01T12:59:20.325+0000][1][safepoint    ] Total time for which application threads were stopped: 0.0000756 seconds, Stopping threads took: 0.0000112 seconds
[2019-02-01T12:59:20.325+0000][1][safepoint    ] Application time: 0.0001410 seconds
[2019-02-01T12:59:20.326+0000][1][safepoint    ] Total time for which application threads were stopped: 0.0000375 seconds, Stopping threads took: 0.0000052 seconds
[2019-02-01T12:59:20.328+0000][1][safepoint    ] Application time: 0.0027480 seconds
[2019-02-01T12:59:20.328+0000][1][safepoint    ] Total time for which application threads were stopped: 0.0000738 seconds, Stopping threads took: 0.0000112 seconds
[2019-02-01T12:59:20.342+0000][1][safepoint    ] Application time: 0.0132359 seconds
[2019-02-01T12:59:20.342+0000][1][safepoint    ] Total time for which application threads were stopped: 0.0000845 seconds, Stopping threads took: 0.0000106 seconds
[2019-02-01T12:59:20.342+0000][1][safepoint    ] Application time: 0.0001691 seconds
[2019-02-01T12:59:20.342+0000][1][safepoint    ] Total time for which application threads were stopped: 0.0000394 seconds, Stopping threads took: 0.0000048 seconds
[2019-02-01T12:59:20.344+0000][1][safepoint    ] Application time: 0.0022447 seconds
[2019-02-01T12:59:20.344+0000][1][safepoint    ] Total time for which application threads were stopped: 0.0000743 seconds, Stopping threads took: 0.0000111 seconds
[2019-02-01T12:59:20.368+0000][1][safepoint    ] Application time: 0.0234513 seconds
[2019-02-01T12:59:20.368+0000][1][safepoint    ] Total time for which application threads were stopped: 0.0001070 seconds, Stopping threads took: 0.0000159 seconds
[2019-02-01T12:59:20.368+0000][1][safepoint    ] Application time: 0.0002480 seconds
[2019-02-01T12:59:20.368+0000][1][safepoint    ] Total time for which application threads were stopped: 0.0000985 seconds, Stopping threads took: 0.0000127 seconds
[2019-02-01T12:59:20.371+0000][1][safepoint    ] Application time: 0.0024841 seconds
[2019-02-01T12:59:20.371+0000][1][safepoint    ] Total time for which application threads were stopped: 0.0001139 seconds, Stopping threads took: 0.0000157 seconds
[2019-02-01T12:59:20.372+0000][1][safepoint    ] Application time: 0.0005148 seconds
[2019-02-01T12:59:20.372+0000][1][safepoint    ] Total time for which application threads were stopped: 0.0001068 seconds, Stopping threads took: 0.0000163 seconds
[2019-02-01T12:59:20.377+0000][1][safepoint    ] Application time: 0.0049033 seconds
[2019-02-01T12:59:20.377+0000][1][gc,start     ] GC(23) Pause Young (Allocation Failure)
[2019-02-01T12:59:20.377+0000][1][gc,task      ] GC(23) Using 2 workers of 2 for evacuation
[2019-02-01T12:59:20.392+0000][1][gc,age       ] GC(23) Desired survivor size 4456448 bytes, new threshold 4 (max threshold 6)
[2019-02-01T12:59:20.392+0000][1][gc,age       ] GC(23) Age table with threshold 4 (max threshold 6)
[2019-02-01T12:59:20.392+0000][1][gc,age       ] GC(23) - age   1:    1105192 bytes,    1105192 total
[2019-02-01T12:59:20.392+0000][1][gc,age       ] GC(23) - age   2:    1475648 bytes,    2580840 total
[2019-02-01T12:59:20.392+0000][1][gc,age       ] GC(23) - age   3:    1628168 bytes,    4209008 total
[2019-02-01T12:59:20.392+0000][1][gc,age       ] GC(23) - age   4:     996712 bytes,    5205720 total
[2019-02-01T12:59:20.392+0000][1][gc,heap      ] GC(23) ParNew: 76920K->7254K(78656K)
[2019-02-01T12:59:20.392+0000][1][gc,heap      ] GC(23) CMS: 65930K->83592K(174784K)
[2019-02-01T12:59:20.392+0000][1][gc,metaspace ] GC(23) Metaspace: 69669K->69669K(1114112K)
[2019-02-01T12:59:20.392+0000][1][gc           ] GC(23) Pause Young (Allocation Failure) 139M->88M(247M) 15.634ms
[2019-02-01T12:59:20.392+0000][1][gc,cpu       ] GC(23) User=0.03s Sys=0.00s Real=0.02s
[2019-02-01T12:59:20.392+0000][1][safepoint    ] Total time for which application threads were stopped: 0.0157942 seconds, Stopping threads took: 0.0000110 seconds
[2019-02-01T12:59:20.393+0000][1][safepoint    ] Application time: 0.0004138 seconds
[2019-02-01T12:59:20.393+0000][1][safepoint    ] Total time for which application threads were stopped: 0.0001363 seconds, Stopping threads took: 0.0000435 seconds
[2019-02-01T12:59:20.401+0000][1][safepoint    ] Application time: 0.0080562 seconds
[2019-02-01T12:59:20.401+0000][1][safepoint    ] Total time for which application threads were stopped: 0.0000736 seconds, Stopping threads took: 0.0000107 seconds
[2019-02-01T12:59:20.401+0000][1][safepoint    ] Application time: 0.0001477 seconds
[2019-02-01T12:59:20.401+0000][1][safepoint    ] Total time for which application threads were stopped: 0.0000363 seconds, Stopping threads took: 0.0000042 seconds
[2019-02-01T12:59:20.403+0000][1][safepoint    ] Application time: 0.0019100 seconds
[2019-02-01T12:59:20.403+0000][1][safepoint    ] Total time for which application threads were stopped: 0.0000922 seconds, Stopping threads took: 0.0000381 seconds
[2019-02-01T12:59:20.409+0000][1][safepoint    ] Application time: 0.0054033 seconds
[2019-02-01T12:59:20.409+0000][1][safepoint    ] Total time for which application threads were stopped: 0.0001019 seconds, Stopping threads took: 0.0000219 seconds
[2019-02-01T12:59:20.410+0000][1][safepoint    ] Application time: 0.0009347 seconds
[2019-02-01T12:59:20.410+0000][1][safepoint    ] Total time for which application threads were stopped: 0.0000596 seconds, Stopping threads took: 0.0000058 seconds
[2019-02-01T12:59:20.412+0000][1][safepoint    ] Application time: 0.0018795 seconds
[2019-02-01T12:59:20.412+0000][1][safepoint    ] Total time for which application threads were stopped: 0.0000692 seconds, Stopping threads took: 0.0000107 seconds
[2019-02-01T12:59:20.412+0000][1][safepoint    ] Application time: 0.0001805 seconds
[2019-02-01T12:59:20.412+0000][1][safepoint    ] Total time for which application threads were stopped: 0.0000356 seconds, Stopping threads took: 0.0000041 seconds
[2019-02-01T12:59:20.416+0000][1][safepoint    ] Application time: 0.0042905 seconds
[2019-02-01T12:59:20.417+0000][1][safepoint    ] Total time for which application threads were stopped: 0.0000713 seconds, Stopping threads took: 0.0000103 seconds
[2019-02-01T12:59:20.417+0000][1][safepoint    ] Application time: 0.0001459 seconds
[2019-02-01T12:59:20.417+0000][1][safepoint    ] Total time for which application threads were stopped: 0.0000367 seconds, Stopping threads took: 0.0000042 seconds
[2019-02-01T12:59:20.420+0000][1][safepoint    ] Application time: 0.0029017 seconds
[2019-02-01T12:59:20.420+0000][1][safepoint    ] Total time for which application threads were stopped: 0.0000687 seconds, Stopping threads took: 0.0000100 seconds
[2019-02-01T12:59:20.425+0000][1][safepoint    ] Application time: 0.0047311 seconds
[2019-02-01T12:59:20.425+0000][1][safepoint    ] Total time for which application threads were stopped: 0.0000731 seconds, Stopping threads took: 0.0000114 seconds
[2019-02-01T12:59:20.425+0000][1][safepoint    ] Application time: 0.0001149 seconds
[2019-02-01T12:59:20.425+0000][1][safepoint    ] Total time for which application threads were stopped: 0.0000350 seconds, Stopping threads took: 0.0000041 seconds
[2019-02-01T12:59:20.426+0000][1][safepoint    ] Application time: 0.0015877 seconds
[2019-02-01T12:59:20.427+0000][1][safepoint    ] Total time for which application threads were stopped: 0.0000677 seconds, Stopping threads took: 0.0000094 seconds
[2019-02-01T12:59:20.432+0000][1][safepoint    ] Application time: 0.0053147 seconds
[2019-02-01T12:59:20.432+0000][1][safepoint    ] Total time for which application threads were stopped: 0.0000735 seconds, Stopping threads took: 0.0000099 seconds
[2019-02-01T12:59:20.432+0000][1][safepoint    ] Application time: 0.0001101 seconds
[2019-02-01T12:59:20.432+0000][1][safepoint    ] Total time for which application threads were stopped: 0.0000363 seconds, Stopping threads took: 0.0000041 seconds
[2019-02-01T12:59:20.434+0000][1][safepoint    ] Application time: 0.0015206 seconds
[2019-02-01T12:59:20.434+0000][1][safepoint    ] Total time for which application threads were stopped: 0.0000657 seconds, Stopping threads took: 0.0000088 seconds
[2019-02-01T12:59:20.439+0000][1][safepoint    ] Application time: 0.0050076 seconds
[2019-02-01T12:59:20.439+0000][1][safepoint    ] Total time for which application threads were stopped: 0.0000837 seconds, Stopping threads took: 0.0000098 seconds
[2019-02-01T12:59:20.439+0000][1][safepoint    ] Application time: 0.0001863 seconds
[2019-02-01T12:59:20.439+0000][1][safepoint    ] Total time for which application threads were stopped: 0.0000358 seconds, Stopping threads took: 0.0000040 seconds
[2019-02-01T12:59:20.441+0000][1][safepoint    ] Application time: 0.0016273 seconds
[2019-02-01T12:59:20.441+0000][1][safepoint    ] Total time for which application threads were stopped: 0.0000786 seconds, Stopping threads took: 0.0000096 seconds
[2019-02-01T12:59:20.441+0000][1][safepoint    ] Application time: 0.0001152 seconds
[2019-02-01T12:59:20.441+0000][1][safepoint    ] Total time for which application threads were stopped: 0.0000650 seconds, Stopping threads took: 0.0000055 seconds
[2019-02-01T12:59:20.441+0000][1][safepoint    ] Application time: 0.0000789 seconds
[2019-02-01T12:59:20.441+0000][1][safepoint    ] Total time for which application threads were stopped: 0.0000580 seconds, Stopping threads took: 0.0000038 seconds
[2019-02-01T12:59:20.457+0000][1][safepoint    ] Application time: 0.0159954 seconds
[2019-02-01T12:59:20.457+0000][1][safepoint    ] Total time for which application threads were stopped: 0.0000944 seconds, Stopping threads took: 0.0000267 seconds
[2019-02-01T12:59:20.458+0000][1][safepoint    ] Application time: 0.0001800 seconds
[2019-02-01T12:59:20.458+0000][1][safepoint    ] Total time for which application threads were stopped: 0.0000431 seconds, Stopping threads took: 0.0000127 seconds
[2019-02-01T12:59:20.462+0000][1][safepoint    ] Application time: 0.0043301 seconds
[2019-02-01T12:59:20.462+0000][1][safepoint    ] Total time for which application threads were stopped: 0.0001141 seconds, Stopping threads took: 0.0000330 seconds
[2019-02-01T12:59:20.468+0000][1][safepoint    ] Application time: 0.0060109 seconds
[2019-02-01T12:59:20.468+0000][1][safepoint    ] Total time for which application threads were stopped: 0.0000715 seconds, Stopping threads took: 0.0000109 seconds
[2019-02-01T12:59:20.468+0000][1][safepoint    ] Application time: 0.0001545 seconds
[2019-02-01T12:59:20.468+0000][1][safepoint    ] Total time for which application threads were stopped: 0.0000343 seconds, Stopping threads took: 0.0000041 seconds
[2019-02-01T12:59:20.471+0000][1][safepoint    ] Application time: 0.0027082 seconds
[2019-02-01T12:59:20.471+0000][1][safepoint    ] Total time for which application threads were stopped: 0.0000681 seconds, Stopping threads took: 0.0000109 seconds
[2019-02-01T12:59:20.486+0000][1][safepoint    ] Application time: 0.0142977 seconds
[2019-02-01T12:59:20.486+0000][1][safepoint    ] Total time for which application threads were stopped: 0.0000866 seconds, Stopping threads took: 0.0000256 seconds
[2019-02-01T12:59:20.486+0000][1][safepoint    ] Application time: 0.0006195 seconds
[2019-02-01T12:59:20.487+0000][1][safepoint    ] Total time for which application threads were stopped: 0.0000531 seconds, Stopping threads took: 0.0000085 seconds
[2019-02-01T12:59:20.488+0000][1][safepoint    ] Application time: 0.0017071 seconds
[2019-02-01T12:59:20.488+0000][1][safepoint    ] Total time for which application threads were stopped: 0.0002504 seconds, Stopping threads took: 0.0000096 seconds
[2019-02-01T12:59:20.494+0000][1][safepoint    ] Application time: 0.0051608 seconds
[2019-02-01T12:59:20.494+0000][1][safepoint    ] Total time for which application threads were stopped: 0.0000851 seconds, Stopping threads took: 0.0000097 seconds
[2019-02-01T12:59:20.494+0000][1][safepoint    ] Application time: 0.0001232 seconds
[2019-02-01T12:59:20.494+0000][1][safepoint    ] Total time for which application threads were stopped: 0.0000445 seconds, Stopping threads took: 0.0000050 seconds
[2019-02-01T12:59:20.494+0000][1][safepoint    ] Application time: 0.0000869 seconds
[2019-02-01T12:59:20.494+0000][1][safepoint    ] Total time for which application threads were stopped: 0.0002015 seconds, Stopping threads took: 0.0000045 seconds
[2019-02-01T12:59:20.502+0000][1][safepoint    ] Application time: 0.0072684 seconds
[2019-02-01T12:59:20.502+0000][1][safepoint    ] Total time for which application threads were stopped: 0.0000759 seconds, Stopping threads took: 0.0000103 seconds
[2019-02-01T12:59:20.502+0000][1][safepoint    ] Application time: 0.0001332 seconds
[2019-02-01T12:59:20.502+0000][1][safepoint    ] Total time for which application threads were stopped: 0.0000422 seconds, Stopping threads took: 0.0000050 seconds
[2019-02-01T12:59:21.502+0000][1][safepoint    ] Application time: 1.0003878 seconds
[2019-02-01T12:59:21.502+0000][1][safepoint    ] Total time for which application threads were stopped: 0.0001049 seconds, Stopping threads took: 0.0000155 seconds
[2019-02-01T12:59:22.503+0000][1][safepoint    ] Application time: 1.0008296 seconds
[2019-02-01T12:59:22.503+0000][1][safepoint    ] Total time for which application threads were stopped: 0.0001065 seconds, Stopping threads took: 0.0000210 seconds
[2019-02-01T12:59:23.504+0000][1][safepoint    ] Application time: 1.0001520 seconds
[2019-02-01T12:59:23.504+0000][1][safepoint    ] Total time for which application threads were stopped: 0.0001398 seconds, Stopping threads took: 0.0000678 seconds
[2019-02-01T12:59:24.504+0000][1][safepoint    ] Application time: 1.0001975 seconds
[2019-02-01T12:59:24.504+0000][1][safepoint    ] Total time for which application threads were stopped: 0.0001055 seconds, Stopping threads took: 0.0000170 seconds
[2019-02-01T12:59:25.505+0000][1][safepoint    ] Application time: 1.0004645 seconds
[2019-02-01T12:59:25.505+0000][1][safepoint    ] Total time for which application threads were stopped: 0.0000712 seconds, Stopping threads took: 0.0000138 seconds
[2019-02-01T12:59:26.505+0000][1][safepoint    ] Application time: 1.0001860 seconds
[2019-02-01T12:59:26.505+0000][1][safepoint    ] Total time for which application threads were stopped: 0.0000624 seconds, Stopping threads took: 0.0000136 seconds
[2019-02-01T12:59:27.505+0000][1][safepoint    ] Application time: 1.0001652 seconds
[2019-02-01T12:59:27.505+0000][1][safepoint    ] Total time for which application threads were stopped: 0.0000603 seconds, Stopping threads took: 0.0000125 seconds
[2019-02-01T12:59:28.505+0000][1][safepoint    ] Application time: 1.0001358 seconds
[2019-02-01T12:59:28.506+0000][1][safepoint    ] Total time for which application threads were stopped: 0.0000889 seconds, Stopping threads took: 0.0000185 seconds
[2019-02-01T12:59:29.506+0000][1][safepoint    ] Application time: 1.0001371 seconds
[2019-02-01T12:59:29.506+0000][1][safepoint    ] Total time for which application threads were stopped: 0.0000715 seconds, Stopping threads took: 0.0000131 seconds
[2019-02-01T12:59:30.506+0000][1][safepoint    ] Application time: 1.0001561 seconds
[2019-02-01T12:59:30.506+0000][1][safepoint    ] Total time for which application threads were stopped: 0.0000623 seconds, Stopping threads took: 0.0000131 seconds
[2019-02-01T12:59:31.508+0000][1][safepoint    ] Application time: 1.0023061 seconds
[2019-02-01T12:59:31.510+0000][1][safepoint    ] Total time for which application threads were stopped: 0.0008168 seconds, Stopping threads took: 0.0001170 seconds
[2019-02-01T12:59:32.510+0000][1][safepoint    ] Application time: 1.0003770 seconds
[2019-02-01T12:59:32.510+0000][1][safepoint    ] Total time for which application threads were stopped: 0.0000610 seconds, Stopping threads took: 0.0000133 seconds
[2019-02-01T12:59:33.510+0000][1][safepoint    ] Application time: 1.0001794 seconds
[2019-02-01T12:59:33.510+0000][1][safepoint    ] Total time for which application threads were stopped: 0.0000615 seconds, Stopping threads took: 0.0000136 seconds
[2019-02-01T12:59:34.511+0000][1][safepoint    ] Application time: 1.0001325 seconds
[2019-02-01T12:59:34.511+0000][1][safepoint    ] Total time for which application threads were stopped: 0.0001008 seconds, Stopping threads took: 0.0000163 seconds
[2019-02-01T12:59:35.511+0000][1][safepoint    ] Application time: 1.0001505 seconds
[2019-02-01T12:59:35.511+0000][1][safepoint    ] Total time for which application threads were stopped: 0.0000956 seconds, Stopping threads took: 0.0000154 seconds
[2019-02-01T12:59:36.511+0000][1][safepoint    ] Application time: 1.0001442 seconds
[2019-02-01T12:59:36.511+0000][1][safepoint    ] Total time for which application threads were stopped: 0.0000987 seconds, Stopping threads took: 0.0000130 seconds
[2019-02-01T12:59:37.511+0000][1][safepoint    ] Application time: 1.0000877 seconds
[2019-02-01T12:59:37.512+0000][1][safepoint    ] Total time for which application threads were stopped: 0.0000607 seconds, Stopping threads took: 0.0000132 seconds
[2019-02-01T12:59:38.512+0000][1][safepoint    ] Application time: 1.0001442 seconds
[2019-02-01T12:59:38.512+0000][1][safepoint    ] Total time for which application threads were stopped: 0.0000618 seconds, Stopping threads took: 0.0000139 seconds
[2019-02-01T12:59:39.512+0000][1][safepoint    ] Application time: 1.0001653 seconds
[2019-02-01T12:59:39.512+0000][1][safepoint    ] Total time for which application threads were stopped: 0.0000637 seconds, Stopping threads took: 0.0000140 seconds
[2019-02-01T12:59:40.513+0000][1][safepoint    ] Application time: 1.0004911 seconds
[2019-02-01T12:59:40.513+0000][1][safepoint    ] Total time for which application threads were stopped: 0.0000648 seconds, Stopping threads took: 0.0000147 seconds
[2019-02-01T12:59:41.513+0000][1][safepoint    ] Application time: 1.0001964 seconds
[2019-02-01T12:59:41.513+0000][1][safepoint    ] Total time for which application threads were stopped: 0.0000771 seconds, Stopping threads took: 0.0000138 seconds
[2019-02-01T12:59:42.513+0000][1][safepoint    ] Application time: 1.0001276 seconds
[2019-02-01T12:59:42.513+0000][1][safepoint    ] Total time for which application threads were stopped: 0.0001711 seconds, Stopping threads took: 0.0001016 seconds
[2019-02-01T12:59:43.514+0000][1][safepoint    ] Application time: 1.0001651 seconds
[2019-02-01T12:59:43.514+0000][1][safepoint    ] Total time for which application threads were stopped: 0.0001194 seconds, Stopping threads took: 0.0000242 seconds
[2019-02-01T12:59:44.514+0000][1][safepoint    ] Application time: 1.0001959 seconds
[2019-02-01T12:59:44.514+0000][1][safepoint    ] Total time for which application threads were stopped: 0.0000959 seconds, Stopping threads took: 0.0000176 seconds
[2019-02-01T12:59:45.515+0000][1][safepoint    ] Application time: 1.0005014 seconds
[2019-02-01T12:59:45.515+0000][1][safepoint    ] Total time for which application threads were stopped: 0.0001300 seconds, Stopping threads took: 0.0000273 seconds
[2019-02-01T12:59:46.515+0000][1][safepoint    ] Application time: 1.0002934 seconds
[2019-02-01T12:59:46.515+0000][1][safepoint    ] Total time for which application threads were stopped: 0.0000660 seconds, Stopping threads took: 0.0000123 seconds
[2019-02-01T12:59:47.515+0000][1][safepoint    ] Application time: 1.0001837 seconds
[2019-02-01T12:59:47.516+0000][1][safepoint    ] Total time for which application threads were stopped: 0.0000832 seconds, Stopping threads took: 0.0000141 seconds
[2019-02-01T12:59:48.516+0000][1][safepoint    ] Application time: 1.0001759 seconds
[2019-02-01T12:59:48.516+0000][1][safepoint    ] Total time for which application threads were stopped: 0.0001264 seconds, Stopping threads took: 0.0000247 seconds
[2019-02-01T12:59:49.516+0000][1][safepoint    ] Application time: 1.0001290 seconds
[2019-02-01T12:59:49.516+0000][1][safepoint    ] Total time for which application threads were stopped: 0.0000898 seconds, Stopping threads took: 0.0000231 seconds
[2019-02-01T12:59:50.517+0000][1][safepoint    ] Application time: 1.0002703 seconds
[2019-02-01T12:59:50.517+0000][1][safepoint    ] Total time for which application threads were stopped: 0.0000836 seconds, Stopping threads took: 0.0000166 seconds
[2019-02-01T12:59:51.517+0000][1][safepoint    ] Application time: 1.0001799 seconds
[2019-02-01T12:59:51.517+0000][1][safepoint    ] Total time for which application threads were stopped: 0.0000815 seconds, Stopping threads took: 0.0000178 seconds
[2019-02-01T12:59:52.517+0000][1][safepoint    ] Application time: 1.0003995 seconds
[2019-02-01T12:59:52.518+0000][1][safepoint    ] Total time for which application threads were stopped: 0.0000801 seconds, Stopping threads took: 0.0000162 seconds
[2019-02-01T12:59:53.518+0000][1][safepoint    ] Application time: 1.0000904 seconds
[2019-02-01T12:59:53.518+0000][1][safepoint    ] Total time for which application threads were stopped: 0.0000898 seconds, Stopping threads took: 0.0000357 seconds
[2019-02-01T12:59:54.518+0000][1][safepoint    ] Application time: 1.0004271 seconds
[2019-02-01T12:59:54.518+0000][1][safepoint    ] Total time for which application threads were stopped: 0.0000752 seconds, Stopping threads took: 0.0000138 seconds
[2019-02-01T12:59:55.519+0000][1][safepoint    ] Application time: 1.0003546 seconds
[2019-02-01T12:59:55.519+0000][1][safepoint    ] Total time for which application threads were stopped: 0.0000727 seconds, Stopping threads took: 0.0000127 seconds
[2019-02-01T12:59:56.519+0000][1][safepoint    ] Application time: 1.0003693 seconds
[2019-02-01T12:59:56.519+0000][1][safepoint    ] Total time for which application threads were stopped: 0.0000691 seconds, Stopping threads took: 0.0000136 seconds
[2019-02-01T12:59:57.520+0000][1][safepoint    ] Application time: 1.0003960 seconds
[2019-02-01T12:59:57.520+0000][1][safepoint    ] Total time for which application threads were stopped: 0.0000830 seconds, Stopping threads took: 0.0000163 seconds
[2019-02-01T12:59:58.520+0000][1][safepoint    ] Application time: 1.0001176 seconds
[2019-02-01T12:59:58.520+0000][1][safepoint    ] Total time for which application threads were stopped: 0.0000799 seconds, Stopping threads took: 0.0000152 seconds
[2019-02-01T12:59:59.520+0000][1][safepoint    ] Application time: 1.0001410 seconds
[2019-02-01T12:59:59.520+0000][1][safepoint    ] Total time for which application threads were stopped: 0.0000736 seconds, Stopping threads took: 0.0000149 seconds
[2019-02-01T13:00:00.521+0000][1][safepoint    ] Application time: 1.0001481 seconds
[2019-02-01T13:00:00.521+0000][1][safepoint    ] Total time for which application threads were stopped: 0.0001000 seconds, Stopping threads took: 0.0000167 seconds
[2019-02-01T13:00:01.521+0000][1][safepoint    ] Application time: 1.0002274 seconds
[2019-02-01T13:00:01.521+0000][1][safepoint    ] Total time for which application threads were stopped: 0.0000678 seconds, Stopping threads took: 0.0000156 seconds
[2019-02-01T13:00:02.521+0000][1][safepoint    ] Application time: 1.0001465 seconds
[2019-02-01T13:00:02.521+0000][1][safepoint    ] Total time for which application threads were stopped: 0.0000644 seconds, Stopping threads took: 0.0000127 seconds
[2019-02-01T13:00:03.522+0000][1][safepoint    ] Application time: 1.0001592 seconds
[2019-02-01T13:00:03.522+0000][1][safepoint    ] Total time for which application threads were stopped: 0.0000789 seconds, Stopping threads took: 0.0000140 seconds
[2019-02-01T13:00:04.522+0000][1][safepoint    ] Application time: 1.0001830 seconds
[2019-02-01T13:00:04.522+0000][1][safepoint    ] Total time for which application threads were stopped: 0.0001476 seconds, Stopping threads took: 0.0000268 seconds
[2019-02-01T13:00:05.522+0000][1][safepoint    ] Application time: 1.0001897 seconds
[2019-02-01T13:00:05.523+0000][1][safepoint    ] Total time for which application threads were stopped: 0.0000946 seconds, Stopping threads took: 0.0000140 seconds
[2019-02-01T13:00:06.523+0000][1][safepoint    ] Application time: 1.0001301 seconds
[2019-02-01T13:00:06.523+0000][1][safepoint    ] Total time for which application threads were stopped: 0.0000583 seconds, Stopping threads took: 0.0000127 seconds
[2019-02-01T13:00:07.523+0000][1][safepoint    ] Application time: 1.0004202 seconds
[2019-02-01T13:00:07.523+0000][1][safepoint    ] Total time for which application threads were stopped: 0.0000660 seconds, Stopping threads took: 0.0000142 seconds
[2019-02-01T13:00:08.524+0000][1][safepoint    ] Application time: 1.0004213 seconds
[2019-02-01T13:00:08.524+0000][1][safepoint    ] Total time for which application threads were stopped: 0.0000629 seconds, Stopping threads took: 0.0000125 seconds
[2019-02-01T13:00:09.524+0000][1][safepoint    ] Application time: 1.0002259 seconds
[2019-02-01T13:00:09.524+0000][1][safepoint    ] Total time for which application threads were stopped: 0.0001075 seconds, Stopping threads took: 0.0000197 seconds
[2019-02-01T13:00:10.525+0000][1][safepoint    ] Application time: 1.0004014 seconds
[2019-02-01T13:00:10.525+0000][1][safepoint    ] Total time for which application threads were stopped: 0.0000624 seconds, Stopping threads took: 0.0000126 seconds
[2019-02-01T13:00:11.525+0000][1][safepoint    ] Application time: 1.0001338 seconds
[2019-02-01T13:00:11.525+0000][1][safepoint    ] Total time for which application threads were stopped: 0.0000606 seconds, Stopping threads took: 0.0000126 seconds
[2019-02-01T13:00:12.525+0000][1][safepoint    ] Application time: 1.0001277 seconds
[2019-02-01T13:00:12.525+0000][1][safepoint    ] Total time for which application threads were stopped: 0.0001088 seconds, Stopping threads took: 0.0000179 seconds
[2019-02-01T13:00:13.526+0000][1][safepoint    ] Application time: 1.0001607 seconds
[2019-02-01T13:00:13.526+0000][1][safepoint    ] Total time for which application threads were stopped: 0.0000683 seconds, Stopping threads took: 0.0000137 seconds
[2019-02-01T13:00:14.526+0000][1][safepoint    ] Application time: 1.0001977 seconds
[2019-02-01T13:00:14.526+0000][1][safepoint    ] Total time for which application threads were stopped: 0.0000725 seconds, Stopping threads took: 0.0000153 seconds
[2019-02-01T13:00:15.526+0000][1][safepoint    ] Application time: 1.0002370 seconds
[2019-02-01T13:00:15.526+0000][1][safepoint    ] Total time for which application threads were stopped: 0.0000816 seconds, Stopping threads took: 0.0000165 seconds
[2019-02-01T13:00:16.527+0000][1][safepoint    ] Application time: 1.0002007 seconds
[2019-02-01T13:00:16.527+0000][1][safepoint    ] Total time for which application threads were stopped: 0.0002638 seconds, Stopping threads took: 0.0000258 seconds
[2019-02-01T13:00:17.428+0000][1][safepoint    ] Application time: 0.9006218 seconds
[2019-02-01T13:00:17.428+0000][1][safepoint    ] Total time for which application threads were stopped: 0.0000954 seconds, Stopping threads took: 0.0000168 seconds
[2019-02-01T13:00:17.434+0000][1][safepoint    ] Application time: 0.0052445 seconds
[2019-02-01T13:00:17.437+0000][1][safepoint    ] Total time for which application threads were stopped: 0.0032223 seconds, Stopping threads took: 0.0031150 seconds
[2019-02-01T13:00:17.440+0000][1][safepoint    ] Application time: 0.0034718 seconds
[2019-02-01T13:00:17.440+0000][1][safepoint    ] Total time for which application threads were stopped: 0.0000943 seconds, Stopping threads took: 0.0000107 seconds
[2019-02-01T13:00:18.441+0000][1][safepoint    ] Application time: 1.0002222 seconds
[2019-02-01T13:00:18.441+0000][1][safepoint    ] Total time for which application threads were stopped: 0.0000931 seconds, Stopping threads took: 0.0000140 seconds
[2019-02-01T13:00:19.441+0000][1][safepoint    ] Application time: 1.0001214 seconds
[2019-02-01T13:00:19.441+0000][1][safepoint    ] Total time for which application threads were stopped: 0.0001108 seconds, Stopping threads took: 0.0000153 seconds
[2019-02-01T13:00:20.441+0000][1][safepoint    ] Application time: 1.0001550 seconds
[2019-02-01T13:00:20.441+0000][1][safepoint    ] Total time for which application threads were stopped: 0.0000766 seconds, Stopping threads took: 0.0000144 seconds
[2019-02-01T13:00:21.442+0000][1][safepoint    ] Application time: 1.0001687 seconds
[2019-02-01T13:00:21.442+0000][1][safepoint    ] Total time for which application threads were stopped: 0.0000640 seconds, Stopping threads took: 0.0000138 seconds
[2019-02-01T13:00:22.442+0000][1][safepoint    ] Application time: 1.0001179 seconds
[2019-02-01T13:00:22.442+0000][1][safepoint    ] Total time for which application threads were stopped: 0.0000726 seconds, Stopping threads took: 0.0000162 seconds
[2019-02-01T13:00:23.442+0000][1][safepoint    ] Application time: 1.0001212 seconds
[2019-02-01T13:00:23.442+0000][1][safepoint    ] Total time for which application threads were stopped: 0.0001000 seconds, Stopping threads took: 0.0000288 seconds
[2019-02-01T13:00:24.442+0000][1][safepoint    ] Application time: 1.0001824 seconds
[2019-02-01T13:00:24.443+0000][1][safepoint    ] Total time for which application threads were stopped: 0.0000791 seconds, Stopping threads took: 0.0000133 seconds
[2019-02-01T13:00:25.443+0000][1][safepoint    ] Application time: 1.0000837 seconds
[2019-02-01T13:00:25.445+0000][1][safepoint    ] Total time for which application threads were stopped: 0.0027798 seconds, Stopping threads took: 0.0027195 seconds
[2019-02-01T13:00:26.446+0000][1][safepoint    ] Application time: 1.0001612 seconds
[2019-02-01T13:00:26.446+0000][1][safepoint    ] Total time for which application threads were stopped: 0.0001302 seconds, Stopping threads took: 0.0000227 seconds
[2019-02-01T13:00:27.446+0000][1][safepoint    ] Application time: 1.0005218 seconds
[2019-02-01T13:00:27.447+0000][1][safepoint    ] Total time for which application threads were stopped: 0.0000673 seconds, Stopping threads took: 0.0000146 seconds
[2019-02-01T13:00:28.447+0000][1][safepoint    ] Application time: 1.0002079 seconds
[2019-02-01T13:00:28.448+0000][1][safepoint    ] Total time for which application threads were stopped: 0.0006439 seconds, Stopping threads took: 0.0000316 seconds
[2019-02-01T13:00:29.448+0000][1][safepoint    ] Application time: 1.0005215 seconds
[2019-02-01T13:00:29.448+0000][1][safepoint    ] Total time for which application threads were stopped: 0.0000719 seconds, Stopping threads took: 0.0000158 seconds
[2019-02-01T13:00:30.448+0000][1][safepoint    ] Application time: 1.0001512 seconds
[2019-02-01T13:00:30.449+0000][1][safepoint    ] Total time for which application threads were stopped: 0.0000629 seconds, Stopping threads took: 0.0000138 seconds
[2019-02-01T13:00:31.449+0000][1][safepoint    ] Application time: 1.0002628 seconds
[2019-02-01T13:00:31.449+0000][1][safepoint    ] Total time for which application threads were stopped: 0.0001052 seconds, Stopping threads took: 0.0000208 seconds
[2019-02-01T13:00:32.449+0000][1][safepoint    ] Application time: 1.0001274 seconds
[2019-02-01T13:00:32.449+0000][1][safepoint    ] Total time for which application threads were stopped: 0.0000596 seconds, Stopping threads took: 0.0000136 seconds
[2019-02-01T13:00:33.450+0000][1][safepoint    ] Application time: 1.0002492 seconds
[2019-02-01T13:00:33.450+0000][1][safepoint    ] Total time for which application threads were stopped: 0.0000719 seconds, Stopping threads took: 0.0000155 seconds
[2019-02-01T13:00:34.450+0000][1][safepoint    ] Application time: 1.0001331 seconds
[2019-02-01T13:00:34.450+0000][1][safepoint    ] Total time for which application threads were stopped: 0.0001033 seconds, Stopping threads took: 0.0000214 seconds
[2019-02-01T13:00:35.450+0000][1][safepoint    ] Application time: 1.0001278 seconds
[2019-02-01T13:00:35.450+0000][1][safepoint    ] Total time for which application threads were stopped: 0.0000801 seconds, Stopping threads took: 0.0000188 seconds
[2019-02-01T13:00:36.451+0000][1][safepoint    ] Application time: 1.0004040 seconds
[2019-02-01T13:00:36.451+0000][1][safepoint    ] Total time for which application threads were stopped: 0.0000689 seconds, Stopping threads took: 0.0000143 seconds
[2019-02-01T13:00:37.451+0000][1][safepoint    ] Application time: 1.0001612 seconds
[2019-02-01T13:00:37.451+0000][1][safepoint    ] Total time for which application threads were stopped: 0.0001534 seconds, Stopping threads took: 0.0000389 seconds
[2019-02-01T13:00:38.451+0000][1][safepoint    ] Application time: 1.0001132 seconds
[2019-02-01T13:00:38.451+0000][1][safepoint    ] Total time for which application threads were stopped: 0.0000640 seconds, Stopping threads took: 0.0000131 seconds
[2019-02-01T13:00:39.452+0000][1][safepoint    ] Application time: 1.0001331 seconds
[2019-02-01T13:00:39.452+0000][1][safepoint    ] Total time for which application threads were stopped: 0.0000636 seconds, Stopping threads took: 0.0000126 seconds
[2019-02-01T13:00:40.452+0000][1][safepoint    ] Application time: 1.0002082 seconds
[2019-02-01T13:00:40.452+0000][1][safepoint    ] Total time for which application threads were stopped: 0.0000682 seconds, Stopping threads took: 0.0000155 seconds
[2019-02-01T13:00:41.452+0000][1][safepoint    ] Application time: 1.0001312 seconds
[2019-02-01T13:00:41.452+0000][1][safepoint    ] Total time for which application threads were stopped: 0.0000607 seconds, Stopping threads took: 0.0000135 seconds
[2019-02-01T13:00:42.453+0000][1][safepoint    ] Application time: 1.0004003 seconds
[2019-02-01T13:00:42.453+0000][1][safepoint    ] Total time for which application threads were stopped: 0.0000770 seconds, Stopping threads took: 0.0000145 seconds
[2019-02-01T13:00:43.453+0000][1][safepoint    ] Application time: 1.0004286 seconds
[2019-02-01T13:00:43.453+0000][1][safepoint    ] Total time for which application threads were stopped: 0.0000768 seconds, Stopping threads took: 0.0000162 seconds
[2019-02-01T13:00:44.454+0000][1][safepoint    ] Application time: 1.0001149 seconds
[2019-02-01T13:00:44.454+0000][1][safepoint    ] Total time for which application threads were stopped: 0.0000838 seconds, Stopping threads took: 0.0000180 seconds
[2019-02-01T13:00:45.454+0000][1][safepoint    ] Application time: 1.0001491 seconds
[2019-02-01T13:00:45.454+0000][1][safepoint    ] Total time for which application threads were stopped: 0.0000733 seconds, Stopping threads took: 0.0000149 seconds
[2019-02-01T13:00:46.454+0000][1][safepoint    ] Application time: 1.0004325 seconds
[2019-02-01T13:00:46.455+0000][1][safepoint    ] Total time for which application threads were stopped: 0.0000679 seconds, Stopping threads took: 0.0000145 seconds
[2019-02-01T13:00:47.455+0000][1][safepoint    ] Application time: 1.0002574 seconds
[2019-02-01T13:00:47.455+0000][1][safepoint    ] Total time for which application threads were stopped: 0.0000721 seconds, Stopping threads took: 0.0000141 seconds
[2019-02-01T13:00:48.455+0000][1][safepoint    ] Application time: 1.0004448 seconds
[2019-02-01T13:00:48.456+0000][1][safepoint    ] Total time for which application threads were stopped: 0.0000742 seconds, Stopping threads took: 0.0000148 seconds
[2019-02-01T13:00:49.456+0000][1][safepoint    ] Application time: 1.0002546 seconds
[2019-02-01T13:00:49.456+0000][1][safepoint    ] Total time for which application threads were stopped: 0.0000642 seconds, Stopping threads took: 0.0000132 seconds
[2019-02-01T13:00:50.456+0000][1][safepoint    ] Application time: 1.0001121 seconds
[2019-02-01T13:00:50.456+0000][1][safepoint    ] Total time for which application threads were stopped: 0.0000686 seconds, Stopping threads took: 0.0000131 seconds
[2019-02-01T13:00:51.457+0000][1][safepoint    ] Application time: 1.0004957 seconds
[2019-02-01T13:00:51.457+0000][1][safepoint    ] Total time for which application threads were stopped: 0.0000705 seconds, Stopping threads took: 0.0000150 seconds
[2019-02-01T13:00:52.457+0000][1][safepoint    ] Application time: 1.0001272 seconds
[2019-02-01T13:00:52.457+0000][1][safepoint    ] Total time for which application threads were stopped: 0.0000776 seconds, Stopping threads took: 0.0000142 seconds
[2019-02-01T13:00:53.458+0000][1][safepoint    ] Application time: 1.0004433 seconds
[2019-02-01T13:00:53.458+0000][1][safepoint    ] Total time for which application threads were stopped: 0.0000633 seconds, Stopping threads took: 0.0000125 seconds
[2019-02-01T13:00:54.458+0000][1][safepoint    ] Application time: 1.0001526 seconds
[2019-02-01T13:00:54.458+0000][1][safepoint    ] Total time for which application threads were stopped: 0.0000863 seconds, Stopping threads took: 0.0000335 seconds
[2019-02-01T13:00:55.458+0000][1][safepoint    ] Application time: 1.0001505 seconds
[2019-02-01T13:00:55.458+0000][1][safepoint    ] Total time for which application threads were stopped: 0.0001830 seconds, Stopping threads took: 0.0000975 seconds
[2019-02-01T13:00:56.459+0000][1][safepoint    ] Application time: 1.0001805 seconds
[2019-02-01T13:00:56.459+0000][1][safepoint    ] Total time for which application threads were stopped: 0.0000836 seconds, Stopping threads took: 0.0000171 seconds
[2019-02-01T13:00:57.459+0000][1][safepoint    ] Application time: 1.0003896 seconds
[2019-02-01T13:00:57.459+0000][1][safepoint    ] Total time for which application threads were stopped: 0.0000687 seconds, Stopping threads took: 0.0000128 seconds
[2019-02-01T13:00:58.459+0000][1][safepoint    ] Application time: 1.0001747 seconds
[2019-02-01T13:00:58.460+0000][1][safepoint    ] Total time for which application threads were stopped: 0.0000649 seconds, Stopping threads took: 0.0000133 seconds
[2019-02-01T13:00:59.460+0000][1][safepoint    ] Application time: 1.0001343 seconds
[2019-02-01T13:00:59.460+0000][1][safepoint    ] Total time for which application threads were stopped: 0.0001122 seconds, Stopping threads took: 0.0000161 seconds
[2019-02-01T13:01:00.460+0000][1][safepoint    ] Application time: 1.0001698 seconds
[2019-02-01T13:01:00.460+0000][1][safepoint    ] Total time for which application threads were stopped: 0.0000737 seconds, Stopping threads took: 0.0000189 seconds
[2019-02-01T13:01:01.460+0000][1][safepoint    ] Application time: 1.0001459 seconds
[2019-02-01T13:01:01.460+0000][1][safepoint    ] Total time for which application threads were stopped: 0.0000619 seconds, Stopping threads took: 0.0000136 seconds
[2019-02-01T13:01:02.461+0000][1][safepoint    ] Application time: 1.0002486 seconds
[2019-02-01T13:01:02.461+0000][1][safepoint    ] Total time for which application threads were stopped: 0.0000998 seconds, Stopping threads took: 0.0000138 seconds
[2019-02-01T13:01:03.461+0000][1][safepoint    ] Application time: 1.0001519 seconds
[2019-02-01T13:01:03.461+0000][1][safepoint    ] Total time for which application threads were stopped: 0.0000614 seconds, Stopping threads took: 0.0000132 seconds
[2019-02-01T13:01:04.461+0000][1][safepoint    ] Application time: 1.0003227 seconds
[2019-02-01T13:01:04.462+0000][1][safepoint    ] Total time for which application threads were stopped: 0.0000651 seconds, Stopping threads took: 0.0000139 seconds
[2019-02-01T13:01:05.462+0000][1][safepoint    ] Application time: 1.0006123 seconds
[2019-02-01T13:01:05.462+0000][1][safepoint    ] Total time for which application threads were stopped: 0.0001141 seconds, Stopping threads took: 0.0000316 seconds
[2019-02-01T13:01:06.463+0000][1][safepoint    ] Application time: 1.0004010 seconds
[2019-02-01T13:01:06.463+0000][1][safepoint    ] Total time for which application threads were stopped: 0.0001071 seconds, Stopping threads took: 0.0000217 seconds
[2019-02-01T13:01:07.464+0000][1][safepoint    ] Application time: 1.0005813 seconds
[2019-02-01T13:01:07.464+0000][1][safepoint    ] Total time for which application threads were stopped: 0.0000680 seconds, Stopping threads took: 0.0000158 seconds
[2019-02-01T13:01:08.464+0000][1][safepoint    ] Application time: 1.0003708 seconds
[2019-02-01T13:01:08.464+0000][1][safepoint    ] Total time for which application threads were stopped: 0.0001002 seconds, Stopping threads took: 0.0000198 seconds
[2019-02-01T13:01:09.464+0000][1][safepoint    ] Application time: 1.0004226 seconds
[2019-02-01T13:01:09.464+0000][1][safepoint    ] Total time for which application threads were stopped: 0.0000701 seconds, Stopping threads took: 0.0000141 seconds
[2019-02-01T13:01:10.464+0000][1][safepoint    ] Application time: 1.0002096 seconds
[2019-02-01T13:01:10.464+0000][1][safepoint    ] Total time for which application threads were stopped: 0.0001156 seconds, Stopping threads took: 0.0000237 seconds
[2019-02-01T13:01:11.464+0000][1][safepoint    ] Application time: 1.0003550 seconds
[2019-02-01T13:01:11.465+0000][1][safepoint    ] Total time for which application threads were stopped: 0.0000718 seconds, Stopping threads took: 0.0000142 seconds
[2019-02-01T13:01:12.465+0000][1][safepoint    ] Application time: 1.0001669 seconds
[2019-02-01T13:01:12.465+0000][1][safepoint    ] Total time for which application threads were stopped: 0.0000655 seconds, Stopping threads took: 0.0000145 seconds
[2019-02-01T13:01:13.466+0000][1][safepoint    ] Application time: 1.0001326 seconds
[2019-02-01T13:01:13.466+0000][1][safepoint    ] Total time for which application threads were stopped: 0.0000599 seconds, Stopping threads took: 0.0000123 seconds
[2019-02-01T13:01:14.467+0000][1][safepoint    ] Application time: 1.0002818 seconds
[2019-02-01T13:01:14.467+0000][1][safepoint    ] Total time for which application threads were stopped: 0.0000804 seconds, Stopping threads took: 0.0000218 seconds
[2019-02-01T13:01:15.467+0000][1][safepoint    ] Application time: 1.0001257 seconds
[2019-02-01T13:01:15.468+0000][1][safepoint    ] Total time for which application threads were stopped: 0.0000670 seconds, Stopping threads took: 0.0000130 seconds
[2019-02-01T13:01:16.468+0000][1][safepoint    ] Application time: 1.0001007 seconds
[2019-02-01T13:01:16.469+0000][1][safepoint    ] Total time for which application threads were stopped: 0.0013478 seconds, Stopping threads took: 0.0000322 seconds
[2019-02-01T13:01:17.441+0000][1][safepoint    ] Application time: 0.9716220 seconds
[2019-02-01T13:01:17.441+0000][1][safepoint    ] Total time for which application threads were stopped: 0.0001282 seconds, Stopping threads took: 0.0000198 seconds
[2019-02-01T13:01:17.444+0000][1][safepoint    ] Application time: 0.0028711 seconds
[2019-02-01T13:01:17.444+0000][1][safepoint    ] Total time for which application threads were stopped: 0.0001461 seconds, Stopping threads took: 0.0000197 seconds
[2019-02-01T13:01:17.447+0000][1][safepoint    ] Application time: 0.0024867 seconds
[2019-02-01T13:01:17.447+0000][1][safepoint    ] Total time for which application threads were stopped: 0.0005830 seconds, Stopping threads took: 0.0004815 seconds
[2019-02-01T13:01:18.448+0000][1][safepoint    ] Application time: 1.0004324 seconds
[2019-02-01T13:01:18.448+0000][1][safepoint    ] Total time for which application threads were stopped: 0.0000877 seconds, Stopping threads took: 0.0000151 seconds
[2019-02-01T13:01:19.448+0000][1][safepoint    ] Application time: 1.0001565 seconds
[2019-02-01T13:01:19.448+0000][1][safepoint    ] Total time for which application threads were stopped: 0.0002583 seconds, Stopping threads took: 0.0000233 seconds
[2019-02-01T13:01:20.449+0000][1][safepoint    ] Application time: 1.0001880 seconds
[2019-02-01T13:01:20.449+0000][1][safepoint    ] Total time for which application threads were stopped: 0.0000679 seconds, Stopping threads took: 0.0000125 seconds
[2019-02-01T13:01:21.450+0000][1][safepoint    ] Application time: 1.0007938 seconds
[2019-02-01T13:01:21.450+0000][1][safepoint    ] Total time for which application threads were stopped: 0.0000598 seconds, Stopping threads took: 0.0000131 seconds
[2019-02-01T13:01:22.450+0000][1][safepoint    ] Application time: 1.0001613 seconds
[2019-02-01T13:01:22.450+0000][1][safepoint    ] Total time for which application threads were stopped: 0.0000955 seconds, Stopping threads took: 0.0000161 seconds
[2019-02-01T13:01:23.450+0000][1][safepoint    ] Application time: 1.0004634 seconds
[2019-02-01T13:01:23.451+0000][1][safepoint    ] Total time for which application threads were stopped: 0.0000682 seconds, Stopping threads took: 0.0000138 seconds
[2019-02-01T13:01:24.450+0000][1][safepoint    ] Application time: 1.0001725 seconds
[2019-02-01T13:01:24.450+0000][1][safepoint    ] Total time for which application threads were stopped: 0.0000762 seconds, Stopping threads took: 0.0000303 seconds
[2019-02-01T13:01:25.033+0000][1][safepoint    ] Application time: 0.5832265 seconds
[2019-02-01T13:01:25.034+0000][1][safepoint    ] Total time for which application threads were stopped: 0.0004178 seconds, Stopping threads took: 0.0000237 seconds
[2019-02-01T13:01:25.045+0000][1][safepoint    ] Application time: 0.0115017 seconds
[2019-02-01T13:01:25.046+0000][1][safepoint    ] Total time for which application threads were stopped: 0.0003264 seconds, Stopping threads took: 0.0000100 seconds
[2019-02-01T13:01:25.056+0000][1][safepoint    ] Application time: 0.0103542 seconds
[2019-02-01T13:01:25.056+0000][1][safepoint    ] Total time for which application threads were stopped: 0.0001353 seconds, Stopping threads took: 0.0000358 seconds
[2019-02-01T13:01:25.060+0000][1][safepoint    ] Application time: 0.0033200 seconds
[2019-02-01T13:01:25.060+0000][1][safepoint    ] Total time for which application threads were stopped: 0.0001076 seconds, Stopping threads took: 0.0000171 seconds
[2019-02-01T13:01:25.060+0000][1][safepoint    ] Application time: 0.0005800 seconds
[2019-02-01T13:01:25.061+0000][1][safepoint    ] Total time for which application threads were stopped: 0.0004620 seconds, Stopping threads took: 0.0003968 seconds
[2019-02-01T13:01:25.061+0000][1][safepoint    ] Application time: 0.0001183 seconds
[2019-02-01T13:01:25.061+0000][1][safepoint    ] Total time for which application threads were stopped: 0.0001666 seconds, Stopping threads took: 0.0001225 seconds
[2019-02-01T13:01:25.062+0000][1][safepoint    ] Application time: 0.0006691 seconds
[2019-02-01T13:01:25.062+0000][1][safepoint    ] Total time for which application threads were stopped: 0.0000786 seconds, Stopping threads took: 0.0000170 seconds
[2019-02-01T13:01:25.062+0000][1][safepoint    ] Application time: 0.0000785 seconds
[2019-02-01T13:01:25.062+0000][1][safepoint    ] Total time for which application threads were stopped: 0.0000447 seconds, Stopping threads took: 0.0000091 seconds
[2019-02-01T13:01:25.063+0000][1][safepoint    ] Application time: 0.0010076 seconds
[2019-02-01T13:01:25.065+0000][1][safepoint    ] Total time for which application threads were stopped: 0.0013586 seconds, Stopping threads took: 0.0012448 seconds
[2019-02-01T13:01:25.065+0000][1][safepoint    ] Application time: 0.0003867 seconds
[2019-02-01T13:01:25.065+0000][1][safepoint    ] Total time for which application threads were stopped: 0.0002147 seconds, Stopping threads took: 0.0000705 seconds
[2019-02-01T13:01:25.066+0000][1][safepoint    ] Application time: 0.0000997 seconds
[2019-02-01T13:01:25.067+0000][1][safepoint    ] Total time for which application threads were stopped: 0.0001413 seconds, Stopping threads took: 0.0000715 seconds
[2019-02-01T13:01:25.067+0000][1][safepoint    ] Application time: 0.0001052 seconds
[2019-02-01T13:01:25.067+0000][1][safepoint    ] Total time for which application threads were stopped: 0.0000693 seconds, Stopping threads took: 0.0000157 seconds
[2019-02-01T13:01:25.082+0000][1][safepoint    ] Application time: 0.0150524 seconds
[2019-02-01T13:01:25.082+0000][1][safepoint    ] Total time for which application threads were stopped: 0.0000855 seconds, Stopping threads took: 0.0000193 seconds
[2019-02-01T13:01:25.082+0000][1][safepoint    ] Application time: 0.0001343 seconds
[2019-02-01T13:01:25.082+0000][1][safepoint    ] Total time for which application threads were stopped: 0.0000477 seconds, Stopping threads took: 0.0000118 seconds
[2019-02-01T13:01:25.082+0000][1][safepoint    ] Application time: 0.0000774 seconds
[2019-02-01T13:01:25.082+0000][1][safepoint    ] Total time for which application threads were stopped: 0.0000447 seconds, Stopping threads took: 0.0000094 seconds
[2019-02-01T13:01:25.083+0000][1][safepoint    ] Application time: 0.0007722 seconds
[2019-02-01T13:01:25.083+0000][1][safepoint    ] Total time for which application threads were stopped: 0.0000770 seconds, Stopping threads took: 0.0000173 seconds
[2019-02-01T13:01:25.089+0000][1][safepoint    ] Application time: 0.0062362 seconds
[2019-02-01T13:01:25.090+0000][1][safepoint    ] Total time for which application threads were stopped: 0.0000870 seconds, Stopping threads took: 0.0000191 seconds
[2019-02-01T13:01:25.090+0000][1][safepoint    ] Application time: 0.0000304 seconds
[2019-02-01T13:01:25.090+0000][1][safepoint    ] Total time for which application threads were stopped: 0.0000511 seconds, Stopping threads took: 0.0000088 seconds
[2019-02-01T13:01:25.090+0000][1][safepoint    ] Application time: 0.0000252 seconds
[2019-02-01T13:01:25.090+0000][1][safepoint    ] Total time for which application threads were stopped: 0.0000488 seconds, Stopping threads took: 0.0000082 seconds
[2019-02-01T13:01:25.142+0000][1][safepoint    ] Application time: 0.0521440 seconds
[2019-02-01T13:01:25.142+0000][1][safepoint    ] Total time for which application threads were stopped: 0.0001198 seconds, Stopping threads took: 0.0000250 seconds
[2019-02-01T13:01:25.160+0000][1][safepoint    ] Application time: 0.0183594 seconds
[2019-02-01T13:01:25.161+0000][1][safepoint    ] Total time for which application threads were stopped: 0.0000840 seconds, Stopping threads took: 0.0000193 seconds
[2019-02-01T13:01:25.161+0000][1][safepoint    ] Application time: 0.0000309 seconds
[2019-02-01T13:01:25.161+0000][1][safepoint    ] Total time for which application threads were stopped: 0.0000396 seconds, Stopping threads took: 0.0000091 seconds
[2019-02-01T13:01:25.161+0000][1][safepoint    ] Application time: 0.0007347 seconds
[2019-02-01T13:01:25.162+0000][1][safepoint    ] Total time for which application threads were stopped: 0.0002347 seconds, Stopping threads took: 0.0000244 seconds
[2019-02-01T13:01:25.162+0000][1][safepoint    ] Application time: 0.0000640 seconds
[2019-02-01T13:01:25.162+0000][1][safepoint    ] Total time for which application threads were stopped: 0.0000842 seconds, Stopping threads took: 0.0000161 seconds
[2019-02-01T13:01:25.162+0000][1][safepoint    ] Application time: 0.0005121 seconds
[2019-02-01T13:01:25.162+0000][1][safepoint    ] Total time for which application threads were stopped: 0.0000692 seconds, Stopping threads took: 0.0000154 seconds
[2019-02-01T13:01:25.162+0000][1][safepoint    ] Application time: 0.0000304 seconds
[2019-02-01T13:01:25.163+0000][1][safepoint    ] Total time for which application threads were stopped: 0.0000366 seconds, Stopping threads took: 0.0000083 seconds
[2019-02-01T13:01:25.163+0000][1][safepoint    ] Application time: 0.0003529 seconds
[2019-02-01T13:01:25.163+0000][1][safepoint    ] Total time for which application threads were stopped: 0.0001226 seconds, Stopping threads took: 0.0000127 seconds
[2019-02-01T13:01:25.163+0000][1][safepoint    ] Application time: 0.0000318 seconds
[2019-02-01T13:01:25.163+0000][1][safepoint    ] Total time for which application threads were stopped: 0.0000437 seconds, Stopping threads took: 0.0000098 seconds
[2019-02-01T13:01:25.164+0000][1][safepoint    ] Application time: 0.0005538 seconds
[2019-02-01T13:01:25.164+0000][1][safepoint    ] Total time for which application threads were stopped: 0.0000576 seconds, Stopping threads took: 0.0000135 seconds
[2019-02-01T13:01:25.164+0000][1][safepoint    ] Application time: 0.0000335 seconds
[2019-02-01T13:01:25.164+0000][1][safepoint    ] Total time for which application threads were stopped: 0.0000359 seconds, Stopping threads took: 0.0000086 seconds
[2019-02-01T13:01:25.164+0000][1][safepoint    ] Application time: 0.0000334 seconds
[2019-02-01T13:01:25.164+0000][1][safepoint    ] Total time for which application threads were stopped: 0.0000348 seconds, Stopping threads took: 0.0000087 seconds
[2019-02-01T13:01:25.165+0000][1][safepoint    ] Application time: 0.0005724 seconds
[2019-02-01T13:01:25.165+0000][1][safepoint    ] Total time for which application threads were stopped: 0.0000601 seconds, Stopping threads took: 0.0000134 seconds
[2019-02-01T13:01:25.176+0000][1][safepoint    ] Application time: 0.0117656 seconds
[2019-02-01T13:01:25.177+0000][1][safepoint    ] Total time for which application threads were stopped: 0.0000904 seconds, Stopping threads took: 0.0000204 seconds
[2019-02-01T13:01:25.177+0000][1][safepoint    ] Application time: 0.0003990 seconds
[2019-02-01T13:01:25.177+0000][1][safepoint    ] Total time for which application threads were stopped: 0.0000738 seconds, Stopping threads took: 0.0000220 seconds
[2019-02-01T13:01:25.178+0000][1][safepoint    ] Application time: 0.0005376 seconds
[2019-02-01T13:01:25.178+0000][1][safepoint    ] Total time for which application threads were stopped: 0.0000620 seconds, Stopping threads took: 0.0000140 seconds
[2019-02-01T13:01:25.178+0000][1][safepoint    ] Application time: 0.0000461 seconds
[2019-02-01T13:01:25.178+0000][1][safepoint    ] Total time for which application threads were stopped: 0.0000398 seconds, Stopping threads took: 0.0000104 seconds
[2019-02-01T13:01:25.178+0000][1][safepoint    ] Application time: 0.0000444 seconds
[2019-02-01T13:01:25.178+0000][1][safepoint    ] Total time for which application threads were stopped: 0.0000374 seconds, Stopping threads took: 0.0000087 seconds
[2019-02-01T13:01:25.178+0000][1][safepoint    ] Application time: 0.0000360 seconds
[2019-02-01T13:01:25.178+0000][1][safepoint    ] Total time for which application threads were stopped: 0.0000343 seconds, Stopping threads took: 0.0000083 seconds
[2019-02-01T13:01:25.178+0000][1][safepoint    ] Application time: 0.0000343 seconds
[2019-02-01T13:01:25.178+0000][1][safepoint    ] Total time for which application threads were stopped: 0.0000380 seconds, Stopping threads took: 0.0000085 seconds
[2019-02-01T13:01:25.179+0000][1][safepoint    ] Application time: 0.0012965 seconds
[2019-02-01T13:01:25.179+0000][1][safepoint    ] Total time for which application threads were stopped: 0.0000799 seconds, Stopping threads took: 0.0000176 seconds
[2019-02-01T13:01:25.314+0000][1][safepoint    ] Application time: 0.1342869 seconds
[2019-02-01T13:01:25.314+0000][1][safepoint    ] Total time for which application threads were stopped: 0.0001073 seconds, Stopping threads took: 0.0000270 seconds
[2019-02-01T13:01:26.314+0000][1][safepoint    ] Application time: 1.0004670 seconds
[2019-02-01T13:01:26.315+0000][1][safepoint    ] Total time for which application threads were stopped: 0.0001403 seconds, Stopping threads took: 0.0000155 seconds
[2019-02-01T13:01:27.045+0000][1][safepoint    ] Application time: 0.7300844 seconds
[2019-02-01T13:01:27.045+0000][1][safepoint    ] Total time for which application threads were stopped: 0.0001628 seconds, Stopping threads took: 0.0000823 seconds
[2019-02-01T13:01:27.049+0000][1][safepoint    ] Application time: 0.0041741 seconds
[2019-02-01T13:01:27.049+0000][1][safepoint    ] Total time for which application threads were stopped: 0.0001806 seconds, Stopping threads took: 0.0001148 seconds
[2019-02-01T13:01:27.049+0000][1][safepoint    ] Application time: 0.0000664 seconds
[2019-02-01T13:01:27.049+0000][1][safepoint    ] Total time for which application threads were stopped: 0.0000505 seconds, Stopping threads took: 0.0000055 seconds
[2019-02-01T13:01:27.051+0000][1][safepoint    ] Application time: 0.0014254 seconds
[2019-02-01T13:01:27.051+0000][1][safepoint    ] Total time for which application threads were stopped: 0.0001155 seconds, Stopping threads took: 0.0000146 seconds
[2019-02-01T13:01:27.051+0000][1][safepoint    ] Application time: 0.0000985 seconds
[2019-02-01T13:01:27.051+0000][1][safepoint    ] Total time for which application threads were stopped: 0.0001222 seconds, Stopping threads took: 0.0000496 seconds
[2019-02-01T13:01:27.056+0000][1][safepoint    ] Application time: 0.0047357 seconds
[2019-02-01T13:01:27.056+0000][1][safepoint    ] Total time for which application threads were stopped: 0.0001418 seconds, Stopping threads took: 0.0000159 seconds
[2019-02-01T13:01:27.056+0000][1][safepoint    ] Application time: 0.0001255 seconds
[2019-02-01T13:01:27.056+0000][1][safepoint    ] Total time for which application threads were stopped: 0.0000686 seconds, Stopping threads took: 0.0000057 seconds
[2019-02-01T13:01:27.057+0000][1][safepoint    ] Application time: 0.0007245 seconds
[2019-02-01T13:01:27.058+0000][1][safepoint    ] Total time for which application threads were stopped: 0.0003639 seconds, Stopping threads took: 0.0002857 seconds
[2019-02-01T13:01:27.058+0000][1][safepoint    ] Application time: 0.0001100 seconds
[2019-02-01T13:01:27.058+0000][1][safepoint    ] Total time for which application threads were stopped: 0.0000409 seconds, Stopping threads took: 0.0000051 seconds
[2019-02-01T13:01:27.060+0000][1][safepoint    ] Application time: 0.0023098 seconds
[2019-02-01T13:01:27.060+0000][1][safepoint    ] Total time for which application threads were stopped: 0.0000709 seconds, Stopping threads took: 0.0000124 seconds
[2019-02-01T13:01:27.060+0000][1][safepoint    ] Application time: 0.0000819 seconds
[2019-02-01T13:01:27.060+0000][1][safepoint    ] Total time for which application threads were stopped: 0.0000502 seconds, Stopping threads took: 0.0000046 seconds
[2019-02-01T13:01:27.060+0000][1][safepoint    ] Application time: 0.0001374 seconds
[2019-02-01T13:01:27.061+0000][1][safepoint    ] Total time for which application threads were stopped: 0.0000656 seconds, Stopping threads took: 0.0000075 seconds
[2019-02-01T13:01:27.061+0000][1][safepoint    ] Application time: 0.0001193 seconds
[2019-02-01T13:01:27.061+0000][1][safepoint    ] Total time for which application threads were stopped: 0.0000719 seconds, Stopping threads took: 0.0000070 seconds
[2019-02-01T13:01:27.078+0000][1][safepoint    ] Application time: 0.0168501 seconds
[2019-02-01T13:01:27.078+0000][1][safepoint    ] Total time for which application threads were stopped: 0.0001003 seconds, Stopping threads took: 0.0000107 seconds
[2019-02-01T13:01:27.078+0000][1][safepoint    ] Application time: 0.0001523 seconds
[2019-02-01T13:01:27.078+0000][1][safepoint    ] Total time for which application threads were stopped: 0.0000564 seconds, Stopping threads took: 0.0000067 seconds
[2019-02-01T13:01:27.078+0000][1][safepoint    ] Application time: 0.0003898 seconds
[2019-02-01T13:01:27.078+0000][1][safepoint    ] Total time for which application threads were stopped: 0.0000543 seconds, Stopping threads took: 0.0000076 seconds
[2019-02-01T13:01:27.079+0000][1][safepoint    ] Application time: 0.0000943 seconds
[2019-02-01T13:01:27.079+0000][1][safepoint    ] Total time for which application threads were stopped: 0.0001460 seconds, Stopping threads took: 0.0000853 seconds
[2019-02-01T13:01:27.079+0000][1][safepoint    ] Application time: 0.0002542 seconds
[2019-02-01T13:01:27.079+0000][1][safepoint    ] Total time for which application threads were stopped: 0.0000699 seconds, Stopping threads took: 0.0000074 seconds
[2019-02-01T13:01:27.079+0000][1][safepoint    ] Application time: 0.0001551 seconds
[2019-02-01T13:01:27.079+0000][1][safepoint    ] Total time for which application threads were stopped: 0.0000583 seconds, Stopping threads took: 0.0000063 seconds
[2019-02-01T13:01:27.079+0000][1][safepoint    ] Application time: 0.0000895 seconds
[2019-02-01T13:01:27.080+0000][1][safepoint    ] Total time for which application threads were stopped: 0.0000523 seconds, Stopping threads took: 0.0000059 seconds
[2019-02-01T13:01:27.080+0000][1][safepoint    ] Application time: 0.0007519 seconds
[2019-02-01T13:01:27.080+0000][1][safepoint    ] Total time for which application threads were stopped: 0.0000657 seconds, Stopping threads took: 0.0000102 seconds
[2019-02-01T13:01:27.160+0000][1][safepoint    ] Application time: 0.0795578 seconds
[2019-02-01T13:01:27.160+0000][1][safepoint    ] Total time for which application threads were stopped: 0.0000783 seconds, Stopping threads took: 0.0000177 seconds
[2019-02-01T13:01:27.160+0000][1][safepoint    ] Application time: 0.0002010 seconds
[2019-02-01T13:01:27.160+0000][1][safepoint    ] Total time for which application threads were stopped: 0.0000467 seconds, Stopping threads took: 0.0000113 seconds
[2019-02-01T13:01:27.160+0000][1][safepoint    ] Application time: 0.0000337 seconds
[2019-02-01T13:01:27.160+0000][1][safepoint    ] Total time for which application threads were stopped: 0.0000380 seconds, Stopping threads took: 0.0000088 seconds
[2019-02-01T13:01:27.160+0000][1][safepoint    ] Application time: 0.0000236 seconds
[2019-02-01T13:01:27.160+0000][1][safepoint    ] Total time for which application threads were stopped: 0.0000356 seconds, Stopping threads took: 0.0000081 seconds
[2019-02-01T13:01:27.161+0000][1][safepoint    ] Application time: 0.0004944 seconds
[2019-02-01T13:01:27.161+0000][1][safepoint    ] Total time for which application threads were stopped: 0.0001193 seconds, Stopping threads took: 0.0000159 seconds
[2019-02-01T13:01:27.161+0000][1][safepoint    ] Application time: 0.0000506 seconds
[2019-02-01T13:01:27.161+0000][1][safepoint    ] Total time for which application threads were stopped: 0.0000401 seconds, Stopping threads took: 0.0000090 seconds
[2019-02-01T13:01:27.162+0000][1][safepoint    ] Application time: 0.0003329 seconds
[2019-02-01T13:01:27.162+0000][1][safepoint    ] Total time for which application threads were stopped: 0.0000615 seconds, Stopping threads took: 0.0000142 seconds
[2019-02-01T13:01:27.162+0000][1][safepoint    ] Application time: 0.0000261 seconds
[2019-02-01T13:01:27.162+0000][1][safepoint    ] Total time for which application threads were stopped: 0.0000356 seconds, Stopping threads took: 0.0000082 seconds
[2019-02-01T13:01:27.162+0000][1][safepoint    ] Application time: 0.0003803 seconds
[2019-02-01T13:01:27.162+0000][1][safepoint    ] Total time for which application threads were stopped: 0.0000555 seconds, Stopping threads took: 0.0000135 seconds
[2019-02-01T13:01:27.162+0000][1][safepoint    ] Application time: 0.0000263 seconds
[2019-02-01T13:01:27.162+0000][1][safepoint    ] Total time for which application threads were stopped: 0.0002261 seconds, Stopping threads took: 0.0000083 seconds
[2019-02-01T13:01:27.163+0000][1][safepoint    ] Application time: 0.0005032 seconds
[2019-02-01T13:01:27.163+0000][1][safepoint    ] Total time for which application threads were stopped: 0.0000635 seconds, Stopping threads took: 0.0000154 seconds
[2019-02-01T13:01:27.163+0000][1][safepoint    ] Application time: 0.0000348 seconds
[2019-02-01T13:01:27.163+0000][1][safepoint    ] Total time for which application threads were stopped: 0.0000359 seconds, Stopping threads took: 0.0000085 seconds
[2019-02-01T13:01:27.163+0000][1][safepoint    ] Application time: 0.0000331 seconds
[2019-02-01T13:01:27.163+0000][1][safepoint    ] Total time for which application threads were stopped: 0.0000339 seconds, Stopping threads took: 0.0000086 seconds
[2019-02-01T13:01:27.163+0000][1][safepoint    ] Application time: 0.0000332 seconds
[2019-02-01T13:01:27.163+0000][1][safepoint    ] Total time for which application threads were stopped: 0.0000532 seconds, Stopping threads took: 0.0000115 seconds
[2019-02-01T13:01:27.172+0000][1][safepoint    ] Application time: 0.0084218 seconds
[2019-02-01T13:01:27.172+0000][1][safepoint    ] Total time for which application threads were stopped: 0.0002467 seconds, Stopping threads took: 0.0001690 seconds
[2019-02-01T13:01:27.174+0000][1][safepoint    ] Application time: 0.0020131 seconds
[2019-02-01T13:01:27.174+0000][1][safepoint    ] Total time for which application threads were stopped: 0.0002091 seconds, Stopping threads took: 0.0000238 seconds
[2019-02-01T13:01:27.174+0000][1][safepoint    ] Application time: 0.0001411 seconds
[2019-02-01T13:01:27.175+0000][1][safepoint    ] Total time for which application threads were stopped: 0.0000860 seconds, Stopping threads took: 0.0000184 seconds
[2019-02-01T13:01:27.175+0000][1][safepoint    ] Application time: 0.0002292 seconds
[2019-02-01T13:01:27.175+0000][1][safepoint    ] Total time for which application threads were stopped: 0.0001927 seconds, Stopping threads took: 0.0001138 seconds
[2019-02-01T13:01:27.175+0000][1][safepoint    ] Application time: 0.0001732 seconds
[2019-02-01T13:01:27.176+0000][1][safepoint    ] Total time for which application threads were stopped: 0.0003613 seconds, Stopping threads took: 0.0000155 seconds
[2019-02-01T13:01:27.176+0000][1][safepoint    ] Application time: 0.0001371 seconds
[2019-02-01T13:01:27.176+0000][1][safepoint    ] Total time for which application threads were stopped: 0.0000784 seconds, Stopping threads took: 0.0000161 seconds
[2019-02-01T13:01:27.177+0000][1][safepoint    ] Application time: 0.0006911 seconds
[2019-02-01T13:01:27.177+0000][1][safepoint    ] Total time for which application threads were stopped: 0.0001451 seconds, Stopping threads took: 0.0000214 seconds
[2019-02-01T13:01:27.255+0000][1][safepoint    ] Application time: 0.0786488 seconds
[2019-02-01T13:01:27.256+0000][1][safepoint    ] Total time for which application threads were stopped: 0.0000857 seconds, Stopping threads took: 0.0000177 seconds
[2019-02-01T13:01:27.256+0000][1][safepoint    ] Application time: 0.0002115 seconds
[2019-02-01T13:01:27.256+0000][1][safepoint    ] Total time for which application threads were stopped: 0.0000485 seconds, Stopping threads took: 0.0000110 seconds
[2019-02-01T13:01:27.257+0000][1][safepoint    ] Application time: 0.0016769 seconds
[2019-02-01T13:01:27.258+0000][1][safepoint    ] Total time for which application threads were stopped: 0.0000801 seconds, Stopping threads took: 0.0000209 seconds
[2019-02-01T13:01:27.258+0000][1][safepoint    ] Application time: 0.0000391 seconds
[2019-02-01T13:01:27.258+0000][1][safepoint    ] Total time for which application threads were stopped: 0.0000522 seconds, Stopping threads took: 0.0000091 seconds
[2019-02-01T13:01:27.258+0000][1][safepoint    ] Application time: 0.0000335 seconds
[2019-02-01T13:01:27.258+0000][1][safepoint    ] Total time for which application threads were stopped: 0.0000485 seconds, Stopping threads took: 0.0000226 seconds
[2019-02-01T13:01:27.258+0000][1][safepoint    ] Application time: 0.0000298 seconds
[2019-02-01T13:01:27.258+0000][1][safepoint    ] Total time for which application threads were stopped: 0.0000340 seconds, Stopping threads took: 0.0000084 seconds
[2019-02-01T13:01:27.264+0000][1][safepoint    ] Application time: 0.0060288 seconds
[2019-02-01T13:01:27.264+0000][1][safepoint    ] Total time for which application threads were stopped: 0.0001343 seconds, Stopping threads took: 0.0000688 seconds
[2019-02-01T13:01:27.264+0000][1][safepoint    ] Application time: 0.0001438 seconds
[2019-02-01T13:01:27.264+0000][1][safepoint    ] Total time for which application threads were stopped: 0.0001047 seconds, Stopping threads took: 0.0000678 seconds
[2019-02-01T13:01:27.264+0000][1][safepoint    ] Application time: 0.0001246 seconds
[2019-02-01T13:01:27.265+0000][1][safepoint    ] Total time for which application threads were stopped: 0.0000395 seconds, Stopping threads took: 0.0000099 seconds
[2019-02-01T13:01:27.265+0000][1][safepoint    ] Application time: 0.0000423 seconds
[2019-02-01T13:01:27.265+0000][1][safepoint    ] Total time for which application threads were stopped: 0.0000363 seconds, Stopping threads took: 0.0000096 seconds
[2019-02-01T13:01:27.265+0000][1][safepoint    ] Application time: 0.0000758 seconds
[2019-02-01T13:01:27.265+0000][1][safepoint    ] Total time for which application threads were stopped: 0.0001514 seconds, Stopping threads took: 0.0001078 seconds
[2019-02-01T13:01:27.265+0000][1][safepoint    ] Application time: 0.0005873 seconds
[2019-02-01T13:01:27.266+0000][1][safepoint    ] Total time for which application threads were stopped: 0.0000669 seconds, Stopping threads took: 0.0000149 seconds
[2019-02-01T13:01:27.364+0000][1][safepoint    ] Application time: 0.0984125 seconds
[2019-02-01T13:01:27.364+0000][1][safepoint    ] Total time for which application threads were stopped: 0.0001030 seconds, Stopping threads took: 0.0000200 seconds
[2019-02-01T13:01:27.366+0000][1][safepoint    ] Application time: 0.0018291 seconds
[2019-02-01T13:01:27.366+0000][1][safepoint    ] Total time for which application threads were stopped: 0.0001206 seconds, Stopping threads took: 0.0000270 seconds
[2019-02-01T13:01:27.366+0000][1][safepoint    ] Application time: 0.0000512 seconds
[2019-02-01T13:01:27.366+0000][1][safepoint    ] Total time for which application threads were stopped: 0.0001968 seconds, Stopping threads took: 0.0001250 seconds
[2019-02-01T13:01:27.366+0000][1][safepoint    ] Application time: 0.0000660 seconds
[2019-02-01T13:01:27.367+0000][1][safepoint    ] Total time for which application threads were stopped: 0.0000702 seconds, Stopping threads took: 0.0000169 seconds
[2019-02-01T13:01:27.367+0000][1][safepoint    ] Application time: 0.0000493 seconds
[2019-02-01T13:01:27.367+0000][1][safepoint    ] Total time for which application threads were stopped: 0.0000607 seconds, Stopping threads took: 0.0000124 seconds
[2019-02-01T13:01:27.372+0000][1][safepoint    ] Application time: 0.0053746 seconds
[2019-02-01T13:01:27.372+0000][1][safepoint    ] Total time for which application threads were stopped: 0.0001311 seconds, Stopping threads took: 0.0000297 seconds
[2019-02-01T13:01:27.372+0000][1][safepoint    ] Application time: 0.0000812 seconds
[2019-02-01T13:01:27.373+0000][1][safepoint    ] Total time for which application threads were stopped: 0.0000679 seconds, Stopping threads took: 0.0000150 seconds
[2019-02-01T13:01:27.373+0000][1][safepoint    ] Application time: 0.0005033 seconds
[2019-02-01T13:01:27.373+0000][1][safepoint    ] Total time for which application threads were stopped: 0.0000847 seconds, Stopping threads took: 0.0000204 seconds
[2019-02-01T13:01:28.373+0000][1][safepoint    ] Application time: 1.0001508 seconds
[2019-02-01T13:01:28.373+0000][1][safepoint    ] Total time for which application threads were stopped: 0.0001069 seconds, Stopping threads took: 0.0000185 seconds
[2019-02-01T13:01:28.682+0000][1][safepoint    ] Application time: 0.3079193 seconds
[2019-02-01T13:01:28.683+0000][1][safepoint    ] Total time for which application threads were stopped: 0.0001701 seconds, Stopping threads took: 0.0000148 seconds
[2019-02-01T13:01:28.694+0000][1][safepoint    ] Application time: 0.0109310 seconds
[2019-02-01T13:01:28.694+0000][1][safepoint    ] Total time for which application threads were stopped: 0.0001081 seconds, Stopping threads took: 0.0000144 seconds
[2019-02-01T13:01:28.727+0000][1][safepoint    ] Application time: 0.0334517 seconds
[2019-02-01T13:01:28.728+0000][1][safepoint    ] Total time for which application threads were stopped: 0.0001395 seconds, Stopping threads took: 0.0000196 seconds
[2019-02-01T13:01:28.728+0000][1][safepoint    ] Application time: 0.0002849 seconds
[2019-02-01T13:01:28.728+0000][1][safepoint    ] Total time for which application threads were stopped: 0.0001161 seconds, Stopping threads took: 0.0000128 seconds
[2019-02-01T13:01:28.728+0000][1][safepoint    ] Application time: 0.0000628 seconds
[2019-02-01T13:01:28.728+0000][1][safepoint    ] Total time for which application threads were stopped: 0.0000940 seconds, Stopping threads took: 0.0000054 seconds
[2019-02-01T13:01:28.729+0000][1][safepoint    ] Application time: 0.0000814 seconds
[2019-02-01T13:01:28.729+0000][1][safepoint    ] Total time for which application threads were stopped: 0.0000718 seconds, Stopping threads took: 0.0000078 seconds
[2019-02-01T13:01:28.797+0000][1][safepoint    ] Application time: 0.0682547 seconds
[2019-02-01T13:01:28.797+0000][1][safepoint    ] Total time for which application threads were stopped: 0.0001129 seconds, Stopping threads took: 0.0000115 seconds
[2019-02-01T13:01:28.797+0000][1][safepoint    ] Application time: 0.0000815 seconds
[2019-02-01T13:01:28.797+0000][1][safepoint    ] Total time for which application threads were stopped: 0.0000582 seconds, Stopping threads took: 0.0000075 seconds
[2019-02-01T13:01:28.797+0000][1][safepoint    ] Application time: 0.0000771 seconds
[2019-02-01T13:01:28.797+0000][1][safepoint    ] Total time for which application threads were stopped: 0.0000381 seconds, Stopping threads took: 0.0000044 seconds
[2019-02-01T13:01:28.797+0000][1][safepoint    ] Application time: 0.0000376 seconds
[2019-02-01T13:01:28.797+0000][1][safepoint    ] Total time for which application threads were stopped: 0.0000306 seconds, Stopping threads took: 0.0000040 seconds
[2019-02-01T13:01:28.798+0000][1][safepoint    ] Application time: 0.0000553 seconds
[2019-02-01T13:01:28.798+0000][1][safepoint    ] Total time for which application threads were stopped: 0.0000441 seconds, Stopping threads took: 0.0000054 seconds
[2019-02-01T13:01:28.799+0000][1][safepoint    ] Application time: 0.0013703 seconds
[2019-02-01T13:01:28.799+0000][1][safepoint    ] Total time for which application threads were stopped: 0.0000732 seconds, Stopping threads took: 0.0000120 seconds
[2019-02-01T13:01:29.097+0000][1][safepoint    ] Application time: 0.2980475 seconds
[2019-02-01T13:01:29.097+0000][1][safepoint    ] Total time for which application threads were stopped: 0.0000780 seconds, Stopping threads took: 0.0000081 seconds
[2019-02-01T13:01:30.098+0000][1][safepoint    ] Application time: 1.0004620 seconds
[2019-02-01T13:01:30.098+0000][1][safepoint    ] Total time for which application threads were stopped: 0.0000737 seconds, Stopping threads took: 0.0000138 seconds
[2019-02-01T13:01:30.520+0000][1][safepoint    ] Application time: 0.4218449 seconds
[2019-02-01T13:01:30.520+0000][1][safepoint    ] Total time for which application threads were stopped: 0.0004431 seconds, Stopping threads took: 0.0003357 seconds
[2019-02-01T13:01:30.522+0000][1][safepoint    ] Application time: 0.0018338 seconds
[2019-02-01T13:01:30.522+0000][1][safepoint    ] Total time for which application threads were stopped: 0.0001318 seconds, Stopping threads took: 0.0000512 seconds
[2019-02-01T13:01:30.529+0000][1][safepoint    ] Application time: 0.0062963 seconds
[2019-02-01T13:01:30.530+0000][1][safepoint    ] Total time for which application threads were stopped: 0.0011143 seconds, Stopping threads took: 0.0010132 seconds
[2019-02-01T13:01:30.536+0000][1][safepoint    ] Application time: 0.0066801 seconds
[2019-02-01T13:01:30.537+0000][1][safepoint    ] Total time for which application threads were stopped: 0.0001081 seconds, Stopping threads took: 0.0000210 seconds
[2019-02-01T13:01:30.537+0000][1][safepoint    ] Application time: 0.0000500 seconds
[2019-02-01T13:01:30.537+0000][1][safepoint    ] Total time for which application threads were stopped: 0.0000380 seconds, Stopping threads took: 0.0000090 seconds
[2019-02-01T13:01:30.537+0000][1][safepoint    ] Application time: 0.0000418 seconds
[2019-02-01T13:01:30.537+0000][1][safepoint    ] Total time for which application threads were stopped: 0.0000361 seconds, Stopping threads took: 0.0000098 seconds
[2019-02-01T13:01:30.537+0000][1][safepoint    ] Application time: 0.0000372 seconds
[2019-02-01T13:01:30.537+0000][1][safepoint    ] Total time for which application threads were stopped: 0.0000342 seconds, Stopping threads took: 0.0000084 seconds
[2019-02-01T13:01:30.552+0000][1][safepoint    ] Application time: 0.0151361 seconds
[2019-02-01T13:01:30.553+0000][1][safepoint    ] Total time for which application threads were stopped: 0.0002285 seconds, Stopping threads took: 0.0001383 seconds
[2019-02-01T13:01:30.553+0000][1][safepoint    ] Application time: 0.0007191 seconds
[2019-02-01T13:01:30.553+0000][1][safepoint    ] Total time for which application threads were stopped: 0.0000784 seconds, Stopping threads took: 0.0000178 seconds
[2019-02-01T13:01:30.554+0000][1][safepoint    ] Application time: 0.0001307 seconds
[2019-02-01T13:01:30.554+0000][1][safepoint    ] Total time for which application threads were stopped: 0.0000629 seconds, Stopping threads took: 0.0000137 seconds
[2019-02-01T13:01:30.558+0000][1][safepoint    ] Application time: 0.0043934 seconds
[2019-02-01T13:01:30.558+0000][1][safepoint    ] Total time for which application threads were stopped: 0.0000842 seconds, Stopping threads took: 0.0000238 seconds
[2019-02-01T13:01:30.558+0000][1][safepoint    ] Application time: 0.0000727 seconds
[2019-02-01T13:01:30.558+0000][1][safepoint    ] Total time for which application threads were stopped: 0.0002511 seconds, Stopping threads took: 0.0000225 seconds
[2019-02-01T13:01:30.559+0000][1][safepoint    ] Application time: 0.0001238 seconds
[2019-02-01T13:01:30.559+0000][1][safepoint    ] Total time for which application threads were stopped: 0.0000438 seconds, Stopping threads took: 0.0000102 seconds
[2019-02-01T13:01:30.559+0000][1][safepoint    ] Application time: 0.0007153 seconds
[2019-02-01T13:01:30.559+0000][1][safepoint    ] Total time for which application threads were stopped: 0.0000954 seconds, Stopping threads took: 0.0000356 seconds
[2019-02-01T13:01:30.944+0000][1][safepoint    ] Application time: 0.3848186 seconds
[2019-02-01T13:01:30.944+0000][1][safepoint    ] Total time for which application threads were stopped: 0.0000960 seconds, Stopping threads took: 0.0000099 seconds
[2019-02-01T13:01:31.945+0000][1][safepoint    ] Application time: 1.0001399 seconds
[2019-02-01T13:01:31.945+0000][1][safepoint    ] Total time for which application threads were stopped: 0.0000987 seconds, Stopping threads took: 0.0000187 seconds
[2019-02-01T13:01:32.548+0000][1][safepoint    ] Application time: 0.6033905 seconds
[2019-02-01T13:01:32.548+0000][1][safepoint    ] Total time for which application threads were stopped: 0.0000979 seconds, Stopping threads took: 0.0000126 seconds
[2019-02-01T13:01:32.553+0000][1][safepoint    ] Application time: 0.0047276 seconds
[2019-02-01T13:01:32.556+0000][1][safepoint    ] Total time for which application threads were stopped: 0.0001208 seconds, Stopping threads took: 0.0000168 seconds
[2019-02-01T13:01:32.560+0000][1][safepoint    ] Application time: 0.0043104 seconds
[2019-02-01T13:01:32.560+0000][1][safepoint    ] Total time for which application threads were stopped: 0.0001324 seconds, Stopping threads took: 0.0000125 seconds
[2019-02-01T13:01:32.561+0000][1][safepoint    ] Application time: 0.0001533 seconds
[2019-02-01T13:01:32.561+0000][1][safepoint    ] Total time for which application threads were stopped: 0.0000733 seconds, Stopping threads took: 0.0000058 seconds
[2019-02-01T13:01:32.565+0000][1][safepoint    ] Application time: 0.0040391 seconds
[2019-02-01T13:01:32.565+0000][1][safepoint    ] Total time for which application threads were stopped: 0.0001093 seconds, Stopping threads took: 0.0000168 seconds
[2019-02-01T13:01:32.565+0000][1][safepoint    ] Application time: 0.0000956 seconds
[2019-02-01T13:01:32.565+0000][1][safepoint    ] Total time for which application threads were stopped: 0.0000673 seconds, Stopping threads took: 0.0000086 seconds
[2019-02-01T13:01:32.581+0000][1][safepoint    ] Application time: 0.0159964 seconds
[2019-02-01T13:01:32.581+0000][1][safepoint    ] Total time for which application threads were stopped: 0.0000732 seconds, Stopping threads took: 0.0000107 seconds
[2019-02-01T13:01:32.581+0000][1][safepoint    ] Application time: 0.0002419 seconds
[2019-02-01T13:01:32.582+0000][1][safepoint    ] Total time for which application threads were stopped: 0.0000855 seconds, Stopping threads took: 0.0000094 seconds
[2019-02-01T13:01:32.583+0000][1][safepoint    ] Application time: 0.0011674 seconds
[2019-02-01T13:01:32.583+0000][1][safepoint    ] Total time for which application threads were stopped: 0.0000818 seconds, Stopping threads took: 0.0000236 seconds
[2019-02-01T13:01:32.674+0000][1][safepoint    ] Application time: 0.0909898 seconds
[2019-02-01T13:01:32.674+0000][1][safepoint    ] Total time for which application threads were stopped: 0.0000846 seconds, Stopping threads took: 0.0000222 seconds
[2019-02-01T13:01:32.674+0000][1][safepoint    ] Application time: 0.0000559 seconds
[2019-02-01T13:01:32.674+0000][1][safepoint    ] Total time for which application threads were stopped: 0.0000403 seconds, Stopping threads took: 0.0000097 seconds
[2019-02-01T13:01:32.674+0000][1][safepoint    ] Application time: 0.0000420 seconds
[2019-02-01T13:01:32.674+0000][1][safepoint    ] Total time for which application threads were stopped: 0.0000352 seconds, Stopping threads took: 0.0000089 seconds
[2019-02-01T13:01:32.675+0000][1][safepoint    ] Application time: 0.0005828 seconds
[2019-02-01T13:01:32.675+0000][1][safepoint    ] Total time for which application threads were stopped: 0.0000646 seconds, Stopping threads took: 0.0000148 seconds
[2019-02-01T13:01:32.684+0000][1][safepoint    ] Application time: 0.0087135 seconds
[2019-02-01T13:01:32.684+0000][1][safepoint    ] Total time for which application threads were stopped: 0.0001143 seconds, Stopping threads took: 0.0000277 seconds
[2019-02-01T13:01:32.685+0000][1][safepoint    ] Application time: 0.0007632 seconds
[2019-02-01T13:01:32.685+0000][1][safepoint    ] Total time for which application threads were stopped: 0.0001031 seconds, Stopping threads took: 0.0000244 seconds
[2019-02-01T13:01:32.754+0000][1][safepoint    ] Application time: 0.0694561 seconds
[2019-02-01T13:01:32.754+0000][1][safepoint    ] Total time for which application threads were stopped: 0.0000817 seconds, Stopping threads took: 0.0000201 seconds
[2019-02-01T13:01:32.754+0000][1][safepoint    ] Application time: 0.0000607 seconds
[2019-02-01T13:01:32.754+0000][1][safepoint    ] Total time for which application threads were stopped: 0.0000648 seconds, Stopping threads took: 0.0000151 seconds
[2019-02-01T13:01:32.754+0000][1][safepoint    ] Application time: 0.0000801 seconds
[2019-02-01T13:01:32.755+0000][1][safepoint    ] Total time for which application threads were stopped: 0.0001826 seconds, Stopping threads took: 0.0001009 seconds
[2019-02-01T13:01:32.755+0000][1][safepoint    ] Application time: 0.0000684 seconds
[2019-02-01T13:01:32.755+0000][1][safepoint    ] Total time for which application threads were stopped: 0.0000612 seconds, Stopping threads took: 0.0000149 seconds
[2019-02-01T13:01:32.765+0000][1][safepoint    ] Application time: 0.0099882 seconds
[2019-02-01T13:01:32.765+0000][1][safepoint    ] Total time for which application threads were stopped: 0.0000870 seconds, Stopping threads took: 0.0000206 seconds
[2019-02-01T13:01:32.765+0000][1][safepoint    ] Application time: 0.0002037 seconds
[2019-02-01T13:01:32.765+0000][1][safepoint    ] Total time for which application threads were stopped: 0.0000970 seconds, Stopping threads took: 0.0000180 seconds
[2019-02-01T13:01:32.766+0000][1][safepoint    ] Application time: 0.0008047 seconds
[2019-02-01T13:01:32.766+0000][1][safepoint    ] Total time for which application threads were stopped: 0.0000828 seconds, Stopping threads took: 0.0000193 seconds
[2019-02-01T13:01:32.908+0000][1][safepoint    ] Application time: 0.1422459 seconds
[2019-02-01T13:01:32.909+0000][1][safepoint    ] Total time for which application threads were stopped: 0.0001208 seconds, Stopping threads took: 0.0000162 seconds
[2019-02-01T13:01:32.909+0000][1][safepoint    ] Application time: 0.0001085 seconds
[2019-02-01T13:01:32.909+0000][1][safepoint    ] Total time for which application threads were stopped: 0.0000816 seconds, Stopping threads took: 0.0000084 seconds
[2019-02-01T13:01:32.909+0000][1][safepoint    ] Application time: 0.0001812 seconds
[2019-02-01T13:01:32.909+0000][1][safepoint    ] Total time for which application threads were stopped: 0.0000841 seconds, Stopping threads took: 0.0000097 seconds
[2019-02-01T13:01:32.910+0000][1][safepoint    ] Application time: 0.0010401 seconds
[2019-02-01T13:01:32.910+0000][1][safepoint    ] Total time for which application threads were stopped: 0.0001145 seconds, Stopping threads took: 0.0000265 seconds
[2019-02-01T13:01:32.922+0000][1][safepoint    ] Application time: 0.0112640 seconds
[2019-02-01T13:01:32.922+0000][1][safepoint    ] Total time for which application threads were stopped: 0.0001005 seconds, Stopping threads took: 0.0000151 seconds
[2019-02-01T13:01:32.922+0000][1][safepoint    ] Application time: 0.0006585 seconds
[2019-02-01T13:01:32.923+0000][1][safepoint    ] Total time for which application threads were stopped: 0.0000952 seconds, Stopping threads took: 0.0000140 seconds
[2019-02-01T13:01:32.987+0000][1][safepoint    ] Application time: 0.0642339 seconds
[2019-02-01T13:01:32.987+0000][1][safepoint    ] Total time for which application threads were stopped: 0.0000836 seconds, Stopping threads took: 0.0000200 seconds
[2019-02-01T13:01:32.987+0000][1][safepoint    ] Application time: 0.0000628 seconds
[2019-02-01T13:01:32.987+0000][1][safepoint    ] Total time for which application threads were stopped: 0.0000620 seconds, Stopping threads took: 0.0000151 seconds
[2019-02-01T13:01:32.987+0000][1][safepoint    ] Application time: 0.0000621 seconds
[2019-02-01T13:01:32.987+0000][1][safepoint    ] Total time for which application threads were stopped: 0.0000640 seconds, Stopping threads took: 0.0000089 seconds
[2019-02-01T13:01:32.987+0000][1][safepoint    ] Application time: 0.0000536 seconds
[2019-02-01T13:01:32.987+0000][1][safepoint    ] Total time for which application threads were stopped: 0.0000488 seconds, Stopping threads took: 0.0000090 seconds
[2019-02-01T13:01:32.996+0000][1][safepoint    ] Application time: 0.0090084 seconds
[2019-02-01T13:01:32.997+0000][1][safepoint    ] Total time for which application threads were stopped: 0.0001436 seconds, Stopping threads took: 0.0000430 seconds
[2019-02-01T13:01:32.997+0000][1][safepoint    ] Application time: 0.0001934 seconds
[2019-02-01T13:01:32.997+0000][1][safepoint    ] Total time for which application threads were stopped: 0.0000701 seconds, Stopping threads took: 0.0000167 seconds
[2019-02-01T13:01:32.998+0000][1][safepoint    ] Application time: 0.0007529 seconds
[2019-02-01T13:01:32.998+0000][1][safepoint    ] Total time for which application threads were stopped: 0.0001075 seconds, Stopping threads took: 0.0000265 seconds
[2019-02-01T13:01:33.327+0000][1][safepoint    ] Application time: 0.3288653 seconds
[2019-02-01T13:01:33.327+0000][1][safepoint    ] Total time for which application threads were stopped: 0.0000853 seconds, Stopping threads took: 0.0000122 seconds
[2019-02-01T13:01:33.327+0000][1][safepoint    ] Application time: 0.0001177 seconds
[2019-02-01T13:01:33.327+0000][1][safepoint    ] Total time for which application threads were stopped: 0.0000442 seconds, Stopping threads took: 0.0000060 seconds
[2019-02-01T13:01:33.327+0000][1][safepoint    ] Application time: 0.0001091 seconds
[2019-02-01T13:01:33.327+0000][1][safepoint    ] Total time for which application threads were stopped: 0.0000354 seconds, Stopping threads took: 0.0000043 seconds
[2019-02-01T13:01:33.327+0000][1][safepoint    ] Application time: 0.0000955 seconds
[2019-02-01T13:01:33.327+0000][1][safepoint    ] Total time for which application threads were stopped: 0.0000346 seconds, Stopping threads took: 0.0000045 seconds
[2019-02-01T13:01:33.340+0000][1][safepoint    ] Application time: 0.0126311 seconds
[2019-02-01T13:01:33.340+0000][1][safepoint    ] Total time for which application threads were stopped: 0.0000720 seconds, Stopping threads took: 0.0000118 seconds
[2019-02-01T13:01:33.340+0000][1][safepoint    ] Application time: 0.0001313 seconds
[2019-02-01T13:01:33.340+0000][1][safepoint    ] Total time for which application threads were stopped: 0.0000369 seconds, Stopping threads took: 0.0000038 seconds
[2019-02-01T13:01:33.341+0000][1][safepoint    ] Application time: 0.0006238 seconds
[2019-02-01T13:01:33.341+0000][1][safepoint    ] Total time for which application threads were stopped: 0.0000533 seconds, Stopping threads took: 0.0000066 seconds
[2019-02-01T13:01:33.852+0000][1][safepoint    ] Application time: 0.5112965 seconds
[2019-02-01T13:01:33.852+0000][1][safepoint    ] Total time for which application threads were stopped: 0.0000957 seconds, Stopping threads took: 0.0000228 seconds
[2019-02-01T13:01:33.852+0000][1][safepoint    ] Application time: 0.0000476 seconds
[2019-02-01T13:01:33.853+0000][1][safepoint    ] Total time for which application threads were stopped: 0.0000378 seconds, Stopping threads took: 0.0000091 seconds
[2019-02-01T13:01:33.853+0000][1][safepoint    ] Application time: 0.0000419 seconds
[2019-02-01T13:01:33.853+0000][1][safepoint    ] Total time for which application threads were stopped: 0.0000352 seconds, Stopping threads took: 0.0000088 seconds
[2019-02-01T13:01:33.853+0000][1][safepoint    ] Application time: 0.0000368 seconds
[2019-02-01T13:01:33.853+0000][1][safepoint    ] Total time for which application threads were stopped: 0.0000351 seconds, Stopping threads took: 0.0000087 seconds
[2019-02-01T13:01:33.890+0000][1][safepoint    ] Application time: 0.0377919 seconds
[2019-02-01T13:01:33.891+0000][1][safepoint    ] Total time for which application threads were stopped: 0.0000874 seconds, Stopping threads took: 0.0000202 seconds
[2019-02-01T13:01:33.891+0000][1][safepoint    ] Application time: 0.0001242 seconds
[2019-02-01T13:01:33.891+0000][1][safepoint    ] Total time for which application threads were stopped: 0.0000824 seconds, Stopping threads took: 0.0000110 seconds
[2019-02-01T13:01:33.892+0000][1][safepoint    ] Application time: 0.0008626 seconds
[2019-02-01T13:01:33.892+0000][1][safepoint    ] Total time for which application threads were stopped: 0.0001367 seconds, Stopping threads took: 0.0000208 seconds
[2019-02-01T13:01:33.892+0000][1][safepoint    ] Application time: 0.0002329 seconds
[2019-02-01T13:01:33.892+0000][1][gc,start     ] GC(24) Pause Young (Allocation Failure)
[2019-02-01T13:01:33.892+0000][1][gc,task      ] GC(24) Using 2 workers of 2 for evacuation
[2019-02-01T13:01:33.899+0000][1][gc,age       ] GC(24) Desired survivor size 4456448 bytes, new threshold 6 (max threshold 6)
[2019-02-01T13:01:33.899+0000][1][gc,age       ] GC(24) Age table with threshold 6 (max threshold 6)
[2019-02-01T13:01:33.899+0000][1][gc,age       ] GC(24) - age   1:     145976 bytes,     145976 total
[2019-02-01T13:01:33.899+0000][1][gc,age       ] GC(24) - age   2:     969272 bytes,    1115248 total
[2019-02-01T13:01:33.899+0000][1][gc,age       ] GC(24) - age   3:    1033464 bytes,    2148712 total
[2019-02-01T13:01:33.899+0000][1][gc,age       ] GC(24) - age   4:     318872 bytes,    2467584 total
[2019-02-01T13:01:33.899+0000][1][gc,heap      ] GC(24) ParNew: 77206K->5021K(78656K)
[2019-02-01T13:01:33.899+0000][1][gc,heap      ] GC(24) CMS: 83592K->84182K(174784K)
[2019-02-01T13:01:33.899+0000][1][gc,metaspace ] GC(24) Metaspace: 70318K->70318K(1114112K)
[2019-02-01T13:01:33.899+0000][1][gc           ] GC(24) Pause Young (Allocation Failure) 157M->87M(247M) 7.002ms
[2019-02-01T13:01:33.899+0000][1][gc,cpu       ] GC(24) User=0.01s Sys=0.00s Real=0.00s
[2019-02-01T13:01:33.899+0000][1][safepoint    ] Total time for which application threads were stopped: 0.0071218 seconds, Stopping threads took: 0.0000120 seconds
[2019-02-01T13:01:34.109+0000][1][safepoint    ] Application time: 0.2101569 seconds
[2019-02-01T13:01:34.110+0000][1][safepoint    ] Total time for which application threads were stopped: 0.0000844 seconds, Stopping threads took: 0.0000214 seconds
[2019-02-01T13:01:34.110+0000][1][safepoint    ] Application time: 0.0000473 seconds
[2019-02-01T13:01:34.110+0000][1][safepoint    ] Total time for which application threads were stopped: 0.0000399 seconds, Stopping threads took: 0.0000092 seconds
[2019-02-01T13:01:34.110+0000][1][safepoint    ] Application time: 0.0000422 seconds
[2019-02-01T13:01:34.110+0000][1][safepoint    ] Total time for which application threads were stopped: 0.0000490 seconds, Stopping threads took: 0.0000087 seconds
[2019-02-01T13:01:34.110+0000][1][safepoint    ] Application time: 0.0000366 seconds
[2019-02-01T13:01:34.110+0000][1][safepoint    ] Total time for which application threads were stopped: 0.0000676 seconds, Stopping threads took: 0.0000117 seconds
[2019-02-01T13:01:34.118+0000][1][safepoint    ] Application time: 0.0083962 seconds
[2019-02-01T13:01:34.118+0000][1][safepoint    ] Total time for which application threads were stopped: 0.0000722 seconds, Stopping threads took: 0.0000169 seconds
[2019-02-01T13:01:34.119+0000][1][safepoint    ] Application time: 0.0001331 seconds
[2019-02-01T13:01:34.119+0000][1][safepoint    ] Total time for which application threads were stopped: 0.0000426 seconds, Stopping threads took: 0.0000101 seconds
[2019-02-01T13:01:34.119+0000][1][safepoint    ] Application time: 0.0005963 seconds
[2019-02-01T13:01:34.119+0000][1][safepoint    ] Total time for which application threads were stopped: 0.0000622 seconds, Stopping threads took: 0.0000165 seconds
[2019-02-01T13:01:34.259+0000][1][safepoint    ] Application time: 0.1393476 seconds
[2019-02-01T13:01:34.259+0000][1][safepoint    ] Total time for which application threads were stopped: 0.0001361 seconds, Stopping threads took: 0.0000419 seconds
[2019-02-01T13:01:34.259+0000][1][safepoint    ] Application time: 0.0001302 seconds
[2019-02-01T13:01:34.259+0000][1][safepoint    ] Total time for which application threads were stopped: 0.0000929 seconds, Stopping threads took: 0.0000174 seconds
[2019-02-01T13:01:34.259+0000][1][safepoint    ] Application time: 0.0000803 seconds
[2019-02-01T13:01:34.259+0000][1][safepoint    ] Total time for which application threads were stopped: 0.0002145 seconds, Stopping threads took: 0.0000145 seconds
[2019-02-01T13:01:34.260+0000][1][safepoint    ] Application time: 0.0000622 seconds
[2019-02-01T13:01:34.260+0000][1][safepoint    ] Total time for which application threads were stopped: 0.0000649 seconds, Stopping threads took: 0.0000155 seconds
[2019-02-01T13:01:34.394+0000][1][safepoint    ] Application time: 0.1340373 seconds
[2019-02-01T13:01:34.394+0000][1][safepoint    ] Total time for which application threads were stopped: 0.0001096 seconds, Stopping threads took: 0.0000183 seconds
[2019-02-01T13:01:34.403+0000][1][safepoint    ] Application time: 0.0089920 seconds
[2019-02-01T13:01:34.403+0000][1][safepoint    ] Total time for which application threads were stopped: 0.0001335 seconds, Stopping threads took: 0.0000321 seconds
[2019-02-01T13:01:34.647+0000][1][safepoint    ] Application time: 0.2437322 seconds
[2019-02-01T13:01:34.647+0000][1][safepoint    ] Total time for which application threads were stopped: 0.0001328 seconds, Stopping threads took: 0.0000282 seconds
[2019-02-01T13:01:34.647+0000][1][safepoint    ] Application time: 0.0000753 seconds
[2019-02-01T13:01:34.647+0000][1][safepoint    ] Total time for which application threads were stopped: 0.0000758 seconds, Stopping threads took: 0.0000272 seconds
[2019-02-01T13:01:34.647+0000][1][safepoint    ] Application time: 0.0000608 seconds
[2019-02-01T13:01:34.647+0000][1][safepoint    ] Total time for which application threads were stopped: 0.0000698 seconds, Stopping threads took: 0.0000136 seconds
[2019-02-01T13:01:34.647+0000][1][safepoint    ] Application time: 0.0000541 seconds
[2019-02-01T13:01:34.647+0000][1][safepoint    ] Total time for which application threads were stopped: 0.0000413 seconds, Stopping threads took: 0.0000101 seconds
[2019-02-01T13:01:34.662+0000][1][safepoint    ] Application time: 0.0149547 seconds
[2019-02-01T13:01:34.662+0000][1][safepoint    ] Total time for which application threads were stopped: 0.0000851 seconds, Stopping threads took: 0.0000213 seconds
[2019-02-01T13:01:34.664+0000][1][safepoint    ] Application time: 0.0013100 seconds
[2019-02-01T13:01:34.664+0000][1][safepoint    ] Total time for which application threads were stopped: 0.0001121 seconds, Stopping threads took: 0.0000275 seconds
[2019-02-01T13:01:35.576+0000][1][safepoint    ] Application time: 0.9122999 seconds
[2019-02-01T13:01:35.578+0000][1][safepoint    ] Total time for which application threads were stopped: 0.0013173 seconds, Stopping threads took: 0.0009902 seconds
[2019-02-01T13:01:35.588+0000][1][safepoint    ] Application time: 0.0103043 seconds
[2019-02-01T13:01:35.588+0000][1][safepoint    ] Total time for which application threads were stopped: 0.0000869 seconds, Stopping threads took: 0.0000228 seconds
[2019-02-01T13:01:35.588+0000][1][safepoint    ] Application time: 0.0000496 seconds
[2019-02-01T13:01:35.588+0000][1][safepoint    ] Total time for which application threads were stopped: 0.0000374 seconds, Stopping threads took: 0.0000090 seconds
[2019-02-01T13:01:35.588+0000][1][safepoint    ] Application time: 0.0000291 seconds
[2019-02-01T13:01:35.588+0000][1][safepoint    ] Total time for which application threads were stopped: 0.0000341 seconds, Stopping threads took: 0.0000085 seconds
[2019-02-01T13:01:35.588+0000][1][safepoint    ] Application time: 0.0000275 seconds
[2019-02-01T13:01:35.588+0000][1][safepoint    ] Total time for which application threads were stopped: 0.0000336 seconds, Stopping threads took: 0.0000083 seconds
[2019-02-01T13:01:35.595+0000][1][safepoint    ] Application time: 0.0065983 seconds
[2019-02-01T13:01:35.595+0000][1][safepoint    ] Total time for which application threads were stopped: 0.0001289 seconds, Stopping threads took: 0.0000308 seconds
[2019-02-01T13:01:35.595+0000][1][safepoint    ] Application time: 0.0002027 seconds
[2019-02-01T13:01:35.596+0000][1][safepoint    ] Total time for which application threads were stopped: 0.0000708 seconds, Stopping threads took: 0.0000165 seconds
[2019-02-01T13:01:35.597+0000][1][safepoint    ] Application time: 0.0012700 seconds
[2019-02-01T13:01:35.597+0000][1][safepoint    ] Total time for which application threads were stopped: 0.0001228 seconds, Stopping threads took: 0.0000268 seconds
[2019-02-01T13:01:36.597+0000][1][safepoint    ] Application time: 1.0004043 seconds
[2019-02-01T13:01:36.598+0000][1][safepoint    ] Total time for which application threads were stopped: 0.0000774 seconds, Stopping threads took: 0.0000130 seconds
[2019-02-01T13:01:37.583+0000][1][safepoint    ] Application time: 0.9853983 seconds
[2019-02-01T13:01:37.583+0000][1][safepoint    ] Total time for which application threads were stopped: 0.0002219 seconds, Stopping threads took: 0.0000595 seconds
[2019-02-01T13:01:37.589+0000][1][safepoint    ] Application time: 0.0056267 seconds
[2019-02-01T13:01:37.589+0000][1][safepoint    ] Total time for which application threads were stopped: 0.0001321 seconds, Stopping threads took: 0.0000195 seconds
[2019-02-01T13:01:37.596+0000][1][safepoint    ] Application time: 0.0066054 seconds
[2019-02-01T13:01:37.596+0000][1][safepoint    ] Total time for which application threads were stopped: 0.0005382 seconds, Stopping threads took: 0.0000555 seconds
[2019-02-01T13:01:37.596+0000][1][safepoint    ] Application time: 0.0000846 seconds
[2019-02-01T13:01:37.597+0000][1][safepoint    ] Total time for which application threads were stopped: 0.0002071 seconds, Stopping threads took: 0.0000163 seconds
[2019-02-01T13:01:37.599+0000][1][safepoint    ] Application time: 0.0025396 seconds
[2019-02-01T13:01:37.600+0000][1][safepoint    ] Total time for which application threads were stopped: 0.0006003 seconds, Stopping threads took: 0.0000157 seconds
[2019-02-01T13:01:37.600+0000][1][safepoint    ] Application time: 0.0000915 seconds
[2019-02-01T13:01:37.600+0000][1][safepoint    ] Total time for which application threads were stopped: 0.0004742 seconds, Stopping threads took: 0.0000098 seconds
[2019-02-01T13:01:37.615+0000][1][safepoint    ] Application time: 0.0144935 seconds
[2019-02-01T13:01:37.615+0000][1][safepoint    ] Total time for which application threads were stopped: 0.0003455 seconds, Stopping threads took: 0.0000116 seconds
[2019-02-01T13:01:37.616+0000][1][safepoint    ] Application time: 0.0009522 seconds
[2019-02-01T13:01:37.618+0000][1][safepoint    ] Total time for which application threads were stopped: 0.0019645 seconds, Stopping threads took: 0.0000134 seconds
[2019-02-01T13:01:38.619+0000][1][safepoint    ] Application time: 1.0012231 seconds
[2019-02-01T13:01:38.619+0000][1][safepoint    ] Total time for which application threads were stopped: 0.0000769 seconds, Stopping threads took: 0.0000137 seconds
[2019-02-01T13:01:39.292+0000][1][safepoint    ] Application time: 0.6721581 seconds
[2019-02-01T13:01:39.292+0000][1][safepoint    ] Total time for which application threads were stopped: 0.0003844 seconds, Stopping threads took: 0.0002919 seconds
[2019-02-01T13:01:39.296+0000][1][safepoint    ] Application time: 0.0039224 seconds
[2019-02-01T13:01:39.297+0000][1][safepoint    ] Total time for which application threads were stopped: 0.0006518 seconds, Stopping threads took: 0.0005843 seconds
[2019-02-01T13:01:39.322+0000][1][safepoint    ] Application time: 0.0256025 seconds
[2019-02-01T13:01:39.323+0000][1][safepoint    ] Total time for which application threads were stopped: 0.0001189 seconds, Stopping threads took: 0.0000164 seconds
[2019-02-01T13:01:40.323+0000][1][safepoint    ] Application time: 1.0004774 seconds
[2019-02-01T13:01:40.323+0000][1][safepoint    ] Total time for which application threads were stopped: 0.0000926 seconds, Stopping threads took: 0.0000140 seconds
[2019-02-01T13:01:41.323+0000][1][safepoint    ] Application time: 1.0001510 seconds
[2019-02-01T13:01:41.323+0000][1][safepoint    ] Total time for which application threads were stopped: 0.0000581 seconds, Stopping threads took: 0.0000122 seconds
[2019-02-01T13:01:42.215+0000][1][safepoint    ] Application time: 0.8912161 seconds
[2019-02-01T13:01:42.215+0000][1][safepoint    ] Total time for which application threads were stopped: 0.0002285 seconds, Stopping threads took: 0.0000146 seconds
[2019-02-01T13:01:42.220+0000][1][safepoint    ] Application time: 0.0053011 seconds
[2019-02-01T13:01:42.221+0000][1][safepoint    ] Total time for which application threads were stopped: 0.0001973 seconds, Stopping threads took: 0.0000145 seconds
[2019-02-01T13:01:42.235+0000][1][safepoint    ] Application time: 0.0143327 seconds
[2019-02-01T13:01:42.235+0000][1][safepoint    ] Total time for which application threads were stopped: 0.0000889 seconds, Stopping threads took: 0.0000081 seconds
[2019-02-01T13:01:42.235+0000][1][safepoint    ] Application time: 0.0002924 seconds
[2019-02-01T13:01:42.235+0000][1][safepoint    ] Total time for which application threads were stopped: 0.0001119 seconds, Stopping threads took: 0.0000056 seconds
[2019-02-01T13:01:42.252+0000][1][safepoint    ] Application time: 0.0168459 seconds
[2019-02-01T13:01:42.252+0000][1][safepoint    ] Total time for which application threads were stopped: 0.0000924 seconds, Stopping threads took: 0.0000225 seconds
[2019-02-01T13:01:43.253+0000][1][safepoint    ] Application time: 1.0002288 seconds
[2019-02-01T13:01:43.253+0000][1][safepoint    ] Total time for which application threads were stopped: 0.0000998 seconds, Stopping threads took: 0.0000167 seconds
[2019-02-01T13:01:44.254+0000][1][safepoint    ] Application time: 1.0004898 seconds
[2019-02-01T13:01:44.254+0000][1][safepoint    ] Total time for which application threads were stopped: 0.0000760 seconds, Stopping threads took: 0.0000183 seconds
[2019-02-01T13:01:45.254+0000][1][safepoint    ] Application time: 1.0001484 seconds
[2019-02-01T13:01:45.254+0000][1][safepoint    ] Total time for which application threads were stopped: 0.0000688 seconds, Stopping threads took: 0.0000133 seconds
[2019-02-01T13:01:46.255+0000][1][safepoint    ] Application time: 1.0005191 seconds
[2019-02-01T13:01:46.255+0000][1][safepoint    ] Total time for which application threads were stopped: 0.0000587 seconds, Stopping threads took: 0.0000130 seconds
[2019-02-01T13:01:47.122+0000][1][safepoint    ] Application time: 0.8674630 seconds
[2019-02-01T13:01:47.122+0000][1][safepoint    ] Total time for which application threads were stopped: 0.0001110 seconds, Stopping threads took: 0.0000161 seconds
[2019-02-01T13:01:48.123+0000][1][safepoint    ] Application time: 1.0001491 seconds
[2019-02-01T13:01:48.123+0000][1][safepoint    ] Total time for which application threads were stopped: 0.0000935 seconds, Stopping threads took: 0.0000135 seconds
[2019-02-01T13:01:49.123+0000][1][safepoint    ] Application time: 1.0004748 seconds
[2019-02-01T13:01:49.123+0000][1][safepoint    ] Total time for which application threads were stopped: 0.0000607 seconds, Stopping threads took: 0.0000131 seconds
[2019-02-01T13:01:50.124+0000][1][safepoint    ] Application time: 1.0003405 seconds
[2019-02-01T13:01:50.124+0000][1][safepoint    ] Total time for which application threads were stopped: 0.0001217 seconds, Stopping threads took: 0.0000222 seconds
[2019-02-01T13:01:51.124+0000][1][safepoint    ] Application time: 1.0001951 seconds
[2019-02-01T13:01:51.124+0000][1][safepoint    ] Total time for which application threads were stopped: 0.0000717 seconds, Stopping threads took: 0.0000145 seconds
[2019-02-01T13:01:52.124+0000][1][safepoint    ] Application time: 1.0001617 seconds
[2019-02-01T13:01:52.125+0000][1][safepoint    ] Total time for which application threads were stopped: 0.0001149 seconds, Stopping threads took: 0.0000223 seconds
[2019-02-01T13:01:53.125+0000][1][safepoint    ] Application time: 1.0004888 seconds
[2019-02-01T13:01:53.125+0000][1][safepoint    ] Total time for which application threads were stopped: 0.0000789 seconds, Stopping threads took: 0.0000143 seconds
[2019-02-01T13:01:54.125+0000][1][safepoint    ] Application time: 1.0002016 seconds
[2019-02-01T13:01:54.171+0000][1][safepoint    ] Total time for which application threads were stopped: 0.0453814 seconds, Stopping threads took: 0.0453173 seconds
[2019-02-01T13:01:55.171+0000][1][safepoint    ] Application time: 1.0004739 seconds
[2019-02-01T13:01:55.171+0000][1][safepoint    ] Total time for which application threads were stopped: 0.0000774 seconds, Stopping threads took: 0.0000135 seconds
[2019-02-01T13:01:55.709+0000][1][safepoint    ] Application time: 0.5371632 seconds
[2019-02-01T13:01:55.709+0000][1][safepoint    ] Total time for which application threads were stopped: 0.0000757 seconds, Stopping threads took: 0.0000094 seconds
[2019-02-01T13:01:56.709+0000][1][safepoint    ] Application time: 1.0001321 seconds
[2019-02-01T13:01:56.709+0000][1][safepoint    ] Total time for which application threads were stopped: 0.0000682 seconds, Stopping threads took: 0.0000137 seconds
[2019-02-01T13:01:57.709+0000][1][safepoint    ] Application time: 1.0001850 seconds
[2019-02-01T13:01:57.709+0000][1][safepoint    ] Total time for which application threads were stopped: 0.0000777 seconds, Stopping threads took: 0.0000147 seconds
[2019-02-01T13:01:58.710+0000][1][safepoint    ] Application time: 1.0001505 seconds
[2019-02-01T13:01:58.710+0000][1][safepoint    ] Total time for which application threads were stopped: 0.0000973 seconds, Stopping threads took: 0.0000203 seconds
[2019-02-01T13:01:59.710+0000][1][safepoint    ] Application time: 1.0006313 seconds
[2019-02-01T13:01:59.710+0000][1][safepoint    ] Total time for which application threads were stopped: 0.0000724 seconds, Stopping threads took: 0.0000145 seconds
[2019-02-01T13:02:00.711+0000][1][safepoint    ] Application time: 1.0001685 seconds
[2019-02-01T13:02:00.711+0000][1][safepoint    ] Total time for which application threads were stopped: 0.0000761 seconds, Stopping threads took: 0.0000160 seconds
[2019-02-01T13:02:01.711+0000][1][safepoint    ] Application time: 1.0001314 seconds
[2019-02-01T13:02:01.711+0000][1][safepoint    ] Total time for which application threads were stopped: 0.0001063 seconds, Stopping threads took: 0.0000180 seconds
[2019-02-01T13:02:02.711+0000][1][safepoint    ] Application time: 1.0002042 seconds
[2019-02-01T13:02:02.711+0000][1][safepoint    ] Total time for which application threads were stopped: 0.0000812 seconds, Stopping threads took: 0.0000141 seconds
[2019-02-01T13:02:03.712+0000][1][safepoint    ] Application time: 1.0001218 seconds
[2019-02-01T13:02:03.712+0000][1][safepoint    ] Total time for which application threads were stopped: 0.0000805 seconds, Stopping threads took: 0.0000194 seconds
[2019-02-01T13:02:04.712+0000][1][safepoint    ] Application time: 1.0004330 seconds
[2019-02-01T13:02:04.712+0000][1][safepoint    ] Total time for which application threads were stopped: 0.0000727 seconds, Stopping threads took: 0.0000129 seconds
[2019-02-01T13:02:05.712+0000][1][safepoint    ] Application time: 1.0000984 seconds
[2019-02-01T13:02:05.712+0000][1][safepoint    ] Total time for which application threads were stopped: 0.0000914 seconds, Stopping threads took: 0.0000186 seconds
[2019-02-01T13:02:06.713+0000][1][safepoint    ] Application time: 1.0001226 seconds
[2019-02-01T13:02:06.713+0000][1][safepoint    ] Total time for which application threads were stopped: 0.0000668 seconds, Stopping threads took: 0.0000142 seconds
[2019-02-01T13:02:07.195+0000][1][safepoint    ] Application time: 0.4825102 seconds
[2019-02-01T13:02:07.195+0000][1][safepoint    ] Total time for which application threads were stopped: 0.0001094 seconds, Stopping threads took: 0.0000309 seconds
[2019-02-01T13:02:07.199+0000][1][safepoint    ] Application time: 0.0039911 seconds
[2019-02-01T13:02:07.200+0000][1][safepoint    ] Total time for which application threads were stopped: 0.0000966 seconds, Stopping threads took: 0.0000111 seconds
[2019-02-01T13:02:08.200+0000][1][safepoint    ] Application time: 1.0001442 seconds
[2019-02-01T13:02:08.200+0000][1][safepoint    ] Total time for which application threads were stopped: 0.0000800 seconds, Stopping threads took: 0.0000132 seconds
[2019-02-01T13:02:09.200+0000][1][safepoint    ] Application time: 1.0001553 seconds
[2019-02-01T13:02:09.200+0000][1][safepoint    ] Total time for which application threads were stopped: 0.0000756 seconds, Stopping threads took: 0.0000166 seconds
[2019-02-01T13:02:09.607+0000][1][safepoint    ] Application time: 0.4070642 seconds
[2019-02-01T13:02:09.607+0000][1][safepoint    ] Total time for which application threads were stopped: 0.0000994 seconds, Stopping threads took: 0.0000128 seconds
[2019-02-01T13:02:09.609+0000][1][safepoint    ] Application time: 0.0013494 seconds
[2019-02-01T13:02:09.609+0000][1][safepoint    ] Total time for which application threads were stopped: 0.0000895 seconds, Stopping threads took: 0.0000110 seconds
[2019-02-01T13:02:10.609+0000][1][safepoint    ] Application time: 1.0002979 seconds
[2019-02-01T13:02:10.609+0000][1][safepoint    ] Total time for which application threads were stopped: 0.0000705 seconds, Stopping threads took: 0.0000148 seconds
[2019-02-01T13:02:11.610+0000][1][safepoint    ] Application time: 1.0003455 seconds
[2019-02-01T13:02:11.610+0000][1][safepoint    ] Total time for which application threads were stopped: 0.0000610 seconds, Stopping threads took: 0.0000126 seconds
[2019-02-01T13:02:12.610+0000][1][safepoint    ] Application time: 1.0001263 seconds
[2019-02-01T13:02:12.610+0000][1][safepoint    ] Total time for which application threads were stopped: 0.0000834 seconds, Stopping threads took: 0.0000175 seconds
[2019-02-01T13:02:13.610+0000][1][safepoint    ] Application time: 1.0001359 seconds
[2019-02-01T13:02:13.611+0000][1][safepoint    ] Total time for which application threads were stopped: 0.0003140 seconds, Stopping threads took: 0.0000329 seconds
[2019-02-01T13:02:14.611+0000][1][safepoint    ] Application time: 1.0001619 seconds
[2019-02-01T13:02:14.611+0000][1][safepoint    ] Total time for which application threads were stopped: 0.0000628 seconds, Stopping threads took: 0.0000157 seconds
[2019-02-01T13:02:15.612+0000][1][safepoint    ] Application time: 1.0004841 seconds
[2019-02-01T13:02:15.612+0000][1][safepoint    ] Total time for which application threads were stopped: 0.0000807 seconds, Stopping threads took: 0.0000134 seconds
[2019-02-01T13:02:16.612+0000][1][safepoint    ] Application time: 1.0001172 seconds
[2019-02-01T13:02:16.612+0000][1][safepoint    ] Total time for which application threads were stopped: 0.0000919 seconds, Stopping threads took: 0.0000261 seconds
[2019-02-01T13:02:17.438+0000][1][safepoint    ] Application time: 0.8258812 seconds
[2019-02-01T13:02:17.438+0000][1][safepoint    ] Total time for which application threads were stopped: 0.0001591 seconds, Stopping threads took: 0.0000117 seconds
[2019-02-01T13:02:17.447+0000][1][safepoint    ] Application time: 0.0093642 seconds
[2019-02-01T13:02:17.448+0000][1][safepoint    ] Total time for which application threads were stopped: 0.0004731 seconds, Stopping threads took: 0.0002787 seconds
[2019-02-01T13:02:17.449+0000][1][safepoint    ] Application time: 0.0012618 seconds
[2019-02-01T13:02:17.450+0000][1][safepoint    ] Total time for which application threads were stopped: 0.0004494 seconds, Stopping threads took: 0.0000138 seconds
[2019-02-01T13:02:18.450+0000][1][safepoint    ] Application time: 1.0001519 seconds
[2019-02-01T13:02:18.450+0000][1][safepoint    ] Total time for which application threads were stopped: 0.0001097 seconds, Stopping threads took: 0.0000163 seconds
[2019-02-01T13:02:19.450+0000][1][safepoint    ] Application time: 1.0001437 seconds
[2019-02-01T13:02:19.451+0000][1][safepoint    ] Total time for which application threads were stopped: 0.0000819 seconds, Stopping threads took: 0.0000167 seconds
[2019-02-01T13:02:20.451+0000][1][safepoint    ] Application time: 1.0004714 seconds
[2019-02-01T13:02:20.451+0000][1][safepoint    ] Total time for which application threads were stopped: 0.0000756 seconds, Stopping threads took: 0.0000132 seconds
[2019-02-01T13:02:21.451+0000][1][safepoint    ] Application time: 1.0001180 seconds
[2019-02-01T13:02:21.451+0000][1][safepoint    ] Total time for which application threads were stopped: 0.0000589 seconds, Stopping threads took: 0.0000123 seconds
[2019-02-01T13:02:22.452+0000][1][safepoint    ] Application time: 1.0001342 seconds
[2019-02-01T13:02:22.452+0000][1][safepoint    ] Total time for which application threads were stopped: 0.0000831 seconds, Stopping threads took: 0.0000163 seconds
[2019-02-01T13:02:23.452+0000][1][safepoint    ] Application time: 1.0003411 seconds
[2019-02-01T13:02:23.452+0000][1][safepoint    ] Total time for which application threads were stopped: 0.0000744 seconds, Stopping threads took: 0.0000158 seconds
[2019-02-01T13:02:24.452+0000][1][safepoint    ] Application time: 1.0001489 seconds
[2019-02-01T13:02:24.453+0000][1][safepoint    ] Total time for which application threads were stopped: 0.0001600 seconds, Stopping threads took: 0.0000450 seconds
[2019-02-01T13:02:25.453+0000][1][safepoint    ] Application time: 1.0000646 seconds
[2019-02-01T13:02:25.453+0000][1][safepoint    ] Total time for which application threads were stopped: 0.0000978 seconds, Stopping threads took: 0.0000151 seconds
[2019-02-01T13:02:26.453+0000][1][safepoint    ] Application time: 1.0001560 seconds
[2019-02-01T13:02:26.453+0000][1][safepoint    ] Total time for which application threads were stopped: 0.0001102 seconds, Stopping threads took: 0.0000164 seconds
[2019-02-01T13:02:27.458+0000][1][safepoint    ] Application time: 1.0054032 seconds
[2019-02-01T13:02:27.461+0000][1][safepoint    ] Total time for which application threads were stopped: 0.0000894 seconds, Stopping threads took: 0.0000187 seconds
[2019-02-01T13:02:28.462+0000][1][safepoint    ] Application time: 1.0001490 seconds
[2019-02-01T13:02:28.465+0000][1][safepoint    ] Total time for which application threads were stopped: 0.0000882 seconds, Stopping threads took: 0.0000181 seconds
[2019-02-01T13:02:29.485+0000][1][safepoint    ] Application time: 1.0005301 seconds
[2019-02-01T13:02:29.486+0000][1][safepoint    ] Total time for which application threads were stopped: 0.0000889 seconds, Stopping threads took: 0.0000180 seconds
[2019-02-01T13:02:30.486+0000][1][safepoint    ] Application time: 1.0001244 seconds
[2019-02-01T13:02:30.487+0000][1][safepoint    ] Total time for which application threads were stopped: 0.0001090 seconds, Stopping threads took: 0.0000190 seconds
[2019-02-01T13:02:31.488+0000][1][safepoint    ] Application time: 1.0001651 seconds
[2019-02-01T13:02:31.488+0000][1][safepoint    ] Total time for which application threads were stopped: 0.0000717 seconds, Stopping threads took: 0.0000212 seconds
[2019-02-01T13:02:32.489+0000][1][safepoint    ] Application time: 1.0001118 seconds
[2019-02-01T13:02:32.489+0000][1][safepoint    ] Total time for which application threads were stopped: 0.0000735 seconds, Stopping threads took: 0.0000136 seconds
[2019-02-01T13:02:33.490+0000][1][safepoint    ] Application time: 1.0001397 seconds
[2019-02-01T13:02:33.491+0000][1][safepoint    ] Total time for which application threads were stopped: 0.0000937 seconds, Stopping threads took: 0.0000188 seconds
[2019-02-01T13:02:34.491+0000][1][safepoint    ] Application time: 1.0001374 seconds
[2019-02-01T13:02:34.492+0000][1][safepoint    ] Total time for which application threads were stopped: 0.0000703 seconds, Stopping threads took: 0.0000152 seconds
[2019-02-01T13:02:35.493+0000][1][safepoint    ] Application time: 1.0001343 seconds
[2019-02-01T13:02:35.493+0000][1][safepoint    ] Total time for which application threads were stopped: 0.0000621 seconds, Stopping threads took: 0.0000142 seconds
[2019-02-01T13:02:36.494+0000][1][safepoint    ] Application time: 1.0005552 seconds
[2019-02-01T13:02:36.497+0000][1][safepoint    ] Total time for which application threads were stopped: 0.0004943 seconds, Stopping threads took: 0.0003679 seconds
[2019-02-01T13:02:37.499+0000][1][safepoint    ] Application time: 1.0001468 seconds
[2019-02-01T13:02:37.500+0000][1][safepoint    ] Total time for which application threads were stopped: 0.0007518 seconds, Stopping threads took: 0.0000482 seconds
[2019-02-01T13:02:38.502+0000][1][safepoint    ] Application time: 1.0004122 seconds
[2019-02-01T13:02:38.503+0000][1][safepoint    ] Total time for which application threads were stopped: 0.0001343 seconds, Stopping threads took: 0.0000164 seconds
[2019-02-01T13:02:39.503+0000][1][safepoint    ] Application time: 1.0001842 seconds
[2019-02-01T13:02:39.504+0000][1][safepoint    ] Total time for which application threads were stopped: 0.0000660 seconds, Stopping threads took: 0.0000171 seconds
[2019-02-01T13:02:40.504+0000][1][safepoint    ] Application time: 1.0001368 seconds
[2019-02-01T13:02:40.505+0000][1][safepoint    ] Total time for which application threads were stopped: 0.0001041 seconds, Stopping threads took: 0.0000183 seconds
[2019-02-01T13:02:41.505+0000][1][safepoint    ] Application time: 1.0002051 seconds
[2019-02-01T13:02:41.506+0000][1][safepoint    ] Total time for which application threads were stopped: 0.0000754 seconds, Stopping threads took: 0.0000160 seconds
[2019-02-01T13:02:42.507+0000][1][safepoint    ] Application time: 1.0001219 seconds
[2019-02-01T13:02:42.507+0000][1][safepoint    ] Total time for which application threads were stopped: 0.0000817 seconds, Stopping threads took: 0.0000268 seconds
[2019-02-01T13:02:43.508+0000][1][safepoint    ] Application time: 1.0001163 seconds
[2019-02-01T13:02:43.508+0000][1][safepoint    ] Total time for which application threads were stopped: 0.0000764 seconds, Stopping threads took: 0.0000134 seconds
[2019-02-01T13:02:44.509+0000][1][safepoint    ] Application time: 1.0001499 seconds
[2019-02-01T13:02:44.509+0000][1][safepoint    ] Total time for which application threads were stopped: 0.0000706 seconds, Stopping threads took: 0.0000168 seconds
[2019-02-01T13:02:45.510+0000][1][safepoint    ] Application time: 1.0001239 seconds
[2019-02-01T13:02:45.511+0000][1][safepoint    ] Total time for which application threads were stopped: 0.0001081 seconds, Stopping threads took: 0.0000191 seconds
[2019-02-01T13:02:46.512+0000][1][safepoint    ] Application time: 1.0002480 seconds
[2019-02-01T13:02:46.512+0000][1][safepoint    ] Total time for which application threads were stopped: 0.0000597 seconds, Stopping threads took: 0.0000136 seconds
[2019-02-01T13:02:47.513+0000][1][safepoint    ] Application time: 1.0004606 seconds
[2019-02-01T13:02:47.514+0000][1][safepoint    ] Total time for which application threads were stopped: 0.0000808 seconds, Stopping threads took: 0.0000178 seconds
[2019-02-01T13:02:48.514+0000][1][safepoint    ] Application time: 1.0001335 seconds
[2019-02-01T13:02:48.515+0000][1][safepoint    ] Total time for which application threads were stopped: 0.0000590 seconds, Stopping threads took: 0.0000126 seconds
[2019-02-01T13:02:49.516+0000][1][safepoint    ] Application time: 1.0005918 seconds
[2019-02-01T13:02:49.518+0000][1][safepoint    ] Total time for which application threads were stopped: 0.0001104 seconds, Stopping threads took: 0.0000214 seconds
[2019-02-01T13:02:50.520+0000][1][safepoint    ] Application time: 1.0001642 seconds
[2019-02-01T13:02:50.521+0000][1][safepoint    ] Total time for which application threads were stopped: 0.0000682 seconds, Stopping threads took: 0.0000155 seconds
[2019-02-01T13:02:51.521+0000][1][safepoint    ] Application time: 1.0001185 seconds
[2019-02-01T13:02:51.522+0000][1][safepoint    ] Total time for which application threads were stopped: 0.0000613 seconds, Stopping threads took: 0.0000148 seconds
[2019-02-01T13:02:52.522+0000][1][safepoint    ] Application time: 1.0001024 seconds
[2019-02-01T13:02:52.523+0000][1][safepoint    ] Total time for which application threads were stopped: 0.0001006 seconds, Stopping threads took: 0.0000275 seconds
[2019-02-01T13:02:53.523+0000][1][safepoint    ] Application time: 1.0001485 seconds
[2019-02-01T13:02:53.526+0000][1][safepoint    ] Total time for which application threads were stopped: 0.0014586 seconds, Stopping threads took: 0.0003269 seconds
[2019-02-01T13:02:54.532+0000][1][safepoint    ] Application time: 1.0001387 seconds
[2019-02-01T13:02:54.543+0000][1][safepoint    ] Total time for which application threads were stopped: 0.0000998 seconds, Stopping threads took: 0.0000173 seconds
[2019-02-01T13:02:55.549+0000][1][safepoint    ] Application time: 1.0051117 seconds
[2019-02-01T13:02:55.551+0000][1][safepoint    ] Total time for which application threads were stopped: 0.0001286 seconds, Stopping threads took: 0.0000598 seconds
[2019-02-01T13:02:56.557+0000][1][safepoint    ] Application time: 1.0001370 seconds
[2019-02-01T13:02:56.563+0000][1][safepoint    ] Total time for which application threads were stopped: 0.0000975 seconds, Stopping threads took: 0.0000213 seconds
[2019-02-01T13:02:57.564+0000][1][safepoint    ] Application time: 1.0001249 seconds
[2019-02-01T13:02:57.564+0000][1][safepoint    ] Total time for which application threads were stopped: 0.0000623 seconds, Stopping threads took: 0.0000142 seconds
[2019-02-01T13:02:58.565+0000][1][safepoint    ] Application time: 1.0001691 seconds
[2019-02-01T13:02:58.565+0000][1][safepoint    ] Total time for which application threads were stopped: 0.0000625 seconds, Stopping threads took: 0.0000148 seconds
[2019-02-01T13:02:59.566+0000][1][safepoint    ] Application time: 1.0001498 seconds
[2019-02-01T13:02:59.567+0000][1][safepoint    ] Total time for which application threads were stopped: 0.0000911 seconds, Stopping threads took: 0.0000200 seconds
[2019-02-01T13:03:00.567+0000][1][safepoint    ] Application time: 1.0003061 seconds
[2019-02-01T13:03:00.572+0000][1][safepoint    ] Total time for which application threads were stopped: 0.0037492 seconds, Stopping threads took: 0.0036680 seconds
[2019-02-01T13:03:01.573+0000][1][safepoint    ] Application time: 1.0001520 seconds
[2019-02-01T13:03:01.574+0000][1][safepoint    ] Total time for which application threads were stopped: 0.0000664 seconds, Stopping threads took: 0.0000145 seconds
[2019-02-01T13:03:02.574+0000][1][safepoint    ] Application time: 1.0001354 seconds
[2019-02-01T13:03:02.575+0000][1][safepoint    ] Total time for which application threads were stopped: 0.0000930 seconds, Stopping threads took: 0.0000187 seconds
[2019-02-01T13:03:03.575+0000][1][safepoint    ] Application time: 1.0001342 seconds
[2019-02-01T13:03:03.576+0000][1][safepoint    ] Total time for which application threads were stopped: 0.0001068 seconds, Stopping threads took: 0.0000168 seconds
[2019-02-01T13:03:04.576+0000][1][safepoint    ] Application time: 1.0001275 seconds
[2019-02-01T13:03:04.578+0000][1][safepoint    ] Total time for which application threads were stopped: 0.0000869 seconds, Stopping threads took: 0.0000178 seconds
[2019-02-01T13:03:05.579+0000][1][safepoint    ] Application time: 1.0001398 seconds
[2019-02-01T13:03:05.580+0000][1][safepoint    ] Total time for which application threads were stopped: 0.0000899 seconds, Stopping threads took: 0.0000189 seconds
[2019-02-01T13:03:06.580+0000][1][safepoint    ] Application time: 1.0001364 seconds
[2019-02-01T13:03:06.582+0000][1][safepoint    ] Total time for which application threads were stopped: 0.0000824 seconds, Stopping threads took: 0.0000174 seconds
[2019-02-01T13:03:07.586+0000][1][safepoint    ] Application time: 1.0001387 seconds
[2019-02-01T13:03:07.587+0000][1][safepoint    ] Total time for which application threads were stopped: 0.0001022 seconds, Stopping threads took: 0.0000201 seconds
[2019-02-01T13:03:08.591+0000][1][safepoint    ] Application time: 1.0001560 seconds
[2019-02-01T13:03:08.593+0000][1][safepoint    ] Total time for which application threads were stopped: 0.0004991 seconds, Stopping threads took: 0.0001522 seconds
[2019-02-01T13:03:09.596+0000][1][safepoint    ] Application time: 1.0001321 seconds
[2019-02-01T13:03:09.596+0000][1][safepoint    ] Total time for which application threads were stopped: 0.0000870 seconds, Stopping threads took: 0.0000186 seconds
[2019-02-01T13:03:10.597+0000][1][safepoint    ] Application time: 1.0001519 seconds
[2019-02-01T13:03:10.598+0000][1][safepoint    ] Total time for which application threads were stopped: 0.0000683 seconds, Stopping threads took: 0.0000166 seconds
[2019-02-01T13:03:11.598+0000][1][safepoint    ] Application time: 1.0001321 seconds
[2019-02-01T13:03:11.599+0000][1][safepoint    ] Total time for which application threads were stopped: 0.0000874 seconds, Stopping threads took: 0.0000137 seconds
[2019-02-01T13:03:12.599+0000][1][safepoint    ] Application time: 1.0001365 seconds
[2019-02-01T13:03:12.600+0000][1][safepoint    ] Total time for which application threads were stopped: 0.0000609 seconds, Stopping threads took: 0.0000133 seconds
[2019-02-01T13:03:13.600+0000][1][safepoint    ] Application time: 1.0001266 seconds
[2019-02-01T13:03:13.602+0000][1][safepoint    ] Total time for which application threads were stopped: 0.0001268 seconds, Stopping threads took: 0.0000248 seconds
[2019-02-01T13:03:14.603+0000][1][safepoint    ] Application time: 1.0001674 seconds
[2019-02-01T13:03:14.603+0000][1][safepoint    ] Total time for which application threads were stopped: 0.0000864 seconds, Stopping threads took: 0.0000186 seconds
[2019-02-01T13:03:15.604+0000][1][safepoint    ] Application time: 1.0002926 seconds
[2019-02-01T13:03:15.606+0000][1][safepoint    ] Total time for which application threads were stopped: 0.0001693 seconds, Stopping threads took: 0.0000303 seconds
[2019-02-01T13:03:16.606+0000][1][safepoint    ] Application time: 1.0001998 seconds
[2019-02-01T13:03:16.607+0000][1][safepoint    ] Total time for which application threads were stopped: 0.0000957 seconds, Stopping threads took: 0.0000140 seconds
[2019-02-01T13:03:17.468+0000][1][safepoint    ] Application time: 0.8607326 seconds
[2019-02-01T13:03:17.470+0000][1][safepoint    ] Total time for which application threads were stopped: 0.0011327 seconds, Stopping threads took: 0.0000171 seconds
[2019-02-01T13:03:17.472+0000][1][safepoint    ] Application time: 0.0011367 seconds
[2019-02-01T13:03:17.473+0000][1][safepoint    ] Total time for which application threads were stopped: 0.0001671 seconds, Stopping threads took: 0.0000756 seconds
[2019-02-01T13:03:18.479+0000][1][safepoint    ] Application time: 1.0059077 seconds
[2019-02-01T13:03:18.480+0000][1][safepoint    ] Total time for which application threads were stopped: 0.0000736 seconds, Stopping threads took: 0.0000157 seconds
[2019-02-01T13:03:19.481+0000][1][safepoint    ] Application time: 1.0001254 seconds
[2019-02-01T13:03:19.481+0000][1][safepoint    ] Total time for which application threads were stopped: 0.0000984 seconds, Stopping threads took: 0.0000319 seconds
[2019-02-01T13:03:20.482+0000][1][safepoint    ] Application time: 1.0001104 seconds
[2019-02-01T13:03:20.482+0000][1][safepoint    ] Total time for which application threads were stopped: 0.0000999 seconds, Stopping threads took: 0.0000181 seconds
[2019-02-01T13:03:21.483+0000][1][safepoint    ] Application time: 1.0001619 seconds
[2019-02-01T13:03:21.484+0000][1][safepoint    ] Total time for which application threads were stopped: 0.0001248 seconds, Stopping threads took: 0.0000179 seconds
[2019-02-01T13:03:22.484+0000][1][safepoint    ] Application time: 1.0001716 seconds
[2019-02-01T13:03:22.485+0000][1][safepoint    ] Total time for which application threads were stopped: 0.0000969 seconds, Stopping threads took: 0.0000207 seconds
[2019-02-01T13:03:23.486+0000][1][safepoint    ] Application time: 1.0004266 seconds
[2019-02-01T13:03:23.487+0000][1][safepoint    ] Total time for which application threads were stopped: 0.0000747 seconds, Stopping threads took: 0.0000164 seconds
[2019-02-01T13:03:24.487+0000][1][safepoint    ] Application time: 1.0001252 seconds
[2019-02-01T13:03:24.488+0000][1][safepoint    ] Total time for which application threads were stopped: 0.0000619 seconds, Stopping threads took: 0.0000136 seconds
[2019-02-01T13:03:25.489+0000][1][safepoint    ] Application time: 1.0004171 seconds
[2019-02-01T13:03:25.490+0000][1][safepoint    ] Total time for which application threads were stopped: 0.0001308 seconds, Stopping threads took: 0.0000442 seconds
[2019-02-01T13:03:26.491+0000][1][safepoint    ] Application time: 1.0004524 seconds
[2019-02-01T13:03:26.492+0000][1][safepoint    ] Total time for which application threads were stopped: 0.0000691 seconds, Stopping threads took: 0.0000160 seconds
[2019-02-01T13:03:27.493+0000][1][safepoint    ] Application time: 1.0001260 seconds
[2019-02-01T13:03:27.493+0000][1][safepoint    ] Total time for which application threads were stopped: 0.0000852 seconds, Stopping threads took: 0.0000133 seconds
[2019-02-01T13:03:28.494+0000][1][safepoint    ] Application time: 1.0001548 seconds
[2019-02-01T13:03:28.494+0000][1][safepoint    ] Total time for which application threads were stopped: 0.0001216 seconds, Stopping threads took: 0.0000191 seconds
[2019-02-01T13:03:29.495+0000][1][safepoint    ] Application time: 1.0001764 seconds
[2019-02-01T13:03:29.496+0000][1][safepoint    ] Total time for which application threads were stopped: 0.0000642 seconds, Stopping threads took: 0.0000144 seconds
[2019-02-01T13:03:30.496+0000][1][safepoint    ] Application time: 1.0001335 seconds
[2019-02-01T13:03:30.497+0000][1][safepoint    ] Total time for which application threads were stopped: 0.0001058 seconds, Stopping threads took: 0.0000218 seconds
[2019-02-01T13:03:31.498+0000][1][safepoint    ] Application time: 1.0000966 seconds
[2019-02-01T13:03:31.498+0000][1][safepoint    ] Total time for which application threads were stopped: 0.0000679 seconds, Stopping threads took: 0.0000138 seconds
[2019-02-01T13:03:32.499+0000][1][safepoint    ] Application time: 1.0001818 seconds
[2019-02-01T13:03:32.500+0000][1][safepoint    ] Total time for which application threads were stopped: 0.0000813 seconds, Stopping threads took: 0.0000217 seconds
[2019-02-01T13:03:33.500+0000][1][safepoint    ] Application time: 1.0001406 seconds
[2019-02-01T13:03:33.501+0000][1][safepoint    ] Total time for which application threads were stopped: 0.0000789 seconds, Stopping threads took: 0.0000166 seconds
[2019-02-01T13:03:34.501+0000][1][safepoint    ] Application time: 1.0001504 seconds
[2019-02-01T13:03:34.502+0000][1][safepoint    ] Total time for which application threads were stopped: 0.0000879 seconds, Stopping threads took: 0.0000183 seconds
[2019-02-01T13:03:35.503+0000][1][safepoint    ] Application time: 1.0004796 seconds
[2019-02-01T13:03:35.504+0000][1][safepoint    ] Total time for which application threads were stopped: 0.0000691 seconds, Stopping threads took: 0.0000151 seconds
[2019-02-01T13:03:36.504+0000][1][safepoint    ] Application time: 1.0001440 seconds
[2019-02-01T13:03:36.506+0000][1][safepoint    ] Total time for which application threads were stopped: 0.0000743 seconds, Stopping threads took: 0.0000154 seconds
[2019-02-01T13:03:37.506+0000][1][safepoint    ] Application time: 1.0001136 seconds
[2019-02-01T13:03:37.507+0000][1][safepoint    ] Total time for which application threads were stopped: 0.0000632 seconds, Stopping threads took: 0.0000137 seconds
[2019-02-01T13:03:38.508+0000][1][safepoint    ] Application time: 1.0004911 seconds
[2019-02-01T13:03:38.509+0000][1][safepoint    ] Total time for which application threads were stopped: 0.0001100 seconds, Stopping threads took: 0.0000172 seconds
[2019-02-01T13:03:39.510+0000][1][safepoint    ] Application time: 1.0001219 seconds
[2019-02-01T13:03:39.510+0000][1][safepoint    ] Total time for which application threads were stopped: 0.0000974 seconds, Stopping threads took: 0.0000191 seconds
[2019-02-01T13:03:40.511+0000][1][safepoint    ] Application time: 1.0001443 seconds
[2019-02-01T13:03:40.512+0000][1][safepoint    ] Total time for which application threads were stopped: 0.0001070 seconds, Stopping threads took: 0.0000231 seconds
[2019-02-01T13:03:41.513+0000][1][safepoint    ] Application time: 1.0003098 seconds
[2019-02-01T13:03:41.514+0000][1][safepoint    ] Total time for which application threads were stopped: 0.0001328 seconds, Stopping threads took: 0.0000186 seconds
[2019-02-01T13:03:42.516+0000][1][safepoint    ] Application time: 1.0001479 seconds
[2019-02-01T13:03:42.517+0000][1][safepoint    ] Total time for which application threads were stopped: 0.0000754 seconds, Stopping threads took: 0.0000149 seconds
[2019-02-01T13:03:43.518+0000][1][safepoint    ] Application time: 1.0001264 seconds
[2019-02-01T13:03:43.518+0000][1][safepoint    ] Total time for which application threads were stopped: 0.0000884 seconds, Stopping threads took: 0.0000199 seconds
[2019-02-01T13:03:44.519+0000][1][safepoint    ] Application time: 1.0001369 seconds
[2019-02-01T13:03:44.520+0000][1][safepoint    ] Total time for which application threads were stopped: 0.0000638 seconds, Stopping threads took: 0.0000150 seconds
[2019-02-01T13:03:45.520+0000][1][safepoint    ] Application time: 1.0001446 seconds
[2019-02-01T13:03:45.521+0000][1][safepoint    ] Total time for which application threads were stopped: 0.0000736 seconds, Stopping threads took: 0.0000159 seconds
[2019-02-01T13:03:46.527+0000][1][safepoint    ] Application time: 1.0046510 seconds
[2019-02-01T13:03:46.529+0000][1][safepoint    ] Total time for which application threads were stopped: 0.0000877 seconds, Stopping threads took: 0.0000189 seconds
[2019-02-01T13:03:47.536+0000][1][safepoint    ] Application time: 1.0050039 seconds
[2019-02-01T13:03:47.540+0000][1][safepoint    ] Total time for which application threads were stopped: 0.0000952 seconds, Stopping threads took: 0.0000210 seconds
[2019-02-01T13:03:48.543+0000][1][safepoint    ] Application time: 1.0020550 seconds
[2019-02-01T13:03:48.546+0000][1][safepoint    ] Total time for which application threads were stopped: 0.0000999 seconds, Stopping threads took: 0.0000199 seconds
[2019-02-01T13:03:49.557+0000][1][safepoint    ] Application time: 1.0001519 seconds
[2019-02-01T13:03:49.558+0000][1][safepoint    ] Total time for which application threads were stopped: 0.0000887 seconds, Stopping threads took: 0.0000192 seconds
[2019-02-01T13:03:50.559+0000][1][safepoint    ] Application time: 1.0001394 seconds
[2019-02-01T13:03:50.559+0000][1][safepoint    ] Total time for which application threads were stopped: 0.0000636 seconds, Stopping threads took: 0.0000142 seconds
[2019-02-01T13:03:51.560+0000][1][safepoint    ] Application time: 1.0001249 seconds
[2019-02-01T13:03:51.560+0000][1][safepoint    ] Total time for which application threads were stopped: 0.0000970 seconds, Stopping threads took: 0.0000219 seconds
[2019-02-01T13:03:52.565+0000][1][safepoint    ] Application time: 1.0039431 seconds
[2019-02-01T13:03:52.566+0000][1][safepoint    ] Total time for which application threads were stopped: 0.0000865 seconds, Stopping threads took: 0.0000191 seconds
[2019-02-01T13:03:53.569+0000][1][safepoint    ] Application time: 1.0002350 seconds
[2019-02-01T13:03:53.569+0000][1][safepoint    ] Total time for which application threads were stopped: 0.0000715 seconds, Stopping threads took: 0.0000147 seconds
[2019-02-01T13:03:54.570+0000][1][safepoint    ] Application time: 1.0001376 seconds
[2019-02-01T13:03:54.571+0000][1][safepoint    ] Total time for which application threads were stopped: 0.0000774 seconds, Stopping threads took: 0.0000167 seconds
[2019-02-01T13:03:55.576+0000][1][safepoint    ] Application time: 1.0001965 seconds
[2019-02-01T13:03:55.581+0000][1][safepoint    ] Total time for which application threads were stopped: 0.0001302 seconds, Stopping threads took: 0.0000435 seconds
[2019-02-01T13:03:56.583+0000][1][safepoint    ] Application time: 1.0020467 seconds
[2019-02-01T13:03:56.584+0000][1][safepoint    ] Total time for which application threads were stopped: 0.0000992 seconds, Stopping threads took: 0.0000184 seconds
[2019-02-01T13:03:57.585+0000][1][safepoint    ] Application time: 1.0001313 seconds
[2019-02-01T13:03:57.586+0000][1][safepoint    ] Total time for which application threads were stopped: 0.0000873 seconds, Stopping threads took: 0.0000183 seconds
[2019-02-01T13:03:58.586+0000][1][safepoint    ] Application time: 1.0001157 seconds
[2019-02-01T13:03:58.587+0000][1][safepoint    ] Total time for which application threads were stopped: 0.0000635 seconds, Stopping threads took: 0.0000136 seconds
[2019-02-01T13:03:59.588+0000][1][safepoint    ] Application time: 1.0002128 seconds
[2019-02-01T13:03:59.588+0000][1][safepoint    ] Total time for which application threads were stopped: 0.0001123 seconds, Stopping threads took: 0.0000258 seconds
[2019-02-01T13:04:00.589+0000][1][safepoint    ] Application time: 1.0001437 seconds
[2019-02-01T13:04:00.590+0000][1][safepoint    ] Total time for which application threads were stopped: 0.0000828 seconds, Stopping threads took: 0.0000183 seconds
[2019-02-01T13:04:01.590+0000][1][safepoint    ] Application time: 1.0001381 seconds
[2019-02-01T13:04:01.591+0000][1][safepoint    ] Total time for which application threads were stopped: 0.0000927 seconds, Stopping threads took: 0.0000170 seconds
[2019-02-01T13:04:02.591+0000][1][safepoint    ] Application time: 1.0001322 seconds
[2019-02-01T13:04:02.592+0000][1][safepoint    ] Total time for which application threads were stopped: 0.0000900 seconds, Stopping threads took: 0.0000195 seconds
[2019-02-01T13:04:03.593+0000][1][safepoint    ] Application time: 1.0001753 seconds
[2019-02-01T13:04:03.594+0000][1][safepoint    ] Total time for which application threads were stopped: 0.0000686 seconds, Stopping threads took: 0.0000152 seconds
[2019-02-01T13:04:04.594+0000][1][safepoint    ] Application time: 1.0001338 seconds
[2019-02-01T13:04:04.595+0000][1][safepoint    ] Total time for which application threads were stopped: 0.0001096 seconds, Stopping threads took: 0.0000207 seconds
[2019-02-01T13:04:05.601+0000][1][safepoint    ] Application time: 1.0025374 seconds
[2019-02-01T13:04:05.602+0000][1][safepoint    ] Total time for which application threads were stopped: 0.0000628 seconds, Stopping threads took: 0.0000138 seconds
[2019-02-01T13:04:06.605+0000][1][safepoint    ] Application time: 1.0026402 seconds
[2019-02-01T13:04:06.617+0000][1][safepoint    ] Total time for which application threads were stopped: 0.0003066 seconds, Stopping threads took: 0.0000224 seconds
[2019-02-01T13:04:07.619+0000][1][safepoint    ] Application time: 1.0001361 seconds
[2019-02-01T13:04:07.620+0000][1][safepoint    ] Total time for which application threads were stopped: 0.0001126 seconds, Stopping threads took: 0.0000184 seconds
[2019-02-01T13:04:08.620+0000][1][safepoint    ] Application time: 1.0001343 seconds
[2019-02-01T13:04:08.637+0000][1][safepoint    ] Total time for which application threads were stopped: 0.0001477 seconds, Stopping threads took: 0.0000358 seconds
[2019-02-01T13:04:09.644+0000][1][safepoint    ] Application time: 1.0001416 seconds
[2019-02-01T13:04:09.646+0000][1][safepoint    ] Total time for which application threads were stopped: 0.0000992 seconds, Stopping threads took: 0.0000207 seconds
[2019-02-01T13:04:10.650+0000][1][safepoint    ] Application time: 1.0033671 seconds
[2019-02-01T13:04:10.668+0000][1][safepoint    ] Total time for which application threads were stopped: 0.0000822 seconds, Stopping threads took: 0.0000174 seconds
[2019-02-01T13:04:11.669+0000][1][safepoint    ] Application time: 1.0001385 seconds
[2019-02-01T13:04:11.670+0000][1][safepoint    ] Total time for which application threads were stopped: 0.0000997 seconds, Stopping threads took: 0.0000222 seconds
[2019-02-01T13:04:12.675+0000][1][safepoint    ] Application time: 1.0001348 seconds
